2020-02-05 23:29:49 [scrapy.utils.log] INFO: Scrapy 1.7.3 started (bot: trans)
2020-02-05 23:29:49 [scrapy.utils.log] INFO: Versions: lxml 4.4.1.0, libxml2 2.9.5, cssselect 1.1.0, parsel 1.5.2, w3lib 1.21.0, Twisted 19.7.0, Python 3.7.3 (default, Apr 24 2019, 15:29:51) [MSC v.1915 64 bit (AMD64)], pyOpenSSL 19.0.0 (OpenSSL 1.1.1  11 Sep 2018), cryptography 2.7, Platform Windows-10-10.0.18362-SP0
2020-02-05 23:29:49 [scrapy.crawler] INFO: Overridden settings: {'AUTOTHROTTLE_DEBUG': 'True', 'AUTOTHROTTLE_ENABLED': 'True', 'AUTOTHROTTLE_MAX_DELAY': '360.0', 'AUTOTHROTTLE_START_DELAY': '20.0', 'AUTOTHROTTLE_TARGET_CONCURRENCY': '0.25', 'BOT_NAME': 'trans', 'CONCURRENT_REQUESTS_PER_IP': 1, 'COOKIES_ENABLED': False, 'DOWNLOAD_DELAY': '85', 'HTTPCACHE_ENABLED': 'True', 'LOG_FILE': 'C:\\Users\\Admin\\Documents\\projects\\crawler\\Devt\\trans\\test.log', 'NEWSPIDER_MODULE': 'trans.spiders', 'SPIDER_MODULES': ['trans.spiders'], 'USER_AGENT': 'Mozilla/5.0 (Macintosh; Intel Mac OS X 10_11_6) AppleWebKit/601.7.7 (KHTML, like Gecko) Version/9.1.2 Safari/601.7.7'}
2020-02-05 23:29:49 [scrapy.extensions.telnet] INFO: Telnet Password: 8b5b8350203950cc
2020-02-05 23:29:49 [scrapy.middleware] INFO: Enabled extensions:
['scrapy.extensions.corestats.CoreStats',
 'scrapy.extensions.telnet.TelnetConsole',
 'scrapy.extensions.logstats.LogStats',
 'scrapy.extensions.throttle.AutoThrottle']
2020-02-05 23:29:50 [scrapy.middleware] INFO: Enabled downloader middlewares:
['scrapy.downloadermiddlewares.httpauth.HttpAuthMiddleware',
 'scrapy.downloadermiddlewares.downloadtimeout.DownloadTimeoutMiddleware',
 'scrapy.downloadermiddlewares.defaultheaders.DefaultHeadersMiddleware',
 'scrapy.downloadermiddlewares.useragent.UserAgentMiddleware',
 'scrapy.downloadermiddlewares.retry.RetryMiddleware',
 'scrapy.downloadermiddlewares.redirect.MetaRefreshMiddleware',
 'scrapy.downloadermiddlewares.httpcompression.HttpCompressionMiddleware',
 'scrapy.downloadermiddlewares.redirect.RedirectMiddleware',
 'scrapy.downloadermiddlewares.httpproxy.HttpProxyMiddleware',
 'scrapy.downloadermiddlewares.stats.DownloaderStats',
 'scrapy.downloadermiddlewares.httpcache.HttpCacheMiddleware']
2020-02-05 23:29:50 [scrapy.middleware] INFO: Enabled spider middlewares:
['scrapy.spidermiddlewares.httperror.HttpErrorMiddleware',
 'scrapy.spidermiddlewares.offsite.OffsiteMiddleware',
 'scrapy.spidermiddlewares.referer.RefererMiddleware',
 'scrapy.spidermiddlewares.urllength.UrlLengthMiddleware',
 'scrapy.spidermiddlewares.depth.DepthMiddleware']
2020-02-05 23:29:50 [scrapy.middleware] INFO: Enabled item pipelines:
['trans.pipelines.link_db.LinkSaver']
2020-02-05 23:29:50 [scrapy.core.engine] INFO: Spider opened
2020-02-05 23:29:50 [scrapy.extensions.logstats] INFO: Crawled 0 pages (at 0 pages/min), scraped 0 items (at 0 items/min)
2020-02-05 23:29:50 [scrapy.extensions.httpcache] DEBUG: Using filesystem cache storage in C:\Users\Admin\Documents\projects\crawler\Devt\trans\trans_project\.scrapy\httpcache
2020-02-05 23:29:50 [scrapy.extensions.telnet] INFO: Telnet console listening on 127.0.0.1:6024
2020-02-05 23:29:50 [scrapy.core.engine] DEBUG: Crawled (200) <GET https://www.transtutors.com/questions/economics/> (referer: None) ['cached']
2020-02-05 23:29:50 [scrapy.core.engine] DEBUG: Crawled (200) <GET https://www.transtutors.com/questions/economics/1/> (referer: https://www.google.com/) ['cached']
2020-02-05 23:29:50 [scrapy.core.scraper] DEBUG: Scraped from <200 https://www.transtutors.com/questions/economics/>
{'category': ['economy'],
 'date': [datetime.datetime(2020, 2, 5, 23, 29, 50, 537508)],
 'link': ['https://www.transtutors.com/questions/5-22-determine-the-down-payment-that-must-be-made-on-an-automobile-that-cost-20-000--5325733.htm',
          'https://www.transtutors.com/questions/choose-a-company-that-is-affected-by-the-new-u-s-trade-policy-company-history-is-not-5308839.htm',
          'https://www.transtutors.com/questions/government-farm-programs-are-very-controversial-since-they-are-designed-to-assist-on-5308837.htm',
          'https://www.transtutors.com/questions/demand-for-good-x-qd-75-3p-supply-of-good-x-qs-20-6-5p-a-calculate-equilibrium-marke-5289517.htm',
          'https://www.transtutors.com/questions/if-a-fall-in-price-from-30-to-24-results-in-an-increase-in-demand-from-800-to-1000-u-5289487.htm',
          'https://www.transtutors.com/questions/you-want-to-investigate-possible-influences-on-monthly-earnings-in-the-usa--5289367.htm',
          'https://www.transtutors.com/questions/2-why-is-the-quantity-of-education-demanded-in-private-universities-much-more-respon-5289337.htm',
          'https://www.transtutors.com/questions/2-why-is-the-quantity-of-education-demanded-in-private-universities-much-more-respon-5289330.htm',
          'https://www.transtutors.com/questions/suppose-that-darnell-an-economist-from-a-research-institute-in-texas-and-eleanor-an--5289316.htm',
          'https://www.transtutors.com/questions/to-get-the-market-demand-curve-for-a-product-why-do-we-add-individual-demand-curves--5289281.htm',
          'https://www.transtutors.com/questions/consider-two-neighboring-island-countries-called-arcadia-and-felicidad-they-each-hav-5267021.htm',
          'https://www.transtutors.com/questions/1-explain-the-origin-of-this-crisis-provide-a-summary-of-this-crisis-consisting-of-t-5266941.htm',
          'https://www.transtutors.com/questions/write-the-demand-curve-equation-of-chicken-where-y-is-the-dependent-variable-b-is-th-5266940.htm',
          'https://www.transtutors.com/questions/designing-a-managerial-incentives-contract-specific-electric-co-asks-you-to-implemen-5259709.htm',
          'https://www.transtutors.com/questions/suppose-that-econistan-produces-two-goods-marshmallows-and-toothpicks-under-conditio-5254267.htm',
          'https://www.transtutors.com/questions/the-market-for-lemon-has-10-potential-consumers-each-having-an-individual-demand-cur-5253005.htm',
          'https://www.transtutors.com/questions/draw-the-demand-curve-using-the-quantity-and-demand-data-of-chicken-provided-in-rows-5252973.htm',
          'https://www.transtutors.com/questions/1-draw-the-demand-curve-using-the-quantity-and-demand-data-of-chicken-provided-in-ro-5252970.htm',
          'https://www.transtutors.com/questions/given-the-information-of-a-certain-good-say-chicken-consisting-of-the-quantity-of-ch-5252963.htm',
          'https://www.transtutors.com/questions/you-are-an-economist-for-the-vanda-laye-corporation-which-produces-and-distributes-o-5252907.htm',
          'https://www.transtutors.com/questions/let-corn-denote-per-capita-consumption-of-corn-in-bushels-at-the-county-level-let-pr-5252906.htm',
          'https://www.transtutors.com/questions/you-will-assume-the-role-of-the-primary-wage-earner-for-a-minimum-wage-family--5252855.htm',
          'https://www.transtutors.com/questions/consider-a-simple-model-to-estimate-the-effect-of-personal-computer-pc-ownership-on--5252802.htm',
          'https://www.transtutors.com/questions/designing-a-managerial-incentives-contract-specific-electric-co-asks-you-to-implemen-5252789.htm',
          'https://www.transtutors.com/questions/what-does-the-quantity-of-education-demended-in-private-universities-much-more-respo-5243587.htm',
          'https://www.transtutors.com/questions/what-is-relation-between-india-and-the-multinational-corporations-name-some-indian-m-5238052.htm',
          'https://www.transtutors.com/questions/the-telecommunications-regulatory-authority-tra-isthe-uae-s-independent-industry-reg-5223753.htm',
          'https://www.transtutors.com/questions/the-demand-for-a-product-is-usually-very-sensitive-to-economic-variables-such-as-the-5223568.htm',
          'https://www.transtutors.com/questions/suppose-that-the-melbourne-s-housing-market-is-perfectly-competitive-i-e-many-real-e-5222070.htm',
          'https://www.transtutors.com/questions/why-is-the-quantity-of-education-demanded-in-private-universities-much-more-responsi-5222049.htm',
          'https://www.transtutors.com/questions/why-does-the-quantity-of-salt-demanded-tend-to-be-unresponsive-to-changes-in-its-pri-5222047.htm',
          'https://www.transtutors.com/questions/1-why-does-the-quantity-of-salt-demanded-tend-to-be-unresponsive-to-changes-in-its-p-5222042.htm',
          'https://www.transtutors.com/questions/adam-smith-remarked-in-the-wealth-of-nations-concerning-the-balancing-of-the-governm-5222033.htm',
          'https://www.transtutors.com/questions/last-year-jarod-left-a-job-that-pays-60-000-to-run-his-own-bike-repair-shop-jarod-s--5222018.htm',
          'https://www.transtutors.com/questions/fiberia-accessories-a-clothing-retailer-is-planning-to-introduce-a-new-line-of-sweat-5202711.htm',
          'https://www.transtutors.com/questions/using-supply-and-demand-diagrams-show-the-effect-of-the-following-events-on-the-mark-5202686.htm',
          'https://www.transtutors.com/questions/how-can-improvements-in-the-role-and-status-of-women-have-an-especially-beneficial-i-5202673.htm',
          'https://www.transtutors.com/questions/eco10001-create-and-present-revision-class-activities-e-g-two-mcqs-and-2-substantive-5202613.htm',
          'https://www.transtutors.com/questions/take-a-fast-moving-consumer-good-like-washing-machine-detergent-analyse-the-factors--5202534.htm',
          'https://www.transtutors.com/questions/bad-enterprises-is-considering-increasing-the-price-of-its-harmonicas-currently-20-b-5202460.htm',
          'https://www.transtutors.com/questions/why-is-the-quantity-of-education-demanded-in-private-universities-much-more-responsi-5202454.htm',
          'https://www.transtutors.com/questions/why-is-the-quantity-of-education-demanded-in-private-universities-much-more-responsi-5202453.htm',
          'https://www.transtutors.com/questions/suppose-the-msc-of-cleaning-puget-sound-is-modeled-as-msc-10-1-4a-where-a-is-the-per-5202409.htm',
          'https://www.transtutors.com/questions/the-market-demand-for-economics-book-is-q-18-000-400p-the-mc-10-and-is-constant-and--5202397.htm',
          'https://www.transtutors.com/questions/the-market-demand-for-economics-book-is-q-18-000-400p-the-mc-10-and-is-constant-and--5202396.htm',
          'https://www.transtutors.com/questions/why-does-the-quantity-of-salt-demanded-tend-to-be-unresponsive-to-changes-in-its-pri-5202354.htm',
          'https://www.transtutors.com/questions/1-a-businessman-gets-150-000-euros-profit-by-investing-500-000-euros-to-the-company--5202300.htm',
          'https://www.transtutors.com/questions/the-stop-decay-company-sells-an-electric-toothbrush-for-25-its-sales-have-averaged-8-5202196.htm',
          'https://www.transtutors.com/questions/the-stop-decay-company-sells-an-electric-toothbrush-for-25-its-sales-have-averaged-8-5202193.htm',
          'https://www.transtutors.com/questions/preparea-report-on-the-current-latest-available-data-state-of-the-australian-economy-5195810.htm'],
 'project': ['trans'],
 'referring_link': ['https://www.transtutors.com/questions/economics/'],
 'spider': ['trans_links']}
2020-02-05 23:29:50 [scrapy.core.engine] DEBUG: Crawled (200) <GET https://www.transtutors.com/questions/economics/2/> (referer: https://www.google.com/) ['cached']
2020-02-05 23:29:50 [scrapy.core.scraper] DEBUG: Scraped from <200 https://www.transtutors.com/questions/economics/1/>
{'category': ['economy'],
 'date': [datetime.datetime(2020, 2, 5, 23, 29, 50, 735528)],
 'link': ['https://www.transtutors.com/questions/why-does-the-quantity-of-salt-demanded-tend-to-be-unresponsive-to-changes-in-its-pri-5195809.htm',
          'https://www.transtutors.com/questions/evaluate-and-prioritise-the-needs-of-a-person-with-complex-support-issues--5192591.htm',
          'https://www.transtutors.com/questions/why-is-the-quantity-of-education-demanded-in-private-universities-much-more-responsi-5192580.htm',
          'https://www.transtutors.com/questions/y-is-a-random-variable-that-is-distributed-n-17-12-25-find-prob-y-5191726.htm',
          'https://www.transtutors.com/questions/y-is-a-random-variable-that-is-distributed-n-10-324-find-prob-y-lt-13-42-or-y-gt-34--5191725.htm',
          'https://www.transtutors.com/questions/y-is-a-random-variable-that-is-distributed-n-0-90-25-find-k-such-that-prob-y-gt-k-0--5191724.htm',
          'https://www.transtutors.com/questions/y-is-a-random-variable-that-is-distributed-n-0-262-44-find-prob-44-712-5191723.htm',
          'https://www.transtutors.com/questions/workbook-progress-saved-5191722.htm',
          'https://www.transtutors.com/questions/western-civilization-one-specific-precondition-for-a-nation-to-have-an-industrial-re-5191721.htm',
          'https://www.transtutors.com/questions/wells-fargo-issued-200million-of-one-year-cds-in-the-u-s-at-a-rate-of-4-25-it-invest-5191720.htm',
          'https://www.transtutors.com/questions/when-a-war-breaks-out-in-the-middle-east-the-price-of-gasoline-rises-and-the-price-o-5191719.htm',
          'https://www.transtutors.com/questions/w-c-eluw-to-motivate-other-people-2-if-you-were-a-manager-what-clues-would-help-yo-a-5191718.htm',
          'https://www.transtutors.com/questions/victor-enjoys-consuming-both-tacos-and-calzones-each-taco-costs-2-while-each-calzone-5191717.htm',
          'https://www.transtutors.com/questions/the-value-of-a-country-39-s-gdp-exceeds-that-of-the-country-39-s-gnp-if-the-value-of-5191716.htm',
          'https://www.transtutors.com/questions/1-use-the-following-three-graphs-to-answer-the-questions-that-follow-note-you-will-n-5191715.htm',
          'https://www.transtutors.com/questions/use-the-following-supply-and-demand-schedules-for-coats-to-answer-the-questions-belo-5191714.htm',
          'https://www.transtutors.com/questions/the-u-s-stock-market-has-returned-an-average-of-about-11-per-year-since-1900-this-re-5191713.htm',
          'https://www.transtutors.com/questions/the-us-office-of-the-trade-representative-which-is-the-arm-of-the-government-that-he-5191712.htm',
          'https://www.transtutors.com/questions/upie-iuills-muy-appeal-to-dc-coitcll-1-which-of-the-following-best-defines-time-inco-5191711.htm',
          'https://www.transtutors.com/questions/the-united-nations-39-human-development-index-measures-other-forms-of-well-being-suc-5191710.htm',
          'https://www.transtutors.com/questions/u-lil-5-regardless-of-the-statutory-incidence-of-a-commodity-tax-the-economic-incide-5191709.htm',
          'https://www.transtutors.com/questions/we-are-trying-to-maximil-endogenous-and-which-are-exogenous-i-tch-question-6-ide-has-5191708.htm',
          'https://www.transtutors.com/questions/towujuvor-cengage-mindtap-a-sea-homework-ch-09-the-following-graph-shows-the-domesti-5191707.htm',
          'https://www.transtutors.com/questions/are-thete-philosophical-politics-or-economic-issues-associated-with-nudges--5191706.htm',
          'https://www.transtutors.com/questions/text-ftodiemt-2u-iz-que-quantity-of-subscriptions-to-office-productivity-apps-per-qu-5191705.htm',
          'https://www.transtutors.com/questions/text-exercise-6-1-e-question-help-inverse-demand-curve-a-monopoly-produces-a-good-wi-5191704.htm',
          'https://www.transtutors.com/questions/the-table-below-shows-data-for-the-production-of-avocados-for-an-individual-firm-ope-5191703.htm',
          'https://www.transtutors.com/questions/table-b-1-present-value-of-1-p-1-1-i-quot-rate-periods-1-2-3-4-5-6-7-8-9-10-12-15-0-5191702.htm',
          'https://www.transtutors.com/questions/suppose-that-in-the-market-for-widgets-the-supply-curve-is-the-typical-upward-slopin-5191701.htm',
          'https://www.transtutors.com/questions/suppose-you-are-looking-at-the-market-for-radio-advertising-three-variables-are-give-5191700.htm',
          'https://www.transtutors.com/questions/suppose-the-initial-gdp-expenditure-components-are-as-before-c-3-000-1-1-000-g-1-500-5191699.htm',
          'https://www.transtutors.com/questions/suppose-the-following-exchange-rates-and-interest-rates-prevail-between-the-u-s-and--5191698.htm',
          'https://www.transtutors.com/questions/suppose-all-firms-in-a-given-industry-have-the-same-supply-curve-given-by-s-p-p-2-a--5191697.htm',
          'https://www.transtutors.com/questions/suppose-that-costs-fall-so-that-c-q-now-equals-2q-demand-doesn-t-change-a-what-is-th-5191696.htm',
          'https://www.transtutors.com/questions/suppose-that-you-borrow-1000-at-an-interest-rate-of-5-you-expect-the-inflation-rate--5191695.htm',
          'https://www.transtutors.com/questions/summary-infor-mation-below-in-your-own-words-this-large-scale-program-has-successful-5191694.htm',
          'https://www.transtutors.com/questions/the-story-began-in-2009-meredith-boucher-was-a-ten-year-employee-and-assistant-manag-5191693.htm',
          'https://www.transtutors.com/questions/stephen-decides-to-operate-a-painting-business-out-of-his-home-which-of-the-followin-5191692.htm',
          'https://www.transtutors.com/questions/in-the-steady-state-k-t-kt-provide-a-necessary-condition-on-and-for-economic-growth--5191691.htm',
          'https://www.transtutors.com/questions/solve-each-of-the-following-optimization-problems-a-4-pts-a-drug-company-sells-an-ov-5191690.htm',
          'https://www.transtutors.com/questions/select-a-product-you-are-familiar-with-based-on-your-knowledge-of-the-product-life-c-5191689.htm',
          'https://www.transtutors.com/questions/in-this-section-you-are-required-to-discuss-and-evaluate-your-strategic-business-pla-5191688.htm',
          'https://www.transtutors.com/questions/section-name-print-last-name-first-name-market-efficiency-na-use-the-graph-below-to--5191687.htm',
          'https://www.transtutors.com/questions/sam-and-sharon-produce-the-same-homogeneous-product-market-demand-is-p-80-4-qe-qs-wh-5191686.htm',
          'https://www.transtutors.com/questions/the-quot-richest-quot-or-quot-most-developed-quot-countries-today-have-many-times-th-5191685.htm',
          'https://www.transtutors.com/questions/you-are-required-to-select-an-actual-company-in-your-island-or-territory-for-the-sel-5191684.htm',
          'https://www.transtutors.com/questions/a-relatively-steep-demand-curve-indicates-that-a-quantity-demanded-will-adjust-only--5191683.htm',
          'https://www.transtutors.com/questions/refer-to-the-graph-shown-if-this-monopolist-were-allowed-to-choose-the-profit-maximi-5191682.htm',
          'https://www.transtutors.com/questions/real-gdp-per-capita-is-calculated-by-dividing-the-value-of-real-gdp-for-a-country-by-5191681.htm',
          'https://www.transtutors.com/questions/real-gdp-is-a-highly-accurate-measure-of-the-economic-welfare-of-a-nation-a-true-b-f-5191680.htm'],
 'project': ['trans'],
 'referring_link': ['https://www.transtutors.com/questions/economics/1/'],
 'spider': ['trans_links']}
2020-02-05 23:29:50 [scrapy.core.engine] DEBUG: Crawled (200) <GET https://www.transtutors.com/questions/economics/3/> (referer: https://www.google.com/) ['cached']
2020-02-05 23:29:50 [scrapy.core.scraper] DEBUG: Scraped from <200 https://www.transtutors.com/questions/economics/2/>
{'category': ['economy'],
 'date': [datetime.datetime(2020, 2, 5, 23, 29, 50, 878530)],
 'link': ['https://www.transtutors.com/questions/ralph-and-sonia-both-obey-the-two-period-consumption-saving-model-ralph-earns-100-in-5191679.htm',
          'https://www.transtutors.com/questions/please-help-with-this-question-thank-you-r-g-suppose-that-a-and-b-must-split-a-fixed-5191678.htm',
          'https://www.transtutors.com/questions/quulilly-wellianded-is-greater-than-the-percentage-change-in-price-11-what-are-the-d-5191677.htm',
          'https://www.transtutors.com/questions/questions-7-9-are-based-on-the-following-scenario-suppose-an-individual-has-wealth-o-5191676.htm',
          'https://www.transtutors.com/questions/question-84-25-points-arsk-averse-consumer-whose-utility-is-given-by-u-w-and-wealth--5191675.htm',
          'https://www.transtutors.com/questions/question-2-0-1-pts-ray-has-been-offered-a-7-year-work-assignment-in-portugal-hence-h-5191674.htm',
          'https://www.transtutors.com/questions/how-to-slove-this-question-14-0-6-0-6-pts-suppose-that-you-borrow-1-000-at-an-intere-5191673.htm',
          'https://www.transtutors.com/questions/question-1-5-pts-of-the-developing-countries-in-the-post-world-war-ii-era-it-was-com-5191672.htm',
          'https://www.transtutors.com/questions/question-1-3-pts-mill-39-s-textbook-principles-of-political-economy-was-published-in-5191671.htm',
          'https://www.transtutors.com/questions/q3-consider-the-bertrand-duopoly-model-with-differentiated-products-firm-l-39-s-dema-5191670.htm',
          'https://www.transtutors.com/questions/q2-consider-the-following-demand-function-p-5-q-q-92-where-qi-denotes-firm-i-39-s-ou-5191669.htm',
          'https://www.transtutors.com/questions/q1-a-suppose-both-supply-and-demand-in-a-market-are-relatively-inelastic-will-a-tax--5191668.htm',
          'https://www.transtutors.com/questions/pu-tumcwork-1-is-equilibrium-always-at-an-animal-level-of-outputp-explain-your-answe-5191667.htm',
          'https://www.transtutors.com/questions/for-each-production-function-below-determine-if-the-production-function-has-increasi-5191666.htm',
          'https://www.transtutors.com/questions/the-production-function-of-a-country-is-as-follows-y-f-k-a-l-k-quot-1-l-23-when-the--5191665.htm',
          'https://www.transtutors.com/questions/question-4-5-6plz-question-1-2-3-just-for-referencing-the-production-function-of-a-c-5191664.htm',
          'https://www.transtutors.com/questions/please-explain-some-details-thank-you-problen-2-u-a-b-1-26-po-5-po-30-m-100-find-the-5191663.htm',
          'https://www.transtutors.com/questions/problem-3-consider-a-firm-with-a-production-function-q-l-k-vl-2vk-that-faces-an-inve-5191662.htm',
          'https://www.transtutors.com/questions/when-the-price-of-eltric-cars-is-expected-to-rise-in-near-future-the-present-price-o-5191661.htm',
          'https://www.transtutors.com/questions/which-are-your-preffered-multinational-corporations-and-brand-and-why-5191660.htm',
          'https://www.transtutors.com/questions/predict-the-impact-of-high-unemployment-on-the-number-and-nature-of-entrepreneurial--5191659.htm',
          'https://www.transtutors.com/questions/predict-the-impact-of-high-unemployment-on-the-number-and-nature-of-entrepreneurial--5191658.htm',
          'https://www.transtutors.com/questions/please-understand-that-an-incorrect-answer-will-result-in-negative-feedback-a-down-v-5191657.htm',
          'https://www.transtutors.com/questions/please-give-me-some-ideas-about-the-chinese-south-korean-trade-war-the-questions-are-5191656.htm',
          'https://www.transtutors.com/questions/in-periods-of-high-unexpected-inflation-the-nominal-interest-rate-can-be-very-high-w-5191655.htm',
          'https://www.transtutors.com/questions/pat-has-been-working-at-stable-industries-for-25-years-she-makes-50-000-yr-after-tax-5191654.htm',
          'https://www.transtutors.com/questions/part-c-suppose-ralph-assigns-revenues-y-conditional-on-the-state-of-the-economy-a-un-5191653.htm',
          'https://www.transtutors.com/questions/help-part-2-consumer-price-index-1-use-table-to-answer-the-questions-that-follow-the-5191652.htm',
          'https://www.transtutors.com/questions/output-tvc-chf-fixed-cost-chf-total-cost-atc-chf-ski-avc-mc-3o-13o-40-lo-lo-755-27-5-5191651.htm',
          'https://www.transtutors.com/questions/an-outdoor-concert-and-you-know-from-past-experience-that-1-30-points-you-are-organi-5191650.htm',
          'https://www.transtutors.com/questions/options-for-drop-down-1-option-for-drop-down-2-options-for-drop-down-3-suppose-that--5191649.htm',
          'https://www.transtutors.com/questions/ooooo-in-less-developed-countries-where-a-significant-amount-of-food-and-clothing-ou-5191648.htm',
          'https://www.transtutors.com/questions/one-of-statistic-canada-39-s-leading-economic-indicators-is-the-number-of-housing-st-5191647.htm',
          'https://www.transtutors.com/questions/o-in-both-inflation-and-deflation-a-country-39-s-currency-unit-changes-in-purchasing-5191646.htm',
          'https://www.transtutors.com/questions/what-are-the-nudges-what-are-the-examples-of-nudges-in-public-and-private-sector-are-5191645.htm',
          'https://www.transtutors.com/questions/in-new-york-city-it-is-common-to-see-sidewalk-stands-selling-roses-rather-than-sell--5191643.htm',
          'https://www.transtutors.com/questions/i-need-help-with-all-these-and-how-to-be-soled-12-19-20-18-those-and-if-you-can-answ-5191642.htm',
          'https://www.transtutors.com/questions/i-need-the-answers-for-3-questions-below-around-150-200-words-for-all-3-questions-th-5191641.htm',
          'https://www.transtutors.com/questions/multiple-choice-questions-1-which-of-the-following-is-correct-a-the-word-economy-com-5191640.htm',
          'https://www.transtutors.com/questions/mindtocengage-leaming-x-grade-15fa-econoda-x-nb-u-evo-index-htmlisbn-9781337096546bd-5191639.htm',
          'https://www.transtutors.com/questions/why-might-the-labor-supply-curve-be-backward-bending-the-substitution-effect-dominat-5191638.htm',
          'https://www.transtutors.com/questions/malthus-39-s-theory-proved-spectacularly-wrong-mainly-because-he-did-not-envision-a--5191637.htm',
          'https://www.transtutors.com/questions/leon-and-heidi-decided-to-invest-3-250-annually-for-only-the-first-nine-years-of-the-5191636.htm',
          'https://www.transtutors.com/questions/how-are-labor-conditions-and-product-standards-used-as-trade-barriers-union-members--5191635.htm',
          'https://www.transtutors.com/questions/joan-consumes-two-goods-pineapples-and-coconuts-her-utility-for-these-two-goods-is-g-5191634.htm',
          'https://www.transtutors.com/questions/international-borrowing-and-lending-may-be-interpreted-as-one-form-of-20-internation-5191633.htm',
          'https://www.transtutors.com/questions/initially-the-economy-is-in-steady-state-suppose-there-is-a-change-in-tax-policy-suc-5191632.htm',
          'https://www.transtutors.com/questions/why-is-it-important-to-balance-of-payments-to-balance-over-time--5191631.htm',
          'https://www.transtutors.com/questions/imagine-that-thailand-experiences-a-sudden-bout-of-political-turmoil-which-causes-wo-5191630.htm',
          'https://www.transtutors.com/questions/as-illustrated-here-a-binding-price-ceiling-causes-a-short-run-shortage-which-then-w-5191629.htm'],
 'project': ['trans'],
 'referring_link': ['https://www.transtutors.com/questions/economics/2/'],
 'spider': ['trans_links']}
2020-02-05 23:29:51 [scrapy.core.engine] DEBUG: Crawled (200) <GET https://www.transtutors.com/questions/economics/4/> (referer: https://www.google.com/) ['cached']
2020-02-05 23:29:51 [scrapy.core.scraper] DEBUG: Scraped from <200 https://www.transtutors.com/questions/economics/3/>
{'category': ['economy'],
 'date': [datetime.datetime(2020, 2, 5, 23, 29, 51, 46434)],
 'link': ['https://www.transtutors.com/questions/illustrate-the-supply-and-demand-graph-assume-this-graph-is-the-market-for-soda-on-t-5191628.htm',
          'https://www.transtutors.com/questions/illustrate-the-per-unit-cost-graph-graph-is-required-you-must-include-average-total--5191627.htm',
          'https://www.transtutors.com/questions/illustrate-the-concept-of-economic-growth-on-the-ppc-graph-is-required-note-only-1-f-5191626.htm',
          'https://www.transtutors.com/questions/https-www-chegg-com-homework-help-questions-and-answers-person-wealth-pr-sick-cost-s-5191625.htm',
          'https://www.transtutors.com/questions/i-am-hoping-correct-answers-thank-you-q3-the-price-elasticity-of-demand-5191624.htm',
          'https://www.transtutors.com/questions/homework-problems-please-show-work-and-or-explain-how-you-arrived-at-your-answer-mum-5191623.htm',
          'https://www.transtutors.com/questions/homework-5-question-joe-has-utility-function-u-inx-inx-and-budget-constraint-pix-pyy-5191622.htm',
          'https://www.transtutors.com/questions/homegrown-profits-have-enabled-cemex-to-afford-acquisitions-such-as-the-2-8-billion--5191621.htm',
          'https://www.transtutors.com/questions/heheho-bout-how-the-module-gum-the-o-enthede-when-we-hebb-refector-s-of-your-project-5191620.htm',
          'https://www.transtutors.com/questions/what-is-hegemony-and-how-do-theorists-differ-in-their-views-regarding-the-strategies-5191619.htm',
          'https://www.transtutors.com/questions/the-haslett-cookie-co-thcc-has-the-following-transactions-thcc-buys-3-000-ingredient-5191618.htm',
          'https://www.transtutors.com/questions/econ-help-is-graph-is-the-same-with-the-previous-page-39-s-graph-the-previous-page-3-5191617.htm',
          'https://www.transtutors.com/questions/as-more-of-the-good-on-the-x-axis-is-consumed-and-less-of-the-good-on-the-y-axis-is--5191616.htm',
          'https://www.transtutors.com/questions/how-to-set-it-up-in-excel-present-worth-it-is-given-that-the-person-can-avoid-lawsui-5191615.htm',
          'https://www.transtutors.com/questions/given-the-following-demand-and-cost-functions-answer-the-questions-below-150-3--5191614.htm',
          'https://www.transtutors.com/questions/you-are-given-the-following-budget-line-equation-m-10x-20y-if-x-20-and-y-10-i-determ-5191613.htm',
          'https://www.transtutors.com/questions/gestion-10-10-points-i-save-answe-a-company-is-expecting-to-save-14-000-the-first-ye-5191612.htm',
          'https://www.transtutors.com/questions/frint-last-name-first-name-name-inefficiency-and-deadweight-loss-section-use-the-gra-5191611.htm',
          'https://www.transtutors.com/questions/free-trade-policies-tend-to-increase-the-value-of-an-economy-39-s-total-output-a-tru-5191610.htm',
          'https://www.transtutors.com/questions/which-of-the-following-is-true-efficiency-refers-to-the-size-of-the-economic-pie-equ-5191609.htm',
          'https://www.transtutors.com/questions/which-of-the-following-does-not-shift-the-demand-curve-a-population-b-prices-of-comp-5191608.htm',
          'https://www.transtutors.com/questions/the-following-payoff-table-depicts-service-competition-between-two-hospitals-in-a-so-5191607.htm',
          'https://www.transtutors.com/questions/1-the-following-graph-shows-the-market-for-tv-sets-in-venezuela-the-grey-line-illust-5191606.htm',
          'https://www.transtutors.com/questions/for-each-of-the-following-find-mux1-mux2-and-the-marginal-rate-of-substitution-g-xfx-5191605.htm',
          'https://www.transtutors.com/questions/which-of-the-following-will-not-cause-a-shift-in-the-long-term-care-supply-curve-mut-5191604.htm',
          'https://www.transtutors.com/questions/which-of-the-following-will-cause-a-decrease-in-the-equilibrium-price-a-government-t-5191603.htm',
          'https://www.transtutors.com/questions/first-name-last-name-important-show-how-do-you-get-your-answer-s-or-no-credit-will-b-5191602.htm',
          'https://www.transtutors.com/questions/the-figure-below-shows-a-market-in-equilibrium-price-tools-dwl-floor-1-dwl-floor-2-f-5191601.htm',
          'https://www.transtutors.com/questions/there-is-a-fault-in-real-madrid-current-stadium-real-madrid-is-planning-to-replace-t-5191600.htm',
          'https://www.transtutors.com/questions/explain-the-techniques-used-to-analyze-trends-please-answer-in-350-to-400-words-i-am-5191599.htm',
          'https://www.transtutors.com/questions/in-an-expansion-investment-spending-is-rising-but-expenditures-for-expensive-durable-5191598.htm',
          'https://www.transtutors.com/questions/please-help-me-exercises-3-5-ebay-handreds-of-millions-of-people-bid-on-ebay-auction-5191597.htm',
          'https://www.transtutors.com/questions/excel-formulas-must-appear-in-your-solution-file-customers-arrive-at-checkout-count-5191596.htm',
          'https://www.transtutors.com/questions/estion-8-10-points-save-a-a-company-is-expecting-to-save-14-000-the-first-year-the-s-5191595.htm',
          'https://www.transtutors.com/questions/if-the-equation-of-a-market-demand-is-qd-20-8p-and-the-equation-for-market-supply-is-5191594.htm',
          'https://www.transtutors.com/questions/when-an-economic-boom-raises-people-s-imcome-the-price-of-restaurants-rises-5191593.htm',
          'https://www.transtutors.com/questions/e-population-external-economies-immobile-products-must-be-competitive-26-firms-that--5191592.htm',
          'https://www.transtutors.com/questions/e-page-s-247-248-8-1-how-are-profits-and-losses-calculated-jeff-works-at-a-grocery-s-5191591.htm',
          'https://www.transtutors.com/questions/e-government-intervention-and-regulation-23-the-long-run-market-supply-curve-in-the--5191590.htm',
          'https://www.transtutors.com/questions/can-you-please-explain-why-the-total-revenue-increases-thank-you-discussion-question-5191589.htm',
          'https://www.transtutors.com/questions/diana-39-s-utility-function-for-consuming-apples-xa-and-bananas-xb-is-u-xa-xb-xaxb-s-5191588.htm',
          'https://www.transtutors.com/questions/some-developing-countries-have-tried-to-reduce-population-growth-to-achieve-greater--5191587.htm',
          'https://www.transtutors.com/questions/in-most-developed-countries-property-rights-are-effectively-protected-by-the-governm-5191586.htm',
          'https://www.transtutors.com/questions/develop-a-contingency-plan-for-drought-in-the-mid-west-but-not-in-the-south-a-new-co-5191585.htm',
          'https://www.transtutors.com/questions/can-you-detail-explain-how-solve-this-problem-by-the-fisrt-one-i-just-need-know-you--5191584.htm',
          'https://www.transtutors.com/questions/a-describe-what-the-data-in-figure-1-are-saying-1-mark-b-use-the-ae-model-and-an-ae-5191583.htm',
          'https://www.transtutors.com/questions/the-demand-can-be-shifted-left-or-right-the-choices-for-c-are-fallen-and-risen-thank-5191582.htm',
          'https://www.transtutors.com/questions/demand-determinant-and-supply-determinant-engineers-develop-new-automated-machinary--5191581.htm',
          'https://www.transtutors.com/questions/when-there-is-a-coup-in-a-country-rich-in-iron-ore-the-price-of-building-material-ri-5191580.htm',
          'https://www.transtutors.com/questions/any-country-with-a-trade-surplus-necessarily-has-a-healthy-economy-e-g-is-experienci-5191579.htm'],
 'project': ['trans'],
 'referring_link': ['https://www.transtutors.com/questions/economics/3/'],
 'spider': ['trans_links']}
2020-02-05 23:29:51 [scrapy.core.engine] DEBUG: Crawled (200) <GET https://www.transtutors.com/questions/economics/5/> (referer: https://www.google.com/) ['cached']
2020-02-05 23:29:51 [scrapy.core.scraper] DEBUG: Scraped from <200 https://www.transtutors.com/questions/economics/4/>
{'category': ['economy'],
 'date': [datetime.datetime(2020, 2, 5, 23, 29, 51, 243620)],
 'link': ['https://www.transtutors.com/questions/i-correct-ans-hoping-q2-the-price-of-a-package-of-reese-39-s-peanut-butter-cup-5191578.htm',
          'https://www.transtutors.com/questions/we-consider-the-regression-model-y-equals-beta-subscript-0-space-plus-space-beta-sub-5191576.htm',
          'https://www.transtutors.com/questions/consider-the-production-function-1-derive-the-expression-for-the-marginal-product-of-5191575.htm',
          'https://www.transtutors.com/questions/consider-the-product-or-service-your-current-or-most-recent-employer-markets-assumin-5191574.htm',
          'https://www.transtutors.com/questions/consider-a-firm-that-sells-desktops-d-and-laptops-l-the-inverse-demand-functions-it--5191573.htm',
          'https://www.transtutors.com/questions/consider-a-firm-that-has-a-production-function-and-a-cost-function-of-1-derive-the-e-5191572.htm',
          'https://www.transtutors.com/questions/consider-an-economy-that-is-characterized-by-the-solow-model-the-aggregate-productio-5191571.htm',
          'https://www.transtutors.com/questions/which-of-these-are-consequences-of-an-increase-in-long-run-aggregate-supply-correct--5191570.htm',
          'https://www.transtutors.com/questions/a-company-is-expecting-to-save-14-000-the-first-year-the-savings-are-expected-to-inc-5191569.htm',
          'https://www.transtutors.com/questions/a-company-is-expecting-to-save-14-000-the-first-year-the-savings-are-expected-to-inc-5191568.htm',
          'https://www.transtutors.com/questions/a-company-is-expecting-to-save-14-000-the-first-year-the-savings-are-expected-to-inc-5191567.htm',
          'https://www.transtutors.com/questions/a-closed-economy-can-be-described-by-the-long-run-classical-model-y-3k-a-l-1-a-c-185-5191566.htm',
          'https://www.transtutors.com/questions/in-class-we-explored-the-incentives-for-perfectly-competitive-firms-and-monopolists--5191565.htm',
          'https://www.transtutors.com/questions/chrome-take-a-test-shauna-vatovec-d-x-mathxl-com-student-plaver-test-aspx-testid-203-5191564.htm',
          'https://www.transtutors.com/questions/china-is-now-importing-soybeans-from-brazil-instead-of-america-because-of-the-u-s-ch-5191563.htm',
          'https://www.transtutors.com/questions/cengage-mindtap-problems-applications-ch-04-back-to-assignment-average-4-4-problems--5191562.htm',
          'https://www.transtutors.com/questions/pair-of-goods-and-services-film-cengage-mindtap-problems-applications-ch-04-back-to--5191561.htm',
          'https://www.transtutors.com/questions/cengage-mindtap-homework-ch-08-consider-the-market-for-mountain-bikes-the-following-5191560.htm',
          'https://www.transtutors.com/questions/cemex-objects-to-these-comparisons-saying-cement-is-sold-as-a-quot-commodity-quot-in-5191559.htm',
          'https://www.transtutors.com/questions/c-support-the-validity-of-the-rybczynski-theorem-d-support-the-validity-of-the-hecks-5191558.htm',
          'https://www.transtutors.com/questions/c-why-must-a-good-make-up-a-very-large-portion-of-consumers-budgets-in-order-to-be-a-5191557.htm',
          'https://www.transtutors.com/questions/c-investment-intermediate-19-a-coupon-hand-pays-the-w-me-every-ya-fixed-wrest-paymen-5191556.htm',
          'https://www.transtutors.com/questions/c-digital-wwoon-com-3980-omework-2-the-free-to-answer-the-questions-that-follow-the--5191555.htm',
          'https://www.transtutors.com/questions/c-assume-that-additional-firms-enter-and-there-is-now-an-increase-in-supply-from-s1--5191554.htm',
          'https://www.transtutors.com/questions/bayesian-ralph-ralph-39-s-production-planning-is-facilitated-by-assessing-general-ec-5191553.htm',
          'https://www.transtutors.com/questions/b-140-c-70-d-no-44-in-the-graph-above-the-tax-per-unit-is-sis-b-s2-c-3-5-d-ss-45-in--5191552.htm',
          'https://www.transtutors.com/questions/a-assume-a-market-at-equilibrium-shown-by-the-intersection-of-s1-and-d1-at-a-price-o-5191551.htm',
          'https://www.transtutors.com/questions/a-assume-a-market-at-equilibrium-shown-by-the-intersection-of-s1-and-d1-at-a-price-o-5191550.htm',
          'https://www.transtutors.com/questions/answer-the-following-questions-based-on-the-tables-below-buyer-willingness-to-pay-fo-5191549.htm',
          'https://www.transtutors.com/questions/analyze-the-current-economic-situation-of-pakistan-in-view-of-functionalist-perspect-5191548.htm',
          'https://www.transtutors.com/questions/along-the-production-possibilities-curve-the-economy-is-producing-at-its-potential-o-5191547.htm',
          'https://www.transtutors.com/questions/9-in-an-economy-experiencing-a-recession-with-many-unemployed-resources-an-increase--5191546.htm',
          'https://www.transtutors.com/questions/8-which-of-the-following-statement-s-is-correct-x-the-medicare-tax-the-social-securi-5191545.htm',
          'https://www.transtutors.com/questions/can-you-detail-explain-please-how-to-solve-8-compare-the-projects-below-on-the-basis-5191544.htm',
          'https://www.transtutors.com/questions/757-2pts-researchers-have-explored-whether-people-will-change-their-opinions-after-s-5191543.htm',
          'https://www.transtutors.com/questions/7-long-run-cost-a-new-restaurant-that-will-produce-pizzas-using-a-combination-of-wor-5191542.htm',
          'https://www.transtutors.com/questions/7-which-of-the-following-best-describes-the-relationship-between-bank-reserves-the-f-5191541.htm',
          'https://www.transtutors.com/questions/7-you-are-entitled-to-receive-an-annual-cash-flow-of-amount-a-at-end-of-each-year-st-5191540.htm',
          'https://www.transtutors.com/questions/6-why-are-retailers-drawn-to-using-sporting-events-for-marketing-7-what-is-the-us-ma-5191539.htm',
          'https://www.transtutors.com/questions/5-problems-and-applications-q10-2-tax-revenue-and-deadweight-loss-1-equilibrium-effe-5191538.htm',
          'https://www.transtutors.com/questions/help-please-5-the-phillips-curve-in-the-late-20th-century-the-following-table-shows--5191537.htm',
          'https://www.transtutors.com/questions/5-indifference-curves-and-utility-maximization-ginny-is-in-a-band-and-likes-to-adver-5191536.htm',
          'https://www.transtutors.com/questions/5-in-the-gizmo-market-the-supply-curve-is-the-typical-upward-sloping-straight-line-a-5191535.htm',
          'https://www.transtutors.com/questions/5-effects-of-a-tariff-on-international-trade-the-following-graph-shows-the-domestic--5191534.htm',
          'https://www.transtutors.com/questions/4090-tolo-30-55-5-12-5-15-3a-15-5-10-bots-5-5-30-130-ab-20-0-30-30-15-27-5-22-535-10-5191533.htm',
          'https://www.transtutors.com/questions/4-suppose-a-firm-operates-in-a-market-described-by-the-following-equations-q-200-2p-5191532.htm',
          'https://www.transtutors.com/questions/4-productivity-and-growth-in-the-20th-century-consider-a-small-island-country-whose--5191531.htm',
          'https://www.transtutors.com/questions/4-in-the-long-run-increasing-the-money-supply-will-most-likely-lead-to-which-scenari-5191530.htm',
          'https://www.transtutors.com/questions/4-analysing-the-effects-of-a-trade-deficit-aa-aa-e-imagine-the-australian-pharmaceut-5191529.htm',
          'https://www.transtutors.com/questions/will-has-a-31-year-mortgage-on-a-140-000-loan-for-his-house-in-florida-the-interest--5191528.htm'],
 'project': ['trans'],
 'referring_link': ['https://www.transtutors.com/questions/economics/4/'],
 'spider': ['trans_links']}
2020-02-05 23:29:51 [scrapy.core.engine] DEBUG: Crawled (200) <GET https://www.transtutors.com/questions/economics/6/> (referer: https://www.google.com/) ['cached']
2020-02-05 23:29:51 [scrapy.core.scraper] DEBUG: Scraped from <200 https://www.transtutors.com/questions/economics/5/>
{'category': ['economy'],
 'date': [datetime.datetime(2020, 2, 5, 23, 29, 51, 427423)],
 'link': ['https://www.transtutors.com/questions/3-describe-the-three-components-of-an-attitude-and-give-an-example-of-each-using-the-5191527.htm',
          'https://www.transtutors.com/questions/3-consider-a-firm-with-the-following-demand-curve-p-1400-6q-and-a-total-cost-c-func-5191526.htm',
          'https://www.transtutors.com/questions/3-congratulations-you-have-been-hired-as-an-economic-analyst-by-the-wright-goddard-i-5191525.htm',
          'https://www.transtutors.com/questions/3-a-billing-collector-at-a-hospital-calls-five-people-trying-to-collect-money-unpaid-5191524.htm',
          'https://www.transtutors.com/questions/3-1-30-as-35-4045-s-ss-es-to-e-this-graph-is-the-same-with-the-one-from-the-previous-5191523.htm',
          'https://www.transtutors.com/questions/2-2-explain-and-comment-on-factors-related-to-organizational-culture-and-innovation--5191522.htm',
          'https://www.transtutors.com/questions/2-1-explain-why-managers-might-be-able-to-slowly-change-decision-making-over-time-an-5191521.htm',
          'https://www.transtutors.com/questions/20-xyz-inc-plans-to-construct-an-additional-building-at-the-end-of-10-years-at-an-es-5191520.htm',
          'https://www.transtutors.com/questions/2-milton-friedman-suppose-the-demand-for-real-money-balances-is-given-by-the-followi-5191519.htm',
          'https://www.transtutors.com/questions/2-consider-the-market-for-cereals-described-by-the-following-equations-q-30-30p--5191518.htm',
          'https://www.transtutors.com/questions/2-consider-the-below-cash-flow-diagram-lo-sonoun-wololo-alvear-n-in-1992-end-of-year-5191517.htm',
          'https://www.transtutors.com/questions/2-alba-a-is-asked-to-participate-in-an-experiment-she-is-given-20-with-which-to-make-5191516.htm',
          'https://www.transtutors.com/questions/please-help-find-the-missing-quantity-1x10-f-a-i-7-800-i-7-f-1-2-3-4-48-49-50-1000-p-5191515.htm',
          'https://www.transtutors.com/questions/parts-c-and-d-in-1981-andrew-carnegie-asserted-that-quot-parents-who-leave-their-chi-5191514.htm',
          'https://www.transtutors.com/questions/18-an-employee-earning-p12-000-a-month-can-only-afford-to-buy-a-car-requiring-a-down-5191513.htm',
          'https://www.transtutors.com/questions/14-if-gambinia-has-many-workers-but-very-little-land-and-even-less-productive-capita-5191512.htm',
          'https://www.transtutors.com/questions/can-somebody-help-me-with-this-how-did-they-get-1-4-and-1-3-12-suppose-that-hannah-3-5191511.htm',
          'https://www.transtutors.com/questions/11-suppose-that-the-economy-is-in-a-long-run-equilibrium-a-draw-an-aggregate-supply--5191510.htm',
          'https://www.transtutors.com/questions/10-oo-other-things-being-equal-relatively-high-rates-of-unemployment-are-almost-univ-5191509.htm',
          'https://www.transtutors.com/questions/1-understanding-of-economic-concepts-and-terms-maximum-half-page-true-false-maybe-an-5191508.htm',
          'https://www.transtutors.com/questions/1-suppose-real-gdp-rises-by-4-and-the-gdp-deflator-rises-by-3-by-how-much-does-nomin-5191507.htm',
          'https://www.transtutors.com/questions/1-suppose-a-company-produces-a-product-with-no-close-substitutes-the-good-can-be-pro-5191506.htm',
          'https://www.transtutors.com/questions/1-a-small-company-that-removes-flammable-vegetation-around-california-homes-has-100--5191505.htm',
          'https://www.transtutors.com/questions/1-during-a-period-when-unemployment-is-high-and-economic-growth-is-stagnant-federal--5191503.htm',
          'https://www.transtutors.com/questions/1-the-open-access-problem-the-us-bureau-of-land-reclamation-blm-manages-grazing-on-p-5191502.htm',
          'https://www.transtutors.com/questions/1-one-advantage-of-the-specialization-that-results-from-international-trade-is-that--5191501.htm',
          'https://www.transtutors.com/questions/1-a-natural-monopoly-occurs-when-a-marginal-cost-is-constant-b-average-cost-is-decli-5191500.htm',
          'https://www.transtutors.com/questions/1-let-x-and-x-be-independent-random-variables-each-taking-the-values-1-and-1-with-eq-5191499.htm',
          'https://www.transtutors.com/questions/1-graphically-differentiate-between-the-indifference-curve-and-the-budget-line-and-e-5191498.htm',
          'https://www.transtutors.com/questions/1-a-firm-which-produces-a-new-type-of-shoes-has-the-following-demand-and-total-cost-5191497.htm',
          'https://www.transtutors.com/questions/1-find-all-pure-strategy-nash-equilibria-if-any-in-the-following-games-ri-r2-ri-c1-c-5191496.htm',
          'https://www.transtutors.com/questions/1-economic-growth-around-the-world-the-following-table-reports-real-income-per-perso-5191495.htm',
          'https://www.transtutors.com/questions/1-carefully-sketch-the-indifference-curves-corresponding-to-the-utility-functions-an-5191494.htm',
          'https://www.transtutors.com/questions/1-of-11-rogress-saved-why-is-the-election-of-1800-sometimes-called-the-revolution-of-5191493.htm',
          'https://www.transtutors.com/questions/a-calculate-price-elasticity-given-the-following-information-is-the-curve-elastic-in-5191492.htm',
          'https://www.transtutors.com/questions/john-s-lawn-mowing-service-is-a-small-business-that-acts-as-a-price-taker-the-prevai-5190884.htm',
          'https://www.transtutors.com/questions/the-zinger-company-manufactures-and-sells-a-line-of-sewing-machines-demand-per-perio-5187067.htm',
          'https://www.transtutors.com/questions/zeke-messaged-you-c-ered-gdp-per-cx-x-seecial-ofer-camon-seree-x-e-tint-chapter-24-y-5187066.htm',
          'https://www.transtutors.com/questions/yorkville-www-yorkvilleu-ca-4-suppose-the-people-of-a-certain-economy-reduce-their-s-5187065.htm',
          'https://www.transtutors.com/questions/yorkville-www-vo-bushels-of-12-refer-to-figure-2-for-this-farmer-to-maimize-profits--5187064.htm',
          'https://www.transtutors.com/questions/yorkville-university-3-explain-the-likely-effects-of-a-u-s-recession-on-the-demand-f-5187063.htm',
          'https://www.transtutors.com/questions/yorkville-question-3-the-below-graph-shows-a-monopolist-that-faces-a-market-demand-a-5187062.htm',
          'https://www.transtutors.com/questions/yorkville-question-3-the-below-graph-shows-a-monopolist-that-faces-a-market-demand-a-5187061.htm',
          'https://www.transtutors.com/questions/yorkville-part-2-open-response-20-marks-1-suppose-the-quot-daily-news-39-estimates-t-5187060.htm',
          'https://www.transtutors.com/questions/yigure-21-2-profit-100-10-20-30-40-50-60-70-80-output-15-from-figure-21-2-one-can-de-5187059.htm',
          'https://www.transtutors.com/questions/y-edu-webapps-assessment-take-launch-jsp-course-assessment-id-3346407-1-coursejds177-5187058.htm',
          'https://www.transtutors.com/questions/y-edu-webapps-assessment-take-launch-jsp-course-assessment-id-3346407-1-course-jde-1-5187057.htm',
          'https://www.transtutors.com/questions/for-years-only-professional-stockbrokers-with-expensive-o-an-individual-investor-who-5187056.htm',
          'https://www.transtutors.com/questions/some-years-ago-you-deposited-100-aed-in-the-bank-your-account-is-now-worth-1000-aed--5187055.htm',
          'https://www.transtutors.com/questions/some-years-ago-you-deposited-100-aed-in-the-bank-your-account-is-now-worth-1000-aed--5187054.htm'],
 'project': ['trans'],
 'referring_link': ['https://www.transtutors.com/questions/economics/5/'],
 'spider': ['trans_links']}
2020-02-05 23:29:51 [scrapy.core.engine] DEBUG: Crawled (200) <GET https://www.transtutors.com/questions/economics/7/> (referer: https://www.google.com/) ['cached']
2020-02-05 23:29:51 [scrapy.core.scraper] DEBUG: Scraped from <200 https://www.transtutors.com/questions/economics/6/>
{'category': ['economy'],
 'date': [datetime.datetime(2020, 2, 5, 23, 29, 51, 572484)],
 'link': ['https://www.transtutors.com/questions/a-year-270-290-450-1-270-467-360-2-270-270-278-3-270-167-180-4-270-167-90-5-83-6-que-5187053.htm',
          'https://www.transtutors.com/questions/y1678-d-13-627-38-9-a-used-machine-costs-20-000-to-purchase-it-has-an-annual-mainten-5187052.htm',
          'https://www.transtutors.com/questions/if-y-and-v-are-constant-and-m-doubles-the-quantity-equation-implies-that-the-price-l-5187051.htm',
          'https://www.transtutors.com/questions/please-answer-all-accordingly-use-rules-of-thumb-and-a-y-ote-hasa-ya-27-using-the-ex-5187050.htm',
          'https://www.transtutors.com/questions/if-y-a-k-75-l-25-and-the-growth-rate-of-capital-per-worker-y-k-5-8-n-what-is-the-equ-5187049.htm',
          'https://www.transtutors.com/questions/y-humphrey-a-puppy-currently-auditing-ec-10-is-curious-about-the-concept-of-money-4--5187048.htm',
          'https://www.transtutors.com/questions/a-y-5k-1-5l-1-5-b-y-9k-12l-1-derive-the-function-for-the-marginal-rate-of-technical--5187047.htm',
          'https://www.transtutors.com/questions/how-do-you-get-to-1-73-xtext-problem-3d-g-consider-the-production-function-y-k-n-the-5187046.htm',
          'https://www.transtutors.com/questions/xa-romaining-time-1-hour-57-minutes-56-seconds-question-completion-status-moving-to--5187045.htm',
          'https://www.transtutors.com/questions/x-xx-x-x-x-traxx-x-x-each-expression-for-profits-is-a-function-of-a-39-s-output-leve-5187044.htm',
          'https://www.transtutors.com/questions/can-you-show-me-how-to-get-to-these-numbers-x-text-problem-5a-d-suppose-that-there-a-5187043.htm',
          'https://www.transtutors.com/questions/x-test-hwch-3-2019-x-to-a-https-obhosted-cuny-edu-webapps-assessment-kaunchspfcour-a-5187042.htm',
          'https://www.transtutors.com/questions/quot-x-0-https-ng-cengage-com-static-nb-ui-evo-index-html-eisbn-9780357437995-id-58-5187041.htm',
          'https://www.transtutors.com/questions/www-yorkvilleu-ca-yorkville-university-2-suppose-the-government-increases-purchases--5187040.htm',
          'https://www.transtutors.com/questions/www-ve-9-refer-to-the-following-figure-2-marks-a-if-the-diagram-is-depicting-the-mar-5187039.htm',
          'https://www.transtutors.com/questions/ww-w-lor-ore-de-a-opera-al-l-allowe-d-call-e-de-son-all-f-ound-anderes-poden-all-exp-5187038.htm',
          'https://www.transtutors.com/questions/ww-22-a-lifeguard-who-is-out-of-work-in-the-winter-is-a-frictionally-unemployed-b-st-5187037.htm',
          'https://www.transtutors.com/questions/ww-22-a-lifeguard-who-is-out-of-work-in-the-winter-is-a-frictionally-unemployed-b-st-5187036.htm',
          'https://www.transtutors.com/questions/please-help-with-all-parts-i-am-very-lost-wun-aun-guirg-to-tne-pool-o-no-opportunity-5187035.htm',
          'https://www.transtutors.com/questions/is-wuju-the-u-s-federal-government-ran-a-surplus-in-2014-o-a-false-ob-true-5187034.htm',
          'https://www.transtutors.com/questions/writing-a-business-plan-writing-a-business-plan-there-are-a-lot-of-resources-availab-5187033.htm',
          'https://www.transtutors.com/questions/write-a-three-page-essay-explaining-the-three-main-tools-of-monetary-policy-and-how--5187032.htm',
          'https://www.transtutors.com/questions/write-a-three-page-essay-explaining-the-three-main-tools-of-monetary-policy-and-how--5187031.htm',
          'https://www.transtutors.com/questions/write-a-three-page-essay-explaining-an-up-shift-in-the-volume-of-money-supply-causes-5187030.htm',
          'https://www.transtutors.com/questions/hi-can-someone-answer-this-pls-clearly-thanks-or-write-short-essays-on-two-of-the-fo-5187029.htm',
          'https://www.transtutors.com/questions/write-a-paragraph-at-least-100-words-long-for-each-of-the-following-in-this-course-y-5187028.htm',
          'https://www.transtutors.com/questions/write-a-letter-explaining-to-coach-or-basketball-organization-about-trying-to-get-re-5187027.htm',
          'https://www.transtutors.com/questions/write-your-first-draft-of-a-legal-memo-using-homework-1-and-utilizing-this-template--5187026.htm',
          'https://www.transtutors.com/questions/write-a-1500-word-paper-in-apa-6th-edition-on-quot-the-oklahoma-city-bombing-quot--5187025.htm',
          'https://www.transtutors.com/questions/how-would-the-short-run-aggregate-supply-curve-be-affected-if-government-spending-de-5187023.htm',
          'https://www.transtutors.com/questions/why-would-reduction-of-money-supply-to-lower-inflation-would-affect-the-relationship-5187022.htm',
          'https://www.transtutors.com/questions/how-would-a-low-value-of-the-dollar-affect-united-states-exports-explain-6-sentences-5187021.htm',
          'https://www.transtutors.com/questions/would-be-greatly-appreciated-to-get-them-all-answered-thank-you-in-advance--5187020.htm',
          'https://www.transtutors.com/questions/would-the-establishment-of-a-marine-reserve-maximize-the-present-value-of-net-benefi-5187019.htm',
          'https://www.transtutors.com/questions/would-the-establishment-of-a-marine-reserve-maximize-the-present-value-of-net-benefi-5187018.htm',
          'https://www.transtutors.com/questions/why-would-a-discriminatory-tariff-against-tires-imported-from-china-have-a-higher-de-5187017.htm',
          'https://www.transtutors.com/questions/how-would-cutting-money-supply-affects-trade-balance--5187016.htm',
          'https://www.transtutors.com/questions/how-would-currency-appreciation-further-affect-trade-balance--5187015.htm',
          'https://www.transtutors.com/questions/what-would-be-considered-your-top-10-list-of-the-best-presidents-from-1976-and-what--5187014.htm',
          'https://www.transtutors.com/questions/how-would-the-aggregate-demand-cirve-be-affected-if-foreign-economies-go-into-recess-5187013.htm',
          'https://www.transtutors.com/questions/worldwide-auction-leader-ebay-started-operations-in-japan-just-five-months-after-yah-5187012.htm',
          'https://www.transtutors.com/questions/during-world-war-ii-a-government-purchases-of-goods-and-services-increased-fivefold--5187011.htm',
          'https://www.transtutors.com/questions/world-military-spending-is-nearly-2-trillion-every-year-if-you-could-redirect-these--5187010.htm',
          'https://www.transtutors.com/questions/in-the-world-38-in-the-mundell-fleming-model-with-a-fixed-exchange-rate-a-rise-in-th-5187008.htm',
          'https://www.transtutors.com/questions/workers-are-compensated-by-firms-with-quot-benefits-quot-in-addition-to-wages-and-sa-5187007.htm',
          'https://www.transtutors.com/questions/you-are-a-worker-supplier-of-labor-in-a-relatively-labor-intensive-industry-that-is--5187006.htm',
          'https://www.transtutors.com/questions/a-worker-was-paid-100-000-in-2019-but-for-doing-the-exact-work-was-paid-85-000-in-20-5187005.htm',
          'https://www.transtutors.com/questions/word-count-your-report-should-be-completed-on-microsoft-word-and-should-be-between-1-5187004.htm',
          'https://www.transtutors.com/questions/womitys-review-view-h-te-mew-be-careful-files-from-the-internet-can-contain-viruses--5187003.htm',
          'https://www.transtutors.com/questions/i-wo-machines-are-being-considered-for-manufacturing-process-machine-a-has-a-first-c-5187001.htm'],
 'project': ['trans'],
 'referring_link': ['https://www.transtutors.com/questions/economics/6/'],
 'spider': ['trans_links']}
2020-02-05 23:29:51 [scrapy.core.engine] DEBUG: Crawled (200) <GET https://www.transtutors.com/questions/economics/8/> (referer: https://www.google.com/) ['cached']
2020-02-05 23:29:51 [scrapy.core.scraper] DEBUG: Scraped from <200 https://www.transtutors.com/questions/economics/7/>
{'category': ['economy'],
 'date': [datetime.datetime(2020, 2, 5, 23, 29, 51, 728511)],
 'link': ['https://www.transtutors.com/questions/wo-discussions-week-2-topic-1-elasticity-if-you-were-working-in-a-gas-station-and-th-5187000.htm',
          'https://www.transtutors.com/questions/wment-in-the-the-government-observes-a-significant-amount-of-unemployment-in-the-eco-5186999.htm',
          'https://www.transtutors.com/questions/wived-a-1-x-c-anno-x-litml-returnurl-https-3a-2f-2fconnect-mh-oo-amv-fall-2019-a-qe--5186998.htm',
          'https://www.transtutors.com/questions/without-money-the-process-of-acquiring-goods-and-services-would-be-much-more-efficie-5186997.htm',
          'https://www.transtutors.com/questions/you-wish-to-have-10-000-in-4-years-to-buy-a-car-how-much-should-you-deposit-each-mon-5186996.htm',
          'https://www.transtutors.com/questions/wimboponil-turc-bive-lise-to-this-quality-10-some-production-systems-are-faced-with--5186995.htm',
          'https://www.transtutors.com/questions/in-the-western-united-states-a-great-deal-of-land-is-owned-by-the-federal-government-5186994.htm',
          'https://www.transtutors.com/questions/a-well-know-macroeconomist-once-said-from-a-national-saving-point-of-view-an-increas-5186993.htm',
          'https://www.transtutors.com/questions/this-week-s-readings-from-bolman-and-deal-present-a-thorough-review-of-the-strategic-5186992.htm',
          'https://www.transtutors.com/questions/wean-consider-a-regression-of-import-v-on-production-x-stock-formation-xy-and-consum-5186991.htm',
          'https://www.transtutors.com/questions/wat-specifies-the-o-ne-of-the-barrone-brooks-in-porto-rises-of-the-return-rises-of-t-5186989.htm',
          'https://www.transtutors.com/questions/when-we-have-a-warped-bowed-outward-production-possibility-frontier-it-is-due-to-whi-5186988.htm',
          'https://www.transtutors.com/questions/warnings-appear-when-half-the-time-5-minutes-1-minute-and-30-seconds-remain-multiple-5186987.htm',
          'https://www.transtutors.com/questions/warning-activity-7-3-choose-one-example-of-a-problem-that-affects-you-and-describe-i-5186986.htm',
          'https://www.transtutors.com/questions/if-you-want-to-receive-a-7-inflation-free-return-on-your-investment-and-you-expect-i-5186985.htm',
          'https://www.transtutors.com/questions/what-you-want-to-do-mc-mr-ar-d-90-160-195-23-refer-to-the-above-graph-what-is-the-di-5186984.htm',
          'https://www.transtutors.com/questions/wand-uni-38-in-sag-harbor-new-york-there-are-two-houses-on-a-pond-that-contains-a-th-5186983.htm',
          'https://www.transtutors.com/questions/the-wages-of-tax-reform-are-going-to-america-39-s-workers-in-a-dynamic-competitive-e-5186982.htm',
          'https://www.transtutors.com/questions/if-all-wages-and-prices-are-flexible-as-in-the-classical-model-then-which-of-the-fol-5186981.htm',
          'https://www.transtutors.com/questions/how-are-wages-determined-in-the-u-s-what-are-the-most-significant-trends-in-wages-ov-5186980.htm',
          'https://www.transtutors.com/questions/wage-rate-dollars-per-hour-ls-tax-ls-12-00-10-75-10-00-ld-37-40-0-quantity-of-labor--5186979.htm',
          'https://www.transtutors.com/questions/wage-rate-dollars-per-hour-22-20-minimum-18-wage-16-14-12-10-ld-700-600-500-400-300--5186978.htm',
          'https://www.transtutors.com/questions/w-200-q1-consider-a-firm-with-two-divisions-a-manufacturing-and-selling-division-eac-5186977.htm',
          'https://www.transtutors.com/questions/vul-moncial-y-poncy-and-niscal-policy-2-show-the-money-market-equilibrium-using-the--5186976.htm',
          'https://www.transtutors.com/questions/vu-c-leur-status-in-the-long-run-a-perfectly-competitive-firm-will-be-characterized--5186975.htm',
          'https://www.transtutors.com/questions/should-vote-be-allowed-for-over-60-years-boomers-argument-it-39-s-so-clear-that-the--5186974.htm',
          'https://www.transtutors.com/questions/virtual-currency-exchangers-are-outside-the-scope-of-fincen-regulations-select-one-t-5186973.htm',
          'https://www.transtutors.com/questions/virtual-currency-is-the-21st-century-version-of-select-one-a-checks-b-credit-cards-c-5186972.htm',
          'https://www.transtutors.com/questions/view-history-bookmarks-tools-window-help-ceny-take-test-readio-quazich-x-o-as-https--5186971.htm',
          'https://www.transtutors.com/questions/what-is-your-view-on-global-trade-do-you-think-tariffs-are-an-effective-negotiating--5186970.htm',
          'https://www.transtutors.com/questions/video-lase-for-management-of-human-resources-the-essentials-4ce-crisis-hiring-you-ma-5186969.htm',
          'https://www.transtutors.com/questions/from-the-video-what-is-the-basket-price-for-year-3-basket-yr-3-prices-5t-shirts-20-a-5186968.htm',
          'https://www.transtutors.com/questions/victoria-vineyards-is-an-american-wine-producer-specializing-in-premium-red-blends-r-5186967.htm',
          'https://www.transtutors.com/questions/vi-mmmm-th-class-date-id-a-name-exam-4-fm-multiple-choice-identify-the-choice-that-b-5186966.htm',
          'https://www.transtutors.com/questions/version-sumed-that-the-1-the-var-of-a-bank-39-s-trading-port-da-caminare-indendently-5186965.htm',
          'https://www.transtutors.com/questions/version-section-1-choose-the-correct-answer-15-marks-1-all-of-the-following-is-busin-5186964.htm',
          'https://www.transtutors.com/questions/version-every-e-business-is-e-commerce-by-default-while-the-reverse-is-not-true-it-t-5186963.htm',
          'https://www.transtutors.com/questions/version-connector-make-the-none-of-the-above-look-measurement-of-the-sho-w-describe--5186962.htm',
          'https://www.transtutors.com/questions/version-c-section-2-essay-questions-answer-any-three-questions-9-marks-1-what-are-th-5186961.htm',
          'https://www.transtutors.com/questions/version-8-your-bestook-or-the-lecture-des-de-variety-of-computers-use-theme-involves-5186960.htm',
          'https://www.transtutors.com/questions/verizon-7-2-54-pm-venmo-6956-chelsey-wells-paid-alex-thabous-alan-trimakas-paid-matt-5186959.htm',
          'https://www.transtutors.com/questions/the-venetian-resort-in-las-vegas-is-considering-a-weekend-resort-package-to-european-5186958.htm',
          'https://www.transtutors.com/questions/the-venetian-resort-in-las-vegas-is-considering-a-weekend-resort-package-to-european-5186957.htm',
          'https://www.transtutors.com/questions/ve-location-option-must-be-selected-1-system-b-system-d-do-nothing-er-questions-18-t-5186956.htm',
          'https://www.transtutors.com/questions/i-39-ve-already-known-the-answer-for-the-4-and-5-question-please-help-me-for-the-6-a-5186955.htm',
          'https://www.transtutors.com/questions/various-pricing-strategies-instead-of-uniform-pricing-are-used-by-our-local-retail-s-5186954.htm',
          'https://www.transtutors.com/questions/variant-a-17-12-2019-read-through-the-questions-carefully-and-make-sure-you-have-ans-5186953.htm',
          'https://www.transtutors.com/questions/which-variable-goes-on-the-vertical-axis-of-the-demand-curve-graph-a-quantity-of-the-5186952.htm',
          'https://www.transtutors.com/questions/the-value-of-the-housing-services-provided-by-the-economy-39-s-owner-occupied-houses-5186951.htm',
          'https://www.transtutors.com/questions/what-are-some-valid-points-that-simmel-makes-about-the-personality-of-the-urban-dwel-5186950.htm'],
 'project': ['trans'],
 'referring_link': ['https://www.transtutors.com/questions/economics/7/'],
 'spider': ['trans_links']}
2020-02-05 23:29:51 [scrapy.core.engine] DEBUG: Crawled (200) <GET https://www.transtutors.com/questions/economics/9/> (referer: https://www.google.com/) ['cached']
2020-02-05 23:29:51 [scrapy.core.scraper] DEBUG: Scraped from <200 https://www.transtutors.com/questions/economics/8/>
{'category': ['economy'],
 'date': [datetime.datetime(2020, 2, 5, 23, 29, 51, 896808)],
 'link': ['https://www.transtutors.com/questions/solve-5-v5-graph-a-2x-5y-20-b-x-5-c-2x-5y-5186949.htm',
          'https://www.transtutors.com/questions/v-iw-and-y-9-the-lost-mountains-of-no-in-this-rugged-land-if-a-de-ountains-of-northe-5186948.htm',
          'https://www.transtutors.com/questions/a-v-files-o-final-exam-1-x-file-c-users-alams-app-e-o-1-2-of-5-1-for-an-interest-5186947.htm',
          'https://www.transtutors.com/questions/v-e-of-the-which-of-the-f-i-of-china-anpc-the-supreme-people-39-s-the-state-council--5186946.htm',
          'https://www.transtutors.com/questions/v-e-of-the-which-of-the-f-i-of-china-anpc-the-supreme-people-39-s-the-state-council--5186945.htm',
          'https://www.transtutors.com/questions/uy-valid-contract-can-be-considered-formed-cu-ui-cumhuur-ueeeluve-une-e-9-what-is-th-5186944.htm',
          'https://www.transtutors.com/questions/ution-48-cepeda-motors-location-scenario-an-italian-car-company-cepeda-has-made-plan-5186943.htm',
          'https://www.transtutors.com/questions/utility-theory-is-a-preference-based-approach-that-provides-a-rank-ordering-of-choic-5186942.htm',
          'https://www.transtutors.com/questions/a-utility-is-given-by-u-x-2-y-0-5-assume-the-consumer-has-700-to-spend-on-good-x-and-5186941.htm',
          'https://www.transtutors.com/questions/a-utility-is-given-by-u-4x-4y-the-marginal-utility-of-good-x-is-b-utility-is-given-b-5186940.htm',
          'https://www.transtutors.com/questions/economics-final-exam-december-11-question-31-not-yet-answered-marked-out-of-0-50-ref-5186939.htm',
          'https://www.transtutors.com/questions/ut-nu-micro-homework-3-read-only-compatibility-mode-word-references-mailings-review--5186938.htm',
          'https://www.transtutors.com/questions/using-supply-and-demand-show-graphically-and-explain-what-will-happen-in-the-treasur-5186937.htm',
          'https://www.transtutors.com/questions/using-supply-and-demand-show-graphically-and-explain-what-will-happen-in-the-treasur-5186936.htm',
          'https://www.transtutors.com/questions/using-a-set-of-data-you-will-graph-a-budget-constraint-and-express-it-as-algebraic-e-5186935.htm',
          'https://www.transtutors.com/questions/using-a-set-of-data-you-will-graph-a-budget-constraint-and-express-it-as-an-algebrai-5186934.htm',
          'https://www.transtutors.com/questions/using-a-set-of-data-you-will-graph-a-budget-constraint-and-express-it-as-an-algebrai-5186933.htm',
          'https://www.transtutors.com/questions/using-a-sample-of-392-cars-you-intend-to-estimate-the-relationship-between-miles-per-5186932.htm',
          'https://www.transtutors.com/questions/using-real-gdp-on-the-horizontal-axis-instead-of-real-disposable-income-implies-that-5186931.htm',
          'https://www.transtutors.com/questions/using-porter-39-s-5-forces-which-company-is-a-rival-to-lowes-home-depot-crate-and-ba-5186930.htm',
          'https://www.transtutors.com/questions/4-pls-using-the-monopolists-graph-below-do-the-following-assume-fc-0-a-show-the-prof-5186929.htm',
          'https://www.transtutors.com/questions/using-the-same-microeconomic-of-netflix-concept-chosen-above-explain-how-it-would-be-5186928.htm',
          'https://www.transtutors.com/questions/using-math-and-words-explain-the-slope-of-the-yield-curve-explain-risk-premium-and-t-5186927.htm',
          'https://www.transtutors.com/questions/using-market-failure-which-are-market-power-externalities-public-goods-and-explains--5186926.htm',
          'https://www.transtutors.com/questions/using-market-failure-explain-any-needs-for-time-warner-39-s-us-government-interventi-5186925.htm',
          'https://www.transtutors.com/questions/using-is-lm-model-for-open-economy-explain-what-happens-to-the-chinese-currency-will-5186924.htm',
          'https://www.transtutors.com/questions/using-the-is-lm-bp-model-describe-how-macroeconomic-effects-of-a-tightening-monetary-5186923.htm',
          'https://www.transtutors.com/questions/using-the-is-lm-bp-model-describe-how-macroeconomic-effects-of-a-expansionary-moneta-5186922.htm',
          'https://www.transtutors.com/questions/using-legal-terminology-what-is-the-name-of-the-permission-given-to-customers-to-com-5186921.htm',
          'https://www.transtutors.com/questions/using-the-information-in-the-above-table-the-value-of-m2-both-interest-rates-and-inv-5186920.htm',
          'https://www.transtutors.com/questions/using-the-information-below-compute-the-m2-money-supply-category-currency-and-coin-h-5186919.htm',
          'https://www.transtutors.com/questions/using-the-great-depression-to-support-his-theory-john-maynard-keynes-argued-that-3-a-5186918.htm',
          'https://www.transtutors.com/questions/using-graph-at-what-price-will-the-firm-shut-down-p4-p3-p2-p1-o-a-p1-b-p2-c-p3-d-p4--5186917.htm',
          'https://www.transtutors.com/questions/using-graph-at-what-price-will-the-firm-shut-down-a-p1-b-p2-o-c-p3-o-d-p4-5186916.htm',
          'https://www.transtutors.com/questions/using-the-graph-at-what-price-is-the-firm-just-breaking-even-a-p1-ob-p2-c-p3-o-d-pa-5186915.htm',
          'https://www.transtutors.com/questions/using-the-graph-at-p4-the-firm-is-making-normal-profits-only-making-economic-profits-5186914.htm',
          'https://www.transtutors.com/questions/using-formal-english-and-the-expository-method-of-process-analysis-produce-a-complet-5186913.htm',
          'https://www.transtutors.com/questions/using-the-following-nipa-data-compute-gdp-category-personal-consumption-expenditures-5186912.htm',
          'https://www.transtutors.com/questions/using-the-discounting-equation-calculate-the-net-present-value-of-a-benefit-accrued--5186911.htm',
          'https://www.transtutors.com/questions/question-iv-using-a-demand-and-supply-analysis-explain-what-might-happen-to-the-equi-5186910.htm',
          'https://www.transtutors.com/questions/a-used-car-market-has-ten-sellers-and-eight-buyers-each-seller-is-privately-informed-5186909.htm',
          'https://www.transtutors.com/questions/use-the-theory-of-liquidity-preference-to-illustrate-graphically-the-impact-on-inter-5186908.htm',
          'https://www.transtutors.com/questions/use-the-table-below-to-draw-a-total-product-curve-and-answer-the-following-questions-5186907.htm',
          'https://www.transtutors.com/questions/we-were-unable-to-transcribe-this-imageuse-the-table-below-to-draw-a-total-product-c-5186906.htm',
          'https://www.transtutors.com/questions/use-the-table-below-to-draw-a-total-product-curve-and-answer-the-following-questions-5186905.htm',
          'https://www.transtutors.com/questions/use-the-table-below-to-calculate-the-bid-rent-for-manufacturing-in-burgville-in-doll-5186904.htm',
          'https://www.transtutors.com/questions/use-the-supply-and-demend-model-to-explain-why-top-athletes-are-paid-less-than-top-c-5186903.htm',
          'https://www.transtutors.com/questions/use-supply-and-demand-analysis-to-show-and-describe-the-dramatic-increase-in-men-who-5186902.htm',
          'https://www.transtutors.com/questions/use-supply-and-demand-analysis-to-show-and-describe-the-dramatic-increase-in-men-who-5186901.htm',
          'https://www.transtutors.com/questions/use-the-production-function-of-the-hypothetical-economy-1000-represented-in-the-grap-5186900.htm'],
 'project': ['trans'],
 'referring_link': ['https://www.transtutors.com/questions/economics/8/'],
 'spider': ['trans_links']}
2020-02-05 23:29:52 [scrapy.core.engine] DEBUG: Crawled (200) <GET https://www.transtutors.com/questions/economics/10/> (referer: https://www.google.com/) ['cached']
2020-02-05 23:29:52 [scrapy.core.scraper] DEBUG: Scraped from <200 https://www.transtutors.com/questions/economics/9/>
{'category': ['economy'],
 'date': [datetime.datetime(2020, 2, 5, 23, 29, 52, 46357)],
 'link': ['https://www.transtutors.com/questions/use-the-previous-transshipment-problem-walton-water-how-many-units-are-sent-from-ric-5186899.htm',
          'https://www.transtutors.com/questions/use-the-is-lm-model-to-predict-the-short-run-effects-of-each-of-the-following-shocks-5186898.htm',
          'https://www.transtutors.com/questions/use-the-line-segment-in-each-accompanying-graph-on-the-second-graph-to-show-a-bindin-5186897.htm',
          'https://www.transtutors.com/questions/use-at-least-two-types-of-graph-as-ad-or-ms-md-phillips-curve-labor-market-to-explai-5186896.htm',
          'https://www.transtutors.com/questions/use-your-knowledge-of-cost-functions-to-calculate-the-missed-cost-data-in-the-accomp-5186895.htm',
          'https://www.transtutors.com/questions/use-the-joint-probability-distribution-table-provided-below-to-answer-the-following--5186894.htm',
          'https://www.transtutors.com/questions/use-the-information-in-the-table-to-address-this-question-if-each-worker-is-paid-1-0-5186893.htm',
          'https://www.transtutors.com/questions/use-the-information-in-the-table-to-address-this-question-the-firm-39-s-marginal-cos-5186892.htm',
          'https://www.transtutors.com/questions/use-the-information-contained-in-the-graph-below-describing-a-firm-operating-in-a-co-5186891.htm',
          'https://www.transtutors.com/questions/use-the-information-contained-in-the-graph-below-describing-a-firm-operating-in-a-co-5186890.htm',
          'https://www.transtutors.com/questions/econ-help-use-the-information-contained-in-the-graph-below-describing-a-firm-operati-5186889.htm',
          'https://www.transtutors.com/questions/use-the-information-contained-in-the-graph-below-describing-a-firm-operating-in-a-co-5186888.htm',
          'https://www.transtutors.com/questions/use-the-information-contained-in-the-graph-below-to-answer-the-following-question-wh-5186887.htm',
          'https://www.transtutors.com/questions/use-the-information-below-to-answer-the-following-questions-goods-market-c-300-0-8-y-5186886.htm',
          'https://www.transtutors.com/questions/use-the-information-below-to-answer-the-following-questions-goods-market-c-300-0-8-y-5186885.htm',
          'https://www.transtutors.com/questions/use-the-information-below-to-answer-the-following-questions-goods-market-c-300-0-8-y-5186884.htm',
          'https://www.transtutors.com/questions/use-the-information-below-to-answer-the-following-questions-goods-market-c-300-0-8-y-5186883.htm',
          'https://www.transtutors.com/questions/use-the-information-below-to-answer-the-following-questions-goods-market-c-300-0-8-y-5186882.htm',
          'https://www.transtutors.com/questions/use-human-capital-theory-to-explain-why-graduation-rates-for-women-s-basketball-play-5186881.htm',
          'https://www.transtutors.com/questions/use-the-graph-attached-to-answer-the-questions-suppose-an-economy-has-the-production-5186880.htm',
          'https://www.transtutors.com/questions/use-the-graph-below-to-answer-the-following-question-what-area-s-represent-governmen-5186879.htm',
          'https://www.transtutors.com/questions/use-game-theory-to-explain-the-conduct-of-firms-in-the-strategy-relating-to-release--5186878.htm',
          'https://www.transtutors.com/questions/how-to-use-the-four-business-cycle-theories-of-new-keynesianism-real-business-cycle--5186877.htm',
          'https://www.transtutors.com/questions/how-to-use-the-four-business-cycle-theories-of-new-keynesianism-real-business-cycle--5186876.htm',
          'https://www.transtutors.com/questions/use-the-following-table-to-answer-the-next-7-questions-fill-in-the-table-as-you-need-5186875.htm',
          'https://www.transtutors.com/questions/use-the-following-information-for-questions-3-6-suppose-that-you-are-on-a-desert-isl-5186874.htm',
          'https://www.transtutors.com/questions/complete-the-following-payoff-matrix-and-determine-the-nash-equilibrium-use-the-foll-5186873.htm',
          'https://www.transtutors.com/questions/use-the-following-information-to-answer-questions-10-14-question-13-0-5-points-signi-5186872.htm',
          'https://www.transtutors.com/questions/use-the-following-information-to-answer-questions-10-14-question-10-1-point-the-incl-5186871.htm',
          'https://www.transtutors.com/questions/use-the-following-information-to-answer-this-question-what-is-the-most-you-would-be--5186870.htm',
          'https://www.transtutors.com/questions/use-the-following-information-to-answer-the-next-3-questions-37-39-you-would-like-to-5186869.htm',
          'https://www.transtutors.com/questions/use-following-information-to-answer-36-40-sal-39-s-satellite-company-broadcasts-tv-t-5186868.htm',
          'https://www.transtutors.com/questions/use-the-following-graph-depicting-a-monopoly-to-answer-the-following-price-a-f-j-n-b-5186867.htm',
          'https://www.transtutors.com/questions/help-help-help-use-the-following-graph-to-answer-questions-10-s-graph-to-answer-oues-5186866.htm',
          'https://www.transtutors.com/questions/use-the-following-diagrams-for-the-market-for-professor-y-39-s-microeconomics-class--5186865.htm',
          'https://www.transtutors.com/questions/use-the-following-to-answer-questo-figure-marginal-decision-rale-price-per-unit-quan-5186864.htm',
          'https://www.transtutors.com/questions/how-do-you-get-mpc-use-the-following-to-answer-question-30-table-individual-and-aggr-5186863.htm',
          'https://www.transtutors.com/questions/use-figure-the-market-for-loanable-funds-ii-if-the-interest-rate-is-higher-than-the--5186862.htm',
          'https://www.transtutors.com/questions/use-the-figure-below-to-answer-the-following-questions-this-question-is-long-but-the-5186861.htm',
          'https://www.transtutors.com/questions/use-this-example-to-answer-questions-from-30-to-33-tom-just-graduated-from-college-a-5186860.htm',
          'https://www.transtutors.com/questions/use-the-data-in-wage-txt-and-r-software-to-estimate-the-model-wage-1-educ-2-exper-3--5186859.htm',
          'https://www.transtutors.com/questions/use-the-data-in-wage-txt-and-r-software-to-estimate-the-model-again-wage-1-2-educ-3--5186858.htm',
          'https://www.transtutors.com/questions/use-the-data-underlying-the-following-two-tables-the-top-table-shows-this-data-in-pr-5186857.htm',
          'https://www.transtutors.com/questions/plot-the-sat-against-the-hsize-with-scatter-figure-use-the-data-in-gpa-for-this-exam-5186856.htm',
          'https://www.transtutors.com/questions/use-the-data-in-gpa-for-this-exam-where-the-variable-sat-is-combined-sat-score-hsize-5186855.htm',
          'https://www.transtutors.com/questions/from-the-usa-to-the-czech-republic-determines-how-exchange-rates-will-affect-your-80-5186853.htm',
          'https://www.transtutors.com/questions/the-us-patriot-act-defines-a-correspondent-bank-account-maintained-for-the-following-5186852.htm',
          'https://www.transtutors.com/questions/the-u-s-minimum-wage-in-1965-was-1-25-how-much-should-the-minimum-wage-be-as-of-2018-5186851.htm',
          'https://www.transtutors.com/questions/when-the-u-s-government-proposes-a-fiscal-stimulus-package-during-a-recession-there--5186850.htm',
          'https://www.transtutors.com/questions/the-u-s-federal-govemment-ran-a-surplus-in-2014-o-a-false-o-b-true-click-to-select-y-5186849.htm'],
 'project': ['trans'],
 'referring_link': ['https://www.transtutors.com/questions/economics/9/'],
 'spider': ['trans_links']}
2020-02-05 23:29:52 [scrapy.core.engine] DEBUG: Crawled (200) <GET https://www.transtutors.com/questions/economics/11/> (referer: https://www.google.com/) ['cached']
2020-02-05 23:29:52 [scrapy.core.scraper] DEBUG: Scraped from <200 https://www.transtutors.com/questions/economics/10/>
{'category': ['economy'],
 'date': [datetime.datetime(2020, 2, 5, 23, 29, 52, 193460)],
 'link': ['https://www.transtutors.com/questions/if-the-u-s-dollar-decreases-in-value-relative-to-other-currencies-how-does-this-affe-5186848.htm',
          'https://www.transtutors.com/questions/u-s-defense-officials-estimate-that-islamic-state-isis-may-be-the-wealthiest-terrori-5186847.htm',
          'https://www.transtutors.com/questions/urs-57-minutes-13-seconds-atus-a-moving-to-another-question-will-save-this-response--5186846.htm',
          'https://www.transtutors.com/questions/moving-to-another-question-will-save-this-response-lt-question-24-of-30-question-24--5186845.htm',
          'https://www.transtutors.com/questions/uraise-question-2-goods-with-close-substitutes-tend-to-have-less-elastic-demands-tha-5186844.htm',
          'https://www.transtutors.com/questions/22-24-only-ur-boutique-hotel-your-rates-by-20-at-product-mat-product-nat-produce-tha-5186843.htm',
          'https://www.transtutors.com/questions/moving-to-another-question-will-save-this-response-lt-lt-question-19-of-30-question--5186842.htm',
          'https://www.transtutors.com/questions/some-updatescu-automatically-47-the-median-voter-theorem-predicts-that-in-a-represen-5186841.htm',
          'https://www.transtutors.com/questions/update-figure-15-3-market-share-and-compare-the-results-with-what-happened-in-the-ca-5186840.htm',
          'https://www.transtutors.com/questions/microeconomics-question-we-were-unable-to-transcribe-this-imageunobservable-types-d--5186839.htm',
          'https://www.transtutors.com/questions/how-university-can-go-for-blue-ocean-strategy-breifly-explain-1000-words-5186838.htm',
          'https://www.transtutors.com/questions/the-universal-portal-login-x-oui-oui-ch-32-a-brief-history-g-in-developing-his-macro-5186837.htm',
          'https://www.transtutors.com/questions/units-of-labor-wage-rate-total-labor-cost-marginal-resource-labor-cost-marginal-reve-5186836.htm',
          'https://www.transtutors.com/questions/just-do-problems-e-f-g-the-united-states-is-the-world-39-s-largest-cons-umer-of-swee-5186835.htm',
          'https://www.transtutors.com/questions/the-united-states-is-currently-running-a-large-current-account-deficit-if-congress-a-5186834.htm',
          'https://www.transtutors.com/questions/united-arab-emirate-s-diversified-economic-base-and-the-composition-and-growth-rates-5186833.htm',
          'https://www.transtutors.com/questions/united-arab-emirate-s-diversified-economic-base-and-the-composition-and-growth-rates-5186832.htm',
          'https://www.transtutors.com/questions/unit-9-chapter-24-q-6-mycampus-secure-login-xc-o-special-ofler-ereal-gdp-per-capita-5186831.htm',
          'https://www.transtutors.com/questions/are-unions-good-or-bad-for-professional-sports-be-specific-and-include-your-own-opin-5186830.htm',
          'https://www.transtutors.com/questions/me-and-uni-ul-quantitative-problems-84-points-7-questions-12-points-each-write-a-1-2-5186829.htm',
          'https://www.transtutors.com/questions/are-and-uni-how-will-the-following-events-allect-the-credit-markets-in-each-case-spe-5186828.htm',
          'https://www.transtutors.com/questions/and-uni-39-the-country-of-ta-ville-produces-and-consumes-problem-sets-every-year-the-5186827.htm',
          'https://www.transtutors.com/questions/me-and-uni-30-in-the-united-states-banks-are-required-to-hold-a-certain-percentage-c-5186826.htm',
          'https://www.transtutors.com/questions/and-uni-i-short-answer-questions-72-points-9-questions-8-points-each-write-a-2-3-sen-5186825.htm',
          'https://www.transtutors.com/questions/with-the-unemployment-rate-at-3-5-most-economists-believe-that-the-u-s-economy-is-at-5186824.htm',
          'https://www.transtutors.com/questions/unemployment-caused-by-a-recession-is-called-frictional-unemployment-structural-unem-5186823.htm',
          'https://www.transtutors.com/questions/how-does-unemployment-affect-the-macroeconomic-view-on-supplies-and-consumers-in-reg-5186822.htm',
          'https://www.transtutors.com/questions/une-information-provided-in-table-7-3-below-to-answer-the-questions-that-follow-tabl-5186820.htm',
          'https://www.transtutors.com/questions/now-that-you-have-an-understanding-of-monetary-and-fiscal-policy-in-your-own-words-e-5186819.htm',
          'https://www.transtutors.com/questions/an-underlying-asset-price-is-at-100-its-annual-volatility-is-25-and-the-risk-free-in-5186818.htm',
          'https://www.transtutors.com/questions/umupunt-intersects-the-vertical-axis-33-the-marginal-propensity-to-save-is-a-delta-c-5186817.htm',
          'https://www.transtutors.com/questions/uments-for-a-binding-contract-tract-produces-no-legal-obligations-that-can-be-avoide-5186816.htm',
          'https://www.transtutors.com/questions/ul-home-65-o-11-16-pm-courses-yorkvilleu-ca-busi-1023-yorkville-university-assignmen-5186815.htm',
          'https://www.transtutors.com/questions/uiz-with-worked-out-solutions-complete-this-partial-comparative-balance-sheet-by-ver-5186814.htm',
          'https://www.transtutors.com/questions/of-uhe-auove-when-the-value-of-elasticity-of-demand-is-one-then-the-shape-of-the-ela-5186813.htm',
          'https://www.transtutors.com/questions/uesuon-3-out-of-3-points-if-a-company-invests-25-000-in-new-packaging-equipment-by-h-5186812.htm',
          'https://www.transtutors.com/questions/uestions-question-1-5-points-select-the-best-correct-answer-1-if-the-internal-rate-o-5186811.htm',
          'https://www.transtutors.com/questions/uestion-5-the-demand-curve-for-a-product-is-given-by-q-100-2p-if-price-for-the-produ-5186810.htm',
          'https://www.transtutors.com/questions/uestion-4-the-marginal-cost-when-o-3-is-suppose-the-total-cost-of-producing-a-produc-5186809.htm',
          'https://www.transtutors.com/questions/urgeeeent-uestion-14-all-of-the-following-are-examples-of-command-and-control-regula-5186808.htm',
          'https://www.transtutors.com/questions/uestion-14-the-estimated-frst-cost-of-a-permanent-national-monument-is-2-milion-with-5186807.htm',
          'https://www.transtutors.com/questions/ues-tion-18-suppose-that-a-firm-wants-produce-an-output-level-of-q-30-in-the-long-ru-5186806.htm',
          'https://www.transtutors.com/questions/ue-the-follawing-infamatinn-to-answer-qestions-10-14-juestion-10-11-point-the-inclsi-5186805.htm',
          'https://www.transtutors.com/questions/ue-7-the-accompanying-graph-depicts-a-hypothetical-market-for-analog-tvs-in-june-20-5186804.htm',
          'https://www.transtutors.com/questions/economics-final-exam-december-11-f-question-16-not-yet-answered-2019-marked-out-of-0-5186803.htm',
          'https://www.transtutors.com/questions/ual-and-continental-airlines-merged-what-approvals-needed-to-occur-why-did-the-merge-5186802.htm',
          'https://www.transtutors.com/questions/uaeu-engineering-economics-geng-315-question-4-10-points-an-investment-company-is-co-5186801.htm',
          'https://www.transtutors.com/questions/u-u-ui-de-mercept-27-when-interacting-two-continuous-variables-in-a-non-linear-speci-5186800.htm',
          'https://www.transtutors.com/questions/u-status-questions-refer-to-the-information-provided-aggregate-expenditures-5-millio-5186799.htm',
          'https://www.transtutors.com/questions/u-m-the-maintenance-costs-of-a-production-line-in-the-abc-company-is-expected-to-be--5186798.htm'],
 'project': ['trans'],
 'referring_link': ['https://www.transtutors.com/questions/economics/10/'],
 'spider': ['trans_links']}
2020-02-05 23:29:52 [scrapy.core.engine] DEBUG: Crawled (200) <GET https://www.transtutors.com/questions/economics/12/> (referer: https://www.google.com/) ['cached']
2020-02-05 23:29:52 [scrapy.core.scraper] DEBUG: Scraped from <200 https://www.transtutors.com/questions/economics/11/>
{'category': ['economy'],
 'date': [datetime.datetime(2020, 2, 5, 23, 29, 52, 359843)],
 'link': ['https://www.transtutors.com/questions/u-ap-lij-j-1-j-u10-j-0-x1-x2-xx-quot-11-12-mon-n2-n-122--5186797.htm',
          'https://www.transtutors.com/questions/u-110wuj-vinul-iluuuuuuuuuuu-uu35-euus-d-m1-near-monies-6-the-difference-between-a-b-5186796.htm',
          'https://www.transtutors.com/questions/which-of-these-is-not-a-type-of-transfer-that-triggers-the-generation-skipping-trans-5186795.htm',
          'https://www.transtutors.com/questions/typ-ii-62-pts-monetary-policy-response-to-shocks-under-sticky-prices-suppose-the-ec-5186794.htm',
          'https://www.transtutors.com/questions/tyd-iv-case-analysis-10-2-20-points-1-facts-frank-became-angry-because-his-brand-new-5186793.htm',
          'https://www.transtutors.com/questions/ty-system-ul-under-the-managed-floating-system-of-exchange-rates-multiple-choice-o--5186792.htm',
          'https://www.transtutors.com/questions/there-are-only-two-water-suppliers-in-adde-town-firm-mic-and-firm-yuk-the-quality-of-5186791.htm',
          'https://www.transtutors.com/questions/two-short-answer-questions-total-40-points-1-40-pm-class-comparative-study-list-the--5186790.htm',
          'https://www.transtutors.com/questions/two-public-corporations-first-engineering-and-midwest-development-each-show-capitali-5186789.htm',
          'https://www.transtutors.com/questions/the-two-options-need-compared-in-excel-like-this-then-determine-when-resale-is-optim-5186788.htm',
          'https://www.transtutors.com/questions/two-methods-can-be-used-to-produce-solar-panels-for-electric-power-generation-method-5186787.htm',
          'https://www.transtutors.com/questions/you-have-two-machines-under-consideration-for-an-improved-automated-wrapping-process-5186786.htm',
          'https://www.transtutors.com/questions/there-are-only-two-luxury-electric-car-producers-in-carmania-firm-1-and-firm-2-the-c-5186785.htm',
          'https://www.transtutors.com/questions/there-are-only-two-luxury-electric-car-producers-in-carmania-firm-1-and-firm-2-the-c-5186784.htm',
          'https://www.transtutors.com/questions/there-are-only-two-luxury-electric-car-producers-in-carmania-firm-1-and-firm-2-the-c-5186783.htm',
          'https://www.transtutors.com/questions/two-large-countries-are-thinking-of-imposing-a-tariff-on-the-same-good-1-what-is-the-5186782.htm',
          'https://www.transtutors.com/questions/two-large-countries-are-thinking-of-imposing-a-tariff-on-the-same-good-i-what-is-the-5186781.htm',
          'https://www.transtutors.com/questions/there-is-two-kinds-of-government-budget-deficit-the-cyclical-deficit-and-the-structu-5186780.htm',
          'https://www.transtutors.com/questions/two-groups-of-fishermen-are-fishing-in-the-same-lake-each-group-can-fish-a-small-amo-5186779.htm',
          'https://www.transtutors.com/questions/two-friends-maiken-and-dorte-like-nail-polish-and-necklaces-maiken-has-10-nail-polis-5186778.htm',
          'https://www.transtutors.com/questions/there-are-two-firms-that-produce-identical-products-these-firms-compete-in-each-or-t-5186777.htm',
          'https://www.transtutors.com/questions/two-firms-are-bertrand-competitors-the-inverse-market-demand-equation-for-the-output-5186776.htm',
          'https://www.transtutors.com/questions/what-are-two-examples-of-inelastic-and-elastic-goods-that-you-have-recently-purchase-5186775.htm',
          'https://www.transtutors.com/questions/there-are-two-competing-companies-in-the-car-sector-say-suzuki-and-nissan-that-have--5186774.htm',
          'https://www.transtutors.com/questions/there-are-two-competing-companies-in-the-car-sector-say-suzuki-and-nissan-that-have--5186773.htm',
          'https://www.transtutors.com/questions/the-below-two-me-alternatives-are-under-consideration-for-agovernmental-project-in-u-5186772.htm',
          'https://www.transtutors.com/questions/tutorial7-pdf-c-search-textbook-solutions-che-my-monash-c-economics-question-chegg-c-5186771.htm',
          'https://www.transtutors.com/questions/tutorial7-pdf-c-search-textbook-solutions-ch-my-monash-economics-question-chegg-c-1--5186770.htm',
          'https://www.transtutors.com/questions/tutorial6-pdf-c-tutorial3-pdf-my-monash-tutori-x-c-search-textbook-solutions-ch-my-m-5186769.htm',
          'https://www.transtutors.com/questions/tutorial-8-question-6-suppose-brazil-the-largest-producer-of-sugar-provides-20-perce-5186768.htm',
          'https://www.transtutors.com/questions/tune-atteimpting-tuviolate-this-policy-it-will-be-enforced-against-al-incorrect-resp-5186767.htm',
          'https://www.transtutors.com/questions/the-answers-are-right-i-just-need-explination-on-how-to-get-the-answers-tu-u-figure--5186766.htm',
          'https://www.transtutors.com/questions/tsal-portal-login-quiz-quiz-ch-32-a-brief-history-g-which-of-3-16387-quizzes-45496-t-5186765.htm',
          'https://www.transtutors.com/questions/will-is-trying-to-select-the-best-investment-from-among-3-alternatives-each-alternat-5186764.htm',
          'https://www.transtutors.com/questions/now-you-try-approaching-k-from-above-draw-the-solow-model-diagram-labeling-the-stead-5186763.htm',
          'https://www.transtutors.com/questions/the-trump-administration-hopes-to-expand-apprenticeship-programs-that-provide-skills-5186762.htm',
          'https://www.transtutors.com/questions/is-this-true-false-uncertain-and-why-if-the-saving-rate-increases-steady-state-outpu-5186761.htm',
          'https://www.transtutors.com/questions/true-false-uncertain-for-each-question-state-whether-the-statement-in-bold-is-true-f-5186760.htm',
          'https://www.transtutors.com/questions/is-this-true-false-uncertain-and-why-if-money-demand-is-relatively-inelastic-with-re-5186759.htm',
          'https://www.transtutors.com/questions/true-and-false-question-i-will-be-grateful-if-you-could-give-a-short-explanation-of--5186758.htm',
          'https://www.transtutors.com/questions/true-and-false-question-i-will-be-grateful-if-you-could-give-a-short-explanation-of--5186757.htm',
          'https://www.transtutors.com/questions/true-and-false-question-i-will-be-grateful-if-you-could-give-a-short-explanation-of--5186756.htm',
          'https://www.transtutors.com/questions/true-or-false-5186755.htm',
          'https://www.transtutors.com/questions/true-or-false-when-the-number-of-buyers-in-a-market-changes-the-market-demand-curve--5186754.htm',
          'https://www.transtutors.com/questions/true-or-false-when-the-mrts-equals-the-factor-price-ratio-the-additional-output-per--5186753.htm',
          'https://www.transtutors.com/questions/true-false-if-the-marginal-product-of-labor-is-6-bushels-of-corn-the-wage-is-15-and--5186752.htm',
          'https://www.transtutors.com/questions/true-or-false-justify-with-3-4-lines-and-diagram-question-1a-if-tp-20kl-2-and-the-pr-5186751.htm',
          'https://www.transtutors.com/questions/true-false-if-the-fed-lowers-the-money-supply-the-price-level-effect-will-tend-to-lo-5186750.htm',
          'https://www.transtutors.com/questions/true-or-false-and-explain-why-1-to-minimise-production-cost-a-firm-should-always-cho-5186749.htm',
          'https://www.transtutors.com/questions/true-or-false-c-according-to-the-theory-of-liquidity-preference-interest-rates-shoul-5186748.htm'],
 'project': ['trans'],
 'referring_link': ['https://www.transtutors.com/questions/economics/11/'],
 'spider': ['trans_links']}
2020-02-05 23:29:52 [scrapy.core.engine] DEBUG: Crawled (200) <GET https://www.transtutors.com/questions/economics/13/> (referer: https://www.google.com/) ['cached']
2020-02-05 23:29:52 [scrapy.core.scraper] DEBUG: Scraped from <200 https://www.transtutors.com/questions/economics/12/>
{'category': ['economy'],
 'date': [datetime.datetime(2020, 2, 5, 23, 29, 52, 534655)],
 'link': ['https://www.transtutors.com/questions/true-or-false-adam-smith-works-in-walmart-his-concepts-live-on--5186747.htm',
          'https://www.transtutors.com/questions/true-and-false-26-a-monopsony-is-a-market-situation-in-which-there-is-only-one-selle-5186746.htm',
          'https://www.transtutors.com/questions/true-and-false-21-in-general-the-quantity-of-savings-supplied-to-be-used-for-lending-5186745.htm',
          'https://www.transtutors.com/questions/true-or-false-2-pts-each-2392-320-w-woh2o-youtz-3ht-limonoel-333-no2tvaw-getimuimu-1-5186744.htm',
          'https://www.transtutors.com/questions/true-or-false-a-unitary-elasticity-implies-that-if-the-price-of-that-good-or-service-5186743.htm',
          'https://www.transtutors.com/questions/which-is-true-about-differences-between-the-static-standard-ad-as-model-and-the-dyna-5186742.htm',
          'https://www.transtutors.com/questions/i-am-having-trouble-explaining-the-reasoning-i-39-m-not-even-sure-where-to-start-can-5186741.htm',
          'https://www.transtutors.com/questions/trouble-choosing-student-line-of-credit-i-have-gone-to-banks-and-i-need-some-help-de-5186740.htm',
          'https://www.transtutors.com/questions/answer-critical-analysis-question-troduction-do-tra-issues-and-applications-bottled--5186739.htm',
          'https://www.transtutors.com/questions/the-trilemma-of-international-finance-refers-to-three-competing-goals-make-the-count-5186738.htm',
          'https://www.transtutors.com/questions/transportation-from-a-remote-hillside-community-to-the-nearest-town-30-miles-away-th-5186737.htm',
          'https://www.transtutors.com/questions/transfer-pricing-tax-games-amazon-edition-5-points-huawei-produces-the-honor-phone-i-5186736.htm',
          'https://www.transtutors.com/questions/a-trader-creates-a-long-butterfly-spread-from-options-with-strike-prices-60-65-and-7-5186735.htm',
          'https://www.transtutors.com/questions/is-the-trade-deficit-in-goods-and-services-a-good-indicator-of-a-country-39-s-econom-5186733.htm',
          'https://www.transtutors.com/questions/trace-the-impact-of-a-contractionary-monetary-policy-on-bind-price-5186732.htm',
          'https://www.transtutors.com/questions/please-explain-this-question-a-town-that-is-deciding-between-alternatives-for-school-5186731.htm',
          'https://www.transtutors.com/questions/tove-dre-correct-com-wulu-be-offset-by-the-deadweight-loss-5-public-goods-a-tend-to--5186730.htm',
          'https://www.transtutors.com/questions/total-a-revenue-marginal-revenue-marginal-cost-mo-120-80-40-80-5-6-5560-5700-5840-48-5186729.htm',
          'https://www.transtutors.com/questions/total-revenue-is-calculated-by-a-multiplying-the-number-of-units-sold-by-the-average-5186728.htm',
          'https://www.transtutors.com/questions/total-reserves-are-equal-to-vault-cash-plus-bank-deposits-at-the-federal-reserve-an--5186727.htm',
          'https://www.transtutors.com/questions/total-population-246-million-civilian-non-institutionalized-population-207-million-l-5186726.htm',
          'https://www.transtutors.com/questions/the-total-cost-in-thousands-of-shillings-tc-of-producing-q-units-of-a-given-product--5186725.htm',
          'https://www.transtutors.com/questions/and-has-total-cost-given-by-a-monopolist-faces-inverse-market-demand-of-p-140-2-39-t-5186724.htm',
          'https://www.transtutors.com/questions/the-total-cost-equation-of-the-upstream-subsidiary-firm-that-produces-a-critical-inp-5186723.htm',
          'https://www.transtutors.com/questions/the-total-cost-equation-of-a-firm-is-c-q-25-8q-this-firm-exhibits-a-constant-return--5186722.htm',
          'https://www.transtutors.com/questions/total-cost-99-e-competitive-firm-deality-los-total-reresse-5-540-15-refer-to-the-tab-5186721.htm',
          'https://www.transtutors.com/questions/total-cos-curve-total-revenue-curve-b-cd-e-a-quantity-in-the-graph-above-the-firm-ma-5186720.htm',
          'https://www.transtutors.com/questions/total-cast-total-resease-5-300-540-630-720-570-berta-the-table-3-competitive-firm-th-5186719.htm',
          'https://www.transtutors.com/questions/tor-rabor-as-a-tunction-of-w-and-p-tor-uie-tms-siroi-tuir-uemana-0-a-firm-has-a-prod-5186718.htm',
          'https://www.transtutors.com/questions/which-of-these-topics-is-most-likely-to-be-included-in-a-microeconomics-course-selec-5186717.htm',
          'https://www.transtutors.com/questions/intermediate-macro-please-submit-all-4-answers-with-working-topic-output-inflation-t-5186716.htm',
          'https://www.transtutors.com/questions/intermediate-macro-please-submit-all-answers-with-working-topic-monetary-policy-1-wh-5186715.htm',
          'https://www.transtutors.com/questions/what-are-the-top-10-reasons-jimmy-carter-was-one-of-the-better-president-5186714.htm',
          'https://www.transtutors.com/questions/tom-jones-jr-is-an-aspiring-karaoke-singer-he-is-currently-the-favorite-in-a-nationa-5186713.htm',
          'https://www.transtutors.com/questions/if-we-were-told-that-the-estimated-production-function-for-a-particular-brand-of-gin-5186712.htm',
          'https://www.transtutors.com/questions/today-the-average-undergraduate-student-is-responsible-for-paying-off-a-4-000-balanc-5186711.htm',
          'https://www.transtutors.com/questions/today-apple-has-a-number-of-iphones-on-the-market-with-a-variety-of-price-points-how-5186710.htm',
          'https://www.transtutors.com/questions/when-tobin-39-s-q-rises-a-the-firm-should-invest-more-b-the-firm-is-worth-less-to-fi-5186709.htm',
          'https://www.transtutors.com/questions/tnu-a-coche-this-tr-tc-g-i-lgamal-profit-is-m-y-pad-where-p-avc-1-afir-d-e-hele-de-n-5186708.htm',
          'https://www.transtutors.com/questions/tion-4-the-b-c-ratio-for-a-flood-control-project-along-a-river-was-calculated-to-be--5186707.htm',
          'https://www.transtutors.com/questions/timed-test-this-test-has-a-time-limit-of-3-hours-this-test-will-save-and-submit-auto-5186706.htm',
          'https://www.transtutors.com/questions/when-the-time-to-maturity-decrease-with-all-else-remaining-the-same-which-of-the-fol-5186705.htm',
          'https://www.transtutors.com/questions/tim-is-considering-to-purchase-a-fire-insurance-which-covers-all-the-loss-from-fire--5186704.htm',
          'https://www.transtutors.com/questions/thunder-corporation-is-an-american-firm-that-owns-an-asset-in-norwich-england-whose--5186703.htm',
          'https://www.transtutors.com/questions/throx-sells-higher-end-custom-design-socks-in-three-sock-sets-rather-than-two-the-co-5186702.htm',
          'https://www.transtutors.com/questions/for-the-three-scenarios-below-determine-whether-or-not-each-person-should-be-covered-5186701.htm',
          'https://www.transtutors.com/questions/this-is-a-three-part-question-examining-a-problem-that-arises-even-when-the-governme-5186700.htm',
          'https://www.transtutors.com/questions/thinking-economics-course-and-identify-a-personal-choice-you-made-discuss-how-econom-5186699.htm',
          'https://www.transtutors.com/questions/you-are-thinking-of-creating-a-new-cryptocurrency-and-you-want-the-block-chain-to-ha-5186698.htm',
          'https://www.transtutors.com/questions/how-do-you-think-whether-china-or-japan-holds-the-edges-in-the-modern-time-especiall-5186697.htm'],
 'project': ['trans'],
 'referring_link': ['https://www.transtutors.com/questions/economics/12/'],
 'spider': ['trans_links']}
2020-02-05 23:29:52 [scrapy.core.engine] DEBUG: Crawled (200) <GET https://www.transtutors.com/questions/economics/14/> (referer: https://www.google.com/) ['cached']
2020-02-05 23:29:52 [scrapy.core.scraper] DEBUG: Scraped from <200 https://www.transtutors.com/questions/economics/13/>
{'category': ['economy'],
 'date': [datetime.datetime(2020, 2, 5, 23, 29, 52, 706952)],
 'link': ['https://www.transtutors.com/questions/do-you-think-the-political-institutions-can-be-considered-as-significant-incentives--5186696.htm',
          'https://www.transtutors.com/questions/why-do-you-think-people-are-interested-in-an-alternative-currency-and-specifically-b-5186695.htm',
          'https://www.transtutors.com/questions/what-do-you-think-about-the-future-of-the-eyewear-industry-do-you-think-there-is-a-d-5186694.htm',
          'https://www.transtutors.com/questions/what-do-you-think-the-entrepreneur-sam-walton-did-wrong-in-his-career--5186693.htm',
          'https://www.transtutors.com/questions/how-do-you-think-americans-look-at-police-departments-in-north-america-after-inciden-5186692.htm',
          'https://www.transtutors.com/questions/other-things-the-same-if-the-long-run-aggregate-supply-curve-shifts-right-prices-a--5186691.htm',
          'https://www.transtutors.com/questions/other-things-the-same-if-a-country-saves-more-then-a-net-capital-outflow-rises-so-ne-5186690.htm',
          'https://www.transtutors.com/questions/other-things-the-same-if-the-central-bank-decreases-the-rate-at-which-it-increases-t-5186689.htm',
          'https://www.transtutors.com/questions/tf1the-difference-between-the-long-run-and-the-short-run-framework-is-that-the-long--5186688.htm',
          'https://www.transtutors.com/questions/tf-6-potential-labor-force-is-the-same-as-saying-all-those-who-are-employed-inflatio-5186687.htm',
          'https://www.transtutors.com/questions/your-textbook-summarize-the-main-economic-concepts-from-chapters-1-and-2-in-tables-f-5186686.htm',
          'https://www.transtutors.com/questions/textbook-exercise-10-as-the-owner-of-the-only-tennis-club-in-an-isolated-wealthy-com-5186685.htm',
          'https://www.transtutors.com/questions/how-do-you-get-all-of-these-numbers-text-problem-6ab-y-kan-where-kis-capital-n-is-la-5186684.htm',
          'https://www.transtutors.com/questions/texas-instruments-once-announced-a-price-for-random-access-memories-to-be-available--5186683.htm',
          'https://www.transtutors.com/questions/test-the-following-hypotheses-by-using-the-2-goodness-of-fit-test-h-0-p-a-0-2-p-b-0--5186682.htm',
          'https://www.transtutors.com/questions/test-ch-3-back-to-attempts-average-4-3-problems-and-applications-q3-eileen-and-kate--5186681.htm',
          'https://www.transtutors.com/questions/this-test-50p-the-figure-to-the-right-shows-the-demand-and-supply-curves-for-the-alm-5186680.htm',
          'https://www.transtutors.com/questions/term-paper-term-paper-topics-a-discuss-current-macroeconomic-trends-and-challenges-o-5186679.htm',
          'https://www.transtutors.com/questions/term-paper-discuss-current-macroeconomic-trends-and-challenges-of-the-turkish-econom-5186678.htm',
          'https://www.transtutors.com/questions/the-term-ipo-stands-for-initial-public-offering-as-when-a-corporaton-raises-equity-c-5186677.htm',
          'https://www.transtutors.com/questions/the-same-television-set-cost-250-in-the-united-state-750-in-france-400-in-the-united-5186676.htm',
          'https://www.transtutors.com/questions/can-a-technology-exhibit-the-increasing-return-to-scale-even-if-all-of-its-marginal--5186675.htm',
          'https://www.transtutors.com/questions/technology-has-changed-the-way-companies-price-goods-and-service-list-2-3-well-known-5186674.htm',
          'https://www.transtutors.com/questions/if-you-are-a-teacher-find-it-1-what-classroom-approaches-and-strategies-would-you-ap-5186673.htm',
          'https://www.transtutors.com/questions/please-show-steps-to-the-solution-taxes-9-marks-on-the-basis-of-the-after-tax-annual-5186672.htm',
          'https://www.transtutors.com/questions/the-tax-rate-cuts-was-supposed-to-reduce-tax-burden-on-both-the-harley-davidson-plan-5186671.htm',
          'https://www.transtutors.com/questions/tax-question-how-do-state-tax-payment-or-state-death-tax-payments-affect-the-estate--5186670.htm',
          'https://www.transtutors.com/questions/task-4-competition-in-the-short-run-iii-each-of-the-10-firms-in-a-competitive-market-5186669.htm',
          'https://www.transtutors.com/questions/task-2-short-run-production-one-variable-and-one-fixed-input-ii-consider-the-followi-5186668.htm',
          'https://www.transtutors.com/questions/task-1-you-are-starting-a-new-business-in-which-you-have-decided-to-sell-two-product-5186667.htm',
          'https://www.transtutors.com/questions/task-1-residual-demand-the-equation-for-market-demand-is-given-by-qd-950-10p-and-the-5186666.htm',
          'https://www.transtutors.com/questions/tars-per-pound-10-price-elasticity-of-supply-in-the-short-run-and-long-run-the-follo-5186665.htm',
          'https://www.transtutors.com/questions/target-country-factors-that-should-be-considered-when-choosing-a-mode-of-entry-inclu-5186664.htm',
          'https://www.transtutors.com/questions/tangent-line-of-i-givo-that-39-19683-use-the-f-x-x-to-3-000-125-quot-find-the-point--5186663.htm',
          'https://www.transtutors.com/questions/t-aking-a-look-at-the-market-for-cigarettes-the-government-taxes-them-quite-a-bit-us-5186662.htm',
          'https://www.transtutors.com/questions/take-a-test-spencer-daniel-google-chrome-mathxl-com-student-playertest-aspx-testld-2-5186661.htm',
          'https://www.transtutors.com/questions/take-test-reading-quiz-ich-x-o-at-https-bbhosted-cuny-edu-webapps-assessment-take-la-5186660.htm',
          'https://www.transtutors.com/questions/do-not-take-amazon-please-the-textbook-authors-explain-that-firms-often-face-increas-5186659.htm',
          'https://www.transtutors.com/questions/why-does-tacit-collusion-in-the-commercial-waste-hauling-business-often-take-the-for-5186658.htm',
          'https://www.transtutors.com/questions/taceek-e-4-00n-21-m-y-the-d-c-the-ng-or-la-a-mtps-eam-outhwsthedal-elcontent-1331wco-5186657.htm',
          'https://www.transtutors.com/questions/table-waing-to-pr-for-asketbal-e-consumer-wulingnes-to-pay-150-t40-mile-marie-larry--5186656.htm',
          'https://www.transtutors.com/questions/table-variable-costs-for-lots-quantity-of-lots-variable-costs-0-10-200-20-300-30-500-5186655.htm',
          'https://www.transtutors.com/questions/table-total-cost-for-a-few-competithe-firm-quantity-per-period-total-cost-s10-to-30--5186654.htm',
          'https://www.transtutors.com/questions/table-soybean-cost-quantity-of-soybeans-bushels-total-cost-mc-tc-12-0-2-26-33-42-4-5-5186653.htm',
          'https://www.transtutors.com/questions/the-table-below-shows-the-weekly-marginal-cost-mc-and-average-total-cost-atc-for-bud-5186652.htm',
          'https://www.transtutors.com/questions/price-elasticity-questions-will-thumbs-up-for-explanation-the-table-below-shows-the--5186651.htm',
          'https://www.transtutors.com/questions/the-below-table-shows-both-a-hypothetical-market-demand-and-hypothetical-market-supp-5186650.htm',
          'https://www.transtutors.com/questions/the-table-below-shows-the-demand-for-a-new-resort-that-has-a-monopoly-in-its-market--5186649.htm',
          'https://www.transtutors.com/questions/gt-gt-answer-to-the-sam-quot-src-quot-https-files-transtutors-com-cdn-qimg-03fdcd12-5186648.htm',
          'https://www.transtutors.com/questions/the-table-below-sets-out-the-total-product-plan-of-a-firm-operating-in-a-perfectly-c-5186647.htm'],
 'project': ['trans'],
 'referring_link': ['https://www.transtutors.com/questions/economics/13/'],
 'spider': ['trans_links']}
2020-02-05 23:29:52 [scrapy.core.engine] DEBUG: Crawled (200) <GET https://www.transtutors.com/questions/economics/15/> (referer: https://www.google.com/) ['cached']
2020-02-05 23:29:52 [scrapy.core.scraper] DEBUG: Scraped from <200 https://www.transtutors.com/questions/economics/14/>
{'category': ['economy'],
 'date': [datetime.datetime(2020, 2, 5, 23, 29, 52, 855981)],
 'link': ['https://www.transtutors.com/questions/the-table-represents-the-market-share-of-the-10-largest-steel-producers-firm-market--5186646.htm',
          'https://www.transtutors.com/questions/the-table-below-pertains-to-pirway-an-economy-in-which-the-typical-consumer-39-s-bas-5186645.htm',
          'https://www.transtutors.com/questions/the-table-below-gives-robbie-39-s-willingness-to-pay-utility-for-various-hours-of-on-5186644.htm',
          'https://www.transtutors.com/questions/in-the-table-given-below-y-represents-the-aggregate-expenditure-of-the-economy-on-c--5186643.htm',
          'https://www.transtutors.com/questions/the-table-below-describes-the-number-of-yards-of-cloth-and-barrels-of-wine-that-can--5186642.htm',
          'https://www.transtutors.com/questions/table-6-nintendo-reduce-price-don-39-t-reduce-price-10-million-40-million-30-million-5186641.htm',
          'https://www.transtutors.com/questions/table-5-fishy-friends-honey-bee-and-chicken-of-the-ocean-are-two-firms-in-the-canned-5186640.htm',
          'https://www.transtutors.com/questions/table-5-fishy-friends-honey-bee-and-chicken-of-the-ocean-are-two-firms-in-the-canned-5186639.htm',
          'https://www.transtutors.com/questions/table-35-1-country-tons-of-soybeans-china-100-united-states-150-based-on-the-informa-5186638.htm',
          'https://www.transtutors.com/questions/table-3-1-total-labour-input-total-output-per-day-20-50-74-4-90-use-the-information--5186637.htm',
          'https://www.transtutors.com/questions/table-24-7-the-table-below-applies-to-economy-with-two-roods-hamburgers-and-hot-dors-5186636.htm',
          'https://www.transtutors.com/questions/table-16-3-the-following-table-shows-the-output-produced-by-each-of-the-top-eight-fi-5186635.htm',
          'https://www.transtutors.com/questions/table-15-1-quantity-price-35-marginal-average-revenue-revenue-total-revenue-35-64-32-5186634.htm',
          'https://www.transtutors.com/questions/table-15-1-the-evolution-of-output-per-capita-in-five-rich-countries-since-1950-rati-5186633.htm',
          'https://www.transtutors.com/questions/table-14-8-suppose-that-a-firm-in-a-competitive-market-faces-the-following-revenues--5186632.htm',
          'https://www.transtutors.com/questions/table-13-3-quantity-price-dollars-total-revenue-total-variable-dollars-cost-dollars--5186631.htm',
          'https://www.transtutors.com/questions/table-13-3-quantity-price-dollars-21-total-revenue-total-variable-dollars-cost-dolla-5186630.htm',
          'https://www.transtutors.com/questions/table-13-2-anne-39-s-premium-packaging-service-subcontracts-with-a-chocolate-manufac-5186629.htm',
          'https://www.transtutors.com/questions/need-help-with-these-two-questions-please-can-you-show-solution-or-graph-thanks-tabl-5186628.htm',
          'https://www.transtutors.com/questions/t-u-in-in-case-firm-b-receives-a-per-unit-subsidy-of-25-problem-2-20-points-a-county-5186627.htm',
          'https://www.transtutors.com/questions/t-f-46-if-aggregate-income-is-below-target-income-the-appropriate-fiscal-policy-put--5186626.htm',
          'https://www.transtutors.com/questions/t-f-35-classical-economics-is-based-on-the-works-of-john-maynard-keyes-t-f-36-keynes-5186625.htm',
          'https://www.transtutors.com/questions/t-f-26-depreciation-can-be-considered-as-a-part-of-production-costs-t-f-27-a-transfe-5186624.htm',
          'https://www.transtutors.com/questions/t-f-11-gross-domestic-product-gdp-can-be-calculated-using-either-the-expenditure-met-5186623.htm',
          'https://www.transtutors.com/questions/t-consider-two-firms-facing-the-demand-curve-p-60-5q-187-where-q-q-q2-the-firms-39-c-5186622.htm',
          'https://www.transtutors.com/questions/t-0-35-28-jesse-graham-attempt-1-responsibility-accountability-due-process-question--5186621.htm',
          'https://www.transtutors.com/questions/the-sysco-case-sysco-is-the-largest-food-service-distributor-in-north-america-foodse-5186620.htm',
          'https://www.transtutors.com/questions/are-synthetic-cdo-s-any-safer-than-standard-cdo-s-they-imitated-why-or-why-not--5186619.htm',
          'https://www.transtutors.com/questions/for-the-symmetric-matrix-game-below-2-60-45-0-10-60-45-0-10-0-60-45-10-d-45-45-45-0--5186618.htm',
          'https://www.transtutors.com/questions/swicaciverdlib-15-when-the-required-reserve-ratio-is-decreased-the-excess-reserves--5186617.htm',
          'https://www.transtutors.com/questions/swicaciverdlib-15-when-the-required-reserve-ratio-is-decreased-the-excess-reserves--5186616.htm',
          'https://www.transtutors.com/questions/swhat-function-is-money-serving-when-you-take-it-on-a-trip-and-keep-it-in-your-walle-5186615.htm',
          'https://www.transtutors.com/questions/29-30-31-sweet-so-ns-we-wa-2300-powd-30-ros-44-mb-74-t-the-motor-conta-at-the-5186614.htm',
          'https://www.transtutors.com/questions/suvs-millions-per-year-5-a-4-b-d-2-6-4-5-2-millions-per-year-compact-cars-11-the-fig-5186613.htm',
          'https://www.transtutors.com/questions/sustainable-development-is-now-a-broadly-accepted-ideal-but-individuals-working-in-d-5186612.htm',
          'https://www.transtutors.com/questions/what-is-surplus-value-use-the-concepts-of-absolute-surplus-value-and-relative-surplu-5186611.htm',
          'https://www.transtutors.com/questions/if-there-is-a-surplus-of-loanable-funds-the-quantity-of-loanable-funds-demanded-is-g-5186610.htm',
          'https://www.transtutors.com/questions/true-or-false-sups-3-vendors-of-some-large-retailers-can-access-the-retailers-39-ext-5186609.htm',
          'https://www.transtutors.com/questions/suppose-that-yt-a-k-0-5-n-0-5-the-economy-is-on-the-balanced-growth-path-in-yeart-wh-5186608.htm',
          'https://www.transtutors.com/questions/suppose-that-in-the-year-2005-the-number-of-birth-is-temporarily-high-5186607.htm',
          'https://www.transtutors.com/questions/suppose-the-world-price-is-1-how-much-of-the-good-will-be-supplied-how-much-will-con-5186606.htm',
          'https://www.transtutors.com/questions/suppose-that-wages-in-the-automobile-industry-increase-the-labor-supply-curve-for-ot-5186605.htm',
          'https://www.transtutors.com/questions/suppose-that-the-wage-is-20-per-hour-in-a-two-sector-manufacturing-and-agriculture-s-5186604.htm',
          'https://www.transtutors.com/questions/suppose-that-utility-function-takes-this-form-u1-f-y1-u2-where-1-and-2-stand-for-dif-5186603.htm',
          'https://www.transtutors.com/questions/suppose-that-utility-for-a-consumer-is-given-by-u-x-y-min-3x-1y-when-the-price-of-x--5186602.htm',
          'https://www.transtutors.com/questions/suppose-the-u-s-national-marine-fisheries-services-nmfs-is-considering-implementing--5186601.htm',
          'https://www.transtutors.com/questions/suppose-the-united-states-and-mexioo-both-produce-hamburgers-and-tacos-e-combination-5186600.htm',
          'https://www.transtutors.com/questions/suppose-the-united-states-imposes-tariffs-on-oranges-from-france-price-of-oranges-do-5186599.htm',
          'https://www.transtutors.com/questions/suppose-that-ty-george-joe-and-ted-are-potential-buyers-of-a-rare-honus-wagner-baseb-5186597.htm',
          'https://www.transtutors.com/questions/suppose-that-two-players-are-playing-the-following-game-player-1-can-choose-either-t-5186596.htm'],
 'project': ['trans'],
 'referring_link': ['https://www.transtutors.com/questions/economics/14/'],
 'spider': ['trans_links']}
2020-02-05 23:29:53 [scrapy.core.engine] DEBUG: Crawled (200) <GET https://www.transtutors.com/questions/economics/16/> (referer: https://www.google.com/) ['cached']
2020-02-05 23:29:53 [scrapy.core.scraper] DEBUG: Scraped from <200 https://www.transtutors.com/questions/economics/15/>
{'category': ['economy'],
 'date': [datetime.datetime(2020, 2, 5, 23, 29, 53, 24073)],
 'link': ['https://www.transtutors.com/questions/suppose-that-two-players-are-playing-the-following-game-player-1-can-choose-either-t-5186595.htm',
          'https://www.transtutors.com/questions/suppose-that-there-are-only-two-goods-x-and-y-and-good-y-is-an-inferior-good-the-dem-5186594.htm',
          'https://www.transtutors.com/questions/suppose-there-are-two-firms-each-emits-30-units-of-pollution-and-the-state-pollution-5186593.htm',
          'https://www.transtutors.com/questions/suppose-that-two-bidders-in-an-auction-have-independent-private-values-the-bidders-b-5186592.htm',
          'https://www.transtutors.com/questions/suppose-that-the-total-cost-function-for-a-public-utility-monopolist-is-given-by-tc--5186591.htm',
          'https://www.transtutors.com/questions/suppose-there-are-three-groups-of-individuals-one-group-has-a-discount-rate-less-tha-5186590.htm',
          'https://www.transtutors.com/questions/suppose-that-three-firms-1-2-and-3-produce-a-homogeneous-product-in-a-market-with-ma-5186589.htm',
          'https://www.transtutors.com/questions/suppose-that-there-are-three-beachfront-parcels-of-land-available-for-sale-in-huntin-5186588.htm',
          'https://www.transtutors.com/questions/suppose-you-are-tasked-with-designing-a-policy-to-lower-emissions-from-automobile-u-5186587.htm',
          'https://www.transtutors.com/questions/suppose-the-table-below-represents-the-payoff-matrix-for-two-firms-in-duopoly-who-ar-5186586.htm',
          'https://www.transtutors.com/questions/suppose-the-table-below-represents-the-payoff-matrix-for-two-firms-in-duopoly-who-ar-5186585.htm',
          'https://www.transtutors.com/questions/suppose-a-student-39-s-beliefs-as-to-what-the-other-9-students-will-do-are-as-follow-5186584.htm',
          'https://www.transtutors.com/questions/suppose-you-spend-400-on-ingredients-and-spend-two-days-baking-various-breads-to-sel-5186583.htm',
          'https://www.transtutors.com/questions/suppose-you-are-a-social-security-recipient-in-2006-you-receive-400-per-month-in-soc-5186582.htm',
          'https://www.transtutors.com/questions/suppose-in-the-short-run-all-firms-have-total-cost-given-by-tc-10-5q-q-suppose-the-p-5186581.htm',
          'https://www.transtutors.com/questions/suppose-that-the-saving-is-50-disposable-income-is-1-000-and-autonomous-consumption--5186580.htm',
          'https://www.transtutors.com/questions/suppose-sarah-39-s-utility-function-is-given-by-u-f-c-3-5ln-f-2-5ln-c-3-where-c-is-c-5186579.htm',
          'https://www.transtutors.com/questions/need-t-test-for-this-question-suppose-that-from-a-sample-of-63-observations-the-leas-5186578.htm',
          'https://www.transtutors.com/questions/suppose-russia-can-produce-either-600-pianos-or-400-hdtvs-and-italy-can-produce-eith-5186577.htm',
          'https://www.transtutors.com/questions/suppose-the-required-reserve-ratio-is-10-a-10-million-deposit-allows-commercial-bank-5186576.htm',
          'https://www.transtutors.com/questions/suppose-a-recession-in-europe-reduces-u-s-net-exports-at-every-price-level-which-of--5186575.htm',
          'https://www.transtutors.com/questions/suppose-you-will-receive-a-payment-of-200-one-year-from-now-true-or-false-during-the-5186574.htm',
          'https://www.transtutors.com/questions/suppose-that-real-gdp-increases-by-5-percent-while-the-population-of-a-country-incre-5186573.htm',
          'https://www.transtutors.com/questions/suppose-you-have-quarterly-data-on-gdp-growth-not-seasonally-adjusted-and-relate-thi-5186572.htm',
          'https://www.transtutors.com/questions/suppose-q1-4-q2-7-p1-6-p2-8-and-p3-10-then-when-the-tax-is-imposed--5186571.htm',
          'https://www.transtutors.com/questions/suppose-q1-4-q2-7-p1-6-p2-8-and-p3-10-then-when-the-tax-is-imposed--5186570.htm',
          'https://www.transtutors.com/questions/suppose-that-purely-competitive-firms-producing-cashews-discover-that-pexceeds-mc-a--5186569.htm',
          'https://www.transtutors.com/questions/suppose-that-the-production-function-of-a-firm-is-f-l-m-4l-1-3-m-1-3-where-l-is-the--5186568.htm',
          'https://www.transtutors.com/questions/suppose-that-a-price-taker-had-a-marginal-cost-function-given-by-mc-10-29-1h-market--5186567.htm',
          'https://www.transtutors.com/questions/suppose-that-the-price-of-salt-per-pound-rises-from-15-cent-to-17-cent-the-quantity--5186566.htm',
          'https://www.transtutors.com/questions/suppose-the-price-of-bread-rises-this-rise-could-be-the-result-of-principle-of-econo-5186565.htm',
          'https://www.transtutors.com/questions/suppose-that-when-the-price-of-apple-juice-is-10-there-12-units-of-apple-juice-sold--5186564.htm',
          'https://www.transtutors.com/questions/suppose-when-pillows-cost-5-each-consumers-buy-100-of-them-per-week-when-they-go-on--5186563.htm',
          'https://www.transtutors.com/questions/suppose-that-you-are-the-owner-and-operator-of-a-perfectly-competitive-firm-with-the-5186562.htm',
          'https://www.transtutors.com/questions/need-help-on-17-18-19-the-answers-are-800-25-and-1250-please-include-formulas-and-pr-5186561.htm',
          'https://www.transtutors.com/questions/suppose-you-operate-in-a-monopoly-environment-and-you-set-your-price-in-order-to-ach-5186560.htm',
          'https://www.transtutors.com/questions/suppose-that-you-have-an-old-car-that-is-a-real-gas-guzzler-it-is-10-years-old-and-c-5186559.htm',
          'https://www.transtutors.com/questions/suppose-there-is-a-negative-aggregate-demand-shock-explain-the-policy-stabilizes-eco-5186558.htm',
          'https://www.transtutors.com/questions/suppose-a-monopolist-is-can-price-discriminate-between-two-groups-of-consumers-group-5186557.htm',
          'https://www.transtutors.com/questions/suppose-a-monopolist-firm-produces-a-medicine-and-can-engage-in-34-degree-price-disc-5186556.htm',
          'https://www.transtutors.com/questions/suppose-a-monopolist-firm-engages-in-a-two-part-tariff-the-firm-39-s-cost-is-given-b-5186555.htm',
          'https://www.transtutors.com/questions/suppose-a-monopolist-can-engage-in-the-following-price-scheme-the-first-2-units-of-a-5186554.htm',
          'https://www.transtutors.com/questions/suppose-that-there-is-a-monetary-expansion-what-are-the-effects-of-this-monetary-exp-5186553.htm',
          'https://www.transtutors.com/questions/suppose-mexicans-suddenly-develop-a-strong-taste-for-japanese-anime-an-animation-sty-5186552.htm',
          'https://www.transtutors.com/questions/suppose-the-market-supply-curve-in-a-competitive-market-is-given-by-is-q-2p-10-at-a--5186551.htm',
          'https://www.transtutors.com/questions/suppose-the-market-for-loanable-funds-is-in-equilibrium-given-the-numbers-below-find-5186550.htm',
          'https://www.transtutors.com/questions/suppose-that-a-market-is-described-by-the-following-supply-and-demand-equations-qs-2-5186549.htm',
          'https://www.transtutors.com/questions/suppose-a-market-demand-for-a-resource-is-p-200-4q-and-supply-is-p-80-2q-1-what-39-s-5186548.htm',
          'https://www.transtutors.com/questions/suppose-a-market-demand-for-a-resource-is-p-200-4q-and-supply-is-p-80-2q-1-what-39-s-5186547.htm',
          'https://www.transtutors.com/questions/suppose-the-marginal-cost-of-writing-a-contract-of-length-l-is-mcl-10-4l-find-the-op-5186546.htm'],
 'project': ['trans'],
 'referring_link': ['https://www.transtutors.com/questions/economics/15/'],
 'spider': ['trans_links']}
2020-02-05 23:29:53 [scrapy.core.engine] DEBUG: Crawled (200) <GET https://www.transtutors.com/questions/economics/17/> (referer: https://www.google.com/) ['cached']
2020-02-05 23:29:53 [scrapy.core.scraper] DEBUG: Scraped from <200 https://www.transtutors.com/questions/economics/16/>
{'category': ['economy'],
 'date': [datetime.datetime(2020, 2, 5, 23, 29, 53, 207903)],
 'link': ['https://www.transtutors.com/questions/suppose-a-local-tennis-club-charges-customers-a-membership-fee-as-well-as-a-price-pe-5186545.htm',
          'https://www.transtutors.com/questions/suppose-life-expectancy-in-years-l-is-a-function-of-two-inputs-health-expenditures-h-5186544.htm',
          'https://www.transtutors.com/questions/suppose-you-had-knowledge-of-the-biology-of-a-certain-renewable-resource-e-g-a-harve-5186543.htm',
          'https://www.transtutors.com/questions/suppose-that-you-know-the-following-information-about-the-economy-the-rate-of-change-5186542.htm',
          'https://www.transtutors.com/questions/need-help-for-14-and-15-the-answers-are-20-25-14-and-4-75-15-please-include-formulas-5186541.htm',
          'https://www.transtutors.com/questions/please-help-12-answer-is-50-but-include-process-and-formulas-thank-you-suppose-that--5186540.htm',
          'https://www.transtutors.com/questions/suppose-joe-purchases-5-six-packs-of-beer-per-month-when-his-monthly-income-is-100-j-5186539.htm',
          'https://www.transtutors.com/questions/suppose-an-investment-project-is-projected-to-provide-200-000-in-revenues-after-1-ye-5186538.htm',
          'https://www.transtutors.com/questions/true-or-false-suppose-the-investment-function-does-not-depend-on-interest-rate-but-i-5186537.htm',
          'https://www.transtutors.com/questions/suppose-that-inventory-investment-is-20-billion-and-total-investment-is-680-billion--5186536.htm',
          'https://www.transtutors.com/questions/suppose-you-are-interested-in-explaining-variation-in-monthly-ice-cream-consumption--5186534.htm',
          'https://www.transtutors.com/questions/suppose-the-interest-rate-is-6-percent-the-expected-growth-rate-of-your-firm-is-3-pe-5186533.htm',
          'https://www.transtutors.com/questions/suppose-that-the-insurance-company-would-set-the-premium-by-imposing-a-zero-profit-r-5186532.htm',
          'https://www.transtutors.com/questions/suppose-that-an-industry-consists-of-10-identical-firms-the-total-cost-of-each-firm--5186531.htm',
          'https://www.transtutors.com/questions/suppose-that-an-industry-consists-of-10-identical-firms-the-total-cost-of-each-firm--5186530.htm',
          'https://www.transtutors.com/questions/suppose-that-an-individual-39-s-indirect-utm-i-pxyx-p-yy-pep-v-px-py-i-where-px-and--5186529.htm',
          'https://www.transtutors.com/questions/suppose-that-if-we-have-no-income-we-must-borrow-15-000-to-buy-needed-goods-when-our-5186528.htm',
          'https://www.transtutors.com/questions/suppose-the-hourly-wage-is-15-and-the-price-of-each-unit-of-capital-is-25-the-price--5186527.htm',
          'https://www.transtutors.com/questions/suppose-home-demand-was-ph-100-qh-foreign-demand-was-pf-80-qf-and-mc-2-qh-qf-a-wha-5186526.htm',
          'https://www.transtutors.com/questions/suppose-you-are-hired-at-w1-39-000-per-year-the-first-year-after-you-graduate-the-ne-5186525.htm',
          'https://www.transtutors.com/questions/suppose-that-the-graph-above-represents-the-market-situation-for-a-monopolist-what-w-5186524.htm',
          'https://www.transtutors.com/questions/suppose-that-the-graph-below-represents-the-market-situation-for-a-monopolist-which--5186523.htm',
          'https://www.transtutors.com/questions/suppose-that-the-graph-below-represents-the-market-situation-for-a-firm-under-monopo-5186522.htm',
          'https://www.transtutors.com/questions/suppose-that-after-graduation-you-take-a-job-with-an-employer-that-offers-to-pay-ful-5186521.htm',
          'https://www.transtutors.com/questions/suppose-the-government-wants-to-increase-the-income-of-wheat-farmers-as-shown-in-the-5186520.htm',
          'https://www.transtutors.com/questions/suppose-the-government-wants-to-increase-the-income-of-wheat-farmers-as-shown-in-the-5186519.htm',
          'https://www.transtutors.com/questions/suppose-the-government-scrapped-social-security-today-and-asked-current-and-future-r-5186518.htm',
          'https://www.transtutors.com/questions/suppose-the-government-were-considering-increasing-the-federal-tax-on-gasoline-by-50-5186517.htm',
          'https://www.transtutors.com/questions/suppose-you-are-given-the-following-information-about-some-hypothetical-economy-and--5186516.htm',
          'https://www.transtutors.com/questions/suppose-that-france-and-gemany-both-produce-wine-and-schnitzel-the-table-below-shows-5186515.htm',
          'https://www.transtutors.com/questions/suppose-the-following-table-shows-consumption-c-planned-investment-i-government-purc-5186514.htm',
          'https://www.transtutors.com/questions/suppose-that-the-following-stage-game-is-played-by-three-players-a-1-2-l-r-u-2-2-0-5-5186513.htm',
          'https://www.transtutors.com/questions/suppose-the-following-graph-represents-a-painting-on-a-canvas-use-the-black-point-pl-5186512.htm',
          'https://www.transtutors.com/questions/suppose-your-firm-develops-a-new-pharmaceutical-product-that-may-be-used-to-reduce-b-5186511.htm',
          'https://www.transtutors.com/questions/suppose-that-a-firm-can-choose-between-two-technologies-technology-1-and-technology--5186510.htm',
          'https://www.transtutors.com/questions/suppose-that-you-find-a-motorcycle-that-you-like-and-pay-40-as-a-down-payment-which--5186509.htm',
          'https://www.transtutors.com/questions/suppose-the-federal-reserve-decided-to-buy-40-billion-worth-of-government-securities-5186508.htm',
          'https://www.transtutors.com/questions/suppose-that-a-family-saves-and-borrows-to-buffer-itself-against-changes-in-income-t-5186507.htm',
          'https://www.transtutors.com/questions/suppose-the-expected-return-and-standard-deviation-of-bond-b-are-4-5-and-12-respecti-5186506.htm',
          'https://www.transtutors.com/questions/suppose-there-are-exactly-two-farms-farm-a-and-farm-b-producing-buffalo-gourds-in-ou-5186505.htm',
          'https://www.transtutors.com/questions/suppose-the-equilibrium-price-for-soccer-tickets-in-a-free-market-results-in-15-000--5186504.htm',
          'https://www.transtutors.com/questions/suppose-that-edmund-s-utility-function-can-be-written-as-u-0-5-y-2-what-is-his-margi-5186503.htm',
          'https://www.transtutors.com/questions/suppose-that-in-an-economy-this-year-39-s-money-supply-is-2-million-nominal-gdp-is-1-5186502.htm',
          'https://www.transtutors.com/questions/suppose-the-economy-starts-at-potential-output-suppose-further-that-policy-makers-wa-5186501.htm',
          'https://www.transtutors.com/questions/suppose-the-economy-starts-at-potential-output-suppose-further-that-policy-makers-wa-5186500.htm',
          'https://www.transtutors.com/questions/suppose-the-economy-is-in-short-run-equilibrium-below-potential-gdp-and-congress-and-5186499.htm',
          'https://www.transtutors.com/questions/suppose-that-the-economy-is-producing-above-potential-gdp-and-the-fed-implements-the-5186498.htm',
          'https://www.transtutors.com/questions/suppose-an-economy-produces-and-consumes-only-two-goods-houses-and-entertainment-the-5186497.htm',
          'https://www.transtutors.com/questions/suppose-the-economy-is-initially-in-long-run-equilibrium-the-fed-decides-to-increase-5186496.htm',
          'https://www.transtutors.com/questions/suppose-an-economy-that-is-initially-at-full-employment-faces-a-substantial-drop-in--5186495.htm'],
 'project': ['trans'],
 'referring_link': ['https://www.transtutors.com/questions/economics/16/'],
 'spider': ['trans_links']}
2020-02-05 23:29:53 [scrapy.core.engine] DEBUG: Crawled (200) <GET https://www.transtutors.com/questions/economics/18/> (referer: https://www.google.com/) ['cached']
2020-02-05 23:29:53 [scrapy.core.scraper] DEBUG: Scraped from <200 https://www.transtutors.com/questions/economics/17/>
{'category': ['economy'],
 'date': [datetime.datetime(2020, 2, 5, 23, 29, 53, 370914)],
 'link': ['https://www.transtutors.com/questions/suppose-that-the-economy-is-described-by-the-solow-growth-model-with-the-share-of-in-5186494.htm',
          'https://www.transtutors.com/questions/suppose-the-economy-is-described-by-the-solow-growth-model-where-half-of-national-in-5186493.htm',
          'https://www.transtutors.com/questions/suppose-the-economy-is-currently-experiencing-9-inflation-per-year-if-the-fed-wants--5186492.htm',
          'https://www.transtutors.com/questions/suppose-you-earn-40-000-per-year-and-pay-taxes-based-on-marginal-tax-rates-the-first-5186491.htm',
          'https://www.transtutors.com/questions/suppose-that-a-drought-significantly-reduces-agricultural-production-one-year-in-add-5186490.htm',
          'https://www.transtutors.com/questions/suppose-we-have-a-domestic-monopolist-with-demand-p-100-q-and-mc-q-a-find-autarchy-e-5186489.htm',
          'https://www.transtutors.com/questions/suppose-that-the-domestic-demand-and-supply-equations-for-rhubarb-are-od-60-000-400p-5186488.htm',
          'https://www.transtutors.com/questions/suppose-that-the-demand-of-oranges-incresaes-explain-the-long-run-effects-on-the-pri-5186487.htm',
          'https://www.transtutors.com/questions/suppose-the-demand-for-labor-shifts-rightward-due-to-economic-growth-but-the-supply--5186486.htm',
          'https://www.transtutors.com/questions/suppose-the-demand-for-a-good-is-modeled-by-the-equation-q-5-3p-and-the-supply-for-t-5186485.htm',
          'https://www.transtutors.com/questions/suppose-the-demand-function-for-a-certain-commodity-is-given-by-p-q-30-3-q-2-the-var-5186484.htm',
          'https://www.transtutors.com/questions/suppose-that-the-demand-curve-for-tickets-to-see-a-football-team-is-given-by-q-40-00-5186483.htm',
          'https://www.transtutors.com/questions/suppose-the-demand-curve-for-a-product-is-given-by-q-11-2p-3-ps-where-p-is-the-price-5186482.htm',
          'https://www.transtutors.com/questions/suppose-the-current-equilibrium-price-of-cheese-pizzas-is-11-00-and-9-million-pizzas-5186481.htm',
          'https://www.transtutors.com/questions/suppose-the-cpi-was-110-last-year-and-is-121-this-year-whole-number-in-part-b-round--5186480.htm',
          'https://www.transtutors.com/questions/suppose-a-country-s-government-wants-to-increase-the-country-s-rate-of-economic-grow-5186479.htm',
          'https://www.transtutors.com/questions/suppose-a-country-produces-two-final-goods-only-good-a-and-good-b-in-2017-the-price--5186478.htm',
          'https://www.transtutors.com/questions/suppose-that-the-cost-function-of-a-firm-is-c-y-8y-2-288-a-what-are-the-fixed-costs--5186477.htm',
          'https://www.transtutors.com/questions/suppose-that-the-cost-function-of-a-firm-is-c-y-8y-2-288-a-what-are-the-fixed-costs--5186476.htm',
          'https://www.transtutors.com/questions/suppose-consumption-is-given-by-c-100-0-5-y-t-planned-investment-is-200-government-s-5186475.htm',
          'https://www.transtutors.com/questions/suppose-consumption-is-given-by-c-100-0-5-y-t-planned-investment-is-200-government-s-5186474.htm',
          'https://www.transtutors.com/questions/suppose-consumption-is-given-by-c-100-0-5-y-t-planned-investment-is-200-government-s-5186473.htm',
          'https://www.transtutors.com/questions/suppose-a-consumer-s-preferences-are-represented-by-the-utility-function-u-x-y-x-3-y-5186472.htm',
          'https://www.transtutors.com/questions/suppose-that-you-have-just-completed-the-mechanical-design-of-a-high-speed-automated-5186471.htm',
          'https://www.transtutors.com/questions/suppose-that-coca-cola-and-pepsi-are-substitutes-in-consumption-if-the-price-of-coca-5186470.htm',
          'https://www.transtutors.com/questions/i-suppose-that-the-same-basket-of-goods-is-selling-for-2-000-in-country-h-and-for-1-5186469.htm',
          'https://www.transtutors.com/questions/suppose-that-autonomous-expenditures-i-e-autonomous-consumption-planned-investment-g-5186468.htm',
          'https://www.transtutors.com/questions/suppose-the-actual-federal-funds-rate-is-equal-to-the-rate-implied-by-a-particular-i-5186467.htm',
          'https://www.transtutors.com/questions/supplying-the-right-amount-of-vaccinations-in-society-can-be-a-strong-positive-exter-5186466.htm',
          'https://www.transtutors.com/questions/do-dont-answer-a-supply-shock-is-oa-a-sudden-increase-in-the-pricee-of-an-important--5186465.htm',
          'https://www.transtutors.com/questions/supply-price-demand-quantity-in-the-figure-shown-which-line-a-b-c-or-represents-the--5186464.htm',
          'https://www.transtutors.com/questions/the-supply-and-demand-schedules-for-gasoline-in-the-country-of-drivia-are-given-in-t-5186463.htm',
          'https://www.transtutors.com/questions/the-supply-curve-in-a-market-is-given-by-p-13-15-00-q-while-the-demand-curve-is-p-92-5186462.htm',
          'https://www.transtutors.com/questions/summarize-the-relationship-between-price-elasticity-of-demand-and-marginal-revenue--5186461.htm',
          'https://www.transtutors.com/questions/summarize-the-economic-crisis-of-the-1970s-and-the-so-called-neoliberal-response-to--5186460.htm',
          'https://www.transtutors.com/questions/a-sum-of-500-000-will-be-invested-by-a-firm-two-years-from-now-if-money-is-worth-12--5186459.htm',
          'https://www.transtutors.com/questions/please-solve-this-suffoss-the-sopply-cotve-foc-agoad-iha-2-s-grven-b-a-1sp-martket-i-5186458.htm',
          'https://www.transtutors.com/questions/substitunion-encr-e-3-suppose-the-production-function-for-a-car-manufacturer-is-q-k--5186457.htm',
          'https://www.transtutors.com/questions/there-has-been-a-substantial-depreciation-of-the-u-s-dollar-against-most-major-curre-5186456.htm',
          'https://www.transtutors.com/questions/subject-consumer-behavior-topic-steps-in-decision-making-process-we-are-currently-st-5186455.htm',
          'https://www.transtutors.com/questions/subject-american-government-7-pages-eassay-research-paper-about-the-bills-of-right-i-5186454.htm',
          'https://www.transtutors.com/questions/a-a-study-of-fiscal-policy-since-1970-in-oecd-countries-found-that-successful-fiscal-5186453.htm',
          'https://www.transtutors.com/questions/students-will-be-required-to-create-a-15-minute-presentation-in-a-following-economic-5186452.htm',
          'https://www.transtutors.com/questions/students-ame-35-if-the-bank-of-canada-conducts-monetary-policy-by-setting-a-targeted-5186451.htm',
          'https://www.transtutors.com/questions/i-need-this-fast-please-student-39-s-name-surname-and-id-u-individual-assignment-gdp-5186450.htm',
          'https://www.transtutors.com/questions/are-structural-variables-endogenous-or-exogenous-in-the-regression-model-please-give-5186449.htm',
          'https://www.transtutors.com/questions/why-structural-adjustment-is-necessary-and-why-it-doesnt-work-pdf-1-describe-the-str-5186448.htm',
          'https://www.transtutors.com/questions/why-structural-adjustment-is-necessary-and-why-it-doesn-t-work-pdf-1-describe-the-st-5186447.htm',
          'https://www.transtutors.com/questions/stockh-want-sive-computer-hardware-could-trade-online-to-call-a-stockbroker-and-plac-5186445.htm',
          'https://www.transtutors.com/questions/stockh-want-sive-computer-hardware-could-trade-online-to-call-a-stockbroker-and-plac-5186444.htm'],
 'project': ['trans'],
 'referring_link': ['https://www.transtutors.com/questions/economics/17/'],
 'spider': ['trans_links']}
2020-02-05 23:29:53 [scrapy.core.engine] DEBUG: Crawled (200) <GET https://www.transtutors.com/questions/economics/19/> (referer: https://www.google.com/) ['cached']
2020-02-05 23:29:53 [scrapy.core.scraper] DEBUG: Scraped from <200 https://www.transtutors.com/questions/economics/18/>
{'category': ['economy'],
 'date': [datetime.datetime(2020, 2, 5, 23, 29, 53, 519091)],
 'link': ['https://www.transtutors.com/questions/stockh-want-sive-computer-hardware-could-trade-online-to-call-a-stockbroker-and-plac-5186443.htm',
          'https://www.transtutors.com/questions/stock-market-indices-a-are-average-stock-prices-for-a-group-of-companies-meant-to-me-5186442.htm',
          'https://www.transtutors.com/questions/if-a-stock-is-expected-to-pay-a-dividend-of-60-for-the-current-year-what-is-the-appr-5186441.htm',
          'https://www.transtutors.com/questions/a-stock-brokerage-firm-tends-to-attract-two-types-of-employees-as-stock-traders-70-o-5186440.htm',
          'https://www.transtutors.com/questions/stiun-3-sume-the-fm-repeesented-by-the-figure-below-could-act-as-a-monopolist-sellin-5186439.htm',
          'https://www.transtutors.com/questions/stion-5-100-loan-whose-forma-are-3500-per-month-for-35-months-at-155-a-student-has-a-5186438.htm',
          'https://www.transtutors.com/questions/steve-eisman-portrayed-in-the-movie-the-big-short-as-mark-baum-was-an-original-suppo-5186437.htm',
          'https://www.transtutors.com/questions/step-by-step-explanation-how-to-create-a-youtube-channel-for-business-three-paragrap-5186436.htm',
          'https://www.transtutors.com/questions/the-steel-industry-for-a-long-time-the-steel-industry-was-seen-as-a-static-and-unpro-5186435.htm',
          'https://www.transtutors.com/questions/a-steam-generation-system-at-a-biomassfueled-power-plant-uses-an-electrostatic-preci-5186434.htm',
          'https://www.transtutors.com/questions/a-steam-generation-system-at-a-biomassfueled-power-plant-uses-an-electrostatic-preci-5186433.htm',
          'https://www.transtutors.com/questions/a-steam-generation-system-at-a-biomassfueled-power-plant-uses-an-electrostatic-preci-5186432.htm',
          'https://www.transtutors.com/questions/a-steam-generation-system-at-a-biomassfueled-power-plant-uses-an-electrostatic-preci-5186431.htm',
          'https://www.transtutors.com/questions/help-solve-a-statistics-instructor-is-interested-in-the-ability-of-students-to-asses-5186430.htm',
          'https://www.transtutors.com/questions/statistics-canada-provides-labour-data-in-june-2010-39-as-presented-in-the-table-bel-5186429.htm',
          'https://www.transtutors.com/questions/which-statement-is-false-a-a-rise-in-the-price-level-lowers-real-wealth-and-results--5186428.htm',
          'https://www.transtutors.com/questions/which-statement-correctly-describes-the-impacts-of-tariffs-and-quotas-tariffs-genera-5186427.htm',
          'https://www.transtutors.com/questions/state-whether-the-following-is-true-t-or-not-always-true-f-if-a-c-b-then-a-and-b-are-5186426.htm',
          'https://www.transtutors.com/questions/state-the-six-costs-of-inflation-illustrate-your-answer-with-an-example-5186425.htm',
          'https://www.transtutors.com/questions/state-of-new-york-department-services-name-eco-202-exam-2-fall-2019-q-31-assume-that-5186424.htm',
          'https://www.transtutors.com/questions/what-do-state-fixed-effects-imply-for-the-intercept-in-panel-data-how-much-do-you-es-5186423.htm',
          'https://www.transtutors.com/questions/a-startup-company-korwin-pharmaceuticals-is-a-u-s-pharmaceutical-products-firm-that--5186422.htm',
          'https://www.transtutors.com/questions/standard-economic-theory-assumes-that-people-behave-rationally-the-winner-s-curse-im-5186421.htm',
          'https://www.transtutors.com/questions/standard-economic-theory-assumes-that-people-behave-rationally-the-winner-39-s-curse-5186420.htm',
          'https://www.transtutors.com/questions/sras-phillips-curve-4-595-112-2-high-ad-law-ad-7-5-12-5-a-assume-the-figure-depicts--5186419.htm',
          'https://www.transtutors.com/questions/what-is-the-spending-multiplier-if-the-marginal-propensity-to-consume-is-8-points-mp-5186418.htm',
          'https://www.transtutors.com/questions/we-were-unable-to-transcribe-this-imagespecify-the-relationship-between-the-followin-5186417.htm',
          'https://www.transtutors.com/questions/the-source-of-the-supply-of-loanable-funds-is-investment-and-the-source-of-demand-fo-5186416.htm',
          'https://www.transtutors.com/questions/as-a-soon-to-be-college-graduate-you-will-be-looking-for-a-full-time-job-in-your-fie-5186415.htm',
          'https://www.transtutors.com/questions/what-do-these-songs-or-pick-one-song-have-to-do-with-economics-add-a-bibliographic-r-5186414.htm',
          'https://www.transtutors.com/questions/someu-automat-37-which-of-the-following-would-not-be-a-pareto-superior-movo-a-a-mark-5186413.htm',
          'https://www.transtutors.com/questions/can-someone-please-help-with-questions-that-i-have-posted--5186412.htm',
          'https://www.transtutors.com/questions/can-someone-please-help-me-with-this-consider-a-project-with-an-initial-investment-o-5186411.htm',
          'https://www.transtutors.com/questions/will-someone-please-give-me-an-4-page-answer-these-question-in-your-own-words-and-th-5186410.htm',
          'https://www.transtutors.com/questions/can-someone-explain-in-question-2-c-why-r-value-is-1-5-pi-pi-e-r-y-y-e-p-i-dont-get--5186409.htm',
          'https://www.transtutors.com/questions/can-someone-in-detail-explain-the-following-reagan-revolution-and-reaganomics-5186408.htm',
          'https://www.transtutors.com/questions/can-someone-answer-me-question-d-e-f-please-i-really-need-your-help-guys-answers-of--5186407.htm',
          'https://www.transtutors.com/questions/can-someone-answer-this-asap-with-something-not-already-on-chegg-please-a-what-is-th-5186406.htm',
          'https://www.transtutors.com/questions/solve-the-system-algebraically-4y-13-4-24-complete-your-select-the-correct-cheche-n--5186405.htm',
          'https://www.transtutors.com/questions/solve-a-problem-without-knowing-each-tac-please-draw-a-graph-and-explain-it-in-detai-5186404.htm',
          'https://www.transtutors.com/questions/solve-for-part-v-only-parts-i-ii-iii-and-iv-have-already-been-solved-question-3-in-a-5186403.htm',
          'https://www.transtutors.com/questions/how-do-you-solve-numbers-1-and-3-the-answer-for-1-is-0-2-and-number-3-answer-is-312--5186402.htm',
          'https://www.transtutors.com/questions/solve-game-by-backward-induction-using-the-normal-form-in-the-future-and-past-uj-siu-5186401.htm',
          'https://www.transtutors.com/questions/in-the-solow-model-of-economic-growth-the-accumulation-of-capital-is-subject-to-dimi-5186400.htm',
          'https://www.transtutors.com/questions/solow-growth-model-2-w-write-down-an-equation-of-motion-which-takes-into-considerati-5186399.htm',
          'https://www.transtutors.com/questions/a-solid-waste-recycling-plant-is-considering-two-types-of-storage-bins-determine-whi-5186398.htm',
          'https://www.transtutors.com/questions/a-solid-waste-recycling-plant-is-considering-two-types-of-storage-bins-determine-whi-5186397.htm',
          'https://www.transtutors.com/questions/a-solid-waste-recycling-plant-is-considering-two-types-of-storage-bins-determine-whi-5186396.htm',
          'https://www.transtutors.com/questions/soda-hundreds-of-gallorm-per-day-lack-39-s-ppe-jars-ppe-bortled-water-hundreds-of-al-5186395.htm',
          'https://www.transtutors.com/questions/society-chooses-to-production-of-hospital-beds-falls-from-100-to-50-we-cost-of-one-e-5186394.htm'],
 'project': ['trans'],
 'referring_link': ['https://www.transtutors.com/questions/economics/18/'],
 'spider': ['trans_links']}
2020-02-05 23:29:53 [scrapy.core.engine] DEBUG: Crawled (200) <GET https://www.transtutors.com/questions/economics/20/> (referer: https://www.google.com/) ['cached']
2020-02-05 23:29:53 [scrapy.core.scraper] DEBUG: Scraped from <200 https://www.transtutors.com/questions/economics/19/>
{'category': ['economy'],
 'date': [datetime.datetime(2020, 2, 5, 23, 29, 53, 674002)],
 'link': ['https://www.transtutors.com/questions/what-social-effects-can-influence-the-demand-side-of-real-estate-market-explain--5186393.htm',
          'https://www.transtutors.com/questions/a-small-truck-is-purchased-for-67-000-it-is-expected-to-be-of-use-to-the-company-for-5186392.htm',
          'https://www.transtutors.com/questions/a-small-restaurant-costs-350-000-expected-profits-equal-22-000-year-for-6-years-when-5186391.htm',
          'https://www.transtutors.com/questions/when-a-small-open-economy-is-enjoying-a-trade-surplus-a-reduction-in-savings-may-red-5186390.htm',
          'https://www.transtutors.com/questions/when-a-small-open-economy-is-enjoying-trade-surplus-a-reduction-in-savings-may-reduc-5186389.htm',
          'https://www.transtutors.com/questions/the-small-nation-of-capralia-has-an-abundant-stock-of-pashmina-goats-a-breed-that-yi-5186388.htm',
          'https://www.transtutors.com/questions/a-small-high-speed-commercial-centrifuge-has-the-following-net-cash-flows-and-abando-5186387.htm',
          'https://www.transtutors.com/questions/a-small-high-speed-commercial-centrifuge-has-the-following-net-cash-flows-and-abando-5186386.htm',
          'https://www.transtutors.com/questions/a-small-factory-produces-a-small-toy-with-a-fixed-cost-of-s10-000-month-if-the-facto-5186385.htm',
          'https://www.transtutors.com/questions/small-country-dismalia-imports-education-by-sending-its-students-to-small-country-di-5186384.htm',
          'https://www.transtutors.com/questions/a-small-construction-company-has-100-000-set-aside-in-a-sinking-fund-to-purchase-new-5186383.htm',
          'https://www.transtutors.com/questions/a-small-business-makes-1970s-style-lava-lamps-there-aren-39-t-many-competitors-the-b-5186382.htm',
          'https://www.transtutors.com/questions/slo-5-explicit-cost-implicit-cost-accounting-profit-versus-economic-profit-quot-acco-5186381.htm',
          'https://www.transtutors.com/questions/slems-32-through-36-are-based-on-the-following-information-a-manufacturing-facility--5186380.htm',
          'https://www.transtutors.com/questions/siven-the-following-equations-inflation-do-2-returns-daredit-3-dprod-x4-d-money-tuit-5186379.htm',
          'https://www.transtutors.com/questions/situations-in-which-firms-expect-one-thing-to-happen-but-then-something-else-happens-5186378.htm',
          'https://www.transtutors.com/questions/then-for-each-situation-draw-a-correctly-labeled-phillips-curve-and-show-what-happen-5186377.htm',
          'https://www.transtutors.com/questions/situation-4-1-during-the-winter-of-1973-74-a-general-system-of-wage-and-price-contro-5186375.htm',
          'https://www.transtutors.com/questions/situation-4-1-during-the-winter-of-1973-74-a-general-system-of-wage-and-price-contro-5186374.htm',
          'https://www.transtutors.com/questions/situation-4-1-during-the-winter-of-1973-74-a-general-system-of-wage-and-price-contro-5186373.htm',
          'https://www.transtutors.com/questions/a-single-firm-is-the-only-employer-in-a-labor-market-the-marginal-revenue-product-la-5186372.htm',
          'https://www.transtutors.com/questions/at-its-simplest-level-keynesian-macroeconomics-suggests-there-may-be-a-role-for-gove-5186371.htm',
          'https://www.transtutors.com/questions/at-its-simplest-level-keynesian-macroeconomics-suggests-there-may-be-a-role-for-gove-5186370.htm',
          'https://www.transtutors.com/questions/at-its-simplest-level-keynesian-macroeconomics-suggests-there-may-be-a-role-for-gove-5186369.htm',
          'https://www.transtutors.com/questions/in-a-simple-closed-economy-no-government-or-foreign-sector-if-disposable-income-incr-5186368.htm',
          'https://www.transtutors.com/questions/in-a-simple-closed-economy-no-government-or-foreign-sector-if-disposable-income-incr-5186367.htm',
          'https://www.transtutors.com/questions/for-simmel-what-are-the-differences-between-dyads-and-triads--5186366.htm',
          'https://www.transtutors.com/questions/how-similar-is-e-commerce-to-a-perfectly-competitive-situation-review-the-main-facto-5186365.htm',
          'https://www.transtutors.com/questions/6-7-silly-s2-5-use-gauss-jordan-to-solve-2y-20-35-7-there-are-three-kinds-of-bones-t-5186364.htm',
          'https://www.transtutors.com/questions/signment-3-f19-remaining-time-15-50-34-indicate-the-market-structure-monopolistic-co-5186363.htm',
          'https://www.transtutors.com/questions/what-were-the-most-significant-changes-in-this-new-tax-law-what-would-be-the-effect--5186362.htm',
          'https://www.transtutors.com/questions/side-effects-of-financing-government-spending-aa-aa-suppose-the-government-of-gutevi-5186361.htm',
          'https://www.transtutors.com/questions/can-you-show-me-the-step-by-step-of-turning-it-into-the-normal-form-the-following-ga-5186360.htm',
          'https://www.transtutors.com/questions/show-how-signaling-can-be-a-beneficial-effect-in-the-case-of-adverse-selection-but-i-5186359.htm',
          'https://www.transtutors.com/questions/show-graphically-how-an-increase-in-the-minimum-wage-might-affect-unemployment-in-i--5186358.htm',
          'https://www.transtutors.com/questions/show-graphically-and-explain-what-happens-in-the-u-s-treasury-market-prices-and-1-yi-5186357.htm',
          'https://www.transtutors.com/questions/show-graphically-how-the-cash-value-and-death-benefit-change-over-time-for-a-non-par-5186356.htm',
          'https://www.transtutors.com/questions/show-that-the-following-functions-are-homothetic-but-not-homogeneous-a-f-11-12-k-21--5186355.htm',
          'https://www.transtutors.com/questions/show-that-a-firm-earning-positive-economic-profits-must-be-earning-positive-accounti-5186354.htm',
          'https://www.transtutors.com/questions/the-short-run-shutdown-point-for-a-perfectly-competitive-firm-the-shutdown-point-of--5186353.htm',
          'https://www.transtutors.com/questions/the-short-run-is-select-one-a-usually-3-6-months-b-dependent-on-the-characteristics--5186352.htm',
          'https://www.transtutors.com/questions/in-the-short-run-immigration-lowers-wages-in-both-sectors-because-of-what-feature-of-5186351.htm',
          'https://www.transtutors.com/questions/in-the-short-run-all-of-the-firm-s-inputs-are-fixed-all-of-the-firm-s-inputs-are-var-5186350.htm',
          'https://www.transtutors.com/questions/in-the-short-run-a-firm-producing-skyhooks-has-built-plant-and-equipment-that-in-tot-5186349.htm',
          'https://www.transtutors.com/questions/short-problem-18-points-22-calculate-then-graph-the-atc-average-total-cost-and-mc-ma-5186348.htm',
          'https://www.transtutors.com/questions/short-history-of-youtube-what-is-youtube-and-what-is-us-for-business-world--5186347.htm',
          'https://www.transtutors.com/questions/that-all-the-infomation-he-put-on-the-paper-short-answer-questions-circle-t-or-f-ans-5186346.htm',
          'https://www.transtutors.com/questions/short-answer-questions-answer-on-separate-sheets-13-a-why-is-the-demand-curve-for-th-5186345.htm',
          'https://www.transtutors.com/questions/short-answer-question-1-the-us-economy-slipped-into-recession-in-2001-congress-passe-5186344.htm',
          'https://www.transtutors.com/questions/shocks-cause-inflation-in-the-united-states-the-timeline-is-as-follows-january-20xx--5186343.htm'],
 'project': ['trans'],
 'referring_link': ['https://www.transtutors.com/questions/economics/19/'],
 'spider': ['trans_links']}
2020-02-05 23:29:53 [scrapy.core.engine] DEBUG: Crawled (200) <GET https://www.transtutors.com/questions/economics/21/> (referer: https://www.google.com/) ['cached']
2020-02-05 23:29:53 [scrapy.core.scraper] DEBUG: Scraped from <200 https://www.transtutors.com/questions/economics/20/>
{'category': ['economy'],
 'date': [datetime.datetime(2020, 2, 5, 23, 29, 53, 828351)],
 'link': ['https://www.transtutors.com/questions/the-sherman-antitrust-act-of-1890-was-successful-enough-in-reducing-the-power-of-car-5186342.htm',
          'https://www.transtutors.com/questions/shaughnessy-consulting-llc-currently-enjoys-a-patent-on-software-that-estimates-econ-5186341.htm',
          'https://www.transtutors.com/questions/shaughnessy-consulting-llc-currently-enjoys-a-patent-on-software-that-estimates-econ-5186340.htm',
          'https://www.transtutors.com/questions/the-sharing-economy-is-a-fast-growing-phenomenon-people-increasingly-share-their-hom-5186339.htm',
          'https://www.transtutors.com/questions/share-the-main-functions-of-these-organizations-please-in-your-own-words-cr-corporat-5186338.htm',
          'https://www.transtutors.com/questions/share-of-industry-employment-per-cent-35-share-of-industry-sales-per-cent-firm-1-40--5186337.htm',
          'https://www.transtutors.com/questions/how-shall-we-measure-the-success-of-a-training-program-development-economics-vocatio-5186336.htm',
          'https://www.transtutors.com/questions/shade-in-a-b-c-d-for-all-of-the-fol-a-b-c-or-d-for-all-of-the-following-multiple-cho-5186335.htm',
          'https://www.transtutors.com/questions/seven-different-financing-plans-with-their-d-e-mixes-and-costs-of-debt-and-equity-ca-5186333.htm',
          'https://www.transtutors.com/questions/with-seven-assumed-conditions-we-can-assume-that-ordinary-least-squares-ols-estimate-5186332.htm',
          'https://www.transtutors.com/questions/seth-is-to-pay-bob-400-in-the-4th-year-and-600-in-the-8th-year-for-a-loan-of-400-wha-5186331.htm',
          'https://www.transtutors.com/questions/set-up-the-minimization-problem-and-derive-the-ols-estimator-for-a-simple-linear-reg-5186330.htm',
          'https://www.transtutors.com/questions/help-answer-a-to-g-from-a-set-of-data-for-real-consumption-real-disposal-income-real-5186329.htm',
          'https://www.transtutors.com/questions/a-set-of-alternatives-that-compete-with-sach-other-and-only-one-is-selected-are-call-5186328.htm',
          'https://www.transtutors.com/questions/what-is-serial-correlation-or-autocorrelation-and-what-does-it-imply-for-standard-er-5186327.htm',
          'https://www.transtutors.com/questions/september-15-2008-the-bankruptcy-filing-of-lehman-brothers-is-a-day-that-s-frequentl-5186326.htm',
          'https://www.transtutors.com/questions/why-do-sellers-of-options-accept-the-possibility-of-unlimited-losses-but-limited-gai-5186325.htm',
          'https://www.transtutors.com/questions/the-sellers-in-14-have-an-incentive-to-15-on-their-quotas-this-is-prevents-them-from-5186324.htm',
          'https://www.transtutors.com/questions/you-sell-your-good-in-a-perfectly-competitive-market-where-the-market-price-is-33-00-5186323.htm',
          'https://www.transtutors.com/questions/you-have-selected-an-optimal-bundle-of-two-goods-that-includes-some-of-each-good-goo-5186322.htm',
          'https://www.transtutors.com/questions/select-two-culturally-distinct-countries-and-discuss-how-status-seeking-consumer-beh-5186321.htm',
          'https://www.transtutors.com/questions/a-select-a-product-good-or-service-product-b-explain-why-the-product-becomes-an-item-5186320.htm',
          'https://www.transtutors.com/questions/select-one-the-productos-a-temporary-money-at-this-stage-the-knowledge-about-how-to--5186319.htm',
          'https://www.transtutors.com/questions/a-select-a-good-of-international-trade-b-explain-the-logistics-difficulties-in-inter-5186318.htm',
          'https://www.transtutors.com/questions/select-a-book-that-is-not-one-of-the-required-readings-to-be-read-during-the-next-ei-5186317.htm',
          'https://www.transtutors.com/questions/select-2-goods-or-services-you-produce-it-page-2-must-pertain-to-production-not-cons-5186316.htm',
          'https://www.transtutors.com/questions/microeconomics-game-theory-question-seguential-move-game-suppose-the-two-firms-made--5186315.htm',
          'https://www.transtutors.com/questions/name-and-briefly-describe-the-three-components-to-organization-section-a-objective-q-5186314.htm',
          'https://www.transtutors.com/questions/section-a-multiple-choice-questions-choose-the-one-alternative-that-best-answers-the-5186313.htm',
          'https://www.transtutors.com/questions/section-ii-50-exercise-1-20-suppose-that-hon-a-se-that-home-imposes-a-tariift-on-imp-5186312.htm',
          'https://www.transtutors.com/questions/section-a-five-questions-each-worth-5-marks-for-a-total-of-25-marks-1-consider-the-p-5186311.htm',
          'https://www.transtutors.com/questions/section-4-growth-with-technological-progress-and-population-growth-20-don-39-t-just--5186310.htm',
          'https://www.transtutors.com/questions/section-3-written-questions-question-16-discuss-two-of-the-following-statements-the--5186309.htm',
          'https://www.transtutors.com/questions/section-3-written-questions-question-16-discuss-two-of-the-following-statements-the--5186308.htm',
          'https://www.transtutors.com/questions/section-3-written-questions-question-16-discuss-two-of-the-following-statements-the--5186307.htm',
          'https://www.transtutors.com/questions/strategic-planning-that-focuses-on-the-long-in-this-section-there-are-20-questions-o-5186306.htm',
          'https://www.transtutors.com/questions/section-2-short-essay-questions-1-comparative-advantage-the-table-below-shows-the-pr-5186305.htm',
          'https://www.transtutors.com/questions/section-2-analytical-questions-answer-two-of-the-following-three-questions-each-ques-5186304.htm',
          'https://www.transtutors.com/questions/section-2-analytical-questions-answer-two-of-the-following-three-questions-each-ques-5186303.htm',
          'https://www.transtutors.com/questions/section-2-analytical-questions-answer-two-of-the-following-three-questions-each-ques-5186302.htm',
          'https://www.transtutors.com/questions/section-11-game-theory-40-points-consider-the-price-strategy-of-delta-airlines-for-i-5186301.htm',
          'https://www.transtutors.com/questions/section-1-multiple-choice-and-short-answer-questions-question-1-a-law-that-enables-f-5186300.htm',
          'https://www.transtutors.com/questions/please-help-me-with-this-section-a-1-which-of-the-following-characteristics-is-most--5186299.htm',
          'https://www.transtutors.com/questions/after-the-second-world-war-international-trade-expanded-enormously-partly-due-to-the-5186298.htm',
          'https://www.transtutors.com/questions/search-th-use-the-two-graphs-in-the-diagram-to-answer-the-following-questions-price--5186297.htm',
          'https://www.transtutors.com/questions/problems-and-applications-q15-search-textbook-o-oman-ocean-x-m-box-19-me-minbox-colo-5186296.htm',
          'https://www.transtutors.com/questions/se-14-of-14-10-complete-score-0-of-1-pt-concept-question-7-4-hw-score-63-27-8-86-of--5186295.htm',
          'https://www.transtutors.com/questions/a-sculpture-by-giacometti-is-more-liquid-than-a-bond-true-of-false-5186294.htm',
          'https://www.transtutors.com/questions/scu-and-5-what-are-the-three-areas-of-greatest-price-increases-for-households-over-t-5186293.htm',
          'https://www.transtutors.com/questions/scores-of-high-school-students-on-a-national-mathematics-exam-in-finland-were-of-86--5186292.htm'],
 'project': ['trans'],
 'referring_link': ['https://www.transtutors.com/questions/economics/20/'],
 'spider': ['trans_links']}
2020-02-05 23:29:54 [scrapy.core.engine] DEBUG: Crawled (200) <GET https://www.transtutors.com/questions/economics/22/> (referer: https://www.google.com/) ['cached']
2020-02-05 23:29:54 [scrapy.core.scraper] DEBUG: Scraped from <200 https://www.transtutors.com/questions/economics/21/>
{'category': ['economy'],
 'date': [datetime.datetime(2020, 2, 5, 23, 29, 54, 10381)],
 'link': ['https://www.transtutors.com/questions/how-to-draw-score-0-25-of-1-pt-3-of-14-2-complete-hw-score-7-91-1-11-of-exercise-10--5186291.htm',
          'https://www.transtutors.com/questions/score-0-of-1-pt-9-of-52-31-complete-x-end-of-chapter-exercise-15-calculate-the-prese-5186290.htm',
          'https://www.transtutors.com/questions/score-0-of-1-pt-27-of-52-34-complete-hw-score-46-58-24-22-of-52-exercise-1-11-questi-5186289.htm',
          'https://www.transtutors.com/questions/score-0-of-1-pt-26-of-52-34-complete-x-exercise-1-10-what-is-the-present-value-of-40-5186288.htm',
          'https://www.transtutors.com/questions/score-0-of-1-pt-17-of-52-33-complete-hw-score-44-66-23-22-of-52-pts-exercise-1-1-que-5186287.htm',
          'https://www.transtutors.com/questions/score-0-of-1-pt-16-of-52-33-complete-hw-score-44-66-23-22-of-52-pts-x-end-of-chapter-5186286.htm',
          'https://www.transtutors.com/questions/score-0-of-1-pt-15-of-52-32-complete-end-of-chapter-exercise-22-what-is-the-price-of-5186285.htm',
          'https://www.transtutors.com/questions/score-0-of-1-pt-14-of-52-32-complete-end-of-chapter-exercise-21-consider-a-coupon-bo-5186284.htm',
          'https://www.transtutors.com/questions/score-0-of-1-pt-12-of-52-31-complete-end-of-chapter-exercise-18-what-is-the-yield-to-5186283.htm',
          'https://www.transtutors.com/questions/score-0-of-1-pt-10-of-52-31-complete-end-of-chapter-exercise-16-a-lottery-claims-its-5186282.htm',
          'https://www.transtutors.com/questions/put-this-article-in-your-own-words-thank-you-the-science-of-happiness-can-trump-gdp--5186281.htm',
          'https://www.transtutors.com/questions/here-is-a-schedule-showi-5186280.htm',
          'https://www.transtutors.com/questions/scenario-based-on-what-you-learned-in-this-course-how-would-you-invest-for-your-futu-5186279.htm',
          'https://www.transtutors.com/questions/scenario-2-monopoly-let-the-following-equations-the-ma-p-56-20-mr-56-4q-tc-50-6q-3q--5186278.htm',
          'https://www.transtutors.com/questions/scenario-14-3-suppose-that-a-firm-39-s-demand-curve-for-its-product-is-as-follows-ou-5186277.htm',
          'https://www.transtutors.com/questions/scenario-10-2-a-hypothetical-open-economy-has-a-marginal-propensity-to-import-mpi-eq-5186276.htm',
          'https://www.transtutors.com/questions/saved-when-the-economy-experiences-inflation-people-demand-a-multiple-choice-higher--5186275.htm',
          'https://www.transtutors.com/questions/save-submit-test-for-grading-quetien-of-10-124242-mc-mank-jake-loaned-elwood-5-000-f-5186274.htm',
          'https://www.transtutors.com/questions/the-last-question-save-score-0-43-of-1-pt-2-of-14-1-complete-hw-score-3-06-0-43-of-1-5186273.htm',
          'https://www.transtutors.com/questions/save-question-30-1-point-suppose-the-market-for-loanable-funds-is-in-equilibrium-giv-5186272.htm',
          'https://www.transtutors.com/questions/save-homework-chapter-11-breakeven-and-sensitivity-revised-score-0-of-1-pt-4-of-4-2--5186271.htm',
          'https://www.transtutors.com/questions/sascalalidericit-and-debt-1-m2-17-18-the-problems-faced-in-the-implementation-of-fis-5186270.htm',
          'https://www.transtutors.com/questions/sara-39-s-license-expires-at-the-end-of-september-she-must-have-her-education-requir-5186269.htm',
          'https://www.transtutors.com/questions/sara-and-fran-produce-boards-and-sails-for-windsurfing-answer-all-of-the-following-m-5186268.htm',
          'https://www.transtutors.com/questions/saplinglearning-com-con-290-1-principles-of-university-of-houston-at-clear-lake-eoon-5186267.htm',
          'https://www.transtutors.com/questions/saplingleaming-com-h-y-of-houston-econ-2302-prince-of-merce-spring-20-a-hwi-homework-5186266.htm',
          'https://www.transtutors.com/questions/sapinglearning-com-un-fcon-207-000-prince-university-of-houston-fcon-2303-microecono-5186265.htm',
          'https://www.transtutors.com/questions/sample-question-for-chapter-7-assume-that-a-profit-maximizer-firm-uses-only-two-inpu-5186264.htm',
          'https://www.transtutors.com/questions/please-show-work-with-graphs-correct-answers-are-given-sample-problems-first-degree--5186263.htm',
          'https://www.transtutors.com/questions/can-someone-explain-the-answers-to-question-1-can-someone-please-show-their-work-usi-5186262.htm',
          'https://www.transtutors.com/questions/a-sample-of-18-paired-observations-generates-the-following-data-d-0-5-and-s2-4-assum-5186261.htm',
          'https://www.transtutors.com/questions/sammy-hotfingers-is-arrested-for-shoplifting-he-asks-his-attorney-to-plead-not-guilt-5186260.htm',
          'https://www.transtutors.com/questions/sammamish-brick-inc-manufactures-bricks-using-clay-depositd-on-the-company-39-s-prop-5186259.htm',
          'https://www.transtutors.com/questions/sales-talk-and-opinions-of-sellers-about-their-products-that-usually-are-not-actiona-5186258.htm',
          'https://www.transtutors.com/questions/sales-of-bottled-water-in-the-united-states-totaled-16-3-gallons-per-person-in-2004--5186257.htm',
          'https://www.transtutors.com/questions/are-salary-caps-good-for-professional-sports-would-you-want-to-have-a-salary-cap-in--5186256.htm',
          'https://www.transtutors.com/questions/as-sal-as-as-as-as-incomes-expenses-o-1-4-ni-mc-mc-mc-mc-mc-rem-pc-refer-to-the-figu-5186255.htm',
          'https://www.transtutors.com/questions/saints-circle-the-letter-corresponding-to-you-are-only-one-multiple-choice-15-points-5186254.htm',
          'https://www.transtutors.com/questions/it-is-said-that-whenever-parties-bona-fide-contract-without-any-duress-or-intimidati-5186253.htm',
          'https://www.transtutors.com/questions/s-tools-window-help-july-uu-warning-x-oo-39-https-ng-cengage-com-static-nb-ul-evo-in-5186252.htm',
          'https://www.transtutors.com/questions/what-s-the-last-retailer-physical-store-or-online-store-that-excited-you-describe-wh-5186251.htm',
          'https://www.transtutors.com/questions/s-of-12-per-your-12-through-14-are-based-on-the-following-informam-the-three-alterna-5186250.htm',
          'https://www.transtutors.com/questions/ryto-increase-assets-reserves-py-15-upward-to-liabilities-19-800-deposits-160-200-si-5186249.htm',
          'https://www.transtutors.com/questions/rve-a-followed-by-a-rightward-shift-of-curve-c-recession-would-involve-a-rightward-s-5186248.htm',
          'https://www.transtutors.com/questions/rve-a-followed-by-a-rightward-shift-of-curve-c-recession-would-involve-a-rightward-s-5186247.htm',
          'https://www.transtutors.com/questions/rtas-in-the-south-in-the-1960s-were-designed-mainly-to-attract-more-foreign-investme-5186246.htm',
          'https://www.transtutors.com/questions/roxbury-community-college-final-exam-microeconomics-ssi-221-11-fall-2019-1-multiple--5186245.htm',
          'https://www.transtutors.com/questions/round-all-the-answers-and-intermediate-calculations-to-two-decimal-places-question--5186244.htm',
          'https://www.transtutors.com/questions/the-rose-corporation-is-one-of-two-sellers-of-paint-it-pursues-a-tit-for-tat-strateg-5186243.htm',
          'https://www.transtutors.com/questions/roosa-in-some-economy-c-60-when-y-100-the-value-of-the-government-spending-multiplie-5186242.htm'],
 'project': ['trans'],
 'referring_link': ['https://www.transtutors.com/questions/economics/21/'],
 'spider': ['trans_links']}
2020-02-05 23:29:54 [scrapy.core.engine] DEBUG: Crawled (200) <GET https://www.transtutors.com/questions/economics/23/> (referer: https://www.google.com/) ['cached']
2020-02-05 23:29:54 [scrapy.core.scraper] DEBUG: Scraped from <200 https://www.transtutors.com/questions/economics/22/>
{'category': ['economy'],
 'date': [datetime.datetime(2020, 2, 5, 23, 29, 54, 188398)],
 'link': ['https://www.transtutors.com/questions/what-is-the-role-of-trading-system-between-japan-china-and-us--5186241.htm',
          'https://www.transtutors.com/questions/what-is-the-role-of-financial-intermediation-in-a-market-economy--5186240.htm',
          'https://www.transtutors.com/questions/did-the-roi-unit-operate-within-budget-for-the-fiscal-year-2017-ir-expenses-and-reve-5186239.htm',
          'https://www.transtutors.com/questions/rob-gives-blackacre-to-joe-for-life-which-type-of-freehold-estate-does-joe-have-if-a-5186238.htm',
          'https://www.transtutors.com/questions/what-is-rmb-internationalization-and-its-potential-impact-on-the-dollar--5186237.htm',
          'https://www.transtutors.com/questions/a-risk-neutral-monopoly-believes-that-there-is-a-50-percent-chance-the-firm-39-s-dem-5186236.htm',
          'https://www.transtutors.com/questions/rising-inflation-is-a-pressing-concern-of-the-government-of-utopia-suggest-a-suitabl-5186235.htm',
          'https://www.transtutors.com/questions/rising-inflation-is-a-pressing-concern-of-the-government-of-utopia-suggest-a-suitabl-5186234.htm',
          'https://www.transtutors.com/questions/what-rights-do-disinherited-surving-spouses-have-in-georgia-what-is-the-statutory-re-5186233.htm',
          'https://www.transtutors.com/questions/on-the-right-is-a-diagram-for-firm-y-questions-16-22-refer-to-this-graph-16-what-kin-5186232.htm',
          'https://www.transtutors.com/questions/rice-and-shine-law-authored-by-the-indestructible-senator-lily-cruz-aims-to-subsidiz-5186231.htm',
          'https://www.transtutors.com/questions/or-revised-1-ppt-protected-saved-to-this-pc-how-review-view-help-search-preetider-ka-5186230.htm',
          'https://www.transtutors.com/questions/there-is-a-podast-link-to-this-review-view-2t-aabbccdc-aabbccd-aabbc-aabbccd-aabl-a--5186229.htm',
          'https://www.transtutors.com/questions/review-problem-check-out-this-table-which-describes-or-pretends-to-anyway-how-kellog-5186228.htm',
          'https://www.transtutors.com/questions/review-problem-check-out-this-table-which-describes-or-pretends-to-anyway-how-kellog-5186227.htm',
          'https://www.transtutors.com/questions/return-price-returns-completed-60-972-74-824-69-921-84-786-88-742-83-776-73-853-79-8-5186226.htm',
          'https://www.transtutors.com/questions/reter-to-the-following-table-dependent-variable-in-price-regressor-1-0-00048-0-00003-5186225.htm',
          'https://www.transtutors.com/questions/retailer-companies-sell-many-products-for-which-manufacturers-have-a-suggested-retai-5186224.htm',
          'https://www.transtutors.com/questions/will-result-in-sales-of-s900-000-per-wear-for-11-voars-al-which-lime-the-land-can-be-5186223.htm',
          'https://www.transtutors.com/questions/rested-with-the-consumer-under-the-principle-of-consumer-sovereignty-which-states-th-5186222.htm',
          'https://www.transtutors.com/questions/restaurant-pricing-consider-a-restaurant-that-charges-10-for-all-you-can-eat-and-has-5186221.htm',
          'https://www.transtutors.com/questions/respond-to-the-dq-by-clicking-reply-week-3-discussion-2-due-by-wednesday-during-the--5186220.htm',
          'https://www.transtutors.com/questions/resou-x-16699-16699-x-16699-16699-x-16699-x-g-heter-blackboard-learn-xythos-prod-57f-5186219.htm',
          'https://www.transtutors.com/questions/a-reserve-requirements-the-federal-funds-rate-b-open-market-operations-the-discount--5186218.htm',
          'https://www.transtutors.com/questions/quot-the-reserve-requirement-is-10-percent-which-of-the-following-pairs-of-changes--5186217.htm',
          'https://www.transtutors.com/questions/the-reserve-ratio-is-5-percent-if-the-bank-receives-a-customer-deposit-of-100-000-th-5186215.htm',
          'https://www.transtutors.com/questions/the-research-questions-are-question-1-for-a-given-country-how-did-the-terms-of-trade-5186214.htm',
          'https://www.transtutors.com/questions/is-research-and-development-competition-between-two-firms-for-a-patent-for-a-cure-fo-5186213.htm',
          'https://www.transtutors.com/questions/research-the-bernard-madoff-quot-ponzi-scheme-quot-scandal-and-respond-to-the-questi-5186212.htm',
          'https://www.transtutors.com/questions/represented-by-the-utility-3-tim-gets-utility-from-only-two-goods-rice-r-and-beans-b-5186211.htm',
          'https://www.transtutors.com/questions/a-representative-basket-of-consumer-goods-for-an-average-family-in-ruritania-include-5186210.htm',
          'https://www.transtutors.com/questions/a-report-criticizes-sat-test-preparation-providers-for-promising-big-score-gains-wit-5186209.htm',
          'https://www.transtutors.com/questions/your-report-should-be-completed-on-microsoft-word-and-should-be-between-1-000-and-1-5186208.htm',
          'https://www.transtutors.com/questions/rephrase-this-sentence-to-make-it-more-understanding-there-was-some-level-of-minorit-5186207.htm',
          'https://www.transtutors.com/questions/why-was-the-repeal-of-prohibition-a-significant-event-following-the-great-depression-5186206.htm',
          'https://www.transtutors.com/questions/rent-control-laws-are-imposed-when-city-officials-believe-landlords-have-been-explon-5186205.htm',
          'https://www.transtutors.com/questions/remote-assistant-v2-2-0-51-desktop-oek130-full-control-blackboard-xcio-remaining-tim-5186204.htm',
          'https://www.transtutors.com/questions/remote-assistant-v2-2-0-51-desktop-10ek3u-full-control-blackboard-xcio-remaining-tim-5186203.htm',
          'https://www.transtutors.com/questions/remote-assistant-2-2-0-51-desktop-oek-3u-full-control-binciboard-xcio-remaining-time-5186202.htm',
          'https://www.transtutors.com/questions/remig-tithou-57-minutes-20-seconds-stion-completion-status-close-window-moving-to-an-5186201.htm',
          'https://www.transtutors.com/questions/remalning-time-1-hour-51-minutes-54-seconds-question-completion-status-1-2-3-4-5-6-7-5186200.htm',
          'https://www.transtutors.com/questions/remaining-time-31-minutes-17-seconds-question-completion-status-the-s-consumption-is-5186199.htm',
          'https://www.transtutors.com/questions/remaining-time-1-hour-59-minutes-13-seconds-question-completion-status-question-1-15-5186198.htm',
          'https://www.transtutors.com/questions/moving-to-another-question-will-save-this-respo-quot-aria-describedby-quot-f2s-quot--5186197.htm',
          'https://www.transtutors.com/questions/moving-to-another-question-will-save-this-respo-quot-aria-describedby-quot-guf-quot--5186196.htm',
          'https://www.transtutors.com/questions/remaining-time-1-hour-53-minutes-37-seconds-a-question-completion-status-1-2-3-5-10--5186195.htm',
          'https://www.transtutors.com/questions/remaining-time-1-hour-50-minutes-33-seconds-question-completion-status-1-2-3-4-5-6-7-5186194.htm',
          'https://www.transtutors.com/questions/remaining-time-1-hour-49-minutes-16-seconds-question-completion-status-1-2-3-12-13-1-5186193.htm',
          'https://www.transtutors.com/questions/remaining-time-1-hour-26-minutes-24-seconds-question-completion-status-aoor-crea-com-5186192.htm',
          'https://www.transtutors.com/questions/what-is-the-relationships-between-entrepreneurs-consumers-and-government-in-a-free-e-5186191.htm'],
 'project': ['trans'],
 'referring_link': ['https://www.transtutors.com/questions/economics/22/'],
 'spider': ['trans_links']}
2020-02-05 23:29:54 [scrapy.core.engine] DEBUG: Crawled (200) <GET https://www.transtutors.com/questions/economics/24/> (referer: https://www.google.com/) ['cached']
2020-02-05 23:29:54 [scrapy.core.scraper] DEBUG: Scraped from <200 https://www.transtutors.com/questions/economics/23/>
{'category': ['economy'],
 'date': [datetime.datetime(2020, 2, 5, 23, 29, 54, 365432)],
 'link': ['https://www.transtutors.com/questions/the-relationship-between-price-and-quantity-demanded-is-best-described-as-a-a-invers-5186190.htm',
          'https://www.transtutors.com/questions/what-is-the-relationship-between-inflation-nominal-gdp-growth-and-real-gdp-growth--5186189.htm',
          'https://www.transtutors.com/questions/what-is-the-relationship-between-democracy-and-markets--5186188.htm',
          'https://www.transtutors.com/questions/relationship-causesinequality-gini-coeficient-a5-gin-coefficient-wn-ecladed-bomow-a--5186187.htm',
          'https://www.transtutors.com/questions/what-is-the-relationship-between-the-aggregate-expenditure-curve-and-the-aggregate-d-5186186.htm',
          'https://www.transtutors.com/questions/what-is-the-relationship-between-the-aggregate-expenditure-curve-and-the-aggregate-d-5186185.htm',
          'https://www.transtutors.com/questions/related-to-application-marginal-revenue-from-a-baseball-fan-tickets-and-merchandise--5186184.htm',
          'https://www.transtutors.com/questions/related-to-application-the-break-even-price-for-switchgrass-a-feedstock-for-biofuel--5186183.htm',
          'https://www.transtutors.com/questions/if-regulators-required-firms-in-monopolistically-competitive-markets-to-set-price-eq-5186182.htm',
          'https://www.transtutors.com/questions/as-regular-e-cigarettes-with-nicotine-laced-liquid-are-effectively-banned-in-japan-t-5186181.htm',
          'https://www.transtutors.com/questions/as-regular-e-cigarettes-with-nicotine-laced-liquid-are-effectively-banned-in-japan-t-5186180.htm',
          'https://www.transtutors.com/questions/in-a-regression-what-are-the-consequences-of-omitting-a-relevant-regressor--5186179.htm',
          'https://www.transtutors.com/questions/in-a-regression-what-are-the-consequences-of-including-an-irrelevant-regressor--5186178.htm',
          'https://www.transtutors.com/questions/in-a-regression-what-are-the-consequences-of-including-an-irrelevant-regressor--5186177.htm',
          'https://www.transtutors.com/questions/regardless-of-what-i-do-in-the-future-i-cannot-avoid-costs-because-i-have-already-in-5186176.htm',
          'https://www.transtutors.com/questions/regarding-setting-standards-please-provide-one-labor-standard-example-that-exists-to-5186175.htm',
          'https://www.transtutors.com/questions/reference-the-following-information-about-the-market-demand-function-for-questions-1-5186174.htm',
          'https://www.transtutors.com/questions/reference-the-following-information-about-the-market-demand-function-for-questions-1-5186173.htm',
          'https://www.transtutors.com/questions/reference-the-following-information-about-the-market-demand-function-for-questions-1-5186172.htm',
          'https://www.transtutors.com/questions/reference-the-following-information-about-the-market-demand-function-for-questions-1-5186171.htm',
          'https://www.transtutors.com/questions/refer-to-the-table-below-and-assume-that-the-fed-39-s-reserve-ratio-is-10-percent-an-5186170.htm',
          'https://www.transtutors.com/questions/refer-to-the-table-below-and-assume-that-the-fed-39-s-reserve-ratio-is-10-percent-an-5186169.htm',
          'https://www.transtutors.com/questions/refer-to-table-9-11-all-of-the-following-are-terms-of-trade-that-could-possibly-bene-5186168.htm',
          'https://www.transtutors.com/questions/just-answer-4-and-5-please-refer-to-the-table-1-which-country-has-an-absolute-advant-5186167.htm',
          'https://www.transtutors.com/questions/refer-to-the-table-below-the-unemployment-rate-is-total-population-200-million-popul-5186166.htm',
          'https://www.transtutors.com/questions/need-help-thank-you-refer-to-the-graph-and-table-below-to-answer-four-questions-abou-5186165.htm',
          'https://www.transtutors.com/questions/refer-to-the-graph-shown-the-relationship-represented-in-the-figure-is-called-a-labo-5186164.htm',
          'https://www.transtutors.com/questions/refer-to-the-graph-below-mpl-apl-apl-2-l-mpl-mpl-is-the-marginal-productivity-of-lab-5186163.htm',
          'https://www.transtutors.com/questions/refer-to-the-graph-below-b-a-c-guns-given-the-production-possibility-curve-which-poi-5186162.htm',
          'https://www.transtutors.com/questions/need-help-thank-you-refer-to-the-graph-below-to-answer-five-four-questions-about-a-m-5186161.htm',
          'https://www.transtutors.com/questions/refer-to-the-graph-below-industrial-industrial-8-spoo6-spoos-industrial-industrial-i-5186160.htm',
          'https://www.transtutors.com/questions/refer-to-the-graph-below-industrial-industrial-8-spoo6-spoos-industrial-industrial-i-5186159.htm',
          'https://www.transtutors.com/questions/refer-to-the-following-table-for-question-8-labor-mpl-8-32-16-4-1-12-given-price-of--5186158.htm',
          'https://www.transtutors.com/questions/refer-to-the-following-demand-equation-attached-image-then-use-the-midpoint-method-t-5186157.htm',
          'https://www.transtutors.com/questions/engineering-economy-refer-to-the-following-cash-flow-diagram-for-a-small-project-5-0-5186156.htm',
          'https://www.transtutors.com/questions/refer-to-figure-monetary-policy-iii-the-central-bank-should-adopt-policies-to-move-t-5186155.htm',
          'https://www.transtutors.com/questions/refer-to-figure-fiscal-policy-and-the-end-of-the-great-depression-the-period-from-19-5186154.htm',
          'https://www.transtutors.com/questions/refer-to-figure-fiscal-policy-i-suppose-that-this-economy-is-in-equilibrium-at-e-2-i-5186153.htm',
          'https://www.transtutors.com/questions/refer-to-the-figure-ceteris-paribus-a-decrease-in-the-growth-rate-of-domestic-gdp-re-5186152.htm',
          'https://www.transtutors.com/questions/refer-to-figure-9-3-what-is-the-value-of-the-deadweight-loss-as-a-result-of-the-quot-5186151.htm',
          'https://www.transtutors.com/questions/refer-to-figure-1-curve-2-is-outdoor-equipment-39-s-a-marginal-cost-curve-b-average--5186150.htm',
          'https://www.transtutors.com/questions/refer-to-the-figure-below-suppose-the-dairy-farms-form-a-cooperative-and-sell-cheese-5186149.htm',
          'https://www.transtutors.com/questions/refer-to-figure-above-in-the-mainstream-figure-above-suppose-the-economy-is-initiall-5186148.htm',
          'https://www.transtutors.com/questions/refer-to-exhibit-12-1-the-required-reserve-ratio-is-group-of-answer-choices-0-20-0-3-5186147.htm',
          'https://www.transtutors.com/questions/refer-to-exhibit-12-1-how-much-bank-capital-does-bank-abc-have-i-e-what-dollar-value-5186146.htm',
          'https://www.transtutors.com/questions/refer-to-the-above-data-from-1993-to-1996-prices-rose-by-a-3-b-7-c-9-d-11-40-i-1-22--5186145.htm',
          'https://www.transtutors.com/questions/refer-to-the-article-below-where-it-is-written-that-the-chinese-government-issued-u--5186144.htm',
          'https://www.transtutors.com/questions/refer-to-the-accompanying-data-all-figures-in-billions-of-dollars-from-this-informat-5186143.htm',
          'https://www.transtutors.com/questions/reder-to-the-diagram-below-and-answer-the-following-questions-aving-the-nomenal-odp--5186142.htm',
          'https://www.transtutors.com/questions/recognizing-that-n-korea-is-an-extreme-example-in-where-trade-is-highly-prohibited-w-5186141.htm'],
 'project': ['trans'],
 'referring_link': ['https://www.transtutors.com/questions/economics/23/'],
 'spider': ['trans_links']}
2020-02-05 23:29:54 [scrapy.core.engine] DEBUG: Crawled (200) <GET https://www.transtutors.com/questions/economics/25/> (referer: https://www.google.com/) ['cached']
2020-02-05 23:29:54 [scrapy.core.scraper] DEBUG: Scraped from <200 https://www.transtutors.com/questions/economics/24/>
{'category': ['economy'],
 'date': [datetime.datetime(2020, 2, 5, 23, 29, 54, 538130)],
 'link': ['https://www.transtutors.com/questions/it-has-recently-been-argued-that-uk-pension-funds-have-been-buying-increased-amounts-5186140.htm',
          'https://www.transtutors.com/questions/has-the-recent-focus-on-measuring-individual-performance-harmed-professional-sports--5186139.htm',
          'https://www.transtutors.com/questions/in-recent-economic-history-the-u-s-federal-budget-was-in-surplus-from-a-2001-through-5186138.htm',
          'https://www.transtutors.com/questions/reblem-2-25-points-ferinon-is-considering-investing-in-a-new-cloud-storage-system-th-5186137.htm',
          'https://www.transtutors.com/questions/what-are-the-reasons-for-a-passive-economic-policy-rather-than-an-active-one-lack-up-5186136.htm',
          'https://www.transtutors.com/questions/it-is-reasonable-to-expect-the-cross-price-elasticity-of-demand-for-pepsi-and-coca-c-5186135.htm',
          'https://www.transtutors.com/questions/the-reality-is-that-when-the-us-applies-sanctions-to-banks-such-as-standard-chartere-5186134.htm',
          'https://www.transtutors.com/questions/real-time-data-provided-by-federal-reserve-economic-data-fred-federal-reserve-bank-o-5186133.htm',
          'https://www.transtutors.com/questions/what-is-real-gdp-for-year-2-steak-yr-1-price-5-yr-2-quantity-100-robots-yr-1-price-5-5186132.htm',
          'https://www.transtutors.com/questions/a-real-estate-person-wanted-to-estimate-the-construction-costs-of-a-house-the-person-5186131.htm',
          'https://www.transtutors.com/questions/real-estate-develpoment-fund-vision-in-2030-what-did-they-acheive-so-far-in-2020-wha-5186130.htm',
          'https://www.transtutors.com/questions/reading-what-the-difference-is-between-relevant-and-irrelevant-cost-to-fully-underst-5186129.htm',
          'https://www.transtutors.com/questions/after-reading-the-article-quot-quantitative-easing-explained-quot-1-why-did-the-fede-5186128.htm',
          'https://www.transtutors.com/questions/read-quot-a-welcome-revival-inflation-quot-the-article-explores-why-even-though-the--5186127.htm',
          'https://www.transtutors.com/questions/read-the-rba-s-november-2019-interest-rate-decision-explain-1-your-understanding-of--5186126.htm',
          'https://www.transtutors.com/questions/read-the-rba-s-november-2019-interest-rate-decision-explain-1-your-understanding-of--5186125.htm',
          'https://www.transtutors.com/questions/read-the-rba-s-november-2019-interest-rate-decision-explain-1-your-understanding-of--5186124.htm',
          'https://www.transtutors.com/questions/read-each-question-carefully-and-completely-and-select-or-enter-the-best-response-yo-5186123.htm',
          'https://www.transtutors.com/questions/read-the-following-statement-and-discuss-if-you-agree-or-disagree-and-your-rationale-5186122.htm',
          'https://www.transtutors.com/questions/read-chapter-2-from-the-book-below-it-is-available-online-in-the-library-dow-g-2003--5186121.htm',
          'https://www.transtutors.com/questions/read-carefully-construct-an-aggregate-demand-and-aggregate-supply-diagram-with-the-e-5186120.htm',
          'https://www.transtutors.com/questions/for-some-re-isolerant-p-orts-there-have-been-increases-in-the-size-of-the-quals-the--5186119.htm',
          'https://www.transtutors.com/questions/if-you-39-re-an-economist-what-about-your-contribution-to-the-saudi-vision-2030--5186118.htm',
          'https://www.transtutors.com/questions/rate-of-unemployment-is-a-16-the-employment-of-a-polarorumploymene-b-cyclio-nemploym-5186117.htm',
          'https://www.transtutors.com/questions/what-rate-of-output-is-appropriate-for-a-nonprofit-corporation-such-as-a-hospital-pl-5186116.htm',
          'https://www.transtutors.com/questions/rate-of-economic-growth-4-suppose-a-country-39-s-govemment-wants-to-increase-the-cou-5186115.htm',
          'https://www.transtutors.com/questions/over-the-range-of-labor-with-decreasing-marginal-returns-to-labor-a-the-marginal-pro-5186114.htm',
          'https://www.transtutors.com/questions/a-random-sample-of-49-measurements-from-a-population-with-population-standard-deviat-5186113.htm',
          'https://www.transtutors.com/questions/raising-taxes-on-interest-and-dividend-income-will-increase-the-level-of-investment--5186112.htm',
          'https://www.transtutors.com/questions/can-you-help-me-fill-in-the-blanks-on-this-table-and-explain-them-r-1c-protit-define-5186111.htm',
          'https://www.transtutors.com/questions/quljtiui-j-if-the-federal-reserve-increases-its-sales-of-bonds-this-policy-should-o--5186110.htm',
          'https://www.transtutors.com/questions/table-of-contents-quiz-labor-markets-labor-markets-progress-you-are-on-question-8-of-5186109.htm',
          'https://www.transtutors.com/questions/quiz-instructions-question-26-every-shareholder-is-entitled-to-view-the-corporate-re-5186108.htm',
          'https://www.transtutors.com/questions/quiz-chapter-20-quiz-time-remaining-01-21-18-this-question-1-pt-4-of-12-9-complete-t-5186107.htm',
          'https://www.transtutors.com/questions/quiz-4-c-apps-x-c-chegg-get-24-7-homework-he-x-newconnect-mheducation-com-flow-conne-5186106.htm',
          'https://www.transtutors.com/questions/very-quick-question-where-did-this-lambda-1-come-from-i-know-that-lambda-0-is-from-u-5186105.htm',
          'https://www.transtutors.com/questions/help-solve-his-quesuull-pl-15-qui2-4-pis-pus-a-random-sample-of-size-180-taken-from--5186104.htm',
          'https://www.transtutors.com/questions/questions-refer-to-the-information-provided-in-figure-3-10-below-to-answer-the-quest-5186103.htm',
          'https://www.transtutors.com/questions/all-the-questions-need-to-be-answered-first-part-is-mutiple-choice-second-part-is-tr-5186102.htm',
          'https://www.transtutors.com/questions/these-questions-are-for-a-final-study-guide-not-for-points-not-for-a-grade-this-is-s-5186101.htm',
          'https://www.transtutors.com/questions/questions-9-to-13-are-based-on-the-table-below-179-214-2-the-return-to-education-and-5186100.htm',
          'https://www.transtutors.com/questions/below-while-questions-7-8-are-based-on-the-table-below-shows-a-firm-39-s-average-var-5186099.htm',
          'https://www.transtutors.com/questions/questions-53-54-refer-to-the-graph-of-a-profit-maximizing-firm-below-5-which-of-the--5186098.htm',
          'https://www.transtutors.com/questions/questions-5-6-and-7-are-on-the-following-model-inm-in-gdp-r-5-suppose-that-bi-1-61-a-5186097.htm',
          'https://www.transtutors.com/questions/for-questions-39-to-42-what-should-ta-financial-institution-do-to-hedge-out-risk-39--5186096.htm',
          'https://www.transtutors.com/questions/for-questions-23-32-put-the-letter-of-the-answer-that-is-correct-23-firms-have-exces-5186095.htm',
          'https://www.transtutors.com/questions/for-questions-23-32-put-the-letter-of-the-answer-that-is-correct-23-firms-have-exces-5186094.htm',
          'https://www.transtutors.com/questions/questions-19-20-are-based-on-the-information-given-below-you-have-been-told-that-edu-5186093.htm',
          'https://www.transtutors.com/questions/questions-19-20-are-based-on-the-information-given-below-the-cost-of-attending-your--5186092.htm',
          'https://www.transtutors.com/questions/15-17-please-and-thanks-ignore-17-actually-questions-15-18-rely-on-the-following-pro-5186091.htm'],
 'project': ['trans'],
 'referring_link': ['https://www.transtutors.com/questions/economics/24/'],
 'spider': ['trans_links']}
2020-02-05 23:29:54 [scrapy.core.engine] DEBUG: Crawled (200) <GET https://www.transtutors.com/questions/economics/26/> (referer: https://www.google.com/) ['cached']
2020-02-05 23:29:54 [scrapy.core.scraper] DEBUG: Scraped from <200 https://www.transtutors.com/questions/economics/25/>
{'category': ['economy'],
 'date': [datetime.datetime(2020, 2, 5, 23, 29, 54, 697070)],
 'link': ['https://www.transtutors.com/questions/questions-15-18-rely-on-the-following-prompt-firm-a-and-firm-b-compete-in-the-sale-o-5186090.htm',
          'https://www.transtutors.com/questions/for-questions-10-t-through-25-your-answer-is-the-correct-word-for-the-blank-space-an-5186089.htm',
          'https://www.transtutors.com/questions/questions-1-suppose-that-malaysia-requires-1-hour-of-labor-to-produce-1-pound-of-ric-5186088.htm',
          'https://www.transtutors.com/questions/question-what-would-happen-if-you-take-the-a-short-position-borrowing-the-forign-cur-5186087.htm',
          'https://www.transtutors.com/questions/question-text-suppose-a-basket-of-goods-and-services-has-been-selected-to-calculate--5186086.htm',
          'https://www.transtutors.com/questions/question-text-the-new-york-federal-reserve-bank-select-one-a-president-always-gets-t-5186085.htm',
          'https://www.transtutors.com/questions/question-s-u-r-ce-se-question-8-a-cost-that-changes-in-total-dollar-amount-with-the--5186084.htm',
          'https://www.transtutors.com/questions/i-need-drow-step-by-step-i-need-value-for-a-question-n-01-10-marks-set-up-the-engine-5186083.htm',
          'https://www.transtutors.com/questions/question-a-major-retail-chain-selling-dvds-and-cds-has-closed-its-shops-explain-the--5186082.htm',
          'https://www.transtutors.com/questions/please-help-question-a-jim-ramsay-is-a-purchasing-manager-for-hooks-incorporated-if--5186081.htm',
          'https://www.transtutors.com/questions/question-four-total-10-marks-imagine-there-are-only-two-economies-in-the-world-and-t-5186080.htm',
          'https://www.transtutors.com/questions/question-explain-the-relationship-between-experience-goods-and-consumption-capital--5186079.htm',
          'https://www.transtutors.com/questions/in-this-question-you-should-discuss-and-offer-arguments-using-the-theories-or-concep-5186078.htm',
          'https://www.transtutors.com/questions/question-completion-status-question-6-larry-curly-and-moe-all-have-a-positive-value--5186077.htm',
          'https://www.transtutors.com/questions/moving-to-the-next-question-prevents-changes-to-this-answer-question-7-p-500-500-500-5186076.htm',
          'https://www.transtutors.com/questions/question-completion-status-a-moving-to-another-question-will-save-this-response-que-5186075.htm',
          'https://www.transtutors.com/questions/question-completion-status-moving-to-another-question-will-save-this-response-questi-5186074.htm',
          'https://www.transtutors.com/questions/question-completion-status-a-moving-to-another-question-will-save-this-response-ques-5186073.htm',
          'https://www.transtutors.com/questions/question-completion-status-a-click-submit-to-complete-this-assessment-question-15-p-5186072.htm',
          'https://www.transtutors.com/questions/question-completion-status-1-2-4-5-6-7-8-9-10-11-12-13-14-15-moving-to-another-quest-5186071.htm',
          'https://www.transtutors.com/questions/question-for-a-certain-public-sector-project-annual-worth-of-costs-and-net-benafits--5186070.htm',
          'https://www.transtutors.com/questions/question-c6-in-country-a-an-agency-must-obtain-a-license-from-the-government-before--5186069.htm',
          'https://www.transtutors.com/questions/question-c5-price-super-brand-39-s-t-shirt-0-2000-4000-quantity-a-calculate-the-cons-5186068.htm',
          'https://www.transtutors.com/questions/this-question-is-based-on-the-following-table-household-income-average-number-of-car-5186067.htm',
          'https://www.transtutors.com/questions/question-b-3-a-the-following-information-is-available-in-relation-to-two-projects-ye-5186066.htm',
          'https://www.transtutors.com/questions/question-b2-01-adi-in-hong-kong-there-are-english-tutorial-centres-which-specialize--5186065.htm',
          'https://www.transtutors.com/questions/question-b1-comment-on-the-statement-economic-efficiency-can-be-better-achieved-by-u-5186064.htm',
          'https://www.transtutors.com/questions/question-b1-alex-opened-supreme-chinese-seafood-restaurant-supreme-in-the-housing-es-5186063.htm',
          'https://www.transtutors.com/questions/question-b-sally-baker-is-a-bookkeeper-at-parry-company-sally-received-the-monthly-b-5186062.htm',
          'https://www.transtutors.com/questions/for-this-question-assume-that-expectations-are-based-on-all-available-information-le-5186061.htm',
          'https://www.transtutors.com/questions/for-this-question-assume-that-the-bank-of-england-sets-monetary-policy-according-to--5186060.htm',
          'https://www.transtutors.com/questions/question-amaterial-regiment-plan-contains-information-with-regard-to-all-of-the-foll-5186059.htm',
          'https://www.transtutors.com/questions/question-a5-the-real-exchange-rate-of-rmb-keeps-dropping-since-last-year-please-stat-5186058.htm',
          'https://www.transtutors.com/questions/question-a2-you-want-to-make-a-career-in-fashion-design-the-local-fashion-design-hou-5186057.htm',
          'https://www.transtutors.com/questions/we-were-unable-to-transcribe-this-imagequestion-99-on-holiday-weekends-thousands-of--5186056.htm',
          'https://www.transtutors.com/questions/question-93-1-pts-figure-15-10-int-price-demand-1-2-3-4-5-6-7-8-9-10-11-12-antity-re-5186055.htm',
          'https://www.transtutors.com/questions/question-9-stealth-bank-has-deposits-of-713-million-it-holds-reserves-of-40-million--5186054.htm',
          'https://www.transtutors.com/questions/question-9-statement-1-the-more-elastic-the-supply-curve-the-smaller-will-be-the-cha-5186053.htm',
          'https://www.transtutors.com/questions/question-9-question-of-15-the-maintenance-costs-of-a-production-line-in-the-adc-comp-5186052.htm',
          'https://www.transtutors.com/questions/question-9-prices-of-hamburgers-in-the-fast-food-industry-assume-that-this-is-an-inf-5186051.htm',
          'https://www.transtutors.com/questions/question-9-porter-39-s-value-chain-consists-of-the-of-firm-infrastructure-human-reso-5186050.htm',
          'https://www.transtutors.com/questions/question-9-d-to-increase-by-cach-you-for-the-following-yo-u-an-interest-the-maintena-5186049.htm',
          'https://www.transtutors.com/questions/question-9-a-competitive-firm-faces-a-horizontal-demand-curve-which-implies-that-pri-5186048.htm',
          'https://www.transtutors.com/questions/question-9-4-points-save-anawer-the-garhoud-bridge-is-maintained-by-38-painters-and--5186047.htm',
          'https://www.transtutors.com/questions/question-9-of-23-2-points-the-problem-for-lenders-that-highest-risk-borrowers-tend-t-5186046.htm',
          'https://www.transtutors.com/questions/question-9-12-consider-a-zero-coupon-bond-initially-issued-10-years-ago-with-face-va-5186045.htm',
          'https://www.transtutors.com/questions/question-9-1-pts-consumer-surplus-is-the-area-below-the-demand-curve-and-above-the-m-5186044.htm',
          'https://www.transtutors.com/questions/question-9-0-25-points-cost-category-amount-rent-on-office-space-3-000-month-lease-p-5186043.htm',
          'https://www.transtutors.com/questions/question-88-1-pts-when-economists-refer-to-a-production-cost-that-has-already-been-c-5186042.htm',
          'https://www.transtutors.com/questions/question-83-1-pts-figure-2-1-a-markets-for-good-s-and-services-housoholds-firms-mark-5186041.htm'],
 'project': ['trans'],
 'referring_link': ['https://www.transtutors.com/questions/economics/25/'],
 'spider': ['trans_links']}
2020-02-05 23:29:54 [scrapy.core.engine] DEBUG: Crawled (200) <GET https://www.transtutors.com/questions/economics/27/> (referer: https://www.google.com/) ['cached']
2020-02-05 23:29:54 [scrapy.core.scraper] DEBUG: Scraped from <200 https://www.transtutors.com/questions/economics/26/>
{'category': ['economy'],
 'date': [datetime.datetime(2020, 2, 5, 23, 29, 54, 845423)],
 'link': ['https://www.transtutors.com/questions/question-8-the-uae-will-build-a-metro-line-from-dubai-to-abu-dhabi-the-project-will--5186040.htm',
          'https://www.transtutors.com/questions/question-8-everything-else-m-fast-food-a-change-in-income-affects-consumption-choice-5186039.htm',
          'https://www.transtutors.com/questions/question-8-curve-in-a-competitive-market-is-given-by-is-0-2p-10-at-a-price-of-15-sup-5186038.htm',
          'https://www.transtutors.com/questions/question-8-8-pts-two-interdependent-bus-companies-city-wheels-and-easy-ride-provide--5186037.htm',
          'https://www.transtutors.com/questions/question-8-5-points-save-answe-mohammad-purchased-a-car-for-aed-110-500-and-then-her-5186036.htm',
          'https://www.transtutors.com/questions/question-8-of-13-luestion-8-points-save-answer-an-environmental-engineer-is-consider-5186035.htm',
          'https://www.transtutors.com/questions/question-8-1-pts-perfect-competition-firm-cost-equation-tc-49-4q-q2-market-demand-q--5186034.htm',
          'https://www.transtutors.com/questions/question-8-1-point-which-of-the-following-best-describes-the-relationship-between-wa-5186033.htm',
          'https://www.transtutors.com/questions/question-78-1-pts-figure-14-5-1price-mc-atc-avg-ps-p4-p3-daantity-q1-refer-to-figure-5186032.htm',
          'https://www.transtutors.com/questions/question-77-84-consider-an-investor-with-mean-variance-preferences-given-by-e-rp-the-5186031.htm',
          'https://www.transtutors.com/questions/explain-why-d-and-based-off-that-what-is-this-question-77-84-consider-an-investor-wi-5186030.htm',
          'https://www.transtutors.com/questions/question-73-1-pts-figure-15-1-costs-atc-daantity-refer-to-figure-15-1-the-shape-of-t-5186029.htm',
          'https://www.transtutors.com/questions/question-7-the-slope-of-an-isoquant-tells-us-how-much-output-increases-when-one-inpu-5186028.htm',
          'https://www.transtutors.com/questions/question-7-refer-to-the-information-provided-in-table-4-below-to-answer-the-question-5186027.htm',
          'https://www.transtutors.com/questions/question-7-question-7-of-15-ahmed-sons-moving-and-storage-wants-to-have-enough-me-mo-5186026.htm',
          'https://www.transtutors.com/questions/question-7-the-long-run-supply-curve-a-is-horizontal-at-the-price-where-average-tota-5186025.htm',
          'https://www.transtutors.com/questions/question-7-increasing-the-social-discount-rate-has-the-effect-to-increase-the-curren-5186024.htm',
          'https://www.transtutors.com/questions/question-7-when-comparing-mutually-exclusive-alternatives-that-have-different-lives--5186023.htm',
          'https://www.transtutors.com/questions/question-7-if-the-aws-of-cash-flows-of-two-independent-alternatives-are-2500-and-5-2-5186022.htm',
          'https://www.transtutors.com/questions/question-7-8-points-save-and-the-maintenance-costs-of-a-production-line-in-the-abc-c-5186021.htm',
          'https://www.transtutors.com/questions/question-7-4-pts-please-briefly-discuss-the-following-two-stores-coscto-and-the-doll-5186020.htm',
          'https://www.transtutors.com/questions/question-7-2-5-pts-figure-15-15-50-price-mc-atc-mr-demand-50-100-1-5186019.htm',
          'https://www.transtutors.com/questions/question-7-10-points-save-answer-the-market-survey-shows-that-the-best-competitor-se-5186018.htm',
          'https://www.transtutors.com/questions/question-7-1-pts-if-tc-169-11q-q2-in-perfect-competition-how-much-will-each-individu-5186017.htm',
          'https://www.transtutors.com/questions/question-7-1-point-network-goods-and-a-can-be-provided-by-multiple-firms-can-be-comp-5186016.htm',
          'https://www.transtutors.com/questions/question-68-1-pts-figure-2-5-baseball-30-60-90-120-150-180-210-240-270-300-330-danan-5186015.htm',
          'https://www.transtutors.com/questions/question-62-with-perfect-price-discrimination-there-is-o-an-increase-in-consumer-sur-5186014.htm',
          'https://www.transtutors.com/questions/mr-mc-p-mr-mc-o-p-gt-mr-gt-mc-mr-lt-mc-lt-p-o-p-min-atc-quot-aria-describedby-q-5186013.htm',
          'https://www.transtutors.com/questions/quickly-pls-question-6-which-violates-the-precautionary-principle-which-is-not-allow-5186012.htm',
          'https://www.transtutors.com/questions/question-6-table-13-5-the-flying-elvis-copter-rides-quantity-total-fixed-variable-ma-5186011.htm',
          'https://www.transtutors.com/questions/question-6-supply-the-cost-side-of-the-market-5-points-the-total-cost-function-for-a-5186010.htm',
          'https://www.transtutors.com/questions/question-6-short-run-profit-maximization-and-the-factor-market-9-points-assume-that--5186009.htm',
          'https://www.transtutors.com/questions/urgent-help-me-question-6-in-the-market-place-a-decreasing-price-will-lead-to-a-an-d-5186008.htm',
          'https://www.transtutors.com/questions/question-6-each-of-the-following-would-be-a-period-cost-except-maintenance-costs-for-5186007.htm',
          'https://www.transtutors.com/questions/question-6-which-of-the-following-statements-best-describes-a-production-function-th-5186006.htm',
          'https://www.transtutors.com/questions/can-someone-please-explain-the-correct-process-of-getting-1867-02-question-6-find-th-5186005.htm',
          'https://www.transtutors.com/questions/question-6-demand-the-benefit-side-of-the-market-8p-the-buyers-39-side-of-the-market-5186004.htm',
          'https://www.transtutors.com/questions/question-6-assume-that-russia-and-italy-have-the-following-production-capacity-for-p-5186003.htm',
          'https://www.transtutors.com/questions/question-6-assume-that-russia-and-italy-have-the-following-production-capacity-for-p-5186002.htm',
          'https://www.transtutors.com/questions/question-6-you-will-have-35-000-in-student-loans-when-you-graduate-the-student-loans-5186000.htm',
          'https://www.transtutors.com/questions/question-6-of-15-estion-6-5-points-the-annual-maintenance-cost-for-the-car-is-aed-2--5185999.htm',
          'https://www.transtutors.com/questions/question-6-10-pts-stage-1-equilibrium-1-diagram-of-perfect-competition-firm-in-p-c-i-5185998.htm',
          'https://www.transtutors.com/questions/question-6-1-point-in-the-russian-version-of-a-socialist-economic-system-a-the-gover-5185997.htm',
          'https://www.transtutors.com/questions/question-59-if-asked-about-the-basic-functioning-of-the-economy-a-classical-economis-5185996.htm',
          'https://www.transtutors.com/questions/question-58-1-21-pts-in-regard-to-the-macroeconomy-it-is-believed-by-classical-econo-5185995.htm',
          'https://www.transtutors.com/questions/question-52-1-pts-figure-7-1-pried-demand-partis-refer-to-figure-7-1-area-crepresent-5185994.htm',
          'https://www.transtutors.com/questions/question-51-during-the-great-depression-the-u-s-aggregate-demand-curve-shifted-to-th-5185993.htm',
          'https://www.transtutors.com/questions/question-50-1-pts-figure-13-7-cost-atc-a-b-c-duantity-refer-to-figure-13-7-the-effic-5185992.htm',
          'https://www.transtutors.com/questions/economics-final-exam-december-11-ta-2019-question-13-not-yet-answered-marked-out-of--5185991.htm',
          'https://www.transtutors.com/questions/question-5-true-false-or-uncertain-circle-your-choice-and-support-your-conclusion-go-5185990.htm'],
 'project': ['trans'],
 'referring_link': ['https://www.transtutors.com/questions/economics/26/'],
 'spider': ['trans_links']}
2020-02-05 23:29:55 [scrapy.core.engine] DEBUG: Crawled (200) <GET https://www.transtutors.com/questions/economics/28/> (referer: https://www.google.com/) ['cached']
2020-02-05 23:29:55 [scrapy.core.scraper] DEBUG: Scraped from <200 https://www.transtutors.com/questions/economics/27/>
{'category': ['economy'],
 'date': [datetime.datetime(2020, 2, 5, 23, 29, 55, 6993)],
 'link': ['https://www.transtutors.com/questions/question-5-which-tool-supports-asynchronous-communication-a-screen-sharing-applicati-5185989.htm',
          'https://www.transtutors.com/questions/question-5-in-the-short-run-a-perfectly-competitive-firm-will-incur-an-economic-loss-5185988.htm',
          'https://www.transtutors.com/questions/question-5-prime-costs-are-expenditures-directly-associated-with-the-manufacture-of--5185987.htm',
          'https://www.transtutors.com/questions/question-5-insurance-premiums-absolute-risk-aversion-15pt-this-question-is-designed--5185986.htm',
          'https://www.transtutors.com/questions/question-5-which-of-the-following-is-equivalent-to-avc-a-atc-afc-b-atc-mc-o-c-atc-mc-5185985.htm',
          'https://www.transtutors.com/questions/question-5-economic-surplus-without-and-with-a-tax-9-points-the-following-equations--5185984.htm',
          'https://www.transtutors.com/questions/question-5-dr-david-gabel-is-a-frequent-visitor-to-las-vegas-the-lunch-buffet-at-wyn-5185983.htm',
          'https://www.transtutors.com/questions/question-5-a-cost-that-changes-in-total-dollar-amount-with-the-change-in-the-level-o-5185982.htm',
          'https://www.transtutors.com/questions/question-5-competition-among-few-firms-8-points-consider-the-large-jet-airliner-mark-5185981.htm',
          'https://www.transtutors.com/questions/question-5-if-a-bank-is-illiquid-but-solvent-a-it-should-be-closed-down-by-the-centr-5185980.htm',
          'https://www.transtutors.com/questions/question-5-assume-that-france-imports-wine-and-they-produce-it-domestically-as-well--5185979.htm',
          'https://www.transtutors.com/questions/question-5-8-out-of-8-points-an-alternative-for-manufacturing-a-certain-part-has-a-f-5185978.htm',
          'https://www.transtutors.com/questions/question-5-6-points-save-ans-green-algae-chlamydomonas-reinhard-can-produce-hydrogen-5185977.htm',
          'https://www.transtutors.com/questions/question-5-5-pts-the-market-demand-curve-facing-a-monopolist-is-more-elastic-than-th-5185976.htm',
          'https://www.transtutors.com/questions/question-5-5-marks-table-3-crates-0-total-revenue-total-cost-marginal-marginal-tr-tc-5185975.htm',
          'https://www.transtutors.com/questions/question-5-of-23-a-decrease-in-gdp-always-lowers-the-equilibrium-yield-on-bonds-o-tr-5185974.htm',
          'https://www.transtutors.com/questions/question-5-18-pts-the-perfectly-competitive-market-is-currently-at-stage-1-stage-1-e-5185973.htm',
          'https://www.transtutors.com/questions/question-5-15-points-save-for-the-two-machines-alternatives-shown-in-the-table-below-5185972.htm',
          'https://www.transtutors.com/questions/question-5-1-point-the-marginal-revenue-product-mrp-of-a-baseball-player-is-how-many-5185971.htm',
          'https://www.transtutors.com/questions/question-5-1-point-in-the-graph-below-the-solid-blue-line-represents-the-marginal-co-5185970.htm',
          'https://www.transtutors.com/questions/question-49-1-point-dollars-per-mc-atc-10-000-12-000-13-000-in-the-above-figure-tota-5185969.htm',
          'https://www.transtutors.com/questions/question-48-the-price-of-widgets-has-increased-from-7-14-causing-the-quantity-suppli-5185968.htm',
          'https://www.transtutors.com/questions/question-48-1-2-when-stock-prices-declined-during-the-great-recession-it-caused-aggr-5185967.htm',
          'https://www.transtutors.com/questions/question-46-5-pts-for-a-downward-sloping-demand-curve-the-marginal-revenue-decreases-5185966.htm',
          'https://www.transtutors.com/questions/question-45-when-marginal-cost-equals-to-average-total-cost-average-total-cost-is-mi-5185965.htm',
          'https://www.transtutors.com/questions/question-45-answer-the-question-using-the-following-data-which-show-all-available-te-5185964.htm',
          'https://www.transtutors.com/questions/question-45-1-pts-table-5-5-quantity-of-good-purchased-income-30-000-40-000-quantity-5185963.htm',
          'https://www.transtutors.com/questions/question-42-new-firms-are-able-to-enter-monopolistically-competitive-markets-because-5185962.htm',
          'https://www.transtutors.com/questions/question-42-which-of-the-following-is-true-for-average-fixed-cost-oalways-decreasing-5185961.htm',
          'https://www.transtutors.com/questions/question-40-2-5-points-saved-automatic-stabilizers-cause-government-revenues-to-duri-5185960.htm',
          'https://www.transtutors.com/questions/question-40-1-pts-figure-8-1-price-supply-m-demand-party-refer-to-figure-8-1-suppose-5185959.htm',
          'https://www.transtutors.com/questions/question-4-a-researcher-wanted-to-find-out-whether-the-stereotyped-view-of-female-em-5185958.htm',
          'https://www.transtutors.com/questions/please-answer-both-questions-question-4-price-level-potential-gdp-as-ad-yu-real-gdp--5185957.htm',
          'https://www.transtutors.com/questions/hello-expert-economists-please-help-me-solving-this-equation-question-4-labor-worker-5185956.htm',
          'https://www.transtutors.com/questions/question-4-interest-rate-which-of-the-below-process-lines-should-be-built-for-the-pr-5185955.htm',
          'https://www.transtutors.com/questions/question-4-determine-the-effective-interest-rate-per-quarter-with-the-given-informat-5185954.htm',
          'https://www.transtutors.com/questions/question-4-when-comparing-mutually-exclusive-alternatives-that-have-different-lives--5185953.htm',
          'https://www.transtutors.com/questions/bitcoins-ledger-is-private-question-4-bitcoin-39-s-ledger-is-private-true-ofalse-que-5185952.htm',
          'https://www.transtutors.com/questions/question-4-assume-that-the-government-of-a-hypothetic-country-newsland-publishes-the-5185951.htm',
          'https://www.transtutors.com/questions/question-4-assume-that-the-government-of-a-hypothetic-country-newsland-publishes-the-5185950.htm',
          'https://www.transtutors.com/questions/question-4-assume-that-france-imports-wine-and-they-produce-it-domestically-as-well--5185949.htm',
          'https://www.transtutors.com/questions/question-4-analyze-one-pricing-strategy-of-nintendo-switch-and-switch-lite-that-cont-5185948.htm',
          'https://www.transtutors.com/questions/question-4-6-points-the-figure-below-displays-the-short-run-marginal-and-average-cos-5185947.htm',
          'https://www.transtutors.com/questions/question-4-18-pts-use-the-following-monopoly-prices-and-quantities-to-define-where-t-5185946.htm',
          'https://www.transtutors.com/questions/question-4-10-points-save-a-company-manufactures-and-solls-one-product-the-product-h-5185945.htm',
          'https://www.transtutors.com/questions/question-4-1-point-the-new-economic-policy-nep-was-a-the-move-to-re-incorporate-capi-5185944.htm',
          'https://www.transtutors.com/questions/question-4-1-point-9-which-of-these-is-a-goal-of-the-government-when-regulating-netw-5185943.htm',
          'https://www.transtutors.com/questions/question-4-1-an-automobile-insurance-company-is-in-the-process-of-reviewing-its-poli-5185942.htm',
          'https://www.transtutors.com/questions/question-39-1-point-cost-dollars-of-s-avc-oft-o-q2-afc-quantity-of-output-in-the-abo-5185941.htm',
          'https://www.transtutors.com/questions/question-38-table-13-5-the-flying-elvis-copter-rides-quantity-total-fixed-variable-m-5185940.htm'],
 'project': ['trans'],
 'referring_link': ['https://www.transtutors.com/questions/economics/27/'],
 'spider': ['trans_links']}
2020-02-05 23:29:55 [scrapy.core.engine] DEBUG: Crawled (200) <GET https://www.transtutors.com/questions/economics/29/> (referer: https://www.google.com/) ['cached']
2020-02-05 23:29:55 [scrapy.core.scraper] DEBUG: Scraped from <200 https://www.transtutors.com/questions/economics/28/>
{'category': ['economy'],
 'date': [datetime.datetime(2020, 2, 5, 23, 29, 55, 163079)],
 'link': ['https://www.transtutors.com/questions/question-38-1-point-the-economy-of-etmedyn-contains-2000-51-bills-if-people-hold-all-5185939.htm',
          'https://www.transtutors.com/questions/question-37-1-pts-figure-8-1-price-supply-p-39-k-p-quot-y-l-ni-den-nd-duantity-refer-5185938.htm',
          'https://www.transtutors.com/questions/need-some-help-with-microeconomics-question-36-the-marginal-cost-curve-crosses-the-a-5185937.htm',
          'https://www.transtutors.com/questions/question-35-use-the-equation-qd-5-000-15p-50a-3px-4i-2-117-2-7-15-2-3-where-qd-5185936.htm',
          'https://www.transtutors.com/questions/question-35-2-5-pts-figure-15-7-price-refer-to-figure-15-7-what-is-the-socially-effi-5185935.htm',
          'https://www.transtutors.com/questions/question-34-quantity-fixed-cost-variable-cost-0-10-0-1-10-2-10-11-3-10-18-4-10-26-th-5185934.htm',
          'https://www.transtutors.com/questions/question-34-elasticity-is-an-economics-concept-which-measures-select-the-correct-ans-5185933.htm',
          'https://www.transtutors.com/questions/question-34-1-point-which-of-the-following-is-a-tool-used-by-the-fed-in-the-conduct--5185932.htm',
          'https://www.transtutors.com/questions/question-32-2-points-price-quantity-refer-to-the-above-figure-suppose-that-the-suppl-5185931.htm',
          'https://www.transtutors.com/questions/question-31-2-5-pts-price-discrimination-is-the-business-practice-of-bundling-relate-5185930.htm',
          'https://www.transtutors.com/questions/question-31-12-pts-what-is-the-goal-of-supply-side-policy-describe-how-deregulation--5185929.htm',
          'https://www.transtutors.com/questions/question-30-plasticorp-scenario-plasticorp-is-a-canadian-producer-that-makes-plastic-5185928.htm',
          'https://www.transtutors.com/questions/question-30-12-pts-assume-the-fed-sells-bonds-illustrate-what-you-anticipate-would-h-5185927.htm',
          'https://www.transtutors.com/questions/question-3-for-the-two-machines-terrative-own-in-totale-below-you-are-trying-to-deci-5185926.htm',
          'https://www.transtutors.com/questions/question-3-true-false-or-uncertain-circle-your-answer-and-support-your-conclusion-a--5185925.htm',
          'https://www.transtutors.com/questions/question-3-prime-costs-are-costs-that-are-incurred-for-the-benefit-of-more-than-one--5185924.htm',
          'https://www.transtutors.com/questions/question-3-politicians-are-considering-a-policy-that-would-fully-privatize-medicare--5185923.htm',
          'https://www.transtutors.com/questions/question-3-politicians-are-considering-a-policy-that-would-fully-privatize-medicare--5185922.htm',
          'https://www.transtutors.com/questions/question-3-personal-consumption-3-657-dividend-130-depreciation-400-exports-673-wage-5185921.htm',
          'https://www.transtutors.com/questions/question-3-in-perfectly-competitive-markets-in-the-short-run-a-the-number-of-firms-o-5185920.htm',
          'https://www.transtutors.com/questions/question-3-part-a-the-table-below-shows-the-market-shares-of-different-movie-theater-5185919.htm',
          'https://www.transtutors.com/questions/question-3-part-a-the-table-below-shows-the-market-shares-of-different-movie-theater-5185918.htm',
          'https://www.transtutors.com/questions/question-3-nintendo-has-discovered-that-switch-lite-has-attracted-a-higher-percentag-5185917.htm',
          'https://www.transtutors.com/questions/question-3-the-new-england-patriots-are-a-well-known-football-team-they-play-regular-5185916.htm',
          'https://www.transtutors.com/questions/quickly-please-question-3-increasing-the-social-discount-rate-has-the-effect-to-incr-5185915.htm',
          'https://www.transtutors.com/questions/question-3-imagine-that-you-are-in-the-position-of-buying-loans-in-the-secondary-mar-5185914.htm',
          'https://www.transtutors.com/questions/question-3-elasticities-7-points-use-the-figure-below-to-answer-the-questions-18-q-l-5185913.htm',
          'https://www.transtutors.com/questions/question-3-if-data-is-missing-for-completely-random-reasons-i-e-not-related-to-x-or--5185912.htm',
          'https://www.transtutors.com/questions/question-3-why-is-creating-a-business-plan-an-important-step-for-an-entrepreneur--5185911.htm',
          'https://www.transtutors.com/questions/bitcoin-was-an-immediate-failure-true-or-false-question-3-bitcoin-was-an-immediate-f-5185910.htm',
          'https://www.transtutors.com/questions/hi-experts-please-help-question-3-assume-firms-in-the-short-run-are-earning-above-no-5185909.htm',
          'https://www.transtutors.com/questions/question-3-an-airline-severely-damages-identical-antiques-purchased-by-two-different-5185908.htm',
          'https://www.transtutors.com/questions/question-3-an-airline-severely-damages-identical-antiques-purchased-by-two-different-5185907.htm',
          'https://www.transtutors.com/questions/question-3-a510-000-bood-with-6-interest-rate-payable-quarterly-is-purchased-for-500-5185906.htm',
          'https://www.transtutors.com/questions/question-3-8-a-company-manufactures-and-sells-one-product-the-product-selling-price--5185905.htm',
          'https://www.transtutors.com/questions/question-3-40-marks-a-20-marks-economists-have-observed-that-spending-on-restaurant--5185904.htm',
          'https://www.transtutors.com/questions/question-3-4-points-server-e-rest-rate-the-b-c-ratio-for-a-flood-control-project-alo-5185903.htm',
          'https://www.transtutors.com/questions/question-3-3-pts-what-happens-to-equilibrium-price-and-quantity-when-the-cost-of-pro-5185902.htm',
          'https://www.transtutors.com/questions/question-3-20-marks-the-marketing-manager-in-question-2-is-also-interested-in-how-ad-5185901.htm',
          'https://www.transtutors.com/questions/question-3-18-points-consider-the-following-population-regression-model-relating-the-5185900.htm',
          'https://www.transtutors.com/questions/question-3-1-21-pts-per-capita-real-gross-domestic-product-gdp-is-higher-in-the-unit-5185899.htm',
          'https://www.transtutors.com/questions/question-3-12-pts-the-cost-curves-facing-firms-in-the-perfectly-competitive-market-f-5185898.htm',
          'https://www.transtutors.com/questions/please-show-me-the-whole-steps-and-explanation-with-graphs-thank-you-a-lot-question--5185897.htm',
          'https://www.transtutors.com/questions/question-3-10-points-save-answer-consider-the-following-fictional-regression-functio-5185896.htm',
          'https://www.transtutors.com/questions/question-3-10-marks-a-manager-wants-to-decide-wether-to-build-a-small-facilty-or-lar-5185895.htm',
          'https://www.transtutors.com/questions/question-3-1-point-figure-market-for-a-network-good-2-the-graph-depicts-a-market-for-5185894.htm',
          'https://www.transtutors.com/questions/question-3-1-identify-two-reasons-as-to-why-the-aggregate-demand-curve-is-downward-s-5185893.htm',
          'https://www.transtutors.com/questions/question-29-12-pts-explain-the-three-reasons-for-holding-money-balances-money-demand-5185892.htm',
          'https://www.transtutors.com/questions/question-29-1-point-many-central-banks-in-high-income-countries-run-highly-expansion-5185891.htm',
          'https://www.transtutors.com/questions/question-28-when-the-quantity-production-is-zero-total-cost-equals-to-fixed-cost-var-5185890.htm'],
 'project': ['trans'],
 'referring_link': ['https://www.transtutors.com/questions/economics/28/'],
 'spider': ['trans_links']}
2020-02-05 23:29:55 [scrapy.core.engine] DEBUG: Crawled (200) <GET https://www.transtutors.com/questions/economics/30/> (referer: https://www.google.com/) ['cached']
2020-02-05 23:29:55 [scrapy.core.scraper] DEBUG: Scraped from <200 https://www.transtutors.com/questions/economics/29/>
{'category': ['economy'],
 'date': [datetime.datetime(2020, 2, 5, 23, 29, 55, 336937)],
 'link': ['https://www.transtutors.com/questions/question-28-2-5-pts-since-the-1980s-wal-mart-stores-have-appeared-in-almost-every-co-5185889.htm',
          'https://www.transtutors.com/questions/question-28-25-pts-assuming-the-ad-shortfall-1880b-and-mpc-71-complete-the-questions-5185888.htm',
          'https://www.transtutors.com/questions/question-28-25-points-save-an-similar-to-competitive-firms-monopolies-choose-to-prod-5185887.htm',
          'https://www.transtutors.com/questions/question-28-2-points-if-the-fed-has-announced-that-it-plans-on-increasing-the-intere-5185886.htm',
          'https://www.transtutors.com/questions/question-27-according-to-the-39-sunk-cost-fallacy-39-from-the-field-of-behavioral-ec-5185885.htm',
          'https://www.transtutors.com/questions/question-27-10-pts-please-round-all-calculations-to-two-decimal-places-draw-the-appr-5185884.htm',
          'https://www.transtutors.com/questions/question-27-1-point-se-2-interest-rate-ms-ms-interest-rate-age-3-planned-investment--5185883.htm',
          'https://www.transtutors.com/questions/question-26-not-yet-answered-marked-out-of-0-50-p-flag-question-opportunity-cost-is--5185882.htm',
          'https://www.transtutors.com/questions/question-26-which-of-the-following-is-not-an-example-of-an-accounting-or-explicit-co-5185881.htm',
          'https://www.transtutors.com/questions/question-26-35-pts-keynesian-cross-round-all-calculations-to-two-2-decimal-places-a--5185880.htm',
          'https://www.transtutors.com/questions/question-26-1-point-suppose-the-government-scrapped-social-security-today-and-asked--5185879.htm',
          'https://www.transtutors.com/questions/question-25-which-of-the-following-is-the-best-description-of-a-value-added-chain-se-5185878.htm',
          'https://www.transtutors.com/questions/question-25-2-5-pts-figure-14-3-suppose-a-firm-operating-in-a-competitive-market-has-5185877.htm',
          'https://www.transtutors.com/questions/question-25-2-pts-if-ivy-decides-to-pay-her-employees-extra-for-overtime-this-month--5185876.htm',
          'https://www.transtutors.com/questions/question-24-2-pts-refer-to-the-following-table-to-answer-the-following-questions-wil-5185875.htm',
          'https://www.transtutors.com/questions/question-24-1-pts-a-firm-faces-the-demand-curve-p-60-0-5q-what-is-the-point-elastici-5185874.htm',
          'https://www.transtutors.com/questions/question-23-what-would-be-a-possible-opportunity-cost-of-you-going-to-a-doctor-for-a-5185873.htm',
          'https://www.transtutors.com/questions/question-23-of-23-2-points-a-decrease-in-market-yields-causes-microsoft-to-issue-mor-5185872.htm',
          'https://www.transtutors.com/questions/question-23-1-pts-workers-produce-iron-man-statues-according-to-q-2l2-2l-assume-the--5185871.htm',
          'https://www.transtutors.com/questions/question-23-1-point-using-the-information-in-the-table-below-suppose-there-in-no-tra-5185870.htm',
          'https://www.transtutors.com/questions/question-23-1-point-what-is-one-reason-healthcare-consumers-are-similar-to-the-consu-5185869.htm',
          'https://www.transtutors.com/questions/question-22-2-5-pts-figure-14-2-suppose-a-firm-operating-in-a-competitive-market-has-5185868.htm',
          'https://www.transtutors.com/questions/question-22-2-5-points-to-maximize-profits-a-monopoly-must-produce-where-marginal-re-5185867.htm',
          'https://www.transtutors.com/questions/question-22-2-points-other-things-being-equal-if-the-reserve-ratio-is-decreased-from-5185866.htm',
          'https://www.transtutors.com/questions/question-22-1-point-the-monetary-aggregate-m1-refers-to-o-o-all-outstanding-notes-an-5185865.htm',
          'https://www.transtutors.com/questions/economics-final-exam-december-11-fall-2-question-22-not-yet-answered-marked-out-of-0-5185864.htm',
          'https://www.transtutors.com/questions/22-question-21-the-natural-rate-of-unemployment-is-the-sum-of-cyclical-and-friction-5185863.htm',
          'https://www.transtutors.com/questions/question-21-which-of-the-following-is-true-about-perfectly-elastic-product-demand-se-5185862.htm',
          'https://www.transtutors.com/questions/question-21-which-is-the-basic-equation-underlying-aggregate-expenditures-omv-pq-co--5185861.htm',
          'https://www.transtutors.com/questions/question-21-it-is-the-assumption-of-easy-entry-and-exit-into-the-industry-that-drive-5185860.htm',
          'https://www.transtutors.com/questions/question-21-assume-a-competitive-firm-faces-a-market-price-of-90-the-total-cost-of-t-5185859.htm',
          'https://www.transtutors.com/questions/question-21-1-pts-scenario-13-5-samantha-has-been-working-for-a-law-firm-and-earning-5185858.htm',
          'https://www.transtutors.com/questions/question-21-1-pts-compensatory-damages-are-the-difference-between-the-market-price-a-5185857.htm',
          'https://www.transtutors.com/questions/question-21-1-point-what-is-one-reason-the-demand-for-health-services-is-considered--5185856.htm',
          'https://www.transtutors.com/questions/question-21-1-point-curtulative-percentage-of-money-income-40-100-600-cumulative-per-5185855.htm',
          'https://www.transtutors.com/questions/question-20-suppose-the-demand-for-corn-is-q-120-10p-and-supply-is-q-10p-suppose-the-5185854.htm',
          'https://www.transtutors.com/questions/question-20-let-us-say-you-have-conducted-an-annual-worth-comparison-of-alternatives-5185853.htm',
          'https://www.transtutors.com/questions/please-answer-right-now-very-urgent-question-20-individuals-derive-utility-from-picn-5185852.htm',
          'https://www.transtutors.com/questions/question-20-1-point-a-free-market-requires-business-failure-a-false-b-true-5185851.htm',
          'https://www.transtutors.com/questions/question-2-not-yet-answered-marked-out-of-5-00-p-flag-question-1-explain-the-reasons-5185850.htm',
          'https://www.transtutors.com/questions/question-2-in-what-ways-do-entrepreneurs-influence-the-overall-economy--5185849.htm',
          'https://www.transtutors.com/questions/question-2-what-type-of-decisions-support-day-to-day-activities-managerial-strategic-5185848.htm',
          'https://www.transtutors.com/questions/question-2-two-economists-are-walking-down-the-street-one-spots-a-100-bill-on-the-gr-5185847.htm',
          'https://www.transtutors.com/questions/question-2-three-residents-of-a-peaceful-building-face-a-major-crisis-their-building-5185846.htm',
          'https://www.transtutors.com/questions/question-2-three-residents-of-a-peaceful-building-face-a-major-crisis-their-building-5185845.htm',
          'https://www.transtutors.com/questions/question-2-suppose-a-firm-is-facing-an-inverse-demand-curve-p-10-24-c-5-a-determine--5185844.htm',
          'https://www.transtutors.com/questions/question-2-real-per-capita-gross-domestic-product-gdp-is-defined-as-the-average-numb-5185843.htm',
          'https://www.transtutors.com/questions/question-2-points-seven-ahmed-sons-moving-and-storage-wants-to-have-enough-money-to--5185842.htm',
          'https://www.transtutors.com/questions/question-2-in-order-to-maximize-profits-the-monopolist-should-charge-a-price-of-pric-5185841.htm',
          'https://www.transtutors.com/questions/question-2-nature-a-b-1-1-r-2-2-2-0-2-0-4-0-0-4-4-2-0-0-in-the-extensive-form-game-a-5185840.htm'],
 'project': ['trans'],
 'referring_link': ['https://www.transtutors.com/questions/economics/29/'],
 'spider': ['trans_links']}
2020-02-05 23:29:55 [scrapy.core.engine] DEBUG: Crawled (200) <GET https://www.transtutors.com/questions/economics/31/> (referer: https://www.google.com/) ['cached']
2020-02-05 23:29:55 [scrapy.core.scraper] DEBUG: Scraped from <200 https://www.transtutors.com/questions/economics/30/>
{'category': ['economy'],
 'date': [datetime.datetime(2020, 2, 5, 23, 29, 55, 491003)],
 'link': ['https://www.transtutors.com/questions/question-2-monopoly-12-points-in-the-market-for-organizing-of-extreme-adventures-and-5185839.htm',
          'https://www.transtutors.com/questions/question-2-ive-drone-co-ltd-is-a-company-selling-drones-in-hong-kong-the-price-of-dr-5185838.htm',
          'https://www.transtutors.com/questions/question-2-ive-drone-co-ltd-is-a-company-selling-drones-in-hong-kong-the-price-of-dr-5185837.htm',
          'https://www.transtutors.com/questions/question-2-the-information-in-the-table-pertains-to-wakanda-economy-type-of-money-am-5185836.htm',
          'https://www.transtutors.com/questions/question-2-you-are-given-the-following-table-for-the-quot-big-blue-deck-39-at-detroi-5185835.htm',
          'https://www.transtutors.com/questions/question-2-a-given-the-following-information-and-40-percent-of-the-portfolio-is-inve-5185834.htm',
          'https://www.transtutors.com/questions/question-2-the-below-to-me-et-une-under-consideration-for-sa-d-al-per-you-sorte-de-c-5185833.htm',
          'https://www.transtutors.com/questions/please-expert-help-me-out-question-2-the-demand-and-cost-functions-for-a-company-are-5185832.htm',
          'https://www.transtutors.com/questions/only-ans-b-question-2-a-cab-is-involved-in-a-hit-and-run-accident-at-night-two-cab-c-5185831.htm',
          'https://www.transtutors.com/questions/question-2-the-bowtwo-materace-under-consideration-for-agrement-project-uae-descarin-5185830.htm',
          'https://www.transtutors.com/questions/question-2-9-pts-the-prime-minister-of-kikkoman-promises-to-get-the-cou-years-kikkom-5185829.htm',
          'https://www.transtutors.com/questions/question-2-5-points-refer-to-the-following-cash-flow-diagram-for-a-small-project-5-0-5185828.htm',
          'https://www.transtutors.com/questions/question-2-3-out-of-3-poits-an-employee-at-company-borrows-12-000-now-and-must-repay-5185827.htm',
          'https://www.transtutors.com/questions/question-2-of-23-a-sculpture-by-giacometti-is-more-liquid-than-a-bond-true-false-5185826.htm',
          'https://www.transtutors.com/questions/question-2-1-match-each-term-or-phrase-on-the-left-with-its-definition-explanation-o-5185825.htm',
          'https://www.transtutors.com/questions/question-2-during-the-1980s-and-1990s-the-u-s-labor-market-experienced-a-sizeable-in-5185824.htm',
          'https://www.transtutors.com/questions/question-2-18-points-three-mutually-exclusive-alternative-public-works-projects-are--5185823.htm',
          'https://www.transtutors.com/questions/question-2-1-2-3-thanks-question-2-15-marks-the-marketing-manager-of-a-local-hamburg-5185822.htm',
          'https://www.transtutors.com/questions/question-2-10-points-save-a-a-car-renting-company-is-considering-the-purchase-of-a-n-5185821.htm',
          'https://www.transtutors.com/questions/20-question-19-if-the-number-of-unemployed-equals-10-000-the-number-of-employed-equ-5185820.htm',
          'https://www.transtutors.com/questions/question-19-cost-tectiveness-analysis-cea-differs-from-benefit-cost-analysis-bc-in-t-5185819.htm',
          'https://www.transtutors.com/questions/question-19-is-the-change-in-total-revenue-that-results-from-the-sale-of-one-added-u-5185818.htm',
          'https://www.transtutors.com/questions/question-19-2-5-pts-for-a-monopolistically-competitive-firm-at-the-profit-maximizing-5185817.htm',
          'https://www.transtutors.com/questions/question-19-25-p-the-lower-the-price-in-a-market-the-higher-the-consumer-surplus-in--5185816.htm',
          'https://www.transtutors.com/questions/question-19-1-point-the-two-types-of-costs-incurred-by-a-college-student-are-direct--5185815.htm',
          'https://www.transtutors.com/questions/question-18-stealth-bank-has-deposits-of-400-million-it-holds-reserves-of-20-million-5185814.htm',
          'https://www.transtutors.com/questions/question-18-marginal-utility-per-dollar-marginal-utility-per-m-quantity-of-total-mar-5185813.htm',
          'https://www.transtutors.com/questions/question-18-disinflation-is-best-described-as-a-decline-in-the-natural-rate-of-unemp-5185812.htm',
          'https://www.transtutors.com/questions/question-18-when-conducting-an-ror-analysis-of-mutually-axclusive-cost-altematives-c-5185811.htm',
          'https://www.transtutors.com/questions/question-18-1-point-real-interest-rate-0-100-200-300-400-500-600-700-loanable-funds--5185810.htm',
          'https://www.transtutors.com/questions/a-true-2-coo-false-quot-aria-describedby-quot-agp-quot-style-quot-quot-gt-question-1-5185809.htm',
          'https://www.transtutors.com/questions/question-17-the-fundamental-source-of-monopoly-power-is-barriers-to-entry-profit-inc-5185808.htm',
          'https://www.transtutors.com/questions/question-17-1-pts-the-market-demand-for-a-good-is-p-90-2q-the-good-can-be-produced-a-5185807.htm',
          'https://www.transtutors.com/questions/question-17-1-point-andrea-started-her-own-company-fifteen-years-ago-when-she-launch-5185806.htm',
          'https://www.transtutors.com/questions/question-16-which-of-the-following-statements-is-true-for-the-quot-cap-and-trade-quo-5185805.htm',
          'https://www.transtutors.com/questions/question-16-consider-the-short-run-production-situation-in-the-previous-question-whe-5185804.htm',
          'https://www.transtutors.com/questions/answer-all-five-parts-please-i-need-help-question-16-2-pts-these-next-five-problems--5185803.htm',
          'https://www.transtutors.com/questions/question-16-1-pts-if-the-world-price-for-a-good-exceeds-a-county-39-s-before-trade-d-5185802.htm',
          'https://www.transtutors.com/questions/question-15-q-l2k-10-the-firr-the-firm-is-in-the-short-run-with-capital-input-fixed--5185801.htm',
          'https://www.transtutors.com/questions/question-15-if-the-price-index-moves-from-107-during-year-1-to-111-during-year-2-the-5185800.htm',
          'https://www.transtutors.com/questions/question-15-each-of-the-following-would-be-a-period-cost-except-the-cost-of-a-genera-5185799.htm',
          'https://www.transtutors.com/questions/question-15-each-of-the-following-would-be-a-penod-cost-except-the-cost-of-a-general-5185798.htm',
          'https://www.transtutors.com/questions/question-15-the-equation-of-exchange-is-a-mp-v-x-y-b-m-v-p-y-c-m-y-v-p-d-mv-px-y--5185797.htm',
          'https://www.transtutors.com/questions/question-15-an-asset-has-a-first-cost-of-25-000-an-annual-operating-cost-of-800-and--5185796.htm',
          'https://www.transtutors.com/questions/question-15-in-1979-inflation-in-the-usa-was-12-percent-per-year-the-u-s-president-j-5185795.htm',
          'https://www.transtutors.com/questions/question-15-in-1979-inflation-in-the-usa-was-12-percent-per-year-the-u-s-president-j-5185794.htm',
          'https://www.transtutors.com/questions/question-15-13-points-save-answer-which-of-the-below-process-lines-should-be-built-f-5185793.htm',
          'https://www.transtutors.com/questions/question-14-some-output-level-q-according-to-the-p-if-a-firm-either-competitive-mono-5185792.htm',
          'https://www.transtutors.com/questions/question-14-if-an-increase-in-income-results-in-a-decrease-in-the-quantity-demanded--5185791.htm',
          'https://www.transtutors.com/questions/question-14-a-car-renting-company-is-considering-the-purchase-of-a-new-hom-e-washing-5185790.htm'],
 'project': ['trans'],
 'referring_link': ['https://www.transtutors.com/questions/economics/30/'],
 'spider': ['trans_links']}
2020-02-05 23:29:55 [scrapy.core.engine] DEBUG: Crawled (200) <GET https://www.transtutors.com/questions/economics/32/> (referer: https://www.google.com/) ['cached']
2020-02-05 23:29:55 [scrapy.core.scraper] DEBUG: Scraped from <200 https://www.transtutors.com/questions/economics/31/>
{'category': ['economy'],
 'date': [datetime.datetime(2020, 2, 5, 23, 29, 55, 660010)],
 'link': ['https://www.transtutors.com/questions/question-14-3-pts-when-examining-the-graph-below-which-describes-the-chain-of-events-5185789.htm',
          'https://www.transtutors.com/questions/question-14-10-points-seven-acorrenting-company-is-considering-the-purchase-of-a-new-5185788.htm',
          'https://www.transtutors.com/questions/question-14-10-points-save-a-car-renting-company-is-considering-the-purchase-of-a-ne-5185787.htm',
          'https://www.transtutors.com/questions/question-14-1-pts-monopoly-demand-q-100-0-20p-cost-tc-10-50q-solve-for-the-profit-ma-5185786.htm',
          'https://www.transtutors.com/questions/question-14-1-point-required-quantity-of-labor-supplied-wage-rate-6-00-9-00-2-1200-3-5185785.htm',
          'https://www.transtutors.com/questions/question-14-0-1-pts-if-the-demand-for-a-product-that-labor-produces-is-highly-elasti-5185784.htm',
          'https://www.transtutors.com/questions/question-13-tvcmc-ali-if-the-market-price-is-105-how-much-economic-profit-is-earned--5185783.htm',
          'https://www.transtutors.com/questions/question-13-if-the-taylor-principle-is-not-followed-and-nominal-interest-rates-are-i-5185782.htm',
          'https://www.transtutors.com/questions/question-13-refer-to-the-information-provided-in-figure-13-10-below-to-answer-the-qu-5185781.htm',
          'https://www.transtutors.com/questions/question-13-which-of-the-following-industries-is-likely-to-be-most-competitive-a-far-5185780.htm',
          'https://www.transtutors.com/questions/question-13-if-at-the-current-level-of-production-a-firm-finds-that-mr-mc-then-the-r-5185779.htm',
          'https://www.transtutors.com/questions/question-13-a-company-manufactures-and-sells-ane-product-the-product-has-the-followi-5185778.htm',
          'https://www.transtutors.com/questions/question-13-the-benefit-forgone-when-one-alternative-is-selected-rather-than-another-5185777.htm',
          'https://www.transtutors.com/questions/question-13-the-benefit-forgone-when-one-alternative-is-selected-rather-than-another-5185776.htm',
          'https://www.transtutors.com/questions/question-13-alex-wants-to-measure-the-nominal-1998-gdp-of-873-billion-in-2008-dollar-5185775.htm',
          'https://www.transtutors.com/questions/question-13-2-5-pts-table-13-3-number-of-output-fixed-variable-workers-cost-cost-0-0-5185774.htm',
          'https://www.transtutors.com/questions/question-13-1-2-an-increase-in-would-lead-to-an-increase-in-long-run-economic-growth-5185773.htm',
          'https://www.transtutors.com/questions/question-13-a-10-000-bond-with-6-interest-rate-payable-quarterly-is-purchased-for-80-5185772.htm',
          'https://www.transtutors.com/questions/question-13-1-pts-producing-more-of-a-product-always-adds-to-total-surplus-true-fals-5185771.htm',
          'https://www.transtutors.com/questions/question-12-for-a-typical-firm-fixed-costs-increase-when-output-increases-true-false-5185770.htm',
          'https://www.transtutors.com/questions/question-12-returns-to-scale-is-a-a-short-run-concept-a-long-run-concept-concept-tha-5185769.htm',
          'https://www.transtutors.com/questions/question-12-prime-costs-are-gosts-that-are-incurred-for-the-benefit-of-more-than-one-5185768.htm',
          'https://www.transtutors.com/questions/question-12-all-of-the-following-are-examples-of-command-and-control-regulation-exce-5185767.htm',
          'https://www.transtutors.com/questions/question-12-determine-the-difference-in-annual-worth-be-en-an-investment-of-100-000--5185766.htm',
          'https://www.transtutors.com/questions/question-12-if-a-country-with-a-flexible-exchange-rate-increases-its-interest-rates--5185765.htm',
          'https://www.transtutors.com/questions/question-12-2-pts-situation-4-1-during-the-winter-of-1973-74-a-general-system-of-wag-5185764.htm',
          'https://www.transtutors.com/questions/question-12-of-152-question-12-15-points-seve-answer-the-below-two-me-atematives-ae--5185763.htm',
          'https://www.transtutors.com/questions/question-12-1-pts-demand-for-corn-flakes-is-p-10-q-supply-of-kellogg-39-s-corn-flake-5185762.htm',
          'https://www.transtutors.com/questions/question-12-1-point-3500-ae-3000-2500-2000-1500-1000-500-4000-1000-2000-3000-income--5185761.htm',
          'https://www.transtutors.com/questions/question-11-use-the-information-contained-in-the-graph-below-to-answer-the-following-5185760.htm',
          'https://www.transtutors.com/questions/question-11-suppose-a-firm-believes-that-quot-efficiency-wages-quot-apply-briefly-de-5185759.htm',
          'https://www.transtutors.com/questions/i-would-like-to-know-how-we-got-these-answers-question-11-you-are-the-manager-of-a-p-5185758.htm',
          'https://www.transtutors.com/questions/question-11-in-the-long-run-fixed-costs-are-sunk-don-39-t-exist-are-larger-than-in-t-5185757.htm',
          'https://www.transtutors.com/questions/question-11-8-points-save-answ-the-maintenance-costs-of-a-production-line-in-the-abc-5185756.htm',
          'https://www.transtutors.com/questions/question-11-15-points-save-ane-the-below-two-me-alternatives-are-under-consideration-5185755.htm',
          'https://www.transtutors.com/questions/question-11-10-points-save-answer-a-company-manufactures-and-sells-one-product-the-p-5185754.htm',
          'https://www.transtutors.com/questions/question-11-1-point-jocelyn-and-rhonda-are-playing-an-ultimatum-game-where-jocelyn-i-5185753.htm',
          'https://www.transtutors.com/questions/question-11-1-point-3500-ae-3000-2500-2000-1500-1000-500-2000-3000-1000-4000-income--5185752.htm',
          'https://www.transtutors.com/questions/economics-final-exam-december-11-ta-2019-question-13-not-yet-answered-marked-out-of--5185751.htm',
          'https://www.transtutors.com/questions/help-with-these-econ-questions-1-2-question-10-scenario-10-1-the-demand-curve-for-ga-5185750.htm',
          'https://www.transtutors.com/questions/question-10-which-of-the-below-process-lines-should-be-built-for-the-production-of-a-5185749.htm',
          'https://www.transtutors.com/questions/question-10-which-of-the-below-process-lines-should-be-built-for-the-production-of-a-5185748.htm',
          'https://www.transtutors.com/questions/question-10-which-of-the-below-process-lines-should-be-built-for-the-production-of-a-5185747.htm',
          'https://www.transtutors.com/questions/question-10-a-firm-should-shut-down-if-its-revenue-is-not-very-large-less-than-its-t-5185746.htm',
          'https://www.transtutors.com/questions/question-10-fill-in-the-blank-a-company-sells-a-product-which-annual-demand-is-600-u-5185745.htm',
          'https://www.transtutors.com/questions/a-common-law-lien-essentially-includes-question-10-a-common-law-lien-essentially-inc-5185744.htm',
          'https://www.transtutors.com/questions/question-10-the-cash-flow-of-an-infinite-alternative-is-given-such-that-its-first-co-5185743.htm',
          'https://www.transtutors.com/questions/question-10-calculate-the-gross-margin-if-the-total-revenue-is-117-871-and-the-total-5185742.htm',
          'https://www.transtutors.com/questions/question-10-the-benefit-forgone-when-one-alternative-is-selected-rather-than-another-5185741.htm',
          'https://www.transtutors.com/questions/question-10-6-pts-list-the-elements-of-the-promotional-mix-and-discuss-their-importa-5185740.htm'],
 'project': ['trans'],
 'referring_link': ['https://www.transtutors.com/questions/economics/31/'],
 'spider': ['trans_links']}
2020-02-05 23:29:55 [scrapy.core.engine] DEBUG: Crawled (200) <GET https://www.transtutors.com/questions/economics/33/> (referer: https://www.google.com/) ['cached']
2020-02-05 23:29:55 [scrapy.core.scraper] DEBUG: Scraped from <200 https://www.transtutors.com/questions/economics/32/>
{'category': ['economy'],
 'date': [datetime.datetime(2020, 2, 5, 23, 29, 55, 833747)],
 'link': ['https://www.transtutors.com/questions/question-10-2-points-saver-ahmed-sons-moving-and-storage-wants-to-have-enough-money--5185739.htm',
          'https://www.transtutors.com/questions/question-10-1pts-if-your-willingness-to-pay-fora-hamburger-is-3-00-and-the-price-is--5185738.htm',
          'https://www.transtutors.com/questions/question-10-1-pts-if-demand-is-p-50-2q-and-supply-is-p-20-3q-what-is-the-value-of-th-5185737.htm',
          'https://www.transtutors.com/questions/question-10-1-point-3500-ae-3000-aggregate-expenditure-1000-500-1000-3000-4000-2000--5185736.htm',
          'https://www.transtutors.com/questions/question-1-suppose-you-are-running-a-regression-of-crime-rates-dependent-variable-on-5185735.htm',
          'https://www.transtutors.com/questions/question-1-pts-use-the-following-poverty-indicatore-wing-poverty-indicator-equation--5185734.htm',
          'https://www.transtutors.com/questions/this-question-1-pt-1-of-20-0-complete-the-market-supply-curve-in-the-short-run-is-o--5185733.htm',
          'https://www.transtutors.com/questions/question-1-which-of-the-below-process-lines-should-be-built-for-the-production-of-a--5185732.htm',
          'https://www.transtutors.com/questions/question-1-in-a-perfectly-competitive-industry-price-equals-marginal-revenues-and-ma-5185731.htm',
          'https://www.transtutors.com/questions/question-1-a-multi-variable-function-is-a-rule-that-relates-multiple-independent-var-5185730.htm',
          'https://www.transtutors.com/questions/question-1-the-market-demand-and-supply-schedules-for-a-premium-belgian-chocolate-in-5185729.htm',
          'https://www.transtutors.com/questions/pls-answer-all-asap-thanks-question-1-a-market-allows-interactions-between-consumers-5185728.htm',
          'https://www.transtutors.com/questions/question-1-how-many-kilometers-must-a-car-be-driven-per-year-for-leasing-and-buying--5185727.htm',
          'https://www.transtutors.com/questions/question-1-machine-code-a-is-written-by-humans-is-understandable-by-humans-cannot-be-5185726.htm',
          'https://www.transtutors.com/questions/question-1-jse-the-following-table-for-this-question-number-of-workers-marginal-prod-5185725.htm',
          'https://www.transtutors.com/questions/question-1-jse-the-following-table-for-this-question-number-of-workers-marginal-prod-5185724.htm',
          'https://www.transtutors.com/questions/question-1-impact-of-changing-price-upon-revenue-and-profit-a-factory-worker-makes-s-5185723.htm',
          'https://www.transtutors.com/questions/question-1-given-that-39-l-39-represents-income-and-x-and-y-are-the-amounts-consumed-5185722.htm',
          'https://www.transtutors.com/questions/question-1-each-of-the-following-would-be-a-period-cost-except-the-salary-of-the-com-5185721.htm',
          'https://www.transtutors.com/questions/question-1-consider-the-following-2-player-dynamic-game-in-extensive-form-bob-alice--5185720.htm',
          'https://www.transtutors.com/questions/question-1-a-b-d-quantity-of-output-identify-the-following-with-the-appropriate-lett-5185719.htm',
          'https://www.transtutors.com/questions/question-1-argues-that-the-real-culprit-of-uneven-world-development-is-the-alienatio-5185718.htm',
          'https://www.transtutors.com/questions/question-1-the-aggregate-supply-as-aggregate-demand-ad-model-can-be-used-to-analyze--5185717.htm',
          'https://www.transtutors.com/questions/question-1-4-po-determine-the-capitalized-cost-of-a-permanent-roadside-historical-ma-5185716.htm',
          'https://www.transtutors.com/questions/question-1-35-marks-de-of-the-hippy-soft-i-2019-the-f-i-le-is-the-price-soft-price-s-5185715.htm',
          'https://www.transtutors.com/questions/question-1-30-china-chicken-prices-have-jumped-significantly-and-african-swine-fever-5185714.htm',
          'https://www.transtutors.com/questions/question-1-2-5-points-save-answer-a-price-ceiling-will-be-binding-only-if-it-is-set--5185713.htm',
          'https://www.transtutors.com/questions/question-1-of-15-question-1-5-points-save-saed-2-000-per-you-and-the-salvage-valuehe-5185712.htm',
          'https://www.transtutors.com/questions/question-1-12-pts-katie-and-taylor-are-roommates-their-lawn-needs-to-be-mowed-each-p-5185711.htm',
          'https://www.transtutors.com/questions/question-1-10-suppose-there-are-two-firms-with-different-mac-39-s-firm-1-mac1-100-e1-5185710.htm',
          'https://www.transtutors.com/questions/question-1-10-points-trucking-giant-yellow-corp-agreed-to-purchase-rival-roadway-for-5185709.htm',
          'https://www.transtutors.com/questions/question-1-1-point-a-network-is-influencing-consumer-behavior-in-each-of-these-situa-5185708.htm',
          'https://www.transtutors.com/questions/question-1-1-point-money-serves-as-a-store-of-value-because-u-it-eliminates-the-prob-5185707.htm',
          'https://www.transtutors.com/questions/question-1-1-point-below-is-the-market-demand-curve-for-flu-shots-when-only-the-marg-5185706.htm',
          'https://www.transtutors.com/questions/question-1-how-would-an-ice-cream-vendor-created-the-four-types-of-utility-questions-5185705.htm',
          'https://www.transtutors.com/questions/question-no-2-30-points-suppose-the-economy-is-described-by-the-following-equations--5185704.htm',
          'https://www.transtutors.com/questions/quesnon-29ot-0-at-the-end-of-2011-the-u-s-government-had-a-debt-of-about-10-12-trill-5185703.htm',
          'https://www.transtutors.com/questions/que-ion-19-consider-the-long-run-cost-situation-the-previous-question-now-that-you-h-5185702.htm',
          'https://www.transtutors.com/questions/quantum-logistics-inc-a-wholesale-distributor-is-considering-constructing-a-new-ware-5185701.htm',
          'https://www.transtutors.com/questions/help-help-help-quantity-of-y-quantity-of-x-5-ranked-in-order-from-most-preferred-to--5185700.htm',
          'https://www.transtutors.com/questions/the-quantity-theory-of-money-was-derived-from-the-quantity-equation-by-asserting-tha-5185699.htm',
          'https://www.transtutors.com/questions/the-quantity-theory-of-money-assumes-that-o-a-the-velocity-of-money-fluctuates-unpre-5185698.htm',
          'https://www.transtutors.com/questions/quantity-sold-is-400-price-per-unit-is-30-costs-per-unit-of-output-is-10-materials-a-5185697.htm',
          'https://www.transtutors.com/questions/quantity-quantity-demanded-supplied-housing-units-rent-dollars-per-month-1-000-150-3-5185696.htm',
          'https://www.transtutors.com/questions/as-the-quantity-produced-is-increased-5-marginal-cost-a-first-decreases-and-then-inc-5185695.htm',
          'https://www.transtutors.com/questions/the-quantity-which-minimizes-a-firms-average-cost-will-be-42-a-the-quantity-at-which-5185694.htm',
          'https://www.transtutors.com/questions/at-which-the-quantity-demanded-equals-the-quantity-supplied-demanded-is-more-than-th-5185693.htm',
          'https://www.transtutors.com/questions/quantitative-question-suppose-there-are-10-farmers-near-in-the-town-of-new-paltz-new-5185692.htm',
          'https://www.transtutors.com/questions/qu-stion-8-raw-materials-that-becomes-an-integral-part-of-the-finished-product-are-c-5185691.htm',
          'https://www.transtutors.com/questions/qu-stion-6-when-comparing-mutually-exclusive-alternatives-that-have-different-lives--5185690.htm'],
 'project': ['trans'],
 'referring_link': ['https://www.transtutors.com/questions/economics/32/'],
 'spider': ['trans_links']}
2020-02-05 23:29:56 [scrapy.core.engine] DEBUG: Crawled (200) <GET https://www.transtutors.com/questions/economics/34/> (referer: https://www.google.com/) ['cached']
2020-02-05 23:29:56 [scrapy.core.scraper] DEBUG: Scraped from <200 https://www.transtutors.com/questions/economics/33/>
{'category': ['economy'],
 'date': [datetime.datetime(2020, 2, 5, 23, 29, 56, 2650)],
 'link': ['https://www.transtutors.com/questions/qu-stion-15-raw-materials-that-becomes-an-integral-part-of-the-finished-product-are--5185689.htm',
          'https://www.transtutors.com/questions/qtc-mc-act-avc-if-the-market-price-is-105-how-much-economic-profit-is-earned-oeno-90-5185688.htm',
          'https://www.transtutors.com/questions/please-answer-all-parts-including-the-top-which-is-filled-in-thank-you-qny-70-0-25pn-5185687.htm',
          'https://www.transtutors.com/questions/just-question-12-13-14-15-thank-you-please-help-q8-you-have-two-tickets-to-a-bruins--5185686.htm',
          'https://www.transtutors.com/questions/q-6-5-points-the-following-diagram-presents-the-ad-curve-of-an-economy-ad-consider-t-5185685.htm',
          'https://www.transtutors.com/questions/q5-consider-a-small-open-economy-in-the-short-run-a-given-a-floating-exchange-rate-s-5185684.htm',
          'https://www.transtutors.com/questions/q5-consider-a-small-open-economy-in-the-short-run-a-given-a-floating-exchange-rate-s-5185683.htm',
          'https://www.transtutors.com/questions/q5-consider-a-small-open-economy-in-the-short-run-a-given-a-floating-exchange-rate-s-5185682.htm',
          'https://www.transtutors.com/questions/q5-consider-a-small-open-economy-in-the-short-run-a-given-a-floating-exchange-rate-s-5185681.htm',
          'https://www.transtutors.com/questions/q4-distinguish-between-market-commonality-and-resource-similarity-apply-these-concep-5185680.htm',
          'https://www.transtutors.com/questions/q4-comment-on-the-following-statements-a-the-long-run-aggregate-supply-curve-is-vert-5185679.htm',
          'https://www.transtutors.com/questions/q4-in-the-cash-flow-below-if-the-marr-is-10-determine-the-following-future-worth-fw--5185678.htm',
          'https://www.transtutors.com/questions/q4-in-the-cash-flow-below-if-the-marr-is-10-determine-the-following-future-worth-fw--5185677.htm',
          'https://www.transtutors.com/questions/q3-stagflation-output-falls-prices-rises-an-economy-faces-this-situation-in-some-ext-5185676.htm',
          'https://www.transtutors.com/questions/q3-stagflation-output-falls-prices-rises-an-economy-faces-this-situation-in-some-ext-5185675.htm',
          'https://www.transtutors.com/questions/q3-given-that-a-firm-s-profit-function-is-50-28q1-14q2-2q12-q22-q1q2-determine-the-v-5185674.htm',
          'https://www.transtutors.com/questions/q3-which-country-has-a-comparative-advantage-in-producing-shoes-with-international-t-5185673.htm',
          'https://www.transtutors.com/questions/q3-aggregate-suppy-and-demand-a-if-oil-prices-increase-use-the-as-ad-model-to-show-h-5185672.htm',
          'https://www.transtutors.com/questions/q3-aggregate-suppy-and-demand-a-if-oil-prices-increase-use-the-as-ad-model-to-show-h-5185671.htm',
          'https://www.transtutors.com/questions/q3-aggregate-suppy-and-demand-a-if-oil-prices-increase-use-the-as-ad-model-to-show-h-5185670.htm',
          'https://www.transtutors.com/questions/q3-10-points-k-means-table-3-shows-the-features-x-and-y-of-4-instances-a-researcher--5185669.htm',
          'https://www.transtutors.com/questions/q2-short-run-closed-economy-consider-the-following-economy-in-the-short-run-c-50-9-y-5185668.htm',
          'https://www.transtutors.com/questions/q2-sem-1-15-16-b-quot-a-10-million-increase-in-government-spending-has-the-same-econ-5185667.htm',
          'https://www.transtutors.com/questions/q2-labor-markets-are-hard-to-stabilize-but-easy-to-upset-by-policy-remember-we-talke-5185666.htm',
          'https://www.transtutors.com/questions/q2-an-initial-equilibrium-at-potential-output-with-full-employment-is-disturbed-by-a-5185665.htm',
          'https://www.transtutors.com/questions/note-answers-should-be-in-word-or-excel-format-q2-clo-2-4-solve-the-following-equati-5185664.htm',
          'https://www.transtutors.com/questions/we-are-analyzing-proposed-project-and-have-complied-q2-we-are-analyzing-a-proposed-p-5185663.htm',
          'https://www.transtutors.com/questions/q14-a-firm-faces-the-following-average-cost-function-ac-q-2-18q-100-10q-1-find-q-whi-5185662.htm',
          'https://www.transtutors.com/questions/q1-in-a-valid-random-sample-of-1000-adults-in-san-francisco-ca-410-indicated-rated-t-5185661.htm',
          'https://www.transtutors.com/questions/q-no-1-a-researcher-is-using-data-for-a-relationship-between-employees-39-hourly-wag-5185660.htm',
          'https://www.transtutors.com/questions/thank-you-so-much-q1-mundell-fleming-consider-a-small-open-economy-in-the-short-run--5185659.htm',
          'https://www.transtutors.com/questions/q1-mundell-fleming-consider-a-small-open-economy-in-the-short-run-where-the-governme-5185658.htm',
          'https://www.transtutors.com/questions/q1-mundell-fleming-consider-a-small-open-economy-in-the-short-run-where-the-governme-5185657.htm',
          'https://www.transtutors.com/questions/q1-james-a-high-school-guidance-counselor-in-south-park-colorado-has-purchased-sever-5185656.htm',
          'https://www.transtutors.com/questions/q1-a-company-produces-a-special-new-type-of-tv-the-company-has-fixed-costs-of-458-co-5185655.htm',
          'https://www.transtutors.com/questions/q1-20-points-text-mining-consider-two-documents-d-and-d-either-of-these-contains-the-5185654.htm',
          'https://www.transtutors.com/questions/need-answer-only-asap-upvote-guaranteed-q-l2k-the-firm-is-in-the-short-run-with-capi-5185653.htm',
          'https://www.transtutors.com/questions/q-f-x-x2-x3-suppose-that-your-manufacturing-firm-has-the-following-production-functi-5185652.htm',
          'https://www.transtutors.com/questions/q-douglas-bank-has-a-balance-sheet-as-below-assets-liabilities-and-equity-reserves-5-5185651.htm',
          'https://www.transtutors.com/questions/q-defenders-of-advertising-argue-that-it-a-facilitates-the-concentration-of-monopoly-5185650.htm',
          'https://www.transtutors.com/questions/q-1000-price-mr-avc-ac-mc-1650-1570-1570-1281-2281-1281-1490-1410-1134-1634-987-1410-5185649.htm',
          'https://www.transtutors.com/questions/q-1-what-is-the-oman-vision-2020-most-important-plan-improvement-diversification-q-2-5185648.htm',
          'https://www.transtutors.com/questions/q-no-01-a-firm-sells-two-products-the-demand-functions-for-the-two-products-are-q-1--5185647.htm',
          'https://www.transtutors.com/questions/the-pw-based-relation-for-the-incremental-cash-flow-series-to-find-i-between-the-low-5185646.htm',
          'https://www.transtutors.com/questions/solve-the-pw-based-relation-for-the-incremental-cash-flow-series-to-find-ai-between--5185645.htm',
          'https://www.transtutors.com/questions/purpleland-has-the-following-economic-data-in-2018-market-value-gdp-items-million-wa-5185644.htm',
          'https://www.transtutors.com/questions/purely-competitive-firm-outpul-and-cost-dala-total-fixed-cost-total-variable-cost-qu-5185643.htm',
          'https://www.transtutors.com/questions/you-purchased-a-ticket-to-a-concert-for-30-a-month-ago-last-week-someone-invited-you-5185642.htm',
          'https://www.transtutors.com/questions/puppose-gail-39-s-bakery-has-a-short-run-cost-function-given-by-tc-18-39-0-04-cost-f-5185641.htm',
          'https://www.transtutors.com/questions/a-pump-is-needed-for-10-years-at-a-remote-location-the-pump-can-be-driven-by-an-elec-5185640.htm'],
 'project': ['trans'],
 'referring_link': ['https://www.transtutors.com/questions/economics/33/'],
 'spider': ['trans_links']}
2020-02-05 23:29:56 [scrapy.core.engine] DEBUG: Crawled (200) <GET https://www.transtutors.com/questions/economics/35/> (referer: https://www.google.com/) ['cached']
2020-02-05 23:29:56 [scrapy.core.scraper] DEBUG: Scraped from <200 https://www.transtutors.com/questions/economics/34/>
{'category': ['economy'],
 'date': [datetime.datetime(2020, 2, 5, 23, 29, 56, 169720)],
 'link': ['https://www.transtutors.com/questions/public-transport-fare-concession-scheme-for-the-elderly-to-travel-on-designated-publ-5185639.htm',
          'https://www.transtutors.com/questions/a-public-good-is-a-good-like-the-following-a-ice-cream-that-is-made-and-sold-by-gove-5185638.htm',
          'https://www.transtutors.com/questions/was-the-psychological-stresses-or-the-economic-problems-the-more-impactful-element-o-5185637.htm',
          'https://www.transtutors.com/questions/please-show-work-psu-email-23-following-table-describes-the-total-cost-from-pollutin-5185636.htm',
          'https://www.transtutors.com/questions/provide-a-thorough-and-complete-response-to-each-question-each-question-is-worth-10--5185635.htm',
          'https://www.transtutors.com/questions/provide-a-real-life-example-in-paragraph-form-for-each-of-the-following-terms-inflat-5185634.htm',
          'https://www.transtutors.com/questions/provide-a-microeconomic-analysis-of-suppliers-with-explanation-and-analysis-of-forec-5185633.htm',
          'https://www.transtutors.com/questions/provide-a-macroeconomic-analysis-of-customers-with-explanation-and-analysis-of-forec-5185632.htm',
          'https://www.transtutors.com/questions/provide-an-interpretation-for-how-consumption-is-related-to-income-in-yhe-following--5185631.htm',
          'https://www.transtutors.com/questions/provide-an-example-of-a-specific-product-and-briefly-explain-3-practical-options-to--5185630.htm',
          'https://www.transtutors.com/questions/what-are-the-pros-and-cons-of-a-supermarket-radically-redesigning-its-store-interior-5185629.htm',
          'https://www.transtutors.com/questions/what-are-the-pros-and-cons-of-optimistic-planning-about-the-growth-of-online-revenue-5185628.htm',
          'https://www.transtutors.com/questions/which-proposition-s-policy-prescriptions-are-more-consistent-with-the-policies-that--5185627.htm',
          'https://www.transtutors.com/questions/proposition-1-more-people-are-falling-behind-today-because-they-re-lazy-in-the-u-s-a-5185626.htm',
          'https://www.transtutors.com/questions/need-help-answering-asap-thanks-propensity-to-consume-can-be-calculated-as-a-b-a-b-1-5185624.htm',
          'https://www.transtutors.com/questions/project-sample-q-search-in-docu-design-layout-references-ma-12-a-a-a-iv-abe-x-x-a-a--5185623.htm',
          'https://www.transtutors.com/questions/project-report-your-group-project-report-and-presentation-should-analyze-the-impact--5185622.htm',
          'https://www.transtutors.com/questions/for-a-project-the-most-likely-estimates-are-given-as-follows-marr-useful-life-initia-5185621.htm',
          'https://www.transtutors.com/questions/which-program-is-least-costly-to-society-in-terms-of-a-change-in-welfare-o-a-an-acre-5185620.htm',
          'https://www.transtutors.com/questions/the-profit-maximizing-rule-expressed-as-is-adhered-to-by-firms-operating-in-markets--5185619.htm',
          'https://www.transtutors.com/questions/what-is-profit-maximizing-output-and-profit-maximizing-price-for-a-monopoly-whose-mr-5185618.htm',
          'https://www.transtutors.com/questions/profit-maximizing-firm-choosing-two-inputs-capital-k-and-labour-l-production-functio-5185617.htm',
          'https://www.transtutors.com/questions/a-profit-maximizing-firm-charges-5-for-its-product-what-is-the-firm-s-marginal-cost--5185616.htm',
          'https://www.transtutors.com/questions/profit-at-johns-fun-dart-averages-10000-a-month-with-known-standard-deviation-of-200-5185615.htm',
          'https://www.transtutors.com/questions/professor-2-online-exam-t-u-tu-juul-duiswer-to-part-c-6-marks-q-5185614.htm',
          'https://www.transtutors.com/questions/are-professional-athletes-exploited-today-be-specific-and-include-your-own-opinions--5185613.htm',
          'https://www.transtutors.com/questions/if-a-production-technology-for-a-firm-exhibits-the-increasing-return-to-scale-then-f-5185612.htm',
          'https://www.transtutors.com/questions/what-is-production-technology-and-how-does-it-differ-from-a-production-function-o-a--5185611.htm',
          'https://www.transtutors.com/questions/the-production-possibilities-frontiers-in-the-figure-to-the-right-show-how-many-bana-5185610.htm',
          'https://www.transtutors.com/questions/in-the-production-possibilities-frontier-below-which-of-the-following-statements-is--5185609.htm',
          'https://www.transtutors.com/questions/the-production-possibilities-frontier-a-is-a-model-that-assumes-there-is-no-scarcity-5185608.htm',
          'https://www.transtutors.com/questions/the-production-of-polyamide-from-raw-materials-of-plant-origin-such-as-castor-oil-re-5185607.htm',
          'https://www.transtutors.com/questions/in-a-production-function-using-only-capital-and-labor-the-amount-of-is-fixed-in-the--5185606.htm',
          'https://www.transtutors.com/questions/for-the-production-function-q-8l2k2-returns-to-scale-is-constant-is-increasing-can-b-5185605.htm',
          'https://www.transtutors.com/questions/no-product-function-with-the-help-of-calculus-prove-the-following-1-the-condition-f-5185604.htm',
          'https://www.transtutors.com/questions/the-product-development-group-of-a-high-tech-electronicss-company-developed-five-pno-5185603.htm',
          'https://www.transtutors.com/questions/and-the-producer-surplus-will-be-75-fill-in-the-blan-ks-with-decimals-not-assuming-t-5185602.htm',
          'https://www.transtutors.com/questions/which-of-the-below-process-lines-should-be-built-for-the-production-of-a-new-chemica-5185601.htm',
          'https://www.transtutors.com/questions/the-process-of-buying-a-good-in-one-market-at-a-low-price-and-selling-the-good-in-an-5185600.htm',
          'https://www.transtutors.com/questions/for-each-of-the-problems-below-solve-for-monopoly-quantity-monopoly-price-total-reve-5185599.htm',
          'https://www.transtutors.com/questions/for-each-of-the-problems-below-solve-for-monopoly-quantity-monopoly-price-total-reve-5185598.htm',
          'https://www.transtutors.com/questions/problems-did-from-the-painting-investment-assume-for-simplicity-that-the-investment--5185597.htm',
          'https://www.transtutors.com/questions/problems-applications-ch-20-attempts-0-7-average-0-7-3-5-problems-and-applications-q-5185596.htm',
          'https://www.transtutors.com/questions/problems-applications-ch-20-8-problems-and-applications-q8-income-security-programs--5185595.htm',
          'https://www.transtutors.com/questions/problems-9-a-tirm-performs-accounting-jobs-using-both-labor-clerical-workers-and-spe-5185594.htm',
          'https://www.transtutors.com/questions/problems-37-through-40-are-based-on-the-following-information-the-municipality-is-co-5185593.htm',
          'https://www.transtutors.com/questions/problems-24-through-27-are-based-on-the-following-information-the-cost-of-a-wind-pow-5185592.htm',
          'https://www.transtutors.com/questions/problems-22-and-23-are-based-on-the-following-information-incremental-rate-of-return-5185591.htm',
          'https://www.transtutors.com/questions/problems-18-through-21-are-based-on-the-following-information-an-industrial-engineer-5185590.htm',
          'https://www.transtutors.com/questions/problems-15-through-17-are-based-on-the-following-information-the-maintenance-cost-o-5185589.htm'],
 'project': ['trans'],
 'referring_link': ['https://www.transtutors.com/questions/economics/34/'],
 'spider': ['trans_links']}
2020-02-05 23:29:56 [scrapy.core.engine] DEBUG: Crawled (200) <GET https://www.transtutors.com/questions/economics/36/> (referer: https://www.google.com/) ['cached']
2020-02-05 23:29:56 [scrapy.core.scraper] DEBUG: Scraped from <200 https://www.transtutors.com/questions/economics/35/>
{'category': ['economy'],
 'date': [datetime.datetime(2020, 2, 5, 23, 29, 56, 316744)],
 'link': ['https://www.transtutors.com/questions/problems-12-through-14-are-based-on-the-following-information-the-three-alternatives-5185588.htm',
          'https://www.transtutors.com/questions/problems-1-which-of-the-following-statements-regarding-goldsmiths-evolutionary-use-o-5185587.htm',
          'https://www.transtutors.com/questions/problems-1-draw-the-asad-graph-in-long-run-equilibrium-see-an-example-in-your-textbo-5185586.htm',
          'https://www.transtutors.com/questions/probleme-a-sample-survey-of-3-044-males-concluded-that-85-males-in-a-certain-u-s-sta-5185585.htm',
          'https://www.transtutors.com/questions/probleme-a-manufacturer-of-game-controllers-is-concerned-that-their-controller-may-b-5185584.htm',
          'https://www.transtutors.com/questions/problemc-mean-amount-spent-by-a-family-of-four-on-food-per-month-is-500-with-a-stand-5185583.htm',
          'https://www.transtutors.com/questions/problemc-an-economist-is-interested-in-studying-the-incomes-of-consumers-in-a-partic-5185582.htm',
          'https://www.transtutors.com/questions/problema-the-lengths-of-columns-in-classified-advertisements-appearing-in-a-certain--5185581.htm',
          'https://www.transtutors.com/questions/problem32spletni-30-points-there-is-a-market-operating-for-two-periods-in-the-first--5185580.htm',
          'https://www.transtutors.com/questions/with-steps-please-problem2-1000-2000-3000-4000-5000-6000-for-the-pb-above-calculate--5185579.htm',
          'https://www.transtutors.com/questions/intermediate-macro-please-submit-all-answers-with-working-problem-set-3-topic-keynes-5185578.htm',
          'https://www.transtutors.com/questions/problem-set-11-game-theory-dona-4-consider-a-simultaneous-game-for-two-players-each--5185577.htm',
          'https://www.transtutors.com/questions/problem-no1-consider-a-standard-hotelling-model-with-quadratic-transportation-costs--5185576.htm',
          'https://www.transtutors.com/questions/problem-n1-consider-a-modified-example-from-class-there-are-3-cournot-competitors-in-5185575.htm',
          'https://www.transtutors.com/questions/problem-n-esto-2-percent-a-year-and-the-remains-cont-ain-how-the-mo-s-t-2-what-was-t-5185574.htm',
          'https://www.transtutors.com/questions/problem-h-for-a-binomial-distribution-is-found-that-male-size-x-1-is-0-4116-4-propor-5185573.htm',
          'https://www.transtutors.com/questions/problem-g-lisa-stopped-at-burger-king-fast-food-restaurant-5-times-and-each-time-ord-5185572.htm',
          'https://www.transtutors.com/questions/problem-cb1-2-points-research-undertaken-by-a-firm-selling-healthy-food-items-has-sh-5185571.htm',
          'https://www.transtutors.com/questions/problem-b-the-president-of-a-university-is-concerned-that-illicit-drug-use-on-campus-5185570.htm',
          'https://www.transtutors.com/questions/problem-9-20-points-a-start-up-biotech-company-is-considering-making-an-in-the-assoc-5185569.htm',
          'https://www.transtutors.com/questions/problem-8-cournot-competition-suppose-there-are-two-identical-firms-engaged-in-quant-5185568.htm',
          'https://www.transtutors.com/questions/problem-8-20-points-a-company-is-considering-constructing-a-plant-to-manufacture-a-p-5185567.htm',
          'https://www.transtutors.com/questions/problem-7-cournot-competition-with-different-costs-suppose-there-are-two-firms-engag-5185566.htm',
          'https://www.transtutors.com/questions/problem-7-42-aigontmtic-a-firm-must-decide-between-two-silicon-layer-chip-designs-fr-5185565.htm',
          'https://www.transtutors.com/questions/problem-7-12-points-find-the-annaual-worth-of-the-following-cash-flow-diagram-assume-5185564.htm',
          'https://www.transtutors.com/questions/problem-6-country-b-trade-flows-goods-purchased-40-billion-abroad-sold-abroad-10-bil-5185563.htm',
          'https://www.transtutors.com/questions/problem-6-16-algorithmic-question-help-a-special-purpose-30-horsepower-electric-moto-5185562.htm',
          'https://www.transtutors.com/questions/problem-5-consider-two-countries-a-and-b-that-have-the-same-income-distributions-in--5185561.htm',
          'https://www.transtutors.com/questions/problem-4-sox-cable-is-a-monopolist-supplying-cable-tv-and-internet-services-the-dem-5185560.htm',
          'https://www.transtutors.com/questions/problem-4-optimal-commodity-taxation-25-points-demand-for-some-commodity-equals-p-90-5185559.htm',
          'https://www.transtutors.com/questions/problem-4-according-to-the-news-wire-quot-import-quotas-quot-page-340-what-is-the-ne-5185558.htm',
          'https://www.transtutors.com/questions/problem-4-10-points-30-water-desalination-can-be-an-energy-intensive-process-leading-5185557.htm',
          'https://www.transtutors.com/questions/problem-4-a-the-fed-purchases-200-worth-of-government-bonds-from-the-public-the-rese-5185556.htm',
          'https://www.transtutors.com/questions/problem-3-suppose-that-the-market-for-bananas-is-characterized-by-perfect-competitio-5185555.htm',
          'https://www.transtutors.com/questions/problem-3-as-part-of-a-marketing-campaign-a-firm-decides-to-hire-100-promoters-who-w-5185554.htm',
          'https://www.transtutors.com/questions/only-question-3-and-4-problem-3-a-market-is-described-by-the-following-cost-structur-5185553.htm',
          'https://www.transtutors.com/questions/problem-3-game-theory-outside-the-classroom-identify-a-real-world-scenario-that-you--5185552.htm',
          'https://www.transtutors.com/questions/engineering-economy-problem-3-5-points-20-carbon-capture-and-storage-is-a-major-tech-5185551.htm',
          'https://www.transtutors.com/questions/problem-3-22-points-use-the-following-data-to-answer-the-questions-below-2015-2014-q-5185550.htm',
          'https://www.transtutors.com/questions/problem-3-15-points-the-facility-manager-needs-to-make-quarterly-deposits-to-finance-5185549.htm',
          'https://www.transtutors.com/questions/problem-27-points-21-a-music-studio-faces-the-following-demand-schedule-when-releasi-5185548.htm',
          'https://www.transtutors.com/questions/problem-20-points-23-a-competitive-firm-can-sell-its-product-for-a-price-of-3-in-the-5185547.htm',
          'https://www.transtutors.com/questions/please-use-total-derivatives-when-solving-this-problem-also-provide-me-a-detailed-ex-5185546.htm',
          'https://www.transtutors.com/questions/problem-2-a-study-by-careerbuilder-com-found-that-20-of-companies-check-out-job-cand-5185545.htm',
          'https://www.transtutors.com/questions/help-me-out-please-thanks-problem-2-strictly-dominated-and-non-rationalizable-strate-5185544.htm',
          'https://www.transtutors.com/questions/could-you-explain-how-to-do-question-3-and-4-problem-2-a-person-with-the-following-u-5185543.htm',
          'https://www.transtutors.com/questions/which-has-orange-orchards-problem-2-the-nation-of-paradigm-has-18-competitive-apple--5185542.htm',
          'https://www.transtutors.com/questions/problem-2-lebanon-metal-company-lmc-a-manufacturer-of-various-metal-parts-must-decid-5185541.htm',
          'https://www.transtutors.com/questions/problem-2-you-are-interested-in-identifying-the-correct-specification-of-the-followi-5185540.htm',
          'https://www.transtutors.com/questions/problem-2-on-the-horizontal-axis-of-the-graph-l-represents-the-quantity-of-loanable--5185539.htm'],
 'project': ['trans'],
 'referring_link': ['https://www.transtutors.com/questions/economics/35/'],
 'spider': ['trans_links']}
2020-02-05 23:29:56 [scrapy.core.engine] DEBUG: Crawled (200) <GET https://www.transtutors.com/questions/economics/37/> (referer: https://www.google.com/) ['cached']
2020-02-05 23:29:56 [scrapy.core.scraper] DEBUG: Scraped from <200 https://www.transtutors.com/questions/economics/36/>
{'category': ['economy'],
 'date': [datetime.datetime(2020, 2, 5, 23, 29, 56, 475261)],
 'link': ['https://www.transtutors.com/questions/problem-2-earned-income-tax-credit-25-points-carla-has-a-wage-of-15-per-hour-and-2-0-5185538.htm',
          'https://www.transtutors.com/questions/problem-2-consider-the-following-normal-form-or-matrix-game-player-2-c-l-r-1-0-1-1-1-5185537.htm',
          'https://www.transtutors.com/questions/engineering-economy-there-is-no-data-just-sketch-problem-2-7-5-marks-30-sketch-the-c-5185536.htm',
          'https://www.transtutors.com/questions/problem-2-7-5-marks-30-sketch-the-cost-and-revenues-against-volume-chart-showing-wha-5185535.htm',
          'https://www.transtutors.com/questions/number-are-different-dont-copy-paste-the-answer-pleasse-thanks-problem-11-10-algorit-5185533.htm',
          'https://www.transtutors.com/questions/problem-11-10-algorithmic-question-help-a-nationwide-mochain-is-considering-lowing-a-5185532.htm',
          'https://www.transtutors.com/questions/problem-1-tanf-and-labor-supply-25-points-kerry-has-an-hourly-wage-rate-of-20-and-2--5185531.htm',
          'https://www.transtutors.com/questions/problem-1-the-basic-idea-of-adam-smith-39-s-invisible-hand-quot-is-that-a-dire-pover-5185530.htm',
          'https://www.transtutors.com/questions/problem-1-5-marks-30-a-petrochemical-company-is-composed-of-the-following-list-of-pr-5185529.htm',
          'https://www.transtutors.com/questions/engineering-economy-problem-1-10-marks-20-an-oil-trading-company-is-interested-in-bu-5185528.htm',
          'https://www.transtutors.com/questions/economy-for-engineering-problem-1-10-marks-20-an-oil-trading-company-is-interested-i-5185527.htm',
          'https://www.transtutors.com/questions/probl-comer-a-c-ercial-bank-asume-that-the-bank-we-tot-in-die-hand-that-the-heat-cap-5185526.htm',
          'https://www.transtutors.com/questions/prior-to-the-great-depression-economists-had-developed-a-thorough-framework-to-measu-5185525.htm',
          'https://www.transtutors.com/questions/printers-manufactured-by-companies-such-as-canon-and-hp-require-specially-made-ink-c-5185524.htm',
          'https://www.transtutors.com/questions/principles-of-macroeconomics-econ125-fall-18-common-exam-question-4-1-explain-how-ea-5185523.htm',
          'https://www.transtutors.com/questions/prime-costs-are-costs-that-are-incurred-for-the-benefit-of-more-than-one-cost-object-5185522.htm',
          'https://www.transtutors.com/questions/the-primary-way-that-banks-earn-money-is-multiple-choice-through-the-accumulation-of-5185521.htm',
          'https://www.transtutors.com/questions/the-primary-instrument-for-controlling-money-supply-is-open-market-operations-is-the-5185520.htm',
          'https://www.transtutors.com/questions/if-the-price-of-x-was-cut-in-half-the-budget-line-would-rotate-in-such-a-way-that-it-5185519.htm',
          'https://www.transtutors.com/questions/when-the-price-of-a-video-rental-was-2-00-ticket-sales-at-the-local-movie-theatre-av-5185518.htm',
          'https://www.transtutors.com/questions/marginal-cost-c-marginal-r-quot-aria-describedby-quot-eko-quot-style-quot-quot-gt-pr-5185517.htm',
          'https://www.transtutors.com/questions/if-the-price-support-for-tobacco-has-created-excess-supply-of-tobacco-and-now-a-new--5185516.htm',
          'https://www.transtutors.com/questions/price-supply-after-tax-supply-before-14-tax-demand-75-100-quantity-of-cigarettes-33--5185515.htm',
          'https://www.transtutors.com/questions/if-a-price-searcher-operates-at-mc-p-then-at-that-rate-of-ouput-answer-mc-would-exce-5185514.htm',
          'https://www.transtutors.com/questions/if-a-price-searcher-operates-at-mc-p-it-will-cause-mc-to-exceed-mr-please-explain-wh-5185513.htm',
          'https://www.transtutors.com/questions/if-a-price-searcher-operates-at-mc-p-it-will-cause-mc-to-exceed-mr-please-explain-wh-5185512.htm',
          'https://www.transtutors.com/questions/if-as-the-price-of-rubber-matting-increases-the-quantity-of-paint-that-firms-plan-to-5185511.htm',
          'https://www.transtutors.com/questions/price-price-price-price-0-quantity-o-quantity-a-o-quantity-c-0-quantity-d-b-refer-to-5185510.htm',
          'https://www.transtutors.com/questions/price-mc-price-mr-quantity-q-quantity-d-price-1-price-vd-o-quantity-o-quantity-figur-5185509.htm',
          'https://www.transtutors.com/questions/price-level-suppose-the-economy-is-initially-in-long-run-equilibrium-the-fed-enacts--5185508.htm',
          'https://www.transtutors.com/questions/then-the-price-level-will-rise-56-according-to-modern-keynesian-analysis-fa-c-te-dem-5185507.htm',
          'https://www.transtutors.com/questions/price-level-o-t-problem-solving-taxes-exercise-1-the-graph-below-depicts-decides-to--5185506.htm',
          'https://www.transtutors.com/questions/price-level-in-the-figure-to-the-right-suppose-the-economy-in-year-1-is-at-point-a-a-5185505.htm',
          'https://www.transtutors.com/questions/price-level-in-the-figure-to-the-right-suppose-the-economy-is-initially-at-point-a-t-5185504.htm',
          'https://www.transtutors.com/questions/price-leve-lras-2000100-gop-of-200-do-n-2-refer-to-figure-above-in-the-mainstream-fi-5185503.htm',
          'https://www.transtutors.com/questions/price-gouging-can-aid-victims-why-some-economists-say-yes-5185502.htm',
          'https://www.transtutors.com/questions/if-the-price-of-a-good-is-50-and-you-obtain-30-in-consumer-surplus-from-the-transact-5185501.htm',
          'https://www.transtutors.com/questions/if-the-price-falls-from-6-to-4-the-quantity-demanded-rises-from-8000-to-12000-calcul-5185500.htm',
          'https://www.transtutors.com/questions/price-elasticity-of-demand-change-in-quantity-change-in-price-or-a-quantity-a-price--5185499.htm',
          'https://www.transtutors.com/questions/if-the-price-elasticity-coefficient-for-a-good-is-0-52-the-demand-for-that-good-is-d-5185498.htm',
          'https://www.transtutors.com/questions/if-the-price-of-dvd-players-declines-by-20-and-the-quantity-sold-rises-by-40-what-is-5185497.htm',
          'https://www.transtutors.com/questions/price-domestic-supply-domestic-demand-8-10-15-40-50-quantity-of-melons-figure-44-2-m-5185496.htm',
          'https://www.transtutors.com/questions/price-dollars-per-subscription-8-8-8-8a-mulop-allalysis-the-following-graph-shows-th-5185495.htm',
          'https://www.transtutors.com/questions/price-dollars-per-gallon-s-tax-3-50-3-00-2-50-2-00-1-50-1-00-0-50-d-14-12-10-0-2-4-q-5185494.htm',
          'https://www.transtutors.com/questions/what-is-price-discrimination-which-of-the-four-industries-that-we-studied-can-do-it--5185493.htm',
          'https://www.transtutors.com/questions/price-curre-c-curve-d-p5-p2-p1-po-curve-b-curve-a-drantity-refer-to-figure-15-5-a-pr-5185492.htm',
          'https://www.transtutors.com/questions/price-and-cost-per-unit-atc-atc-demand-o-qq-qq-quantity-mr-figure-15-2-above-shows-t-5185491.htm',
          'https://www.transtutors.com/questions/price-and-cost-dollars-per-unit-30-88n-bg-domand-quantity-figure-15-6-shows-the-cost-5185490.htm',
          'https://www.transtutors.com/questions/price-and-cost-dollars-per-unit-20-80-demand-mr-2-83-104-quantity-figure-15-6-shows--5185489.htm',
          'https://www.transtutors.com/questions/price-and-cost-750-1-100-1-350-1-800-quantity-lecture-handout-8-monopoly-04-compare--5185488.htm'],
 'project': ['trans'],
 'referring_link': ['https://www.transtutors.com/questions/economics/36/'],
 'spider': ['trans_links']}
2020-02-05 23:29:56 [scrapy.core.engine] DEBUG: Crawled (200) <GET https://www.transtutors.com/questions/economics/38/> (referer: https://www.google.com/) ['cached']
2020-02-05 23:29:56 [scrapy.core.scraper] DEBUG: Scraped from <200 https://www.transtutors.com/questions/economics/37/>
{'category': ['economy'],
 'date': [datetime.datetime(2020, 2, 5, 23, 29, 56, 645314)],
 'link': ['https://www.transtutors.com/questions/when-the-price-of-cosmopolitan-magazine-decreases-from-5-to-3-the-quantity-demanded--5185487.htm',
          'https://www.transtutors.com/questions/price-controls-discussion-the-day-after-thanksgiving-also-known-as-black-friday-is-a-5185486.htm',
          'https://www.transtutors.com/questions/a-price-change-causes-the-quantity-demanded-of-a-good-to-decrease-by-25-percent-as-a-5185485.htm',
          'https://www.transtutors.com/questions/a-price-ceiling-set-below-the-equilibrium-price-will-a-clear-the-market-for-the-good-5185484.htm',
          'https://www.transtutors.com/questions/if-a-price-ceiling-is-imposed-below-the-equilibrium-price-which-of-a-through-would-t-5185483.htm',
          'https://www.transtutors.com/questions/please-answer-clear-and-completely-thanks-in-advance-price-6-points-refer-to-the-fig-5185482.htm',
          'https://www.transtutors.com/questions/price-5-00-i-1-00-50-60-quantity-1-the-equilibrium-price-in-the-market-before-the-ta-5185481.htm',
          'https://www.transtutors.com/questions/price-400-60-1-00-quantity-a-use-the-figure-to-complete-the-following-table-before-r-5185480.htm',
          'https://www.transtutors.com/questions/price-33-50-22-50-19-30-atc-5-3-5-mr-7-quantity-figure-3-refer-to-figure-3-for-quest-5185479.htm',
          'https://www.transtutors.com/questions/at-a-price-of-20-per-cd-a-firm-sells-60-cds-if-the-slope-of-the-demand-curve-is-50-2-5185478.htm',
          'https://www.transtutors.com/questions/previous-page-next-page-page-12-of-39-question-12-2-points-which-of-the-following-de-5185477.htm',
          'https://www.transtutors.com/questions/how-does-president-obama-use-the-reason-of-discourse-in-his-proposal-for-comprehensi-5185476.htm',
          'https://www.transtutors.com/questions/what-is-the-present-worth-difference-between-an-investment-of-35-000-per-year-for-45-5185475.htm',
          'https://www.transtutors.com/questions/what-is-the-present-value-of-a-stream-of-monthly-payments-of-500-each-over-10-years--5185474.htm',
          'https://www.transtutors.com/questions/you-are-preparing-to-open-your-dream-business-what-criteria-will-you-evaluate-in-sel-5185473.htm',
          'https://www.transtutors.com/questions/why-have-some-of-the-predictions-of-the-solow-growth-model-failed-to-take-place-unde-5185472.htm',
          'https://www.transtutors.com/questions/20-21-22-predictions-of-marginal-utility-theory-cindy-39-s-tennis-club-raises-its-pr-5185471.htm',
          'https://www.transtutors.com/questions/predicate-crime-s-that-hide-financial-gains-through-money-laundering-may-include-sel-5185470.htm',
          'https://www.transtutors.com/questions/predatory-pricing-involves-a-firm-a-requiring-that-the-firm-reselling-its-product-do-5185469.htm',
          'https://www.transtutors.com/questions/predatory-pricing-is-defined-to-be-select-one-a-collusive-pricing-b-behavior-designe-5185468.htm',
          'https://www.transtutors.com/questions/practice-question-consider-the-following-information-about-bikes-where-q-is-output-t-5185467.htm',
          'https://www.transtutors.com/questions/i-need-the-solution-for-this-please-practice-question-consider-the-following-informa-5185466.htm',
          'https://www.transtutors.com/questions/practice-problem-3-write-down-a-balance-sheet-for-quot-bank-c-quot-which-has-the-sam-5185465.htm',
          'https://www.transtutors.com/questions/who-is-more-powerful-politically-inside-their-country-egyptian-president-general-sis-5185464.htm',
          'https://www.transtutors.com/questions/how-does-poverty-affect-education-in-the-united-states-in-the-aspect-of-macro-econom-5185463.htm',
          'https://www.transtutors.com/questions/potential-gdp-refers-to-the-level-of-o-a-real-gdp-in-the-long-run-ob-nominal-gdp-in--5185462.htm',
          'https://www.transtutors.com/questions/what-is-a-postive-externality-provide-an-example-what-is-a-negtive-externality-and-p-5185461.htm',
          'https://www.transtutors.com/questions/is-it-possible-that-pe-gt-gdp-in-a-given-year-in-a-closed-economy-if-some-aggregate--5185459.htm',
          'https://www.transtutors.com/questions/when-there-is-a-positive-network-externality-to-a-network-good-a-larger-network-is-a-5185457.htm',
          'https://www.transtutors.com/questions/pose-a-porte-3-suppose-that-you-have-the-following-utility-function-u-x-y-x-ty0-6-th-5185456.htm',
          'https://www.transtutors.com/questions/for-this-portion-you-will-create-a-powerpoint-presentation-of-the-improvement-plan-o-5185455.htm',
          'https://www.transtutors.com/questions/portal-main-5-thread-view-lcs-lear-v-read-quot-a-welcome-reviv-x-c-read-quot-a-welco-5185454.htm',
          'https://www.transtutors.com/questions/port-o-hin-2019-2020-min-chinal-trade-practice-mola-41a-a-12123-nametage-derniotu-no-5185453.htm',
          'https://www.transtutors.com/questions/por-big-boxc5-mom-and-pop-2-big-boxc4-op-ons-to-cou-xx-19-refer-to-the-table-4-oil-p-5185452.htm',
          'https://www.transtutors.com/questions/pomme-exceeds-aggregate-output-32-the-size-of-the-multiplier-depends-on-the-a-slope--5185451.htm',
          'https://www.transtutors.com/questions/polsci-220-final-exam-page-2-5-is-a-non-coercive-means-of-getting-other-states-to-wa-5185450.htm',
          'https://www.transtutors.com/questions/polly-flin-borrowed-4-000-for-60-days-at-4-on-day-15-polly-made-a-700-partial-pay-me-5185449.htm',
          'https://www.transtutors.com/questions/polits-suval-astion-8-interest-rate-of-15-per-year-demie-aw-of-the-ford-a-consulting-5185448.htm',
          'https://www.transtutors.com/questions/politics-how-does-korea-need-to-change-ways-of-reforming-chaebol-politically-in-orde-5185447.htm',
          'https://www.transtutors.com/questions/politics-essay-about-how-does-korea-need-to-change-ways-of-reforming-chaebol-politic-5185446.htm',
          'https://www.transtutors.com/questions/what-are-the-political-and-or-institutional-pre-requisites-for-economic-growth--5185445.htm',
          'https://www.transtutors.com/questions/political-economy-essay-what-are-the-main-causes-of-the-conflict-between-israel-and--5185444.htm',
          'https://www.transtutors.com/questions/points-two-firms-are-playing-a-repeated-bertrand-game-infinitely-each-with-the-same--5185443.htm',
          'https://www.transtutors.com/questions/points-save-for-the-two-machines-altermatives-shown-in-the-table-below-you-are-tryin-5185442.htm',
          'https://www.transtutors.com/questions/need-help-with-both-points-out-of-1-0-p-flag-question-b-a-15-11-35-43-if-a-firm-in-a-5185441.htm',
          'https://www.transtutors.com/questions/if-at-some-point-level-of-output-total-planned-real-expenditures-are-less-than-real--5185440.htm',
          'https://www.transtutors.com/questions/if-at-some-point-level-of-output-total-planned-real-expenditures-are-less-than-real--5185439.htm',
          'https://www.transtutors.com/questions/any-point-below-a-given-indifference-curve-is-a-inferior-to-any-point-on-the-indiffe-5185438.htm',
          'https://www.transtutors.com/questions/at-what-point-will-the-depicted-perfectly-competitive-firm-shut-down-in-the-short-ru-5185437.htm',
          'https://www.transtutors.com/questions/plz-dont-copy-wrong-answer-in-google-please-draw-a-graph-and-explain-it-in-detail-li-5185435.htm'],
 'project': ['trans'],
 'referring_link': ['https://www.transtutors.com/questions/economics/37/'],
 'spider': ['trans_links']}
2020-02-05 23:29:56 [scrapy.core.engine] DEBUG: Crawled (200) <GET https://www.transtutors.com/questions/economics/39/> (referer: https://www.google.com/) ['cached']
2020-02-05 23:29:56 [scrapy.core.scraper] DEBUG: Scraped from <200 https://www.transtutors.com/questions/economics/38/>
{'category': ['economy'],
 'date': [datetime.datetime(2020, 2, 5, 23, 29, 56, 804159)],
 'link': ['https://www.transtutors.com/questions/plus-sena-what-is-the-marginal-cost-for-the-5th-good-tc-tvc-mh-ac-30-avc-90-140-ques-5185434.htm',
          'https://www.transtutors.com/questions/pls-examine-carefully-choose-the-statement-that-is-correct-a-an-unregulated-labor-ma-5185433.htm',
          'https://www.transtutors.com/questions/pleasure-island-is-a-self-sufficient-island-economy-all-inhabitants-are-students-and-5185432.htm',
          'https://www.transtutors.com/questions/please-use-total-derivatives-when-solving-this-problem-one-more-question-is-it-neces-5185431.htm',
          'https://www.transtutors.com/questions/quot-please-use-the-graph-to-answer-the-following-questions-a-c-quot-suppose-the-co-5185430.htm',
          'https://www.transtutors.com/questions/please-explain-please-use-the-following-graph-to-answer-the-following-questions-7-9--5185429.htm',
          'https://www.transtutors.com/questions/please-use-excel-program-example-equivalent-annual-worth-with-different-lives-a-mech-5185428.htm',
          'https://www.transtutors.com/questions/please-solve-by-steeeps-its-very-important-in-order-to-get-full-grade-criteria-excel-5185427.htm',
          'https://www.transtutors.com/questions/please-solve-this-mc-mr-and-d-problem-when-there-are-two-factories-for-the-same-firm-5185425.htm',
          'https://www.transtutors.com/questions/please-show-all-the-steps-you-39-ve-done-to-reach-the-final-answer-i-am-trying-to-le-5185424.htm',
          'https://www.transtutors.com/questions/please-show-detailed-work-for-your-solution-to-each-part-provide-formulas-used-to-ob-5185423.htm',
          'https://www.transtutors.com/questions/please-read-questions-carefully-i-multiple-choices-20-points-note-at-lease-one-and-p-5185422.htm',
          'https://www.transtutors.com/questions/please-provide-historical-views-of-wealth-inequality-in-the-uk-in-relation-to-econom-5185421.htm',
          'https://www.transtutors.com/questions/please-please-help-explain-in-detail-about-these-concepts-and-use-graphs-id-prefer-i-5185420.htm',
          'https://www.transtutors.com/questions/please-i-need-today-answer-for-this-question-and-it-is-very-important-and-i-need-sol-5185419.htm',
          'https://www.transtutors.com/questions/please-i-need-today-answer-for-this-question-and-it-is-very-important-and-i-need-sol-5185418.htm',
          'https://www.transtutors.com/questions/please-i-need-today-answer-for-this-question-and-it-is-very-important-and-i-need-sol-5185417.htm',
          'https://www.transtutors.com/questions/please-i-need-today-answer-for-this-question-and-it-is-very-important-and-i-need-sol-5185416.htm',
          'https://www.transtutors.com/questions/please-i-need-today-answer-for-this-question-and-it-is-very-important-and-i-need-sol-5185415.htm',
          'https://www.transtutors.com/questions/please-i-need-today-answer-for-this-question-and-it-is-very-important-and-i-need-sol-5185414.htm',
          'https://www.transtutors.com/questions/please-i-need-today-answer-for-this-question-and-it-is-very-important-and-i-need-sol-5185413.htm',
          'https://www.transtutors.com/questions/please-i-need-today-answer-for-this-question-and-it-is-very-important-and-i-need-sol-5185412.htm',
          'https://www.transtutors.com/questions/please-i-need-today-answer-for-this-question-and-it-is-very-important-and-i-need-sol-5185411.htm',
          'https://www.transtutors.com/questions/please-i-need-today-answer-for-this-question-and-it-is-very-important-and-i-need-sol-5185410.htm',
          'https://www.transtutors.com/questions/please-i-need-today-answer-for-this-question-and-it-is-very-important-and-i-need-sol-5185409.htm',
          'https://www.transtutors.com/questions/please-i-need-today-answer-for-this-question-and-it-is-very-important-and-i-need-sol-5185408.htm',
          'https://www.transtutors.com/questions/please-i-need-today-answer-for-this-question-and-it-is-very-important-and-i-need-sol-5185407.htm',
          'https://www.transtutors.com/questions/please-i-need-today-answer-for-this-question-and-it-is-very-important-and-i-need-sol-5185406.htm',
          'https://www.transtutors.com/questions/please-i-need-today-answer-for-this-question-and-it-is-very-important-and-i-need-sol-5185405.htm',
          'https://www.transtutors.com/questions/please-i-need-your-help-with-this-question-a-cross-sectional-study-in-2017-uses-a-sa-5185404.htm',
          'https://www.transtutors.com/questions/please-list-the-five-major-components-of-the-trade-you-must-get-4-out-of-the-5-corre-5185403.htm',
          'https://www.transtutors.com/questions/please-help-me-i-know-i-can-only-post-one-question-per-post-but-the-final-exam-has-1-5185402.htm',
          'https://www.transtutors.com/questions/please-find-a-current-article-pertaining-to-a-macroeconomics-issue-in-a-reputable-pu-5185401.htm',
          'https://www.transtutors.com/questions/please-fill-out-the-quot-your-turn-quot-john-withdraws-99-and-eva-uses-her-deposits--5185400.htm',
          'https://www.transtutors.com/questions/please-explain-the-supply-and-demand-shifts-for-tobacco-and-any-price-controls-that--5185399.htm',
          'https://www.transtutors.com/questions/please-explain-the-price-elasticity-of-tobacco-is-it-elastic-or-inelastic-and-whethe-5185398.htm',
          'https://www.transtutors.com/questions/please-explain-the-following-questions-in-3-4-lines-with-the-appropriate-diagram-q1--5185397.htm',
          'https://www.transtutors.com/questions/please-explain-the-effects-of-the-monetary-expansion-in-the-short-and-medium-run--5185396.htm',
          'https://www.transtutors.com/questions/please-explain-the-effects-of-the-monetary-contraction-in-the-short-and-medium-run-s-5185395.htm',
          'https://www.transtutors.com/questions/please-explain-the-effects-of-the-monetary-contraction-in-the-short-and-medium-run--5185394.htm',
          'https://www.transtutors.com/questions/please-explain-the-effects-of-the-monetary-contraction-in-the-short-and-medium-run--5185393.htm',
          'https://www.transtutors.com/questions/please-explain-the-effects-of-the-monetary-contraction-in-the-short-and-medium-run-3-5185392.htm',
          'https://www.transtutors.com/questions/please-explain-demand-side-factors-supply-side-factors-that-affect-wage-disparity-5185391.htm',
          'https://www.transtutors.com/questions/please-draw-a-graph-and-explain-it-in-detail-it-is-good-to-release-as-soon-as-possib-5185390.htm',
          'https://www.transtutors.com/questions/please-discuss-the-following-at-a-minimum-of-500-words-total-determinants-of-the-dem-5185389.htm',
          'https://www.transtutors.com/questions/please-be-clear-and-aswer-completely-dont-forget-to-read-carefully-and-complete-the--5185388.htm',
          'https://www.transtutors.com/questions/i-7-please-calculate-euac-given-the-following-cash-flow-1700-1500-1600-in-1400-un-0--5185387.htm',
          'https://www.transtutors.com/questions/please-calculate-equivalent-uniform-annual-cost-given-the-following-cash-flow-year-v-5185386.htm',
          'https://www.transtutors.com/questions/please-calculate-a-b-c-d-in-red-color-and-show-how-to-calculate-thank-you-al-a-perce-5185385.htm',
          'https://www.transtutors.com/questions/please-answer-clear-and-completely-as-this-is-one-question-with-multiple-steps-thank-5185384.htm'],
 'project': ['trans'],
 'referring_link': ['https://www.transtutors.com/questions/economics/38/'],
 'spider': ['trans_links']}
2020-02-05 23:29:57 [scrapy.core.engine] DEBUG: Crawled (200) <GET https://www.transtutors.com/questions/economics/40/> (referer: https://www.google.com/) ['cached']
2020-02-05 23:29:57 [scrapy.core.scraper] DEBUG: Scraped from <200 https://www.transtutors.com/questions/economics/39/>
{'category': ['economy'],
 'date': [datetime.datetime(2020, 2, 5, 23, 29, 57, 52090)],
 'link': ['https://www.transtutors.com/questions/please-answer-it-in-away-wher-i-can-copy-it-thanks-instead-of-an-80-learning-curve-t-5185383.htm',
          'https://www.transtutors.com/questions/please-answer-6-4-6-5-6-6-6-7-6-8-only-show-your-work-answer-the-ques-please-ans-5185382.htm',
          'https://www.transtutors.com/questions/please-do-2-1-2-4-and-if-you-can-really-need-help-on-2-5-but-may-be-able-to-figure-i-5185381.htm',
          'https://www.transtutors.com/questions/players-a-and-b-are-on-the-same-team-at-a-video-game-championship-in-this-multiplaye-5185380.htm',
          'https://www.transtutors.com/questions/a-plastics-company-is-considering-two-injection-molding-processes-process-x-will-hav-5185379.htm',
          'https://www.transtutors.com/questions/a-plant-produces-15-000-units-month-find-breakeven-level-if-fc-75-000-month-revenue--5185378.htm',
          'https://www.transtutors.com/questions/a-plant-nursery-in-a-regional-town-is-known-for-its-range-of-trees-one-year-the-grow-5185377.htm',
          'https://www.transtutors.com/questions/you-are-planning-to-invest-5-000-in-the-shares-of-a-company-you-have-learned-that-th-5185376.htm',
          'https://www.transtutors.com/questions/you-are-planning-to-invest-5-000-in-the-shares-of-a-company-you-have-learned-that-th-5185375.htm',
          'https://www.transtutors.com/questions/plan-the-meaning-and-three-of-tea-pacing-man-question-two-a-a-company-has-fixed-cost-5185374.htm',
          'https://www.transtutors.com/questions/plan-a-cost-the-authority-of-60-per-unit-and-save-customers-1-50-per-unit-per-month--5185373.htm',
          'https://www.transtutors.com/questions/pizza-joints-often-offer-substantially-lower-prices-for-pizza-picked-up-at-the-shop--5185372.htm',
          'https://www.transtutors.com/questions/pizza-hut-wants-to-hire-baltimore-ravens-quarterback-joe-flacco-to-do-an-advertiseme-5185371.htm',
          'https://www.transtutors.com/questions/pizza-beer-0-8-b-beer-05-a-pizza-1-25-pizza-0-2-00-beer-0-c-10-beer-d-refer-to-the-g-5185370.htm',
          'https://www.transtutors.com/questions/on-piirkondades-or-the-fire-total-uren-d-es-determined-from-the-information-total-pr-5185369.htm',
          'https://www.transtutors.com/questions/for-a-piece-of-equipment-with-salvage-value-of-20-000-the-book-value-under-macrs-gds-5185368.htm',
          'https://www.transtutors.com/questions/pick-a-country-that-relies-heavily-on-ecotourism-what-are-the-direct-economic-benefi-5185367.htm',
          'https://www.transtutors.com/questions/pick-the-best-response-to-the-following-statement-factor-substitution-in-the-residen-5185366.htm',
          'https://www.transtutors.com/questions/pi-in-macroeconomics-we-define-equilibrium-in-the-goods-market-as-that-point-a-where-5185365.htm',
          'https://www.transtutors.com/questions/the-phrase-39-a-change-in-demand-39-most-directly-implies-a-principle-of-economics-5185364.htm',
          'https://www.transtutors.com/questions/philip-morris-and-rj-reynolds-spend-huge-sums-of-money-each-year-to-advertise-their--5185363.htm',
          'https://www.transtutors.com/questions/phil-grows-peaches-where-l-is-the-number-of-units-of-labor-he-uses-and-t-is-the-numb-5185362.htm',
          'https://www.transtutors.com/questions/please-show-all-calculations-a-pharmaceutical-company-wants-to-develop-a-new-treatme-5185361.htm',
          'https://www.transtutors.com/questions/peters-daily-income-is-120-to-be-spent-in-either-or-both-food-or-fun-on-the-day-the--5185360.htm',
          'https://www.transtutors.com/questions/peters-daily-income-is-120-to-be-spent-in-either-or-both-food-or-fun-on-the-day-the--5185359.htm',
          'https://www.transtutors.com/questions/peters-daily-income-is-120-to-be-spent-in-either-or-both-food-or-fun-on-the-day-the--5185358.htm',
          'https://www.transtutors.com/questions/pete-wants-to-open-a-restaurant-and-has-chosen-to-open-a-mcdonald-39-s-mcdonald-39-s-5185357.htm',
          'https://www.transtutors.com/questions/pes-which-side-of-the-market-is-more-ilikely-to-lobby-government-for-a-price-floor-t-5185356.htm',
          'https://www.transtutors.com/questions/what-is-your-perspective-of-the-china-business-environment-right-now-as-a-foreign-bu-5185355.htm',
          'https://www.transtutors.com/questions/what-is-your-perspective-of-the-china-business-environment-right-now-as-a-foreign-bu-5185354.htm',
          'https://www.transtutors.com/questions/a-person-purchases-a-company-for-50-000-now-this-company-will-lose-2-200-each-year-t-5185353.htm',
          'https://www.transtutors.com/questions/if-a-person-is-a-net-supplier-of-a-normal-good-and-its-price-increases-while-all-oth-5185352.htm',
          'https://www.transtutors.com/questions/period-1-if-a-firm-is-a-price-taker-then-the-demand-curve-for-the-firm-39-s-product--5185351.htm',
          'https://www.transtutors.com/questions/perfectly-craph-a-perfecthy-elesdic-demand-200-200-price-150-price-150-per-per-eence-5185350.htm',
          'https://www.transtutors.com/questions/a-perfectly-competitive-potato-farm-is-currently-in-long-run-equilibrium-graph-the-f-5185349.htm',
          'https://www.transtutors.com/questions/in-a-perfectly-competitive-markets-what-is-the-difference-between-the-demand-the-ind-5185348.htm',
          'https://www.transtutors.com/questions/the-perfectly-competitive-market-is-currently-at-stage-1-stage-1-equilibrium-1-diagr-5185347.htm',
          'https://www.transtutors.com/questions/in-a-perfectly-competitive-industry-market-demand-and-supply-are-q-d-12-p-and-qs-p-1-5185346.htm',
          'https://www.transtutors.com/questions/for-the-perfectly-competitive-firm-with-the-cost-schedule-below-how-much-profit-woul-5185345.htm',
          'https://www.transtutors.com/questions/for-the-perfectly-competitive-firm-with-the-cost-schedule-below-what-are-the-firm-39-5185344.htm',
          'https://www.transtutors.com/questions/a-perfect-competitive-firm-seeking-to-maximize-total-profits-will-maximize-profit-pe-5185343.htm',
          'https://www.transtutors.com/questions/in-the-perfect-competition-monopolies-competition-monopoly-oligopoly-who-is-earning--5185342.htm',
          'https://www.transtutors.com/questions/in-the-perfect-competition-monopolies-competition-monopoly-oligopoly-who-is-earning--5185341.htm',
          'https://www.transtutors.com/questions/perfect-competition-firm-cost-equation-tc-49-4q-q2-market-demand-q-544-4p-solve-for--5185340.htm',
          'https://www.transtutors.com/questions/perfect-competition-evaluate-the-pros-and-cons-of-perfect-competition-from-a-number--5185339.htm',
          'https://www.transtutors.com/questions/how-is-the-perfect-competition-different-than-a-monopoly-which-is-the-better-for-the-5185338.htm',
          'https://www.transtutors.com/questions/perfect-competition-is-consistent-with-2-one-firm-selling-many-different-products-b--5185337.htm',
          'https://www.transtutors.com/questions/per-unit-tax-assume-a-per-unit-tax-is-imposed-in-the-graphs-above-the-least-efficien-5185336.htm',
          'https://www.transtutors.com/questions/a-per-unit-producer-tax-is-imposed-in-a-market-free-of-externalities-how-will-this-t-5185335.htm',
          'https://www.transtutors.com/questions/per-the-2018-national-strategy-isis-has-become-creative-in-moving-funds-in-the-unite-5185334.htm'],
 'project': ['trans'],
 'referring_link': ['https://www.transtutors.com/questions/economics/39/'],
 'spider': ['trans_links']}
2020-02-05 23:29:57 [scrapy.core.engine] DEBUG: Crawled (200) <GET https://www.transtutors.com/questions/economics/41/> (referer: https://www.google.com/) ['cached']
2020-02-05 23:29:57 [scrapy.core.scraper] DEBUG: Scraped from <200 https://www.transtutors.com/questions/economics/40/>
{'category': ['economy'],
 'date': [datetime.datetime(2020, 2, 5, 23, 29, 57, 227134)],
 'link': ['https://www.transtutors.com/questions/some-people-believe-that-solidarity-lending-is-an-important-building-block-of-microf-5185333.htm',
          'https://www.transtutors.com/questions/when-people-in-a-barter-economy-began-to-accept-the-good-that-had-greater-acceptabil-5185332.htm',
          'https://www.transtutors.com/questions/pen-the-data-quot-keen-footwear-data-quot-obtained-by-google-analytics-open-the-data-5185331.htm',
          'https://www.transtutors.com/questions/a-payment-to-a-landowner-for-mineral-rights-would-be-called-rent-wages-profit-intere-5185330.htm',
          'https://www.transtutors.com/questions/paul-is-the-shareholder-that-owns-most-90-of-the-outstanding-stock-of-purple-machine-5185329.htm',
          'https://www.transtutors.com/questions/in-the-past-50-years-the-economy-of-the-united-states-grew-causing-multiple-choice-a-5185328.htm',
          'https://www.transtutors.com/questions/passing-a-federal-budget-steps-6-9-6-house-and-senate-budget-committees-analyze-pres-5185327.htm',
          'https://www.transtutors.com/questions/you-and-your-partner-have-become-very-interested-in-cross-country-motorcycle-racing--5185326.htm',
          'https://www.transtutors.com/questions/you-and-your-partner-have-become-very-interested-in-cross-country-motorcycle-racing--5185325.htm',
          'https://www.transtutors.com/questions/part-two-problem-solving-question-25-points-using-the-following-decision-tree-to-dec-5185324.htm',
          'https://www.transtutors.com/questions/part-two-problem-solving-question-25-points-using-the-following-decision-tree-to-dec-5185323.htm',
          'https://www.transtutors.com/questions/part-a-suppose-some-unfortunate-legislation-in-the-burrito-industry-enables-exactly--5185322.htm',
          'https://www.transtutors.com/questions/answer-question-4-part-a-short-questions-40-each-question-carries-10-marks-explain-b-5185321.htm',
          'https://www.transtutors.com/questions/0-for-t-0-1-2-s-1-0-for-t-1-2-in-partic-quot-src-quot-https-files-transtutors-com-cd-5185320.htm',
          'https://www.transtutors.com/questions/part-i-multiple-choice-questions-40-points-total-2-points-cach-1-which-of-the-follow-5185319.htm',
          'https://www.transtutors.com/questions/part-i-multiple-choice-questions-40-points-total-2-points-each-1-which-of-the-follow-5185318.htm',
          'https://www.transtutors.com/questions/need-help-answering-asap-thanks-part-a-multiple-choice-60-points-1-the-consumption-f-5185317.htm',
          'https://www.transtutors.com/questions/part-i-list-and-explain-3-5-advantages-for-quot-first-mover-quot-plus-quot-second-mo-5185316.htm',
          'https://www.transtutors.com/questions/please-quicky-help-me-with-this-question-part-ili-in-this-part-please-explain-the-sh-5185315.htm',
          'https://www.transtutors.com/questions/part-iii-20-points-applications-answer-on-this-test-page-currently-dr-frankenstein-i-5185313.htm',
          'https://www.transtutors.com/questions/part-ii-short-question-2-x5-10-marks-1-suppose-the-government-cuts-taxes-by-100-bill-5185312.htm',
          'https://www.transtutors.com/questions/part-ii-short-essay-and-graphing-40-write-with-comp-and-graphing-40-write-with-compl-5185311.htm',
          'https://www.transtutors.com/questions/part-ii-short-answers-1-solow-growth-model-30-points-country-a-and-country-b-both-ha-5185310.htm',
          'https://www.transtutors.com/questions/part-ii-short-answers-1-solow-growth-model-30-points-country-a-and-country-b-both-ha-5185309.htm',
          'https://www.transtutors.com/questions/part-ii-problem-solving-use-the-following-information-for-questions-1-2-barbara-work-5185308.htm',
          'https://www.transtutors.com/questions/part-ii-multiple-choice-circle-the-best-answer-for-each-question-2-points-each-1-eve-5185307.htm',
          'https://www.transtutors.com/questions/part-ii-50-points-in-an-open-economy-which-has-a-national-income-identity-as-the-fol-5185306.htm',
          'https://www.transtutors.com/questions/part-b-using-prices-3-15-given-in-the-table-below-create-your-own-values-for-quantit-5185305.htm',
          'https://www.transtutors.com/questions/please-answer-all-part-a-to-e-part-4-longer-answers-25-points-total-5-bonus-points-c-5185304.htm',
          'https://www.transtutors.com/questions/help-asap-please-part-4-longer-answers-25-points-total-5-bonus-points-consider-the-f-5185303.htm',
          'https://www.transtutors.com/questions/part-3-a-profit-maximizing-firm-incurs-an-economic-loss-of-30-000-per-year-its-fixed-5185302.htm',
          'https://www.transtutors.com/questions/please-help-part-3-problems-answer-the-following-questions-show-all-work-for-full-or-5185301.htm',
          'https://www.transtutors.com/questions/part-2-quantative-questions-suggested-time-90-minutes-problem-7-12-points-find-the-a-5185300.htm',
          'https://www.transtutors.com/questions/part-2-problem-solving-70-it-is-now-nearing-the-end-of-2019-assume-that-a-machine-co-5185299.htm',
          'https://www.transtutors.com/questions/part-2-explain-something-answer-three-questions-out-of-4-7-if-you-provide-answers-to-5185298.htm',
          'https://www.transtutors.com/questions/part-2-answer-5-of-the-following-6-questions-each-correct-answer-is-11-points-1-what-5185297.htm',
          'https://www.transtutors.com/questions/part-1-let-39-s-say-that-marianne-is-a-politiclan-who-promises-cheaper-gasoline-for--5185296.htm',
          'https://www.transtutors.com/questions/part-1-instructor-use-only-10003070-450-460-2010-soco-1-2-cool-43-which-of-the-follo-5185295.htm',
          'https://www.transtutors.com/questions/part-1-17-figure-price-control-if-a-price-floor-were-inposed-at-price-d-which-of-the-5185294.htm',
          'https://www.transtutors.com/questions/formula-and-step-by-step-calculation-needed-thank-you-part-i-30-points-you-own-a-sma-5185293.htm',
          'https://www.transtutors.com/questions/paragraph-styles-an-exercise-in-macroeconomics-recall-that-in-eco-1002-or-any-other--5185292.htm',
          'https://www.transtutors.com/questions/paragraph-styles-18-1-p-what-is-the-difference-between-the-actual-deficit-the-cyclic-5185291.htm',
          'https://www.transtutors.com/questions/macroeconomics-currency-graph-needed-on-paper-draw-both-currency-graphs-with-the-dol-5185290.htm',
          'https://www.transtutors.com/questions/pansionary-fiscal-policy-can-be-illustrated-by-an-change-in-the-price-level-increase-5185289.htm',
          'https://www.transtutors.com/questions/palm-39-s-actions-close-sunday-open-sunday-palm-profits-7-000-palm-profits-8-000-ope-5185288.htm',
          'https://www.transtutors.com/questions/please-help-with-question-1-part-a-and-b-and-question-2-part-a-and-b-pages-file-edit-5185287.htm',
          'https://www.transtutors.com/questions/pablo-39-s-demand-for-pizza-is-elastic-if-the-price-of-pizza-decreases-we-can-predic-5185286.htm',
          'https://www.transtutors.com/questions/p1-considera-c-ial-bank-assume-that-the-bank-is-able-to-attract-2000-in-deposits-de--5185285.htm',
          'https://www.transtutors.com/questions/p-umucu-suppose-a-firm-has-market-power-when-it-sells-the-food-spanakopita-this-firm-5185284.htm',
          'https://www.transtutors.com/questions/p-ub-1-s-he-rs-wort-h-2-015-copyri-g-h-t-the-fare-wars-game-the-players-american-air-5185283.htm'],
 'project': ['trans'],
 'referring_link': ['https://www.transtutors.com/questions/economics/40/'],
 'spider': ['trans_links']}
2020-02-05 23:29:57 [scrapy.core.engine] DEBUG: Crawled (200) <GET https://www.transtutors.com/questions/economics/42/> (referer: https://www.google.com/) ['cached']
2020-02-05 23:29:57 [scrapy.core.scraper] DEBUG: Scraped from <200 https://www.transtutors.com/questions/economics/41/>
{'category': ['economy'],
 'date': [datetime.datetime(2020, 2, 5, 23, 29, 57, 406380)],
 'link': ['https://www.transtutors.com/questions/num-1-to-7-please-p-i-pl-avi-price-i-pl-l-is-the-d-eo-on-the-right-here-is-john-39-s-5185282.htm',
          'https://www.transtutors.com/questions/p-eco1021-07-f19-final-g5-p-eco-1021-07-f19-final-x-xec01021-07-f19-final-g5-20-19-d-5185281.htm',
          'https://www.transtutors.com/questions/p-our-bio-foods-inc-offers-free-genetically-modified-seeds-gms-to-farmers-in-develop-5185280.htm',
          'https://www.transtutors.com/questions/output-and-total-cost-output-units-per-day-total-cost-540-5-4-s87-144-s205-5-the-tab-5185279.htm',
          'https://www.transtutors.com/questions/output-cost-revenues-30-33-37-0-10-1-20-2-3-42-50-30-40-50-60-60-90-6-1-what-is-the--5185278.htm',
          'https://www.transtutors.com/questions/outline-in-bullet-form-the-effects-of-tariffs-quotas-and-embargoes-on-the-three-majo-5185277.htm',
          'https://www.transtutors.com/questions/ou-are-ready-to-begin-click-the-quot-take-the-quiz-quot-button-click-quot-submit-quo-5185276.htm',
          'https://www.transtutors.com/questions/ou-ju-same-sto-question-number-3-what-happens-if-some-technological-innovation-in-cr-5185275.htm',
          'https://www.transtutors.com/questions/engineering-economy-ostgraduate-degree-is-worth-an-extra-10-000-per-year-ming-that-t-5185274.htm',
          'https://www.transtutors.com/questions/os8-000r-desired-consumption-desired-investment-real-money-demand-full-employment-o-5185273.htm',
          'https://www.transtutors.com/questions/orrect-responses-will-be-marked-in-your-student-feedback-question-42-which-of-the-fo-5185272.htm',
          'https://www.transtutors.com/questions/orrect-responses-will-be-marked-in-your-student-feedback-question-21-how-many-recess-5185271.htm',
          'https://www.transtutors.com/questions/organized-crime-and-terrorist-groups-are-difficult-to-investigate-and-arrest-because-5185270.htm',
          'https://www.transtutors.com/questions/oresti-calculate-the-nemployment-rate-rate-and-labor-force-participation-femme-tom-k-5185269.htm',
          'https://www.transtutors.com/questions/in-order-to-ensure-that-tyranny-doesn-t-exist-and-civil-liberties-are-protected-the--5185268.htm',
          'https://www.transtutors.com/questions/the-options-for-the-drop-downs-are-1-falls-rises-2-negative-positive-3-normal-good-i-5185267.htm',
          'https://www.transtutors.com/questions/options-binding-for-some-producers-binding-non-binding-for-some-producers-non-bindin-5185266.htm',
          'https://www.transtutors.com/questions/option-1-the-initial-purchase-price-of-the-machine-is-30-000-the-salvage-value-at-th-5185265.htm',
          'https://www.transtutors.com/questions/what-are-the-optimal-penal-codes-if-there-are-two-firms-competition-is-bertrand-marg-5185264.htm',
          'https://www.transtutors.com/questions/an-opponent-of-monetary-policy-decisions-by-rule-would-point-to-which-of-the-followi-5185263.htm',
          'https://www.transtutors.com/questions/opic-ts-project-details-you-need-to-discuss-the-following-question-will-amazon-com-i-5185262.htm',
          'https://www.transtutors.com/questions/the-operating-costs-of-a-small-electrical-generator-are-expected-to-be-2-000-in-year-5185261.htm',
          'https://www.transtutors.com/questions/operate-or-shut-down-referring-to-the-figure-at-right-suppose-the-market-price-of-sh-5185260.htm',
          'https://www.transtutors.com/questions/open-questions-1-with-the-help-of-a-graph-illustrate-how-the-effects-of-a-specific-t-5185259.htm',
          'https://www.transtutors.com/questions/open-ended-problem-solving-questions-write-your-answers-after-each-question-and-make-5185258.htm',
          'https://www.transtutors.com/questions/e-pls-in-an-open-economy-which-has-a-national-income-identity-as-the-following-y-c-i-5185257.htm',
          'https://www.transtutors.com/questions/e-pls-in-an-open-economy-which-has-a-national-income-identity-as-the-following-y-c-i-5185256.htm',
          'https://www.transtutors.com/questions/in-an-open-economy-the-government-purchases-multiplier-will-be-larger-the-a-smaller--5185255.htm',
          'https://www.transtutors.com/questions/in-an-open-boonomy-which-has-an-identity-y-c-i-g-nx-where-c-400-0-ytl1-1200-4800-g-5-5185254.htm',
          'https://www.transtutors.com/questions/in-an-open-boonomy-which-has-an-identity-y-c-i-g-nx-where-c-400-0-ytl1-1200-4800-g-5-5185253.htm',
          'https://www.transtutors.com/questions/in-an-open-boonomy-which-has-an-identity-y-c-i-g-nx-where-c-400-0-ytl1-1200-4800-g-5-5185252.htm',
          'https://www.transtutors.com/questions/op-c-2-the-quot-law-of-demand-quot-states-that-1-consumers-will-buy-more-of-a-good--5185251.htm',
          'https://www.transtutors.com/questions/oo-00-question-4-1-21-pts-an-increase-in-the-amount-of-household-wealth-in-an-econom-5185250.htm',
          'https://www.transtutors.com/questions/please-explain-in-detail-ons-suun-10-1uius-yuuuiuiu-9-consider-two-countries-a-and-b-5185249.htm',
          'https://www.transtutors.com/questions/one-way-in-which-the-government-financed-railroads-was-with-direct-payments-based-on-5185248.htm',
          'https://www.transtutors.com/questions/what-is-one-reason-why-would-corn-production-which-takes-place-in-a-perfectly-compet-5185247.htm',
          'https://www.transtutors.com/questions/one-of-the-main-roles-of-the-government-is-stabilizing-the-economy-to-attain-macroec-5185246.htm',
          'https://www.transtutors.com/questions/which-one-of-these-individuals-lives-under-absolute-scarcity-select-one-o-a-maria-li-5185245.htm',
          'https://www.transtutors.com/questions/which-one-of-the-following-is-incorrect-about-a-breakeven-point-a-a-breakeven-point--5185244.htm',
          'https://www.transtutors.com/questions/which-one-of-the-following-is-an-example-of-non-price-competition-advertising-a-pate-5185243.htm',
          'https://www.transtutors.com/questions/how-does-one-explain-the-changing-slope-of-the-aggregate-supply-as-curve-o-a-the-as--5185242.htm',
          'https://www.transtutors.com/questions/one-commonly-proposed-solution-to-the-growing-spending-challenges-faced-by-social-se-5185241.htm',
          'https://www.transtutors.com/questions/you-are-one-of-10-students-going-together-to-a-restaurant-when-ordering-you-assumed--5185240.htm',
          'https://www.transtutors.com/questions/omework-ch-13-5-costs-in-the-short-run-versus-in-the-long-run-tke-39-s-bikes-is-a-ma-5185239.htm',
          'https://www.transtutors.com/questions/om-homework-help-questions-and-answers-prices-determined-perfectly-competitive-marke-5185238.htm',
          'https://www.transtutors.com/questions/if-an-oligopoly-firm-with-market-power-that-has-saturated-the-market-wants-to-increa-5185237.htm',
          'https://www.transtutors.com/questions/oil-from-a-specific-type-of-marine-microalgae-can-be-converted-into-biodiesel-that-m-5185236.htm',
          'https://www.transtutors.com/questions/oil-prices-rise-ahead-of-opec-meeting-the-organization-of-the-petroleum-exporting-co-5185235.htm',
          'https://www.transtutors.com/questions/oil-and-fuel-industry-malaysia-s-energy-security-strategy-has-always-been-to-export--5185234.htm',
          'https://www.transtutors.com/questions/odel-i-bo-b1x-bd-ba-x-x-d-u-where-x-is-a-continuous-variable-mary-variable-to-test-t-5185233.htm'],
 'project': ['trans'],
 'referring_link': ['https://www.transtutors.com/questions/economics/41/'],
 'spider': ['trans_links']}
2020-02-05 23:29:57 [scrapy.core.engine] DEBUG: Crawled (200) <GET https://www.transtutors.com/questions/economics/43/> (referer: https://www.google.com/) ['cached']
2020-02-05 23:29:57 [scrapy.core.scraper] DEBUG: Scraped from <200 https://www.transtutors.com/questions/economics/42/>
{'category': ['economy'],
 'date': [datetime.datetime(2020, 2, 5, 23, 29, 57, 552539)],
 'link': ['https://www.transtutors.com/questions/occurs-when-one-country-has-a-lower-opportunity-cost-of-producing-a-good-than-anothe-5185232.htm',
          'https://www.transtutors.com/questions/obnosted-cuny-edu-webapps-assessment-take-launch-jsp-course-ass-disney-espn-o-nys-d-5185231.htm',
          'https://www.transtutors.com/questions/oblems-13-points-13-points-assume-that-the-quantity-theory-holds-for-or-the-country--5185230.htm',
          'https://www.transtutors.com/questions/your-objective-is-to-maximize-profits-the-rule-for-profit-maximization-is-presume-th-5185229.htm',
          'https://www.transtutors.com/questions/please-answer-21-22-23-and-24-please-abd-thank-you-i-dont-need-the-other-parts-o16-y-5185228.htm',
          'https://www.transtutors.com/questions/please-help-from-21-25-o16-you-have-three-tickets-to-a-celtics-game-on-a-night-that--5185227.htm',
          'https://www.transtutors.com/questions/o-que-quilt-ch-32-a-brief-history-x-g-in-developing-his-macroeconom-college-of-the-5-5185226.htm',
          'https://www.transtutors.com/questions/o-in-order-to-persuade-the-public-that-monetary-policy-is-better-than-fiscal-policy--5185225.htm',
          'https://www.transtutors.com/questions/o-oploau-assigim-x-unitieu-uolument-p-temet-sadle-tuuonul-onifcrjily-urial-pdiro-sau-5185224.htm',
          'https://www.transtutors.com/questions/o-o-file-c-users-alams-app-l-e-3-ofs-1-3-given-the-table-below-please-find-the-b-5185223.htm',
          'https://www.transtutors.com/questions/o-n-the-long-run-the-honor-the-5185222.htm',
          'https://www.transtutors.com/questions/o-maximize-profit-in-the-face-of-uncertainty-firms-should-produce-the-output-where-m-5185221.htm',
          'https://www.transtutors.com/questions/o-el-fall-2019-11-real-gdp-will-increase-only-when-prices-increase-b-all-of-the-abov-5185220.htm',
          'https://www.transtutors.com/questions/nys-dmv-nyom-chase-cloud-a-www-w-estion-completion-status-question-11-the-price-elas-5185219.htm',
          'https://www.transtutors.com/questions/ny-edu-webapps-assessment-take-launchp-course-assessment-id-1345407-1course-de-17784-5185218.htm',
          'https://www.transtutors.com/questions/numerical-problem-40-points-assurning-perfect-competition-the-following-table-contai-5185217.htm',
          'https://www.transtutors.com/questions/number-of-vehicles-involved-did-alcohol-play-a-role-yes-50-20-100-no-25-175-30-1-gro-5185216.htm',
          'https://www.transtutors.com/questions/number-of-vehicles-involved-did-alcohol-play-a-role-yes-50-100-20-no-25-175-30-1-a-g-5185215.htm',
          'https://www.transtutors.com/questions/the-number-peopoc-nemployed-are-to-structure-e-labour-ponce-con-eocompre-who-are-nep-5185214.htm',
          'https://www.transtutors.com/questions/number-of-consumers-who-try-the-product-5-million-5-million-product-energy-bar-a-ene-5185213.htm',
          'https://www.transtutors.com/questions/nully-iuw-i-lul-u-5-26-consider-an-investment-project-the-cash-flow-pattern-of-which-5185212.htm',
          'https://www.transtutors.com/questions/nucor-corp-manufactures-generator-coolers-for-nuclear-and-gas-turbine-power-plants-t-5185211.htm',
          'https://www.transtutors.com/questions/nu-micro-homework-3-read-only-compatibility-mode-word-ut-references-mailings-review--5185210.htm',
          'https://www.transtutors.com/questions/nu-cuntil-lillunluu1-20degree-20exam-20paper-202018-40-jack-owns-a-bicycle-which-he--5185209.htm',
          'https://www.transtutors.com/questions/nt-level-of-output-in-on-to-y-describe-what-the-describe-what-the-us-federal-funds-r-5185208.htm',
          'https://www.transtutors.com/questions/nsert-23-kinked-demand-is-s-characteristics-of-a-perfect-competition-b-monopolistic--5185207.htm',
          'https://www.transtutors.com/questions/ns-cee-3311-final-exam-page-10-12-compute-the-total-average-hourly-cost-of-a-brickla-5185206.htm',
          'https://www.transtutors.com/questions/notice-that-there-are-two-types-of-graphs-two-graphs-shift-to-the-right-two-graphs-s-5185205.htm',
          'https://www.transtutors.com/questions/note-only-one-graph-is-to-be-used-to-answer-these-questions-a-draw-a-supply-curve-an-5185204.htm',
          'https://www.transtutors.com/questions/note-course-name-esm-a450-engineering-economics-please-help-me-to-solve-this-problem-5185203.htm',
          'https://www.transtutors.com/questions/note-course-name-esm-a450-engineering-economics-please-help-me-to-solve-this-problem-5185202.htm',
          'https://www.transtutors.com/questions/note-course-name-engineering-economics-please-help-me-to-solve-this-problem-and-plea-5185201.htm',
          'https://www.transtutors.com/questions/note-assistant-2-2051-desktop-oek-3u-full-control-blackboard-xcio-remaining-time-1-h-5185200.htm',
          'https://www.transtutors.com/questions/north-bend-indiana-currently-has-one-mcdonald-s-fast-food-franchise-demand-for-hambu-5185199.htm',
          'https://www.transtutors.com/questions/fill-in-the-blanks-normal-no-spac-heading-heading-2-font-paragraph-styles-5-fill-in--5185198.htm',
          'https://www.transtutors.com/questions/a-normal-rate-of-return-on-investment-is-equal-to-a-total-revenue-plus-total-account-5185197.htm',
          'https://www.transtutors.com/questions/would-be-greatly-appreciated-to-get-them-all-answered-thank-you-in-advance-the-nomin-5185196.htm',
          'https://www.transtutors.com/questions/what-is-the-nominal-gdp-for-year-3-yr-3-steak-0-7-p-105-robots-q-55-p-30-1850-2100-2-5185195.htm',
          'https://www.transtutors.com/questions/nominal-gdp-will-definitely-increase-when-o-a-prices-increase-and-output-increases-o-5185194.htm',
          'https://www.transtutors.com/questions/if-the-nominal-gdp-is-2-trillion-in-1990-and-6-trillion-in-2000-and-if-the-gdp-defla-5185193.htm',
          'https://www.transtutors.com/questions/if-the-nominal-gdp-is-2-trillion-in-1990-and-6-trillion-in-2000-and-if-the-gdp-defla-5185192.htm',
          'https://www.transtutors.com/questions/a-ng-cengage-com-mind-tap-cengage-learning-content-principles-of-law-heb02a-get-hame-5185191.htm',
          'https://www.transtutors.com/questions/ng-start-date-end-date-dollar-amount-type-of-assets-qe1-qe2-qe3-according-to-critics-5185190.htm',
          'https://www.transtutors.com/questions/for-the-next-two-questions-consider-a-nation-with-the-typical-sacrifice-ratio-discus-5185189.htm',
          'https://www.transtutors.com/questions/in-the-next-in-muy-incore-in-moretary-base-for-you-nie-in-v-multiple-choice-3-points-5185188.htm',
          'https://www.transtutors.com/questions/next-up-how-do-banks-quot-ereate-quot-money-so-you-know-how-you-make-deposits-into-y-5185187.htm',
          'https://www.transtutors.com/questions/for-the-next-2-questions-suppose-a-person-quot-a-representative-consumer-quot-expect-5185186.htm',
          'https://www.transtutors.com/questions/letter-d-please-a-new-york-times-article-5-9-88-reported-that-according-to-the-inter-5185185.htm',
          'https://www.transtutors.com/questions/new-york-state-gis-clearinghouse-https-is-my-gov-search-and-download-wide-range-of-d-5185184.htm',
          'https://www.transtutors.com/questions/the-new-hope-project-in-milwaukee-wisconsin-is-a-program-for-low-income-families-if--5185183.htm'],
 'project': ['trans'],
 'referring_link': ['https://www.transtutors.com/questions/economics/42/'],
 'spider': ['trans_links']}
2020-02-05 23:29:57 [scrapy.core.engine] DEBUG: Crawled (200) <GET https://www.transtutors.com/questions/economics/44/> (referer: https://www.google.com/) ['cached']
2020-02-05 23:29:57 [scrapy.core.scraper] DEBUG: Scraped from <200 https://www.transtutors.com/questions/economics/43/>
{'category': ['economy'],
 'date': [datetime.datetime(2020, 2, 5, 23, 29, 57, 701755)],
 'link': ['https://www.transtutors.com/questions/new-fed-chairman-believes-that-target-inflation-rate-6-is-too-high-it-is-too-costly--5185182.htm',
          'https://www.transtutors.com/questions/if-a-negative-income-tax-has-a-guaranty-of-10-thousand-dollars-and-a-benefit-reducti-5185181.htm',
          'https://www.transtutors.com/questions/i-need-the-median-income-and-the-mean-income-and-lastly-i-the-graph-to-be-made-x-end-5185180.htm',
          'https://www.transtutors.com/questions/need-some-help-with-this-micro-question-please-trying-to-learn-so-step-by-step-would-5185179.htm',
          'https://www.transtutors.com/questions/i-need-your-help-i-m-currently-doing-study-about-malaysian-economy-but-i-find-a-diff-5185178.htm',
          'https://www.transtutors.com/questions/i-need-explanation-q1-the-national-income-identity-shows-that-a-the-value-of-factor--5185177.htm',
          'https://www.transtutors.com/questions/i-need-essay-asap-example-with-amazon-company-economics-module-assessment-the-econom-5185176.htm',
          'https://www.transtutors.com/questions/i-need-to-calculate-and-show-the-different-formulas-to-answer-these-questions-in-mic-5185175.htm',
          'https://www.transtutors.com/questions/only-need-answers-for-parts-and-d--5185174.htm',
          'https://www.transtutors.com/questions/need-answer-asap-no-work-just-a-b-c-or-d-thank-you-1-the-reserve-clause-in-major-lea-5185173.htm',
          'https://www.transtutors.com/questions/neapps-assessment-take-launch-jsp-course-assessment-id-1346407-1-course-jd-1778418-1-5185172.htm',
          'https://www.transtutors.com/questions/ne-and-uni-41-the-country-of-noorlandja-only-knows-how-to-make-ice-cream-and-chocola-5185171.htm',
          'https://www.transtutors.com/questions/ne-and-uni-40-the-labor-market-in-ta-ville-can-be-described-by-the-following-equatio-5185170.htm',
          'https://www.transtutors.com/questions/ne-and-uni-27-greenwich-ct-is-a-town-outside-of-new-york-city-there-are-a-number-of--5185169.htm',
          'https://www.transtutors.com/questions/ne-a-a-b-a-m-s-i-ve-ww-whe-ts-of-goods-and-services-import-and-services-the-p-ort-of-5185168.htm',
          'https://www.transtutors.com/questions/the-natural-rate-of-unemployment-is-the-economist-39-s-notion-of-a-frictional-unempl-5185167.htm',
          'https://www.transtutors.com/questions/national-all-the-average-fixed-cost-tall-jobs-ed-under-o-is-we-aployers-figure-3-the-5185166.htm',
          'https://www.transtutors.com/questions/a-nation-39-s-capital-and-financial-account-8-07-multiple-choice-ces-contains-inpaym-5185165.htm',
          'https://www.transtutors.com/questions/the-nation-of-hyperbole-is-in-a-recession-and-the-government-decides-to-increase-tax-5185164.htm',
          'https://www.transtutors.com/questions/nation-can-become-rich-and-powerful-only-by-exporting-more-than-it-imports-true-or-f-5185163.htm',
          'https://www.transtutors.com/questions/if-nation-a-has-an-absolute-advantage-over-nation-b-in-the-production-of-a-product-t-5185162.htm',
          'https://www.transtutors.com/questions/nasdaq-is-a-dealer-market-maker-based-market-dealers-post-bid-and-ask-prices-over-co-5185161.htm',
          'https://www.transtutors.com/questions/names-michael-gelma-partit-30-points-1-10-points-a-profit-maximizing-perfectly-compe-5185160.htm',
          'https://www.transtutors.com/questions/1-sentence-explanation-also-please-name-and-uni-9-which-of-the-following-is-likely-t-5185159.htm',
          'https://www.transtutors.com/questions/name-and-uni-5-suppose-that-20-is-to-be-divided-between-two-individuals-gita-and-jor-5185158.htm',
          'https://www.transtutors.com/questions/name-and-uni-23-which-of-the-following-is-most-likely-to-be-an-example-of-causation--5185157.htm',
          'https://www.transtutors.com/questions/name-one-company-that-is-great-at-blurring-that-line-between-marketing-and-entertain-5185156.htm',
          'https://www.transtutors.com/questions/need-help-with-this-game-theory-homework-name-name-first-name-last-name-last-name-fi-5185155.htm',
          'https://www.transtutors.com/questions/name-the-different-types-of-remuneration-system-and-explain-each-one-of-them-5185154.htm',
          'https://www.transtutors.com/questions/name-and-describe-the-type-of-tools-that-the-u-s-government-can-utilize-when-enactin-5185153.htm',
          'https://www.transtutors.com/questions/name-and-describe-all-the-steps-and-potential-steps-to-the-budget-process-please-poi-5185152.htm',
          'https://www.transtutors.com/questions/name-7-which-of-the-statements-below-does-not-describe-a-demand-curve-that-is-unit-e-5185151.htm',
          'https://www.transtutors.com/questions/exhibit-5-2-shown-in-second-photo-name-7-refer-to-exhibit-5-2-how-many-unemployed-pe-5185150.htm',
          'https://www.transtutors.com/questions/name-16-a-union-can-influence-the-demand-for-labor-by-g00-ltoohagol-sodal-to-a-requi-5185149.htm',
          'https://www.transtutors.com/questions/nad-10-workers-can-produce-1-700-units-of-14-if-9-workers-can-produce-1-550-units-of-5185148.htm',
          'https://www.transtutors.com/questions/is-n250-description-of-the-variables-female-i-if-female-0-if-male-ahe-average-hourly-5185147.htm',
          'https://www.transtutors.com/questions/n-un-3-the-relationship-between-marginal-and-average-costs-consider-the-following-sc-5185146.htm',
          'https://www.transtutors.com/questions/as-where-a-n-i-r-yerere-al-or-the-banking-stem-increase-a-l-or-the-banking-system-de-5185145.htm',
          'https://www.transtutors.com/questions/n-order-to-finance-for-additional-expenditures-in-the-future-suppose-the-government--5185144.htm',
          'https://www.transtutors.com/questions/the-myanmar-government-has-fixed-the-minimum-price-for-rice-at-k500-000-for-100-bask-5185143.htm',
          'https://www.transtutors.com/questions/muwarp-say-that-first-commercial-bank-has-reserves-of-100-loans-at-400-and-practice--5185142.htm',
          'https://www.transtutors.com/questions/what-must-a-licensee-do-to-keep-her-license-on-inactive-status-a-she-must-pay-a-fee--5185141.htm',
          'https://www.transtutors.com/questions/must-be-correct-do-not-copy-from-chegg-i-will-strictly-report-for-copy-question-11-8-5185140.htm',
          'https://www.transtutors.com/questions/must-brainstorm-on-the-1-how-do-market-forces-adjust-to-equilibrium-balanced-state-o-5185139.htm',
          'https://www.transtutors.com/questions/the-policy-tool-of-changing-reserve-requirements-is-multiplier-is-and-a-fed-purchase-5185138.htm',
          'https://www.transtutors.com/questions/the-multiplier-effect-following-an-increase-in-expenditure-is-generated-by-induced-i-5185137.htm',
          'https://www.transtutors.com/questions/if-multiplier-is-4-what-is-the-slope-of-the-marginal-propensity-to-consume--5185136.htm',
          'https://www.transtutors.com/questions/multiple-choice-multiple-choices-answer-table-true-of-false-answer-table-national-bo-5185135.htm',
          'https://www.transtutors.com/questions/1-sentence-explanation-also-please-multiple-choice-questions-100-points-25-questions-5185134.htm',
          'https://www.transtutors.com/questions/multiple-choice-questions-1-an-income-tax-is-progressive-when-a-the-marginal-rate-in-5185133.htm'],
 'project': ['trans'],
 'referring_link': ['https://www.transtutors.com/questions/economics/43/'],
 'spider': ['trans_links']}
2020-02-05 23:29:57 [scrapy.core.engine] DEBUG: Crawled (200) <GET https://www.transtutors.com/questions/economics/45/> (referer: https://www.google.com/) ['cached']
2020-02-05 23:29:57 [scrapy.core.scraper] DEBUG: Scraped from <200 https://www.transtutors.com/questions/economics/44/>
{'category': ['economy'],
 'date': [datetime.datetime(2020, 2, 5, 23, 29, 57, 874842)],
 'link': ['https://www.transtutors.com/questions/multiple-choice-with-free-agency-where-players-can-offer-their-services-to-any-team--5185132.htm',
          'https://www.transtutors.com/questions/multiple-choice-3-points-each-refer-to-this-table-for-questions-1-3-and-modified-for-5185131.htm',
          'https://www.transtutors.com/questions/multinational-managers-often-represent-their-companies-countries-in-international-bu-5185130.htm',
          'https://www.transtutors.com/questions/mulihtotmation-the-following-six-alternatives-are-being-evaluated-by-the-incremental-5185129.htm',
          'https://www.transtutors.com/questions/how-much-does-your-organization-new-york-city-department-of-education-rely-on-advert-5185128.htm',
          'https://www.transtutors.com/questions/how-much-money-was-deposited-each-year-for-5-years-if-the-account-is-now-worth-100-0-5185127.htm',
          'https://www.transtutors.com/questions/how-much-should-the-canadian-government-increase-spending-if-actual-gdp-is-1-5-billi-5185126.htm',
          'https://www.transtutors.com/questions/mu0stiotj-2-out-of-2-points-mutually-exclusive-projects-means-question-4-2-out-of-2--5185125.htm',
          'https://www.transtutors.com/questions/mu-ur-levelle-cuive-dle-ve-sollit-cu-8-you-are-producing-at-the-minimum-point-on-you-5185124.htm',
          'https://www.transtutors.com/questions/mr-mc-38-assume-that-a-monopolistically-competitive-firm-is-currently-maximizing-pro-5185123.htm',
          'https://www.transtutors.com/questions/mr-jermigan-owns-a-piece-of-land-on-which-he-grows-com-com-production-annualy-requir-5185122.htm',
          'https://www.transtutors.com/questions/mpetitive-apor-he-worlo-ce-of-inal-proo-of-labor-explain-5-the-nation-of-ectenia-has-5185121.htm',
          'https://www.transtutors.com/questions/if-the-mpc-is-9-and-government-purchases-increase-by-6-000-real-gdp-demanded-will--5185120.htm',
          'https://www.transtutors.com/questions/if-the-mpc-0-80-the-total-change-in-spending-resulting-from-an-initial-500-decrease--5185119.htm',
          'https://www.transtutors.com/questions/compute-p0-moving-to-the-next-question-prevents-changes-to-this-answer-1-1-5500-s500-5185118.htm',
          'https://www.transtutors.com/questions/moving-to-another-question-will-save-this-response-question-8-each-of-the-following--5185117.htm',
          'https://www.transtutors.com/questions/moving-to-another-question-will-save-this-response-question-8-of-1-question-8-5-poin-5185116.htm',
          'https://www.transtutors.com/questions/moving-to-another-question-will-save-this-response-question-29-an-example-of-transna-5185115.htm',
          'https://www.transtutors.com/questions/moving-to-another-question-will-save-this-response-question-26-1-in-globalization-of-5185114.htm',
          'https://www.transtutors.com/questions/a-moving-to-another-question-will-save-this-response-question-14-placing-a-tax-on-a--5185113.htm',
          'https://www.transtutors.com/questions/a-moving-to-another-question-will-save-this-response-question-13-each-of-the-followi-5185112.htm',
          'https://www.transtutors.com/questions/a-moving-to-another-question-will-save-this-response-question-12-the-benefit-forgone-5185111.htm',
          'https://www.transtutors.com/questions/a-moving-to-another-question-will-save-this-response-question-1-of-13-estion-1-8-poi-5185110.htm',
          'https://www.transtutors.com/questions/gt-gt-question-1-10-points-save-answer-it-has-been-estima-quot-aria-describedby-quo-5185109.htm',
          'https://www.transtutors.com/questions/a-moving-to-another-question-will-save-this-response-qu-stion-10-raw-materials-that--5185108.htm',
          'https://www.transtutors.com/questions/moving-to-another-question-will-save-this-response-ouestion-of-17-question-9-points--5185107.htm',
          'https://www.transtutors.com/questions/a-moving-to-another-question-will-save-this-response-hestion-16-which-of-the-followi-5185106.htm',
          'https://www.transtutors.com/questions/moving-to-a-ad-question-9-the-capitalized-cost-of-an-initial-investment-of-200-000-a-5185105.htm',
          'https://www.transtutors.com/questions/and-the-monthly-fees-are-called-7-cooperatives-have-a-board-of-a-managers-common-cha-5185104.htm',
          'https://www.transtutors.com/questions/these-are-about-monopoly-id-prefer-if-its-not-hand-written-because-i-have-hard-time--5185103.htm',
          'https://www.transtutors.com/questions/a-monopoly-firm-sells-500-units-of-a-product-per-week-consumers-pay-12-for-each-unit-5185102.htm',
          'https://www.transtutors.com/questions/a-monopoly-book-publisher-with-a-constant-marginal-cost-and-average-cost-of-mc-2-sel-5185101.htm',
          'https://www.transtutors.com/questions/a-monopolistically-competitive-sneaker-firm-is-currently-in-long-run-equilibrium-gra-5185100.htm',
          'https://www.transtutors.com/questions/monopolistically-competitive-firms-select-one-a-have-market-power-because-they-face--5185099.htm',
          'https://www.transtutors.com/questions/monopolistic-competition-in-an-industry-will-result-in-because-firms-produce-overuti-5185098.htm',
          'https://www.transtutors.com/questions/a-monopolist-has-set-her-level-of-output-to-maximize-profit-the-firm-39-s-marginal-c-5185097.htm',
          'https://www.transtutors.com/questions/a-monopolist-must-decrease-the-price-to-sell-an-additional-unit-of-the-good-one-impl-5185096.htm',
          'https://www.transtutors.com/questions/a-monopolist-faces-the-following-demand-curve-marginal-revenue-curve-total-cost-curv-5185095.htm',
          'https://www.transtutors.com/questions/a-monopolist-faces-the-demand-function-q-16-p-its-total-cost-function-is-c-q-4-2q-a--5185094.htm',
          'https://www.transtutors.com/questions/if-a-monopolist-faces-a-demand-curve-given-by-the-equation-p-200-5q-and-their-mc-atc-5185093.htm',
          'https://www.transtutors.com/questions/please-answer-all-parts-including-the-top-ones-that-are-filled-in-already-thank-you--5185092.htm',
          'https://www.transtutors.com/questions/if-a-monopolist-is-able-to-perfectly-price-discriminate-a-consumer-surplus-and-deadw-5185091.htm',
          'https://www.transtutors.com/questions/when-money-is-used-to-quote-the-price-of-a-product-it-is-functioning-as-a-o-a-unit-o-5185090.htm',
          'https://www.transtutors.com/questions/money-serves-as-a-store-of-value-because-question-1-options-its-value-is-preserved-b-5185089.htm',
          'https://www.transtutors.com/questions/money-held-for-energencies-reeresent-the-demand-a-crisis-for-money-demand-6-sfecula-5185088.htm',
          'https://www.transtutors.com/questions/a-money-exchange-dealer-will-change-kd-39-s-into-euros-at-the-day-39-s-rate-of-r-eur-5185087.htm',
          'https://www.transtutors.com/questions/the-monetary-policy-multiplier-is-large-if-a-money-demand-is-very-interest-sensitive-5185085.htm',
          'https://www.transtutors.com/questions/explain-monetary-policy-and-interest-rates-review-of-the-fed-wants-to-lower-short-te-5185084.htm',
          'https://www.transtutors.com/questions/how-does-monetary-policy-influence-inflation-and-employment-explain-6-sentences-5185083.htm',
          'https://www.transtutors.com/questions/monetary-policy-and-the-federal-reserve-current-policy-and-conditions-marc-labonte-s-5185082.htm'],
 'project': ['trans'],
 'referring_link': ['https://www.transtutors.com/questions/economics/44/'],
 'spider': ['trans_links']}
2020-02-05 23:29:58 [scrapy.core.engine] DEBUG: Crawled (200) <GET https://www.transtutors.com/questions/economics/46/> (referer: https://www.google.com/) ['cached']
2020-02-05 23:29:58 [scrapy.core.scraper] DEBUG: Scraped from <200 https://www.transtutors.com/questions/economics/45/>
{'category': ['economy'],
 'date': [datetime.datetime(2020, 2, 5, 23, 29, 58, 31968)],
 'link': ['https://www.transtutors.com/questions/monetary-policy-becomes-more-effective-as-a-the-interest-sensitivity-of-investment-i-5185081.htm',
          'https://www.transtutors.com/questions/the-monetary-aggregate-m1-refers-to-o-all-outstanding-notes-and-coin-notes-and-coin--5185080.htm',
          'https://www.transtutors.com/questions/what-is-the-monetarist-theory-of-the-business-cycle-carefully-distinguish-between-it-5185079.htm',
          'https://www.transtutors.com/questions/on-monday-nights-a-local-restaurant-has-a-pizza-special-jake-likes-the-restaurant-39-5185078.htm',
          'https://www.transtutors.com/questions/model-source-of-business-cycle-fluctuations-i-e-recession-major-tenets-new-keynesian-5185077.htm',
          'https://www.transtutors.com/questions/mode-wo-o-search-view-help-aabb-cc-aabbccl-aabbcel-heading-1-1-normal-strong-all-i-g-5185076.htm',
          'https://www.transtutors.com/questions/urgent-miu-uae-will-build-a-metro-line-from-dubai-to-abu-dhabi-the-project-will-incu-5185075.htm',
          'https://www.transtutors.com/questions/miss-wartner-has-one-credit-card-with-a-spending-limit-of-up-to-5000-50-in-cash-and--5185074.htm',
          'https://www.transtutors.com/questions/miron-floren-of-lawrence-welk-show-fame-now-tours-the-country-performing-at-accordio-5185073.htm',
          'https://www.transtutors.com/questions/a-minimum-wage-law-and-a-rent-control-price-have-a-similar-effect-in-a-markets-in-th-5185072.htm',
          'https://www.transtutors.com/questions/0-and-xy-108-quot-src-quot-https-files-transtutors-com-cdn-qimg-94b58ad7a41040fdac35-5185071.htm',
          'https://www.transtutors.com/questions/mini-case-1-estimating-required-rate-of-return-interest-rate-using-risk-premiums-5-p-5185070.htm',
          'https://www.transtutors.com/questions/the-mikado-minaature-camera-company-found-that-consumers-were-wilng-to-pay-p-02x-80--5185069.htm',
          'https://www.transtutors.com/questions/in-the-mid-1990s-fed-chair-alan-greenspan-argued-that-productivity-growth-had-increa-5185068.htm',
          'https://www.transtutors.com/questions/microsoft-word-is-the-most-widely-used-word-processing-program-which-of-the-followin-5185067.htm',
          'https://www.transtutors.com/questions/microsoft-word-tutorial8-docx-x-my-monash-c-economics-question-chegg-c-c-search-text-5185066.htm',
          'https://www.transtutors.com/questions/microsoft-word-tutorial8-dock-x-economics-question-chegg-c-c-search-textbook-solutio-5185065.htm',
          'https://www.transtutors.com/questions/microsoft-company-sold-its-windows-program-millions-of-copies-in-the-united-states-a-5185064.htm',
          'https://www.transtutors.com/questions/microsoft-company-sold-its-windows-program-millions-of-copies-in-the-united-states-a-5185063.htm',
          'https://www.transtutors.com/questions/please-answer-all-4-pages-thanks-microeconomics-thomas-de-gidice-test-3-tfc-tvc-mc-a-5185062.htm',
          'https://www.transtutors.com/questions/microeconomics-lorenz-curve-diagram-and-give-four-reasons-for-unequal-income-distrib-5185061.htm',
          'https://www.transtutors.com/questions/microeconomics-give-the-characteristics-of-the-following-oligopoly-may-i-have-my-wor-5185060.htm',
          'https://www.transtutors.com/questions/microeconomics-in-a-competitive-labor-market-where-does-a-firm-hire-use-a-diagram-to-5185059.htm',
          'https://www.transtutors.com/questions/help-help-help-asap-microeconomics-1401-city-tech-cuny-fall-2019-short-answers-3-que-5185058.htm',
          'https://www.transtutors.com/questions/help-help-help-asap-please-microeconomics-1401-city-tech-cuny-fall-2019-3-comparativ-5185057.htm',
          'https://www.transtutors.com/questions/help-help-help-asap-microeconomics-1401-city-tech-cuny-fall-2019-2-social-and-econom-5185056.htm',
          'https://www.transtutors.com/questions/help-help-help-asap-microeconomics-1401-city-tech-cuny-fall-2019-11-suppose-that-the-5185055.htm',
          'https://www.transtutors.com/questions/microecon-refer-to-table-13-7-what-is-the-value-of-o-table-13-7-the-flying-elvis-cop-5185054.htm',
          'https://www.transtutors.com/questions/micro-cm-20087-hubbarde-fall2019-well-homework-extra-credit-3-score-of-hw-score-21-c-5185053.htm',
          'https://www.transtutors.com/questions/micro-c20087-hubbard-fall-2019-homework-extra-credit-3-score-0-of-1-pt-end-of-chapte-5185052.htm',
          'https://www.transtutors.com/questions/method-marr-is-given-as-10-20-point-following-alternative-should-be-selected-to-2-it-5185051.htm',
          'https://www.transtutors.com/questions/a-metal-manufacturing-company-helpful-metal-gadgets-wanted-to-replace-their-existing-5185050.htm',
          'https://www.transtutors.com/questions/note-solve-not-on-excel-only-hand-written-solution-needed-a-metal-manufacturing-comp-5185049.htm',
          'https://www.transtutors.com/questions/mention-a-product-in-saudi-arabia-for-each-one-of-these-market-structures-and-explai-5185048.htm',
          'https://www.transtutors.com/questions/ment-to-organizations-final-exan-name-score-j-multiple-choice-which-of-the-following-5185047.htm',
          'https://www.transtutors.com/questions/megan-grel-12-12-19-total-points-105-15-points-1-explain-in-words-why-the-structural-5185046.htm',
          'https://www.transtutors.com/questions/you-meet-khalid-at-a-family-gathering-and-he-knows-that-you-study-hrm-he-asks-for-yo-5185045.htm',
          'https://www.transtutors.com/questions/for-a-media-website-repeat-visits-from-the-same-individual-are-just-as-beneficial-as-5185044.htm',
          'https://www.transtutors.com/questions/med-way-point-until-time-has-expired-the-time-will-continue-to-run-if-you-leave-the--5185043.htm',
          'https://www.transtutors.com/questions/in-measuring-the-government-debt-we-adjust-for-fluctuations-in-the-business-cycle-by-5185042.htm',
          'https://www.transtutors.com/questions/the-measure-of-gdp-is-select-one-a-globally-focused-b-vertically-foccused-c-geograph-5185041.htm',
          'https://www.transtutors.com/questions/a-what-does-it-mean-by-the-term-microfinance-3-marks-b-microfinance-institutions-may-5185040.htm',
          'https://www.transtutors.com/questions/what-does-it-mean-by-quot-ordinary-quot-when-the-good-is-already-identified-as-quot--5185039.htm',
          'https://www.transtutors.com/questions/the-mean-cost-of-a-meal-for-two-in-a-mid-range-restaurant-in-tokyo-is-40-numbeo-com--5185038.htm',
          'https://www.transtutors.com/questions/mcdonald-s-latest-move-sums-up-its-wretched-cultural-imperialism-fast-food-restauran-5185037.htm',
          'https://www.transtutors.com/questions/mcdonald-s-latest-move-sums-up-its-wretched-cultural-imperialism-fast-food-restauran-5185036.htm',
          'https://www.transtutors.com/questions/mcdonald-s-latest-move-sums-up-its-wretched-cultural-imperialism-fast-food-restauran-5185035.htm',
          'https://www.transtutors.com/questions/mc-example-1-atc-35-avc-unitspfoutpet-soo-a-find-the-follou-ost-at-total-hxed-ost-to-5185034.htm',
          'https://www.transtutors.com/questions/mc-atc-dollars-demand-mr-elm-quantity-refer-to-the-at-the-profit-maximizing-level-of-5185033.htm',
          'https://www.transtutors.com/questions/plz-answer-the-question-14-with-steps-mb-problems-13-through-16-are-based-on-the-fol-5185032.htm'],
 'project': ['trans'],
 'referring_link': ['https://www.transtutors.com/questions/economics/45/'],
 'spider': ['trans_links']}
2020-02-05 23:29:58 [scrapy.core.engine] DEBUG: Crawled (200) <GET https://www.transtutors.com/questions/economics/47/> (referer: https://www.google.com/) ['cached']
2020-02-05 23:29:58 [scrapy.core.scraper] DEBUG: Scraped from <200 https://www.transtutors.com/questions/economics/46/>
{'category': ['economy'],
 'date': [datetime.datetime(2020, 2, 5, 23, 29, 58, 204976)],
 'link': ['https://www.transtutors.com/questions/with-solution-plz-mb-problems-13-through-16-are-based-on-the-following-information-y-5185031.htm',
          'https://www.transtutors.com/questions/may-i-know-what-is-not-clear-the-picture-is-clear-i-think-you-may-ignore-the-malay-l-5185030.htm',
          'https://www.transtutors.com/questions/maximize-the-function-f-x-y-ry-subject-to-the-constraint-x-2y-5185029.htm',
          'https://www.transtutors.com/questions/maturities-than-others-consider-the-following-system-of-two-equations-2-yiu-ao-a-y2u-5185028.htm',
          'https://www.transtutors.com/questions/the-second-table-mathxl-com-econ-1111-1-fall-2019-quot-principles-of-microeconomics--5185027.htm',
          'https://www.transtutors.com/questions/mathematical-economics-question-for-dynamic-economics-using-the-hamiltonian-its-a-dy-5185026.htm',
          'https://www.transtutors.com/questions/math-problems-13-points-3-assume-that-the-people-of-panama-have-a-consumption-functi-5185025.htm',
          'https://www.transtutors.com/questions/match-the-terms-below-to-their-definitions-money-supply-m1-choose-money-supply-m2-ch-5185024.htm',
          'https://www.transtutors.com/questions/the-graph-shows-the-marginal-cost-mc-average-total-cost-atc-and-marginal-mevenue-mr--5185023.htm',
          'https://www.transtutors.com/questions/match-each-creation-with-the-type-of-legal-protection-that-covers-it-patent-copyrigh-5185022.htm',
          'https://www.transtutors.com/questions/match-each-argument-for-protectionism-with-the-best-counter-argument-protectionism-s-5185021.htm',
          'https://www.transtutors.com/questions/massive-dynamic-is-a-profit-maximizing-monopolist-the-company-39-s-marginal-cost-of--5185020.htm',
          'https://www.transtutors.com/questions/massive-dynamic-and-magnum-opus-are-rival-firms-if-both-firms-advertise-then-each-wi-5185019.htm',
          'https://www.transtutors.com/questions/the-markup-factor-of-a-profit-maximizing-monopolist-is-1-5-what-is-the-corresponding-5185018.htm',
          'https://www.transtutors.com/questions/markets-scenario-suppose-there-is-monopolistic-competition-in-the-market-for-winter--5185017.htm',
          'https://www.transtutors.com/questions/all-marketing-campaigns-operate-under-the-assumption-that-all-of-the-following-condi-5185016.htm',
          'https://www.transtutors.com/questions/market-for-u-s-steel-660-650-640-630-620-610-600-590-580-570-560-550-0-9-1-1-1-3-1-5-5185015.htm',
          'https://www.transtutors.com/questions/what-are-the-market-size-has-to-be-in-local-region-in-japan-if-we-operates-the-start-5185014.htm',
          'https://www.transtutors.com/questions/market-for-roast-beef-is-perfectly-competitive-and-28-refer-to-the-figure-be-lo-then-5185013.htm',
          'https://www.transtutors.com/questions/in-the-market-for-reserves-a-lower-discount-rate-a-lengthens-the-vertical-section-of-5185012.htm',
          'https://www.transtutors.com/questions/if-the-market-price-is-80-what-is-the-profit-maximizing-output-price-perfectly-compe-5185011.htm',
          'https://www.transtutors.com/questions/if-the-market-price-is-580-what-is-your-best-estimate-of-the-average-costs-ac-at-thi-5185010.htm',
          'https://www.transtutors.com/questions/market-power-discuss-the-pros-and-cons-of-companies-having-market-power-is-it-ever-a-5185009.htm',
          'https://www.transtutors.com/questions/the-market-for-packs-of-aa-batteries-during-a-typical-week-in-tulsa-oklahoma-is-desc-5185008.htm',
          'https://www.transtutors.com/questions/a-market-in-which-firms-sell-a-homogeneous-product-and-cannot-influence-market-price-5185007.htm',
          'https://www.transtutors.com/questions/in-a-market-for-dry-cleaning-the-inverse-market-demand-function-is-given-by-p-250-q--5185006.htm',
          'https://www.transtutors.com/questions/when-market-demand-and-supply-shift-in-opposite-directions-we-can-unambiguously-say--5185005.htm',
          'https://www.transtutors.com/questions/market-demand-for-a-product-is-given-by-p-700-10q-marginal-cost-is-given-by-mc-200-1-5185004.htm',
          'https://www.transtutors.com/questions/market-demand-for-a-product-is-given-by-p-700-100-marginal-cost-is-given-by-mc-200-f-5185003.htm',
          'https://www.transtutors.com/questions/if-the-market-demand-increases-in-perfect-competition-then-in-the-long-run-firms-wil-5185002.htm',
          'https://www.transtutors.com/questions/the-market-demand-for-a-good-is-p-70-q-the-good-can-be-produced-at-a-constant-cost-o-5185001.htm',
          'https://www.transtutors.com/questions/when-market-demand-is-given-as-q-24-p-and-the-cost-function-is-given-as-c-2q-find-th-5185000.htm',
          'https://www.transtutors.com/questions/the-market-demand-function-for-corn-is-qd-15-2p-the-market-supply-function-is-qs-5p--5184999.htm',
          'https://www.transtutors.com/questions/the-market-demand-curve-for-a-pair-of-duopolists-is-given-as-p-20-2q-where-q-q1-q2-t-5184998.htm',
          'https://www.transtutors.com/questions/the-market-for-computer-chips-consists-of-two-firms-firm-a-can-lower-the-production--5184997.htm',
          'https://www.transtutors.com/questions/market-for-bottles-of-soda-suppose-that-a-city-government-introduces-a-0-50-excise-c-5184996.htm',
          'https://www.transtutors.com/questions/a-market-based-concentration-b-phychographic-market-segmentation-c-demographic-segme-5184995.htm',
          'https://www.transtutors.com/questions/mark-s-income-w-can-have-two-possible-values-w-144-if-there-is-an-accident-or-w-196--5184994.htm',
          'https://www.transtutors.com/questions/marie-an-affiliate-broker-wants-to-offer-a-free-hot-tub-as-an-inducement-to-purchase-5184993.htm',
          'https://www.transtutors.com/questions/maria-wants-to-buy-a-new-car-if-she-borrows-20000-from-a-bank-then-she-will-need-to--5184992.htm',
          'https://www.transtutors.com/questions/marginal-tax-rate-earnings-income-tax-owed-10-0-to-9-525-10-of-income-12-9-526-to-38-5184991.htm',
          'https://www.transtutors.com/questions/the-marginal-social-cost-of-production-is-a-vertical-sum-of-the-demand-curve-and-the-5184990.htm',
          'https://www.transtutors.com/questions/if-the-marginal-propensity-to-save-mps-0-1-then-the-mpc-0-9-the-aps-0-1-the-apc-0-9--5184989.htm',
          'https://www.transtutors.com/questions/the-marginal-propensity-to-consume-is-real-consumption-real-disposable-income-real-s-5184988.htm',
          'https://www.transtutors.com/questions/if-the-marginal-propensity-to-consume-equals-0-75-the-tax-rate-equals-0-25-and-the-m-5184987.htm',
          'https://www.transtutors.com/questions/the-marginal-propensity-to-consume-is-equal-to-06-the-multiplier-is-oa-167-ob-06-oc4-5184986.htm',
          'https://www.transtutors.com/questions/marginal-marginal-units-of-utility-x-utility-y-product-price-1-price-1-first-12-16-s-5184985.htm',
          'https://www.transtutors.com/questions/the-marginal-cost-of-producing-a-microchip-is-9-the-price-elasticity-of-demand-for-m-5184984.htm',
          'https://www.transtutors.com/questions/the-marginal-cost-of-a-monopolist-is-constant-and-is-10-the-demand-curve-and-margina-5184983.htm',
          'https://www.transtutors.com/questions/the-marginal-cost-of-an-item-is-shown-below-if-the-price-of-the-item-is-23-how-much--5184982.htm'],
 'project': ['trans'],
 'referring_link': ['https://www.transtutors.com/questions/economics/46/'],
 'spider': ['trans_links']}
2020-02-05 23:29:58 [scrapy.core.engine] DEBUG: Crawled (200) <GET https://www.transtutors.com/questions/economics/48/> (referer: https://www.google.com/) ['cached']
2020-02-05 23:29:58 [scrapy.core.scraper] DEBUG: Scraped from <200 https://www.transtutors.com/questions/economics/47/>
{'category': ['economy'],
 'date': [datetime.datetime(2020, 2, 5, 23, 29, 58, 393912)],
 'link': ['https://www.transtutors.com/questions/marginal-cost-average-total-cost-market-demand-marginal-revenue-30-50-60-figure-10-4-5184981.htm',
          'https://www.transtutors.com/questions/marginal-cost-average-total-cost-market-demand-marginal-revenue-30-50-60-figure-10-4-5184980.htm',
          'https://www.transtutors.com/questions/what-is-the-marginal-and-average-revenues-price-perfectly-competitive-firm-90-80-70--5184979.htm',
          'https://www.transtutors.com/questions/activities-and-due-dates-assignment-score-695-2200-r-quot-aria-describedby-quot-d1e--5184978.htm',
          'https://www.transtutors.com/questions/many-religions-are-very-ritual-oriented-and-emphasize-a-life-built-around-ritual-or--5184977.htm',
          'https://www.transtutors.com/questions/how-many-nash-equikibria-in-this-set-team-x-team-y-team-a-10-50-10-50-team-b-10-50-1-5184976.htm',
          'https://www.transtutors.com/questions/how-many-nash-eqiulibria-team-x-team-y-team-a-50-50-0-100-team-b-100-0-0-0-5184975.htm',
          'https://www.transtutors.com/questions/how-many-hashes-do-you-need-to-try-on-average-before-you-find-one-with-17-hexadecima-5184974.htm',
          'https://www.transtutors.com/questions/price-per-robot-5-dollars-how-many-engineers-should-cyberdyne-hire-revisited-the-fol-5184973.htm',
          'https://www.transtutors.com/questions/many-developing-countries-seek-to-develop-export-markets-because-people-in-wealthier-5184972.htm',
          'https://www.transtutors.com/questions/for-many-countries-freezing-bank-accounts-or-seizing-cash-at-the-border-is-a-more-qu-5184971.htm',
          'https://www.transtutors.com/questions/the-manufacturer-of-an-mp3-player-wanted-to-know-whether-a-10-reduction-in-price-is--5184970.htm',
          'https://www.transtutors.com/questions/a-manrizio-39-s-pizzeria-uses-two-types-of-cheese-to-produce-the-toppings-for-his-wo-5184969.htm',
          'https://www.transtutors.com/questions/you-are-managing-a-production-line-in-a-factory-producing-plastic-parts-for-cars-the-5184968.htm',
          'https://www.transtutors.com/questions/how-can-managers-best-use-the-principles-of-effective-negotiation-and-conflict-manag-5184967.htm',
          'https://www.transtutors.com/questions/managerial-economic-project-outline-this-is-an-individual-project-for-grade-the-main-5184966.htm',
          'https://www.transtutors.com/questions/you-are-the-manager-of-a-monopoly-that-sells-a-product-to-two-groups-of-consumers-in-5184965.htm',
          'https://www.transtutors.com/questions/you-are-the-manager-for-a-monopoly-with-costs-demand-and-marginal-revenue-as-in-the--5184964.htm',
          'https://www.transtutors.com/questions/the-manager-of-a-canned-food-processing-plant-is-trying-to-decide-between-two-labeli-5184963.htm',
          'https://www.transtutors.com/questions/the-manager-of-a-canned-food-processing-plant-is-trying-to-decide-between-two-labeli-5184962.htm',
          'https://www.transtutors.com/questions/the-manager-of-a-canned-food-processing-plant-is-trying-to-decide-between-two-labeli-5184961.htm',
          'https://www.transtutors.com/questions/a-man-is-selling-his-own-property-as-a-for-sale-by-owner-he-has-advertised-it-in-the-5184960.htm',
          'https://www.transtutors.com/questions/they-have-a-majority-in-the-west-costa-parliament-inflation-is-very-high-in-west-cos-5184959.htm',
          'https://www.transtutors.com/questions/the-maintenance-costs-of-a-production-line-in-the-abc-company-is-expected-to-be-10-0-5184958.htm',
          'https://www.transtutors.com/questions/the-maintenance-costs-of-a-production-line-in-the-abc-company-is-expected-to-be-10-0-5184957.htm',
          'https://www.transtutors.com/questions/maintenance-cost-for-a-new-system-are-estimated-to-be-150-000-in-year-3-and-175-000--5184956.htm',
          'https://www.transtutors.com/questions/what-is-the-main-difference-between-a-special-district-and-a-county-special-district-5184955.htm',
          'https://www.transtutors.com/questions/what-are-the-main-determainants-of-growth-according-to-the-endogenous-growth-theory--5184953.htm',
          'https://www.transtutors.com/questions/solution-needed-maggie-39-s-preferences-for-consumption-and-leisure-can-be-expressed-5184952.htm',
          'https://www.transtutors.com/questions/macroeconomics-what-would-you-have-done-to-solve-the-collapse-of-the-thai-baht-asia-5184951.htm',
          'https://www.transtutors.com/questions/a-machine-which-had-a-first-cost-90-094-and-a-16-651-salvage-value-after-9-years-was-5184950.htm',
          'https://www.transtutors.com/questions/this-wasnt-supposed-to-post-lol-m-view-php-id-10903554-blackboard-bible-updates-not--5184949.htm',
          'https://www.transtutors.com/questions/true-false-m-nominal-gdp-uses-constant-base-year-prices-to-value-the-economy-39-s-pr-5184948.htm',
          'https://www.transtutors.com/questions/m-maiplying-the-annual-worth-by-i-the-annual-worth-for-years-1-through-infinity-of-5-5184947.htm',
          'https://www.transtutors.com/questions/m-courses-36911-quizzes-16229-take-question-3-alex-is-a-gardener-which-of-the-follow-5184946.htm',
          'https://www.transtutors.com/questions/on-the-below-to-m-amere-under-cordation-for-government-project-in-uae-de-who-would-b-5184945.htm',
          'https://www.transtutors.com/questions/a-luxury-good-would-also-be-a-normal-good-true-false-uncertain-5184944.htm',
          'https://www.transtutors.com/questions/what-lump-sum-of-money-must-be-deposited-into-a-bank-account-at-the-present-time-so--5184943.htm',
          'https://www.transtutors.com/questions/luilbulng-sayings-is-illustrative-of-diminishing-marg-ipal-returns-in-the-short-run--5184942.htm',
          'https://www.transtutors.com/questions/luble-13-1-alyson-39-s-pet-sitting-service-number-of-output-number-workers-of-pet-vi-5184941.htm',
          'https://www.transtutors.com/questions/ltspolicy-tt-will-be-enforced-against-a-rect-responses-will-be-marked-in-your-studen-5184940.htm',
          'https://www.transtutors.com/questions/lrpc-93-lapc-r-pc2-3-47-67-answer-the-following-5-questions-using-the-above-graph-po-5184939.htm',
          'https://www.transtutors.com/questions/lrjunalli-respunsible-fur-fulluwing-the-hccs-academic-dishonesty-policy-do-not-get-c-5184938.htm',
          'https://www.transtutors.com/questions/true-or-false-imports-less-domestic-jobs-lower-prices-and-adverse-affects-on-the-us--5184937.htm',
          'https://www.transtutors.com/questions/true-or-false-imports-less-domestic-jobs-lower-prices-and-adverse-affects-on-the-us--5184936.htm',
          'https://www.transtutors.com/questions/the-lost-mountains-of-northern-iowa-are-inhabited-by-the-rare-marshallian-deer-patch-5184935.htm',
          'https://www.transtutors.com/questions/the-lost-mountains-of-northern-iowa-are-inhabited-by-the-rare-marshallian-deer-patch-5184934.htm',
          'https://www.transtutors.com/questions/he-lost-mountains-of-northern-iowa-are-inhabited-by-the-rare-marshallian-deer-patche-5184933.htm',
          'https://www.transtutors.com/questions/long-term-bonds-have-more-interest-rate-risk-than-short-term-bonds-true-or-false-5184932.htm',
          'https://www.transtutors.com/questions/in-the-long-run-all-production-costs-are-a-fixed-b-sunked-c-variable-d-marginal-e-co-5184931.htm'],
 'project': ['trans'],
 'referring_link': ['https://www.transtutors.com/questions/economics/47/'],
 'spider': ['trans_links']}
2020-02-05 23:29:58 [scrapy.core.engine] DEBUG: Crawled (200) <GET https://www.transtutors.com/questions/economics/49/> (referer: https://www.google.com/) ['cached']
2020-02-05 23:29:58 [scrapy.core.scraper] DEBUG: Scraped from <200 https://www.transtutors.com/questions/economics/48/>
{'category': ['economy'],
 'date': [datetime.datetime(2020, 2, 5, 23, 29, 58, 548939)],
 'link': ['https://www.transtutors.com/questions/the-long-run-phillips-curve-shows-that-lower-unemployment-can-be-sustained-indefinit-5184930.htm',
          'https://www.transtutors.com/questions/in-the-long-run-labor-is-a-input-and-capital-is-a-input-a-fixed-fixed-b-fixed-variab-5184929.htm',
          'https://www.transtutors.com/questions/in-long-run-equilibrium-p-minimum-atc-mc-the-equality-of-pand-minimum-atc-means-the--5184928.htm',
          'https://www.transtutors.com/questions/in-long-run-equilibrium-monopolistic-competitors-produce-at-the-minimum-point-on-the-5184927.htm',
          'https://www.transtutors.com/questions/long-run-average-cost-curve-long-run-average-cost-oe-quantity-of-output-in-the-graph-5184926.htm',
          'https://www.transtutors.com/questions/how-long-must-transaction-records-be-maintained-a-one-year-b-three-years-c-five-year-5184925.htm',
          'https://www.transtutors.com/questions/long-essay-2-describe-the-possible-influences-of-an-increase-in-the-union-wage-on-th-5184924.htm',
          'https://www.transtutors.com/questions/the-long-distance-calls-made-by-the-employees-of-a-company-normally-distributed-with-5184923.htm',
          'https://www.transtutors.com/questions/local-governments-typically-supply-tennis-courts-but-not-bowling-alleys-can-you-give-5184922.htm',
          'https://www.transtutors.com/questions/if-a-local-food-supply-is-highly-cash-distributions-raise-local-food-prices-only-a-l-5184921.htm',
          'https://www.transtutors.com/questions/a-local-entertainment-club-charges-a-fixed-monthly-membership-fee-of-60-members-can--5184920.htm',
          'https://www.transtutors.com/questions/the-local-drive-in-movie-theater-has-hired-you-to-assist-them-in-setting-admission-p-5184919.htm',
          'https://www.transtutors.com/questions/i-a-local-club-in-district-a-charges-a-fixed-monthly-membership-fee-of-48-members-a-5184918.htm',
          'https://www.transtutors.com/questions/a-a-local-club-in-district-a-charges-a-fixed-monthly-membership-fee-of-48-members-ar-5184917.htm',
          'https://www.transtutors.com/questions/a-local-club-in-district-a-charges-a-fixed-monthly-membership-fee-of-48-members-are--5184916.htm',
          'https://www.transtutors.com/questions/loanable-funds-businesses-borrow-loanable-funds-to-build-new-plants-and-warehouses-t-5184915.htm',
          'https://www.transtutors.com/questions/if-the-loan-write-down-is-7-is-bank-cfrom-practice-problem-3-solvent-or-insolvent-no-5184914.htm',
          'https://www.transtutors.com/questions/a-loan-of-3-000-for-a-new-machine-is-to-be-repaid-in-15-months-end-of-month-payments-5184913.htm',
          'https://www.transtutors.com/questions/in-an-is-lm-model-any-point-that-is-to-the-left-and-below-the-is-curve-indicates-a-s-5184912.htm',
          'https://www.transtutors.com/questions/we-live-in-a-world-where-computers-and-other-items-of-technology-seem-to-get-ever-ch-5184911.htm',
          'https://www.transtutors.com/questions/the-lithuanian-lita-is-currently-pegged-to-the-euro-using-the-is-lm-diagrams-for-hom-5184910.htm',
          'https://www.transtutors.com/questions/with-the-listed-terms-give-their-definition-and-1-significance-in-terms-of-economics-5184909.htm',
          'https://www.transtutors.com/questions/with-the-listed-terms-give-their-definition-and-1-significance-in-terms-of-economics-5184908.htm',
          'https://www.transtutors.com/questions/with-the-listed-terms-give-their-definition-and-1-significance-in-terms-of-economics-5184907.htm',
          'https://www.transtutors.com/questions/with-the-listed-terms-give-their-definition-and-1-significance-in-terms-of-economics-5184906.htm',
          'https://www.transtutors.com/questions/with-the-listed-terms-give-their-definition-and-1-significance-in-terms-of-economics-5184905.htm',
          'https://www.transtutors.com/questions/with-the-listed-terms-give-their-definition-and-1-significance-in-terms-of-economics-5184904.htm',
          'https://www.transtutors.com/questions/with-the-listed-terms-give-their-definition-and-1-significance-in-terms-of-economics-5184903.htm',
          'https://www.transtutors.com/questions/list-any-interactions-you-have-had-with-the-legal-system-it-is-not-necessary-to-list-5184902.htm',
          'https://www.transtutors.com/questions/list-4-ways-managed-care-organizations-attempt-to-control-costs-and-select-one-of-yo-5184901.htm',
          'https://www.transtutors.com/questions/list-2-3-examples-of-a-network-that-is-in-operation-and-explain-how-positive-externa-5184900.htm',
          'https://www.transtutors.com/questions/a-liquidity-trap-occurs-when-a-banks-have-too-much-currency-and-close-their-doors-to-5184899.htm',
          'https://www.transtutors.com/questions/the-liquidity-function-is-given-by-l-y-i-y-1-3-10-i-5-the-real-interest-rate-is-4-pe-5184898.htm',
          'https://www.transtutors.com/questions/a-linear-regression-model-found-the-following-dependent-variable-quantity-independen-5184897.htm',
          'https://www.transtutors.com/questions/line-a-1965-1970-1975-1995-2000-2005-2010-1980-1985-1990-32-refer-to-figure-33-1-lin-5184896.htm',
          'https://www.transtutors.com/questions/linda-s-autoplex-performs-oil-changes-on-automobiles-light-trucks-and-sport-utility--5184895.htm',
          'https://www.transtutors.com/questions/lily-parks-is-considering-two-possible-jobs-after-graduation-one-pays-45-000-per-yea-5184894.htm',
          'https://www.transtutors.com/questions/libertarians-believe-that-in-considering-economic-fairness-one-should-primarily-cons-5184893.htm',
          'https://www.transtutors.com/questions/how-do-liberal-market-economies-differ-from-coordinated-market-economies--5184892.htm',
          'https://www.transtutors.com/questions/let-say-the-utility-function-as-u-x-y-lnx-y-show-that-the-marginal-rate-of-substitut-5184891.htm',
          'https://www.transtutors.com/questions/let-s-use-the-economics-of-crime-model-to-think-about-additional-polluting-think-of--5184890.htm',
          'https://www.transtutors.com/questions/let-s-say-you-are-managing-a-project-for-designing-and-building-a-10-000-square-foot-5184889.htm',
          'https://www.transtutors.com/questions/let-s-say-that-the-demand-curve-for-a-market-is-given-by-the-equation-qd-400-20p-and-5184888.htm',
          'https://www.transtutors.com/questions/let-houston-receive-benefits-from-climate-change-mitigation-of-mb-200-a-let-dallas-r-5184887.htm',
          'https://www.transtutors.com/questions/let-eq1-markup-rule-pi-c-1-nb-and-eq2-free-entry-pi-nf-q-c-a-depict-and-explain-the--5184886.htm',
          'https://www.transtutors.com/questions/lesson-learned-recommendations-from-quot-women-in-management-positions-or-in-positio-5184885.htm',
          'https://www.transtutors.com/questions/the-length-of-time-required-for-money-to-quadruple-4x-in-value-at-an-interest-rate-o-5184884.htm',
          'https://www.transtutors.com/questions/the-lemonade-stand-marginal-cost-mc-quantity-q-average-total-cost-atc-total-cost-tc--5184883.htm',
          'https://www.transtutors.com/questions/the-lemonade-stand-the-lemonade-stand-quantity-q-marginal-cost-mc-average-total-cost-5184882.htm',
          'https://www.transtutors.com/questions/the-lemonade-stand-the-lemonade-stand-quantity-q-marginal-cost-mc-average-total-cost-5184881.htm'],
 'project': ['trans'],
 'referring_link': ['https://www.transtutors.com/questions/economics/48/'],
 'spider': ['trans_links']}
2020-02-05 23:29:58 [scrapy.core.engine] DEBUG: Crawled (200) <GET https://www.transtutors.com/questions/economics/50/> (referer: https://www.google.com/) ['cached']
2020-02-05 23:29:58 [scrapy.core.scraper] DEBUG: Scraped from <200 https://www.transtutors.com/questions/economics/49/>
{'category': ['economy'],
 'date': [datetime.datetime(2020, 2, 5, 23, 29, 58, 732861)],
 'link': ['https://www.transtutors.com/questions/the-lemonade-stand-the-lemonade-stand-quantity-q-marginal-cost-mc-average-total-cost-5184880.htm',
          'https://www.transtutors.com/questions/the-lemonade-stand-the-lemonade-stand-quantity-q-marginal-cost-mc-average-total-cost-5184879.htm',
          'https://www.transtutors.com/questions/the-lemonade-stand-the-lemonade-stand-average-total-cost-atc-average-variable-margin-5184878.htm',
          'https://www.transtutors.com/questions/the-lemonade-stand-the-lemonade-stand-average-total-cost-atc-average-variable-margin-5184877.htm',
          'https://www.transtutors.com/questions/instructions-at-the-bottom-thank-you-the-lemonade-stand-average-total-quantity-q-mar-5184876.htm',
          'https://www.transtutors.com/questions/on-the-left-below-is-elast-5184875.htm',
          'https://www.transtutors.com/questions/lecture-handout-7-perfect-competition-q3-a-refer-to-the-figure-below-if-the-market-p-5184874.htm',
          'https://www.transtutors.com/questions/lecture-handout-6-marginal-product-of-labour-total-product-0-1-2-3-4-5-6-7-8-labor-u-5184873.htm',
          'https://www.transtutors.com/questions/lecture-handout-5-elasticities-q1-use-the-following-graph-for-hala-39-s-frozen-yoghu-5184872.htm',
          'https://www.transtutors.com/questions/learning-x-ou-39-https-ng-cengage-com-static-nb-ui-evo-index-html-eisbn-978035743799-5184871.htm',
          'https://www.transtutors.com/questions/learning-objective-21-2-solved-problem-21-2-the-definitions-of-m1-and-m2-suppose-you-5184870.htm',
          'https://www.transtutors.com/questions/learning-objective-21-2-how-is-money-measured-in-the-united-states-today-example-cha-5184869.htm',
          'https://www.transtutors.com/questions/as-a-leader-why-is-clarifying-the-direction-of-change-important--5184868.htm',
          'https://www.transtutors.com/questions/lead-batteries-are-widely-used-in-vehicles-energy-storage-for-solar-systems-wind-pow-5184867.htm',
          'https://www.transtutors.com/questions/lead-batteries-are-widely-used-in-vehicles-energy-storage-for-solar-systems-wind-pow-5184866.htm',
          'https://www.transtutors.com/questions/a-lde-gmym-login-googles-x-chrome-do-homework-we-mathxl-com-student-player-homework--5184865.htm',
          'https://www.transtutors.com/questions/lconomics-1001-scenario-3-coluding-companies-consider-transportation-from-a-remote-h-5184864.htm',
          'https://www.transtutors.com/questions/lconomics-1001-scenario-3-coluding-companies-consider-transportation-from-a-remote-h-5184863.htm',
          'https://www.transtutors.com/questions/a-law-making-it-hard-to-fire-workers-could-actually-increase-the-economy-unemploymen-5184862.htm',
          'https://www.transtutors.com/questions/how-does-the-law-of-diminishing-marginal-returns-account-for-an-eventually-increasin-5184861.htm',
          'https://www.transtutors.com/questions/during-the-late-1970s-prices-quoted-in-terms-of-the-israeli-currency-the-shekel-rose-5184860.htm',
          'https://www.transtutors.com/questions/last-year-a-federal-judge-ruled-that-at-t-could-go-forward-with-its-proposed-acquisi-5184859.htm',
          'https://www.transtutors.com/questions/last-time-during-the-mid-term-exams-we-took-you-to-the-beautiful-island-of-new-caled-5184858.htm',
          'https://www.transtutors.com/questions/over-the-last-three-decades-a-variety-of-policy-rules-have-been-proposed-by-macroeco-5184857.htm',
          'https://www.transtutors.com/questions/lars-total-cost-and-revenue-dolars-use-the-blue-points-circle-symbol-to-plot-total-r-5184856.htm',
          'https://www.transtutors.com/questions/the-larger-the-mpc-the-larger-the-multiplier-the-smaller-the-multiplier-the-smaller--5184855.htm',
          'https://www.transtutors.com/questions/a-large-architectural-firm-has-just-landed-a-contract-to-build-a-hospital-nine-archi-5184854.htm',
          'https://www.transtutors.com/questions/land-salvage-value-d-eak-1ad-aourunsu-002s-uou-1ad-un-ad-s03-3ueuau-doted-000st2s-pe-5184853.htm',
          'https://www.transtutors.com/questions/true-or-false-laic-training-is-not-an-example-of-a-complementary-investment-because--5184852.htm',
          'https://www.transtutors.com/questions/lac-is-given-as-100-lmc-is-given-as-2q-a-find-individual-firm-s-production-when-it-i-5184851.htm',
          'https://www.transtutors.com/questions/labor-unions-seek-to-increase-the-demand-for-labor-by-i-increasing-the-number-of-wor-5184850.htm',
          'https://www.transtutors.com/questions/labor-is-typically-assumed-to-be-the-only-variable-input-in-very-short-run-productio-5184849.htm',
          'https://www.transtutors.com/questions/labor-productivity-a-growth-depends-on-growth-in-the-stock-of-capital-b-equals-the-a-5184848.htm',
          'https://www.transtutors.com/questions/when-the-labor-market-is-doing-very-well-and-jobs-are-easy-to-get-we-would-expect-th-5184847.htm',
          'https://www.transtutors.com/questions/labor-economics-there-is-still-a-gender-pay-gap-in-the-united-states-despite-recent--5184846.htm',
          'https://www.transtutors.com/questions/labor-economics-have-social-attitudes-impeded-the-ada-in-its-implementation-at-least-5184845.htm',
          'https://www.transtutors.com/questions/labor-economics-what-have-been-some-of-the-recent-trends-in-mortality-inequality-in--5184844.htm',
          'https://www.transtutors.com/questions/labor-economics-persons-with-disabilities-have-had-lower-employment-rates-and-wages--5184843.htm',
          'https://www.transtutors.com/questions/labor-economics-people-with-more-years-of-schooling-have-higher-earnings-in-the-unit-5184842.htm',
          'https://www.transtutors.com/questions/labor-economics-is-the-labor-market-perfectly-competitive-at-least-100-words--5184841.htm',
          'https://www.transtutors.com/questions/labor-economics-what-insight-s-does-the-institutional-school-of-thought-bring-the-st-5184840.htm',
          'https://www.transtutors.com/questions/labor-economics-why-has-income-inequality-increased-in-the-united-states-since-the-1-5184839.htm',
          'https://www.transtutors.com/questions/labor-economics-is-there-any-evidence-of-discrimination-based-on-race-ethnicity-in-t-5184838.htm',
          'https://www.transtutors.com/questions/labor-economics-if-you-had-to-choose-a-theory-to-explain-how-discrimination-takes-pl-5184837.htm',
          'https://www.transtutors.com/questions/l-propare-for-septermber-30-elosticity-qul-elisticity-elasticity-progress-you-are-on-5184836.htm',
          'https://www.transtutors.com/questions/l-multiple-choices-20-points-note-at-lease-one-and-possibly-more-than-one-item-is-co-5184835.htm',
          'https://www.transtutors.com/questions/l-etisalat-11-07-pm-48-il-etisalat-11-07-pm-49-il-etisalat-11-07-pm-49-we-were-unab-5184834.htm',
          'https://www.transtutors.com/questions/l-27-11-01-p-m-expert-q-a-fhe-data-for-46-states-ti-us-1122-he-odaiad-gallensevdy-ne-5184833.htm',
          'https://www.transtutors.com/questions/i-know-the-answer-is-supposed-to-be-d-2000-but-i-don-39-t-understand-the-logic-pleas-5184832.htm',
          'https://www.transtutors.com/questions/kindly-ignore-the-other-language-and-proceed-with-the-english-language-tq-3-a-defini-5184831.htm'],
 'project': ['trans'],
 'referring_link': ['https://www.transtutors.com/questions/economics/49/'],
 'spider': ['trans_links']}
2020-02-05 23:29:58 [scrapy.core.engine] DEBUG: Crawled (200) <GET https://www.transtutors.com/questions/economics/51/> (referer: https://www.google.com/) ['cached']
2020-02-05 23:29:58 [scrapy.core.scraper] DEBUG: Scraped from <200 https://www.transtutors.com/questions/economics/50/>
{'category': ['economy'],
 'date': [datetime.datetime(2020, 2, 5, 23, 29, 58, 901554)],
 'link': ['https://www.transtutors.com/questions/what-kind-of-monetary-policy-should-the-central-bank-adopt-to-restore-the-economy-ba-5184830.htm',
          'https://www.transtutors.com/questions/what-kind-of-advertising-messages-are-used-by-multinational-global-tobacco-companies-5184829.htm',
          'https://www.transtutors.com/questions/what-kind-of-advertising-messages-are-used-by-multinational-global-tobacco-companies-5184828.htm',
          'https://www.transtutors.com/questions/khalid-is-about-to-choose-a-career-path-he-has-narrowed-his-options-to-two-alternati-5184827.htm',
          'https://www.transtutors.com/questions/a-key-feature-of-a-monopoly-is-that-o-a-marginal-revenue-is-less-than-price-ob-total-5184826.htm',
          'https://www.transtutors.com/questions/the-key-elements-of-a-modern-phillips-curve-analysis-of-inflation-are-expectations-i-5184825.htm',
          'https://www.transtutors.com/questions/the-key-elements-of-a-modern-phillips-curve-analysis-of-inflation-are-expectations-i-5184824.htm',
          'https://www.transtutors.com/questions/under-kensiyan-approach-how-to-get-out-of-recession-taking-into-account-multiplier-e-5184823.htm',
          'https://www.transtutors.com/questions/the-kennedy-tax-cut-of-1964-was-a-successful-in-stimulating-the-economy-b-designed-t-5184822.htm',
          'https://www.transtutors.com/questions/kate-and-sarah-own-a-bakery-together-the-two-figures-illustrate-the-production-possi-5184821.htm',
          'https://www.transtutors.com/questions/only-question-5-k-l-vmc-avtc-atc-mc-tp-0-vlc-0-1-mpp-0-12-0-1500-15-135-68-13-12-fc--5184820.htm',
          'https://www.transtutors.com/questions/only-question-7-k-l-vmc-avtc-atc-mc-1-tp-0-mpp-0-12-vlc-0-0-1500-15-135-68-13-12-fc--5184819.htm',
          'https://www.transtutors.com/questions/only-question-9-k-l-vmc-1-tp-0-mpp-0-12-vlc-0-0-1500-15-135-68-13-12-fc-14500-14500--5184818.htm',
          'https://www.transtutors.com/questions/on-june-18-ryan-dezember-and-kirk-maltais-reported-in-the-wall-street-journal-that-q-5184817.htm',
          'https://www.transtutors.com/questions/juestion-8-points-save-anew-a-plant-produces-pocket-radios-with-a-fixed-cost-of-10-0-5184816.htm',
          'https://www.transtutors.com/questions/jou-provide-solutions-to-all-3-problems-only-1-and-2-will-be-problem-1-an-industry-i-5184815.htm',
          'https://www.transtutors.com/questions/jose-s-production-function-for-comics-books-is-0-1j-1-2-l3-4-suppose-that-he-can-var-5184814.htm',
          'https://www.transtutors.com/questions/john-withdraws-99-and-eva-uses-her-deposits-to-repay-her-loan-please-not-that-you-sh-5184813.htm',
          'https://www.transtutors.com/questions/john-t-chambers-former-chairman-and-ceo-of-cisco-until-2015-was-frequently-cited-as--5184812.htm',
          'https://www.transtutors.com/questions/john-is-to-pay-joe-4-000-in-the-4th-year-and-6-000-in-8th-year-for-a-loan-of-4-000-w-5184811.htm',
          'https://www.transtutors.com/questions/jobless-immigrants-imagine-that-you-have-arrived-in-canada-from-another-country-and--5184810.htm',
          'https://www.transtutors.com/questions/your-job-is-to-calculate-concentration-ratios-for-different-industries-based-on-this-5184809.htm',
          'https://www.transtutors.com/questions/jin-realizes-that-his-cough-is-getting-worse-he-vows-to-quit-smoking-tomorrow-today--5184808.htm',
          'https://www.transtutors.com/questions/jasper-collects-comic-books-and-vinyl-albums-the-graph-below-represents-his-monthly--5184807.htm',
          'https://www.transtutors.com/questions/jacob-is-selling-his-antique-pocket-watch-using-a-first-price-sealed-bid-auction-the-5184806.htm',
          'https://www.transtutors.com/questions/j-a-https-bbhosted-cuny-edu-webapps-assessment-take-launchpfcourse-dway-espn-o-nys-d-5184805.htm',
          'https://www.transtutors.com/questions/j-dependent-variable-in-price-er-to-the-following-table-regressor-size-2-0-00048-0-0-5184804.htm',
          'https://www.transtutors.com/questions/ivalent-uniform-annual-worth-for-alternative-solar-system-to-be-used-in-comparing-th-5184803.htm',
          'https://www.transtutors.com/questions/iudiciju-jumls-connect-the-following-provided-descritions-to-its-approporate-example-5184802.htm',
          'https://www.transtutors.com/questions/iudici-important-w-sztru-more-thasports-due-to-concerns-about-a-rising-level-of-debt-5184801.htm',
          'https://www.transtutors.com/questions/answer-critical-analysis-questions-issues-and-applications-private-or-public-auto-in-5184800.htm',
          'https://www.transtutors.com/questions/irrelevant-cost-represent-a-business-cost-that-does-not-impact-a-management-decision-5184799.htm',
          'https://www.transtutors.com/questions/my-ipnone-june-25-2019-at-18-30-1-whats-the-perfect-competition-2-whats-the-monopoly-5184798.htm',
          'https://www.transtutors.com/questions/after-an-investigation-a-broker-is-found-to-have-violated-the-license-law-what-is-th-5184797.htm',
          'https://www.transtutors.com/questions/i-am-investigating-the-relationship-between-walmart-stores-and-effects-they-have-in--5184796.htm',
          'https://www.transtutors.com/questions/the-inverse-market-demand-curve-for-a-duopoly-market-is-p-26-q-26-q-1-q-2-where-q-is-5184795.htm',
          'https://www.transtutors.com/questions/what-is-the-inverse-demand-of-q-2000-and-how-is-the-graphic-it-39-s-just-that-i-want-5184794.htm',
          'https://www.transtutors.com/questions/the-inverse-demand-function-for-a-monopolist-is-p-10-2q-a-what-is-the-maximum-price-5184793.htm',
          'https://www.transtutors.com/questions/the-inverse-demand-equation-of-a-stackelberg-duopoly-is-p-240-5q-the-firms-39-margin-5184792.htm',
          'https://www.transtutors.com/questions/the-inverse-demand-equation-for-the-output-of-a-monopolist-is-p-50-2q-the-monopolist-5184791.htm',
          'https://www.transtutors.com/questions/the-inverse-demand-equation-for-the-output-of-a-local-monopoly-is-p-20-20-the-monopo-5184790.htm',
          'https://www.transtutors.com/questions/the-introduction-of-a-stylish-new-line-of-toyotas-which-makes-some-consumers-prefer--5184789.htm',
          'https://www.transtutors.com/questions/introduction-to-economics-eco-100-partha-deb-final-exam-ivory-fall-2013-name-first-l-5184788.htm',
          'https://www.transtutors.com/questions/internet-users-literacy-rate-99-canada-27-million-united-states-total-population-34--5184787.htm',
          'https://www.transtutors.com/questions/internet-technology-provides-buyers-with-easier-access-to-information-about-products-5184786.htm',
          'https://www.transtutors.com/questions/help-with-this-worksheet-please-large-nation-analysis-international-trade-worksheet--5184785.htm',
          'https://www.transtutors.com/questions/if-international-trade-is-restricted-by-the-government-a-domestic-producers-are-adve-5184784.htm',
          'https://www.transtutors.com/questions/how-has-international-trade-changed-over-time-what-are-some-of-the-trade-agreements--5184783.htm',
          'https://www.transtutors.com/questions/the-international-monetary-funds-solution-to-reducing-the-trade-deficit-is-to-reduce-5184782.htm',
          'https://www.transtutors.com/questions/the-international-monetary-fund-imf-has-recently-released-a-report-calling-for-tax-i-5184781.htm'],
 'project': ['trans'],
 'referring_link': ['https://www.transtutors.com/questions/economics/50/'],
 'spider': ['trans_links']}
2020-02-05 23:29:59 [scrapy.core.engine] DEBUG: Crawled (200) <GET https://www.transtutors.com/questions/economics/52/> (referer: https://www.google.com/) ['cached']
2020-02-05 23:29:59 [scrapy.core.scraper] DEBUG: Scraped from <200 https://www.transtutors.com/questions/economics/51/>
{'category': ['economy'],
 'date': [datetime.datetime(2020, 2, 5, 23, 29, 59, 60543)],
 'link': ['https://www.transtutors.com/questions/an-internal-email-was-leaked-from-top-management-at-google-and-amazon-between-divisi-5184779.htm',
          'https://www.transtutors.com/questions/intermediate-micro-economics-intermediate-microeconomics-fall-2019-j-shi-and-b-xu-pr-5184778.htm',
          'https://www.transtutors.com/questions/intermediate-macroeconomics-4-suppose-the-consumption-function-of-an-economy-is-c-1-5184777.htm',
          'https://www.transtutors.com/questions/intermediate-macroeconomics-3-the-gdp-is-5-000-our-disposable-personal-income-is-4--5184776.htm',
          'https://www.transtutors.com/questions/intermediate-macroeconomics-2-the-aggregate-supply-function-be-ys-2000-p-and-the-ag-5184775.htm',
          'https://www.transtutors.com/questions/intermediate-macroeconomics-1-1-i-10-billion-5r-find-out-the-amount-of-investment-w-5184774.htm',
          'https://www.transtutors.com/questions/you-are-interested-in-identifying-the-correct-specification-of-the-following-model-2-5184773.htm',
          'https://www.transtutors.com/questions/at-what-interest-rate-would-100-000-now-be-equivalent-to-80-000-one-year-ago-i-22-5--5184772.htm',
          'https://www.transtutors.com/questions/when-the-interest-rate-decreases-o-a-only-the-dollar-amount-of-credit-card-purchases-5184771.htm',
          'https://www.transtutors.com/questions/the-interest-rate-will-decrease-as-a-result-of-which-of-the-following-events-a-an-op-5184770.htm',
          'https://www.transtutors.com/questions/the-interest-rate-will-decrease-as-a-result-of-which-of-the-following-events-a-an-op-5184769.htm',
          'https://www.transtutors.com/questions/if-the-interest-rate-of-a-country-is-above-the-equilibrium-in-an-open-market-economy-5184768.htm',
          'https://www.transtutors.com/questions/an-interest-rate-of-1-per-month-is-the-same-as-nominal-3-per-quarter-compounded-mont-5184767.htm',
          'https://www.transtutors.com/questions/true-or-false-interest-and-debt-65-there-are-generally-two-types-of-interest-rates-a-5184766.htm',
          'https://www.transtutors.com/questions/intellectual-property-right-ipr-protection-has-been-a-huge-challenge-for-china-even--5184765.htm',
          'https://www.transtutors.com/questions/in-insurance-pricing-what-are-the-determinants-of-fair-premiums--5184764.htm',
          'https://www.transtutors.com/questions/an-insurance-company-needs-to-assess-the-risks-associated-with-providing-hurricane-i-5184763.htm',
          'https://www.transtutors.com/questions/if-an-insurance-company-invests-in-the-stock-market-what-type-of-instrument-would-th-5184762.htm',
          'https://www.transtutors.com/questions/instructions-answer-each-of-the-following-questions-you-may-work-together-with-your--5184761.htm',
          'https://www.transtutors.com/questions/from-an-initial-long-run-macroeconomic-equilibrium-if-the-federal-reserve-anticipate-5184760.htm',
          'https://www.transtutors.com/questions/what-is-informationally-insensitive-debt-as-described-by-gorton-in-his-article-quot--5184759.htm',
          'https://www.transtutors.com/questions/inflation-rate-percent-per-year-10-the-philips-curve-graph-to-the-right-illustrates--5184758.htm',
          'https://www.transtutors.com/questions/please-explain-how-the-ctf-and-the-csf-were-obtained-thank-you-there-is-no-inflation-5184757.htm',
          'https://www.transtutors.com/questions/does-inflation-always-destroy-purchasing-power-explain-6-sentences-5184756.htm',
          'https://www.transtutors.com/questions/a-if-an-industry-is-producing-a-price-inelastic-product-will-its-labor-demand-curve--5184755.htm',
          'https://www.transtutors.com/questions/an-industry-has-the-following-market-structere-breakdown-of-the-individual-firm-39-s-5184754.htm',
          'https://www.transtutors.com/questions/an-industry-consists-of-two-firms-with-identical-demand-function-100-where-1--5184753.htm',
          'https://www.transtutors.com/questions/please-multiple-choice-and-true-or-false-your-industry-when-compan-y-on-the-map-whic-5184752.htm',
          'https://www.transtutors.com/questions/an-industrial-park-in-farson-wyoming-needs-to-decide-how-to-handle-shipping-of-mater-5184751.htm',
          'https://www.transtutors.com/questions/an-industrial-engineer-is-planning-for-her-early-retirement-25-years-from-now-she-be-5184750.htm',
          'https://www.transtutors.com/questions/an-industrial-engineer-is-planning-for-her-early-retirement-25-years-from-now-she-be-5184749.htm',
          'https://www.transtutors.com/questions/an-industrial-engineer-is-planning-for-her-early-retirement-25-years-from-now-she-be-5184748.htm',
          'https://www.transtutors.com/questions/an-industrial-engineer-is-planning-for-her-early-retirement-25-years-from-now-she-be-5184747.htm',
          'https://www.transtutors.com/questions/calculate-the-pw-value-for-the-new-esp-an-industrial-coal-fired-boiler-for-process-s-5184746.htm',
          'https://www.transtutors.com/questions/if-individuals-are-paid-the-wage-at-which-the-supply-of-labor-is-equal-to-the-demand-5184745.htm',
          'https://www.transtutors.com/questions/when-an-individual-spends-more-than-his-her-disposable-income-this-person-is-saving--5184744.htm',
          'https://www.transtutors.com/questions/answer-needed-a-an-individual-participating-in-the-labour-market-has-a-utility-funct-5184743.htm',
          'https://www.transtutors.com/questions/an-individual-makes-five-annual-deposits-of-1-500-in-a-savings-account-that-pays-int-5184742.htm',
          'https://www.transtutors.com/questions/an-individual-is-borrowing-150-000-at-8-interest-compounded-annually-the-loan-is-to--5184741.htm',
          'https://www.transtutors.com/questions/indicate-the-market-structure-monopolistic-competition-oligopoly-neither-or-both-as--5184740.htm',
          'https://www.transtutors.com/questions/indexes-constructed-and-published-by-msci-inc-are-an-excellent-source-of-national-st-5184739.htm',
          'https://www.transtutors.com/questions/can-the-index-of-intra-industry-trade-ever-exceed-1-00-please-indicate-yes-or-no-and-5184738.htm',
          'https://www.transtutors.com/questions/can-the-index-of-intra-industry-trade-ever-exceed-1-00-please-indicate-yes-or-no-and-5184737.htm',
          'https://www.transtutors.com/questions/an-independent-e-p-firm-signs-a-contract-on-jan-2-2017-for-a-petroleum-lease-block-i-5184736.htm',
          'https://www.transtutors.com/questions/increasingly-cost-changes-for-merchandise-and-an-ascent-in-the-consistency-of-pricin-5184735.htm',
          'https://www.transtutors.com/questions/urgent-increasing-the-social-discount-rate-has-the-effect-to-increase-the-current-va-5184734.htm',
          'https://www.transtutors.com/questions/the-increased-income-inequality-in-the-united-states-since-1975-has-been-caused-by-i-5184733.htm',
          'https://www.transtutors.com/questions/an-increase-in-the-sensitivity-of-private-spending-consumption-investment-and-net-ex-5184732.htm',
          'https://www.transtutors.com/questions/an-increase-in-the-savings-rate-will-increase-output-per-worker-and-the-growth-of-ou-5184731.htm',
          'https://www.transtutors.com/questions/increase-s-in-8-assume-that-the-economy-starts-from-its-long-run-equilibrium-if-the--5184730.htm'],
 'project': ['trans'],
 'referring_link': ['https://www.transtutors.com/questions/economics/51/'],
 'spider': ['trans_links']}
2020-02-05 23:29:59 [scrapy.core.engine] DEBUG: Crawled (200) <GET https://www.transtutors.com/questions/economics/53/> (referer: https://www.google.com/) ['cached']
2020-02-05 23:29:59 [scrapy.core.scraper] DEBUG: Scraped from <200 https://www.transtutors.com/questions/economics/52/>
{'category': ['economy'],
 'date': [datetime.datetime(2020, 2, 5, 23, 29, 59, 227962)],
 'link': ['https://www.transtutors.com/questions/an-increase-in-the-prices-of-goods-in-the-short-run-will-a-decrease-producers-39-pro-5184729.htm',
          'https://www.transtutors.com/questions/an-increase-in-the-price-of-x-will-lead-the-consumer-to-purchase-less-x-true-false-u-5184728.htm',
          'https://www.transtutors.com/questions/how-does-an-increase-in-interest-rates-in-the-united-states-lead-to-an-appreciation--5184727.htm',
          'https://www.transtutors.com/questions/an-increase-in-expected-inflation-shifts-the-short-run-phillips-curve-right-a-b-shor-5184726.htm',
          'https://www.transtutors.com/questions/an-increase-in-disposable-income-worsens-the-current-account-because-o-a-consumers-d-5184725.htm',
          'https://www.transtutors.com/questions/an-increase-in-demand-for-an-industry-s-product-that-is-produced-using-skilled-labor-5184724.htm',
          'https://www.transtutors.com/questions/an-increase-in-the-demand-for-an-industry-s-final-product-would-result-in-which-of-t-5184723.htm',
          'https://www.transtutors.com/questions/incorrect-question-5-0-1-5-pts-the-following-figure-bottom-shows-the-income-share-of-5184722.htm',
          'https://www.transtutors.com/questions/the-income-effect-always-operates-in-the-opposite-direction-as-the-substitution-effe-5184721.htm',
          'https://www.transtutors.com/questions/an-income-consumption-curve-shows-what-happens-to-the-consumer-39-s-consumption-of-g-5184720.htm',
          'https://www.transtutors.com/questions/if-income-has-changed-by-40-and-demand-has-changed-by-30-then-the-overall-income-ela-5184719.htm',
          'https://www.transtutors.com/questions/the-incentives-for-supplier-induced-demand-are-greatest-under-which-of-the-following-5184718.htm',
          'https://www.transtutors.com/questions/was-inadequate-regulation-the-reason-for-the-demise-of-northern-rock-support-your-an-5184717.htm',
          'https://www.transtutors.com/questions/implications-of-aging-population-to-government-finances-into-the-future-please-list--5184716.htm',
          'https://www.transtutors.com/questions/the-impact-of-the-great-recession-is-clear-when-one-observes-negative-real-gdp-growt-5184715.htm',
          'https://www.transtutors.com/questions/imagine-that-you-have-been-working-at-your-dream-job-as-an-editor-in-the-film-indust-5184714.htm',
          'https://www.transtutors.com/questions/imagine-that-two-oil-producing-companies-abc-pumping-and-xyz-drilling-own-adjacent-o-5184713.htm',
          'https://www.transtutors.com/questions/imagine-yourself-preparing-to-open-a-new-restaurant-while-you-have-never-owned-a-res-5184712.htm',
          'https://www.transtutors.com/questions/imagine-that-a-poor-country-poorland-wants-development-assistance-and-has-applied-fo-5184711.htm',
          'https://www.transtutors.com/questions/imagine-that-parameter-b-is-equal-to-0-25-all-else-constant-the-demand-for-firm-i-s--5184710.htm',
          'https://www.transtutors.com/questions/imagine-many-technical-workers-can-now-earn-more-income-working-from-home-for-themse-5184709.htm',
          'https://www.transtutors.com/questions/imagine-bitcoin-mining-difficulty-right-after-a-difficulty-change-is-at-20-833-and-t-5184708.htm',
          'https://www.transtutors.com/questions/in-an-imaginary-closed-economy-the-market-for-loanable-funds-is-in-equilibrium-in-wh-5184707.htm',
          'https://www.transtutors.com/questions/image-on-the-bottom-with-the-tariff-how-much-will-consumers-consume-and-producers-pr-5184706.htm',
          'https://www.transtutors.com/questions/illustrate-the-relationship-between-factor-demand-total-product-marginal-product-in--5184705.htm',
          'https://www.transtutors.com/questions/illustrate-one-graph-each-for-a-tariff-and-a-quota--5184703.htm',
          'https://www.transtutors.com/questions/illustrate-graphically-a-situation-in-which-a-monopoly-is-welfare-improving-and-expl-5184702.htm',
          'https://www.transtutors.com/questions/illustrate-your-answer-using-the-consumption-for-4-ae-model-q2-sem-1-17-18-25-b-true-5184698.htm',
          'https://www.transtutors.com/questions/true-and-false-ii-true-or-false-15-x-2points-30-points-a-sales-contract-is-the-only--5184697.htm',
          'https://www.transtutors.com/questions/true-and-false-ii-true-or-false-15-x-2points-30-points-a-sales-contract-is-the-only--5184696.htm',
          'https://www.transtutors.com/questions/ii-short-answer-questions-10-points-10-assume-that-constant-returns-to-scale-exists--5184695.htm',
          'https://www.transtutors.com/questions/ii-policy-analysis-3-in-response-to-the-recent-financial-crisis-the-governments-arou-5184694.htm',
          'https://www.transtutors.com/questions/ii-is-lm-model-20-points-total-an-economy-is-initially-described-by-the-following-eq-5184693.htm',
          'https://www.transtutors.com/questions/ii-gnment-3-f19-remaining-time-15-56-50-indicate-the-market-structure-monopolistic-c-5184692.htm',
          'https://www.transtutors.com/questions/ih-alakha-finalam-macroeconomic-market-for-money-modifier-5184691.htm',
          'https://www.transtutors.com/questions/ignoring-the-government-and-foreign-sectors-equilibrium-and-real-gross-domestic-prod-5184690.htm',
          'https://www.transtutors.com/questions/identify-the-types-and-causes-of-unemployment-and-illustrate-your-solution--5184689.htm',
          'https://www.transtutors.com/questions/identify-two-companies-who-have-attempted-to-differentiate-their-products-or-service-5184688.htm',
          'https://www.transtutors.com/questions/identify-the-statements-that-describe-margaret-fuller-by-dragging-them-to-her-image--5184687.htm',
          'https://www.transtutors.com/questions/identify-and-rank-the-top-three-major-long-term-challenges-facing-the-chinese-econom-5184686.htm',
          'https://www.transtutors.com/questions/identify-the-process-that-maximum-profit-per-day-if-each-part-is-made-from-rm4-worth-5184685.htm',
          'https://www.transtutors.com/questions/identify-a-perfectly-competitive-firm-that-you-have-purchased-a-good-or-service-from-5184684.htm',
          'https://www.transtutors.com/questions/identify-the-following-arma-models-and-see-if-there-is-any-parameter-redundancy-find-5184683.htm',
          'https://www.transtutors.com/questions/identify-the-following-arma-models-and-see-if-there-is-any-parameter-redundancy-find-5184682.htm',
          'https://www.transtutors.com/questions/i-identify-and-explain-the-infant-industry-justification-for-protectionism-ii-expla-5184681.htm',
          'https://www.transtutors.com/questions/identify-circle-breakeven-points-on-the-below-combined-cost-and-revenue-plot-tel-r-t-5184680.htm',
          'https://www.transtutors.com/questions/identify-the-biggest-challenges-that-are-facing-netflix-and-provide-recommendations--5184679.htm',
          'https://www.transtutors.com/questions/identify-the-appropriate-international-strategy-of-the-firm-gratis-turkey-suggest-wh-5184678.htm',
          'https://www.transtutors.com/questions/with-identical-firms-constant-input-prices-and-all-the-other-characteristics-of-a-co-5184677.htm',
          'https://www.transtutors.com/questions/do-you-have-any-ideas-about-why-you-think-our-country-spends-more-on-other-countries-5184676.htm'],
 'project': ['trans'],
 'referring_link': ['https://www.transtutors.com/questions/economics/52/'],
 'spider': ['trans_links']}
2020-02-05 23:29:59 [scrapy.core.engine] DEBUG: Crawled (200) <GET https://www.transtutors.com/questions/economics/54/> (referer: https://www.google.com/) ['cached']
2020-02-05 23:29:59 [scrapy.core.scraper] DEBUG: Scraped from <200 https://www.transtutors.com/questions/economics/53/>
{'category': ['economy'],
 'date': [datetime.datetime(2020, 2, 5, 23, 29, 59, 396026)],
 'link': ['https://www.transtutors.com/questions/in-an-idealized-situation-de-cribe-three-policy-tools-to-correct-the-problem-of-stag-5184675.htm',
          'https://www.transtutors.com/questions/the-idea-that-the-long-run-phillips-curve-is-o-a-vertical-stems-from-the-analysis-of-5184674.htm',
          'https://www.transtutors.com/questions/hyperinflation-is-caused-by-a-real-gdp-growing-more-rapidly-than-the-money-supply-o--5184673.htm',
          'https://www.transtutors.com/questions/financial-economics-hw4-based-on-paper-cooper-et-al-2008-quot-asset-growth-and-the-c-5184672.htm',
          'https://www.transtutors.com/questions/during-a-hurricane-a-price-ceiling-of-450-is-put-on-generators-calculate-the-shortag-5184671.htm',
          'https://www.transtutors.com/questions/https-drive-google-com-open-id-1vnucxdsmicylwkiog4hsxpihtdabovny-a-refer-to-the-2015-5184670.htm',
          'https://www.transtutors.com/questions/a-https-bbhosted-cuny-edu-webapps-assessment-take-launch-jsp-course-218-disney-espn--5184669.htm',
          'https://www.transtutors.com/questions/https-americansfortaxfairness-org-harley-failing-american-workers-using-this-article-5184668.htm',
          'https://www.transtutors.com/questions/if-households-and-firms-decide-to-hold-less-of-their-money-in-checking-account-depos-5184667.htm',
          'https://www.transtutors.com/questions/house-gop-changes-course-on-infrastructure-house-republicans-abandoned-plans-to-slas-5184666.htm',
          'https://www.transtutors.com/questions/a-horizontal-aggregate-supply-curve-causes-higher-inflation-rather-than-higher-outpu-5184665.htm',
          'https://www.transtutors.com/questions/hope-to-receive-a-detailed-explanation-will-give-a-thumb-up-for-sure-thank-you-so-mu-5184664.htm',
          'https://www.transtutors.com/questions/homeworkich-03-back-to-aignment-attempts-keep-the-highest-3-s-the-price-of-trades-su-5184663.htm',
          'https://www.transtutors.com/questions/homework-unemployment-and-inflation-back-to-assignment-attempts-keep-the-highest-5--5184662.htm',
          'https://www.transtutors.com/questions/homework-hw9-chapter-9-1-of-11-11-complete-score-0-86-of-1-pt-text-problem-3-4a-the--5184661.htm',
          'https://www.transtutors.com/questions/homework-chapter-four-home-work-score-0-of-1-pt-23-of-52-33-complete-exercise-1-7-if-5184660.htm',
          'https://www.transtutors.com/questions/homework-chapter-5-hw-1-save-of-5-0-complete-score-0-of-20-pts-hw-score-0-0-of-100-p-5184659.htm',
          'https://www.transtutors.com/questions/what-is-the-next-number-homework-chapter-5-homework-save-score-0-5-of-1-pt-10-of-20--5184658.htm',
          'https://www.transtutors.com/questions/homework-chapter-5-homework-save-12-of-20-12-complete-score-0-33-of-1-pt-hw-score-49-5184657.htm',
          'https://www.transtutors.com/questions/homework-ch-3-hw-hw-score-65-79-12-5-e-score-0-of-1-pt-15-of-19-15-complete-x-concep-5184656.htm',
          'https://www.transtutors.com/questions/homework-ch-23-back-to-assignment-attempts-average-11-7-determinants-of-short-run-ag-5184655.htm',
          'https://www.transtutors.com/questions/please-do-the-graph-on-computer-or-make-it-very-easy-to-understand-on-paper-homework-5184654.htm',
          'https://www.transtutors.com/questions/please-do-the-graph-on-computer-or-make-it-very-easier-to-understand-homework-ch-21--5184653.htm',
          'https://www.transtutors.com/questions/homework-ch-03-3-gains-from-trade-consider-two-neighboring-island-countries-called-f-5184652.htm',
          'https://www.transtutors.com/questions/homework-7-5-homework-save-score-0-of-1-pt-hw-score-8-33-0-25-of-3-pts-2-of-3-1-comp-5184651.htm',
          'https://www.transtutors.com/questions/homework-7-5-homework-save-score-0-of-1-pt-3-of-3-1-complete-hw-score-8-33-0-25-of-3-5184650.htm',
          'https://www.transtutors.com/questions/home-study-math-statistics-and-probability-statistics-and-probability-questions-and--5184649.htm',
          'https://www.transtutors.com/questions/home-depot-advertise-don-39-t-advertise-300-000-s50-000-100-000-100-000-advertise-lo-5184648.htm',
          'https://www.transtutors.com/questions/hiwuirdil-z-score-0-of-1-pt-concept-question-6-4-13-of-14-10-complete-hw-score-63-27-5184647.htm',
          'https://www.transtutors.com/questions/true-or-false-hit-s-800-million-94-gdp-is-100-million-in-2018-and-growth-rate-9-it-w-5184646.htm',
          'https://www.transtutors.com/questions/history-bookmarks-tools-window-help-ew-community-cx-o-take-test-hw-i-ch-3-2019x-5-ht-5184645.htm',
          'https://www.transtutors.com/questions/historically-the-change-in-real-gdp-during-recessions-has-been-a-mostly-a-change-in--5184644.htm',
          'https://www.transtutors.com/questions/historical-evidence-for-the-u-s-economy-indicates-that-a-recessions-have-occurred-ro-5184643.htm',
          'https://www.transtutors.com/questions/you-were-just-hired-by-a-struggling-country-club-to-help-turn-around-the-business-an-5184642.htm',
          'https://www.transtutors.com/questions/hint-assignment-score-e-15-of-22-questions-1378-2200-check-answer-9-question-100-100-5184641.htm',
          'https://www.transtutors.com/questions/hilary-is-a-skilled-toy-maker-who-is-able-to-produce-both-boats-and-kites-she-has-8--5184640.htm',
          'https://www.transtutors.com/questions/hikers-haven-is-a-remote-hiking-area-in-northern-ontario-and-it-charges-no-entrance--5184639.htm',
          'https://www.transtutors.com/questions/i-highlighted-and-made-the-blue-marks-but-i-dont-know-if-that-is-correct-please-expl-5184638.htm',
          'https://www.transtutors.com/questions/a-the-highest-marginal-tax-rate-for-personal-income-taxpayers-in-south-africa-is-at--5184637.htm',
          'https://www.transtutors.com/questions/the-higher-the-interest-sensitivity-of-investment-the-more-effective-is-expansionary-5184636.htm',
          'https://www.transtutors.com/questions/hi-i-need-help-with-the-wrong-questions-x-in-the-second-table-the-table-below-is-the-5184635.htm',
          'https://www.transtutors.com/questions/hi-could-you-please-help-me-with-this-question-i-also-need-the-process-in-detail-tha-5184634.htm',
          'https://www.transtutors.com/questions/the-heydays-of-fiscal-policy-was-1960s-since-then-it-lost-credibility-due-to-concern-5184633.htm',
          'https://www.transtutors.com/questions/heteroskedasticity-violates-which-of-the-classical-regression-model-assumptions-o-th-5184632.htm',
          'https://www.transtutors.com/questions/help-sdved-save-exi-i-he-data-below-represent-a-demand-schedule-product-price-quanti-5184631.htm',
          'https://www.transtutors.com/questions/help-save-exit-submit-if-marginal-benefits-exceed-marginal-costs-it-is-profitable-to-5184630.htm',
          'https://www.transtutors.com/questions/use-the-diagram-below-to-illustrate-that-drinking-orange-juice-help-save-exit-subm-s-5184629.htm',
          'https://www.transtutors.com/questions/help-center-status-completed-attempt-score-41-72-out-of-50-points-time-elapsed-56-mi-5184628.htm',
          'https://www.transtutors.com/questions/help-a-b-10-quantity-quantity-quantity-d-e-quantity-quantity-which-one-of-the-graphs-5184627.htm',
          'https://www.transtutors.com/questions/help-a-b-10-quantity-quantity-quantity-d-e-quantity-quantity-which-one-of-the-graphs-5184626.htm'],
 'project': ['trans'],
 'referring_link': ['https://www.transtutors.com/questions/economics/53/'],
 'spider': ['trans_links']}
2020-02-05 23:29:59 [scrapy.core.engine] DEBUG: Crawled (200) <GET https://www.transtutors.com/questions/economics/55/> (referer: https://www.google.com/) ['cached']
2020-02-05 23:29:59 [scrapy.core.scraper] DEBUG: Scraped from <200 https://www.transtutors.com/questions/economics/54/>
{'category': ['economy'],
 'date': [datetime.datetime(2020, 2, 5, 23, 29, 59, 545953)],
 'link': ['https://www.transtutors.com/questions/hello-i-want-to-ask-how-to-draw-the-short-run-market-supply-surve-in-b-part-i-don-39-5184625.htm',
          'https://www.transtutors.com/questions/hello-could-you-please-help-me-do-the-problem-below-i-have-been-doing-although-i-39--5184624.htm',
          'https://www.transtutors.com/questions/hegemonic-stability-theorists-argue-that-in-the-interwar-period-the-united-states-wa-5184623.htm',
          'https://www.transtutors.com/questions/the-heckscher-ohlin-theory-builds-on-the-stolper-samuelson-theory-builds-on-the-theo-5184622.htm',
          'https://www.transtutors.com/questions/during-healthy-economic-periods-cyclical-unemployment-l-tfen-birini-se-in-a-will-equ-5184621.htm',
          'https://www.transtutors.com/questions/you-are-the-head-of-worldwide-product-for-dynasty-international-a-large-cpg-consumer-5184620.htm',
          'https://www.transtutors.com/questions/you-are-the-head-of-worldwide-product-for-dynasty-international-a-large-cpg-consumer-5184619.htm',
          'https://www.transtutors.com/questions/you-are-the-head-of-worldwide-product-for-dynasty-international-a-large-cpg-consumer-5184618.htm',
          'https://www.transtutors.com/questions/you-are-the-head-of-worldwide-product-for-dynasty-international-a-large-cpg-consumer-5184617.htm',
          'https://www.transtutors.com/questions/hat-score-0-of-1-pt-9-of-14-7-complete-hw-score-45-41-6-36-of-14-pts-question-help-i-5184616.htm',
          'https://www.transtutors.com/questions/what-will-happen-to-the-marginal-cost-curve-as-output-rises-12-it-will-eventually-in-5184614.htm',
          'https://www.transtutors.com/questions/what-will-happen-to-the-equilibrium-price-and-quantity-of-oranges-if-a-hurricane-in--5184613.htm',
          'https://www.transtutors.com/questions/what-will-happen-to-the-equilibrium-price-and-equilibrium-quantity-of-coffee-if-inco-5184612.htm',
          'https://www.transtutors.com/questions/hant-une-o-points-1-assume-that-a-simple-economy-could-be-described-by-the-following-5184611.htm',
          'https://www.transtutors.com/questions/the-hamder-39-s-enterprise-corporation-has-hired-a-management-consulting-company-to--5184610.htm',
          'https://www.transtutors.com/questions/hal-dadli-fall-2019-baruch-college-15-you-extract-approximately-5-000-obs-estimate-t-5184609.htm',
          'https://www.transtutors.com/questions/ha-une-10-points-1-assume-that-a-simple-economy-could-be-described-by-the-following--5184608.htm',
          'https://www.transtutors.com/questions/solve-it-fast-please-and-solve-this-please-h-e-problems-39-and-40-are-based-on-the-f-5184607.htm',
          'https://www.transtutors.com/questions/gyron-inc-is-a-software-development-company-headquartered-in-montreal-canada-the-own-5184606.htm',
          'https://www.transtutors.com/questions/gremlin-gizmos-is-a-doohickey-monopoly-the-inverse-demand-equation-for-gremlin-s-doo-5184605.htm',
          'https://www.transtutors.com/questions/gremlin-gizmos-is-a-doohickey-monopoly-the-inverse-demand-equation-for-gremlin-39-s--5184604.htm',
          'https://www.transtutors.com/questions/gremlin-gizmos-is-a-doohickey-monopoly-the-inverse-demand-equation-for-gremlin-39-s--5184603.htm',
          'https://www.transtutors.com/questions/how-did-the-green-revolution-and-birth-control-campaigns-respond-to-the-demographic--5184602.htm',
          'https://www.transtutors.com/questions/why-did-greece-have-a-high-budget-deficit-during-financial-crisis--5184601.htm',
          'https://www.transtutors.com/questions/what-a-great-session-on-resource-and-market-structures-we-are-having-now-you-get-the-5184600.htm',
          'https://www.transtutors.com/questions/the-great-financial-crisis-gfc-in-the-united-states-causes-and-policy-responses-goal-5184599.htm',
          'https://www.transtutors.com/questions/gratis-turkey-will-make-business-in-saudi-arabia-which-strategy-is-suitable-1-global-5184598.htm',
          'https://www.transtutors.com/questions/the-graphs-we-just-drew-assume-that-there-is-no-inflation-if-we-include-inflation-as-5184597.htm',
          'https://www.transtutors.com/questions/graphically-show-and-explain-what-would-happen-to-the-equilibrium-consumption-of-two-5184596.htm',
          'https://www.transtutors.com/questions/graphically-illustrate-the-keynesian-transmission-mechanism-which-includes-the-liqui-5184595.htm',
          'https://www.transtutors.com/questions/graphically-illustrate-the-best-response-functions-and-best-response-equilibrium-for-5184594.htm',
          'https://www.transtutors.com/questions/graphically-express-a-total-product-function-and-derive-from-it-the-marginal-product-5184593.htm',
          'https://www.transtutors.com/questions/if-a-graph-of-two-variables-shows-a-downward-sloping-relationship-that-relationship--5184592.htm',
          'https://www.transtutors.com/questions/the-graph-shows-the-relevant-curves-for-a-natural-monopoly-the-two-ac-curves-show-av-5184591.htm',
          'https://www.transtutors.com/questions/on-the-graph-to-the-right-show-the-effect-on-the-equilibrium-price-and-gdp-using-the-5184590.htm',
          'https://www.transtutors.com/questions/on-the-graph-to-the-right-show-the-effect-on-the-equilibrium-price-and-gdp-using-the-5184589.htm',
          'https://www.transtutors.com/questions/on-the-graph-to-the-right-show-the-effect-on-the-equilibrium-price-and-gdp-using-the-5184588.htm',
          'https://www.transtutors.com/questions/on-the-graph-to-the-right-show-the-effect-on-the-equilibrium-price-and-gdp-using-the-5184587.htm',
          'https://www.transtutors.com/questions/the-graph-below-represents-the-market-for-electric-cars-if-a-price-floor-is-set-at-9-5184586.htm',
          'https://www.transtutors.com/questions/in-the-graph-above-a-per-unit-excise-tax-placed-on-glass-bottles-would-increase-allo-5184585.htm',
          'https://www.transtutors.com/questions/in-the-graph-below-at-p-the-firm-is-making-economic-profits-price-avc-mc-ps-afc-quan-5184584.htm',
          'https://www.transtutors.com/questions/this-graph-has-to-do-with-oligopolies-and-a-kinked-demand-curve-i-am-confused-how-to-5184583.htm',
          'https://www.transtutors.com/questions/from-the-graph-below-the-new-equilibrium-level-of-output-and-price-will-be-a-higher--5184582.htm',
          'https://www.transtutors.com/questions/graph-the-following-and-explain-the-graph-pretty-please-a-supply-curve-in-short-run--5184581.htm',
          'https://www.transtutors.com/questions/on-a-graph-with-the-demand-curve-p-41-2q-tell-me-the-profit-maximizing-quantity-the--5184580.htm',
          'https://www.transtutors.com/questions/your-grandma-always-keeps-a-lot-of-cash-at-home-what-is-the-real-rate-of-return-to-h-5184579.htm',
          'https://www.transtutors.com/questions/please-help-with-d-and-e-grace-has-graduated-from-college-and-needs-to-find-a-place--5184578.htm',
          'https://www.transtutors.com/questions/governments-can-stimulate-economic-growth-by-a-increasing-tax-collections-b-increasi-5184577.htm',
          'https://www.transtutors.com/questions/how-can-governments-discourage-or-counter-against-unfair-trade-practices--5184576.htm',
          'https://www.transtutors.com/questions/why-governments-appear-to-want-to-protect-agriculture-from-international-competition-5184575.htm'],
 'project': ['trans'],
 'referring_link': ['https://www.transtutors.com/questions/economics/54/'],
 'spider': ['trans_links']}
2020-02-05 23:29:59 [scrapy.core.engine] DEBUG: Crawled (200) <GET https://www.transtutors.com/questions/economics/56/> (referer: https://www.google.com/) ['cached']
2020-02-05 23:29:59 [scrapy.core.scraper] DEBUG: Scraped from <200 https://www.transtutors.com/questions/economics/55/>
{'category': ['economy'],
 'date': [datetime.datetime(2020, 2, 5, 23, 29, 59, 733359)],
 'link': ['https://www.transtutors.com/questions/the-government-wants-to-provide-breathtaking-views-of-the-coastline-a-public-good-th-5184574.htm',
          'https://www.transtutors.com/questions/government-transfer-payments-i-do-not-exhaust-resources-ii-cover-wages-paid-to-gover-5184573.htm',
          'https://www.transtutors.com/questions/government-support-for-airbus-historically-united-states-companies-such-as-boeing-ww-5184572.htm',
          'https://www.transtutors.com/questions/help-me-with-a-e-plz-a-government-study-has-concluded-that-the-marginal-benefits-fro-5184571.htm',
          'https://www.transtutors.com/questions/why-is-a-government-spending-multiplier-more-effective-than-a-tax-multiplier--5184570.htm',
          'https://www.transtutors.com/questions/if-the-government-purchases-multiplier-is-4-and-a-change-in-government-spending-lead-5184569.htm',
          'https://www.transtutors.com/questions/government-purchases-are-determined-by-the-public-are-determined-by-the-political-pr-5184568.htm',
          'https://www.transtutors.com/questions/a-government-law-about-legal-tender-is-necessary-for-money-to-exist-true-or-false-5184567.htm',
          'https://www.transtutors.com/questions/if-government-increases-taxes-by-the-same-amount-it-increases-government-spending-th-5184566.htm',
          'https://www.transtutors.com/questions/the-government-increases-taxes-by-200-million-given-mpc-0-9-how-much-would-ad-decrea-5184565.htm',
          'https://www.transtutors.com/questions/if-the-government-increases-or-decreases-taxes-it-has-an-indirect-effect-because-t-t-5184564.htm',
          'https://www.transtutors.com/questions/when-the-government-imposes-an-excise-tax-on-foreign-imports-multiple-choice-o-domes-5184563.htm',
          'https://www.transtutors.com/questions/if-the-government-imposed-a-tax-in-the-market-below-who-would-pay-the-tax-out-of-the-5184562.htm',
          'https://www.transtutors.com/questions/government-failures-for-your-main-initial-response-construct-thoughtful-and-detailed-5184561.htm',
          'https://www.transtutors.com/questions/the-government-decides-to-impose-a-per-unit-tax-on-the-bottle-industry-to-help-cover-5184560.htm',
          'https://www.transtutors.com/questions/government-debt-and-budget-deficit-ch-16-compare-the-traditional-view-with-the-ricar-5184559.htm',
          'https://www.transtutors.com/questions/a-government-is-considering-two-alternatives-to-resurface-a-road-asphalt-and-concret-5184558.htm',
          'https://www.transtutors.com/questions/a-government-is-considering-two-alternatives-to-resurface-a-road-asphalt-and-concret-5184557.htm',
          'https://www.transtutors.com/questions/for-each-government-action-indicate-the-type-of-government-activity-and-justificatio-5184556.htm',
          'https://www.transtutors.com/questions/gotham-particulars-is-an-american-company-that-owns-an-asset-in-liverpool-england-wh-5184555.htm',
          'https://www.transtutors.com/questions/gotham-bridge-and-tunnel-authority-practices-peak-load-pricing-during-peak-hours-whe-5184554.htm',
          'https://www.transtutors.com/questions/gotham-bridge-and-tunnel-authority-practices-peak-load-pricing-during-peak-hours-whe-5184553.htm',
          'https://www.transtutors.com/questions/gorton-describes-the-events-starting-in-august-2007-and-leading-to-the-financial-cri-5184552.htm',
          'https://www.transtutors.com/questions/of-goods-manufactured-prime-and-conversion-costs-lo-4-galactica-ltd-39-s-cost-of-goo-5184551.htm',
          'https://www.transtutors.com/questions/a-good-39-s-demand-curve-is-qd-25-p-and-its-supply-curve-is-qs-10-2p-a-when-p-20-wha-5184550.htm',
          'https://www.transtutors.com/questions/a-good-example-of-perfect-price-discrimination-is-select-one-a-selling-concert-ticke-5184549.htm',
          'https://www.transtutors.com/questions/suppose-the-apple-market-is-competitive-go-tools-window-help-view-mk4002-bus-econ-20-5184548.htm',
          'https://www.transtutors.com/questions/go-to-the-netcraft-website-and-obtain-current-information-about-the-market-share-for-5184547.htm',
          'https://www.transtutors.com/questions/gnment-3-f19-remaining-time-15-49-35-indicate-the-market-structure-monopolistic-comp-5184546.htm',
          'https://www.transtutors.com/questions/off-gn-layout-references-mailings-review-view-help-foxit-reader-pdf-w-rom-12-a-a-aa--5184545.htm',
          'https://www.transtutors.com/questions/glomar-explorer-spends-5-of-its-sales-revenues-on-advertising-suppose-that-glomar-s--5184544.htm',
          'https://www.transtutors.com/questions/the-global-market-substitutes-market-is-growing-rapidly-mainly-due-to-rising-consume-5184543.htm',
          'https://www.transtutors.com/questions/giving-a-series-of-ten-end-of-year-expenses-of-5-000-decreasing-by-150-cach-year-has-5184542.htm',
          'https://www.transtutors.com/questions/given-w-ay-3-and-y-bx-3-cx-find-d-w-d-x-by-the-chain-rule--5184541.htm',
          'https://www.transtutors.com/questions/given-the-total-cost-for-a-firm-is-tc-2070-20q-0-8q-2-0-05q-3-where-q-is-output-in-t-5184540.htm',
          'https://www.transtutors.com/questions/given-that-the-reserve-requirement-is-0-25-what-is-the-money-multiplier-question-6-1-5184539.htm',
          'https://www.transtutors.com/questions/given-q-55650-8p-12y-where-q-quantity-demand-p-price-of-the-product-y-consumer-39-s--5184538.htm',
          'https://www.transtutors.com/questions/given-the-production-function-q-k-0-5-l-0-5-a-if-price-of-k-1-and-price-of-l-2-what--5184537.htm',
          'https://www.transtutors.com/questions/if-you-are-not-given-the-par-value-of-the-bond-then-assume-it-to-be-1000-question-2--5184536.htm',
          'https://www.transtutors.com/questions/given-option-a-b-first-cost-72-000-75-000-annual-operating-cost-4-000-8-000-annual-r-5184535.htm',
          'https://www.transtutors.com/questions/given-the-matrix-below-player-b-200-for-a-50-for-b-150-for-a-300-for-b-100-for-a-75--5184534.htm',
          'https://www.transtutors.com/questions/given-the-interindustry-transaction-demand-table-below-a-find-the-matrix-of-technica-5184533.htm',
          'https://www.transtutors.com/questions/from-the-given-information-draw-the-demand-curve-mr-mc-and-atc-curve-and-figure-out--5184532.htm',
          'https://www.transtutors.com/questions/given-the-high-cost-of-tickets-to-a-major-league-baseball-game-come-up-with-a-convin-5184531.htm',
          'https://www.transtutors.com/questions/given-the-following-y-200-c-100-0-8yd-investment-40-government-exp-20-taxes-10-a-is--5184530.htm',
          'https://www.transtutors.com/questions/given-the-following-table-that-shows-a-hypothetical-market-answer-questions-from-4-t-5184529.htm',
          'https://www.transtutors.com/questions/given-the-following-regression-y-163-91x-47d-24xd-where-y-federal-taxes-usd-x-person-5184528.htm',
          'https://www.transtutors.com/questions/given-the-following-information-for-a-monopolistic-competitor-demand-p-78-5-q-margin-5184527.htm',
          'https://www.transtutors.com/questions/you-are-given-the-following-information-about-the-economy-year-u-v-2000-0-05-1960-20-5184526.htm',
          'https://www.transtutors.com/questions/given-the-following-graph-next-page-for-a-monopoly-answer-questions-from-23-to-29-23-5184525.htm'],
 'project': ['trans'],
 'referring_link': ['https://www.transtutors.com/questions/economics/55/'],
 'spider': ['trans_links']}
2020-02-05 23:29:59 [scrapy.core.engine] DEBUG: Crawled (200) <GET https://www.transtutors.com/questions/economics/57/> (referer: https://www.google.com/) ['cached']
2020-02-05 23:29:59 [scrapy.core.scraper] DEBUG: Scraped from <200 https://www.transtutors.com/questions/economics/56/>
{'category': ['economy'],
 'date': [datetime.datetime(2020, 2, 5, 23, 29, 59, 909775)],
 'link': ['https://www.transtutors.com/questions/given-esthons-what-is-te-prie-elastuty-of-dennd-iwhe-hve-price-decicesse-com-1o-tos2-5184524.htm',
          'https://www.transtutors.com/questions/given-the-equations-and-the-graph-below-what-is-the-optimal-per-unit-tax-on-this-goo-5184523.htm',
          'https://www.transtutors.com/questions/given-the-equations-for-c-i-g-and-nx-below-c-1-000-0-75-y-t-i-1-500-g-1-500-nx-0-t--5184522.htm',
          'https://www.transtutors.com/questions/given-the-equations-for-c-i-g-and-nx-below-c-1-000-0-75-y-t-i-1-500-g-1-500-nx--5184521.htm',
          'https://www.transtutors.com/questions/given-the-equation-y-yt-1-ut-i-a-reiterate-this-equation-from-t-until-t-3-b-what-can-5184520.htm',
          'https://www.transtutors.com/questions/given-below-is-the-description-of-the-classic-interaction-model-as-formulated-by-pau-5184519.htm',
          'https://www.transtutors.com/questions/given-the-data-for-a-firm-operating-in-perfect-competition-provided-in-the-table-bel-5184518.htm',
          'https://www.transtutors.com/questions/a-given-country-promises-its-citizens-that-it-will-keep-inflation-at-3-if-inflation--5184517.htm',
          'https://www.transtutors.com/questions/given-the-below-cashflows-determine-the-external-rate-of-return-using-the-modified-i-5184516.htm',
          'https://www.transtutors.com/questions/given-the-cash-flows-calculate-the-unknown-value-i-10-uniform-series-compound-intere-5184515.htm',
          'https://www.transtutors.com/questions/given-the-case-of-a-competitive-market-process-dominated-by-few-firms-assume-that-a--5184514.htm',
          'https://www.transtutors.com/questions/given-2-firms-faced-in-a-bertrand-oligopoly-with-demand-curves-as-follows-for-firm-a-5184513.htm',
          'https://www.transtutors.com/questions/give-two-examples-of-how-insights-from-behavioral-economics-can-help-firms-and-manag-5184512.htm',
          'https://www.transtutors.com/questions/give-one-example-for-quot-adverse-selection-quot-describe-the-following-i-who-are-in-5184509.htm',
          'https://www.transtutors.com/questions/give-one-article-of-foreign-reserves-being-affected-by-a-change-in-a-country-39-s-ex-5184508.htm',
          'https://www.transtutors.com/questions/give-one-article-of-foreign-reserves-being-affected-by-a-change-in-a-country-39-s-ex-5184507.htm',
          'https://www.transtutors.com/questions/give-one-article-of-foreign-exchange-reserves-being-affected-by-the-country-39-s-tra-5184506.htm',
          'https://www.transtutors.com/questions/give-one-article-of-how-foreign-exchange-reserves-are-affected-by-a-country-that-mai-5184505.htm',
          'https://www.transtutors.com/questions/give-one-article-of-how-foreign-exchange-reserves-are-affected-by-a-country-that-mai-5184504.htm',
          'https://www.transtutors.com/questions/give-an-explanation-of-why-employers-are-willing-to-pay-workers-more-than-they-have--5184503.htm',
          'https://www.transtutors.com/questions/give-an-example-of-hawks-and-doves-games-and-other-example-of-matching-game-in-doing-5184502.htm',
          'https://www.transtutors.com/questions/give-a-detailed-critique-of-the-classical-versus-keynesian-view-of-the-macro-economy-5184501.htm',
          'https://www.transtutors.com/questions/getting-started-open-the-file-sc-ppt16-2a-firstlastname-1-pptx-available-for-downloa-5184500.htm',
          'https://www.transtutors.com/questions/how-can-i-get-a-loan-for-a-house-or-what-are-they-going-to-look-at-me-besdies-my-cre-5184499.htm',
          'https://www.transtutors.com/questions/how-do-we-get-a-full-interest-rate-mode-by-use-of-the-chaos-models-there-might-be-mo-5184498.htm',
          'https://www.transtutors.com/questions/get-the-following-quarterly-series-from-the-st-louis-federal-reserve-bank-fred-datab-5184497.htm',
          'https://www.transtutors.com/questions/george-has-a-monopoly-on-burrito-sales-in-a-small-town-in-kansas-the-burritos-cost-h-5184496.htm',
          'https://www.transtutors.com/questions/if-the-general-public-decide-to-keep-a-greater-proportion-of-their-savings-in-their--5184495.htm',
          'https://www.transtutors.com/questions/a-general-equilibrium-framework-of-singapore-can-be-represented-by-the-following-equ-5184494.htm',
          'https://www.transtutors.com/questions/general-equibilirum-theory-micro-question-hi-i-need-to-help-with-only-from-part-b-b--5184493.htm',
          'https://www.transtutors.com/questions/the-general-agreement-on-tariffs-and-trade-gatt-is-an-international-agreement-to-est-5184492.htm',
          'https://www.transtutors.com/questions/is-gdp-really-a-good-way-to-measure-how-well-we-are-doing-as-a-country-yes-or-no-and-5184491.htm',
          'https://www.transtutors.com/questions/if-the-gdp-deflator-is-120-and-real-gdp-is-300-then-nominal-gdp-is-a-360-b-250-c-2-5-5184490.htm',
          'https://www.transtutors.com/questions/a-gastate-view-usg-edu-lexam-econ-2105-kebron-molla-attempt-1-2-30-00-time-left-2-27-5184489.htm',
          'https://www.transtutors.com/questions/in-game-theory-a-repeated-game-is-one-multiple-choice-0-o-that-recurs-more-than-once-5184488.htm',
          'https://www.transtutors.com/questions/what-is-the-game-theory-in-economics-and-how-do-you-explain-it-on-time-warner-compan-5184487.htm',
          'https://www.transtutors.com/questions/gaeu-engeee-teomi-aeng-oeeston-3s-macka-tee-eleaves-have-boem-posed-re-a-govemmeat-p-5184486.htm',
          'https://www.transtutors.com/questions/g-wjective-type-oil-given-the-following-data-2005-ver-commodities-price-5-antity-pri-5184485.htm',
          'https://www.transtutors.com/questions/show-yuor-work-g-n17-5-seints-se-in-an-economy-the-government-wants-to-decrease-aggr-5184484.htm',
          'https://www.transtutors.com/questions/g-in-developing-his-macroeconomi-x-universal-portal-login-x-quiz-quiz-ch-32-a-brief--5184483.htm',
          'https://www.transtutors.com/questions/a-fund-established-to-produce-a-desired-amount-of-money-at-the-end-ofa-given-time-pe-5184482.htm',
          'https://www.transtutors.com/questions/full-time-end-of-module-assessment-2019-20-semester-mau-cadetick-resme-core-codelear-5184481.htm',
          'https://www.transtutors.com/questions/consumers-behaviour-full-time-end-of-module-assessment-2019-20-semester-1-module-cod-5184480.htm',
          'https://www.transtutors.com/questions/full-time-end-of-module-assessment-2019-20-semester-1-module-code-tick-bus-300-econo-5184479.htm',
          'https://www.transtutors.com/questions/full-time-end-of-module-ass-2019-20-semester-1-module-codetitle-bus-3063-economics-c-5184478.htm',
          'https://www.transtutors.com/questions/full-time-end-of-module-a-2019-20-semester-med-code-tbus-e-es-care-cadea-u-run-bu-ba-5184477.htm',
          'https://www.transtutors.com/questions/full-time-end-of-module-a-2019-20-semester-med-code-tbus-e-es-care-cadea-u-run-bu-ba-5184476.htm',
          'https://www.transtutors.com/questions/if-the-full-employment-rate-of-unemployment-is-5-and-the-economy-is-experiencing-a-7-5184475.htm',
          'https://www.transtutors.com/questions/fruits-of-the-forest-ff-sells-cranberry-juice-in-a-competitive-market-because-weathe-5184474.htm',
          'https://www.transtutors.com/questions/frontier-manufacturing-is-considering-a-four-year-project-to-improve-its-production--5184473.htm'],
 'project': ['trans'],
 'referring_link': ['https://www.transtutors.com/questions/economics/56/'],
 'spider': ['trans_links']}
2020-02-05 23:30:00 [scrapy.core.engine] DEBUG: Crawled (200) <GET https://www.transtutors.com/questions/economics/58/> (referer: https://www.google.com/) ['cached']
2020-02-05 23:30:00 [scrapy.core.scraper] DEBUG: Scraped from <200 https://www.transtutors.com/questions/economics/57/>
{'category': ['economy'],
 'date': [datetime.datetime(2020, 2, 5, 23, 30, 0, 68714)],
 'link': ['https://www.transtutors.com/questions/fris-i-choose-the-letter-of-the-correct-answer-write-your-answer-on-the-line-before--5184472.htm',
          'https://www.transtutors.com/questions/if-a-friend-tells-you-that-he-is-certain-a-stock-price-will-rise-based-on-informatio-5184471.htm',
          'https://www.transtutors.com/questions/your-friend-owns-a-two-story-office-building-in-the-downtown-section-of-a-large-city-5184470.htm',
          'https://www.transtutors.com/questions/your-friend-has-a-food-truck-business-and-has-asked-your-advice-on-using-social-medi-5184469.htm',
          'https://www.transtutors.com/questions/french-car-maker-renault-signed-a-75-million-contract-with-abb-of-zurich-switzerland-5184468.htm',
          'https://www.transtutors.com/questions/quot-is-having-a-free-political-system-democracy-a-neccessary-condition-to-operatin-5184467.htm',
          'https://www.transtutors.com/questions/fred-mediate-ates-less-than-24-hours-central-bank-males-for-japan-tocome-prices-for--5184466.htm',
          'https://www.transtutors.com/questions/fred-mediate-ates-less-than-24-hours-central-bank-males-for-japan-tocome-prices-for--5184465.htm',
          'https://www.transtutors.com/questions/fred-mediate-ates-less-than-24-hours-central-bank-males-for-japan-tocome-prices-for--5184464.htm',
          'https://www.transtutors.com/questions/fred-mediate-ates-less-than-24-hours-central-bank-males-for-japan-tocome-prices-for--5184463.htm',
          'https://www.transtutors.com/questions/fred-mediate-ates-less-than-24-hours-central-bank-males-for-japan-tocome-prices-for--5184462.htm',
          'https://www.transtutors.com/questions/fred-mediate-ates-less-than-24-hours-central-bank-males-for-japan-tocome-prices-for--5184461.htm',
          'https://www.transtutors.com/questions/frank-became-angry-because-his-brand-new-25000-car-broke-down-on-the-highway-leaving-5184460.htm',
          'https://www.transtutors.com/questions/frank-ackerman-real-world-micro-11-7-makes-four-arguments-for-aggressive-action-to-s-5184459.htm',
          'https://www.transtutors.com/questions/a-four-year-old-truck-has-a-present-net-realizable-value-of-6-500-and-is-now-expecte-5184458.htm',
          'https://www.transtutors.com/questions/the-four-types-of-market-structure-are-airlines-shoe-manufacturing-auto-manufacturin-5184457.htm',
          'https://www.transtutors.com/questions/how-has-the-four-seasons-hotels-operationalized-a-transnational-strategy-in-order-to-5184456.htm',
          'https://www.transtutors.com/questions/there-are-four-questions-of-equal-value-and-using-a-topic-of-filmed-entertainment-in-5184455.htm',
          'https://www.transtutors.com/questions/what-are-four-factors-that-can-cause-a-demand-curve-to-shit-left-explain-the-answers-5184454.htm',
          'https://www.transtutors.com/questions/what-are-the-four-causes-of-unemployment-what-factors-are-contributing-to-canada-39--5184453.htm',
          'https://www.transtutors.com/questions/can-someone-do-this-for-me-i-am-lost-formulas-ndp-ibt-ni-ni-the-following-pi-incomes-5184452.htm',
          'https://www.transtutors.com/questions/what-is-the-form-of-state-fixed-effects-regression-and-time-fixed-effects-regression-5184451.htm',
          'https://www.transtutors.com/questions/foreign-monopoly-suppose-we-have-a-foreign-monopolist-selling-domestically-demand-p--5184450.htm',
          'https://www.transtutors.com/questions/a-foreign-investor-wanting-to-set-up-a-subsidiary-should-expect-host-country-negotia-5184449.htm',
          'https://www.transtutors.com/questions/solve-step-by-step-forecasting-trend-problem-a-company-uses-exponential-smooth-ing-w-5184448.htm',
          'https://www.transtutors.com/questions/ford-motors-company-can-be-characterized-as-a-a-perfect-competitor-a-monopolist-a-mo-5184447.htm',
          'https://www.transtutors.com/questions/please-answer-all-if-you-can-ford-motors-company-can-be-characterized-as-a-a-perfect-5184446.htm',
          'https://www.transtutors.com/questions/gt-gt-gt-moving-to-another-question-wil-quot-aria-describedby-quot-d17-quot-style-q-5184445.htm',
          'https://www.transtutors.com/questions/moving-to-another-question-will-save-this-response-question-7-1-according-to-george--5184444.htm',
          'https://www.transtutors.com/questions/it-has-a-five-questions-font-paragraph-1-jimagine-a-situation-in-which-there-is-a-de-5184443.htm',
          'https://www.transtutors.com/questions/which-of-the-following-would-reduce-the-velocity-of-money-i-e-the-money-multiplier-l-5184442.htm',
          'https://www.transtutors.com/questions/each-of-the-following-would-be-a-period-cost-except-maintenance-costs-for-machines-u-5184441.htm',
          'https://www.transtutors.com/questions/which-of-the-following-would-increase-the-value-of-the-money-multiplier-an-open-mark-5184440.htm',
          'https://www.transtutors.com/questions/which-of-the-following-would-increase-the-level-of-planned-real-investment-an-increa-5184439.htm',
          'https://www.transtutors.com/questions/which-of-the-following-would-not-be-considered-price-discrimination-a-charging-more--5184438.htm',
          'https://www.transtutors.com/questions/which-of-the-following-would-cause-the-price-level-to-rise-and-output-to-fall-in-the-5184437.htm',
          'https://www.transtutors.com/questions/in-each-of-the-following-unrelated-situations-i-state-whether-it-is-true-that-the-fr-5184436.htm',
          'https://www.transtutors.com/questions/the-following-two-schedules-show-the-amounts-of-additional-satisfaction-marginal-uti-5184435.htm',
          'https://www.transtutors.com/questions/which-of-the-following-is-true-about-two-points-on-a-single-indifference-curve-a-we--5184434.htm',
          'https://www.transtutors.com/questions/which-of-the-following-is-a-true-statement-the-c-1-g-x-curve-has-no-relationship-to--5184433.htm',
          'https://www.transtutors.com/questions/which-of-the-following-is-a-true-statement-a-international-data-leave-few-doubts-tha-5184432.htm',
          'https://www.transtutors.com/questions/which-of-the-following-is-true-regarding-monetary-policy-a-monetary-policy-can-influ-5184431.htm',
          'https://www.transtutors.com/questions/which-of-the-following-is-true-in-both-a-monopoly-market-and-a-perfectly-competitive-5184430.htm',
          'https://www.transtutors.com/questions/which-of-the-following-is-true-about-the-concept-of-concentration-the-higher-the-deg-5184429.htm',
          'https://www.transtutors.com/questions/which-of-the-following-is-true-of-the-behavior-of-unemployment-in-the-1970s-a-much-o-5184428.htm',
          'https://www.transtutors.com/questions/the-following-table-shows-the-revenue-and-costs-of-a-monopoly-total-marginal-output--5184427.htm',
          'https://www.transtutors.com/questions/the-following-table-shows-the-demand-schedule-for-a-popular-brand-of-running-shoes-r-5184426.htm',
          'https://www.transtutors.com/questions/which-of-the-following-support-the-idea-that-monetary-policy-should-be-made-by-a-rul-5184425.htm',
          'https://www.transtutors.com/questions/please-help-which-of-the-following-substitutes-was-not-presented-as-an-alternative-m-5184424.htm',
          'https://www.transtutors.com/questions/which-of-the-following-is-not-a-strategic-disadvantage-of-vertical-integration-multi-5184423.htm'],
 'project': ['trans'],
 'referring_link': ['https://www.transtutors.com/questions/economics/57/'],
 'spider': ['trans_links']}
2020-02-05 23:30:00 [scrapy.core.engine] DEBUG: Crawled (200) <GET https://www.transtutors.com/questions/economics/59/> (referer: https://www.google.com/) ['cached']
2020-02-05 23:30:00 [scrapy.core.scraper] DEBUG: Scraped from <200 https://www.transtutors.com/questions/economics/58/>
{'category': ['economy'],
 'date': [datetime.datetime(2020, 2, 5, 23, 30, 0, 246316)],
 'link': ['https://www.transtutors.com/questions/which-of-the-following-statements-is-true-o-a-the-fod-is-a-completely-independent-ag-5184422.htm',
          'https://www.transtutors.com/questions/which-of-the-following-statements-is-true-a-globalization-improves-labor-conditions--5184421.htm',
          'https://www.transtutors.com/questions/which-of-the-following-statements-is-true-i-inflation-imposes-a-cost-on-society-by-d-5184420.htm',
          'https://www.transtutors.com/questions/which-of-the-following-statements-represents-a-correct-and-sequentially-accurate-eco-5184419.htm',
          'https://www.transtutors.com/questions/which-of-the-following-statements-regarding-default-risk-is-true-in-a-bankruptcy-pro-5184418.htm',
          'https://www.transtutors.com/questions/for-each-of-the-following-statements-please-state-whether-it-is-true-or-false-and-gi-5184417.htm',
          'https://www.transtutors.com/questions/which-of-the-following-statements-about-a-perfectly-competitive-market-is-incorrect--5184416.htm',
          'https://www.transtutors.com/questions/which-of-the-following-statements-is-normative-a-medicare-should-be-expanded-so-that-5184415.htm',
          'https://www.transtutors.com/questions/which-of-the-following-statements-is-false-o-a-an-open-market-sale-decreases-the-mon-5184414.htm',
          'https://www.transtutors.com/questions/which-of-the-following-statements-is-false-in-a-closed-economy-the-real-interest-rat-5184413.htm',
          'https://www.transtutors.com/questions/which-of-the-following-statements-is-false-a-when-the-marginal-product-of-labor-is-i-5184412.htm',
          'https://www.transtutors.com/questions/which-of-the-following-statements-are-examples-of-activities-that-generate-an-extern-5184411.htm',
          'https://www.transtutors.com/questions/which-of-the-following-statements-describing-international-trade-agreements-is-true--5184410.htm',
          'https://www.transtutors.com/questions/which-of-the-following-statements-is-most-consistent-with-the-quot-rational-actor-pa-5184409.htm',
          'https://www.transtutors.com/questions/which-of-the-following-statements-is-consistent-with-the-quantity-theory-of-money-a--5184408.htm',
          'https://www.transtutors.com/questions/which-of-the-following-statements-best-explains-why-the-perfectly-competitive-firm-s-5184407.htm',
          'https://www.transtutors.com/questions/the-following-sizes-1-2-and-3-find-the-long-run-average-cost-schedule-and-show-the-r-5184406.htm',
          'https://www.transtutors.com/questions/the-following-shows-the-demands-and-marginal-revenue-in-two-markets-d1-and-mr1-and-d-5184405.htm',
          'https://www.transtutors.com/questions/which-of-the-following-scenarios-are-typically-subject-to-market-failure-select-all--5184404.htm',
          'https://www.transtutors.com/questions/which-of-the-following-scenarios-best-illustrates-the-law-of-demand-select-one-a-man-5184403.htm',
          'https://www.transtutors.com/questions/the-following-are-all-reasons-why-an-entrepreneur-small-business-should-consider-exp-5184402.htm',
          'https://www.transtutors.com/questions/which-of-the-following-is-the-most-reasonable-argument-for-reducing-the-authority-of-5184401.htm',
          'https://www.transtutors.com/questions/which-of-the-following-is-not-a-reason-that-healthcare-marketing-is-different-from-o-5184400.htm',
          'https://www.transtutors.com/questions/the-following-questions-refer-to-the-planet-money-podcast-kid-rock-vs-the-scalpers-a-5184399.htm',
          'https://www.transtutors.com/questions/the-following-questions-refer-to-the-planet-money-podcast-kid-rock-vs-the-scalpers-h-5184398.htm',
          'https://www.transtutors.com/questions/the-following-questions-refer-to-the-planet-money-podcast-kid-rock-vs-the-scalpers-h-5184397.htm',
          'https://www.transtutors.com/questions/which-of-the-following-products-has-the-highest-income-effect-select-one-a-hulu-stre-5184396.htm',
          'https://www.transtutors.com/questions/which-of-the-following-procedures-will-vield-the-same-estimate-of-as-in-the-multiple-5184395.htm',
          'https://www.transtutors.com/questions/for-the-following-problem-nd-the-msne-for-the-game-be-sure-to-specify-the-probabilit-5184394.htm',
          'https://www.transtutors.com/questions/which-of-the-following-price-ceilings-would-result-in-the-greatest-loss-of-consumer--5184393.htm',
          'https://www.transtutors.com/questions/of-the-following-persons-who-would-not-be-considered-unemployed-an-auto-worker-vacat-5184392.htm',
          'https://www.transtutors.com/questions/which-of-the-following-must-every-society-decide-what-to-produce-why-produce-where-t-5184391.htm',
          'https://www.transtutors.com/questions/the-following-must-appear-on-the-front-of-the-exam-book-1-na-3-version-letter-4-my9--5184390.htm',
          'https://www.transtutors.com/questions/which-of-the-following-might-cause-the-following-change-in-supply-of-bow-ties-to-occ-5184389.htm',
          'https://www.transtutors.com/questions/which-of-the-following-is-not-a-measure-of-productivity-circle-the-right-answer-a-to-5184388.htm',
          'https://www.transtutors.com/questions/which-of-the-following-is-the-most-liquid-asset-o-a-a-car-ob-a-renoir-painting-o-c-m-5184387.htm',
          'https://www.transtutors.com/questions/which-of-the-following-is-most-likely-to-be-sold-in-a-monopolistic-market-a-cell-pho-5184386.htm',
          'https://www.transtutors.com/questions/which-of-the-following-will-most-likely-cause-an-increase-in-private-saving-question-5184385.htm',
          'https://www.transtutors.com/questions/which-of-the-following-is-not-a-legislative-body-of-the-people-s-republic-of-china-n-5184384.htm',
          'https://www.transtutors.com/questions/which-of-the-following-are-justifications-for-running-a-budget-deficit-stabilizing-t-5184383.htm',
          'https://www.transtutors.com/questions/for-the-following-items-follow-the-directions-write-the-correct-answer-in-the-blank--5184382.htm',
          'https://www.transtutors.com/questions/which-of-the-following-were-institutions-that-allowed-the-average-british-worker-to--5184381.htm',
          'https://www.transtutors.com/questions/which-of-the-following-were-institutions-that-allowed-the-average-british-worker-to--5184380.htm',
          'https://www.transtutors.com/questions/which-of-the-following-does-not-influence-the-price-elasticity-of-demand-a-the-amoun-5184379.htm',
          'https://www.transtutors.com/questions/which-of-the-following-is-not-included-in-the-m1-money-stock-a-small-time-deposits-b-5184378.htm',
          'https://www.transtutors.com/questions/which-of-the-following-is-not-included-in-the-civilian-non-institutional-population--5184377.htm',
          'https://www.transtutors.com/questions/which-of-the-following-implies-that-an-increase-in-the-money-supply-growth-rate-perm-5184376.htm',
          'https://www.transtutors.com/questions/the-following-graphs-depict-the-market-for-pencils-for-the-following-scenario-state--5184375.htm',
          'https://www.transtutors.com/questions/the-following-graph-shows-the-money-market-in-a-hypothetical-economy-the-central-ban-5184374.htm',
          'https://www.transtutors.com/questions/the-following-graph-shows-the-market-for-laptops-in-2007-between-2007-and-2008-the-e-5184373.htm'],
 'project': ['trans'],
 'referring_link': ['https://www.transtutors.com/questions/economics/58/'],
 'spider': ['trans_links']}
2020-02-05 23:30:00 [scrapy.core.engine] DEBUG: Crawled (200) <GET https://www.transtutors.com/questions/economics/60/> (referer: https://www.google.com/) ['cached']
2020-02-05 23:30:00 [scrapy.core.scraper] DEBUG: Scraped from <200 https://www.transtutors.com/questions/economics/59/>
{'category': ['economy'],
 'date': [datetime.datetime(2020, 2, 5, 23, 30, 0, 410527)],
 'link': ['https://www.transtutors.com/questions/the-following-graph-shows-the-labor-market-in-the-fast-food-industry-in-the-fictiona-5184372.htm',
          'https://www.transtutors.com/questions/the-following-graph-shows-the-current-short-run-phillips-curve-for-a-hypothetical-ec-5184371.htm',
          'https://www.transtutors.com/questions/the-following-graph-shows-cost-curves-for-a-perfectly-competitive-firm-what-are-the--5184370.htm',
          'https://www.transtutors.com/questions/the-following-graph-shows-aggregate-demand-and-short-run-aggregate-supply-price-leve-5184369.htm',
          'https://www.transtutors.com/questions/the-following-graph-shows-aggregate-demand-and-short-run-aggregate-supply-10-lras-1--5184368.htm',
          'https://www.transtutors.com/questions/the-following-graph-represents-supply-and-demand-in-the-market-for-tanning-sessions--5184367.htm',
          'https://www.transtutors.com/questions/which-of-the-following-goods-has-the-largest-income-effect-select-one-o-a-a-silver-n-5184366.htm',
          'https://www.transtutors.com/questions/which-of-the-following-goods-has-the-most-inelastic-demand-in-the-short-run-sushi-aa-5184365.htm',
          'https://www.transtutors.com/questions/which-of-the-following-were-goals-of-the-affordable-care-act-of-2010-instructions-in-5184364.htm',
          'https://www.transtutors.com/questions/which-of-the-following-were-goals-of-the-affordable-care-act-of-2010-instructions-in-5184363.htm',
          'https://www.transtutors.com/questions/how-do-you-get-this-into-the-normal-form-the-following-game-between-batman-and-joker-5184362.htm',
          'https://www.transtutors.com/questions/please-show-work-the-following-function-is-positive-and-negative-on-t-given-interval-5184361.htm',
          'https://www.transtutors.com/questions/which-of-the-following-has-four-eight-and-one-nine-answer-wisely-a-88889-b-4819-c-88-5184360.htm',
          'https://www.transtutors.com/questions/the-following-five-alternatives-that-are-evaluated-by-the-rate-of-return-method-if-t-5184359.htm',
          'https://www.transtutors.com/questions/the-following-figure-shows-the-average-cost-curve-demand-curve-and-marginal-revenue--5184358.htm',
          'https://www.transtutors.com/questions/which-of-the-following-is-not-a-feature-of-the-market-structure-known-as-perfect-com-5184357.htm',
          'https://www.transtutors.com/questions/which-of-the-following-is-false-1-the-marginal-cost-of-output-is-the-change-in-total-5184356.htm',
          'https://www.transtutors.com/questions/which-of-the-following-is-not-an-example-of-a-monopolistically-competitive-firm-o-a--5184355.htm',
          'https://www.transtutors.com/questions/which-of-the-following-is-an-example-of-entrepreneurship-a-sam-walton-created-the-mu-5184354.htm',
          'https://www.transtutors.com/questions/which-of-the-following-events-would-result-in-a-lower-price-in-the-market-for-bicycl-5184353.htm',
          'https://www.transtutors.com/questions/which-of-the-following-events-would-cause-an-increase-in-short-run-aggregate-supply--5184352.htm',
          'https://www.transtutors.com/questions/which-of-the-following-events-will-not-shift-the-production-possibilities-for-the-us-5184351.htm',
          'https://www.transtutors.com/questions/how-do-each-of-the-following-effect-the-macroeconomic-analysis-of-supplier-in-the-ag-5184350.htm',
          'https://www.transtutors.com/questions/how-do-each-of-the-following-effect-the-macroeconomic-analysis-of-customers-in-the-a-5184349.htm',
          'https://www.transtutors.com/questions/you-have-the-following-economic-model-y-1-2-x-3-x-2-if-2-is-positive-and-3-is-negati-5184348.htm',
          'https://www.transtutors.com/questions/for-each-of-the-following-draw-a-supply-demand-graph-for-the-currency-market-in-ques-5184347.htm',
          'https://www.transtutors.com/questions/for-each-of-the-following-draw-a-supply-demand-graph-for-the-currency-market-in-ques-5184346.htm',
          'https://www.transtutors.com/questions/in-the-following-diagram-the-amount-of-consumer-surplus-in-this-unregulated-monopoly-5184345.htm',
          'https://www.transtutors.com/questions/which-of-the-following-describes-a-part-of-the-transmission-mechanism-pf-monetary-po-5184344.htm',
          'https://www.transtutors.com/questions/which-of-the-following-courses-may-the-tennessee-real-estate-commission-approve-for--5184343.htm',
          'https://www.transtutors.com/questions/which-of-the-following-could-not-be-considered-price-discrimination-group-of-answer--5184342.htm',
          'https://www.transtutors.com/questions/following-cost-structure-belongs-to-a-room-company-indicate-what-the-cur-chat-is-the-5184341.htm',
          'https://www.transtutors.com/questions/which-of-the-following-is-correct-well-designed-tax-cuts-can-increase-investment-whi-5184340.htm',
          'https://www.transtutors.com/questions/which-of-the-following-is-a-correct-statement-describing-the-current-account-is-alwa-5184339.htm',
          'https://www.transtutors.com/questions/which-of-the-following-is-correct-with-regard-to-business-process-management-questio-5184338.htm',
          'https://www.transtutors.com/questions/under-which-of-the-following-conditions-will-your-demand-tend-to-be-more-elastic-cho-5184337.htm',
          'https://www.transtutors.com/questions/of-the-following-choices-which-one-is-from-the-last-stage-of-evolution-in-the-intern-5184336.htm',
          'https://www.transtutors.com/questions/which-of-the-following-is-not-a-characteristic-of-a-monopoly-o-a-there-is-only-one-s-5184335.htm',
          'https://www.transtutors.com/questions/which-of-the-following-is-a-characteristic-of-a-monopolistically-competitive-market--5184334.htm',
          'https://www.transtutors.com/questions/which-of-the-following-will-not-cause-a-shift-of-the-is-curve-a-a-change-in-business-5184333.htm',
          'https://www.transtutors.com/questions/which-of-the-following-is-capital-the-barn-a-farmer-uses-to-hold-the-chickens-he-fee-5184332.htm',
          'https://www.transtutors.com/questions/which-of-the-following-best-illustrates-the-tenant-that-people-make-decisions-on-the-5184331.htm',
          'https://www.transtutors.com/questions/which-of-the-following-best-describes-the-j-curve-o-a-a-depreciation-in-the-value-of-5184330.htm',
          'https://www.transtutors.com/questions/i-39-ve-been-struggling-with-this-question-any-help-will-be-appreciated-thanks-in-ad-5184329.htm',
          'https://www.transtutors.com/questions/which-of-the-following-also-occurs-as-the-production-possibilities-curve-shifts-outw-5184328.htm',
          'https://www.transtutors.com/questions/which-is-of-the-following-ads-would-be-correct-for-an-affiliate-broker-who-is-sellin-5184327.htm',
          'https://www.transtutors.com/questions/in-each-of-the-following-10-questions-show-what-happens-to-the-demand-supply-equilib-5184326.htm',
          'https://www.transtutors.com/questions/if-you-are-focusing-on-the-value-of-output-per-hour-worked-you-are-considering-a-sum-5184325.htm',
          'https://www.transtutors.com/questions/the-fllowing-dte-r-the-umber-ed-h-ives-sold-per-day-at-a-local-computer-shop-anc-prc-5184324.htm',
          'https://www.transtutors.com/questions/flickernet-has-estimated-that-the-demand-equation-of-a-typical-subscriber-is-p-12-20-5184323.htm'],
 'project': ['trans'],
 'referring_link': ['https://www.transtutors.com/questions/economics/59/'],
 'spider': ['trans_links']}
2020-02-05 23:30:00 [scrapy.core.engine] DEBUG: Crawled (200) <GET https://www.transtutors.com/questions/economics/61/> (referer: https://www.google.com/) ['cached']
2020-02-05 23:30:00 [scrapy.core.scraper] DEBUG: Scraped from <200 https://www.transtutors.com/questions/economics/60/>
{'category': ['economy'],
 'date': [datetime.datetime(2020, 2, 5, 23, 30, 0, 562710)],
 'link': ['https://www.transtutors.com/questions/this-fle-claims-complance-with-the-pde-a-standard-and-has-been-opened-read-only-to-p-5184322.htm',
          'https://www.transtutors.com/questions/fixed-variable-cost-total-quantity-cost-cost-20-500-500-300-382-800-882-21-based-on--5184321.htm',
          'https://www.transtutors.com/questions/five-years-ago-a-company-made-a-5-million-investment-in-a-new-high-temperature-mater-5184320.htm',
          'https://www.transtutors.com/questions/five-years-ago-a-company-made-a-5-million-investment-in-a-new-high-temperature-mater-5184319.htm',
          'https://www.transtutors.com/questions/fiscal-policy-is-the-deliberate-manipulation-of-taxes-and-government-spending-to-alt-5184318.htm',
          'https://www.transtutors.com/questions/please-help-me-i-am-so-confused-first-table-14-2-charter-bank-assets-liabilities-res-5184317.htm',
          'https://www.transtutors.com/questions/during-the-first-half-of-the-2000s-the-japanese-yen-was-relatively-weak-against-the--5184316.htm',
          'https://www.transtutors.com/questions/the-first-element-of-a-financial-crisis-is-a-a-decline-in-confidence-in-financial-in-5184315.htm',
          'https://www.transtutors.com/questions/please-help-first-commercial-table-14-1-bank-asset-liabilities-total-reserves-deposi-5184314.htm',
          'https://www.transtutors.com/questions/first-commercial-table-14-1-bank-asset-liabilities-total-reserves-150-000-s1-000-000-5184313.htm',
          'https://www.transtutors.com/questions/firms-engage-in-horizontal-integration-to-ensure-the-quality-of-goods-that-reach-the-5184312.htm',
          'https://www.transtutors.com/questions/question-9-18-come-with-the-table-as-written-firm-wants-12-irr-after-taxes-how-much--5184311.htm',
          'https://www.transtutors.com/questions/a-firm-uses-only-two-inputs-to-produce-its-output-these-inputs-are-perfect-substitut-5184310.htm',
          'https://www.transtutors.com/questions/a-firm-uses-markup-pricing-by-setting-p-c-1-m-where-c-is-the-firm-s-marginal-cost-an-5184309.htm',
          'https://www.transtutors.com/questions/they-are-different-number-so-please-dont-just-copy-paste-other-answers-a-firm-is-try-5184308.htm',
          'https://www.transtutors.com/questions/firm-sam-boom-and-firm-apple-pen-are-the-two-only-producers-of-mobile-phone-in-the-m-5184307.htm',
          'https://www.transtutors.com/questions/a-firm-had-sales-revenue-of-1-million-last-year-it-spent-600-000-on-labor-150-000-on-5184306.htm',
          'https://www.transtutors.com/questions/a-firm-s-short-run-cost-function-is-c-q-150q-4q-2-0-4q-3-275-determine-the-fixed-cos-5184305.htm',
          'https://www.transtutors.com/questions/why-is-a-firm-39-s-short-run-average-total-cost-curve-typically-u-shaped-select-all--5184304.htm',
          'https://www.transtutors.com/questions/increasing-decreasing-constant-l-shaped-straight-lines-conve-vertical-a-firm-39-s-pr-5184303.htm',
          'https://www.transtutors.com/questions/a-firm-s-production-function-is-q-2k-0-5-5l-0-5-where-q-is-output-per-hour-k-is-the--5184302.htm',
          'https://www.transtutors.com/questions/a-firm-39-s-production-function-is-given-by-q-l05k-39-the-wage-rate-is-5-and-the-ren-5184301.htm',
          'https://www.transtutors.com/questions/the-firm-39-s-demand-is-initially-p-430-0-125q-therefore-marginal-revenue-430-0-25-q-5184300.htm',
          'https://www.transtutors.com/questions/a-firm-has-a-production-function-f-x-y-1-40-x-0-60-y-0-60-2-whenever-x-gt-0-and-y-gt-5184299.htm',
          'https://www.transtutors.com/questions/a-firm-has-a-production-function-described-as-follows-weekly-output-is-equal-to-the--5184298.htm',
          'https://www.transtutors.com/questions/a-firm-produces-output-using-only-labor-and-capital-mpl-is-the-marginal-product-of-l-5184297.htm',
          'https://www.transtutors.com/questions/a-firm-in-a-perfectly-competitive-industry-has-total-revenue-of-200-000-per-year-whe-5184296.htm',
          'https://www.transtutors.com/questions/a-firm-in-a-perfectly-competitive-industry-knows-the-following-about-its-costs-and-r-5184295.htm',
          'https://www.transtutors.com/questions/if-a-firm-offers-a-senior-citizen-discount-select-one-a-the-firm-expects-the-average-5184294.htm',
          'https://www.transtutors.com/questions/a-firm-in-monopolistic-competition-has-the-firm-demand-curve-p-64-2q-the-total-cost--5184293.htm',
          'https://www.transtutors.com/questions/a-firm-in-monopolistic-competition-has-the-firm-demand-curve-p-48-2q-the-total-cost--5184292.htm',
          'https://www.transtutors.com/questions/firm-invests-75-000-to-save-year-in-energy-costs-for-15-years-what-is-project-s-rate-5184291.htm',
          'https://www.transtutors.com/questions/firm-invests-75-000-to-save-9000-year-in-energy-costs-for-15-years-what-is-project-s-5184290.htm',
          'https://www.transtutors.com/questions/firm-forever-and-firm-alone-are-the-only-producers-of-single-bell-in-the-market-the--5184289.htm',
          'https://www.transtutors.com/questions/firm-a-and-firm-b-are-two-non-cooperative-firms-selling-peanuts-in-the-market-they-c-5184288.htm',
          'https://www.transtutors.com/questions/a-firm-faces-the-demand-curve-p-60-0-5q-what-is-the-point-elasticity-of-demand-when--5184287.htm',
          'https://www.transtutors.com/questions/if-a-firm-is-employing-the-profit-maximizing-number-of-workers-and-then-wages-fall-t-5184286.htm',
          'https://www.transtutors.com/questions/a-firm-determines-that-it-can-hire-one-more-worker-at-a-wage-of-80-per-day-and-its-m-5184285.htm',
          'https://www.transtutors.com/questions/a-firm-that-designs-packages-with-different-levels-of-quality-luxury-to-sell-to-thei-5184284.htm',
          'https://www.transtutors.com/questions/if-a-firm-has-constant-returns-to-scale-then-o-a-the-firm-can-increase-its-productio-5184283.htm',
          'https://www.transtutors.com/questions/a-firm-is-considering-three-mutually-exclusive-alternatives-as-part-of-a-production--5184282.htm',
          'https://www.transtutors.com/questions/a-firm-is-considering-a-capital-investment-the-risk-premium-is-0-05-and-it-is-consid-5184281.htm',
          'https://www.transtutors.com/questions/when-a-firm-is-awarded-a-patent-it-is-given-monopoly-rights-to-the-production-of-tha-5184280.htm',
          'https://www.transtutors.com/questions/what-should-firm-1-do-in-the-short-run-shut-down-or-continue-producing-what-choices--5184279.htm',
          'https://www.transtutors.com/questions/the-fiqure-to-the-right-shows-the-demand-and-supply-cunves-for-the-almond-market-the-5184278.htm',
          'https://www.transtutors.com/questions/find-the-value-of-x-that-makes-the-two-cash-flow-diagrams-equivalent-when-i-10-400-3-5184277.htm',
          'https://www.transtutors.com/questions/find-the-supply-curve-of-a-competitive-firm-with-the-total-cost-function-c-0-04a-3a--5184276.htm',
          'https://www.transtutors.com/questions/find-the-rate-of-return-for-the-cash-flows-given-below-year-cash-flow-year-cash-flow-5184275.htm',
          'https://www.transtutors.com/questions/find-the-present-worth-in-year-for-the-cash-flows-shown-let-18-per-year-5-6-8-year-7-5184274.htm',
          'https://www.transtutors.com/questions/find-the-present-worth-at-time-0-of-the-chrome-plating-costs-shown-in-the-cash-flow--5184273.htm'],
 'project': ['trans'],
 'referring_link': ['https://www.transtutors.com/questions/economics/60/'],
 'spider': ['trans_links']}
2020-02-05 23:30:00 [scrapy.core.engine] DEBUG: Crawled (200) <GET https://www.transtutors.com/questions/economics/62/> (referer: https://www.google.com/) ['cached']
2020-02-05 23:30:00 [scrapy.core.scraper] DEBUG: Scraped from <200 https://www.transtutors.com/questions/economics/61/>
{'category': ['economy'],
 'date': [datetime.datetime(2020, 2, 5, 23, 30, 0, 748243)],
 'link': ['https://www.transtutors.com/questions/find-the-present-worth-at-time-0-of-the-chrome-plating-costs-shown-in-the-cash-flow--5184272.htm',
          'https://www.transtutors.com/questions/find-the-present-worth-of-the-cash-receipts-where-i-12-compounded-annually-180-150-1-5184271.htm',
          'https://www.transtutors.com/questions/find-the-necessary-data-on-price-level-and-demand-in-hotel-accomodation-market-in-sp-5184270.htm',
          'https://www.transtutors.com/questions/find-the-nash-equilibrium-a-of-the-sequential-move-game-below-via-backward-induction-5184269.htm',
          'https://www.transtutors.com/questions/find-the-nash-equilibrium-a-of-the-sequential-move-game-below-via-backward-induction-5184268.htm',
          'https://www.transtutors.com/questions/find-the-nash-equilibrium-a-in-the-game-below-citizen-39-s-and-santander-banks-are-c-5184267.htm',
          'https://www.transtutors.com/questions/find-the-market-equilibrium-point-for-the-following-demand-and-supply-functions-dema-5184266.htm',
          'https://www.transtutors.com/questions/find-the-deriative-2x3-8x2-llx-10-of-the-followsing-funchion-b-4x-3-4x-3-c-bx-7xh2-s-5184265.htm',
          'https://www.transtutors.com/questions/find-the-annaual-worth-of-the-following-cash-flow-diagram-assume-marr-10-5-000-model-5184264.htm',
          'https://www.transtutors.com/questions/find-a-excess-reserves-of-the-banking-system-b-monetary-base-c-money-supply-d-if-rrr-5184263.htm',
          'https://www.transtutors.com/questions/all-financial-transactions-involve-intermediaries-true-or-false--5184262.htm',
          'https://www.transtutors.com/questions/how-does-financial-system-coordinate-saving-and-investment-explain-in-detail-5184261.htm',
          'https://www.transtutors.com/questions/the-financial-system-ch-20-diversification-largely-eliminates-risks-but-not-the-risk-5184260.htm',
          'https://www.transtutors.com/questions/financial-management-fall19-homework-4-problem-04-c-6-points-compute-the-future-valu-5184259.htm',
          'https://www.transtutors.com/questions/financial-management-fall19-homework-4-problem-04-a-6-points-mark-weinstein-has-been-5184258.htm',
          'https://www.transtutors.com/questions/financial-management-fall19-homework-4-problem-04-a-6-points-mark-weinstein-has-been-5184257.htm',
          'https://www.transtutors.com/questions/financial-management-fall-19-hw-5-problem-05-b-18-points-the-treasurer-of-amaro-cann-5184256.htm',
          'https://www.transtutors.com/questions/financial-management-fall-19-hw-5-problem-05-a-22-points-consider-the-following-cash-5184255.htm',
          'https://www.transtutors.com/questions/what-was-the-financial-instrument-the-michael-burry-identified-to-short-subprime-mor-5184254.htm',
          'https://www.transtutors.com/questions/financial-accounting-and-tax-accounting-are-not-the-same-they-have-different-objecti-5184253.htm',
          'https://www.transtutors.com/questions/final-exam-version-a-store-and-in-a-bie-economics-1001-18-the-following-are-marginal-5184252.htm',
          'https://www.transtutors.com/questions/anyone-knows-questions-1-3-final-exam-version-a-economies-101-fall-2019-1-assume-law-5184251.htm',
          'https://www.transtutors.com/questions/final-exam-study-guide-in-this-study-guide-you-will-find-the-general-topics-that-sho-5184250.htm',
          'https://www.transtutors.com/questions/final-exam-page-2-of-15-side-of-input-factors-of-multiple-choice-questions-o-lds-are-5184249.htm',
          'https://www.transtutors.com/questions/final-exam-page-13-of-15-12-16-2019-70-p-100-and-farm-720-pts-the-figure-below-shows-5184248.htm',
          'https://www.transtutors.com/questions/final-exam-fco-167-prof-fields-on-the-right-here-is-shirts-use-this-to-a-a-demand-cu-5184247.htm',
          'https://www.transtutors.com/questions/final-exam-extra-credits-negative-externality-and-the-pigouvian-tax-3-questions-12-p-5184246.htm',
          'https://www.transtutors.com/questions/final-exam-extra-credits-negative-externality-and-the-pigouvian-tax-3-questions-12-p-5184245.htm',
          'https://www.transtutors.com/questions/final-exam-extra-credits-2-gini-coefficient-and-the-lorenz-curve-added-to-your-final-5184244.htm',
          'https://www.transtutors.com/questions/final-exam-extra-credits-2-gini-coefficient-and-the-lorenz-curve-added-to-your-final-5184243.htm',
          'https://www.transtutors.com/questions/final-exam-econ-28200d-instructions-answer-any-four-questions-if-you-answer-all-ques-5184242.htm',
          'https://www.transtutors.com/questions/final-case-study-outline-merck-pharmaceuticals-keytruda-pembrolizumab-title-page-o-t-5184241.htm',
          'https://www.transtutors.com/questions/fill-in-the-table-to-answer-this-question-which-of-the-follow-in-true-situation-nomi-5184240.htm',
          'https://www.transtutors.com/questions/fill-in-the-following-table-with-the-correct-categories-of-goods-rival-nonrival-excl-5184239.htm',
          'https://www.transtutors.com/questions/fill-in-the-blanks-below-with-decimal-numbers-not-fractions-suppose-the-demand-for-a-5184238.htm',
          'https://www.transtutors.com/questions/fill-the-blanks-1-the-price-of-cereal-and-the-demand-for-milk-have-a-1-relationship--5184237.htm',
          'https://www.transtutors.com/questions/the-file-wage-from-blackburn-and-neumark-1992-contains-information-on-monthly-earnin-5184236.htm',
          'https://www.transtutors.com/questions/figure-and-table-an-indifference-curve-map-consumption-total-utility-mu-quantity-of--5184235.htm',
          'https://www.transtutors.com/questions/the-figure-below-shows-the-hypothetical-domestic-supply-and-demand-for-baseball-caps-5184234.htm',
          'https://www.transtutors.com/questions/in-the-figure-at-right-if-we-start-at-ad-and-sras-and-the-money-supply-increases-une-5184232.htm',
          'https://www.transtutors.com/questions/the-figure-to-the-right-shows-the-demand-and-supply-curves-for-the-almond-market-the-5184231.htm',
          'https://www.transtutors.com/questions/the-figure-to-the-right-shows-the-demand-and-supply-curves-for-the-almond-market-the-5184230.htm',
          'https://www.transtutors.com/questions/in-the-figure-to-the-right-the-opportunity-cost-of-holding-money-when-moving-from-po-5184229.htm',
          'https://www.transtutors.com/questions/in-the-figure-at-right-if-a-is-the-initial-equilibrium-point-and-there-is-an-unantic-5184228.htm',
          'https://www.transtutors.com/questions/figure-the-perfectly-competitive-firm-price-per-unit-atc-3-00-1-00-250-300-output-pe-5184227.htm',
          'https://www.transtutors.com/questions/figure-the-market-for-beats-by-dre-use-figure-the-market-for-beats-by-dre-assume-tha-5184226.htm',
          'https://www.transtutors.com/questions/the-figure-given-below-shows-the-macroeconomic-equilibria-of-a-country-figure-11-1-a-5184225.htm',
          'https://www.transtutors.com/questions/the-figure-given-below-depicts-the-equilibrium-in-the-foreign-exchange-market-figure-5184224.htm',
          'https://www.transtutors.com/questions/the-figure-below-depicts-the-labor-market-model-consider-a-reduction-in-the-degree-o-5184223.htm',
          'https://www.transtutors.com/questions/figure-7-atc-and-mc-10-quarto-34-refer-to-figure-7-which-of-the-following-reasons-de-5184222.htm'],
 'project': ['trans'],
 'referring_link': ['https://www.transtutors.com/questions/economics/61/'],
 'spider': ['trans_links']}
2020-02-05 23:30:00 [scrapy.core.engine] DEBUG: Crawled (200) <GET https://www.transtutors.com/questions/economics/63/> (referer: https://www.google.com/) ['cached']
2020-02-05 23:30:00 [scrapy.core.scraper] DEBUG: Scraped from <200 https://www.transtutors.com/questions/economics/62/>
{'category': ['economy'],
 'date': [datetime.datetime(2020, 2, 5, 23, 30, 0, 916628)],
 'link': ['https://www.transtutors.com/questions/can-someone-help-me-with-these-questions-choose-the-right-answer-figure-63-figure-sh-5184221.htm',
          'https://www.transtutors.com/questions/figure-5-monopoly-1-price-mc-atc-demand-mr-50-100-150-200-250-300-350-400-450-500-55-5184220.htm',
          'https://www.transtutors.com/questions/figure-35-3-the-left-hand-graph-shows-a-short-rum-aggregate-supply-sras-curve-and-tw-5184219.htm',
          'https://www.transtutors.com/questions/figure-3-price-level-lras-sras-ad-real-gdp-inflationary-gap-part-li-monetary-policy--5184218.htm',
          'https://www.transtutors.com/questions/figure-3-industry-firms-mc-atc-mr-p-16-refer-to-figure-3-industry-firms-the-market-f-5184217.htm',
          'https://www.transtutors.com/questions/figure-3-industry-firms-mc-atc-mr-p-15-dz-16-refer-to-figure-3-industry-firms-the-ma-5184216.htm',
          'https://www.transtutors.com/questions/please-explain-i-have-no-time-i-want-to-get-exact-and-detail-explanation-asap-figure-5184215.htm',
          'https://www.transtutors.com/questions/in-figure-26-1-the-total-cost-associated-with-producing-ehe-profit-maximizing-level--5184214.htm',
          'https://www.transtutors.com/questions/figure-26-1-mollars-per-unit-l-tv-owandt-of-oulput-u-in-figure-26-1-the-total-cost-a-5184213.htm',
          'https://www.transtutors.com/questions/figure-23-quantity-in-figure-23-4-whleh-ie-the-sotal-rvenue-gurve-of-a-perfectly-com-5184212.htm',
          'https://www.transtutors.com/questions/figure-2-price-lras-level-sras-sras-b-ad-ad-quantity-of-output-6-refer-to-figure-2-s-5184211.htm',
          'https://www.transtutors.com/questions/figure-16-4-mc-pricel-ntc-quantity-quantity-c-price-quantity-quality-refer-to-figure-5184210.htm',
          'https://www.transtutors.com/questions/figure-15-4-price-and-cost-34-demand-600-800-940-1160-quantity-figure-15-4-shows-the-5184209.htm',
          'https://www.transtutors.com/questions/figure-15-18-sus-ut-88-mr-mc-atc-demand-50-100-150-200-250-300-350-400-450-500-550-6-5184208.htm',
          'https://www.transtutors.com/questions/figure-14-4-price-atc-avc-q1-02-03-04-quantity-05-refer-to-figure-14-4-if-the-market-5184207.htm',
          'https://www.transtutors.com/questions/figure-14-3-suppose-a-firm-operating-in-a-competitive-market-has-the-following-cost--5184206.htm',
          'https://www.transtutors.com/questions/figure-12-de-supply-d-d-1000-1200-31-refer-to-figure-9-12-with-trade-allowed-this-co-5184205.htm',
          'https://www.transtutors.com/questions/why-not-b-figure-12-3-36-oligopolist-a-cuts-price-in-an-attempt-to-enlarge-his-share-5184204.htm',
          'https://www.transtutors.com/questions/figure-11-8-ac-qi-q2-given-the-average-cost-curve-shown-in-figure-11-8-for-dry-clean-5184203.htm',
          'https://www.transtutors.com/questions/in-the-fictional-country-of-symposia-we-have-the-following-information-for-the-year--5184202.htm',
          'https://www.transtutors.com/questions/in-the-fictional-country-of-symposia-we-have-the-following-information-for-the-year--5184201.htm',
          'https://www.transtutors.com/questions/fi-li-net-national-product-is-650-billion-indirect-taxes-are-20-billion-and-subsidic-5184200.htm',
          'https://www.transtutors.com/questions/why-did-fhn-stock-increase-on-6-13-19-and-decreased-on6-20-19-5184199.htm',
          'https://www.transtutors.com/questions/feme-and-unt-31-imagine-a-situation-where-the-board-of-governors-of-the-federal-rese-5184198.htm',
          'https://www.transtutors.com/questions/the-federal-reserve-purchases-10-million-in-u-s-treasury-bonds-from-a-bond-dealer-an-5184197.htm',
          'https://www.transtutors.com/questions/the-federal-reserve-cannot-affect-real-gdp-directly-therefore-the-fed-typically-uses-5184196.htm',
          'https://www.transtutors.com/questions/when-the-federal-reserve-buys-bonds-through-open-market-operations-a-the-money-suppl-5184195.htm',
          'https://www.transtutors.com/questions/the-federal-open-market-committee-consists-of-the-seven-members-of-the-the-president-5184194.htm',
          'https://www.transtutors.com/questions/if-the-federal-government-starts-a-new-policy-whereby-they-promise-to-not-pass-any-l-5184193.htm',
          'https://www.transtutors.com/questions/a-federal-deficit-of-400-billion-means-that-1-the-government-plans-on-collecting-400-5184192.htm',
          'https://www.transtutors.com/questions/the-fed-will-make-it-more-expensive-for-firms-to-borrow-when-a-it-does-easy-monetary-5184191.htm',
          'https://www.transtutors.com/questions/the-fed-changes-the-discount-rate-as-a-part-of-its-policy-to-reach-all-of-the-follow-5184190.htm',
          'https://www.transtutors.com/questions/fill-in-the-blanks-in-photo-2-please-fc-tc-vc-tc-vc-fc-vc-tc-fc-avc-vc-q-atc-tc-q-mc-5184189.htm',
          'https://www.transtutors.com/questions/the-farmers-begin-to-notice-that-portions-of-the-grazing-area-are-not-growing-to-inc-5184187.htm',
          'https://www.transtutors.com/questions/a-farmer-is-considering-borrowing-money-from-a-bank-given-the-following-information--5184186.htm',
          'https://www.transtutors.com/questions/a-farmer-is-considering-borrowing-money-from-a-bank-given-the-following-information--5184185.htm',
          'https://www.transtutors.com/questions/farmer-brown-sells-her-wheat-in-a-perfectly-competitive-market-suppose-the-current-m-5184184.htm',
          'https://www.transtutors.com/questions/fare-il-continue-2-12-points-the-table-below-deplete-the-total-product-tv-schedule-o-5184183.htm',
          'https://www.transtutors.com/questions/famous-design-is-a-firm-in-the-jewelry-industry-its-marginal-cost-of-300-and-charges-5184182.htm',
          'https://www.transtutors.com/questions/famous-design-is-a-firm-in-the-jewelry-industry-its-marginal-cost-of-300-and-charges-5184181.htm',
          'https://www.transtutors.com/questions/famous-design-is-a-firm-in-the-jewelry-industry-its-marginal-cost-of-300-and-charges-5184180.htm',
          'https://www.transtutors.com/questions/or-false-there-exists-a-non-equilibrium-intersection-of-strategies-that-would-leave--5184179.htm',
          'https://www.transtutors.com/questions/falling-interest-rates-can-o-a-raise-the-cost-of-buying-new-homes-and-fewer-new-home-5184178.htm',
          'https://www.transtutors.com/questions/a-fall-from-530-000-per-t-o-bl-rise-from-30-000-per-to-ssd-c-rise-from-10-000-per-to-5184177.htm',
          'https://www.transtutors.com/questions/fall-2019-economics-2100-my9-final-exam-version-the-tobin-money-demand-model-implies-5184176.htm',
          'https://www.transtutors.com/questions/fall-2019-economics-2100-my9-final-exam-version-c-the-paradox-of-thrift-is-that-an-i-5184175.htm',
          'https://www.transtutors.com/questions/fall-2019-economics-2100-my9-final-exam-version-c-9-suppose-that-a-firm-knows-that-t-5184174.htm',
          'https://www.transtutors.com/questions/fall-2019-economics-2100-my9-final-exam-version-c-4-use-the-chart-above-the-marginal-5184173.htm',
          'https://www.transtutors.com/questions/fall-2019-economics-2100-my9-final-exam-version-c-25-suppose-that-there-is-no-margin-5184172.htm',
          'https://www.transtutors.com/questions/fall-2019-economics-2100-my9-final-exam-version-c-20-which-of-the-following-is-the-m-5184171.htm'],
 'project': ['trans'],
 'referring_link': ['https://www.transtutors.com/questions/economics/62/'],
 'spider': ['trans_links']}
2020-02-05 23:30:01 [scrapy.core.engine] DEBUG: Crawled (200) <GET https://www.transtutors.com/questions/economics/64/> (referer: https://www.google.com/) ['cached']
2020-02-05 23:30:01 [scrapy.core.scraper] DEBUG: Scraped from <200 https://www.transtutors.com/questions/economics/63/>
{'category': ['economy'],
 'date': [datetime.datetime(2020, 2, 5, 23, 30, 1, 69614)],
 'link': ['https://www.transtutors.com/questions/39-40-fall-2019-economics-1001-final-exam-version-a-m-scenario-4-suppose-there-is-m-5184170.htm',
          'https://www.transtutors.com/questions/faculty-of-business-and-economics-mubs-7-a-monopoly-firm-operates-in-a-product-marke-5184169.htm',
          'https://www.transtutors.com/questions/facts-frank-became-an-angry-because-new-25000-car-broke-down-on-the-highway-leaving--5184168.htm',
          'https://www.transtutors.com/questions/there-is-a-factory-that-is-dumping-toxic-waste-into-a-river-where-a-resort-is-locate-5184167.htm',
          'https://www.transtutors.com/questions/other-factors-being-unchanged-the-supply-curve-for-eggs-will-decrease-shift-upward-a-5184166.htm',
          'https://www.transtutors.com/questions/which-factors-demand-supply-side-efficiency-shift-curve-ab-to-cd-and-which-ones-shif-5184165.htm',
          'https://www.transtutors.com/questions/factor-substitution-is-an-economic-principle-that-suggests-which-of-the-following-a--5184164.htm',
          'https://www.transtutors.com/questions/f00000fses-oa-econ-1101-assignment-3-f19-1-calculate-the-price-elasticity-of-demand--5184163.htm',
          'https://www.transtutors.com/questions/f-x-x-x-x-min-x-x-min-x-x4-4-a-firm-has-a-production-function-let-the-price-of-x-be--5184162.htm',
          'https://www.transtutors.com/questions/f-a-retired-person-will-receive-8-000-per-month-for-the-rest-of-his-life-if-his-int-5184161.htm',
          'https://www.transtutors.com/questions/f-output-1-500-when-planned-aggregate-expenditure-1-200-the-unplanned-change-in-imve-5184160.htm',
          'https://www.transtutors.com/questions/show-work-please-thank-you-f-k-l-k-1-2-1-2-where-k-capital-l-labor-suppose-firm-uses-5184159.htm',
          'https://www.transtutors.com/questions/f-the-fed-it-will-the-effects-of-crowding-out-caused-by-an-increase-i-5184158.htm',
          'https://www.transtutors.com/questions/f-41-potential-income-is-that-level-of-income-the-economy-always-produces-t-f-42-cas-5184157.htm',
          'https://www.transtutors.com/questions/exua-timed-to-thistest-has-a-time-limit-of-2-hours-this-test-will-save-and-submit-au-5184156.htm',
          'https://www.transtutors.com/questions/extra-practice-quiz-with-worked-out-solutions-from-the-following-calculate-a-the-cos-5184155.htm',
          'https://www.transtutors.com/questions/microeconomics-question-externalities-and-public-goods-1-an-airport-is-located-next--5184154.htm',
          'https://www.transtutors.com/questions/externalities-and-public-goods-1-an-airport-is-located-next-to-a-housing-development-5184153.htm',
          'https://www.transtutors.com/questions/to-what-extent-are-corporate-marketing-campaigns-chief-influences-behind-your-rankin-5184152.htm',
          'https://www.transtutors.com/questions/ext-the-central-en-the-6-the-phillips-curve-describing-an-economy-takes-the-form-u-q-5184151.htm',
          'https://www.transtutors.com/questions/express-graphically-the-structure-of-the-cost-of-a-company-with-total-average-cost-a-5184150.htm',
          'https://www.transtutors.com/questions/exports-367-dividends-60-consumption-of-fixed-capital-307-corporate-profits-203-comp-5184149.htm',
          'https://www.transtutors.com/questions/explains-google-company-1funding-2-profit-and-loss-3-stock-and-equity--5184148.htm',
          'https://www.transtutors.com/questions/what-explains-the-divergent-paths-of-latin-america-and-the-east-asian-countries-in-t-5184147.htm',
          'https://www.transtutors.com/questions/what-explains-the-very-different-experiences-of-poland-and-russia-with-economic-refo-5184146.htm',
          'https://www.transtutors.com/questions/explain-how-the-workings-of-the-labour-market-are-essential-in-determining-unemploym-5184145.htm',
          'https://www.transtutors.com/questions/can-you-explain-whether-federal-reserve-district-banks-conduct-their-own-monetary-po-5184144.htm',
          'https://www.transtutors.com/questions/explain-the-three-main-tools-of-monetary-policy-and-how-they-work-to-change-gdp-empl-5184143.htm',
          'https://www.transtutors.com/questions/explain-the-three-3-models-of-consumption-theory-and-what-distinguishes-them-in-term-5184142.htm',
          'https://www.transtutors.com/questions/explain-the-steps-in-which-the-us-became-involved-in-ww2-atleast-3-5184141.htm',
          'https://www.transtutors.com/questions/explain-the-short-run-and-long-run-effects-of-an-expansionary-monetary-policy-using--5184140.htm',
          'https://www.transtutors.com/questions/explain-how-the-shape-of-the-expected-utility-function-describes-the-consumers-attit-5184138.htm',
          'https://www.transtutors.com/questions/explain-how-the-shape-of-expected-utility-function-describes-the-consumer-39-s-attit-5184137.htm',
          'https://www.transtutors.com/questions/explain-the-rise-and-fall-of-what-vijay-prashad-has-called-the-third-world-project-u-5184136.htm',
          'https://www.transtutors.com/questions/explain-the-rise-and-fall-of-what-vijay-prashad-has-called-the-third-world-project--5184135.htm',
          'https://www.transtutors.com/questions/explain-the-relevance-of-the-coordinates-quot-z-quot-and-quot-y-quot-regarding-each--5184134.htm',
          'https://www.transtutors.com/questions/explain-the-relationship-between-the-short-run-average-total-cost-and-the-long-run-a-5184133.htm',
          'https://www.transtutors.com/questions/explain-the-relation-between-demographic-and-structure-in-details-and-solutions-for--5184132.htm',
          'https://www.transtutors.com/questions/explain-the-reason-fully-the-introduction-of-a-100-autonomous-net-tax-in-an-economy-5184131.htm',
          'https://www.transtutors.com/questions/explain-why-a-quota-used-to-protect-a-domestic-monopolist-from-international-competi-5184130.htm',
          'https://www.transtutors.com/questions/explain-your-proposed-approach-for-conducting-research-that-is-necessary-to-develop--5184129.htm',
          'https://www.transtutors.com/questions/explain-principal-agent-problem-select-a-company-with-operations-in-hong-kong-identi-5184128.htm',
          'https://www.transtutors.com/questions/explain-permanent-decrease-in-monetary-supply-use-graphs-from-the-aa-dd-schedule-mod-5184127.htm',
          'https://www.transtutors.com/questions/explain-overshooting-dynamics-of-the-dollar-resulting-from-unexpected-increase-of-u--5184126.htm',
          'https://www.transtutors.com/questions/explain-why-we-need-payment-reform-what-do-we-call-the-traditional-method-for-paying-5184125.htm',
          'https://www.transtutors.com/questions/explain-what-is-meant-by-the-following-terms-asymmetric-information-adverse-selectio-5184124.htm',
          'https://www.transtutors.com/questions/explain-macroeconomic-theory-and-how-it-relates-to-the-economic-indicators-data-usin-5184123.htm',
          'https://www.transtutors.com/questions/explain-why-each-item-was-not-included-in-the-gdp-of-uae-sales-of-existing-homes-and-5184122.htm',
          'https://www.transtutors.com/questions/explain-how-ideas-of-endogeneity-of-both-savings-and-population-growth-can-limit-or--5184121.htm',
          'https://www.transtutors.com/questions/explain-and-give-examples-of-low-context-versus-high-context-communication-why-are-t-5184120.htm'],
 'project': ['trans'],
 'referring_link': ['https://www.transtutors.com/questions/economics/63/'],
 'spider': ['trans_links']}
2020-02-05 23:30:01 [scrapy.core.engine] DEBUG: Crawled (200) <GET https://www.transtutors.com/questions/economics/65/> (referer: https://www.google.com/) ['cached']
2020-02-05 23:30:01 [scrapy.core.scraper] DEBUG: Scraped from <200 https://www.transtutors.com/questions/economics/64/>
{'category': ['economy'],
 'date': [datetime.datetime(2020, 2, 5, 23, 30, 1, 220470)],
 'link': ['https://www.transtutors.com/questions/explain-the-general-meaning-of-the-profit-payoff-matrix-below-for-oligopolists-x-and-5184119.htm',
          'https://www.transtutors.com/questions/explain-the-forces-that-can-cause-an-exchange-rate-to-change--5184118.htm',
          'https://www.transtutors.com/questions/hi-can-someone-answer-this-pls-clearly-thanks-a-explain-each-of-the-following-concep-5184117.htm',
          'https://www.transtutors.com/questions/can-you-explain-when-the-federal-reserve-would-opt-to-use-quantitative-easing-please-5184116.htm',
          'https://www.transtutors.com/questions/explain-how-the-fed-s-buying-of-us-government-securities-in-the-open-market-will-aff-5184115.htm',
          'https://www.transtutors.com/questions/explain-the-equilibrium-conditions-of-a-market-structure-with-large-number-of-firms--5184114.htm',
          'https://www.transtutors.com/questions/explain-what-economists-mean-when-they-say-that-the-united-states-is-a-net-debtor-na-5184113.htm',
          'https://www.transtutors.com/questions/explain-the-difference-between-short-run-growth-and-long-run-growth-in-terms-of-the--5184112.htm',
          'https://www.transtutors.com/questions/explain-the-difference-between-a-price-consumption-curve-and-a-demand-curve-price-co-5184111.htm',
          'https://www.transtutors.com/questions/explain-the-difference-between-a-dummy-variable-which-has-only-two-categories-and-mo-5184110.htm',
          'https://www.transtutors.com/questions/explain-the-difference-between-consumption-possibilities-and-production-possibilitie-5184109.htm',
          'https://www.transtutors.com/questions/explain-the-difference-between-39-codified-39-and-39-tacit-knowledge-39--5184108.htm',
          'https://www.transtutors.com/questions/explain-in-detail-what-are-the-three-types-of-unemployment-and-explain-how-do-they-c-5184107.htm',
          'https://www.transtutors.com/questions/explain-in-detail-the-differences-between-the-sharp-and-the-fuzzy-regression-discont-5184106.htm',
          'https://www.transtutors.com/questions/explain-why-a-country-needs-a-wealth-taxation-system-please-provide-citation-for-the-5184104.htm',
          'https://www.transtutors.com/questions/explain-the-conditions-that-must-be-satisfied-for-a-consumer-s-utility-maximizing-ch-5184103.htm',
          'https://www.transtutors.com/questions/explain-why-the-classical-economists-thought-there-was-no-inherent-tendency-in-the-m-5184102.htm',
          'https://www.transtutors.com/questions/explain-how-any-cap-and-trade-system-can-be-made-to-be-equivalent-to-a-pollution-tax-5184101.htm',
          'https://www.transtutors.com/questions/explain-briefly-why-you-think-the-following-statement-is-true-false-or-ambiguous-the-5184100.htm',
          'https://www.transtutors.com/questions/explain-briefly-why-you-think-the-following-statement-is-true-false-or-ambiguous-int-5184099.htm',
          'https://www.transtutors.com/questions/explain-briefly-why-you-think-the-following-statement-is-true-false-or-ambiguous-int-5184098.htm',
          'https://www.transtutors.com/questions/explain-briefly-why-you-think-the-following-statement-is-true-false-or-ambiguous-com-5184097.htm',
          'https://www.transtutors.com/questions/explain-briefly-why-you-think-the-following-statement-is-true-false-or-ambiguous-com-5184096.htm',
          'https://www.transtutors.com/questions/explain-the-behavior-bias-being-made-in-the-following-scenarios-a-a-baseball-team-of-5184095.htm',
          'https://www.transtutors.com/questions/explain-the-answers-for-39-and-40-i-already-know-the-answer-i-need-to-know-the-reaso-5184094.htm',
          'https://www.transtutors.com/questions/explain-why-the-2es-are-important-for-forward-looking-retail-planning--5184093.htm',
          'https://www.transtutors.com/questions/explain-how-why-the-2008-financial-crisis-happened-and-how-the-us-federal-government-5184092.htm',
          'https://www.transtutors.com/questions/explain-in-2-3-paragraphs-how-the-trade-war-between-the-us-and-china-affects-consume-5184091.htm',
          'https://www.transtutors.com/questions/if-expected-inflation-rises-in-the-u-s-what-happens-to-the-currency-dollar-39-s-exch-5184090.htm',
          'https://www.transtutors.com/questions/expected-to-increase-an-accountant-and-an-mba-student-who-were-interviewed-regarding-5184089.htm',
          'https://www.transtutors.com/questions/and-the-expectations-theory-describes-the-assumption-that-people-are-describes-the-a-5184088.htm',
          'https://www.transtutors.com/questions/expansionary-fiscal-policy-is-used-to-increase-aggregate-demand-in-an-attempt-to-fig-5184087.htm',
          'https://www.transtutors.com/questions/expansionary-fiscal-policy-is-used-by-the-govemment-to-oa-reduce-the-national-debt-o-5184086.htm',
          'https://www.transtutors.com/questions/expansionary-economic-policy-versus-contractionary-economic-policy-examine-both-fisc-5184085.htm',
          'https://www.transtutors.com/questions/when-there-exist-internal-economies-of-scale-in-production-explain-that-free-trade-w-5184084.htm',
          'https://www.transtutors.com/questions/exhibit-9-1-181-16-12-17-22-the-profit-maximizing-or-loss-minimizing-monopoly-will-c-5184083.htm',
          'https://www.transtutors.com/questions/exhibit-0153-0-mc-atc-mr-in-exhibit-0153-which-area-represents-the-amount-of-consume-5184082.htm',
          'https://www.transtutors.com/questions/exhibit-0150-70-212-mr-700-810-884-1-000-976-if-the-monopolist-in-exhibit-0150-engag-5184081.htm',
          'https://www.transtutors.com/questions/exercise-one-25-points-5-points-each-suppose-that-the-domestic-demand-and-supply-for-5184080.htm',
          'https://www.transtutors.com/questions/exercise-four-12-points-2-points-cach-supply-for-movement-increase-of-decrease-for-i-5184079.htm',
          'https://www.transtutors.com/questions/exercise-3-indicate-which-type-of-market-can-be-characterized-by-the-following-featu-5184078.htm',
          'https://www.transtutors.com/questions/exercise-3-complete-the-following-table-accomplish-the-tasks-the-follows-quantity-pr-5184077.htm',
          'https://www.transtutors.com/questions/exercise-2-the-crowd-for-a-sports-event-might-be-small-with-a-probability-of-0-4-or--5184076.htm',
          'https://www.transtutors.com/questions/exercise-2-30-new-to-think-about-the-slope-of-the-ms-curve-is-in-terms-of-the-size-o-5184075.htm',
          'https://www.transtutors.com/questions/exercise-1-4-question-help-if-a-lender-makes-a-simple-loan-of-400-for-3-years-and-ch-5184074.htm',
          'https://www.transtutors.com/questions/exercise-13-18-apple-39-s-ipod-has-been-the-portable-mp3-player-of-choice-among-many-5184073.htm',
          'https://www.transtutors.com/questions/exercise-08-02-self-test-algorithmic-ebook-video-a-simple-random-sample-of-90-items--5184072.htm',
          'https://www.transtutors.com/questions/do-the-points-move-left-or-right-exchange-rates-can-help-explain-why-budget-deficits-5184071.htm',
          'https://www.transtutors.com/questions/exchange-overvalued-undervalued-or-at-the-ppp-level-explain-your-answer-real-interes-5184070.htm',
          'https://www.transtutors.com/questions/in-excel-only-please-present-the-following-data-info-year-month-chuckq-chuckp-chickp-5184069.htm'],
 'project': ['trans'],
 'referring_link': ['https://www.transtutors.com/questions/economics/64/'],
 'spider': ['trans_links']}
2020-02-05 23:30:01 [scrapy.core.engine] DEBUG: Crawled (200) <GET https://www.transtutors.com/questions/economics/66/> (referer: https://www.google.com/) ['cached']
2020-02-05 23:30:01 [scrapy.core.scraper] DEBUG: Scraped from <200 https://www.transtutors.com/questions/economics/65/>
{'category': ['economy'],
 'date': [datetime.datetime(2020, 2, 5, 23, 30, 1, 385697)],
 'link': ['https://www.transtutors.com/questions/please-provide-me-a-solution-to-this-question-and-state-the-reasoning-thank-you-exam-5184068.htm',
          'https://www.transtutors.com/questions/an-example-that-does-not-illustrate-financial-assets-is-a-bank-deposits-b-bonds-c-go-5184067.htm',
          'https://www.transtutors.com/questions/example-of-a-horizontal-merger-is-are-the-following-a-starbucks-and-the-gasoline-dea-5184066.htm',
          'https://www.transtutors.com/questions/example-of-a-horizontal-merger-is-are-the-following-a-starbucks-and-the-gasoline-dea-5184065.htm',
          'https://www.transtutors.com/questions/example-equivalent-annual-worth-with-different-lives-a-mechanical-engineer-is-consid-5184064.htm',
          'https://www.transtutors.com/questions/kindly-answer-the-below-2-questions-thank-you-example-2-previous-semester-mt-questio-5184063.htm',
          'https://www.transtutors.com/questions/example-2-there-are-4-players-s1-s2-b1-b2-possible-coalitions-are-sib1-s2b1-s1b2-s2b-5184062.htm',
          'https://www.transtutors.com/questions/examine-whether-the-following-statements-are-true-or-false-give-an-explanation-a-the-5184061.htm',
          'https://www.transtutors.com/questions/examine-the-material-in-the-first-part-of-this-chapter-under-the-preparing-for-growt-5184060.htm',
          'https://www.transtutors.com/questions/examine-how-china-s-policy-of-restricting-rem-exports-can-be-considered-as-a-sophist-5184059.htm',
          'https://www.transtutors.com/questions/examine-how-china-s-policy-of-restricting-rem-exports-can-be-considered-as-a-sophist-5184058.htm',
          'https://www.transtutors.com/questions/my-exam-is-in-an-hour-and-i-can-39-t-understand-number-5-x-suppose-i-suppose-if-the--5184057.htm',
          'https://www.transtutors.com/questions/every-summer-a-large-number-of-the-world-s-sports-economists-meet-for-a-conference-i-5184056.htm',
          'https://www.transtutors.com/questions/every-summer-a-large-number-of-the-world-39-s-sports-economists-meet-for-a-conferenc-5184055.htm',
          'https://www.transtutors.com/questions/why-is-evaluation-an-important-tool-for-professionals-working-in-the-family-policy-a-5184054.htm',
          'https://www.transtutors.com/questions/evaluate-the-following-claim-two-rms-are-completely-identical-in-every-respect-excep-5184053.htm',
          'https://www.transtutors.com/questions/evaluate-the-following-claim-quot-in-the-long-run-both-perfectly-competitive-and-mon-5184052.htm',
          'https://www.transtutors.com/questions/ev-ep-de-y-them-w-the-5184051.htm',
          'https://www.transtutors.com/questions/the-european-parliament-has-voted-in-favour-of-a-new-quota-for-content-on-streaming--5184050.htm',
          'https://www.transtutors.com/questions/some-european-ountries-face-high-unemployment-and-budget-deficit-but-low-inflation-r-5184049.htm',
          'https://www.transtutors.com/questions/what-is-the-euac-for-the-challenger-over-its-useful-life-the-replacement-of-a-planni-5184048.htm',
          'https://www.transtutors.com/questions/a-moving-to-another-question-will-save-this-response-question-18-based-on-in-class-c-5184047.htm',
          'https://www.transtutors.com/questions/how-can-you-ethically-use-power-influence-and-politics-to-get-a-promotion--5184046.htm',
          'https://www.transtutors.com/questions/what-is-the-ethical-dilemma-faced-by-the-us-firms-that-export-used-batteries-for-rec-5184045.htm',
          'https://www.transtutors.com/questions/estion-49-scenario-pixem-satellite-photos-russia-points-out-of-10-pixem-satellite-ph-5184044.htm',
          'https://www.transtutors.com/questions/estion-4-14-marks-ble-3-total-total-marginal-revenue-marginal-mr-uantity-revenue-tr--5184043.htm',
          'https://www.transtutors.com/questions/estion-12-for-the-two-machines-alternatives-shown-in-the-table-below-you-are-trying--5184042.htm',
          'https://www.transtutors.com/questions/estion-11-white-oaks-properties-builds-strip-shopping-centers-and-small-malls-the-co-5184041.htm',
          'https://www.transtutors.com/questions/the-estimated-demand-single-production-and-total-costs-functions-for-a-monopolist-ar-5184040.htm',
          'https://www.transtutors.com/questions/it-is-estimated-that-co2-will-cause-1000-aed-of-damage-in-100-years-given-a-discount-5184039.htm',
          'https://www.transtutors.com/questions/est-econ-212-final-fall-x-c-b-bhosted-cuny-edu-webapps-assessment-take-launch-jsp-co-5184038.htm',
          'https://www.transtutors.com/questions/why-is-it-essential-to-focus-first-on-building-a-great-company-rather-than-on-just-g-5184037.htm',
          'https://www.transtutors.com/questions/es-not-pay-tax-but-all-income-is-reported-on-the-owner-s-individual-tax-30-quot-flow-5184036.htm',
          'https://www.transtutors.com/questions/es-frontier-chapter-3-3-1-describe-the-major-sources-of-income-and-expenditures-for--5184035.htm',
          'https://www.transtutors.com/questions/es-frontier-chapter-3-3-1-describe-the-major-sources-of-income-and-expenditures-for--5184034.htm',
          'https://www.transtutors.com/questions/what-is-the-equivalent-annual-cost-in-years-1-through-10-of-a-contract-that-has-a-fi-5184033.htm',
          'https://www.transtutors.com/questions/an-equipment-has-initial-cost-of-62-322-and-is-expected-to-have-a-15-836-sv-when-rep-5184032.htm',
          'https://www.transtutors.com/questions/the-equilibrium-wage-in-the-fast-food-industry-in-us-is-10-per-hour-equilibrium-quan-5184031.htm',
          'https://www.transtutors.com/questions/the-equilibrium-quantity-increases-and-the-equilibrium-price-movement-depends-on-whi-5184030.htm',
          'https://www.transtutors.com/questions/equilibrium-in-the-market-for-real-money-is-represented-by-the-curve-group-of-answer-5184029.htm',
          'https://www.transtutors.com/questions/equilibrium-in-your-city-there-are-currently-three-firms-providing-oil-changes-for-e-5184028.htm',
          'https://www.transtutors.com/questions/equations-the-market-for-energy-for-coned-a-monopolist-c-no-because-nolly-ule-d-no-b-5184027.htm',
          'https://www.transtutors.com/questions/is-there-an-equation-for-trade-balance-growth-rate-and-total-trade-growth-rate-in-te-5184026.htm',
          'https://www.transtutors.com/questions/the-equation-for-the-demand-curve-is-p-615-20-q-when-q-goes-from-11-to-12-then-the-p-5184025.htm',
          'https://www.transtutors.com/questions/can-someone-help-me-solve-this-question-thank-you-so-much-to-the-equation-3-a-firrm--5184024.htm',
          'https://www.transtutors.com/questions/eon-3212-tutorial-on-break-even-201910-q-132-anutacturing-process-at-simplicity-xp-h-5184023.htm',
          'https://www.transtutors.com/questions/eoc-17-24-homework-unanswered-the-major-reason-s-for-the-current-us-trade-deficit-wi-5184022.htm',
          'https://www.transtutors.com/questions/eoc-17-12-homework-answered-quot-international-trade-quot-refers-to-o-a-any-transact-5184021.htm',
          'https://www.transtutors.com/questions/if-the-entrepreneur-is-also-the-manager-of-the-firm-we-would-expect-a-the-manager-to-5184020.htm',
          'https://www.transtutors.com/questions/enovo-smopu-pue-qam-at-ih-msud-d-aads-02-samsuy-y-ands-p-ns-pud-ands-o-ugns-puo-aads-5184019.htm'],
 'project': ['trans'],
 'referring_link': ['https://www.transtutors.com/questions/economics/65/'],
 'spider': ['trans_links']}
2020-02-05 23:30:01 [scrapy.core.engine] DEBUG: Crawled (200) <GET https://www.transtutors.com/questions/economics/67/> (referer: https://www.google.com/) ['cached']
2020-02-05 23:30:01 [scrapy.core.scraper] DEBUG: Scraped from <200 https://www.transtutors.com/questions/economics/66/>
{'category': ['economy'],
 'date': [datetime.datetime(2020, 2, 5, 23, 30, 1, 544658)],
 'link': ['https://www.transtutors.com/questions/an-engineering-firm-has-been-asked-to-deliver-a-bid-for-the-design-of-a-project-in-a-5184018.htm',
          'https://www.transtutors.com/questions/an-engineering-firm-has-been-asked-to-deliver-a-bid-for-the-design-of-a-project-in-a-5184017.htm',
          'https://www.transtutors.com/questions/need-help-on-this-engineering-econ-problem-thank-you-engineering-economics-1-homewor-5184016.htm',
          'https://www.transtutors.com/questions/engage-com-vide-deployed-10610130004149103309-cengage-mindtap-homework-ch-051-11-cal-5184015.htm',
          'https://www.transtutors.com/questions/energizer-holdings-initially-produced-only-its-namesake-batteries-over-the-years-it--5184014.htm',
          'https://www.transtutors.com/questions/at-the-end-of-2007-the-government-had-a-debt-of-about-5-000-billion-during-2007-real-5184013.htm',
          'https://www.transtutors.com/questions/if-an-employee-sends-out-an-email-during-his-time-at-work-stating-his-own-opinions-a-5184012.htm',
          'https://www.transtutors.com/questions/you-are-employed-by-matthew-39-s-construction-company-matthew-39-s-has-a-401-k-plan--5184011.htm',
          'https://www.transtutors.com/questions/empirically-aggregate-investment-is-procyclical-derive-investment-demand-assuming-pe-5184010.htm',
          'https://www.transtutors.com/questions/emma-owns-her-own-business-selling-stained-glass-windows-which-is-the-best-example-o-5184009.htm',
          'https://www.transtutors.com/questions/elsie-39-s-dairy-products-produces-cheese-h-and-milk-m-elsie-39-s-total-cost-equatio-5184008.htm',
          'https://www.transtutors.com/questions/please-explain-if-all-else-is-equal-what-is-likely-to-happen-when-the-bank-of-canada-5184007.htm',
          'https://www.transtutors.com/questions/elmer-and-mary-miller-both-35-years-old-live-with-their-five-children-in-the-main-ho-5184006.htm',
          'https://www.transtutors.com/questions/if-electricity-producers-create-a-negative-externality-equal-to-5-per-unit-then-we-c-5184005.htm',
          'https://www.transtutors.com/questions/here-are-elasticities-of-four-goods-for-good-a-0-05-for-good-b-0-8-for-good-c-1-8-an-5184004.htm',
          'https://www.transtutors.com/questions/a-elastic-many-elastic-few-inelastic-few-d-inelastic-many-c-figure-4-equilibrium-in--5184003.htm',
          'https://www.transtutors.com/questions/el-2010-economica-2100-my1inal-exam-version-during-the-class-in-the-p-a-drawbacks-of-5184002.htm',
          'https://www.transtutors.com/questions/eing-equal-inflation-depende-bas-27-a-ding-to-the-philips-cure-other-things-bei-1-ex-5184001.htm',
          'https://www.transtutors.com/questions/what-is-the-most-egregious-example-of-rent-seeking-within-the-firm-or-division-you-h-5184000.htm',
          'https://www.transtutors.com/questions/what-effects-would-each-of-the-following-have-on-aggregate-demand-or-aggregate-suppl-5183999.htm',
          'https://www.transtutors.com/questions/what-effectivelinterest-rate-per-6-months-is-equivalent-to-14-per-year-compounded-se-5183998.htm',
          'https://www.transtutors.com/questions/if-effective-monthly-interest-rate-0-77-what-is-the-effective-annual-interest-rate-5183997.htm',
          'https://www.transtutors.com/questions/how-effective-has-foreign-aid-been-as-a-means-of-developing-countries-why-why-do-lan-5183996.htm',
          'https://www.transtutors.com/questions/label-each-cost-curve-in-the-following-graph-editor-ik-pens-shape-math-convert-canva-5183995.htm',
          'https://www.transtutors.com/questions/edit-edit-refer-to-the-following-figure-which-shows-a-demand-and-supply-diagram-for--5183994.htm',
          'https://www.transtutors.com/questions/ection-b-answer-all-parts-of-this-section-use-a-new-answer-sheet-5-20-a-a-perfectly--5183993.htm',
          'https://www.transtutors.com/questions/in-an-economy-there-are-two-consumers-a-and-b-and-two-goods-1-and-2-the-consumers-ha-5183992.htm',
          'https://www.transtutors.com/questions/question-v-to-question-viii-thank-you-an-economy-has-three-agents-a-b-and-c-and-thre-5183991.htm',
          'https://www.transtutors.com/questions/an-economy-has-three-agents-a-b-and-c-and-three-goods-1-2-and-3-the-endowments-of-th-5183990.htm',
          'https://www.transtutors.com/questions/an-economy-is-in-short-run-equilibrium-the-demand-for-private-consumption-increased--5183989.htm',
          'https://www.transtutors.com/questions/if-an-economy-saves-30-percent-of-any-increase-in-real-gross-domestic-product-gdp-th-5183988.htm',
          'https://www.transtutors.com/questions/when-an-economy-grows-over-the-long-run-as-in-the-mid-1990s-in-the-usa-a-the-das-shi-5183987.htm',
          'https://www.transtutors.com/questions/when-did-the-economy-grow-the-fastest-year-real-gdp-population-1-575-billion-22-mill-5183986.htm',
          'https://www.transtutors.com/questions/an-economy-has-the-following-total-transactions-input-output-matrix-agriculture-manu-5183985.htm',
          'https://www.transtutors.com/questions/the-economy-event-then-identify-the-policy-solution-by-name-policy-choices-fiscal-go-5183984.htm',
          'https://www.transtutors.com/questions/the-economy-of-elmedyn-contains-2000-1-bills-if-people-hold-all-money-as-currency-wh-5183983.htm',
          'https://www.transtutors.com/questions/the-economy-of-elmedyn-contains-2000-1-bills-if-people-hold-equal-amounts-of-currenc-5183982.htm',
          'https://www.transtutors.com/questions/the-economy-of-elmedyn-contains-2000-1-bills-if-people-hold-equal-amounts-of-currenc-5183981.htm',
          'https://www.transtutors.com/questions/an-economy-is-described-by-the-following-equations-points-c-2-600-0-8-y-t-10-000r-ip-5183980.htm',
          'https://www.transtutors.com/questions/when-economists-talk-about-quot-optimal-outcomes-quot-in-the-marketplace-they-mean-t-5183979.htm',
          'https://www.transtutors.com/questions/economists-study-perfect-competition-a-because-many-real-world-markets-are-perfectl-5183978.htm',
          'https://www.transtutors.com/questions/economists-developed-dual-economy-models-in-order-to-explain-how-agriculture-can-hel-5183977.htm',
          'https://www.transtutors.com/questions/economists-agree-that-at-least-in-the-short-run-disinflation-period-of-higher-unempl-5183976.htm',
          'https://www.transtutors.com/questions/an-economist-would-say-that-39-scarcity-39-only-in-less-developed-countries-where-th-5183975.htm',
          'https://www.transtutors.com/questions/you-are-an-economist-in-the-internal-revenue-system-and-just-heard-of-a-plan-to-incr-5183974.htm',
          'https://www.transtutors.com/questions/you-are-an-economist-in-the-internal-revenue-system-and-just-heard-of-a-plan-to-incr-5183973.htm',
          'https://www.transtutors.com/questions/you-are-an-economist-in-the-internal-revenue-system-and-just-heard-of-a-plan-to-incr-5183972.htm',
          'https://www.transtutors.com/questions/economies-of-scale-scope-and-specialization-and-speed-may-indeed-impose-contradictor-5183971.htm',
          'https://www.transtutors.com/questions/economies-of-scale-implies-increasing-return-to-scale-true-or-false-explain-your-ans-5183970.htm',
          'https://www.transtutors.com/questions/economies-of-scale-is-a-concept-that-occurs-in-the-and-the-law-of-diminishing-margin-5183969.htm'],
 'project': ['trans'],
 'referring_link': ['https://www.transtutors.com/questions/economics/66/'],
 'spider': ['trans_links']}
2020-02-05 23:30:01 [scrapy.core.engine] DEBUG: Crawled (200) <GET https://www.transtutors.com/questions/economics/68/> (referer: https://www.google.com/) ['cached']
2020-02-05 23:30:01 [scrapy.core.scraper] DEBUG: Scraped from <200 https://www.transtutors.com/questions/economics/67/>
{'category': ['economy'],
 'date': [datetime.datetime(2020, 2, 5, 23, 30, 1, 736501)],
 'link': ['https://www.transtutors.com/questions/economies-of-scale-is-associated-with-a-rise-in-average-costs-as-output-increases-b--5183968.htm',
          'https://www.transtutors.com/questions/an-economics-school-has-just-completed-a-new-office-building-worth-500-000-000-a-cam-5183967.htm',
          'https://www.transtutors.com/questions/what-do-economics-mean-when-they-describe-management-as-a-techology-and-why-might-ma-5183966.htm',
          'https://www.transtutors.com/questions/in-economics-there-is-a-lot-of-focus-on-quot-development-quot-but-this-is-an-extreme-5183965.htm',
          'https://www.transtutors.com/questions/need-3-10-please-would-really-appreciate-it-economics-3410-final-instructions-please-5183964.htm',
          'https://www.transtutors.com/questions/economics-2001-18-refer-to-the-table-2-competitive-e-table-2-competitive-flem-the-pr-5183963.htm',
          'https://www.transtutors.com/questions/economics-1001-table-beves-16-refer-to-the-table-1-oil-pum-costs-we-sh-a-re-1-oil-pu-5183962.htm',
          'https://www.transtutors.com/questions/economics-1001-scenario-4-suppose-there-is-monopolistic-competition-in-the-market-fo-5183961.htm',
          'https://www.transtutors.com/questions/economics-1001-scenario-1-beer-sales-in-new-york-city-the-table-below-shows-a-repres-5183960.htm',
          'https://www.transtutors.com/questions/economics-1001-inaltam-21-which-of-the-following-is-incorrect-a-pollution-is-a-negat-5183959.htm',
          'https://www.transtutors.com/questions/question-16-and-17-economics-1001-final-exam-version-a-fall-2019-table-3-competitive-5183958.htm',
          'https://www.transtutors.com/questions/36-37-economics-1001-final-exam-version-a-fall-2019-scenario-3-colluding-companies--5183957.htm',
          'https://www.transtutors.com/questions/question-9-14-economics-1001-final-exam-version-a-fall-2019-scenario-1-beer-sales-in-5183956.htm',
          'https://www.transtutors.com/questions/23-24-economics-1001-final-exam-version-a-fall-2019-figure-4-mc-ac-aisha-888-1200-8-5183955.htm',
          'https://www.transtutors.com/questions/29-30-31-economics-1001-final-exam-version-a-fall-2019-28-refer-to-table-5-fishy-fri-5183954.htm',
          'https://www.transtutors.com/questions/economics-1001-final-exam-version-enario-3-coluding-companie-transportation-from-a-r-5183953.htm',
          'https://www.transtutors.com/questions/economics-1001-final-exam-version-b-fall-2-4-refer-to-figure-1-supply-and-dem-e-supp-5183952.htm',
          'https://www.transtutors.com/questions/all-of-these-economics-1001-fall-2019-final-exam-version-a-18-the-following-are-marg-5183951.htm',
          'https://www.transtutors.com/questions/39-economic-interdependency-convergence-in-consumer-preferences-labour-market-flexi-5183950.htm',
          'https://www.transtutors.com/questions/what-are-the-economic-costs-associated-with-using-fiscal-policy-monetary-policy-hint-5183949.htm',
          'https://www.transtutors.com/questions/you-are-an-economic-consultant-studying-firm-x-based-on-the-graphical-depiction-of-t-5183948.htm',
          'https://www.transtutors.com/questions/you-are-an-economic-consultant-for-the-aqua-agriculture-industry-you-are-in-a-positi-5183947.htm',
          'https://www.transtutors.com/questions/the-economic-boom-of-the-early-1940s-resulted-mostly-from-a-increased-government-exp-5183946.htm',
          'https://www.transtutors.com/questions/i-just-need-two-of-these-answered-the-subject-is-money-and-banking-econ3320-003-due--5183945.htm',
          'https://www.transtutors.com/questions/econ212-dec2017-pdf-9-12-the-taxis-d-e-producers-and-command-how-the-rothesis-partow-5183944.htm',
          'https://www.transtutors.com/questions/econ2113-chapter-8-assignment-monopolist-0-mc-30-atc-24-22-20-avc-d-10-mr-50-100-150-5183943.htm',
          'https://www.transtutors.com/questions/econ-help-please-fill-in-the-blanks-and-plot-the-three-lines-there-is-also-a-multipl-5183942.htm',
          'https://www.transtutors.com/questions/econ-2200-final-exam-page-9-of-15-12-16-2019-2-12-pts-when-the-price-of-a-good-a-inc-5183941.htm',
          'https://www.transtutors.com/questions/draw-a-graph-based-on-data-econ-101-micro-quantity-total-cost-p424-6-me-atc-1-5-2-3--5183940.htm',
          'https://www.transtutors.com/questions/the-second-photo-is-the-directions-use-p-41-2q-econ-101-micro-quantity-total-cost-mi-5183939.htm',
          'https://www.transtutors.com/questions/econ-101-or-econ-i-the-lemonade-stand-quantity-marginal-cost-mc-average-total-cost-a-5183938.htm',
          'https://www.transtutors.com/questions/with-ecomomic-analysis-tell-who-is-winning-the-trade-war-between-the-us-and-china-si-5183937.htm',
          'https://www.transtutors.com/questions/eco-labeling-has-been-used-to-skirt-wto-rulings-that-force-countries-to-treat-produc-5183936.htm',
          'https://www.transtutors.com/questions/eat-201-ecmom2100-my-llenalexam-version-b-pr-worker-in-te-and-cermany-is-given-by-th-5183935.htm',
          'https://www.transtutors.com/questions/how-do-the-east-asian-countries-pose-a-challenge-to-both-economic-liberals-and-to-de-5183934.htm',
          'https://www.transtutors.com/questions/in-the-early-1980s-the-treasury-yield-curve-had-a-severe-downward-slope-with-short-t-5183933.htm',
          'https://www.transtutors.com/questions/in-the-early-1970s-an-unexpected-productivity-slowdown-in-the-united-states-led-most-5183932.htm',
          'https://www.transtutors.com/questions/in-the-early-1970s-federal-reserve-chair-arthur-burns-announced-it-was-just-not-reas-5183931.htm',
          'https://www.transtutors.com/questions/in-the-early-1960s-the-kennedy-administration-made-considerable-use-of-a-fiscal-poli-5183930.htm',
          'https://www.transtutors.com/questions/ead-each-question-carefully-and-completely-and-select-or-en-ou-are-ready-to-begin-cl-5183928.htm',
          'https://www.transtutors.com/questions/eaam-5atm-21-see-the-egeilibeium-price-of-a-tube-of-toothpaste-is-2-and-the-governme-5183927.htm',
          'https://www.transtutors.com/questions/e9-of-22-questions-hint-assignment-score-793-2200-check-answer-9-question-0-100-pres-5183926.htm',
          'https://www.transtutors.com/questions/e-will-be-zero-by-the-year-zuzu-16-according-to-the-theory-you-learned-in-class-an--5183925.htm',
          'https://www.transtutors.com/questions/e-refers-to-home-country-39-s-exchange-rate-2-in-the-utopian-land-of-econ235-where--5183924.htm',
          'https://www.transtutors.com/questions/show-all-work-e-present-worth-pw-method-at-marr-the-marr-is-now-changed-to-9-what-wi-5183923.htm',
          'https://www.transtutors.com/questions/e-okojdueun-pue-esusaxe-alilil-jeai-pue-jej-iims-ese-uaddey-pad-jepou-t-si-eu-seop-j-5183922.htm',
          'https://www.transtutors.com/questions/e-laffer-and-other-supply-side-economists-believed-that-we-are-on-the-decreasing-por-5183921.htm',
          'https://www.transtutors.com/questions/e-internal-rate-of-retum-irr-for-alternative-b-is-closest-to-a-5-e-7-8-p-29-the-incr-5183920.htm',
          'https://www.transtutors.com/questions/multiple-choice-e-ii-multiple-choices-30-points-points-pachy-alexis-is-a-lawyer-she--5183919.htm',
          'https://www.transtutors.com/questions/e-d-apo-pp-h-dthe-pm-of5-pep-1-e-a-cimt-igrwk-b-y-21-tpene-5183918.htm'],
 'project': ['trans'],
 'referring_link': ['https://www.transtutors.com/questions/economics/67/'],
 'spider': ['trans_links']}
2020-02-05 23:30:01 [scrapy.core.engine] DEBUG: Crawled (200) <GET https://www.transtutors.com/questions/economics/69/> (referer: https://www.google.com/) ['cached']
2020-02-05 23:30:01 [scrapy.core.scraper] DEBUG: Scraped from <200 https://www.transtutors.com/questions/economics/68/>
{'category': ['economy'],
 'date': [datetime.datetime(2020, 2, 5, 23, 30, 1, 909591)],
 'link': ['https://www.transtutors.com/questions/e-commerce-2016-1-name-two-retail-product-categories-that-have-been-demonstrating-gr-5183917.htm',
          'https://www.transtutors.com/questions/jpg-10-pof-conve-chamaria-shoses-fit-girl-repacks-quiz-4-al-the-monopolists-prolil-m-5183916.htm',
          'https://www.transtutors.com/questions/e-6-points-dance-and-music-repertoires-in-nyc-are-dependent-on-each-others-choice-of-5183915.htm',
          'https://www.transtutors.com/questions/e-6-points-dance-and-music-repertoires-in-nyc-are-dependent-on-each-other-choice-of--5183914.htm',
          'https://www.transtutors.com/questions/e-out-of-5-00-p-flag-question-what-is-the-relationship-between-input-and-output-mark-5183913.htm',
          'https://www.transtutors.com/questions/e-16-of-22-ouestions-d-assignment-score-hint-1477-2200-check-answer-9-question-100-1-5183912.htm',
          'https://www.transtutors.com/questions/e-10-compute-the-net-present-value-npv-of-the-following-cash-flows-end-of-year-0-1-2-5183911.htm',
          'https://www.transtutors.com/questions/e-0-0-file-c-users-alams-app-2-of-5-2-given-the-cash-flows-calculate-the-unknown-val-5183910.htm',
          'https://www.transtutors.com/questions/please-answer-all-thank-you-durch-college-cuny-30-in-the-presence-of-heteroskedastic-5183909.htm',
          'https://www.transtutors.com/questions/please-explain-in-detail-dupulsun-11-8-a-decrease-in-the-population-growt-5183908.htm',
          'https://www.transtutors.com/questions/duopolists-carl-and-simon-face-a-demand-function-for-pumpkins-of-q-16-800-800p-where-5183907.htm',
          'https://www.transtutors.com/questions/dunston-21-the-connectivity-of-banks-buyers-sellers-and-institutions-that-arises-fro-5183906.htm',
          'https://www.transtutors.com/questions/same-question-with-all-answer-choices-dunenjsprcourse-assessment-ide-12957961-course-5183905.htm',
          'https://www.transtutors.com/questions/duestion-6-a-company-manutatures-and-sels-one-product-the-product-has-the-folowing-c-5183904.htm',
          'https://www.transtutors.com/questions/due-date-for-term-paper-the-date-of-the-final-exam-term-paper-atd-413-the-aim-of-thi-5183903.htm',
          'https://www.transtutors.com/questions/due-to-the-american-recovery-and-reinvestment-act-of-2009-the-stimulus-package-the-e-5183902.htm',
          'https://www.transtutors.com/questions/due-23-12-2019-monday-16-30-1-determine-whether-each-statement-below-is-true-or-fals-5183901.htm',
          'https://www.transtutors.com/questions/droblem-4-the-selow-graphs-20-points-show-the-impact-of-a-decrease-in-net-population-5183900.htm',
          'https://www.transtutors.com/questions/draw-a-supply-and-demand-graph-explain-the-shapes-and-explain-what-the-intersection--5183899.htm',
          'https://www.transtutors.com/questions/draw-a-supply-and-demand-diagram-for-each-part-below-to-show-what-will-happen-to-the-5183898.htm',
          'https://www.transtutors.com/questions/draw-a-set-of-indifference-curves-as-described-in-appendix-9a-depicting-a-franchise--5183897.htm',
          'https://www.transtutors.com/questions/draw-relevant-diagrams-and-explain-explain-the-neutrality-of-money-can-money-be-neut-5183896.htm',
          'https://www.transtutors.com/questions/draw-a-production-possibilities-frontier-showing-increasing-opportunity-cost-your-pp-5183895.htm',
          'https://www.transtutors.com/questions/draw-a-normal-curve-with-mean-value-of-and-standard-deviation-value-of-label-the-loc-5183894.htm',
          'https://www.transtutors.com/questions/draw-the-loanable-funds-market-for-each-country-and-show-what-happens-with-investme-5183893.htm',
          'https://www.transtutors.com/questions/draw-the-loanable-funds-market-for-each-country-and-show-what-happens-with-investme-5183892.htm',
          'https://www.transtutors.com/questions/draw-the-loanable-funds-market-for-each-country-and-show-what-happens-with-investme-5183891.htm',
          'https://www.transtutors.com/questions/draw-an-indifference-curve-diagram-to-illustrate-an-example-of-preferences-that-are--5183890.htm',
          'https://www.transtutors.com/questions/draw-a-hypothetical-market-for-televisions-assuming-that-pollution-is-caused-by-the--5183889.htm',
          'https://www.transtutors.com/questions/draw-a-graph-showing-the-effect-of-a-decrease-in-the-price-of-capital-on-the-combina-5183888.htm',
          'https://www.transtutors.com/questions/draw-a-graph-showing-the-effect-of-a-decrease-in-the-price-of-capital-on-the-combina-5183887.htm',
          'https://www.transtutors.com/questions/draw-a-graph-to-ilnstr-te-your-answers-when-applicable-and-make-sure-you-provide-a-d-5183886.htm',
          'https://www.transtutors.com/questions/draw-a-graph-to-illustrate-your-answers-when-applicable-and-make-sure-provide-a-deta-5183885.htm',
          'https://www.transtutors.com/questions/draw-and-explain-the-short-run-average-cost-curve-under-constant-returns-to-scale-5183884.htm',
          'https://www.transtutors.com/questions/draw-cfd-and-compute-the-rate-of-return-represented-by-the-cash-flow-year-1400-500-5-5183883.htm',
          'https://www.transtutors.com/questions/drag-a-body-from-below-then-write-abstract-for-the-body-summary-and-conclusion-topic-5183881.htm',
          'https://www.transtutors.com/questions/dr-herrera-was-also-describing-the-market-for-land-quotas-in-the-state-of-mato-gross-5183880.htm',
          'https://www.transtutors.com/questions/dow-help-fall-te-x-edu-webapps-assessment-take-launch-jsp-course-assessment-id-13464-5183879.htm',
          'https://www.transtutors.com/questions/i-dont-know-how-to-count-the-producer-surplus-of-the-question-4-5-marks-you-are-a-mo-5183878.htm',
          'https://www.transtutors.com/questions/i-don-39-t-know-how-to-draw-a-graph-for-this-chat-quantity-total-cosp-tr-pq-r-mc-pro-5183877.htm',
          'https://www.transtutors.com/questions/the-dominant-firm-model-can-help-us-understand-the-behavior-of-some-cartels-let-39-s-5183876.htm',
          'https://www.transtutors.com/questions/dollars-po-mc-atc-p1-a-f-p3-pa-p2-h-b-ps-d-q-iq3-q2-qas-r-quantity-of-output-the-pro-5183875.htm',
          'https://www.transtutors.com/questions/dj-uju-now-46-a-polynomial-regression-model-is-specified-as-a-y-bo-bxi-b2x-brx--5183874.htm',
          'https://www.transtutors.com/questions/question-6-7-djl-i-b-france-italy-c-italy-italy-d-italy-france-5-refer-to-the-table--5183873.htm',
          'https://www.transtutors.com/questions/diy-in-who-question-completion-status-nysowy-nysdm-p-coursesse-chase-burk-od-cloud-f-5183872.htm',
          'https://www.transtutors.com/questions/what-dividend-growth-rate-would-be-required-to-produce-a-cost-of-equity-capital-of-9-5183871.htm',
          'https://www.transtutors.com/questions/the-diversified-chemical-company-a-chemical-company-owns-one-good-performing-food-bu-5183870.htm',
          'https://www.transtutors.com/questions/dium-polls-inflation-the-inflation-rates-in-lebanon-for-the-last-three-years-were-es-5183869.htm',
          'https://www.transtutors.com/questions/distinguish-between-word-of-mouth-and-word-of-mouse-in-marketing-provide-a-good-exam-5183868.htm',
          'https://www.transtutors.com/questions/distinguish-between-obscenity-and-pornography-from-a-legal-perspective--5183867.htm'],
 'project': ['trans'],
 'referring_link': ['https://www.transtutors.com/questions/economics/68/'],
 'spider': ['trans_links']}
2020-02-05 23:30:02 [scrapy.core.engine] DEBUG: Crawled (200) <GET https://www.transtutors.com/questions/economics/70/> (referer: https://www.google.com/) ['cached']
2020-02-05 23:30:02 [scrapy.core.scraper] DEBUG: Scraped from <200 https://www.transtutors.com/questions/economics/69/>
{'category': ['economy'],
 'date': [datetime.datetime(2020, 2, 5, 23, 30, 2, 54488)],
 'link': ['https://www.transtutors.com/questions/distinguish-and-explain-two-forms-of-dead-capital-refer-to-hernando-de-soto-and-timo-5183866.htm',
          'https://www.transtutors.com/questions/if-disposable-income-200-billion-and-the-aps-0-9-then-saving-90-billion-saving-45-bi-5183865.htm',
          'https://www.transtutors.com/questions/disinflation-is-like-slowing-a-car-down-whereas-deflation-is-like-putting-the-car-in-5183864.htm',
          'https://www.transtutors.com/questions/this-is-a-discussion-post-that-must-be-answered-in-detail-more-than-150-words-it-is--5183863.htm',
          'https://www.transtutors.com/questions/discuss-your-viewpoints-on-today-s-global-investment-scenario-and-do-you-think-that--5183862.htm',
          'https://www.transtutors.com/questions/discuss-how-the-uk-has-benefited-from-globalization-and-international-trade--5183861.htm',
          'https://www.transtutors.com/questions/discuss-strong-sustainability-and-weak-sustainability-and-evaluate-these-terms-in-th-5183860.htm',
          'https://www.transtutors.com/questions/a-discuss-the-shape-of-as-and-ad-curves-and-how-it-helps-in-determining-the-short-te-5183859.htm',
          'https://www.transtutors.com/questions/discuss-the-role-and-potential-importance-of-research-studies-that-examine-the-cost--5183858.htm',
          'https://www.transtutors.com/questions/discuss-role-play-by-bank-in-the-monetary-system-how-do-bank-create-money--5183857.htm',
          'https://www.transtutors.com/questions/discuss-role-play-by-bank-in-the-monetary-system-how-do-bank-create-money-10-marks--5183856.htm',
          'https://www.transtutors.com/questions/discuss-real-estate-development-fund-in-saudi-arabia-and-how-they-implement-2030-vis-5183855.htm',
          'https://www.transtutors.com/questions/discuss-the-production-and-cost-functions-of-a-typical-firm--5183854.htm',
          'https://www.transtutors.com/questions/discuss-the-merits-of-arlene-ball-s-lawsuit-did-the-company-do-enough-to-have-the-su-5183853.htm',
          'https://www.transtutors.com/questions/discuss-the-following-statements-1-the-relative-bargaining-power-of-workers-versus-f-5183851.htm',
          'https://www.transtutors.com/questions/discuss-the-fiscal-policy-implemented-by-the-uk-government-in-2018--5183850.htm',
          'https://www.transtutors.com/questions/discuss-the-factors-that-an-entrepreneur-should-consider-while-selecting-the-form-of-5183849.htm',
          'https://www.transtutors.com/questions/discuss-the-effectiveness-of-monetary-and-fiscal-policy-in-a-liquidity-trap--5183848.htm',
          'https://www.transtutors.com/questions/discuss-the-determinants-of-demand-listed-below-for-a-specific-good-peanut-butter-fo-5183847.htm',
          'https://www.transtutors.com/questions/a-disadvantage-associated-with-in-kind-transfers-to-reduce-poverty-is-that-they-a-do-5183844.htm',
          'https://www.transtutors.com/questions/ecg-signal-impact-on-these-sectors-direct-positive-local-immediate-high-justificatio-5183843.htm',
          'https://www.transtutors.com/questions/why-is-it-difficult-for-voters-to-learn-about-judicial-candidates-in-texas-voters-ar-5183842.htm',
          'https://www.transtutors.com/questions/differentiate-between-an-overstored-location-and-an-understore-location-provide-exam-5183841.htm',
          'https://www.transtutors.com/questions/what-are-the-differences-between-international-company-global-company-transnational--5183840.htm',
          'https://www.transtutors.com/questions/the-difference-between-the-short-run-and-the-long-run-is-that-a-in-the-long-run-the--5183839.htm',
          'https://www.transtutors.com/questions/what-is-the-difference-between-a-need-and-a-want-state-and-explain-the-three-3-basic-5183838.htm',
          'https://www.transtutors.com/questions/what-is-the-difference-between-economic-profit-and-producer-surplus-o-a-producer-sur-5183837.htm',
          'https://www.transtutors.com/questions/difference-curves-an-increase-in-total-utility-is-represented-by-in-terms-of-indiffe-5183836.htm',
          'https://www.transtutors.com/questions/what-is-the-difference-between-classicals-neo-classicals-and-keynessians-economic-th-5183835.htm',
          'https://www.transtutors.com/questions/what-are-the-difference-between-cage-and-pestel-analysis-in-which-context-we-need-to-5183834.htm',
          'https://www.transtutors.com/questions/diem-3-excise-tax-and-rent-control-25-points-the-market-for-apartments-a-supply-give-5183832.htm',
          'https://www.transtutors.com/questions/diego-earned-59-000-of-nominal-income-in-2017-the-cpi-is-242-for-2017-diego-earned-6-5183831.htm',
          'https://www.transtutors.com/questions/diagram-1-related-to-q19-and-q20-s2-so-s-b-e-a-pd-quantity-19-from-diagram-1-a-chang-5183830.htm',
          'https://www.transtutors.com/questions/di-t-towe-6-refer-to-the-above-data-disposable-income-5511-billion-3-5659-billion-c--5183829.htm',
          'https://www.transtutors.com/questions/why-should-developing-countries-be-interested-in-active-labour-market-policies-and-h-5183828.htm',
          'https://www.transtutors.com/questions/using-the-graph-in-1-answer-question-all-of-2-determining-a-nation-39-s-gdp-and-gdi--5183827.htm',
          'https://www.transtutors.com/questions/a-what-determines-the-price-in-a-market-b-why-is-this-price-considered-efficient-c--5183826.htm',
          'https://www.transtutors.com/questions/determine-the-value-of-won-the-right-hand-side-of-the-accompanying-diagram-that-make-5183825.htm',
          'https://www.transtutors.com/questions/determine-the-value-of-euaw-from-the-cash-flow-diagram-shown-below-2000-7-500-e-s328-5183824.htm',
          'https://www.transtutors.com/questions/determine-the-marginal-product-of-labor-and-the-marginal-product-of-capital-explain--5183823.htm',
          'https://www.transtutors.com/questions/determine-if-the-following-statements-are-correct-and-then-explain-briefly-a-policym-5183822.htm',
          'https://www.transtutors.com/questions/determine-the-f-p-factor-for-3-years-at-an-interest-rate-of-8-per-year-compounded-qu-5183821.htm',
          'https://www.transtutors.com/questions/destion-46-a-multinational-non-profit-organization-that-works-on-international-human-5183820.htm',
          'https://www.transtutors.com/questions/despu-partit-points-explain-what-is-true-that-for-them-in-a-perfectly-competitive-at-5183819.htm',
          'https://www.transtutors.com/questions/design-mockexam-fal-2019-references-mailings-review-aa-a-s-e-view-layout-a-a-9-5-arl-5183818.htm',
          'https://www.transtutors.com/questions/deshaun-decides-to-complete-his-last-year-of-college-clemson-and-get-his-bachelor-de-5183817.htm',
          'https://www.transtutors.com/questions/a-description-of-at-least-one-potential-benefit-of-using-big-data-as-part-of-a-clini-5183816.htm',
          'https://www.transtutors.com/questions/describe-a-trade-policy-that-would-help-grow-the-us-economy-include-how-and-why-it-w-5183815.htm',
          'https://www.transtutors.com/questions/describe-a-trade-policy-that-would-help-grow-the-us-economy-include-how-and-why-it-w-5183814.htm',
          'https://www.transtutors.com/questions/describe-the-three-schools-of-thought-and-provide-an-example-of-each-give-details-5183813.htm'],
 'project': ['trans'],
 'referring_link': ['https://www.transtutors.com/questions/economics/69/'],
 'spider': ['trans_links']}
2020-02-05 23:30:02 [scrapy.core.engine] DEBUG: Crawled (200) <GET https://www.transtutors.com/questions/economics/71/> (referer: https://www.google.com/) ['cached']
2020-02-05 23:30:02 [scrapy.core.scraper] DEBUG: Scraped from <200 https://www.transtutors.com/questions/economics/70/>
{'category': ['economy'],
 'date': [datetime.datetime(2020, 2, 5, 23, 30, 2, 228489)],
 'link': ['https://www.transtutors.com/questions/describe-three-different-channels-through-which-capital-moves-from-where-it-is-abund-5183812.htm',
          'https://www.transtutors.com/questions/describe-the-sampling-distribution-of-p-the-proportion-of-homes-with-credit-card-de-5183811.htm',
          'https://www.transtutors.com/questions/describe-the-role-of-the-criminal-justice-system-today-and-based-on-current-challeng-5183810.htm',
          'https://www.transtutors.com/questions/describe-population-and-migration-policies-that-would-help-grow-the-us-economy-inclu-5183809.htm',
          'https://www.transtutors.com/questions/describe-population-and-migration-policies-that-would-help-grow-the-us-economy-inclu-5183808.htm',
          'https://www.transtutors.com/questions/describe-how-income-effect-and-substitution-effect-are-related-to-indifference-curve-5183807.htm',
          'https://www.transtutors.com/questions/describe-the-future-trend-relating-to-sustainable-profit-levels-of-the-automobile-in-5183806.htm',
          'https://www.transtutors.com/questions/describe-the-following-model-and-discuss-their-equilibriums-with-graph-1-monopsony-m-5183805.htm',
          'https://www.transtutors.com/questions/describe-economic-change-in-russia-and-china-since-2000-pay-attention-to-the-current-5183804.htm',
          'https://www.transtutors.com/questions/describe-the-different-levels-of-regional-economic-integration--5183803.htm',
          'https://www.transtutors.com/questions/describe-and-assess-the-federal-reserve-policy-response-type-of-monetary-policies-an-5183802.htm',
          'https://www.transtutors.com/questions/derive-the-as-relation-and-draw-the-as-curve-explain-the-properties-of-as-relation-5183801.htm',
          'https://www.transtutors.com/questions/derive-the-as-relation-and-draw-the-as-curve-explain-the-properties-of-as-relation--5183800.htm',
          'https://www.transtutors.com/questions/derive-the-as-relation-and-draw-the-as-curve-explain-the-properties-of-as-relation-5183799.htm',
          'https://www.transtutors.com/questions/how-do-i-draw-the-graph-derive-and-plot-olivia-39-s-demand-eurve-for-pie-if-she-eats-5183798.htm',
          'https://www.transtutors.com/questions/derive-the-ad-relation-using-is-lm-graphs-please-short-answer--5183795.htm',
          'https://www.transtutors.com/questions/what-was-the-deregulation-movement-all-about--5183794.htm',
          'https://www.transtutors.com/questions/if-depository-insurance-exists-bank-managers-may-make-riskier-loans-than-they-would--5183793.htm',
          'https://www.transtutors.com/questions/you-are-depositing-100-every-month-starting-today-month-0-into-a-savings-account-tha-5183792.htm',
          'https://www.transtutors.com/questions/how-does-democracy-affect-economic-development--5183791.htm',
          'https://www.transtutors.com/questions/demand-supply-p-qd-p-qs-10-60-10-30-20-55-20-40-30-50-30-50-40-45-40-60-using-the-ab-5183790.htm',
          'https://www.transtutors.com/questions/demand-and-supply-in-a-market-are-described-by-the-equations-q-120-8p-q-6-4p-a-find--5183789.htm',
          'https://www.transtutors.com/questions/if-the-demand-for-product-x-is-perfectly-elastic-and-the-supply-of-product-x-decrea-5183788.htm',
          'https://www.transtutors.com/questions/if-demand-is-p-80-2q-and-supply-is-p-20-3q-what-is-the-value-of-the-consumer-surplus-5183787.htm',
          'https://www.transtutors.com/questions/the-demand-equation-for-a-single-price-monopolist-is-p-50-q-the-marginal-revenue-equ-5183786.htm',
          'https://www.transtutors.com/questions/the-demand-equation-for-the-output-of-a-monopolist-is-p-120-5q-total-cost-is-given-b-5183785.htm',
          'https://www.transtutors.com/questions/the-demand-equation-for-the-output-of-a-monopolist-is-p-120-5q-total-cost-is-given-b-5183784.htm',
          'https://www.transtutors.com/questions/the-demand-equation-for-the-output-of-a-monopolist-is-p-120-5q-total-cost-is-given-b-5183783.htm',
          'https://www.transtutors.com/questions/demand-data-cost-data-1-2-price-price-3-total-quantity-output-cost-11-00-10-00-6-6-6-5183782.htm',
          'https://www.transtutors.com/questions/the-demand-for-apples-for-korea-is-given-by-q-175-5p-the-supply-of-applies-is-given--5183781.htm',
          'https://www.transtutors.com/questions/if-a-delivery-is-not-delivered-in-time-making-your-business-not-being-able-to-perfor-5183780.htm',
          'https://www.transtutors.com/questions/del-has-the-least-number-of-29-which-market-mod-a-monopolistic-competition-b-pure-co-5183779.htm',
          'https://www.transtutors.com/questions/a-what-is-the-definition-of-price-elasticitiy-of-demand-b-suppose-the-demand-functi-5183778.htm',
          'https://www.transtutors.com/questions/by-definition-aggregate-income-must-be-saved-or-spent-this-means-y-c-s-we-also-know--5183777.htm',
          'https://www.transtutors.com/questions/it-is-definitely-possible-that-while-the-demand-for-one-product-is-elastic-for-you-i-5183776.htm',
          'https://www.transtutors.com/questions/define-three-types-of-elasticity-of-demand-indicate-how-you-would-use-information-fr-5183775.htm',
          'https://www.transtutors.com/questions/define-each-of-the-following-four-terms-and-concept-tnc-transnationalization-and-ocl-5183773.htm',
          'https://www.transtutors.com/questions/define-and-explain-3-tools-of-monetary-policy-a-reserve-requirements-b-open-market-o-5183771.htm',
          'https://www.transtutors.com/questions/help-decrease-relative-to-the-previous-model-hint-which-is-closer-to-how-a-purely-co-5183768.htm',
          'https://www.transtutors.com/questions/a-decrease-in-investment-causes-the-price-level-to-in-the-short-run-and-in-the-long--5183767.htm',
          'https://www.transtutors.com/questions/a-decrease-in-gdp-always-lowers-the-equilibrium-yield-on-bonds-true-or-false--5183766.htm',
          'https://www.transtutors.com/questions/you-decide-to-start-running-a-mining-pool-which-will-charge-a-1-fee-before-distribut-5183765.htm',
          'https://www.transtutors.com/questions/you-decide-to-start-running-a-mining-pool-which-will-charge-a-1-fee-before-distribut-5183764.htm',
          'https://www.transtutors.com/questions/the-debt-to-gdp-ratio-is-higher-a-the-lower-the-real-interest-rate-b-the-higher-is-t-5183763.htm',
          'https://www.transtutors.com/questions/first-answer-insnt-hyerinflation-the-bottom-isnt-5-5-a-debate-that-regularly-occurs--5183762.htm',
          'https://www.transtutors.com/questions/a-debate-that-regularly-occurs-in-congress-concerns-raising-the-debt-ceiling-allowin-5183761.htm',
          'https://www.transtutors.com/questions/dear-econ-experts-our-prof-is-challenging-us-with-this-final-take-home-exam-and-he-s-5183760.htm',
          'https://www.transtutors.com/questions/i-he-a-de-5183759.htm',
          'https://www.transtutors.com/questions/dcc-703-micro-economics-assignment-historically-the-rate-of-growth-of-output-over-ti-5183758.htm',
          'https://www.transtutors.com/questions/david-ricardo-claims-that-quot-to-determine-the-laws-which-regulate-this-distributio-5183757.htm'],
 'project': ['trans'],
 'referring_link': ['https://www.transtutors.com/questions/economics/70/'],
 'spider': ['trans_links']}
2020-02-05 23:30:02 [scrapy.core.engine] DEBUG: Crawled (200) <GET https://www.transtutors.com/questions/economics/72/> (referer: https://www.google.com/) ['cached']
2020-02-05 23:30:02 [scrapy.core.scraper] DEBUG: Scraped from <200 https://www.transtutors.com/questions/economics/71/>
{'category': ['economy'],
 'date': [datetime.datetime(2020, 2, 5, 23, 30, 2, 406028)],
 'link': ['https://www.transtutors.com/questions/date-name-1-the-taylor-rule-is-an-example-of-a-inflation-targeting-b-monetary-target-5183756.htm',
          'https://www.transtutors.com/questions/data-set-for-africa-countries-in-excel-i-need-a-data-set-on-sovereign-spread-of-some-5183755.htm',
          'https://www.transtutors.com/questions/data-last-year-employees-in-a-firm-worked-an-average-of-62-hrs-of-overtime-with-a-s-5183754.htm',
          'https://www.transtutors.com/questions/the-data-were-entered-into-a-computerized-regression-program-and-the-following-resul-5183753.htm',
          'https://www.transtutors.com/questions/the-data-were-entered-into-a-computerized-regression-program-and-the-following-resul-5183752.htm',
          'https://www.transtutors.com/questions/why-do-data-on-the-di-erences-between-the-compensation-of-union-and-non-union-worker-5183751.htm',
          'https://www.transtutors.com/questions/dassignment-score-lgive-up-q-hint-12-of-22-questions-1092-2200-check-answer-9-questi-5183750.htm',
          'https://www.transtutors.com/questions/das-c-an-immediate-decrease-iii-d-none-of-the-above-12-a-tax-cut-combined-with-tight-5183749.htm',
          'https://www.transtutors.com/questions/danielle-recently-moved-to-the-united-states-with-10-000-of-acceptable-currency-that-5183748.htm',
          'https://www.transtutors.com/questions/dan-a-licensed-broker-has-no-written-agreement-with-a-seller-or-a-prospective-buyer--5183747.htm',
          'https://www.transtutors.com/questions/0-the-following-sample-information-shows-the-number-of-defective-unit-quot-src-quot--5183746.htm',
          'https://www.transtutors.com/questions/daily-demand-for-workers-in-a-perfect-competitive-labor-and-product-markets-workers--5183745.htm',
          'https://www.transtutors.com/questions/d2-d1-10-refer-to-the-figure-above-moving-from-demand-curve-di-to-demand-curve-d2-co-5183744.htm',
          'https://www.transtutors.com/questions/d-question-7-15-pts-the-creation-of-the-energy-drink-market-red-bull-drin-red-bull-d-5183743.htm',
          'https://www.transtutors.com/questions/d-question-52-1-21-when-the-u-s-aggregate-demand-curve-shifted-to-the-left-during-th-5183742.htm',
          'https://www.transtutors.com/questions/d-question-17-1-pts-tender-occurs-when-a-party-makes-an-offer-of-performance-for-3-x-5183741.htm',
          'https://www.transtutors.com/questions/d-question-16-2-5-pts-figure-14-1-suppose-that-a-firm-in-a-competitive-market-has-th-5183740.htm',
          'https://www.transtutors.com/questions/d-question-1-2-5-pts-figure-16-2-this-figure-depicts-a-situation-in-a-monopolistical-5183739.htm',
          'https://www.transtutors.com/questions/d-popuranon-problem-f-obulorio-oobivs-duons-od-through-the-career-services-office-yo-5183738.htm',
          'https://www.transtutors.com/questions/d-m-l-ilul-e-ese-essays-up-a-gdp-is-defined-as-the-market-value-of-all-final-goods-a-5183737.htm',
          'https://www.transtutors.com/questions/d-only-ii-is-correct-8-in-irving-fisher-39-s-two-period-model-if-the-consumer-is-ini-5183736.htm',
          'https://www.transtutors.com/questions/d-the-following-figure-shows-domestic-demand-and-supply-of-dulcimers-along-with-a-fr-5183735.htm',
          'https://www.transtutors.com/questions/d-e-sesde-o-1000-quantity-of-mercury-ons-examine-the-figure-three-forms-that-pollute-5183734.htm',
          'https://www.transtutors.com/questions/d-e-l-m-n-o-a-a-b-c-1-econ-101-micro-quantity-total-cost-108-36-te-ain-39-t-picture--5183733.htm',
          'https://www.transtutors.com/questions/d-demand-for-cigars-and-supply-of-cigars-both-increase-6-which-of-the-following-woul-5183732.htm',
          'https://www.transtutors.com/questions/d-compensates-for-negative-job-characteristics-2-in-the-household-production-model-a-5183731.htm',
          'https://www.transtutors.com/questions/d-based-on-the-table-below-answer-the-following-questions-quantity-of-real-quantity--5183730.htm',
          'https://www.transtutors.com/questions/d-always-equal-to-population-mean-17-a-company-has-developed-a-new-battery-but-the-a-5183729.htm',
          'https://www.transtutors.com/questions/d-acquisition-from-government-databases-7-in-the-lifecycle-of-a-product-the-growth-s-5183728.htm',
          'https://www.transtutors.com/questions/the-cyclically-adjusted-budget-is-calculated-at-potential-gdp-true-or-false--5183727.htm',
          'https://www.transtutors.com/questions/currently-these-two-brews-are-the-only-craft-beers-sold-in-the-town-of-geneva-the-tw-5183726.htm',
          'https://www.transtutors.com/questions/current-situation-in-the-home-market-there-are-7-monopolistic-competitive-firms-in-t-5183725.htm',
          'https://www.transtutors.com/questions/current-situation-in-the-home-market-there-are-7-monopolistic-competitive-firms-in-t-5183724.htm',
          'https://www.transtutors.com/questions/at-the-current-output-level-a-farmer-39-s-marginal-cost-of-producing-sugar-is-0-44-i-5183723.htm',
          'https://www.transtutors.com/questions/what-is-the-current-natural-rate-of-unemployment-how-did-it-change-in-the-past-30-ye-5183722.htm',
          'https://www.transtutors.com/questions/the-current-administration-in-the-u-s-has-decreased-the-corporate-tax-rates-to-gener-5183721.htm',
          'https://www.transtutors.com/questions/currency-exchange-practice-on-paper-draw-both-currency-graphs-with-the-dollar-market-5183720.htm',
          'https://www.transtutors.com/questions/currency-1-000-checking-account-balances-2-000-savings-account-balances-5-000-small--5183719.htm',
          'https://www.transtutors.com/questions/to-cure-possible-indefinitely-high-inflation-with-respect-to-the-ae-curve-government-5183718.htm',
          'https://www.transtutors.com/questions/culemragnnawkmal-dreout-of-50-see-hint-part-1-0-5-point-last-year-you-bought-a-house-5183717.htm',
          'https://www.transtutors.com/questions/ctice-quiz-with-worked-out-solutions-1-sunshine-music-shop-bought-a-stereo-for-800-a-5183716.htm',
          'https://www.transtutors.com/questions/csic-puits-you-are-ready-to-begin-click-the-quot-take-the-quiz-quot-button-click-quo-5183715.htm',
          'https://www.transtutors.com/questions/crowding-out-is-the-idea-that-an-increase-in-government-spending-may-cause-a-reducti-5183714.htm',
          'https://www.transtutors.com/questions/critically-and-briefly-describe-the-following-conventional-monetary-policy-tools-and-5183713.htm',
          'https://www.transtutors.com/questions/critically-appraise-the-following-scenarios-in-relation-to-elasticities-in-economic--5183712.htm',
          'https://www.transtutors.com/questions/critical-thinking-why-is-international-trade-better-for-all-countries-than-an-attemp-5183711.htm',
          'https://www.transtutors.com/questions/critical-analysis-questions-ch-07--5183710.htm',
          'https://www.transtutors.com/questions/crescendo-quot-is-an-expression-that-refers-to-timbre-tempo-dynamics-harmony-the-dot-5183709.htm',
          'https://www.transtutors.com/questions/create-a-tool-that-can-assess-predict-possible-readmission-to-the-hospital--5183708.htm',
          'https://www.transtutors.com/questions/can-you-create-an-advertising-brief-and-visual-component-for-the-company-krispy-krem-5183707.htm'],
 'project': ['trans'],
 'referring_link': ['https://www.transtutors.com/questions/economics/71/'],
 'spider': ['trans_links']}
2020-02-05 23:30:02 [scrapy.core.engine] DEBUG: Crawled (200) <GET https://www.transtutors.com/questions/economics/73/> (referer: https://www.google.com/) ['cached']
2020-02-05 23:30:02 [scrapy.core.scraper] DEBUG: Scraped from <200 https://www.transtutors.com/questions/economics/72/>
{'category': ['economy'],
 'date': [datetime.datetime(2020, 2, 5, 23, 30, 2, 558927)],
 'link': ['https://www.transtutors.com/questions/if-the-cpi-was-170-at-the-end-of-last-year-and-162-at-the-end-of-this-year-the-infla-5183706.htm',
          'https://www.transtutors.com/questions/covered-interest-parity-4-points-let-39-s-explore-the-exchange-rate-between-cambodia-5183705.htm',
          'https://www.transtutors.com/questions/how-do-i-interpret-these-values-covariance-correlation-coefficient-0-646-71181-986-5183704.htm',
          'https://www.transtutors.com/questions/if-a-court-orders-a-payment-to-a-consumer-for-a-licensee-39-s-license-violation-who--5183703.htm',
          'https://www.transtutors.com/questions/course-expian-wny-and-describe-how-you-plan-to-apply-it-what-can-you-do-to-continue--5183702.htm',
          'https://www.transtutors.com/questions/a-cournot-oligopoly-market-consists-of-5-firms-the-equilibrium-market-price-and-quan-5183701.htm',
          'https://www.transtutors.com/questions/cournot-duopolists-will-incur-lower-profits-if-multiple-choice-the-firms-simultaneou-5183700.htm',
          'https://www.transtutors.com/questions/a-couple-of-years-ago-the-company-health4all-purchased-land-a-building-and-two-depre-5183699.htm',
          'https://www.transtutors.com/questions/a-couple-sold-an-investment-property-for-a-realized-gain-of-58-000-do-they-have-to-r-5183698.htm',
          'https://www.transtutors.com/questions/country-x-and-country-y-are-two-neighboring-countries-which-are-experiencing-recessi-5183697.htm',
          'https://www.transtutors.com/questions/the-country-of-terronland-contains-2-000-1-bills-a-if-people-hold-all-money-as-curre-5183696.htm',
          'https://www.transtutors.com/questions/a-country-39-s-exchange-rate-versus-other-countries-39-is-influenced-by-a-number-of--5183695.htm',
          'https://www.transtutors.com/questions/a-country-has-a-growth-rate-of-3-government-spending-is-60-billion-units-of-currency-5183694.htm',
          'https://www.transtutors.com/questions/a-country-has-to-decide-how-to-invest-the-money-received-from-the-green-climate-fund-5183693.htm',
          'https://www.transtutors.com/questions/some-countries-have-fixed-exchange-rate-systems-instead-of-flexible-exchange-rate-sy-5183692.htm',
          'https://www.transtutors.com/questions/urgent-help-me-moving-to-another-question-will-save-this-response-question-9-it-is-e-5183691.htm',
          'https://www.transtutors.com/questions/what-could-be-the-reason-why-the-market-risk-premium-of-a-compant-is-higher-then-the-5183690.htm',
          'https://www.transtutors.com/questions/cost-exceeds-marginal-revenue-sinal-cost-curve-are-the-same-e-the-same-curve-true-or-5183689.htm',
          'https://www.transtutors.com/questions/cost-exceeds-marginal-revenue-binal-cost-curve-are-the-same-re-the-same-curve-true-o-5183688.htm',
          'https://www.transtutors.com/questions/a-cost-that-changes-in-total-dollar-amount-with-the-change-in-the-level-of-activity--5183687.htm',
          'https://www.transtutors.com/questions/correct-option-is-b-but-can-ya-give-the-steps-and-explain-points-a-and-b-are-two-bun-5183686.htm',
          'https://www.transtutors.com/questions/125-un-t-bl-in-150-gt-125-stable-since-156-25-gt-150-o-oo-o-un-t-bl-in-quot-s-5183685.htm',
          'https://www.transtutors.com/questions/a-corporation-with-a-39-combined-income-tax-rate-is-considering-the-following-invest-5183684.htm',
          'https://www.transtutors.com/questions/the-corporate-income-tax-o-is-a-tax-on-a-corporation-39-s-profits-o-has-risen-as-a-p-5183683.htm',
          'https://www.transtutors.com/questions/corporate-headquarters-build-taller-office-buildings-near-the-center-of-the-city-to--5183682.htm',
          'https://www.transtutors.com/questions/a-corporate-bond-pays-4-of-its-face-value-once-per-year-if-this-5-000-10-year-bond-s-5183681.htm',
          'https://www.transtutors.com/questions/a-core-part-of-the-theory-of-nonrenewable-resources-such-as-fossil-fuels-minerals-an-5183680.htm',
          'https://www.transtutors.com/questions/a-copyright-or-patent-issued-for-the-firm-b-government-regulation-c-the-firm-is-owne-5183679.htm',
          'https://www.transtutors.com/questions/options-efficient-binding-perfectly-elastic-non-binding-copy-of-use-the-graph-below--5183678.htm',
          'https://www.transtutors.com/questions/vinap-tes-quot-src-quot-https-files-transtutors-com-cdn-qimg-a867a177bb55466c829aa83-5183677.htm',
          'https://www.transtutors.com/questions/convention-a-statement-is-true-if-it-is-always-true-if-it-is-always-false-or-true-on-5183676.htm',
          'https://www.transtutors.com/questions/continue-with-the-plan-and-adopt-do-nothing-option-the-resale-value-is-considered-as-5183675.htm',
          'https://www.transtutors.com/questions/the-contingent-valuation-method-is-in-general-superior-to-indirect-methods-for-valui-5183674.htm',
          'https://www.transtutors.com/questions/contine-you-di-e-s-this-pow-you-not-es-planes-of-decimal-y-calculada-a-other-cal-l-e-5183673.htm',
          'https://www.transtutors.com/questions/content-c-apps-ne-x-chastel-6-x-1111126-x-chapter-1-heizer-x-918005-x-g-wos-bb-goog-5183672.htm',
          'https://www.transtutors.com/questions/1-2-6-8-9-consumption-possibilities-study-plan-9-1-use-the-following-data-to-work-pr-5183671.htm',
          'https://www.transtutors.com/questions/in-the-consumption-function-c-a-by-the-marginal-propensity-to-consume-is-represented-5183670.htm',
          'https://www.transtutors.com/questions/in-the-consumption-function-c-a-by-the-marginal-propensity-to-consume-is-represented-5183669.htm',
          'https://www.transtutors.com/questions/a-consumer-has-a-utility-function-u-x-y-ln-x-a-y-the-price-of-good-x-is-p-x-1-t-5183668.htm',
          'https://www.transtutors.com/questions/a-consumer-has-the-utility-function-u-x-y-5x-6xy-y2-38x-18y-a-determine-the-marginal-5183667.htm',
          'https://www.transtutors.com/questions/consumer-table-1-wlingness-to-pay-for-daskethall-speskers-wilingness-to-pay-mike-mag-5183666.htm',
          'https://www.transtutors.com/questions/consumer-surplus-unsure-about-how-yo-go-about-finding-the-answer-3-here-you-see-anth-5183665.htm',
          'https://www.transtutors.com/questions/if-the-consumer-price-index-was-166-6-in-one-year-and-172-in-the-next-year-then-the--5183664.htm',
          'https://www.transtutors.com/questions/when-a-consumer-joins-a-network-he-generates-a-n-private-benefit-and-an-external-ben-5183663.htm',
          'https://www.transtutors.com/questions/a-consumer-is-20-years-old-and-expects-to-live-to-age-80-he-has-a-current-wealth-of--5183662.htm',
          'https://www.transtutors.com/questions/a-consulting-engineering-firm-is-trying-to-decide-whether-it-should-purchase-ford-ex-5183661.htm',
          'https://www.transtutors.com/questions/a-consulting-engineering-firm-is-trying-to-decide-whether-it-should-purchase-ford-ex-5183660.htm',
          'https://www.transtutors.com/questions/a-consulting-engineering-firm-is-considering-to-buy-a-ford-model-that-has-a-first-co-5183659.htm',
          'https://www.transtutors.com/questions/you-are-a-consultant-helping-a-business-understand-its-costs-f-or-the-3rd-unit-of-pr-5183658.htm',
          'https://www.transtutors.com/questions/you-are-a-consultant-who-is-advising-a-monopoly-on-the-optimal-pricing-strategy-your-5183657.htm'],
 'project': ['trans'],
 'referring_link': ['https://www.transtutors.com/questions/economics/72/'],
 'spider': ['trans_links']}
2020-02-05 23:30:02 [scrapy.core.engine] DEBUG: Crawled (200) <GET https://www.transtutors.com/questions/economics/74/> (referer: https://www.google.com/) ['cached']
2020-02-05 23:30:02 [scrapy.core.scraper] DEBUG: Scraped from <200 https://www.transtutors.com/questions/economics/73/>
{'category': ['economy'],
 'date': [datetime.datetime(2020, 2, 5, 23, 30, 2, 747897)],
 'link': ['https://www.transtutors.com/questions/constration-corporation-has-an-agreement-with-its-workers-to-index-completely-the-wa-5183656.htm',
          'https://www.transtutors.com/questions/ec-constit-e-tonowing-multiple-regression-model-y-bo-b1x1i-b2x2i-b3x3i-ui-you-want-t-5183655.htm',
          'https://www.transtutors.com/questions/considerthe-three-player-game-shown-player-1-selects-a-row-either-a-1-b-l-orc1-playe-5183654.htm',
          'https://www.transtutors.com/questions/in-considering-the-purchase-of-a-certain-stock-y-suppose-you-attach-the-following-pr-5183653.htm',
          'https://www.transtutors.com/questions/when-considering-the-industrial-age-discuss-one-technological-innovation-that-was-in-5183652.htm',
          'https://www.transtutors.com/questions/consider-a-well-behaved-preference-and-two-goods-if-the-price-of-good-1-decreases-do-5183651.htm',
          'https://www.transtutors.com/questions/consider-a-water-heater-manufacturing-company-the-number-of-water-heaters-manufactur-5183650.htm',
          'https://www.transtutors.com/questions/consider-the-utility-function-below-where-an-individual-gets-utility-her-market-inco-5183649.htm',
          'https://www.transtutors.com/questions/consider-two-markets-the-market-for-cat-food-and-the-market-for-dog-food-the-initial-5183648.htm',
          'https://www.transtutors.com/questions/consider-two-investments-a-and-b-with-cash-flows-as-shown-in-the-table-below-year-22-5183647.htm',
          'https://www.transtutors.com/questions/consider-two-goods-that-are-perfect-substitutes-the-optimal-bundle-i-this-case-will--5183646.htm',
          'https://www.transtutors.com/questions/consider-two-goods-good-1-and-good-2-the-consumer-s-utility-function-is-given-by-u-x-5183645.htm',
          'https://www.transtutors.com/questions/consider-a-two-good-world-with-commodities-x-and-y-if-y-is-an-inferior-good-then-an--5183644.htm',
          'https://www.transtutors.com/questions/consider-someone-who-lives-over-two-periods-and-both-saves-and-spends-in-each-when-t-5183643.htm',
          'https://www.transtutors.com/questions/consider-the-solow-growth-model-we-studied-in-class-there-are-n-consumers-in-the-cur-5183642.htm',
          'https://www.transtutors.com/questions/consider-a-society-with-only-two-individuals-the-inverse-demand-function-of-a-public-5183641.htm',
          'https://www.transtutors.com/questions/consider-a-small-open-economy-in-the-short-run-where-the-government-imposes-trade-ta-5183640.htm',
          'https://www.transtutors.com/questions/consider-the-simultaneous-move-game-in-which-labor-and-management-are-negotiating-th-5183639.htm',
          'https://www.transtutors.com/questions/consider-a-simple-exchange-economy-with-two-people-bob-and-jake-bob-and-jake-both-ha-5183638.htm',
          'https://www.transtutors.com/questions/consider-a-simple-exchange-economy-with-only-two-goods-food-f-and-water-w-mr-wg-gee--5183637.htm',
          'https://www.transtutors.com/questions/consider-a-project-that-will-require-a-sizeable-expenditure-today-in-order-to-realiz-5183636.htm',
          'https://www.transtutors.com/questions/consider-the-products-or-services-of-the-firm-organization-that-you-work-for-or-fami-5183635.htm',
          'https://www.transtutors.com/questions/consider-the-production-possibilities-frontier-that-shows-the-trade-off-between-the--5183634.htm',
          'https://www.transtutors.com/questions/consider-a-production-function-q-l-2k-which-of-the-following-statements-is-correct-t-5183633.htm',
          'https://www.transtutors.com/questions/consider-a-production-function-given-by-y-20-01-r-150-let-the-prices-of-1-and-22-be--5183632.htm',
          'https://www.transtutors.com/questions/consider-private-insurer-profit-function-what-are-the-revenes-and-costs-of-the-insur-5183631.htm',
          'https://www.transtutors.com/questions/consider-the-national-income-accounting-data-provided-in-the-following-table-item-bi-5183630.htm',
          'https://www.transtutors.com/questions/consider-a-multiple-regression-model-y-o-b1xb2x2-1-1-what-does-it-mean-when-we-say-a-5183629.htm',
          'https://www.transtutors.com/questions/consider-a-modified-example-from-class-there-are-3-cournot-competitors-in-the-market-5183628.htm',
          'https://www.transtutors.com/questions/consider-the-model-of-internal-economies-of-scale-and-monopolistic-competition-a-exp-5183627.htm',
          'https://www.transtutors.com/questions/consider-that-marx-was-also-clear-on-the-fact-that-capitalism-was-extraordinarily-de-5183626.htm',
          'https://www.transtutors.com/questions/why-answer-is-62-5-instead-of-12-5-consider-the-market-for-wheat-where-demand-is-giv-5183625.htm',
          'https://www.transtutors.com/questions/consider-the-market-for-used-textbooks-a-normal-good-for-each-of-these-factors-below-5183624.htm',
          'https://www.transtutors.com/questions/consider-the-market-for-strawberries-represented-in-the-schedule-below-what-is-the-i-5183623.htm',
          'https://www.transtutors.com/questions/consider-a-market-with-a-single-incumbent-firm-i-e-existing-firm-a-second-firm-is-co-5183622.htm',
          'https://www.transtutors.com/questions/consider-the-market-for-pens-suppose-that-the-number-of-students-with-an-allergy-to--5183621.htm',
          'https://www.transtutors.com/questions/consider-the-market-for-pens-suppose-that-the-number-of-students-with-an-allergy-to--5183620.htm',
          'https://www.transtutors.com/questions/please-make-a-brief-explanation-just-answer-part-b-please-consider-a-market-where-th-5183619.htm',
          'https://www.transtutors.com/questions/consider-the-market-for-automobiles-suppose-consumers-become-much-more-health-consci-5183618.htm',
          'https://www.transtutors.com/questions/consider-the-krugman-model-with-utility-function-of-consumers-workers-given-by-2-c-d-5183617.htm',
          'https://www.transtutors.com/questions/consider-the-information-in-this-case-what-executive-power-does-the-fdahave-how-mig-5183616.htm',
          'https://www.transtutors.com/questions/consider-an-industry-with-n-identical-firms-competing-a-l-a-cournot-demand-is-p-q-1--5183615.htm',
          'https://www.transtutors.com/questions/consider-an-industry-consisting-of-two-firms-producing-an-identical-product-the-inve-5183614.htm',
          'https://www.transtutors.com/questions/consider-an-illness-that-affects-10-000-patients-but-can-be-treated-by-3-mutually-ex-5183613.htm',
          'https://www.transtutors.com/questions/consider-a-hypothetical-economy-described-by-the-following-equations-c-100-0-8y-d-i--5183612.htm',
          'https://www.transtutors.com/questions/0-and-y-gt-0-a-find-the-stationary-point-s-b-quot-src-quot-https-files-transtutors-c-5183611.htm',
          'https://www.transtutors.com/questions/0-and-y-gt-0-a-find-the-stationary-point-s-b-quot-src-quot-https-files-transtutors-c-5183610.htm',
          'https://www.transtutors.com/questions/consider-a-forest-with-100-000-tons-of-standing-timber-and-a-growth-rate-of-4500-ton-5183609.htm',
          'https://www.transtutors.com/questions/consider-the-food-truck-market-which-is-monopolistically-competitive-it-was-in-its-l-5183608.htm',
          'https://www.transtutors.com/questions/consider-the-following-two-player-game-the-players-strategy-spaces-are-sa-a1-a2-a3-a-5183607.htm'],
 'project': ['trans'],
 'referring_link': ['https://www.transtutors.com/questions/economics/73/'],
 'spider': ['trans_links']}
2020-02-05 23:30:02 [scrapy.core.engine] DEBUG: Crawled (200) <GET https://www.transtutors.com/questions/economics/75/> (referer: https://www.google.com/) ['cached']
2020-02-05 23:30:02 [scrapy.core.scraper] DEBUG: Scraped from <200 https://www.transtutors.com/questions/economics/74/>
{'category': ['economy'],
 'date': [datetime.datetime(2020, 2, 5, 23, 30, 2, 909539)],
 'link': ['https://www.transtutors.com/questions/consider-the-following-two-person-sequential-move-game-player-a-moves-first-what-are-5183606.htm',
          'https://www.transtutors.com/questions/consider-the-following-two-person-sequential-move-game-player-a-moves-first-what-are-5183605.htm',
          'https://www.transtutors.com/questions/they-are-different-number-so-dont-copy-the-sanswers-consider-the-following-two-inves-5183604.htm',
          'https://www.transtutors.com/questions/consider-the-following-table-about-the-technology-of-producing-cars-and-tvs-where-la-5183603.htm',
          'https://www.transtutors.com/questions/consider-the-following-static-advertising-game-if-there-is-an-80-probability-that-th-5183602.htm',
          'https://www.transtutors.com/questions/consider-the-following-sequential-game-for-husband-and-wife-say-that-the-wife-can-de-5183601.htm',
          'https://www.transtutors.com/questions/consider-the-following-scenario-to-understand-the-relationship-between-marginal-and--5183600.htm',
          'https://www.transtutors.com/questions/consider-the-following-quote-from-an-article-in-inside-climate-news-on-november-29-2-5183599.htm',
          'https://www.transtutors.com/questions/consider-the-following-production-technology-y-k-kal-l-where-y-is-output-k-is-capita-5183598.htm',
          'https://www.transtutors.com/questions/17-find-the-optimal-solution-associated-with-th-quot-src-quot-https-files-transtutor-5183597.htm',
          'https://www.transtutors.com/questions/consider-the-following-normal-form-game-the-nash-equllibrlum-s-for-this-game-is-are--5183596.htm',
          'https://www.transtutors.com/questions/consider-the-following-normal-form-game-the-nash-equilibrium-s-for-this-game-is-are--5183595.htm',
          'https://www.transtutors.com/questions/consider-the-following-normal-form-game-involving-price-collusion-between-firms-a-an-5183594.htm',
          'https://www.transtutors.com/questions/consider-the-following-normal-form-game-involving-price-collusion-between-firms-a-an-5183593.htm',
          'https://www.transtutors.com/questions/consider-the-following-normal-form-game-involving-players-a-and-b-suppose-that-this--5183592.htm',
          'https://www.transtutors.com/questions/consider-the-following-normal-form-game-g-n-s-u-1-2-l-c-r-u-3-1-0-0-10-0-m-2-1-0-2-3-5183591.htm',
          'https://www.transtutors.com/questions/consider-the-following-information-related-to-economy-a-economy-a-contains-many-bank-5183590.htm',
          'https://www.transtutors.com/questions/consider-the-following-information-for-pogo-assume-assets-issued-in-pogo-pay-an-inte-5183589.htm',
          'https://www.transtutors.com/questions/consider-the-following-information-about-the-model-economy-u-c-l-log-c-log-l-n-s-1-l-5183588.htm',
          'https://www.transtutors.com/questions/can-you-explain-how-this-solution-is-achieved-a-consider-the-following-game-between--5183587.htm',
          'https://www.transtutors.com/questions/consider-the-following-function-q15p-300-determine-the-inverse-supply-function-5183586.htm',
          'https://www.transtutors.com/questions/consider-the-following-firm-level-investment-problem-the-firm-has-a-discount-factor--5183585.htm',
          'https://www.transtutors.com/questions/consider-the-following-firm-level-investment-problem-the-firm-has-a-discount-factor--5183584.htm',
          'https://www.transtutors.com/questions/consider-the-following-figure-to-answer-the-question-that-follows-real-gdp-short-run-5183583.htm',
          'https://www.transtutors.com/questions/consider-the-following-data-where-gdp-values-are-measured-in-millions-of-dollars-to--5183582.htm',
          'https://www.transtutors.com/questions/consider-the-following-competing-hypotheses-and-accompanying-sample-data-you-may-fin-5183581.htm',
          'https://www.transtutors.com/questions/consider-the-following-competing-hypotheses-and-accompanying-sample-data-drawn-indep-5183580.htm',
          'https://www.transtutors.com/questions/consider-the-following-ar-1-regression-model-y-b-bx-e-pe-u-a-discuss-the-conseque-5183579.htm',
          'https://www.transtutors.com/questions/consider-the-following-ar-1-regression-model-y-b-bx-e-pe-u-a-discuss-the-conseque-5183578.htm',
          'https://www.transtutors.com/questions/consider-a-firm-with-a-production-function-1-where-0-and-0-this-firm-5183577.htm',
          'https://www.transtutors.com/questions/consider-a-firm-that-has-just-built-a-plant-which-cost-1-000-each-worker-costs-5-00--5183576.htm',
          'https://www.transtutors.com/questions/consider-an-economy-with-no-depreciation-at-least-for-our-purposes-and-a-price-level-5183575.htm',
          'https://www.transtutors.com/questions/consider-an-economy-that-is-characterized-by-the-solow-model-the-aggregate-productio-5183574.htm',
          'https://www.transtutors.com/questions/consider-the-cournot-model-of-firm-competition-with-two-firms-price-is-given-by-p-10-5183573.htm',
          'https://www.transtutors.com/questions/consider-a-country-where-public-redistribution-policy-is-determined-through-a-meltze-5183572.htm',
          'https://www.transtutors.com/questions/consider-a-country-that-adopts-the-same-criteria-as-the-us-for-all-the-labor-market--5183571.htm',
          'https://www.transtutors.com/questions/consider-that-the-consumption-schedule-for-a-local-economy-is-such-that-c-40-0-8y-as-5183570.htm',
          'https://www.transtutors.com/questions/consider-a-consumer-in-a-two-commodity-world-whose-indifference-map-is-such-that-the-5183569.htm',
          'https://www.transtutors.com/questions/consider-the-concept-of-a-landing-page-and-its-use-in-assisting-the-completion-of-sp-5183568.htm',
          'https://www.transtutors.com/questions/consider-the-competitive-market-for-copper-assume-that-regardless-of-how-many-firms--5183567.htm',
          'https://www.transtutors.com/questions/consider-a-competitive-firm-a-sketch-the-cost-function-as-a-function-of-the-price-of-5183566.htm',
          'https://www.transtutors.com/questions/consider-the-case-of-a-simultaneous-move-game-part-1-is-there-a-dominant-stategy-for-5183565.htm',
          'https://www.transtutors.com/questions/consider-the-below-alternatives-using-a-marr-of-10-and-an-investment-budget-of-100-0-5183564.htm',
          'https://www.transtutors.com/questions/consider-alternatives-a-and-b-as-shown-below-for-parts-a-and-b-let-x-5140-and-the-in-5183563.htm',
          'https://www.transtutors.com/questions/consequences-of-voluntary-export-restraint-on-domestic-business--5183562.htm',
          'https://www.transtutors.com/questions/what-are-consequences-of-china-s-quota-policy-concerning-rem-exports-on-china-s-dome-5183561.htm',
          'https://www.transtutors.com/questions/congratulations-one-more-time-you-have-been-appointed-chair-of-economic-advisers-in--5183560.htm',
          'https://www.transtutors.com/questions/what-conditions-must-a-property-satisfy-to-be-considered-depreciable-choose-all-the--5183559.htm',
          'https://www.transtutors.com/questions/under-what-conditions-in-the-economy-might-the-fed-want-to-increase-the-money-supply-5183558.htm',
          'https://www.transtutors.com/questions/a-computer-software-firm-experienced-the-following-demand-for-its-accounting-soft-wa-5183557.htm'],
 'project': ['trans'],
 'referring_link': ['https://www.transtutors.com/questions/economics/74/'],
 'spider': ['trans_links']}
2020-02-05 23:30:03 [scrapy.core.engine] DEBUG: Crawled (200) <GET https://www.transtutors.com/questions/economics/76/> (referer: https://www.google.com/) ['cached']
2020-02-05 23:30:03 [scrapy.core.scraper] DEBUG: Scraped from <200 https://www.transtutors.com/questions/economics/75/>
{'category': ['economy'],
 'date': [datetime.datetime(2020, 2, 5, 23, 30, 3, 55259)],
 'link': ['https://www.transtutors.com/questions/a-computer-company-39-s-yearly-inventory-cost-is-35-percent-which-accounts-for-the-c-5183556.htm',
          'https://www.transtutors.com/questions/a-compute-the-economy-s-marginal-propensity-to-consume-marginal-propensity-to-save--5183555.htm',
          'https://www.transtutors.com/questions/comprehensive-if-the-real-u-s-gdp-was-10-trillion-in-2000-and-the-u-s-population-wa-5183554.htm',
          'https://www.transtutors.com/questions/which-composer-is-usually-associated-with-the-romantic-period-antonio-vivaldi-bedric-5183553.htm',
          'https://www.transtutors.com/questions/complete-the-table-below-asking-for-a-snapshot-description-of-each-of-the-four-macro-5183552.htm',
          'https://www.transtutors.com/questions/complete-the-table-below-asking-for-a-snapshot-description-of-each-of-the-four-macro-5183551.htm',
          'https://www.transtutors.com/questions/complete-the-table-below-round-your-answers-to-two-decimal-places-average-average-av-5183550.htm',
          'https://www.transtutors.com/questions/complete-the-table-below-round-your-answers-to-two-decimal-places-average-average-av-5183549.htm',
          'https://www.transtutors.com/questions/complete-the-table-below-round-your-answers-to-two-decimal-places-average-average-av-5183548.htm',
          'https://www.transtutors.com/questions/complete-the-following-table-by-indicating-whether-each-of-the-scenarios-describes-t-5183547.htm',
          'https://www.transtutors.com/questions/a-the-compiling-of-the-big-mac-index-is-based-on-the-concept-of-law-of-one-price-an-5183546.htm',
          'https://www.transtutors.com/questions/compietion-remaining-time-1-hour-58-minutes-53-seconds-question-completion-status-11-5183545.htm',
          'https://www.transtutors.com/questions/as-competitors-enter-a-monopolistically-competitive-industry-the-incumbent-firms-dem-5183544.htm',
          'https://www.transtutors.com/questions/in-a-competitive-market-the-purchase-price-of-a-piece-of-capital-is-a-its-current-pe-5183543.htm',
          'https://www.transtutors.com/questions/if-a-competitive-firm-is-currently-producing-a-level-of-output-at-which-marginal-cos-5183542.htm',
          'https://www.transtutors.com/questions/when-comparing-mutually-exclusive-alternatives-that-have-different-lives-by-the-pres-5183541.htm',
          'https://www.transtutors.com/questions/when-comparing-the-gdp-of-different-countries-two-issues-immediately-arise-what-are--5183540.htm',
          'https://www.transtutors.com/questions/compared-to-the-orchestra-of-mozart-39-s-day-the-romantic-orchestra-had-fewer-instru-5183539.htm',
          'https://www.transtutors.com/questions/compare-obama-39-s-last-two-years-in-office-vs-trumps-first-two-years-5183538.htm',
          'https://www.transtutors.com/questions/compare-and-contrast-the-views-of-david-hume-and-later-john-maynard-keynes-on-the-im-5183537.htm',
          'https://www.transtutors.com/questions/compare-the-alternatives-c-and-d-on-the-basis-of-a-present-worth-analysis-using-an-i-5183536.htm',
          'https://www.transtutors.com/questions/compare-the-alternatives-c-and-d-on-the-basis-of-a-present-worth-analysis-using-an-i-5183535.htm',
          'https://www.transtutors.com/questions/company-xyz-plans-to-take-a-loan-of-240-000-aed-from-a-local-bank-the-company-has-tw-5183534.htm',
          'https://www.transtutors.com/questions/a-company-sells-packaged-cookies-in-hungary-the-price-is-2-50-per-package-the-compan-5183533.htm',
          'https://www.transtutors.com/questions/plz-answer-the-question-25-with-solution-the-company-39-s-interest-rate-marr-is-12-u-5183532.htm',
          'https://www.transtutors.com/questions/a-company-is-purchasing-a-new-device-for-its-service-center-the-table-below-shows-th-5183531.htm',
          'https://www.transtutors.com/questions/a-company-purchase-a-piece-of-man-g-equipment-for-rent-purposes-the-expected-income--5183530.htm',
          'https://www.transtutors.com/questions/a-company-is-planning-to-purchase-a-heavy-machine-which-is-expected-to-increase-thei-5183529.htm',
          'https://www.transtutors.com/questions/a-company-owns-and-operates-an-electric-sign-that-uses-300-individual-lamps-to-displ-5183528.htm',
          'https://www.transtutors.com/questions/a-company-manufactures-and-sells-one-product-the-product-has-the-following-cost-and--5183527.htm',
          'https://www.transtutors.com/questions/a-company-that-manufactures-amplified-pressure-transducers-is-trying-to-decide-betwe-5183526.htm',
          'https://www.transtutors.com/questions/your-company-is-considering-two-projects-a-and-b-neither-project-has-a-salvage-value-5183525.htm',
          'https://www.transtutors.com/questions/a-company-has-classified-its-inventory-into-abc-items-it-has-decided-that-a-items-ar-5183524.htm',
          'https://www.transtutors.com/questions/a-your-company-is-bidding-for-a-service-contract-in-a-first-price-sealed-bid-auction-5183523.htm',
          'https://www.transtutors.com/questions/a-your-company-is-bidding-for-a-broadband-spectrum-license-you-ve-been-asked-to-subm-5183522.htm',
          'https://www.transtutors.com/questions/our-company-anticipates-receiving-53-000-per-year-from-its-investments-inflation-rat-5183521.htm',
          'https://www.transtutors.com/questions/companies-can-typically-maximize-their-profits-by-operating-at-the-minimum-average-t-5183520.htm',
          'https://www.transtutors.com/questions/what-are-common-challenges-faced-in-measuring-the-impacts-of-training-programs-why-i-5183519.htm',
          'https://www.transtutors.com/questions/a-commercial-bank-has-800-of-deposits-as-the-only-liabilities-excluding-capital-its--5183518.htm',
          'https://www.transtutors.com/questions/comment-on-the-statement-economic-efficiency-can-be-better-achieved-by-using-lottery-5183517.htm',
          'https://www.transtutors.com/questions/a-comment-on-the-statement-economic-efficiency-can-be-better-achieved-by-using-lotte-5183516.htm',
          'https://www.transtutors.com/questions/we-were-unable-to-transcribe-this-imagecome-window-save-and-su-click-submit-to-compl-5183515.htm',
          'https://www.transtutors.com/questions/com-when-the-demand-curve-shifted-from-d-to-d-pprice-q-quantity-the-interaction-of--5183514.htm',
          'https://www.transtutors.com/questions/colluding-firms-compared-with-competing-firms-usually-a-earn-less-economic-profit-b--5183513.htm',
          'https://www.transtutors.com/questions/the-college-of-the-universal-portal-login-quic-quizon-32-a-brief-history-g-in-develo-5183512.htm',
          'https://www.transtutors.com/questions/the-cobb-douglas-production-function-is-given-by-f-x-1-x-2-ax-1-a-x-2-b-it-turns-out-5183511.htm',
          'https://www.transtutors.com/questions/a-coarse-model-of-a-national-economy-breaks-economic-activity-into-three-sectors-pri-5183510.htm',
          'https://www.transtutors.com/questions/which-coalitions-may-come-about-that-will-endure-and-additionally-what-will-each-pla-5183509.htm',
          'https://www.transtutors.com/questions/close-window-moving-to-the-question-will-save-this-response-question-of-questions-po-5183508.htm',
          'https://www.transtutors.com/questions/close-window-moving-to-another-ton-wil-save-this-oporne-question-1-of-17-question-1--5183507.htm'],
 'project': ['trans'],
 'referring_link': ['https://www.transtutors.com/questions/economics/75/'],
 'spider': ['trans_links']}
2020-02-05 23:30:03 [scrapy.core.engine] DEBUG: Crawled (200) <GET https://www.transtutors.com/questions/economics/77/> (referer: https://www.google.com/) ['cached']
2020-02-05 23:30:03 [scrapy.core.scraper] DEBUG: Scraped from <200 https://www.transtutors.com/questions/economics/76/>
{'category': ['economy'],
 'date': [datetime.datetime(2020, 2, 5, 23, 30, 3, 235792)],
 'link': ['https://www.transtutors.com/questions/close-window-a-moving-to-another-question-will-save-this-response-qunbon-2-of-13-sti-5183506.htm',
          'https://www.transtutors.com/questions/close-window-a-moving-to-another-question-will-save-this-response-question-1-of-13-q-5183505.htm',
          'https://www.transtutors.com/questions/close-windo-amoving-to-another-question-will-save-this-response-question-12-of-t-est-5183504.htm',
          'https://www.transtutors.com/questions/to-close-a-recessionary-gap-the-central-bank-could-adopt-an-expansionary-economic-po-5183503.htm',
          'https://www.transtutors.com/questions/a-clinic-has-the-fixed-and-variable-costs-shown-below-a-health-maintenance-organizat-5183502.htm',
          'https://www.transtutors.com/questions/climu-huulumiw-connect-html-t-equilibrium-and-policy-homework-the-market-for-bicycle-5183501.htm',
          'https://www.transtutors.com/questions/your-client-is-a-multinational-enterprise-specializing-in-hi-tech-clean-production-t-5183500.htm',
          'https://www.transtutors.com/questions/clicluued-by-resorting-to-cheating-c-a-labor-contract-without-written-form-while-the-5183499.htm',
          'https://www.transtutors.com/questions/a-click-submit-to-complete-this-assessment-question-22-a-lease-agreement-is-usualy-o-5183498.htm',
          'https://www.transtutors.com/questions/click-submit-to-complete-this-assessment-questi-question-30-10-points-s-30-in-the-ar-5183497.htm',
          'https://www.transtutors.com/questions/click-on-the-icon-to-read-the-question-then-complete-the-following-steps-to-answer-t-5183496.htm',
          'https://www.transtutors.com/questions/how-can-clarifying-the-direction-of-change-as-a-leader-be-accomplished-successfully--5183495.htm',
          'https://www.transtutors.com/questions/the-civilian-non-institutionalized-population-can-be-divided-into-two-groups-a-peopl-5183494.htm',
          'https://www.transtutors.com/questions/a-city-water-and-waste-water-department-has-a-four-year-old-sludge-pump-that-was-ini-5183493.htm',
          'https://www.transtutors.com/questions/a-city-council-member-is-considering-whether-or-not-to-vote-for-the-installation-of--5183492.htm',
          'https://www.transtutors.com/questions/the-circular-flow-of-income-shows-that-gdp-can-be-measured-as-the-sum-of-wages-inter-5183491.htm',
          'https://www.transtutors.com/questions/can-the-circuit-court-overrule-a-lower-court-39-s-decision--5183490.htm',
          'https://www.transtutors.com/questions/circle-the-correct-answer-1-a-monopolistically-competitive-market-is-one-in-which-th-5183489.htm',
          'https://www.transtutors.com/questions/cing-all-goods-the-12-to-say-that-countries-gain-from-trade-means-that-a-trade-is-a--5183488.htm',
          'https://www.transtutors.com/questions/cif2002-baca-petikan-berikut-dan-gunakan-maklumat-yang-diberi-untuk-menjawa-soalan-s-5183487.htm',
          'https://www.transtutors.com/questions/chrome-to-homework-weldkaka-mathxl-com-planwor-l-dal-micro-crn20087-hubbard-e-fall20-5183486.htm',
          'https://www.transtutors.com/questions/the-chosen-company-shopee-logistics-https-careers-shopee-vn-analyze-the-specific-of--5183485.htm',
          'https://www.transtutors.com/questions/choose-any-product-or-service-you-would-like-to-market-expand-on-some-customer-reten-5183484.htm',
          'https://www.transtutors.com/questions/choose-one-of-the-following-social-economic-factors-and-to-write-a-short-essay-500-t-5183483.htm',
          'https://www.transtutors.com/questions/choose-an-article-published-in-the-last-two-weeks-in-one-of-these-three-resources-wa-5183482.htm',
          'https://www.transtutors.com/questions/choose-any-2-countries-from-those-listed-at-the-world-bank-compare-the-2-countries-3-5183481.htm',
          'https://www.transtutors.com/questions/chocolate-has-just-been-found-to-increase-your-expected-life-span-by-5-years-if-you--5183480.htm',
          'https://www.transtutors.com/questions/chocolate-has-just-been-found-to-increase-your-expected-life-span-by-5-years-if-you--5183479.htm',
          'https://www.transtutors.com/questions/chment-securities-from-a-commercial-bank-the-lat-practice-question-gilgames-securiti-5183478.htm',
          'https://www.transtutors.com/questions/a-chinese-student-pays-tuition-to-a-u-s-university-how-is-this-transaction-entered-i-5183477.htm',
          'https://www.transtutors.com/questions/a-chinese-official-is-considering-construction-of-a-gondola-lift-custem-that-transpo-5183476.htm',
          'https://www.transtutors.com/questions/a-is-a-chinese-farming-company-which-supplies-fresh-agricultural-produce-to-b-it-off-5183475.htm',
          'https://www.transtutors.com/questions/chinese-demand-for-foreign-branded-milk-powder-has-surged-in-the-wake-of-safety-scar-5183474.htm',
          'https://www.transtutors.com/questions/how-does-china-s-restriction-on-rem-exports-create-an-environment-for-inward-foreign-5183473.htm',
          'https://www.transtutors.com/questions/how-does-china-s-restriction-on-rem-exports-create-an-environment-for-inward-foreign-5183472.htm',
          'https://www.transtutors.com/questions/what-is-the-china-new-pattern-of-international-trade-in-2025--5183471.htm',
          'https://www.transtutors.com/questions/china-is-the-largest-creditor-to-the-u-s-the-country-that-has-the-largest-share-of-u-5183470.htm',
          'https://www.transtutors.com/questions/china-is-the-largest-creditor-to-the-u-s-the-country-that-has-the-largest-share-of-u-5183469.htm',
          'https://www.transtutors.com/questions/chile-is-an-importer-of-computer-chips-taking-the-world-price-of-12-per-chip-as-give-5183468.htm',
          'https://www.transtutors.com/questions/a-chemical-engineer-is-considering-two-styles-of-pipes-for-moving-distillate-from-a--5183467.htm',
          'https://www.transtutors.com/questions/a-chemical-engineer-is-considering-two-styles-of-pipes-for-moving-distillate-from-a--5183466.htm',
          'https://www.transtutors.com/questions/a-chemical-engineer-is-considering-two-styles-of-pipes-for-moving-distillate-from-a--5183465.htm',
          'https://www.transtutors.com/questions/check-my-work-myrna-borrows-500-at-an-annually-compounded-interest-rate-of-8-percent-5183464.htm',
          'https://www.transtutors.com/questions/check-my-assume-that-great-britain-and-the-united-states-can-both-produce-wheat-w-an-5183463.htm',
          'https://www.transtutors.com/questions/cheapo-manufacturing-decided-to-lease-a-100-000-square-foot-facility-what-type-of-le-5183462.htm',
          'https://www.transtutors.com/questions/of-chapter-homework-moreta-to-assignment-keep-the-highest-1-tempts-1-questions-and-p-5183461.htm',
          'https://www.transtutors.com/questions/for-chapter-8-try-the-following-problem-suppose-the-following-information-reflects-t-5183460.htm',
          'https://www.transtutors.com/questions/with-explanation-please-chapter-8-monopoly-monopolistic-competition-if-harry-doubled-5183459.htm',
          'https://www.transtutors.com/questions/chapter-20-problem-8-lras-price-1-level-sras-quantity-of-output-a-if-the-economy-sta-5183458.htm',
          'https://www.transtutors.com/questions/chapter-16-fiscal-policy-we-finally-made-it-last-chapter-i-think-if-anything-is-miss-5183457.htm'],
 'project': ['trans'],
 'referring_link': ['https://www.transtutors.com/questions/economics/76/'],
 'spider': ['trans_links']}
2020-02-05 23:30:03 [scrapy.core.engine] DEBUG: Crawled (200) <GET https://www.transtutors.com/questions/economics/78/> (referer: https://www.google.com/) ['cached']
2020-02-05 23:30:03 [scrapy.core.scraper] DEBUG: Scraped from <200 https://www.transtutors.com/questions/economics/77/>
{'category': ['economy'],
 'date': [datetime.datetime(2020, 2, 5, 23, 30, 3, 398246)],
 'link': ['https://www.transtutors.com/questions/chapter-14-1s-money-and-banking-the-federal-reserve-system-and-monetary-policy-ok-so-5183456.htm',
          'https://www.transtutors.com/questions/changes-in-tax-laws-that-reduce-taxes-more-for-those-who-save-a-lot-will-a-favor-low-5183455.htm',
          'https://www.transtutors.com/questions/changes-in-the-price-level-o-a-do-not-affect-the-level-of-aggregate-supply-in-the-lo-5183454.htm',
          'https://www.transtutors.com/questions/a-change-in-income-will-induce-a-shift-in-the-demand-curve-true-false-uncertain-5183453.htm',
          'https://www.transtutors.com/questions/challenges-of-global-economy-today-relate-to-the-greek-crisis-discuss-10-points-5183452.htm',
          'https://www.transtutors.com/questions/the-challenge-is-differentiation-and-relevance-why-is-this-true-for-retailers-of-al-5183451.htm',
          'https://www.transtutors.com/questions/activities-and-due-dates-gt-ch-8-perfect-competition-quiz-nt-score-774-1000-resource-5183450.htm',
          'https://www.transtutors.com/questions/ceteris-paribus-an-increase-in-the-number-of-sellers-of-running-shoes-causes-equilib-5183449.htm',
          'https://www.transtutors.com/questions/certainty-equivalent-u-c-e-u-x-gt-find-c-certainty-equivalent-4-utility-theory-the-f-5183448.htm',
          'https://www.transtutors.com/questions/you-are-the-ceo-of-a-company-and-you-are-introducing-a-new-product-to-the-market-and-5183447.htm',
          'https://www.transtutors.com/questions/in-a-centrally-planned-economy-decisions-are-made-by-multiple-choice-private-busines-5183446.htm',
          'https://www.transtutors.com/questions/if-the-central-bank-increases-the-money-supply-in-the-short-run-the-price-level-o-a--5183445.htm',
          'https://www.transtutors.com/questions/how-does-the-central-bank-commercial-bank-and-depositor-work-together-to-determine-t-5183444.htm',
          'https://www.transtutors.com/questions/a-central-bank-that-accommodates-an-aggregate-supply-shock-increases-the-money-suppl-5183443.htm',
          'https://www.transtutors.com/questions/cengage-mindtap-plia-questions-unemployment-k-to-assignment-attempts-average-15-ment-5183442.htm',
          'https://www.transtutors.com/questions/cengage-mindtap-aplia-questions-unemployment-consider-a-small-economy-composed-of-si-5183441.htm',
          'https://www.transtutors.com/questions/cengage-mindtap-aplia-questions-unemployment-back-to-assignment-average-76-attempts--5183440.htm',
          'https://www.transtutors.com/questions/cengage-mindtap-aplia-questions-unemployment-assume-that-the-following-graph-approxi-5183439.htm',
          'https://www.transtutors.com/questions/cengage-mindtap-aplia-questions-money-growth-and-inflation-aa-aa-3-velocity-and-the--5183438.htm',
          'https://www.transtutors.com/questions/cengage-mindtap-aplia-questions-aggregate-demand-and-aggregate-supply-ue-yuanucy-ur--5183437.htm',
          'https://www.transtutors.com/questions/cengage-mindtap-aplia-questions-aggregate-demand-and-aggregate-supply-the-following--5183436.htm',
          'https://www.transtutors.com/questions/for-the-cash-flow-diagram-below-determine-the-value-of-p-10-000-10-3-000-i-12-e-s119-5183435.htm',
          'https://www.transtutors.com/questions/in-some-cases-a-patent-is-socially-beneficial-because-it-a-makes-it-more-difficult-t-5183434.htm',
          'https://www.transtutors.com/questions/in-which-case-would-the-quanity-of-money-demanded-by-the-public-tend-to-increase-by--5183433.htm',
          'https://www.transtutors.com/questions/the-case-study-of-warby-parker-kindly-help-me-answer-the-above-questions-on-the-case-5183432.htm',
          'https://www.transtutors.com/questions/case-f1-i-atg-mc-a-firms-cost-curves-are-given-by-the-following-table-complete-the-t-5183431.htm',
          'https://www.transtutors.com/questions/below-is-a-case-on-estimation-and-analysis-of-demand-for-bottled-water-read-the-case-5183430.htm',
          'https://www.transtutors.com/questions/case-10-1-the-oil-rig-joanne-b-ciulla-et-excursion-you-visit-a-oil-rig-is-really-a-s-5183429.htm',
          'https://www.transtutors.com/questions/case-10-ford-1-is-it-necessary-for-ford-to-produce-and-or-sell-a-large-proportion-of-5183428.htm',
          'https://www.transtutors.com/questions/cartels-can-detect-cheating-by-select-one-a-reporting-each-other-to-government-autho-5183427.htm',
          'https://www.transtutors.com/questions/you-have-a-car-that-is-quite-functional-but-it-only-averages-20-miles-per-gallon-mpg-5183426.htm',
          'https://www.transtutors.com/questions/a-car-which-had-a-first-cost-90-548-and-a-10-142-salvage-value-after-5-years-was-dep-5183425.htm',
          'https://www.transtutors.com/questions/canvas-question-50-20-the-principle-of-comparative-advantage-indicates-that-mutually-5183423.htm',
          'https://www.transtutors.com/questions/canvas-question-48-the-world-trade-organization-is-the-successor-to-the-general-agre-5183422.htm',
          'https://www.transtutors.com/questions/canvas-question-44-import-quotas-on-products-will-reduce-the-quantity-of-the-importe-5183421.htm',
          'https://www.transtutors.com/questions/the-camino-real-landfill-was-required-to-install-a-plastic-liner-to-prevent-leachate-5183420.htm',
          'https://www.transtutors.com/questions/california-has-been-referred-to-as-quot-the-ungovernable-state-quot-several-governor-5183419.htm',
          'https://www.transtutors.com/questions/need-help-thank-you-calculate-total-revenue-and-marginal-revenue-and-then-answer-thr-5183418.htm',
          'https://www.transtutors.com/questions/need-help-thank-you-calculate-total-revenue-and-marginal-revenue-and-then-answer-thr-5183417.htm',
          'https://www.transtutors.com/questions/how-do-i-calculate-t1-with-following-data-slope-87-quy-247-actual-cost-776-total-cos-5183416.htm',
          'https://www.transtutors.com/questions/calculate-the-standard-or-traditional-b-c-ratio-for-each-project-below-using-an-inte-5183415.htm',
          'https://www.transtutors.com/questions/calculate-short-run-production-function-when-q-3vl-p-30-and-l-10-find-the-value-of-l-5183414.htm',
          'https://www.transtutors.com/questions/solve-using-interest-tables-calculate-the-rate-of-return-for-the-following-cash-flow-5183413.htm',
          'https://www.transtutors.com/questions/calculate-the-rate-of-return-for-the-following-cash-flow-calculate-the-rate-of-retur-5183412.htm',
          'https://www.transtutors.com/questions/calculate-the-perpetual-equivalent-annual-cost-years-1-to-8-of-725-000-now-and-950-0-5183411.htm',
          'https://www.transtutors.com/questions/how-do-you-calculate-number-10-the-answer-is-2-6875-units-of-labor-please-include-fo-5183410.htm',
          'https://www.transtutors.com/questions/calculate-the-market-equilibrium-quantiey-and-price-provide-systematic-solutions-for-5183409.htm',
          'https://www.transtutors.com/questions/calculate-the-inflation-when-outpu-is-8-10-12-trillion-and-the-plot-the-short-run-ag-5183408.htm',
          'https://www.transtutors.com/questions/how-to-calculate-gdp-comsumption-investment-gov-expenditures-exports-imports-we-dont-5183407.htm',
          'https://www.transtutors.com/questions/calculate-elasticity-using-midpoint-methad-of-computins-percentage-2-chang-200-a-95--5183406.htm'],
 'project': ['trans'],
 'referring_link': ['https://www.transtutors.com/questions/economics/77/'],
 'spider': ['trans_links']}
2020-02-05 23:30:03 [scrapy.core.engine] DEBUG: Crawled (200) <GET https://www.transtutors.com/questions/economics/79/> (referer: https://www.google.com/) ['cached']
2020-02-05 23:30:03 [scrapy.core.scraper] DEBUG: Scraped from <200 https://www.transtutors.com/questions/economics/78/>
{'category': ['economy'],
 'date': [datetime.datetime(2020, 2, 5, 23, 30, 3, 577442)],
 'link': ['https://www.transtutors.com/questions/calculate-the-cross-price-elasticity-between-gbc-brew-and-primrose-brew-in-the-genev-5183405.htm',
          'https://www.transtutors.com/questions/calculate-the-benefit-for-an-investor-from-tax-deferral-of-investment-returns-by-inv-5183404.htm',
          'https://www.transtutors.com/questions/c-the-wto-permits-a-state-to-impose-countervailing-duties-cvds-if-foreign-goods-are--5183403.htm',
          'https://www.transtutors.com/questions/why-c-is-wrong-with-the-decrease-of-supply-del-48-assume-that-more-corn-is-used-to-p-5183402.htm',
          'https://www.transtutors.com/questions/c-can-a-39-social-welfare-function-39-violate-the-conditions-of-non-dictatorship-an-5183401.htm',
          'https://www.transtutors.com/questions/c-shopping-products-d-luxury-products-32-consumer-shopping-products-typically-includ-5183400.htm',
          'https://www.transtutors.com/questions/c-repeat-a-for-the-case-where-normal-variable-costing-is-used-please-provide-a-full--5183399.htm',
          'https://www.transtutors.com/questions/c-remain-unchanged-d-either-increase-or-decrease-depending-on-whe-investment-2-the-c-5183398.htm',
          'https://www.transtutors.com/questions/c-for-which-range-of-quantities-is-this-a-natural-monopoly-2-3-market-power-8-points-5183397.htm',
          'https://www.transtutors.com/questions/c-provide-your-own-opinion-and-thoughts-on-college-sports-athletes-being-able-to-pro-5183394.htm',
          'https://www.transtutors.com/questions/c-he-parcode-with-the-wood-as-she-could-takendhood-55-000-fer-co-n-10-a-l-before-he--5183393.htm',
          'https://www.transtutors.com/questions/q5-c-how-much-will-the-median-housing-price-change-if-the-amount-of-nitrous-oxide-in-5183392.htm',
          'https://www.transtutors.com/questions/c-for-l-shaped-indifference-curves-leontief-preferences-show-that-an-excise-commodit-5183391.htm',
          'https://www.transtutors.com/questions/c-d-on-graph-paper-set-up-a-model-of-a-nonprice-discriminating-monopoly-include-the--5183390.htm',
          'https://www.transtutors.com/questions/c-consider-a-palletizer-at-a-bottling-plant-that-has-an-initial-cost-of-150-000-ope-5183389.htm',
          'https://www.transtutors.com/questions/c-in-the-article-39-what-do-trade-agreements-really-do-39-dani-rodrik-argues-that-wh-5183388.htm',
          'https://www.transtutors.com/questions/c-80-and-40-d-none-of-the-above-is-correct-5-imagine-a-small-town-in-which-only-two--5183387.htm',
          'https://www.transtutors.com/questions/ac-c-sets-p-mc-d-all-of-th-quot-aria-describedby-quot-dqf-quot-style-quot-quot-gt-c--5183386.htm',
          'https://www.transtutors.com/questions/c-2-based-on-classical-economic-theory-an-increase-in-government-spending-leads-to-n-5183385.htm',
          'https://www.transtutors.com/questions/specificlaly-c-e-c-0-5-y-t-t-1000-i-1500-250r-g-1-500-md-p-0-5y-500r-ms-1-000-p-4-a--5183384.htm',
          'https://www.transtutors.com/questions/if-buyers-wish-to-increase-their-quantity-demanded-at-each-price-this-results-in-a-a-5183383.htm',
          'https://www.transtutors.com/questions/a-buyer-will-receive-a-water-bill-for-an-estimated-30-at-the-end-of-the-month-at-clo-5183382.htm',
          'https://www.transtutors.com/questions/a-business-decided-to-increase-the-price-of-its-product-from-180-to-220-hoping-to-ac-5183381.htm',
          'https://www.transtutors.com/questions/burse-design-survey-has-been-made-available-to-this-course-only-one-submission-will--5183380.htm',
          'https://www.transtutors.com/questions/bupueds-jewnsuoo-sepgod-xe-uewuueao6-s-an-i-uuap-u-jo-uount-e-eq-o1-peunsse-si-ueuns-5183379.htm',
          'https://www.transtutors.com/questions/i-built-a-house-with-2-partners-last-year-the-purpose-was-to-sell-at-a-profit-could--5183378.htm',
          'https://www.transtutors.com/questions/bu-and-40-dy-none-of-the-above-is-correct-scenario-5-imagine-a-small-town-in-which-o-5183377.htm',
          'https://www.transtutors.com/questions/brooklyn-college-city-university-of-new-york-econ-3400-introduction-to-economics-and-5183376.htm',
          'https://www.transtutors.com/questions/broker-x-appoints-an-affiliate-broker-to-manage-his-south-branch-office-is-this-lega-5183375.htm',
          'https://www.transtutors.com/questions/a-broker-receives-an-offer-on-one-of-his-listings-from-a-buyer-to-whom-he-has-shown--5183374.htm',
          'https://www.transtutors.com/questions/a-broker-receives-an-earnest-money-check-from-one-of-her-affiliate-brokers-for-a-pro-5183373.htm',
          'https://www.transtutors.com/questions/a-broker-has-to-present-an-offer-only-if-a-the-offer-is-written-b-the-buyers-have-a--5183372.htm',
          'https://www.transtutors.com/questions/a-broker-has-an-office-in-a-subdivision-ten-miles-from-the-main-office-of-the-compan-5183371.htm',
          'https://www.transtutors.com/questions/a-broker-moves-his-office-to-a-new-location-which-of-the-following-does-he-need-to-d-5183370.htm',
          'https://www.transtutors.com/questions/a-broker-applicant-must-have-satisfactorily-completed-hours-of-real-estate-instructi-5183369.htm',
          'https://www.transtutors.com/questions/the-broccoli-market-is-perfectly-competitive-this-means-that-the-price-of-broccoli-i-5183368.htm',
          'https://www.transtutors.com/questions/britney-with-demand-curve-mb-120-205-and-celine-with-demand-curve-mb-40-105-wish-to--5183367.htm',
          'https://www.transtutors.com/questions/briefly-outline-the-shadow-price-of-capital-spc-approach-and-explain-the-rationale-b-5183366.htm',
          'https://www.transtutors.com/questions/briefly-explain-the-theory-behind-convergence-and-why-we-argued-that-the-evidence-fo-5183365.htm',
          'https://www.transtutors.com/questions/briefly-explain-why-the-output-associated-with-the-lras-is-the-full-employment-outpu-5183363.htm',
          'https://www.transtutors.com/questions/briefly-explain-greece-crisis-with-adas-islm-models--5183362.htm',
          'https://www.transtutors.com/questions/at-the-brics-summit-held-in-gauteng-in-july-2018-china-signed-several-agreements-on--5183359.htm',
          'https://www.transtutors.com/questions/brenda-is-in-her-second-year-of-working-as-a-veterinarian-who-earns-70-000-per-year--5183358.htm',
          'https://www.transtutors.com/questions/brenda-owns-a-construction-company-that-employs-bricklayers-and-other-skilled-trades-5183357.htm',
          'https://www.transtutors.com/questions/i-need-help-for-this-question-branches-of-government-that-is-legislative-judicial-an-5183356.htm',
          'https://www.transtutors.com/questions/the-brain-v-iii-short-essay-15-pts-choose-one-of-the-following-three-questions-a-b-o-5183355.htm',
          'https://www.transtutors.com/questions/bra-m-lolluding-companies-consider-that-corol-39-s-cabs-and-for-transportation-from--5183354.htm',
          'https://www.transtutors.com/questions/a-book-club-charges-its-members-20-per-book-a-using-budget-lines-and-indifference-cu-5183353.htm',
          'https://www.transtutors.com/questions/bonus-question-smak-question-4-given-the-following-data-amount-of-coins-in-circalati-5183352.htm',
          'https://www.transtutors.com/questions/a-bond-has-a-face-value-of-750-it-pays-a-coupon-of-10-of-the-face-value-today-one-ye-5183351.htm'],
 'project': ['trans'],
 'referring_link': ['https://www.transtutors.com/questions/economics/78/'],
 'spider': ['trans_links']}
2020-02-05 23:30:03 [scrapy.core.engine] DEBUG: Crawled (200) <GET https://www.transtutors.com/questions/economics/80/> (referer: https://www.google.com/) ['cached']
2020-02-05 23:30:03 [scrapy.core.scraper] DEBUG: Scraped from <200 https://www.transtutors.com/questions/economics/79/>
{'category': ['economy'],
 'date': [datetime.datetime(2020, 2, 5, 23, 30, 3, 720556)],
 'link': ['https://www.transtutors.com/questions/bombardier-and-embraer-have-a-duopoly-in-the-production-of-commercial-aircraft-used--5183350.htm',
          'https://www.transtutors.com/questions/bombardier-and-embraer-have-a-duopoly-in-the-production-of-commercial-aircraft-used--5183349.htm',
          'https://www.transtutors.com/questions/pls-answer-it-fast-bollowing-information-is-know-about-the-product-the-price-is-4tho-5183348.htm',
          'https://www.transtutors.com/questions/is-the-bold-and-or-underline-correct-cho-currently-earns-a-nominal-wage-of-12-00-per-5183347.htm',
          'https://www.transtutors.com/questions/if-boeing-produces-a-plane-in-the-united-states-using-some-parts-that-it-imports-fro-5183346.htm',
          'https://www.transtutors.com/questions/bob-owns-5-acres-of-land-bob-sells-the-land-to-a-real-estate-developer-who-builds-a--5183345.htm',
          'https://www.transtutors.com/questions/a-bloomberg-businessweek-subscriber-study-asked-quot-in-the-past-12-months-when-trav-5183344.htm',
          'https://www.transtutors.com/questions/blems-28-through-31-are-based-on-the-following-information-hazardous-environment-fac-5183343.htm',
          'https://www.transtutors.com/questions/blackboard-xcio-remaining-time-1-hour-49-minutes-49-seconds-question-completion-stat-5183342.htm',
          'https://www.transtutors.com/questions/blackboard-o-a-moving-to-another-question-will-save-this-response-stion-1-calculate--5183341.htm',
          'https://www.transtutors.com/questions/after-black-friday-increases-the-sras-and-ad-how-does-the-economy-comes-back-to-its--5183340.htm',
          'https://www.transtutors.com/questions/bitcoin-launched-a-few-weeks-after-lehamn-brothers-went-bankrupt-true-or-false--5183339.htm',
          'https://www.transtutors.com/questions/bitcoin-is-an-accounting-system-a-way-of-l-recording-transactions-recording-value-an-5183338.htm',
          'https://www.transtutors.com/questions/billion-7-refer-to-the-data-below-all-figures-in-billions-of-dollars-gross-domestic--5183337.htm',
          'https://www.transtutors.com/questions/what-is-the-biggest-disconnected-between-retailers-and-their-customers-today-how-cou-5183336.htm',
          'https://www.transtutors.com/questions/the-bigger-the-money-multiplier-is-the-multiple-choice-o-smaller-the-reserve-ratio-m-5183335.htm',
          'https://www.transtutors.com/questions/big-macs-are-most-expensive-in-a--5183334.htm',
          'https://www.transtutors.com/questions/a-big-mac-sells-for-8-03-reals-in-brazil-in-the-us-it-sells-for-3-57-according-to-th-5183333.htm',
          'https://www.transtutors.com/questions/bicycle-paths-are-public-goods-which-can-be-supplied-at-cost-c-10q-q2-where-q-measur-5183332.htm',
          'https://www.transtutors.com/questions/a-bicycle-manufacturer-builds-one-three-and-ten-speed-models-the-bicycles-need-both--5183331.htm',
          'https://www.transtutors.com/questions/please-answer-this-two-question-in-best-practice-addenda-are-used-to-a-add-changes-c-5183330.htm',
          'https://www.transtutors.com/questions/the-best-example-of-recessions-being-close-to-each-other-in-the-united-states-can-be-5183329.htm',
          'https://www.transtutors.com/questions/the-benefit-forgone-when-one-alternative-is-selected-rather-than-another-is-known-as-5183328.htm',
          'https://www.transtutors.com/questions/ben-invested-20-000-into-a-money-market-account-and-took-out-5-000-at-the-end-of-yea-5183327.htm',
          'https://www.transtutors.com/questions/ben-invested-20-000-into-a-money-market-account-and-took-out-5-000-at-the-end-of-yea-5183326.htm',
          'https://www.transtutors.com/questions/a-in-behavioral-economics-what-is-meant-by-the-framing-effect-b-in-the-standard-eco-5183325.htm',
          'https://www.transtutors.com/questions/as-we-begin-our-journey-reflect-for-a-moment-upon-how-you-have-come-to-define-organi-5183324.htm',
          'https://www.transtutors.com/questions/bbhosted-cuny-edu-given-the-following-graph-for-a-hypothetical-market-answer-questio-5183323.htm',
          'https://www.transtutors.com/questions/the-battle-of-seattle-in-1999-marked-the-unofficial-start-of-the-anti-globalisation--5183322.htm',
          'https://www.transtutors.com/questions/for-the-bat-maker-whose-cost-curves-are-shown-below-find-the-st-nrice-at-whi-for-s0--5183321.htm',
          'https://www.transtutors.com/questions/what-is-the-basis-for-assuming-that-the-statutory-incidence-of-the-payroll-tax-falls-5183320.htm',
          'https://www.transtutors.com/questions/the-basic-difference-between-a-tariff-and-quota-is-that-a-a-tariff-raises-the-price--5183319.htm',
          'https://www.transtutors.com/questions/based-of-these-numbers-obtain-for-st-louis-county-summarize-into-a-paragraph-the-dem-5183318.htm',
          'https://www.transtutors.com/questions/you-are-based-in-hartford-and-operate-a-moving-crafts-pop-up-store-over-four-weeks-o-5183317.htm',
          'https://www.transtutors.com/questions/are-based-on-the-following-output-and-total-revenue-for-a-monopolist-in-the-product--5183316.htm',
          'https://www.transtutors.com/questions/based-on-the-following-graph-calculate-producer-surplus-round-your-answer-to-2-decim-5183315.htm',
          'https://www.transtutors.com/questions/based-on-the-equation-of-exchange-if-p-20-m-400-and-y-40-then-v-21-3d-80-a-b-20-2--5183314.htm',
          'https://www.transtutors.com/questions/based-on-the-course-learning-objectives-listed-below-explain-the-most-important-conc-5183313.htm',
          'https://www.transtutors.com/questions/bart-has-a-utility-function-of-the-form-u-min-4x-2y-he-has-income-i-and-faces-prices-5183312.htm',
          'https://www.transtutors.com/questions/what-are-barriers-to-entry-give-examples-of-barriers-to-entry-in-what-ways-is-govern-5183311.htm',
          'https://www.transtutors.com/questions/banks-facilitate-investment-by-keeping-interest-rates-low-moving-money-from-savers-t-5183310.htm',
          'https://www.transtutors.com/questions/if-a-bank-39-s-required-reserve-ratio-is-2-5-an-initial-injection-of-4-000-has-the-p-5183309.htm',
          'https://www.transtutors.com/questions/on-a-bank-39-s-balance-sheet-a-both-deposits-and-reserves-are-assets-b-both-deposits-5183308.htm',
          'https://www.transtutors.com/questions/the-bank-of-new-zealand-39-s-monthly-confidence-survey-recorded-the-highest-level-of-5183307.htm',
          'https://www.transtutors.com/questions/your-bank-has-the-following-balance-sheet-liabilities-checkable-deposits-200-million-5183306.htm',
          'https://www.transtutors.com/questions/a-bank-has-deposits-of-25-000-and-the-required-reserve-ratio-is-20-percent-this-bank-5183305.htm',
          'https://www.transtutors.com/questions/a-bank-has-deposits-of-25-000-and-the-required-reserve-ratio-is-20-percent-this-bank-5183304.htm',
          'https://www.transtutors.com/questions/a-bank-will-consider-a-car-loan-to-a-customer-and-a-customer-39-s-checking-account-t-5183303.htm',
          'https://www.transtutors.com/questions/bang-olufsen-the-danish-company-bang-olufsen-manufactures-upscale-electronic-product-5183302.htm',
          'https://www.transtutors.com/questions/background-given-that-an-economy-is-experiencing-inflation-in-the-5-6-range-and-the--5183301.htm'],
 'project': ['trans'],
 'referring_link': ['https://www.transtutors.com/questions/economics/79/'],
 'spider': ['trans_links']}
2020-02-05 23:30:03 [scrapy.core.engine] DEBUG: Crawled (200) <GET https://www.transtutors.com/questions/economics/81/> (referer: https://www.google.com/) ['cached']
2020-02-05 23:30:03 [scrapy.core.scraper] DEBUG: Scraped from <200 https://www.transtutors.com/questions/economics/80/>
{'category': ['economy'],
 'date': [datetime.datetime(2020, 2, 5, 23, 30, 3, 886463)],
 'link': ['https://www.transtutors.com/questions/backboard-xsa-remaining-time-1-hou-t-es-21-seconds-question-completion-status-quest-5183300.htm',
          'https://www.transtutors.com/questions/back-to-assignment-time-remaining-64-minutes-deadline-today-at-02-44-pm-score-7-att-5183299.htm',
          'https://www.transtutors.com/questions/b-should-states-and-local-municipalities-help-fund-stadiums-to-helping-a-team-build--5183297.htm',
          'https://www.transtutors.com/questions/b-the-reserve-requirement-is-4-percent-banks-hold-no-excess-reserves-and-people-hold-5183296.htm',
          'https://www.transtutors.com/questions/or-b-read-or-listen-to-the-npr-podcast-making-the-case-that-discrimination-is-bad-fo-5183295.htm',
          'https://www.transtutors.com/questions/a-b-perfect-competition-diagram-a-perfectly-competitive-company-making-short-run-pro-5183294.htm',
          'https://www.transtutors.com/questions/b-each-of-the-letter-labels-in-the-figure-below-describes-a-mutequilla-use-and-x-in--5183293.htm',
          'https://www.transtutors.com/questions/b-government-spendin-t-he-price-level-o-government-spending-dec-h-pre-level-d-govern-5183292.htm',
          'https://www.transtutors.com/questions/b-given-pxk-pl-b-and-the-cobb-douglas-production-function-q-akim-i-find-the-objectiv-5183291.htm',
          'https://www.transtutors.com/questions/b-i-the-followings-show-two-machinery-options-option-1-the-initial-purchase-price-o-5183290.htm',
          'https://www.transtutors.com/questions/b-false-number-of-vehicles-involved-100-20-did-alcohol-play-a-role-yes-no-totals-tot-5183289.htm',
          'https://www.transtutors.com/questions/b-d-refer-to-figure-what-is-a-g-monopoly-39-s-p2-x-24-pz-q2-p2-po-x-22-p3-po-x-24-r-5183288.htm',
          'https://www.transtutors.com/questions/b-cuny-professor-branko-milanovic-39-s-39-elephant-curve-39-has-been-described-as-qu-5183287.htm',
          'https://www.transtutors.com/questions/b-under-what-conditions-do-oligopolies-function-like-perfect-competition-or-monopoli-5183286.htm',
          'https://www.transtutors.com/questions/b-competitive-cotton-textile-suppose-that-firm-39-s-total-costs-and-total-revenues-a-5183285.htm',
          'https://www.transtutors.com/questions/please-label-all-questions-b-comparative-advantage-1-country-a-has-100-workers-and-c-5183284.htm',
          'https://www.transtutors.com/questions/b-c-d-e-x-and-y-only-x-and-z-only-y-and-z-only-x-only-exhibit-4-the-figure-in-exhi-5183283.htm',
          'https://www.transtutors.com/questions/what-can-b-beta-coefficient-of-the-first-lag-of-a-time-series-variable-indicate-abou-5183282.htm',
          'https://www.transtutors.com/questions/b-what-is-the-annualized-worth-of-a-cash-flow-which-starts-at-0-and-increases-each--5183281.htm',
          'https://www.transtutors.com/questions/b-airbus-and-boeing-are-the-sole-producers-of-large-aircraft-airbus-has-to-decide-w-5183280.htm',
          'https://www.transtutors.com/questions/please-read-carefully-the-question-b-in-the-aggregate-expenditure-model-if-aggregate-5183279.htm',
          'https://www.transtutors.com/questions/b-in-the-aggregate-expenditure-model-if-aggregate-expenditures-ae-are-less-than-gdp--5183278.htm',
          'https://www.transtutors.com/questions/to-avoid-tariffs-a-japanese-firm-moves-its-final-assembly-line-to-mexico-and-then-sh-5183277.htm',
          'https://www.transtutors.com/questions/average-variable-quantity-marginal-cost-mc-average-total-cost-atc-cost-total-cost-tc-5183276.htm',
          'https://www.transtutors.com/questions/the-average-household-income-of-a-nation-offers-a-measure-of-that-nation-s-income-on-5183275.htm',
          'https://www.transtutors.com/questions/which-average-cost-curve-is-not-u-shaped-a-the-average-total-cost-atc-curve-b-the-av-5183274.htm',
          'https://www.transtutors.com/questions/automatic-stabilizers-are-essentially-a-type-of-policy-with-no-lag-a-fiscal-outside--5183273.htm',
          'https://www.transtutors.com/questions/attributes-of-five-products-and-their-associated-development-efforts-stanley-tools-r-5183272.htm',
          'https://www.transtutors.com/questions/attempts-average-3-6-problems-and-applications-q6-suppose-there-are-two-possible-inc-5183271.htm',
          'https://www.transtutors.com/questions/attempt-to-briefly-explain-the-great-recession-according-to-each-of-the-following-fo-5183270.htm',
          'https://www.transtutors.com/questions/attempt-6-question-6-of-21-the-acmeville-metropolitan-bus-service-currently-charges--5183269.htm',
          'https://www.transtutors.com/questions/attached-is-a-figure-showing-a-representative-firm-in-a-perfectly-competitive-market-5183268.htm',
          'https://www.transtutors.com/questions/attached-is-a-figure-depicting-a-monopoly-according-to-the-figure-the-quantity-the-m-5183267.htm',
          'https://www.transtutors.com/questions/atc-avc-500-650-900-1200-figure-9-1-figure-9-1-shows-the-cost-structure-of-a-firm-in-5183266.htm',
          'https://www.transtutors.com/questions/asymmetric-information-there-are-five-people-interested-in-purchasing-health-insura-5183265.htm',
          'https://www.transtutors.com/questions/asu-protedure-tor-testing-for-exogeneity-explain-using-an-example-if-you-consider-it-5183264.htm',
          'https://www.transtutors.com/questions/what-are-the-assumptions-of-classical-economic-theory-keynesian--5183263.htm',
          'https://www.transtutors.com/questions/assuming-transaction-costs-are-small-the-coase-theorem-would-predict-that-private-pa-5183262.htm',
          'https://www.transtutors.com/questions/assuming-an-output-level-of-10-000-and-15-000-and-using-the-following-cost-function--5183261.htm',
          'https://www.transtutors.com/questions/assuming-that-okun-s-law-is-given-by-and-that-the-phillips-curve-is-given-by-40-poin-5183260.htm',
          'https://www.transtutors.com/questions/assuming-the-economy-is-initially-at-full-employment-a-decrease-in-aggregate-demand--5183259.htm',
          'https://www.transtutors.com/questions/assuming-the-economy-is-initially-at-full-employment-a-decrease-in-aggregate-demand--5183258.htm',
          'https://www.transtutors.com/questions/assume-two-variables-z-and-y-have-the-following-relationship-z-10-where-z-is-on-the--5183257.htm',
          'https://www.transtutors.com/questions/assume-that-there-are-only-two-goods-x-and-y-and-two-persons-1-and-2-the-total-quant-5183256.htm',
          'https://www.transtutors.com/questions/assume-there-are-two-firms-and-their-cost-curves-are-given-as-c-q1-251-and-c-q2-252--5183255.htm',
          'https://www.transtutors.com/questions/assume-that-small-country-usia-because-of-its-abundant-of-forests-has-a-comparative--5183254.htm',
          'https://www.transtutors.com/questions/assume-the-real-u-s-gdp-in-1998-was-7-552-billion-and-the-u-s-population-was-270-mil-5183253.htm',
          'https://www.transtutors.com/questions/assume-the-proportion-of-the-population-that-wears-braces-falls-as-a-result-the-dema-5183252.htm',
          'https://www.transtutors.com/questions/assume-that-a-profit-maximizing-firm-which-competes-in-a-purely-competitive-product--5183251.htm',
          'https://www.transtutors.com/questions/assume-the-price-elasticity-of-demand-for-hotdogs-is-elastic-and-price-elasticity-of-5183250.htm'],
 'project': ['trans'],
 'referring_link': ['https://www.transtutors.com/questions/economics/80/'],
 'spider': ['trans_links']}
2020-02-05 23:30:04 [scrapy.core.engine] DEBUG: Crawled (200) <GET https://www.transtutors.com/questions/economics/82/> (referer: https://www.google.com/) ['cached']
2020-02-05 23:30:04 [scrapy.core.scraper] DEBUG: Scraped from <200 https://www.transtutors.com/questions/economics/81/>
{'category': ['economy'],
 'date': [datetime.datetime(2020, 2, 5, 23, 30, 4, 67633)],
 'link': ['https://www.transtutors.com/questions/assume-you-are-to-perform-a-test-to-compare-the-following-two-models-model-1-y-b-bx--5183249.htm',
          'https://www.transtutors.com/questions/assume-you-are-to-perform-a-test-to-compare-the-following-two-models-model-1-y-b-bx--5183248.htm',
          'https://www.transtutors.com/questions/assume-perfect-competition-price-38-tc-20q-04q2-cost-solve-for-the-profit-maximizing-5183247.htm',
          'https://www.transtutors.com/questions/assume-p-1-2001-2002-2003-m-s-100-110-105-y-1000-1200-1440-a-calculate-velocity-for--5183246.htm',
          'https://www.transtutors.com/questions/assume-that-net-exports-are-340-private-investment-is-1500-tax-revenues-are-800-gove-5183245.htm',
          'https://www.transtutors.com/questions/assume-that-the-money-demand-function-satisfies-1-m-yh-ph-rh-in-addition-assume-that-5183244.htm',
          'https://www.transtutors.com/questions/assume-that-the-money-demand-function-satisfies-1-ph-rh-in-addition-assume-that-the--5183243.htm',
          'https://www.transtutors.com/questions/assume-a-market-with-only-two-firms-call-them-a-and-b-there-are-several-ways-that-mo-5183242.htm',
          'https://www.transtutors.com/questions/assume-the-lm-curve-is-flat-an-increase-in-the-risk-premium-a-the-is-curve-will-shif-5183241.htm',
          'https://www.transtutors.com/questions/assume-lawyer-services-have-an-elasticity-demand-of-0-6-in-absolute-value-currently--5183240.htm',
          'https://www.transtutors.com/questions/assume-japan-begins-with-its-economy-running-at-full-employment-if-the-japanese-gove-5183239.htm',
          'https://www.transtutors.com/questions/assume-there-is-an-increased-demand-in-the-united-states-for-australian-wines-if-all-5183238.htm',
          'https://www.transtutors.com/questions/assume-there-is-an-imperfect-capital-market-draw-a-graph-to-show-the-optimal-years-o-5183237.htm',
          'https://www.transtutors.com/questions/assume-hospital-leadership-transfers-funds-that-were-allocated-for-a-burn-unit-to-po-5183236.htm',
          'https://www.transtutors.com/questions/assume-the-following-data-for-a-country-number-of-people-millions-category-total-pop-5183235.htm',
          'https://www.transtutors.com/questions/assume-a-firm-sell-10-000-units-of-its-output-price-of-100-suppose-competitors-decre-5183234.htm',
          'https://www.transtutors.com/questions/assume-that-a-farm-has-only-two-factor-inputs-labor-and-land-and-that-resource-price-5183233.htm',
          'https://www.transtutors.com/questions/assume-that-a-farm-has-only-two-factor-inputs-labor-and-land-and-that-resource-price-5183232.htm',
          'https://www.transtutors.com/questions/assume-that-a-farm-has-only-two-factor-inputs-labor-and-land-and-that-resource-price-5183231.htm',
          'https://www.transtutors.com/questions/assume-expected-inflation-rate-will-remain-unchanged-in-next-3-year-will-interest-ra-5183230.htm',
          'https://www.transtutors.com/questions/just-4-and-5-pls-assume-the-economy-starts-at-the-natural-level-of-output-now-suppos-5183229.htm',
          'https://www.transtutors.com/questions/assume-that-due-to-a-local-building-ordinance-all-office-buildings-in-metropolis-are-5183228.htm',
          'https://www.transtutors.com/questions/assume-a-consumer-is-violating-sarp-such-that-directly-revealed-preferences-are-a-gt-5183227.htm',
          'https://www.transtutors.com/questions/assume-compound-interest-except-where-noted-1-at-a-7-annual-interest-rate-2000-now-i-5183226.htm',
          'https://www.transtutors.com/questions/assume-a-competitive-firm-faces-a-market-price-of-90-the-total-cost-of-the-firm-is-g-5183225.htm',
          'https://www.transtutors.com/questions/assume-that-the-cola-market-is-a-bertrand-oligopoly-and-that-coke-s-estimated-demand-5183224.htm',
          'https://www.transtutors.com/questions/assume-a-central-bank-follows-a-rule-that-requires-it-to-take-steps-to-keep-the-pric-5183223.htm',
          'https://www.transtutors.com/questions/how-do-i-get-to-these-answers-assume-that-the-average-consumer-in-mexico-and-the-ave-5183222.htm',
          'https://www.transtutors.com/questions/as-an-assistant-quantitative-analyst-for-this-bank-what-can-you-assume-from-these-re-5183221.htm',
          'https://www.transtutors.com/questions/assignment-using-what-we-have-learnt-about-the-price-elasticity-of-demand-and-what-w-5183220.htm',
          'https://www.transtutors.com/questions/the-accompanying-graph-represents-a-hypothetica-natural-monopoly-a-place-po-quot-ari-5183219.htm',
          'https://www.transtutors.com/questions/item-on-your-way-home-from-super-gr-quot-src-quot-https-files-transtutors-com-cdn-qi-5183218.htm',
          'https://www.transtutors.com/questions/assignment-question-s-marks-30-q-1-how-does-financial-system-coordinate-saving-and-i-5183217.htm',
          'https://www.transtutors.com/questions/formula-and-step-by-step-calculation-needed-thank-you-assignment-elasticity-complete-5183216.htm',
          'https://www.transtutors.com/questions/assignment-6-savings-and-investment-using-a-graph-explain-the-following-a-what-happe-5183215.htm',
          'https://www.transtutors.com/questions/assignment-5-production-and-growth-with-regards-to-human-capital-and-productivity-an-5183214.htm',
          'https://www.transtutors.com/questions/assignment-5-production-and-growth-1-with-regards-to-human-capital-and-productivity--5183213.htm',
          'https://www.transtutors.com/questions/assignment-3-f19-remaining-time-15-59-04-indicate-the-market-structure-monopolistic--5183212.htm',
          'https://www.transtutors.com/questions/assign-each-of-the-following-sentences-to-its-most-appropriate-category-1-a-sandwich-5183211.htm',
          'https://www.transtutors.com/questions/assets-are-categorized-by-the-capacity-in-which-they-benefit-the-company-select-one--5183210.htm',
          'https://www.transtutors.com/questions/you-have-been-asked-to-move-your-accounts-office-from-location-a-to-location-b-which-5183209.htm',
          'https://www.transtutors.com/questions/ask-and-answer-your-own-question-first-formulate-a-question-related-to-culture-and-o-5183208.htm',
          'https://www.transtutors.com/questions/in-asia-government-plays-a-role-in-the-economy-examine-through-your-research-the-ext-5183207.htm',
          'https://www.transtutors.com/questions/the-article-states-that-mcdonald-s-is-facing-falling-profits-explain-how-this-relate-5183206.htm',
          'https://www.transtutors.com/questions/the-article-under-required-readings-entitled-progress-pain-for-vikings-stadium-in-20-5183205.htm',
          'https://www.transtutors.com/questions/in-his-article-the-misuse-of-economic-history-flawed-analogies-with-japan-s-liquidit-5183204.htm',
          'https://www.transtutors.com/questions/article-on-quot-against-higher-inflation-quot-by-ramesh-ponnuro-david-beckworth-need-5183203.htm',
          'https://www.transtutors.com/questions/article-on-quot-goods-inflation-asset-inflation-and-the-greatest-peacetime-inflation-5183202.htm',
          'https://www.transtutors.com/questions/in-this-article-explain-with-a-separate-graph-and-explanation-all-the-key-factors-in-5183201.htm',
          'https://www.transtutors.com/questions/in-this-article-explain-with-a-separate-graph-and-explanation-all-the-key-factors-in-5183200.htm'],
 'project': ['trans'],
 'referring_link': ['https://www.transtutors.com/questions/economics/81/'],
 'spider': ['trans_links']}
2020-02-05 23:30:04 [scrapy.core.engine] DEBUG: Crawled (200) <GET https://www.transtutors.com/questions/economics/83/> (referer: https://www.google.com/) ['cached']
2020-02-05 23:30:04 [scrapy.core.scraper] DEBUG: Scraped from <200 https://www.transtutors.com/questions/economics/82/>
{'category': ['economy'],
 'date': [datetime.datetime(2020, 2, 5, 23, 30, 4, 245491)],
 'link': ['https://www.transtutors.com/questions/in-this-article-explain-with-a-separate-graph-and-explanation-all-the-key-factors-in-5183199.htm',
          'https://www.transtutors.com/questions/in-this-article-explain-with-a-separate-graph-and-explanation-all-the-key-factors-in-5183198.htm',
          'https://www.transtutors.com/questions/art-a-terms-and-concepts-for-each-of-the-following-choose-the-best-answer-from-the-a-5183197.htm',
          'https://www.transtutors.com/questions/arswer-the-following-questions-question-1-10-marks-choose-the-best-correct-answer-1--5183196.htm',
          'https://www.transtutors.com/questions/how-does-the-army-demonstrates-stewardship-of-resources-for-facilities-infrastructur-5183195.htm',
          'https://www.transtutors.com/questions/ariah-seh-a-00012-0-000-0-0012-0-00-0-0015-rachelor-x-age-female-0-04-1-36-414-10-16-5183194.htm',
          'https://www.transtutors.com/questions/argue-that-we-are-headed-for-a-recession-look-at-the-fall-in-as-and-focus-on-unemplo-5183193.htm',
          'https://www.transtutors.com/questions/the-area-of-the-triangle-shown-in-the-figure-is-a-25-000-b-32-500-c-22-500-d-17-000--5183192.htm',
          'https://www.transtutors.com/questions/what-area-s-show-the-gain-just-the-increase-in-consumer-surplus-when-the-country-mov-5183191.htm',
          'https://www.transtutors.com/questions/the-arctic-national-wildlife-refuge-has-been-targeted-as-a-source-of-domestic-oil-an-5183190.htm',
          'https://www.transtutors.com/questions/arbitrage-is-the-process-by-which-investors-simultaneously-sell-multiple-choice-asse-5183189.htm',
          'https://www.transtutors.com/questions/apter-6-chapter-6-2pm-quizinstructions-his-quiz-is-timed-question-1-1-pts-greg-spend-5183188.htm',
          'https://www.transtutors.com/questions/applying-the-oligopolistic-model-to-the-time-warner-filmed-entertainment-industry-wh-5183187.htm',
          'https://www.transtutors.com/questions/when-applying-gaussian-elimination-to-solve-linear-system-one-step-is-forward-substi-5183186.htm',
          'https://www.transtutors.com/questions/application-activities-define-fiscal-policy-and-its-key-objectives-what-government-a-5183185.htm',
          'https://www.transtutors.com/questions/application-19-points-suppose-the-current-state-of-the-macroeconomy-is-depicted-in-t-5183184.htm',
          'https://www.transtutors.com/questions/application-19-points-suppose-the-current-state-of-the-macroeconomy-is-depicted-in-t-5183183.htm',
          'https://www.transtutors.com/questions/application-19-points-suppose-the-current-state-of-the-macroeconomy-is-depicted-in-t-5183182.htm',
          'https://www.transtutors.com/questions/application-19-points-suppose-the-current-state-of-the-macroeconomy-is-depicted-in-t-5183181.htm',
          'https://www.transtutors.com/questions/if-apple-39-s-itunes-music-store-increases-its-quot-fee-quot-for-its-music-services--5183180.htm',
          'https://www.transtutors.com/questions/how-does-apple-inc-apply-consumer-needs-that-motivate-behavior-in-marketing-their-pr-5183179.htm',
          'https://www.transtutors.com/questions/apple-faces-some-very-good-competitors-in-their-markets-what-are-the-things-apple-ca-5183178.htm',
          'https://www.transtutors.com/questions/aplia-questions-money-growth-and-inflation-back-to-assignment-average-7-attempts-e-a-5183177.htm',
          'https://www.transtutors.com/questions/aplia-questions-the-economics-of-factor-markets-back-to-assignment-average-14-attemp-5183176.htm',
          'https://www.transtutors.com/questions/anyone-please-help-mee-i-ve-got-an-exam-tomorroww-i-really-need-the-answer-as-accura-5183175.htm',
          'https://www.transtutors.com/questions/can-anyone-give-the-simple-and-clear-explanation-about-anna-karenina-priciple-the-an-5183174.htm',
          'https://www.transtutors.com/questions/should-anti-poverty-programs-be-provided-by-a-centralized-or-a-decentralized-governm-5183173.htm',
          'https://www.transtutors.com/questions/i-have-answers-just-a-little-bit-more-of-an-explanation-is-needed-thanks-you-in-adva-5183172.htm',
          'https://www.transtutors.com/questions/which-of-the-answers-bellow-is-an-example-of-a-capital-investment-project-a-replacem-5183171.htm',
          'https://www.transtutors.com/questions/answer-three-questions-including-question-1-all-operations-leading-to-an-answer-must-5183170.htm',
          'https://www.transtutors.com/questions/answer-three-questions-including-question-1-all-operations-leading-to-an-answer-must-5183169.htm',
          'https://www.transtutors.com/questions/answer-three-questions-including-question-1-all-operations-leading-to-an-answer-must-5183168.htm',
          'https://www.transtutors.com/questions/answer-the-questions-below-using-an-article-from-a-newspaper-magazine-or-relevant-on-5183167.htm',
          'https://www.transtutors.com/questions/answer-all-questions-show-your-computation-use-at-least-2-decimal-places-consider-th-5183166.htm',
          'https://www.transtutors.com/questions/answer-all-of-the-questions-in-part-b-worth-20-marks-total-suppose-that-two-people-a-5183165.htm',
          'https://www.transtutors.com/questions/answer-questions-36-through-40-based-on-the-following-statement-almawared-corporatio-5183164.htm',
          'https://www.transtutors.com/questions/only-answer-this-question-if-you-undedsrand-how-to-do-it-you-are-required-to-1-devel-5183163.htm',
          'https://www.transtutors.com/questions/answer-all-the-question-plesse-1-write-the-equation-for-john-39-s-demand-curve-with--5183162.htm',
          'https://www.transtutors.com/questions/answer-the-next-questions-based-on-the-following-consolidated-balance-sheet-for-the--5183161.htm',
          'https://www.transtutors.com/questions/answer-the-next-five-questions-using-the-following-information-firm-i-produces-chemi-5183160.htm',
          'https://www.transtutors.com/questions/answer-the-next-five-questions-using-the-following-information-firm-i-produces-chemi-5183159.htm',
          'https://www.transtutors.com/questions/answer-must-be-200-500-words-each-question-summary-helga-retiree-i-m-helga-i-m-80-ye-5183158.htm',
          'https://www.transtutors.com/questions/answer-the-following-true-false-and-include-a-brief-explanation-limit-your-answers-t-5183157.htm',
          'https://www.transtutors.com/questions/answer-the-following-questions-for-a-monopoly-firm-price-quantity-tr-mr-mc-t-c-profi-5183156.htm',
          'https://www.transtutors.com/questions/answer-the-following-questions-a-in-many-countries-general-sales-tax-gst-is-used-for-5183155.htm',
          'https://www.transtutors.com/questions/answer-the-following-questions-cost-and-revenue-schedule-please-show-your-calculatio-5183154.htm',
          'https://www.transtutors.com/questions/answer-the-following-questions-1-cost-and-revenue-schedule-please-show-your-calculat-5183153.htm',
          'https://www.transtutors.com/questions/answer-the-following-problems-1-given-the-following-data-solve-the-problem-mathemati-5183152.htm',
          'https://www.transtutors.com/questions/answer-the-flowing-true-false-t-f-1-in-sensitivity-graph-if-the-slope-of-the-line-th-5183151.htm',
          'https://www.transtutors.com/questions/help-please-answer-explain-each-of-the-following-1-what-is-nafta-why-was-it-formed-w-5183150.htm'],
 'project': ['trans'],
 'referring_link': ['https://www.transtutors.com/questions/economics/82/'],
 'spider': ['trans_links']}
2020-02-05 23:30:04 [scrapy.core.engine] DEBUG: Crawled (200) <GET https://www.transtutors.com/questions/economics/84/> (referer: https://www.google.com/) ['cached']
2020-02-05 23:30:04 [scrapy.core.scraper] DEBUG: Scraped from <200 https://www.transtutors.com/questions/economics/83/>
{'category': ['economy'],
 'date': [datetime.datetime(2020, 2, 5, 23, 30, 4, 387599)],
 'link': ['https://www.transtutors.com/questions/this-answer-has-to-be-cited-and-in-summarized-in-own-words-changes-in-demand-baby-di-5183149.htm',
          'https://www.transtutors.com/questions/answer-bank-price-cap-regulation-describes-a-policy-where-government-sets-the-price--5183148.htm',
          'https://www.transtutors.com/questions/ans-20-meredith-is-looking-for-work-as-a-computer-programmer-although-her-prospects--5183147.htm',
          'https://www.transtutors.com/questions/another-firm-practices-market-segmentation-or-third-degree-price-discrimination-in-m-5183146.htm',
          'https://www.transtutors.com/questions/the-annual-maintenance-cost-of-a-monument-in-the-state-capital-is-estimated-to-be-48-5183145.htm',
          'https://www.transtutors.com/questions/annual-equivalent-worth-criterion-6-19-company-x-has-been-contracting-its-overhaulin-5183144.htm',
          'https://www.transtutors.com/questions/when-ananticipated-inflation-occurs-both-creditors-and-debtors-benefit-both-creditor-5183143.htm',
          'https://www.transtutors.com/questions/you-are-analyzing-a-proposed-project-and-have-compiled-the-following-information-yea-5183142.htm',
          'https://www.transtutors.com/questions/analyze-and-create-t-account-balance-sheets-10-marks--5183141.htm',
          'https://www.transtutors.com/questions/analyze-alternative-farm-investments-options-and-make-relevant-conclusions--5183140.htm',
          'https://www.transtutors.com/questions/analyse-the-market-structure-monopolistic-competition-and-determine-whether-it-is-ba-5183139.htm',
          'https://www.transtutors.com/questions/amoving-to-another-quesgn-wa-sav-stion-12-4-potnts-the-garhoud-bridge-is-maintained--5183138.htm',
          'https://www.transtutors.com/questions/what-amount-of-money-will-be-paid-on-a-20-000-loan-that-is-made-for-5-years-with-an--5183137.htm',
          'https://www.transtutors.com/questions/i-what-is-the-amount-of-money-that-you-should-invest-now-if-you-want-to-receive-pay-5183136.htm',
          'https://www.transtutors.com/questions/the-amount-of-eight-that-must-be-given-out-to-produce-navigate-is-a-concept-of-scarc-5183135.htm',
          'https://www.transtutors.com/questions/application-elasticity-and-hotel-rooms-aming-google-chrome-com-static-b-u-evo-indeht-5183134.htm',
          'https://www.transtutors.com/questions/ament-3-f19-remaining-time-15-52-36-indicate-the-market-structure-monopolistic-compe-5183133.htm',
          'https://www.transtutors.com/questions/ame-and-uni-33-the-following-table-shows-different-statistics-related-to-the-bank-of-5183132.htm',
          'https://www.transtutors.com/questions/please-use-venn-diagram-to-illustrate-the-answers-or-not-always-true-f-3-2-state-whe-5183130.htm',
          'https://www.transtutors.com/questions/is-it-always-necessary-for-government-to-intervene-and-internalize-the-profit-and-th-5183129.htm',
          'https://www.transtutors.com/questions/it-is-not-always-expedient-for-the-government-to-make-a-direct-investment-in-an-indu-5183128.htm',
          'https://www.transtutors.com/questions/alude-unit-code-baf2202-unit-title-management-accounting-1-monday-16-quot-december-2-5183127.htm',
          'https://www.transtutors.com/questions/although-there-are-only-a-few-major-cell-phone-service-providers-in-the-us-explain-w-5183126.htm',
          'https://www.transtutors.com/questions/alreed-instructure-com-apple-cloud-yahoo-google-twittet-elk-linkedin-instant-pot-spe-5183125.htm',
          'https://www.transtutors.com/questions/i-already-have-the-first-part-of-this-problem-solved-i-just-need-help-with-the-tax--5183124.htm',
          'https://www.transtutors.com/questions/solve-using-algebra-expressions-such-as-answer-p-a-i-n-etc-please-a-alphonse-deposit-5183123.htm',
          'https://www.transtutors.com/questions/which-of-these-is-the-allocation-and-reallocation-of-capital-abd-resources-5183122.htm',
          'https://www.transtutors.com/questions/allegiant-airlines-charges-a-mean-base-fare-of-88-in-addition-the-airline-charges-fo-5183121.htm',
          'https://www.transtutors.com/questions/alle-ahmed-pure-12-teamma-ich-people-comm-e-pele-com-low-people-13-selling-leadershi-5183120.htm',
          'https://www.transtutors.com/questions/activities-and-due-dates-gt-ch-8-perfect-competition-quiz-x-give-up-nt-score-o-resou-5183119.htm',
          'https://www.transtutors.com/questions/alamancecc-mrooms-net-aliga2045-2001-0-search-this-file-claims-compliance-with-the-p-5183117.htm',
          'https://www.transtutors.com/questions/airline-passengers-per-year-137-delta-southwest-american-air-tran-united-122-jet-blu-5183116.htm',
          'https://www.transtutors.com/questions/s-aining-1-21-52-means-tested-college-aid-base-college-aid-primarily-on-a-a-student--5183115.htm',
          'https://www.transtutors.com/questions/ai-suppose-danny-corporation-issued-a-corporate-bond-four-years-ago-at-a-par-value-o-5183114.htm',
          'https://www.transtutors.com/questions/ahmed-sons-moving-and-storage-wants-to-have-enough-money-to-purchase-a-new-tractor-t-5183113.htm',
          'https://www.transtutors.com/questions/an-agreed-upon-date-is-known-as-a-n-ople-of-a-derivative-where-two-parties-each-assu-5183112.htm',
          'https://www.transtutors.com/questions/aggregate-expenditure-1000-3000-4000-2000-income-refer-to-figure-above-if-ip-100-and-5183111.htm',
          'https://www.transtutors.com/questions/if-aggregate-demand-just-increased-which-of-the-following-may-have-caused-the-increa-5183110.htm',
          'https://www.transtutors.com/questions/when-aggregate-demand-decreases-in-the-classical-model-of-the-short-run-aggregate-su-5183109.htm',
          'https://www.transtutors.com/questions/what-is-the-aggregate-demand-ad-curve-what-are-the-components-of-ad-what-factors-can-5183108.htm',
          'https://www.transtutors.com/questions/aeu-engineering-economies-geng-315-question-3-5-marks-wo-allematives-have-been-propo-5183107.htm',
          'https://www.transtutors.com/questions/aeu-engineering-economics-geng-315-question-3-5-marks-two-alternatives-have-been-pro-5183106.htm',
          'https://www.transtutors.com/questions/aestion-4-19-points-al-ain-cablusa-monopoly-in-football-production-in-the-uae-the-fa-5183105.htm',
          'https://www.transtutors.com/questions/ael-for-f-a-bt-ct-204r-relationship-causesinequality-9-um-10-inder-cumdative-hare-at-5183104.htm',
          'https://www.transtutors.com/questions/its-advocates-supported-extensive-economic-liberalization-policies-such-as-privatiza-5183103.htm',
          'https://www.transtutors.com/questions/advise-what-the-price-elasticity-of-supply-is-the-price-elasticity-of-supply-is-eith-5183102.htm',
          'https://www.transtutors.com/questions/advise-what-price-elasticity-of-demand-is-the-more-price-elastic-demand-is-the-more--5183101.htm',
          'https://www.transtutors.com/questions/what-is-advertising-define-what-are-the-three-criteria-that-must-be-met-for-communic-5183100.htm',
          'https://www.transtutors.com/questions/adverse-selection-and-moral-hazard-are-both-examples-of-asymmetric-information-true--5183099.htm',
          'https://www.transtutors.com/questions/microeconomics-question-adverse-selection-and-hidden-information-3-there-are-two-kin-5183098.htm'],
 'project': ['trans'],
 'referring_link': ['https://www.transtutors.com/questions/economics/83/'],
 'spider': ['trans_links']}
2020-02-05 23:30:04 [scrapy.core.engine] DEBUG: Crawled (200) <GET https://www.transtutors.com/questions/economics/85/> (referer: https://www.google.com/) ['cached']
2020-02-05 23:30:04 [scrapy.core.scraper] DEBUG: Scraped from <200 https://www.transtutors.com/questions/economics/84/>
{'category': ['economy'],
 'date': [datetime.datetime(2020, 2, 5, 23, 30, 4, 543619)],
 'link': ['https://www.transtutors.com/questions/what-advantages-do-you-get-from-panel-data-and-not-from-cross-sectional-data-what-me-5183097.htm',
          'https://www.transtutors.com/questions/what-are-the-advantages-and-disadvantages-of-innovation-to-u-s-workers-at-least-6-po-5183096.htm',
          'https://www.transtutors.com/questions/advantage-and-drawback-of-static-reserve-index-andwxponential-reserve-index--5183095.htm',
          'https://www.transtutors.com/questions/this-subject-is-advanced-macro-economic-please-solve-this-question-advanced-macroeco-5183094.htm',
          'https://www.transtutors.com/questions/ad-as-model-fiscal-policy-10-points-lras-price-level-rasi-ad1-real-gdp-the-accompany-5183093.htm',
          'https://www.transtutors.com/questions/the-ad-curve-is-drawn-with-the-price-level-drawn-with-the-price-level-and-the-c-g-x--5183092.htm',
          'https://www.transtutors.com/questions/actually-am-looking-for-answer-number-e-that-i-did-solve-all-others-as-well-a-the-ex-5183091.htm',
          'https://www.transtutors.com/questions/what-is-actually-driving-the-observed-changes-in-the-income-distribution-according-t-5183090.htm',
          'https://www.transtutors.com/questions/help-these-answers-are-all-wrong-if-actual-unemployment-is-at-its-natural-rate-there-5183089.htm',
          'https://www.transtutors.com/questions/activity-2-mg665-marketing-research-lesson-2-exploratory-research-and-support-system-5183088.htm',
          'https://www.transtutors.com/questions/which-action-would-allow-banks-to-lend-out-more-money-o-a-decrease-in-the-discount-r-5183087.htm',
          'https://www.transtutors.com/questions/actice-quiz-with-worked-out-solutions-angel-company-produces-car-radios-given-the-fo-5183086.htm',
          'https://www.transtutors.com/questions/when-they-act-as-a-profit-maximizing-cartel-each-company-will-produce-cans-and-charg-5183085.htm',
          'https://www.transtutors.com/questions/acme-development-company-is-considering-building-a-twenty-five-25-unit-apartment-bui-5183084.htm',
          'https://www.transtutors.com/questions/acme-computer-co-sells-computers-to-retail-stores-for-400-if-acme-requires-the-retai-5183083.htm',
          'https://www.transtutors.com/questions/aclick-submit-to-complete-this-assessment-close-window-save-and-submi-question-13-qu-5183082.htm',
          'https://www.transtutors.com/questions/ack-to-assignment-attempts-average-74-average-14-2-problems-and-applications-q2-supp-5183081.htm',
          'https://www.transtutors.com/questions/acid-uusl-ui-a-lacility-is-considered-a-marginal-cost-b-variable-cost-c-fixed-cost-d-5183080.htm',
          'https://www.transtutors.com/questions/you-have-achieved-a-dream-job-working-for-the-toledo-mud-hens-you-estimate-the-deman-5183079.htm',
          'https://www.transtutors.com/questions/rewrite-these-paragraph-according-to-the-us-census-39-s-website-for-st-louis-county--5183078.htm',
          'https://www.transtutors.com/questions/according-to-the-taylor-rule-if-the-target-rate-of-inflation-for-the-fed-is-2-percen-5183077.htm',
          'https://www.transtutors.com/questions/according-to-this-scenario-please-answer-1question-full-i-just-got-the-half-answer-t-5183076.htm',
          'https://www.transtutors.com/questions/would-it-be-8-tons-or-is-this-a-trick-questions-according-to-the-production-possibil-5183075.htm',
          'https://www.transtutors.com/questions/according-to-one-food-truck-operator-the-average-daily-revenue-at-disneyland-spot-dr-5183074.htm',
          'https://www.transtutors.com/questions/according-to-lucas-and-sargent-workers-and-firms-have-rational-expectations-and-ther-5183073.htm',
          'https://www.transtutors.com/questions/according-to-the-is-lm-model-how-would-an-increase-of-the-nominal-money-supply-affec-5183072.htm',
          'https://www.transtutors.com/questions/according-to-the-law-of-demand-a-price-decrease-leads-to-an-increase-in-demand-true--5183071.htm',
          'https://www.transtutors.com/questions/according-to-the-kinked-demand-curve-model-will-an-oligopolist-engage-price-or-nonpr-5183070.htm',
          'https://www.transtutors.com/questions/according-to-the-diagram-what-is-the-dwl-if-price-floor-is-8-10-bushel-4-2-4-6-wheat-5183069.htm',
          'https://www.transtutors.com/questions/according-to-the-crowding-out-effect-an-increase-in-government-spending-a-decreases--5183068.htm',
          'https://www.transtutors.com/questions/according-to-the-concept-of-the-time-value-of-money-multiple-choice-money-is-more-va-5183067.htm',
          'https://www.transtutors.com/questions/according-to-the-coase-theorem-argument-environmental-externalities-can-be-reduced-i-5183066.htm',
          'https://www.transtutors.com/questions/according-to-an-article-in-the-wall-street-jounal-a-decline-in-demand-for-ethanol-wh-5183065.htm',
          'https://www.transtutors.com/questions/according-to-2014-data-on-the-u-s-population-which-of-the-following-was-correct-for--5183064.htm',
          'https://www.transtutors.com/questions/the-accompanying-graph-represents-a-hypothetica-natural-natural-monopoly-monopoly-10-5183063.htm',
          'https://www.transtutors.com/questions/the-accompanying-graph-depicts-the-marginal-cost-mc-average-total-cost-atc-demand-an-5183062.htm',
          'https://www.transtutors.com/questions/in-the-absence-of-technological-progress-we-know-with-certainty-that-an-increase-in--5183061.htm',
          'https://www.transtutors.com/questions/aaden-takes-a-loan-of-250-000-today-he-will-make-payments-every-two-years-starting-t-5183060.htm',
          'https://www.transtutors.com/questions/9-rapid-lube-provides-oil-changes-and-lubes-the-estimated-number-of-oil-changes-for--5183059.htm',
          'https://www.transtutors.com/questions/true-or-false-92-unregulated-natural-monopolists-produce-sub-optimal-rates-of-outpu-5183058.htm',
          'https://www.transtutors.com/questions/9-use-supply-and-demand-curves-to-illustrate-how-each-of-the-following-events-would--5183057.htm',
          'https://www.transtutors.com/questions/show-work-9-in-the-quot-units-of-production-quot-depreciation-method-the-minimum-dep-5183056.htm',
          'https://www.transtutors.com/questions/9-suppose-that-the-inverse-market-demand-for-pumpkins-is-given-by-p-10-0-05q-pumpkin-5183055.htm',
          'https://www.transtutors.com/questions/9-suppose-that-angelina-and-brad-own-the-only-two-professional-photography-stores-in-5183054.htm',
          'https://www.transtutors.com/questions/9-in-the-stimulus-package-passed-by-obama-in-2009-what-were-some-reasons-why-some-ec-5183053.htm',
          'https://www.transtutors.com/questions/9-if-i-said-a-market-with-only-buyer-for-a-good-or-service-is-a-monopoly-do-you-one--5183052.htm',
          'https://www.transtutors.com/questions/exhibit-5-2-shown-in-second-photo-9-refer-to-exhibit-5-2-the-unemployment-rate-in-ye-5183051.htm',
          'https://www.transtutors.com/questions/9-one-of-the-qualities-of-an-oligopolistic-market-model-is-limited-entry-and-exit-wh-5183050.htm',
          'https://www.transtutors.com/questions/9-jimmer-39-s-nominal-income-will-go-up-from-100-by-10-percent-next-year-the-price-l-5183049.htm',
          'https://www.transtutors.com/questions/9-an-industry-consists-of-two-firms-which-can-either-quot-collude-quot-or-quot-compe-5183048.htm'],
 'project': ['trans'],
 'referring_link': ['https://www.transtutors.com/questions/economics/84/'],
 'spider': ['trans_links']}
2020-02-05 23:30:04 [scrapy.core.engine] DEBUG: Crawled (200) <GET https://www.transtutors.com/questions/economics/86/> (referer: https://www.google.com/) ['cached']
2020-02-05 23:30:04 [scrapy.core.scraper] DEBUG: Scraped from <200 https://www.transtutors.com/questions/economics/85/>
{'category': ['economy'],
 'date': [datetime.datetime(2020, 2, 5, 23, 30, 4, 737680)],
 'link': ['https://www.transtutors.com/questions/thank-you-in-advance-9-do-homework-harris-khan-google-chrome-0-x1-mathxl-com-student-5183047.htm',
          'https://www.transtutors.com/questions/9-the-firm-39-s-average-fixed-cost-is-equal-to-the-a-total-variable-cost-divided-by--5183046.htm',
          'https://www.transtutors.com/questions/need-answer-for-19-and-check-10-is-right-plz-9-each-firm-in-this-industry-therefore--5183045.htm',
          'https://www.transtutors.com/questions/9-find-the-derivative-of-the-following-functions-a-11x-14x2-5x-15-6x-5-b-3x-4-c-2x2--5183044.htm',
          'https://www.transtutors.com/questions/9-as-an-economy-39-s-capital-stock-increases-the-economy-a-generally-experiences-inc-5183043.htm',
          'https://www.transtutors.com/questions/9-as-an-economy-39-s-capital-stock-increases-the-economy-37-the-cost-of-producing-as-5183042.htm',
          'https://www.transtutors.com/questions/9-if-the-economy-is-currently-here-ya-5183041.htm',
          'https://www.transtutors.com/questions/help-5-6-9-10-9-economist-gary-becker-argued-that-a-using-infrastructure-spending-to-5183040.htm',
          'https://www.transtutors.com/questions/9-with-adaptive-expectations-the-phillips-curve-can-be-written-as-quot-ax-yu-ag-77-b-5183039.htm',
          'https://www.transtutors.com/questions/need-1-4-solved-please-9-9-9-t-thu-2-he-edit-view-insert-format-tools-table-window-h-5183038.htm',
          'https://www.transtutors.com/questions/please-write-bigger-so-i-can-see-the-steps-thank-you-9-44-9-10-the-domestic-demand-f-5183037.htm',
          'https://www.transtutors.com/questions/9-20-am-mon-jun-24-100-46-28-table-total-cost-and-output-total-cost-output-10-0-60-1-5183036.htm',
          'https://www.transtutors.com/questions/8pts-imagine-there-are-two-consumers-justin-trudeau-and-angela-merkel-their-individ-5183035.htm',
          'https://www.transtutors.com/questions/89-9-which-of-the-following-was-the-ruling-by-a-majority-of-the-u-s-supreme-court-in-5183034.htm',
          'https://www.transtutors.com/questions/86-is-a-system-of-appointing-and-promoting-civil-service-personnel-based-on-qualific-5183033.htm',
          'https://www.transtutors.com/questions/86-if-marginal-revenue-product-is-declining-the-marginal-physical-product-must-decli-5183032.htm',
          'https://www.transtutors.com/questions/8100-0-000-pey-ouo-upym-sauunoo-oso-b-epeue-eu-e-japan-e-marginal-propensity-to-cons-5183031.htm',
          'https://www.transtutors.com/questions/800-quantity-850-r-figure-15-3-above-shows-the-demand-and-cost-curves-facing-a-monop-5183030.htm',
          'https://www.transtutors.com/questions/8-use-the-graph-to-answer-the-question-about-a-firm-in-a-monopolistic-competitive-ma-5183029.htm',
          'https://www.transtutors.com/questions/8-you-are-trying-to-explain-to-your-grandmother-about-cconomic-efficiency-15-points--5183028.htm',
          'https://www.transtutors.com/questions/8-there-are-three-kinds-of-boxes-the-first-kind-costs-3-each-the-second-4-each-the-t-5183027.htm',
          'https://www.transtutors.com/questions/can-you-answer-10-and-11-please-8-suppose-a-health-insurance-policy-paid-for-80-of-a-5183026.htm',
          'https://www.transtutors.com/questions/8-small-country-alpha-exports-lumber-products-obtained-by-cutting-alpha-39-s-forests-5183025.htm',
          'https://www.transtutors.com/questions/8-what-shape-of-the-demand-and-supply-curves-of-foreign-exchanges-will-make-the-fore-5183024.htm',
          'https://www.transtutors.com/questions/8-a-recent-study-found-that-an-increase-in-the-price-of-gooda-would-cause-a-decrease-5183023.htm',
          'https://www.transtutors.com/questions/8-points-save-anew-swagelok-enterprises-is-a-manufacturer-of-miniature-fittings-and--5183022.htm',
          'https://www.transtutors.com/questions/8-points-question-7-save-answer-suppose-q-100-20p-3y-2p5-where-q-is-quantity-demande-5183021.htm',
          'https://www.transtutors.com/questions/8-points-5-in-the-excel-spreadsheet-that-accompanies-this-problem-set-in-the-workshe-5183020.htm',
          'https://www.transtutors.com/questions/8-points-2-in-the-excel-spreadsheet-that-accompanies-this-problem-set-in-the-workshe-5183019.htm',
          'https://www.transtutors.com/questions/8-a-period-of-time-in-which-the-quantity-of-at-least-one-factor-of-production-used-b-5183018.htm',
          'https://www.transtutors.com/questions/8-a-nominal-interest-rate-of-12-per-year-compounded-quarterly-is-the-same-as-a-an-ef-5183017.htm',
          'https://www.transtutors.com/questions/8-name-do-not-describe-the-3-tools-the-fed-has-that-can-alter-the-mb-8-nan-tools-he--5183016.htm',
          'https://www.transtutors.com/questions/8-mark-enjoys-baseball-games-more-than-movies-yet-in-a-typical-year-he-goes-to-10-mo-5183015.htm',
          'https://www.transtutors.com/questions/show-work-8-in-making-a-decision-to-quot-keep-quot-or-quot-replace-quot-an-asset-the-5183014.htm',
          'https://www.transtutors.com/questions/show-work-8-in-making-a-decision-to-quot-keep-quot-or-quot-replace-quot-an-asset-the-5183013.htm',
          'https://www.transtutors.com/questions/8-let-the-marginal-damages-from-generating-a-mwh-of-electricty-be-10-what-is-the-opt-5183012.htm',
          'https://www.transtutors.com/questions/8-the-quot-law-of-demand-quot-states-that-changes-in-a-demand-are-related-directly-t-5183011.htm',
          'https://www.transtutors.com/questions/8-the-inflation-rate-in-turkey-is-around-19-the-currency-in-turkey-is-called-the-lir-5183010.htm',
          'https://www.transtutors.com/questions/8-an-increase-in-the-price-level-and-a-reduction-in-output-would-result-from-a-a-dec-5183009.htm',
          'https://www.transtutors.com/questions/8-at-hubbard-villa-the-cost-function-is-given-as-c-q-350-220-what-is-the-marginal-co-5183008.htm',
          'https://www.transtutors.com/questions/8-the-following-table-shows-the-private-value-private-cost-and-external-benefit-for--5183007.htm',
          'https://www.transtutors.com/questions/8-will-fiscal-policy-be-more-effective-when-the-stimulus-is-permanent-or-temporary-w-5183006.htm',
          'https://www.transtutors.com/questions/8-a-firm-has-a-production-functie-iu-e-s-shor-run-demand-for-labor-as-a-function-of--5183005.htm',
          'https://www.transtutors.com/questions/8-figure-12-3-b-a-firm-a-firm-b-firm-a-firm-b-16-12-advertise-16-16-advertise-firm-b-5183004.htm',
          'https://www.transtutors.com/questions/8-figure-12-3-b-a-firm-a-firm-b-firm-a-firm-b-16-12-advertise-16-16-advertise-firm-b-5183003.htm',
          'https://www.transtutors.com/questions/8-the-end-of-12-years-15-years-and-20-years-the-interest-rate-is-10-compounded-annua-5183002.htm',
          'https://www.transtutors.com/questions/8-the-economic-definition-of-the-value-of-an-fi-39-s-equity-is-the-book-value-of-ass-5183001.htm',
          'https://www.transtutors.com/questions/true-or-false-please-explain-in-detail-8-a-decrease-in-the-population-growth-rate-de-5183000.htm',
          'https://www.transtutors.com/questions/8-we-are-currently-experiencing-the-lowest-unemployment-in-a-generation-and-inflatio-5182999.htm',
          'https://www.transtutors.com/questions/8-for-the-cash-flows-given-in-the-table-below-evaluate-the-unknown-value-quot-a-quot-5182998.htm'],
 'project': ['trans'],
 'referring_link': ['https://www.transtutors.com/questions/economics/85/'],
 'spider': ['trans_links']}
2020-02-05 23:30:04 [scrapy.core.engine] DEBUG: Crawled (200) <GET https://www.transtutors.com/questions/economics/87/> (referer: https://www.google.com/) ['cached']
2020-02-05 23:30:04 [scrapy.core.scraper] DEBUG: Scraped from <200 https://www.transtutors.com/questions/economics/86/>
{'category': ['economy'],
 'date': [datetime.datetime(2020, 2, 5, 23, 30, 4, 905852)],
 'link': ['https://www.transtutors.com/questions/8-c-the-costs-of-manufacturing-light-emitting-diodes-led-are-as-follows-kos-kos-peng-5182997.htm',
          'https://www.transtutors.com/questions/how-do-you-do-8-the-answer-is-provided-but-not-sure-how-do-solve-it-suppose-shelia-h-5182996.htm',
          'https://www.transtutors.com/questions/8-8-marks-your-company-is-considering-replacing-a-piece-of-equipment-and-has-the-cho-5182995.htm',
          'https://www.transtutors.com/questions/8-3-pts-suppose-that-aggregate-demand-and-supply-for-a-hypothetical-economy-are-as-s-5182994.htm',
          'https://www.transtutors.com/questions/8-19-1-sample-final-pdf-economics-3410-te-this-does-not-represent-a-text-it-is-only--5182993.htm',
          'https://www.transtutors.com/questions/please-do-1-2-and-3-8-15-7-sample-final-pdf-sample-final-economics-3410-only-so-you--5182992.htm',
          'https://www.transtutors.com/questions/7-cutmaster-salons-anticipates-giving-100-permanents-in-may-130-in-june-and-120-in-j-5182991.htm',
          'https://www.transtutors.com/questions/the-75-members-of-the-port-credit-yacht-club-have-preferences-for-lighthouses-l-and--5182990.htm',
          'https://www.transtutors.com/questions/71-before-the-house-can-start-discussing-a-bill-a-the-house-rules-committee-establis-5182989.htm',
          'https://www.transtutors.com/questions/7-if-v-x-is-small-then-it-means-a-all-the-possible-values-of-x-are-close-to-e-x-b-al-5182988.htm',
          'https://www.transtutors.com/questions/7-how-does-the-timing-of-fiscal-policy-influence-whether-or-not-fiscal-policy-should-5182987.htm',
          'https://www.transtutors.com/questions/7-suppose-the-payroll-tax-reduction-for-middle-income-households-has-been-extended-i-5182986.htm',
          'https://www.transtutors.com/questions/true-or-false-please-explain-in-detail-7-in-the-sticky-price-model-the-greater-the-p-5182985.htm',
          'https://www.transtutors.com/questions/7-solving-for-dominant-strategies-and-the-nash-equilibrium-fill-in-the-blanks-please-5182984.htm',
          'https://www.transtutors.com/questions/7-refer-to-the-above-graph-which-of-the-four-shows-the-correct-relationship-between--5182983.htm',
          'https://www.transtutors.com/questions/answer-7-8-9-10-7-refer-to-figure-33-4-if-the-economy-starts-at-a-a-decrease-in-the--5182982.htm',
          'https://www.transtutors.com/questions/7-question-19-1-pts-tariffs-tend-to-benefit-consumers-true-false-question-20-1pts-a-5182981.htm',
          'https://www.transtutors.com/questions/7-quantity-product-chocolate-chip-cookies-chocolate-chips-price-market-value-2-00-1--5182980.htm',
          'https://www.transtutors.com/questions/7-most-people-would-like-to-own-a-new-car-but-new-cars-are-not-always-a-good-investm-5182979.htm',
          'https://www.transtutors.com/questions/7-operating-as-bertrand-competitors-in-a-differentiated-product-market-firms-a-and--5182978.htm',
          'https://www.transtutors.com/questions/help-me-asap-7-which-one-of-the-following-statements-is-false-fall-2019-a-the-supply-5182977.htm',
          'https://www.transtutors.com/questions/show-work-7-you-need-to-decide-whether-to-quot-keep-quot-or-quot-retire-quot-a-machi-5182976.htm',
          'https://www.transtutors.com/questions/7-there-are-n-anglers-x2-fish-and-so-on-let-x-be-the-total-fish-catch-x-xi-x2-xn-whe-5182975.htm',
          'https://www.transtutors.com/questions/7-a-movie-theater-offers-student-discounts-off-its-regular-admission-price-to-get-th-5182974.htm',
          'https://www.transtutors.com/questions/7-monthly-production-function-is-given-by-the-following-equation-bigdon-power-produc-5182973.htm',
          'https://www.transtutors.com/questions/7-the-maintenance-costs-of-a-car-the-first-year-is-zero-than-increase-by-800-each-ye-5182972.htm',
          'https://www.transtutors.com/questions/why-is-the-answer-d-and-not-c-7-in-a-left-tailed-test-comparing-two-means-with-varia-5182971.htm',
          'https://www.transtutors.com/questions/7-jayachandran-2015-claims-that-economic-growth-helps-increase-female-labor-force-pa-5182970.htm',
          'https://www.transtutors.com/questions/7-inequality-constraints-the-utility-function-of-a-consumer-is-xy-she-faces-two-cons-5182969.htm',
          'https://www.transtutors.com/questions/true-or-false-please-explain-in-detail-7-an-increase-in-the-savings-rate-will-increa-5182968.htm',
          'https://www.transtutors.com/questions/7-what-are-heuristics-describe-an-example-of-a-heuristic-how-are-they-related-to-our-5182967.htm',
          'https://www.transtutors.com/questions/7-what-are-heuristics-describe-an-example-of-a-heuristic-how-are-they-related-to-our-5182966.htm',
          'https://www.transtutors.com/questions/7-given-c-100-0-8y-m-100-0-2y-i-100-and-x-400-a-determine-the-equilibrium-income-ye--5182965.htm',
          'https://www.transtutors.com/questions/7-which-of-the-following-is-a-strong-influence-in-a-free-market-economy-but-not-in-a-5182964.htm',
          'https://www.transtutors.com/questions/7-which-of-the-following-is-not-one-of-the-three-core-issues-that-must-be-resolved-w-5182963.htm',
          'https://www.transtutors.com/questions/7-the-fact-that-some-eople-directly-an-example-of-an-economy-facing-the-can-afford-t-5182962.htm',
          'https://www.transtutors.com/questions/a-little-bit-confuses-and-what-is-the-answer-7-a-decrease-in-the-price-of-a-good-wou-5182961.htm',
          'https://www.transtutors.com/questions/its-an-economics-engineering-question-7-the-decision-of-a-bond-issuing-agency-as-to--5182960.htm',
          'https://www.transtutors.com/questions/7-if-currency-held-by-the-public-equals-s100-billion-reserves-held-by-banks-equal-50-5182959.htm',
          'https://www.transtutors.com/questions/7-contracts-entered-into-between-a-minor-and-adult-are-a-b-voidable-at-the-option-of-5182958.htm',
          'https://www.transtutors.com/questions/7-consider-the-following-marginal-benefit-to-a-polluter-and-marginal-cost-to-a-victi-5182957.htm',
          'https://www.transtutors.com/questions/7-what-are-the-common-and-unique-characteristics-of-monopolies-oligopolies-and-monop-5182956.htm',
          'https://www.transtutors.com/questions/7-chrissy-and-marvin-are-competitors-in-a-local-market-and-each-is-trying-to-decide--5182955.htm',
          'https://www.transtutors.com/questions/7-chrissy-and-marvin-are-competitors-in-a-local-market-and-each-is-trying-to-decide--5182954.htm',
          'https://www.transtutors.com/questions/7-7-etape-you-have-the-following-economic-model-y-b1-b2x-b-3x-if-b2-is-positive-and--5182953.htm',
          'https://www.transtutors.com/questions/7-5-points-dogwood-and-rose-petal-produces-homogeneous-products-in-a-market-with-mcd-5182952.htm',
          'https://www.transtutors.com/questions/7-2-points-suppose-that-the-euro-was-trading-for-1-19-u-s-dollar-in-may-2010-and-the-5182951.htm',
          'https://www.transtutors.com/questions/7-16-the-hong-kong-zhuhai-macau-bridge-hzmb-is-a-55-kilometre-34-mi-bridge-tunnel-sy-5182950.htm',
          'https://www.transtutors.com/questions/the-7-11-store-in-the-corner-sells-hot-dogs-at-a-constant-price-of-php-30-and-incurs-5182949.htm',
          'https://www.transtutors.com/questions/63-the-environmental-protection-agency-epa-is-an-example-of-a-a-government-corporati-5182948.htm'],
 'project': ['trans'],
 'referring_link': ['https://www.transtutors.com/questions/economics/86/'],
 'spider': ['trans_links']}
2020-02-05 23:30:05 [scrapy.core.engine] DEBUG: Crawled (200) <GET https://www.transtutors.com/questions/economics/88/> (referer: https://www.google.com/) ['cached']
2020-02-05 23:30:05 [scrapy.core.scraper] DEBUG: Scraped from <200 https://www.transtutors.com/questions/economics/87/>
{'category': ['economy'],
 'date': [datetime.datetime(2020, 2, 5, 23, 30, 5, 59626)],
 'link': ['https://www.transtutors.com/questions/6-v-case-studies-please-state-your-analysis-then-give-your-conclusion-12-points-an-e-5182947.htm',
          'https://www.transtutors.com/questions/6-v-case-studies-please-state-your-analysis-then-give-your-conclusion-12-points-an-e-5182946.htm',
          'https://www.transtutors.com/questions/6-use-the-segmented-labor-market-model-where-one-sector-is-the-us-us-the-other-is-me-5182945.htm',
          'https://www.transtutors.com/questions/6-use-the-following-macroeconomic-model-structure-to-answer-the-questions-followed-p-5182944.htm',
          'https://www.transtutors.com/questions/6-use-areas-a-d-in-graph-below-to-answer-the-following-question-give-at-least-two-re-5182943.htm',
          'https://www.transtutors.com/questions/6-them-u-g-tme-u-mast-rrofitable-of-b-a-significant-oil-price-shock-doubles-the-cost-5182942.htm',
          'https://www.transtutors.com/questions/6-two-firms-produce-products-that-are-cost-function-tc-2q-demand-is-given-by-p-32-q--5182941.htm',
          'https://www.transtutors.com/questions/6-a-town-has-two-residents-samantha-and-john-the-town-currently-funds-its-public-sol-5182940.htm',
          'https://www.transtutors.com/questions/6-suppose-a-new-technology-a-is-released-and-people-generally-prefer-to-interact-wit-5182939.htm',
          'https://www.transtutors.com/questions/6-suppose-the-full-employment-level-of-real-gdp-is-increasing-at-a-rate-of-3-per-sup-5182938.htm',
          'https://www.transtutors.com/questions/6-suppose-the-bank-of-canada-buys-5-million-worth-of-government-securities-from-bmo--5182937.htm',
          'https://www.transtutors.com/questions/6-which-statement-is-true-a-accounting-profits-are-greater-than-economic-profits-b-e-5182936.htm',
          'https://www.transtutors.com/questions/true-or-false-6-an-opt-in-model-of-informed-consent-permits-the-collection-of-person-5182935.htm',
          'https://www.transtutors.com/questions/please-explain-how-to-solve-thanks-6-north-bend-indiana-currently-has-one-mcdonald-3-5182934.htm',
          'https://www.transtutors.com/questions/6-marks-question-5-a-anson-lam-withdraws-3-000-cash-from-his-savings-account-with-a-5182933.htm',
          'https://www.transtutors.com/questions/6-maria-has-12-to-spend-on-two-goods-her-utility-function-is-u-x1-x2-ln-x1-x2-where-5182932.htm',
          'https://www.transtutors.com/questions/6-should-know-law-of-diminishing-marginal-return-as-well-as-law-of-diminishing-margi-5182931.htm',
          'https://www.transtutors.com/questions/6-in-the-keynesian-model-suppose-that-the-economy-has-the-following-values-c-200-0-8-5182930.htm',
          'https://www.transtutors.com/questions/6-the-interpretation-of-the-slope-coefficient-in-the-model-elnyi-bo-b1-in-xi-ui-is-a-5182929.htm',
          'https://www.transtutors.com/questions/6-below-is-the-income-distribution-of-country-x-and-y-the-citizens-income-are-ranked-5182928.htm',
          'https://www.transtutors.com/questions/6-the-most-important-variables-that-result-in-shifts-of-money-asset-market-equilibri-5182927.htm',
          'https://www.transtutors.com/questions/6-ifin-some-year-gross-investment-was-120-billion-and-net-investment-was-65-billion--5182926.htm',
          'https://www.transtutors.com/questions/6-gross-domestic-product-includes-all-of-the-following-except-a-consumer-spending-on-5182925.htm',
          'https://www.transtutors.com/questions/6-given-the-following-production-function-q-kl-min-k-l-with-two-inputs-capital-k-and-5182924.htm',
          'https://www.transtutors.com/questions/6-fure-revenues-profits-for-tomate-producer-quantity-of-tomatoes-bushels-examine-the-5182923.htm',
          'https://www.transtutors.com/questions/6-the-following-is-the-log-linear-demand-function-for-raincoats-x-lnqx-10-1-2-lnpx--5182922.htm',
          'https://www.transtutors.com/questions/6-figure-12-1-a-b-8-12-up-high-down-9-16-a-10-4-up-low-b-down-12-3-the-nash-equilibr-5182921.htm',
          'https://www.transtutors.com/questions/6-which-factor-would-enhance-the-government-39-s-ability-to-keep-deficits-and-the-na-5182920.htm',
          'https://www.transtutors.com/questions/explain-three-reasons-for-market-failure-6-explain-three-reasons-for-market-failure--5182919.htm',
          'https://www.transtutors.com/questions/6-elasticity-and-total-revenue-the-following-graph-shows-the-daily-demand-curve-for--5182918.htm',
          'https://www.transtutors.com/questions/6-draw-two-graphs-next-to-each-other-demonstrating-how-a-perfectly-competitive-firm--5182917.htm',
          'https://www.transtutors.com/questions/6-draw-a-simple-t-account-for-mercury-bank-which-has-5-000-of-deposits-a-required-re-5182916.htm',
          'https://www.transtutors.com/questions/6-draw-cfd-and-compute-the-rate-of-return-represented-by-the-cash-flow-year-0-t2-t-1-5182915.htm',
          'https://www.transtutors.com/questions/6-a-decrease-in-supply-means-a-that-less-will-be-supplied-a-very-price-b-that-more-w-5182914.htm',
          'https://www.transtutors.com/questions/6-the-costs-of-disinflation-the-following-graph-depicts-the-short-run-and-long-run-p-5182913.htm',
          'https://www.transtutors.com/questions/6-the-cost-of-a-device-in-2006-was-18-450-and-the-industrial-devices-price-index-in--5182912.htm',
          'https://www.transtutors.com/questions/6-a-consumer-has-a-utility-function-u-21-12-xx-and-her-budget-is-m-let-p1-p2-be-the--5182911.htm',
          'https://www.transtutors.com/questions/6-a-consumer-has-a-utility-function-u-21-12-xx-and-her-budget-is-m-let-p1-p2-be-the--5182910.htm',
          'https://www.transtutors.com/questions/please-answer-a-g-6-consider-the-market-for-dog-collars-in-boulder-suppose-that-dog--5182909.htm',
          'https://www.transtutors.com/questions/6-consider-the-case-of-a-consumer-who-always-maximize-her-utility-given-her-weekly-i-5182908.htm',
          'https://www.transtutors.com/questions/show-work-6-in-comparing-two-projects-a-and-b-using-the-b-c-ratio-the-b-c-ratio-for--5182907.htm',
          'https://www.transtutors.com/questions/6-commodity-markets-a-crude-oil-b-natural-gas-c-iron-ore-d-cocoa-e-cotton-one-page-c-5182906.htm',
          'https://www.transtutors.com/questions/6-canada-is-a-net-exporter-of-energy-both-petro-fallen-dramatically-over-the-past-ye-5182905.htm',
          'https://www.transtutors.com/questions/6-why-do-bankers-insist-on-financial-statements-from-businesses-to-which-they-lend-m-5182904.htm',
          'https://www.transtutors.com/questions/please-help-with-mcq-6-assume-a-profit-maximizing-firm-39-s-short-run-cost-is-tc-700-5182903.htm',
          'https://www.transtutors.com/questions/please-gents-help-me-solve-the-following-mcq-6-assume-a-profit-maximizing-firm-39-s--5182902.htm',
          'https://www.transtutors.com/questions/6-assume-preferences-are-strictly-convex-a-consumer-has-a-budget-constraint-given-by-5182901.htm',
          'https://www.transtutors.com/questions/6-by-analyzing-aggregate-demand-through-its-component-parts-we-can-conclude-that-eve-5182900.htm',
          'https://www.transtutors.com/questions/6-5-points-an-economy-contains-two-people-and-two-goods-apples-and-bananas-both-peop-5182899.htm',
          'https://www.transtutors.com/questions/6-40-points-in-class-we-studied-the-stakelberg-and-cournot-models-of-oligopoly-which-5182898.htm'],
 'project': ['trans'],
 'referring_link': ['https://www.transtutors.com/questions/economics/87/'],
 'spider': ['trans_links']}
2020-02-05 23:30:05 [scrapy.core.engine] DEBUG: Crawled (200) <GET https://www.transtutors.com/questions/economics/89/> (referer: https://www.google.com/) ['cached']
2020-02-05 23:30:05 [scrapy.core.scraper] DEBUG: Scraped from <200 https://www.transtutors.com/questions/economics/88/>
{'category': ['economy'],
 'date': [datetime.datetime(2020, 2, 5, 23, 30, 5, 228637)],
 'link': ['https://www.transtutors.com/questions/6-4-points-if-employment-is-less-than-the-full-employment-level-fist-two-possible-fi-5182897.htm',
          'https://www.transtutors.com/questions/please-use-a-venn-diagram-to-illustrate-the-answer-6-3-tasks-a-and-b-each-require-te-5182896.htm',
          'https://www.transtutors.com/questions/6-3-marks-your-business-purchased-a-condo-for-200-000-if-you-renovate-the-condo-you--5182895.htm',
          'https://www.transtutors.com/questions/help-me-solve-this-question-6-3-000-years-figure-p6-3-a-the-investment-shown-in-the--5182894.htm',
          'https://www.transtutors.com/questions/6-24-points-consumption-distortion-under-import-tariff-consider-a-small-economy-with-5182893.htm',
          'https://www.transtutors.com/questions/all-6-there-are-2-firms-in-an-oligopoly-market-firm-abc-and-firm-xyz-they-simultaneo-5182892.htm',
          'https://www.transtutors.com/questions/6-in-1968-the-u-s-federal-minimum-wage-was-1-60-hour-the-cpi-was-34-90-in-july-1968--5182891.htm',
          'https://www.transtutors.com/questions/6-15-points-a-hypothetical-economy-has-three-income-earners-and-all-three-must-pay-i-5182890.htm',
          'https://www.transtutors.com/questions/6-11-6-answer-the-following-questions-based-on-first-graph-below-6-points-2-00-2-00--5182889.htm',
          'https://www.transtutors.com/questions/5-ad-as-model-q1-sem-2-16-17-c-use-the-following-aggregate-demand-aggregate-supply-s-5182888.htm',
          'https://www.transtutors.com/questions/57-from-the-point-of-view-of-the-seller-the-purpose-of-advertising-is-a-to-make-the--5182887.htm',
          'https://www.transtutors.com/questions/5600-550-scenario-5-imagine-a-small-town-in-which-only-two-residents-kevin-and-russe-5182886.htm',
          'https://www.transtutors.com/questions/56-in-the-long-term-most-of-the-companies-that-survive-in-a-market-under-conditions--5182885.htm',
          'https://www.transtutors.com/questions/56-in-a-cournot-oligopoly-dominant-firms-can-increase-profits-by-collusion-but-the-f-5182884.htm',
          'https://www.transtutors.com/questions/56-in-bangladesh-the-production-of-shirts-has-a-negative-externality-the-dyes-used-t-5182883.htm',
          'https://www.transtutors.com/questions/54-el-2019-economics-2100-my11-final-exam-version-one-problem-thot-greece-faces-a-me-5182882.htm',
          'https://www.transtutors.com/questions/52-monopolistic-competition-is-characterized-by-a-the-presence-of-many-companies-and-5182881.htm',
          'https://www.transtutors.com/questions/please-helpme-solve-the-5-20-question-not-5-18-5-18-consider-the-following-project-b-5182880.htm',
          'https://www.transtutors.com/questions/51-the-socially-optimal-price-for-a-monopoly-is-that-in-which-a-cm-im-b-cm-im-c-cm-c-5182878.htm',
          'https://www.transtutors.com/questions/50-the-table-used-for-the-previous-three-questions-is-no-longer-relevant-suppose-tha-5182877.htm',
          'https://www.transtutors.com/questions/50-supply-40-75-80-100-120-125-quantity-of-blue-jeans-figure-4-3-29-29-figure-43-il-5182876.htm',
          'https://www.transtutors.com/questions/50-marginal-cost-35-average-total-cost-25-20-16-market-demand-marginal-revenue-50-30-5182875.htm',
          'https://www.transtutors.com/questions/50-gdp-can-be-calculated-from-either-the-expenditure-appr-com-either-the-expenditure-5182874.htm',
          'https://www.transtutors.com/questions/5-how-would-you-describe-normal-profits-warninal-revenue--5182873.htm',
          'https://www.transtutors.com/questions/quot-aria-describedby-quot-d5c-quot-gt-5-using-the-is-curve-a-b-r-7-in-the-long-run-5182872.htm',
          'https://www.transtutors.com/questions/5-using-the-concept-of-household-decision-making-explain-with-the-aid-of-diagrams-th-5182871.htm',
          'https://www.transtutors.com/questions/5-using-the-asad-graph-show-what-happened-in-during-the-great-depression--5182870.htm',
          'https://www.transtutors.com/questions/5-using-the-asad-graph-show-what-happened-in-during-the-great-depression-6-starting--5182869.htm',
          'https://www.transtutors.com/questions/5-use-the-following-graph-representing-marginal-external-costs-and-marginal-profits--5182868.htm',
          'https://www.transtutors.com/questions/5-use-the-following-diagram-to-answer-the-questions-below-14-points-a-mc-atc-n-b-m-h-5182867.htm',
          'https://www.transtutors.com/questions/5-use-the-following-diagram-to-answer-the-questions-below-14-points-c-atc-n-m-d-h-mr-5182866.htm',
          'https://www.transtutors.com/questions/5-use-the-concept-of-ppf-in-answering-the-following-questions-numbers-are-in-generic-5182865.htm',
          'https://www.transtutors.com/questions/5-there-is-a-town-with-exactly-1-000-residents-75-of-the-residents-make-healthy-choi-5182864.htm',
          'https://www.transtutors.com/questions/5-terry-39-s-typing-service-produces-manuscripts-the-only-way-to-produce-a-manuscrip-5182863.htm',
          'https://www.transtutors.com/questions/5-the-table-below-is-from-duflo-2001-use-it-to-answer-a-b-years-of-education-log-wag-5182862.htm',
          'https://www.transtutors.com/questions/please-answer-a-e-5-suppose-that-a-firm-has-the-production-function-q-k-l-k1-4l1-4-w-5182861.htm',
          'https://www.transtutors.com/questions/5-now-suppose-that-the-firm-is-a-monopoly-so-that-no-supply-curve-exists-the-firm-39-5182860.htm',
          'https://www.transtutors.com/questions/5-suppose-due-to-a-military-conflict-that-a-country-experiences-a-large-reduction-in-5182859.htm',
          'https://www.transtutors.com/questions/5-suppose-that-the-bubble-city-is-considering-a-proposal-to-award-an-exclusive-contr-5182858.htm',
          'https://www.transtutors.com/questions/5-the-slope-and-position-of-the-long-run-aggregate-supply-curve-suppose-the-fed-doub-5182857.htm',
          'https://www.transtutors.com/questions/5-as-a-senior-engineer-for-a-large-consulting-firm-kevin-earned-249-000-last-year-ke-5182856.htm',
          'https://www.transtutors.com/questions/would-be-greatly-appreciated-to-get-them-all-answered-thank-you-in-advance-5-if-the--5182855.htm',
          'https://www.transtutors.com/questions/5-real-wages-nominal-wages-and-unexpected-changes-in-the-price-level-deborah-current-5182854.htm',
          'https://www.transtutors.com/questions/5-pts-question-12-refrigerator-repair-95-ci-statistic-tse-t-random-sample-n-50-sampl-5182853.htm',
          'https://www.transtutors.com/questions/5-if-the-price-of-product-x-falls-and-this-change-increases-the-demand-for-product-y-5182852.htm',
          'https://www.transtutors.com/questions/5-points-consider-an-open-economy-is-lm-model-what-happens-to-y-c-i-and-p-foreign-o-5182851.htm',
          'https://www.transtutors.com/questions/5-please-indicate-1-the-economic-situations-unemployment-inflation-deficit-surplus-r-5182850.htm',
          'https://www.transtutors.com/questions/5-please-indicate-1-the-economic-situations-unemployment-inflation-deficit-surplus-r-5182849.htm',
          'https://www.transtutors.com/questions/5-one-trend-in-the-u-s-labor-market-in-the-2100s-is-telecommuting-or-working-at-home-5182848.htm',
          'https://www.transtutors.com/questions/5-which-one-of-the-following-business-processes-is-not-part-of-the-finance-and-accou-5182847.htm'],
 'project': ['trans'],
 'referring_link': ['https://www.transtutors.com/questions/economics/88/'],
 'spider': ['trans_links']}
2020-02-05 23:30:05 [scrapy.core.engine] DEBUG: Crawled (200) <GET https://www.transtutors.com/questions/economics/90/> (referer: https://www.google.com/) ['cached']
2020-02-05 23:30:05 [scrapy.core.scraper] DEBUG: Scraped from <200 https://www.transtutors.com/questions/economics/89/>
{'category': ['economy'],
 'date': [datetime.datetime(2020, 2, 5, 23, 30, 5, 411990)],
 'link': ['https://www.transtutors.com/questions/5-name-two-policy-tools-the-un-security-council-has-at-its-disposal-these-can-be-pol-5182846.htm',
          'https://www.transtutors.com/questions/5-a-market-is-characterized-with-the-inverse-demand-curve-p-130-1-50-and-marginal-co-5182845.htm',
          'https://www.transtutors.com/questions/5-labor-market-which-of-the-following-events-may-decrease-the-marginal-product-of-la-5182844.htm',
          'https://www.transtutors.com/questions/5-if-inputs-are-good-substitutes-in-producing-two-products-what-would-be-marginal-ra-5182843.htm',
          'https://www.transtutors.com/questions/5-the-initial-cost-of-a-machine-is-1-350-000-the-salvage-value-at-the-end-of-its-fiv-5182842.htm',
          'https://www.transtutors.com/questions/true-or-false-please-explain-in-detail-5-an-increase-in-investment-increases-consump-5182841.htm',
          'https://www.transtutors.com/questions/5-a-should-the-government-attack-the-demand-or-supply-for-a-drug-if-they-don-t-want-5182840.htm',
          'https://www.transtutors.com/questions/with-explanation-please-5-gliberace-39-s-fashion-accessories-of-las-vegas-produces-g-5182839.htm',
          'https://www.transtutors.com/questions/5-in-general-pollution-is-economically-inefficient-because-a-people-do-not-like-brea-5182838.htm',
          'https://www.transtutors.com/questions/5-which-of-the-following-would-shift-the-long-run-phillips-curve-to-the-right-a-incr-5182837.htm',
          'https://www.transtutors.com/questions/5-for-each-of-the-following-use-an-ad-as-diagram-to-show-the-short-run-and-long-run--5182836.htm',
          'https://www.transtutors.com/questions/5-fiscal-policy-the-money-market-and-aggregate-demand-consider-a-hypothetical-econom-5182835.htm',
          'https://www.transtutors.com/questions/5-a-firm-39-s-opportunity-cost-is-also-called-a-transaction-cost-b-implicit-cost-c-e-5182834.htm',
          'https://www.transtutors.com/questions/5-a-firm-has-a-production-function-y-f-1-k-min-1-k-where-y-is-the-output-level-i-den-5182833.htm',
          'https://www.transtutors.com/questions/5-fill-the-table-below-perfect-competition-monopoly-monopolistic-competition-competi-5182832.htm',
          'https://www.transtutors.com/questions/5-in-the-figure-the-economy-is-currently-at-short-run-aggregate-supply-curve-sras0-w-5182831.htm',
          'https://www.transtutors.com/questions/5-explain-how-each-of-the-following-changes-the-money-supply-a-the-fed-buys-bonds-b--5182830.htm',
          'https://www.transtutors.com/questions/5-expectations-and-the-phillips-curve-the-long-run-phillips-curve-lrpc-the-following-5182829.htm',
          'https://www.transtutors.com/questions/5-the-equation-for-m2-is-a-mi-savings-accounts-money-market-accoun-3-other-near-moni-5182828.htm',
          'https://www.transtutors.com/questions/5-equality-constraints-applying-the-lagrangian-technique-find-the-optimal-values-min-5182827.htm',
          'https://www.transtutors.com/questions/hi-can-someone-answer-this-pls-clearly-thanks-5-either-what-is-the-firm-39-s-cost-fu-5182826.htm',
          'https://www.transtutors.com/questions/5-in-economics-the-concept-of-active-government-intervention-in-the-macroeconomy-was-5182825.htm',
          'https://www.transtutors.com/questions/5-ecocat-produces-a-green-product-for-cats-and-is-always-willing-to-substitute-three-5182824.htm',
          'https://www.transtutors.com/questions/5-draw-a-graph-that-illustrates-the-determination-of-price-and-output-for-a-monopoli-5182823.htm',
          'https://www.transtutors.com/questions/5-all-donuts-in-germany-are-produced-by-a-competitive-industry-there-is-free-entry-i-5182822.htm',
          'https://www.transtutors.com/questions/5-delta-airlines-is-working-on-pricing-its-flights-between-detroit-metro-airport-and-5182821.htm',
          'https://www.transtutors.com/questions/microeconomics-define-price-maker-cartel-price-searcher-5-define-1-price-maker-2-car-5182820.htm',
          'https://www.transtutors.com/questions/5-dayna-39-s-doorstops-dd-is-a-monopolist-in-the-doorstop-industry-its-cost-is-given-5182819.htm',
          'https://www.transtutors.com/questions/5-cray-zee-is-a-well-known-rapper-from-queens-his-record-company-is-about-to-launch--5182818.htm',
          'https://www.transtutors.com/questions/5-costs-in-the-short-run-versus-in-the-long-run-ike-39-s-bikes-is-a-major-manufactur-5182817.htm',
          'https://www.transtutors.com/questions/5-construct-the-full-model-with-an-lras-a-sras-and-an-ad-curve-discuss-the-character-5182816.htm',
          'https://www.transtutors.com/questions/5-consider-the-payoff-matrix-below-which-shows-two-players-each-with-three-strategie-5182815.htm',
          'https://www.transtutors.com/questions/5-consider-a-closed-economy-where-c-200-0-8-y-t-g-200-t-100-i-200-10r-where-the-inte-5182814.htm',
          'https://www.transtutors.com/questions/5-in-conducting-the-goldfeld-quandt-test-for-testing-the-presence-of-heteroscedastic-5182813.htm',
          'https://www.transtutors.com/questions/show-work-5-the-city-of-tulsa-is-considering-a-replacement-for-its-police-radio-at-a-5182812.htm',
          'https://www.transtutors.com/questions/5-bob-and-rob-each-put-together-75-000-to-purchase-an-investment-property-known-as-b-5182811.htm',
          'https://www.transtutors.com/questions/5-assume-that-home-country-has-a-comparative-advantage-in-producing-chocolate-and-th-5182810.htm',
          'https://www.transtutors.com/questions/5-assume-that-firm-i-generates-pollution-that-raises-firm-2-39-s-costs-for-simplicit-5182809.htm',
          'https://www.transtutors.com/questions/5-what-does-this-article-suggest-regarding-the-clustering-of-economic-activity-in-ce-5182808.htm',
          'https://www.transtutors.com/questions/true-or-false-please-explain-in-detail-5-the-aggregate-demand-curve-slopes-downward--5182807.htm',
          'https://www.transtutors.com/questions/5-agatha-produces-mystery-novels-n-using-labour-l-and-capital-k-according-to-the-pro-5182806.htm',
          'https://www.transtutors.com/questions/5-8-marks-you-have-been-asked-to-conduct-a-feasibility-analysis-on-a-proposed-mine-a-5182805.htm',
          'https://www.transtutors.com/questions/5-73-given-the-following-data-use-present-worth-analysis-to-find-the-best-alternativ-5182804.htm',
          'https://www.transtutors.com/questions/5-6-points-refer-to-figure-1-a-during-the-period-2007-2008-which-currency-appreciate-5182803.htm',
          'https://www.transtutors.com/questions/5-6-7-8-9-10-11-12-13-14-15-moving-to-another-question-will-save-this-response-quest-5182802.htm',
          'https://www.transtutors.com/questions/5-50-points-consider-a-monopolist-selling-a-product-in-two-markets-1-and-2-for-each--5182801.htm',
          'https://www.transtutors.com/questions/5-5-elasticity-discussion-please-choose-one-of-the-estimated-elasticities-listed-bel-5182800.htm',
          'https://www.transtutors.com/questions/5-of-5-5-john-is-to-pay-joe-s4-000-in-the-year-and-6-000-in-8-year-for-a-loan-of-4-0-5182799.htm',
          'https://www.transtutors.com/questions/5-3-points-what-happens-to-the-values-of-bank-reserves-and-mondy-supply-when-fed-buy-5182798.htm',
          'https://www.transtutors.com/questions/5-20-points-heterogenous-firms-under-economic-integration-each-firm-is-facing-the-fo-5182797.htm'],
 'project': ['trans'],
 'referring_link': ['https://www.transtutors.com/questions/economics/89/'],
 'spider': ['trans_links']}
2020-02-05 23:30:05 [scrapy.core.engine] DEBUG: Crawled (200) <GET https://www.transtutors.com/questions/economics/91/> (referer: https://www.google.com/) ['cached']
2020-02-05 23:30:05 [scrapy.core.scraper] DEBUG: Scraped from <200 https://www.transtutors.com/questions/economics/90/>
{'category': ['economy'],
 'date': [datetime.datetime(2020, 2, 5, 23, 30, 5, 560085)],
 'link': ['https://www.transtutors.com/questions/5-15-points-keynesian-economists-quot-tweaked-quot-the-theory-of-the-lounable-funds--5182796.htm',
          'https://www.transtutors.com/questions/5-15-points-compare-and-contrast-the-u-s-central-bank-the-federal-reserve-system-wit-5182795.htm',
          'https://www.transtutors.com/questions/5-12-derive-the-con-t-ended-the-5182794.htm',
          'https://www.transtutors.com/questions/5-11-6-a-b-c-40-d-cd-e-de-5182793.htm',
          'https://www.transtutors.com/questions/5-0-or-10-do-you-believe-that-the-federal-reserve-should-be-controlled-by-congress-w-5182792.htm',
          'https://www.transtutors.com/questions/49-suppose-firm-a-and-b-repeatedly-play-the-infinite-game-below-and-assume-an-intere-5182791.htm',
          'https://www.transtutors.com/questions/49-in-the-equation-testscore-607-3-3-85-income-0-0423-income-an-sulteu-llange-illu-i-5182790.htm',
          'https://www.transtutors.com/questions/47ir-the-central-bank-eleets-to-do-nothing-the-initial-adjustment-back-to-pre-shock--5182789.htm',
          'https://www.transtutors.com/questions/47-spiffy-sandals-scenario-spifty-sandals-is-a-canadian-footwear-firm-spiffy-is-plan-5182788.htm',
          'https://www.transtutors.com/questions/47-in-the-regression-model-y-bo-b1xi-b2d-33-x-d-uf-where-x-is-a-continuous-variable--5182787.htm',
          'https://www.transtutors.com/questions/47-a-portfolio-of-derivatives-on-a-stock-has-a-delta-of-2400-and-a-gamma-of-10-an-op-5182786.htm',
          'https://www.transtutors.com/questions/47-job-1-pays-50-000-a-year-and-is-considered-riskless-job-2-pays-65-000-a-year-and--5182785.htm',
          'https://www.transtutors.com/questions/47-gross-domestic-product-is-defined-as-a-the-quantity-of-all-final-goods-and-servic-5182784.htm',
          'https://www.transtutors.com/questions/46-refer-to-figure-19-1-how-would-a-wage-of-a-monopsonist-compare-to-a-wage-under-pe-5182783.htm',
          'https://www.transtutors.com/questions/46-foroveng-w-stion-9-4pons-the-following-estimates-in-1000-units-have-been-develope-5182782.htm',
          'https://www.transtutors.com/questions/46-in-the-following-game-what-is-the-nash-equilibrium-player-b-player-a-strategy-lef-5182781.htm',
          'https://www.transtutors.com/questions/4-5-if-the-marginal-propensity-to-consume-is-0-5-the-income-tax-is-10-percent-and-in-5182780.htm',
          'https://www.transtutors.com/questions/45-the-increase-subordinate-satisfactton-and-performance-by-elartfying-and-clarifyin-5182779.htm',
          'https://www.transtutors.com/questions/54-56-57-58-44-a-quot-long-arm-statute-enables-a-a-the-same-c-federal-court-to-decid-5182778.htm',
          'https://www.transtutors.com/questions/44-consider-the-following-inverse-market-demand-function-for-two-firms-p-500-q-q2-an-5182777.htm',
          'https://www.transtutors.com/questions/43-which-one-of-the-following-is-the-best-example-of-a-fixed-input-a-labor-hired-dai-5182776.htm',
          'https://www.transtutors.com/questions/43-ofall-the-market-structures-that-exist-in-the-cconomy-today-most-firms-a-are-owne-5182775.htm',
          'https://www.transtutors.com/questions/43-milton-friedman-argued-that-over-long-periods-of-time-the-average-propensity-to-c-5182774.htm',
          'https://www.transtutors.com/questions/43-a-call-option-on-a-stock-has-a-delta-of-0-3-a-trader-has-sold-1-000-options-what--5182773.htm',
          'https://www.transtutors.com/questions/42-now-suppose-that-the-numbers-are-changed-again-wheat-cars-u-s-germany-10-60-which-5182772.htm',
          'https://www.transtutors.com/questions/42-a-perfectly-competitive-industry-with-constant-costs-is-initially-in-long-run-equ-5182771.htm',
          'https://www.transtutors.com/questions/42-if-the-number-of-people-employed-is-120-000-and-the-labor-force-is-150-000-the-un-5182770.htm',
          'https://www.transtutors.com/questions/macro-economics-test-3-42-which-of-the-following-categories-accounted-for-the-larges-5182769.htm',
          'https://www.transtutors.com/questions/42-all-of-the-factors-below-create-a-change-in-demand-for-alcohol-except-a-change-in-5182768.htm',
          'https://www.transtutors.com/questions/42-in-the-context-of-collective-decision-making-extemal-costs-are-a-the-costs-impose-5182767.htm',
          'https://www.transtutors.com/questions/42-consider-the-following-regression-output-where-the-depen-wing-regression-output-w-5182766.htm',
          'https://www.transtutors.com/questions/please-show-all-works-thank-you-in-advance-41-we-want-to-assess-the-safety-climate-o-5182765.htm',
          'https://www.transtutors.com/questions/41-what-oligopoly-setting-is-represented-by-the-graph-below-and-which-isoprofit-curv-5182764.htm',
          'https://www.transtutors.com/questions/please-explain-how-to-solve-thanks-41-a-firm-has-a-long-run-cost-function-c-q-9q-9-i-5182763.htm',
          'https://www.transtutors.com/questions/41-if-a-firm-faces-a-total-cost-of-2-if-they-produce-1-unit-s3-if-they-produce-2-uni-5182762.htm',
          'https://www.transtutors.com/questions/cant-get-the-answer-to-this-question-need-help-can-you-show-solution-too-thanks-40-s-5182761.htm',
          'https://www.transtutors.com/questions/40-professor-tony-has-just-written-the-first-textbook-in-punk-economics-market-rese-5182760.htm',
          'https://www.transtutors.com/questions/40-an-italian-company-operates-a-pasta-restaurant-in-the-u-s-the-value-of-the-output-5182759.htm',
          'https://www.transtutors.com/questions/40-in-the-equation-c-a-by-which-describes-the-aggregate-consumption-functic-for-a-th-5182758.htm',
          'https://www.transtutors.com/questions/40-most-economists-believe-that-monetary-policy-a-is-less-important-than-fiscal-poli-5182757.htm',
          'https://www.transtutors.com/questions/40-a-95-confidence-set-for-two-or-more-coefficients-is-a-set-that-contains-a-the-sam-5182756.htm',
          'https://www.transtutors.com/questions/4-how-would-you-compute-the-interest-rate-elasticity-of-demand-for-farm-tractors-5--5182755.htm',
          'https://www.transtutors.com/questions/4-wiie-and-wendy-live-two-periods-and-can-either-become-a-waiter-or-a-biologist-to-b-5182754.htm',
          'https://www.transtutors.com/questions/4-widgets-are-provided-by-a-constant-cost-competitive-industry-which-is-currently-in-5182753.htm',
          'https://www.transtutors.com/questions/4-using-the-diagram-below-explain-how-either-supply-or-demand-curve-would-shift-due--5182752.htm',
          'https://www.transtutors.com/questions/show-work-4-two-projects-a-and-b-need-to-be-compared-using-the-rate-of-return-method-5182751.htm',
          'https://www.transtutors.com/questions/0-quot-aria-describedby-quot-ft7-quot-style-quot-quot-gt-a-4-for-the-total-cost-func-5182750.htm',
          'https://www.transtutors.com/questions/4-tor-f-judith-jarvis-thomson-argues-that-a-person-39-s-gender-or-race-can-make-them-5182749.htm',
          'https://www.transtutors.com/questions/hi-can-someone-answer-this-pls-clearly-thanks-4-in-the-theory-of-the-firm-what-is-th-5182748.htm',
          'https://www.transtutors.com/questions/4-the-above-table-reports-values-for-consumer-income-and-spending-in-billions-of-dol-5182747.htm'],
 'project': ['trans'],
 'referring_link': ['https://www.transtutors.com/questions/economics/90/'],
 'spider': ['trans_links']}
2020-02-05 23:30:05 [scrapy.core.engine] DEBUG: Crawled (200) <GET https://www.transtutors.com/questions/economics/92/> (referer: https://www.google.com/) ['cached']
2020-02-05 23:30:05 [scrapy.core.scraper] DEBUG: Scraped from <200 https://www.transtutors.com/questions/economics/91/>
{'category': ['economy'],
 'date': [datetime.datetime(2020, 2, 5, 23, 30, 5, 741854)],
 'link': ['https://www.transtutors.com/questions/4-suppose-that-the-yield-curve-shows-that-the-one-year-bond-yield-is-3-percent-the-t-5182746.htm',
          'https://www.transtutors.com/questions/4-suppose-only-two-firms-produce-dumplings-in-a-certain-community-the-firms-zhu-39-s-5182745.htm',
          'https://www.transtutors.com/questions/4-suppose-that-two-agents-dom-and-brian-are-deciding-how-fast-to-drive-their-cars-ea-5182744.htm',
          'https://www.transtutors.com/questions/4-suppose-a-perfectly-competitive-individual-firm-39-s-cost-function-is-c-q-200-35q--5182743.htm',
          'https://www.transtutors.com/questions/4-suppose-that-the-monetary-authority-39-s-goal-is-stabilize-the-price-level-and-sup-5182742.htm',
          'https://www.transtutors.com/questions/4-suppose-the-market-for-widgets-can-be-described-by-the-following-equations-demand--5182741.htm',
          'https://www.transtutors.com/questions/4-suppose-that-leets-are-produced-by-a-competitive-industry-assume-that-each-firm-in-5182740.htm',
          'https://www.transtutors.com/questions/i-need-help-with-part-a-d-4-suppose-a-firm-is-monopolist-domestically-where-it-faces-5182739.htm',
          'https://www.transtutors.com/questions/4-suppose-we-have-an-economy-which-is-in-a-long-run-equilibrium-a-graph-this-economy-5182738.htm',
          'https://www.transtutors.com/questions/4-suppose-we-have-an-economy-which-is-in-a-long-run-equilibrium-a-graph-this-economy-5182737.htm',
          'https://www.transtutors.com/questions/4-suppose-we-have-an-economy-which-is-in-a-long-run-equilibrium-a-graph-this-economy-5182736.htm',
          'https://www.transtutors.com/questions/4-suppose-we-have-an-economy-which-is-in-a-long-run-equilibrium-graph-this-economy-t-5182735.htm',
          'https://www.transtutors.com/questions/help-4-suppose-the-congressional-budget-office-estimates-that-the-us-economy-is-expe-5182734.htm',
          'https://www.transtutors.com/questions/explain-4-the-substitution-effect-increases-elasticity-5-in-the-long-term-supply-and-5182733.htm',
          'https://www.transtutors.com/questions/please-help-4-speciallzation-and-trade-whna-country-has-a-compardive-adventage-in-th-5182732.htm',
          'https://www.transtutors.com/questions/4-a-if-someone-told-you-that-the-market-for-commodity-x-is-perfectly-competitive-wh-5182731.htm',
          'https://www.transtutors.com/questions/4-a-if-someone-told-you-that-the-market-for-commodity-x-is-perfectly-competitive-wh-5182730.htm',
          'https://www.transtutors.com/questions/please-explain-why-thanks-4-a-software-development-company-designs-and-creates-video-5182729.htm',
          'https://www.transtutors.com/questions/4-set-up-the-payoff-matrices-and-solve-for-the-nash-equilibrium-for-the-following-si-5182728.htm',
          'https://www.transtutors.com/questions/4-a-robber-wants-the-contents-of-a-safe-and-the-owner-is-the-only-person-with-the-co-5182727.htm',
          'https://www.transtutors.com/questions/4-rob-gives-blackacre-to-joe-until-he-reaches-the-age-of-50-remainder-to-joe-39-s-gr-5182726.htm',
          'https://www.transtutors.com/questions/4-review-view-2t-aabbccd-aabbccd-aabbc-aabbccc-aab-aabbccc-aabbccdaabbccd-aabbccdt-a-5182725.htm',
          'https://www.transtutors.com/questions/4-reservation-wages-in-the-mid-1980s-a-famous-supermodel-once-said-that-she-would-no-5182724.htm',
          'https://www.transtutors.com/questions/4-redistributive-philosophies-and-incentives-society-comprised-of-two-people-brian-e-5182723.htm',
          'https://www.transtutors.com/questions/4-pts-question-14-hypothesis-testing-state-whether-these-hypothesis-these-hypothesis-5182722.htm',
          'https://www.transtutors.com/questions/4-productivity-and-growth-policies-consider-a-small-island-country-whose-only-indust-5182721.htm',
          'https://www.transtutors.com/questions/4-production-cost-arthur-the-manager-of-a-furniture-factory-finds-that-the-cost-of-p-5182720.htm',
          'https://www.transtutors.com/questions/4-problems-and-applications-q4-consider-the-market-for-film-streaming-services-tv-se-5182719.htm',
          'https://www.transtutors.com/questions/would-be-greatly-appreciated-to-get-them-all-answered-thank-you-in-advance-4-problem-5182718.htm',
          'https://www.transtutors.com/questions/4-for-price-discrimination-to-be-successful-no-arbitrage-opportunity-can-be-allowed--5182717.htm',
          'https://www.transtutors.com/questions/4-there-is-a-policy-concern-that-airlines-that-provide-monopoly-service-between-two--5182716.htm',
          'https://www.transtutors.com/questions/4-ounstion-4-an-increase-in-government-expenditures-may-lead-people-to-expect-that-i-5182715.htm',
          'https://www.transtutors.com/questions/4-in-one-graph-show-the-difference-between-a-monopolist-that-can-charge-only-one-pri-5182714.htm',
          'https://www.transtutors.com/questions/hi-can-someone-answer-this-pls-clearly-thanks-4-a-what-is-the-nature-of-the-principa-5182713.htm',
          'https://www.transtutors.com/questions/4-a-natural-gas-company-in-paka-terengganu-owns-many-pipelines-running-underneath-wh-5182712.htm',
          'https://www.transtutors.com/questions/4-monetary-policy-and-the-phillips-curve-the-following-graph-shows-the-current-short-5182711.htm',
          'https://www.transtutors.com/questions/4-what-was-merrill-lynch-39-s-strategy-for-gaining-the-business-of-individual-invest-5182710.htm',
          'https://www.transtutors.com/questions/4-a-the-mean-weight-of-a-large-group-of-people-is-180-lb-and-the-standard-deviation-5182709.htm',
          'https://www.transtutors.com/questions/4-the-market-for-truffles-is-characterized-by-a-demand-function-of-the-form-qp-10-00-5182708.htm',
          'https://www.transtutors.com/questions/4-manu-and-maddie-produce-candles-c-and-fragrance-f-their-production-is-represented--5182707.htm',
          'https://www.transtutors.com/questions/4-what-are-the-major-points-made-in-the-economist-article-on-inequality-of-income-ar-5182706.htm',
          'https://www.transtutors.com/questions/4-lara-is-a-producer-in-a-monopoly-industry-her-demand-curve-total-revenue-curve-mar-5182705.htm',
          'https://www.transtutors.com/questions/4-a-kinked-demand-curve-can-explain-rigidity-of-oligopolists-39-administered-price-w-5182704.htm',
          'https://www.transtutors.com/questions/4-the-isocost-curve-is-below-the-base-isoquant-curve-what-is-the-problem-how-would-y-5182703.htm',
          'https://www.transtutors.com/questions/4-on-the-island-of-sulam-chocolate-chip-cookies-are-used-as-money-this-is-an-example-5182702.htm',
          'https://www.transtutors.com/questions/4-incentive-conflicts-require-that-a-a-contract-is-used-to-achieve-the-same-level-of-5182701.htm',
          'https://www.transtutors.com/questions/4-you-are-given-the-following-information-the-demand-for-solar-energy-in-california--5182700.htm',
          'https://www.transtutors.com/questions/4-give-the-law-of-demand-relative-to-the-golf-ball-market-both-used-and-new-explain--5182699.htm',
          'https://www.transtutors.com/questions/4-give-the-following-table-1-table-1-4-give-the-following-table-1-table-1-using-tech-5182698.htm',
          'https://www.transtutors.com/questions/4-in-gaurav-khanna-39-s-paper-he-evaluates-the-impact-of-a-policy-in-haryana-that-re-5182697.htm'],
 'project': ['trans'],
 'referring_link': ['https://www.transtutors.com/questions/economics/91/'],
 'spider': ['trans_links']}
2020-02-05 23:30:05 [scrapy.core.engine] DEBUG: Crawled (200) <GET https://www.transtutors.com/questions/economics/93/> (referer: https://www.google.com/) ['cached']
2020-02-05 23:30:05 [scrapy.core.scraper] DEBUG: Scraped from <200 https://www.transtutors.com/questions/economics/92/>
{'category': ['economy'],
 'date': [datetime.datetime(2020, 2, 5, 23, 30, 5, 911397)],
 'link': ['https://www.transtutors.com/questions/4-if-this-game-is-played-twice-coupled-with-each-firm-adopting-a-tit-for-tat-strate-5182696.htm',
          'https://www.transtutors.com/questions/4-in-the-gadget-industry-there-are-5-firms-with-identical-costs-given-by-c-250-10g-t-5182695.htm',
          'https://www.transtutors.com/questions/please-answer-all-accordingly-4-the-future-value-of-100-3-yrs-from-now-assuming-an-i-5182694.htm',
          'https://www.transtutors.com/questions/4-which-of-the-following-is-a-tool-that-is-used-by-most-centrs-the-quantity-of-money-5182693.htm',
          'https://www.transtutors.com/questions/4-the-following-are-three-short-run-average-total-cost-schedules-for-the-only-three--5182692.htm',
          'https://www.transtutors.com/questions/4-which-of-the-following-conditions-can-help-prolong-the-life-of-a-car-al-there-are--5182691.htm',
          'https://www.transtutors.com/questions/4-a-firm-has-a-production-function-given-by-q-min-l-k-and-produces-an-output-level-o-5182690.htm',
          'https://www.transtutors.com/questions/4-a-a-firm-in-a-perfectly-competitive-market-always-produces-a-pareto-efficient-outp-5182689.htm',
          'https://www.transtutors.com/questions/4-a-firm-has-the-following-total-cost-and-demand-functions-tc-9-70-1119-50-q-100-p-a-5182688.htm',
          'https://www.transtutors.com/questions/4-in-the-figure-the-economy-is-currently-on-aggregate-demand-curve-ado-which-aggrega-5182687.htm',
          'https://www.transtutors.com/questions/4-if-the-federal-reserve-wants-to-increase-aggregate-demand-i-e-spending-growth-a-wh-5182686.htm',
          'https://www.transtutors.com/questions/4-in-the-faraway-land-of-liria-persons-who-graduate-from-high-school-go-to-work-imme-5182685.htm',
          'https://www.transtutors.com/questions/4-explain-why-wages-should-converge-across-regions-if-it-is-costless-for-workers-and-5182684.htm',
          'https://www.transtutors.com/questions/4-evaluate-the-statement-quot-households-have-to-balance-their-budgets-so-the-govern-5182683.htm',
          'https://www.transtutors.com/questions/4-draw-the-export-supply-function-using-the-data-in-the-diagram-below-be-sure-to-ind-5182682.htm',
          'https://www.transtutors.com/questions/4-dengoso-is-peaceful-and-does-not-like-to-engage-in-fights-on-the-contrary-azeiteir-5182681.htm',
          'https://www.transtutors.com/questions/4-the-demand-for-pencils-by-ramapo-students-at-the-bookstore-is-given-by-the-followi-5182680.htm',
          'https://www.transtutors.com/questions/4-at-its-current-level-of-production-a-profit-maximizing-firm-in-a-competitive-marke-5182679.htm',
          'https://www.transtutors.com/questions/4-the-cowtown-hotel-is-the-only-first-class-hotel-in-fort-worth-texas-the-hotel-owne-5182678.htm',
          'https://www.transtutors.com/questions/4-a-country-with-a-population-of-100-000-000-has-the-following-income-distribution-e-5182677.htm',
          'https://www.transtutors.com/questions/4-a-country-with-a-population-of-100-000-000-has-the-following-income-distribution-e-5182676.htm',
          'https://www.transtutors.com/questions/4-consider-the-strategic-form-game-shown-a-assume-that-both-players-are-rational-wha-5182675.htm',
          'https://www.transtutors.com/questions/4-consider-a-sequential-game-with-two-players-with-three-moves-in-which-player-1-mov-5182674.htm',
          'https://www.transtutors.com/questions/4-consider-a-market-where-100-firms-are-in-operation-in-the-short-run-each-firm-39-s-5182673.htm',
          'https://www.transtutors.com/questions/4-consider-the-jewelry-market-the-total-demand-by-men-is-given-by-d-p-100-2p-and-the-5182672.htm',
          'https://www.transtutors.com/questions/4-consider-a-firm-with-the-production-function-q-k-l-kv3l-3-and-total-cost-function--5182671.htm',
          'https://www.transtutors.com/questions/4-consider-again-the-entry-game-from-lecture-9-but-now-suppose-the-five-potential-en-5182670.htm',
          'https://www.transtutors.com/questions/4-commodities-and-development-a-problems-of-commodity-dependence-including-resource--5182669.htm',
          'https://www.transtutors.com/questions/4-city-bank-has-six-year-zero-coupon-bonds-with-a-total-face-value-of-20-million-the-5182668.htm',
          'https://www.transtutors.com/questions/4-caleb-owns-a-firm-his-firm-faces-a-demand-function-q-2000-100p-and-a-cost-function-5182667.htm',
          'https://www.transtutors.com/questions/4-calculating-the-marginal-rate-of-substitution-mrs-amy-enjoys-eating-bagels-and-coo-5182666.htm',
          'https://www.transtutors.com/questions/4-b-if-the-market-demand-is-perfectly-inelastic-n-0-then-there-is-no-unique-positive-5182665.htm',
          'https://www.transtutors.com/questions/4-according-to-michael-porter-39-s-five-forces-framework-entry-power-of-input-suppli-5182664.htm',
          'https://www.transtutors.com/questions/4-who-accepts-all-of-the-risk-associated-with-a-mutual-fund-s-portfolio-of-stocks-an-5182663.htm',
          'https://www.transtutors.com/questions/4-aaron-has-an-expected-utility-function-u-w-in-w-and-an-initial-wealth-level-wo-100-5182662.htm',
          'https://www.transtutors.com/questions/4-7-points-if-x1i-and-xzi-are-highly-correlated-but-not-perfectly-linearly-related-w-5182661.htm',
          'https://www.transtutors.com/questions/a-in-4-or-5-sentences-explain-why-can-we-expect-companies-in-the-private-sector-if--5182660.htm',
          'https://www.transtutors.com/questions/4-5-points-zero-sum-game-consider-the-following-normal-form-game-please-choose-the-c-5182659.htm',
          'https://www.transtutors.com/questions/4-5-points-derive-the-government-intertemporal-budget-constraint-assuming-taxes-t-an-5182658.htm',
          'https://www.transtutors.com/questions/we-were-unable-to-transcribe-this-image4-5-4-5-points-now-you-consider-the-following-5182657.htm',
          'https://www.transtutors.com/questions/4-5-18-in-the-graph-l-represents-the-quantity-of-labor-and-q-represents-the-quantity-5182656.htm',
          'https://www.transtutors.com/questions/4-40-pt-consider-two-person-households-which-run-on-the-principle-each-should-experi-5182655.htm',
          'https://www.transtutors.com/questions/4-30-points-trisha-who-is-a-terrific-cook-has-just-started-a-restaurant-her-inverse--5182654.htm',
          'https://www.transtutors.com/questions/4-30-points-australia-is-going-through-a-severe-drought-what-are-the-short-run-and-l-5182653.htm',
          'https://www.transtutors.com/questions/4-3-points-when-would-the-fed-want-to-carry-out-a-monetary-policy-to-decrease-aggreg-5182652.htm',
          'https://www.transtutors.com/questions/4-25pts-using-makes-the-following-an-interest-rate-of-4-88894854-per-year-compounded-5182651.htm',
          'https://www.transtutors.com/questions/please-use-venn-diagram-to-illustrate-the-point-4-2-three-students-try-independently-5182650.htm',
          'https://www.transtutors.com/questions/4-2-pts-determine-the-effect-of-the-following-events-would-on-shifting-ad-to-the-rig-5182649.htm',
          'https://www.transtutors.com/questions/4-15-points-the-company-that-is-developing-a-new-product-has-a-demand-function-p-11-5182648.htm',
          'https://www.transtutors.com/questions/4-15-points-the-company-that-is-developing-a-new-product-has-a-demand-function-p-11-5182647.htm'],
 'project': ['trans'],
 'referring_link': ['https://www.transtutors.com/questions/economics/92/'],
 'spider': ['trans_links']}
2020-02-05 23:30:06 [scrapy.core.engine] DEBUG: Crawled (200) <GET https://www.transtutors.com/questions/economics/94/> (referer: https://www.google.com/) ['cached']
2020-02-05 23:30:06 [scrapy.core.scraper] DEBUG: Scraped from <200 https://www.transtutors.com/questions/economics/93/>
{'category': ['economy'],
 'date': [datetime.datetime(2020, 2, 5, 23, 30, 6, 60609)],
 'link': ['https://www.transtutors.com/questions/4-0-or-10-do-you-believe-in-the-trickle-down-philosophy--5182646.htm',
          'https://www.transtutors.com/questions/4-a-suppose-that-the-federal-government-under-donald-trump-administration-announced--5182645.htm',
          'https://www.transtutors.com/questions/solve-10-and-11-3x-5-4x-6-c-5x2-8x-4-3x2-7x-11-d-3x2-7x-11-12-10-give-that-21-5182644.htm',
          'https://www.transtutors.com/questions/3x-4y-42-44-7-use-gauss-jordan-to-solve-x-y-22-23-3x-y-9z-66-5182643.htm',
          'https://www.transtutors.com/questions/3-suppose-a-0-60-a-0-20-a-0-20-ax-0-10-and-wine-0-20-for-any-given-ry-a-equals-and-5182642.htm',
          'https://www.transtutors.com/questions/3-suppose-a-0-60-a-0-20-a-0-20-ax-0-10-and-wine-0-20-for-any-given-ry-a-equals-and-5182641.htm',
          'https://www.transtutors.com/questions/39-when-working-with-international-partners-the-terms-outsourcing-and-offshoring-are-5182640.htm',
          'https://www.transtutors.com/questions/39-the-governing-document-of-a-corporation-is-called-the-a-operating-agreement-b-by--5182639.htm',
          'https://www.transtutors.com/questions/38-using-the-follow-graph-of-a-profit-maximizing-firm-in-a-monopoly-market-what-pric-5182638.htm',
          'https://www.transtutors.com/questions/38-savings-is-a-variable-and-saving-is-a-variable-a-flow-flow-b-stock-stock-5182637.htm',
          'https://www.transtutors.com/questions/38-the-94-confidence-interval-for-the-predicted-effect-of-a-general-change-in-x-is-a-5182636.htm',
          'https://www.transtutors.com/questions/38-39-40-35-36-37-33-34-31-32-30-29-question-15-table-13-5-the-flying-elvis-copter-r-5182635.htm',
          'https://www.transtutors.com/questions/37-if-you-reject-a-joint-null-hypothesis-using-the-f-test-in-a-multiple-hypothesis-s-5182634.htm',
          'https://www.transtutors.com/questions/37-a-income-increased-by-100-saving-increased-by-30-what-is-the-mps-a-7-b-3-33-c-3-d-5182633.htm',
          'https://www.transtutors.com/questions/36-income-increased-by-100-which-resulted-in-an-increase-of-75-in-consumption-spen-w-5182632.htm',
          'https://www.transtutors.com/questions/please-i-need-this-urgently-36-the-federal-estate-and-gift-tax-unif-nd-gift-tax-unif-5182631.htm',
          'https://www.transtutors.com/questions/36-a-distributes-profits-to-its-shareholders-in-the-form-of-dividends-a-llc-6-llp-c--5182630.htm',
          'https://www.transtutors.com/questions/35-using-the-follow-graph-of-a-profit-maximizing-firm-in-a-perfectly-competitive-mar-5182629.htm',
          'https://www.transtutors.com/questions/35-refer-to-exhibit-10-3-the-marginal-propensity-to-save-mps-is-a-0-b-0-10-c-0-20-d--5182628.htm',
          'https://www.transtutors.com/questions/35-in-a-multiple-regression-framework-the-slope-coefficient-on-the-regressori-a-take-5182627.htm',
          'https://www.transtutors.com/questions/hi-can-someone-answer-this-pls-clearly-thanks-a-35-marks-the-monopolist-39-s-dilemma-5182626.htm',
          'https://www.transtutors.com/questions/35-an-industry-in-which-8-firms-each-have-a-10-percent-market-share-and-20-fims-each-5182625.htm',
          'https://www.transtutors.com/questions/35-assume-a-multiplier-of-1-5-and-a-sustained-increase-in-autonomous-spending-of-20--5182624.htm',
          'https://www.transtutors.com/questions/340-chapter-7-rate-of-return-analysis-216-consider-an-investment-project-with-the-fo-5182623.htm',
          'https://www.transtutors.com/questions/34-if-the-sacrifice-ratio-is-3-then-reducing-the-inflation-rate-from-5-percent-to-3--5182622.htm',
          'https://www.transtutors.com/questions/34-an-owner-of-a-corporation-is-called-a-ceo-b-member-c-president-d-shareholder-35-t-5182621.htm',
          'https://www.transtutors.com/questions/34-the-multiplier-is-a-delta-c-delta-y-c-1-1-mpc-b-delta-s-delta-y-d-delta-y-delta-s-5182620.htm',
          'https://www.transtutors.com/questions/34-min-question-1-1-pts-if-the-equilibrium-price-of-gasoline-is-1-00-per-gallon-and--5182619.htm',
          'https://www.transtutors.com/questions/33-an-underproduction-of-goods-occurs-when-there-is-a-free-riding-b-goverment-produc-5182618.htm',
          'https://www.transtutors.com/questions/33-marginal-cost-is-the-change-in-a-total-product-resulting-from-a-one-unit-change-i-5182617.htm',
          'https://www.transtutors.com/questions/l-33-imagine-you-regressed-earnings-of-individuals-on-a-constant-a-binary-variable-q-5182616.htm',
          'https://www.transtutors.com/questions/32-which-of-the-following-transactions-will-be-included-in-gdp-of-the-us-for-this-ye-5182615.htm',
          'https://www.transtutors.com/questions/of-the-32-an-economy-must-sacrifice-12-percent-of-gdp-to-reduce-inflation-which-of-t-5182614.htm',
          'https://www.transtutors.com/questions/32-you-have-collected-data-for-the-36-u-s-states-and-estimated-the-following-relatio-5182613.htm',
          'https://www.transtutors.com/questions/32-chapter-mank07t-section-90-problem-011-out-tp1-byuts-figure-13-1-refer-to-figure--5182612.htm',
          'https://www.transtutors.com/questions/32-33-34-35-36-37-38-39-40-10-15-20-21-22-23-24-25-26-27-28-none-of-them-are-correct-5182611.htm',
          'https://www.transtutors.com/questions/3-15-use-the-information-in-the-table-to-address-this-question-if-the-firm-currently-5182610.htm',
          'https://www.transtutors.com/questions/315-consider-the-estimated-equation-testscore-698-9-3-28-str-r2-0-051-ser-18-6-10-4--5182609.htm',
          'https://www.transtutors.com/questions/31-suppose-market-demand-is-given-by-od-100-p-and-market-supply-is-o-3p-the-sum-of-c-5182608.htm',
          'https://www.transtutors.com/questions/31-in-macroeconomics-we-define-equilibrium-in-the-goods-market-as-that-point-a-where-5182607.htm',
          'https://www.transtutors.com/questions/31-which-of-the-following-is-not-an-example-of-a-government-imposed-barrier-to-trade-5182606.htm',
          'https://www.transtutors.com/questions/31-disposable-personal-income-as-measured-in-the-national-income-accounts-is-a-measu-5182605.htm',
          'https://www.transtutors.com/questions/31-32-33-34-35-36-37-38-39-40-question-32-2-5-points-save-answer-profit-equals-total-5182604.htm',
          'https://www.transtutors.com/questions/31-32-33-34-35-36-37-38-39-40-jl-19-20-21-22-23-24-25-26-27-28-question-25-2-5-point-5182603.htm',
          'https://www.transtutors.com/questions/300-200-300-300-300-300-what-is-the-capitalized-cost-of-the-investment-at-the-right--5182602.htm',
          'https://www.transtutors.com/questions/a-30-years-loan-is-available-by-samba-bank-with-apr-equal-to-7-apr-monthly-payment-3-5182601.htm',
          'https://www.transtutors.com/questions/30-two-ready-to-eat-breakfast-cereal-manufacturers-lots-of-sugar-and-buckets-of-goo--5182600.htm',
          'https://www.transtutors.com/questions/30-the-phillips-curve-immediately-shifts-upward-whenever-a-inflation-rises-b-unemplo-5182599.htm',
          'https://www.transtutors.com/questions/30-if-income-rises-from-1-000-to-1-400-and-consumption-rises-from-800-to-1-168-the-m-5182598.htm',
          'https://www.transtutors.com/questions/macro-economics-test-3-30-which-of-the-following-is-an-example-of-an-automatic-stabi-5182597.htm'],
 'project': ['trans'],
 'referring_link': ['https://www.transtutors.com/questions/economics/93/'],
 'spider': ['trans_links']}
2020-02-05 23:30:06 [scrapy.core.engine] DEBUG: Crawled (200) <GET https://www.transtutors.com/questions/economics/95/> (referer: https://www.google.com/) ['cached']
2020-02-05 23:30:06 [scrapy.core.scraper] DEBUG: Scraped from <200 https://www.transtutors.com/questions/economics/94/>
{'category': ['economy'],
 'date': [datetime.datetime(2020, 2, 5, 23, 30, 6, 239089)],
 'link': ['https://www.transtutors.com/questions/30-quot-flow-through-quot-taxation-means-that-2-the-business-does-not-pay-tax-but-al-5182596.htm',
          'https://www.transtutors.com/questions/3-wu-shu-hong-is-currently-the-shanghai-in-his-5-years-of-operation-from-beijing-he--5182595.htm',
          'https://www.transtutors.com/questions/3-wu-shu-hong-is-curently-the-owner-of-a-luxurious-seafood-restaurant-located-in-sha-5182594.htm',
          'https://www.transtutors.com/questions/3-how-would-you-know-if-a-given-production-system-was-experiencing-economies-of-scal-5182593.htm',
          'https://www.transtutors.com/questions/3-the-world-economy-is-described-by-the-following-equations-with-c-i-g-t-and-y-being-5182592.htm',
          'https://www.transtutors.com/questions/3-a-the-wall-street-journal-june-29-2005-reports-that-amc-entertainment-is-offering--5182591.htm',
          'https://www.transtutors.com/questions/3-my-utility-function-u-w-27-000-w1-3-where-w-is-wealth-suppose-my-initial-wealth-is-5182590.htm',
          'https://www.transtutors.com/questions/3-using-an-isoquant-and-isocost-analysis-show-the-impact-on-the-optimal-input-combin-5182589.htm',
          'https://www.transtutors.com/questions/3-use-the-following-to-answer-questions-a-c-bank-balance-sheet-10-points-you-just-to-5182588.htm',
          'https://www.transtutors.com/questions/3-a-use-a-diagram-of-the-demand-and-supply-of-money-to-depict-the-impact-of-i-the-fe-5182587.htm',
          'https://www.transtutors.com/questions/hi-can-someone-answer-this-pls-clearly-thanks-3-two-profit-maximising-firms-a-and-b--5182586.htm',
          'https://www.transtutors.com/questions/3-trade-policies-and-commodities-a-tariff-and-non-tariff-quantitative-and-non-quanti-5182585.htm',
          'https://www.transtutors.com/questions/3-tim-gets-utility-from-only-two-goods-rice-r-and-beans-b-his-preferences-function-u-5182584.htm',
          'https://www.transtutors.com/questions/3-for-the-team-project-game-suppose-a-jock-is-matched-up-with-a-sorority-girl-as-sho-5182583.htm',
          'https://www.transtutors.com/questions/3-in-the-tables-that-follow-you-will-find-consolidated-balance-sheets-for-the-commer-5182582.htm',
          'https://www.transtutors.com/questions/help-please-3-table-2-to-reports-the-median-house-price-and-cpi-for-1950-and-2020-ta-5182581.htm',
          'https://www.transtutors.com/questions/3-suppose-the-thai-government-reduces-its-subsidies-for-thai-smes-other-things-equal-5182580.htm',
          'https://www.transtutors.com/questions/3-suppose-that-the-supply-schedule-of-brazilian-coffee-beans-is-as-follows-price-of--5182579.htm',
          'https://www.transtutors.com/questions/3-suppose-the-production-function-for-a-car-manufacturer-is-q-k-l-2k212-where-q-is-t-5182578.htm',
          'https://www.transtutors.com/questions/3-suppose-newspapers-and-magazines-report-a-lot-of-bad-news-about-the-economy-what-i-5182577.htm',
          'https://www.transtutors.com/questions/3-suppose-you-hire-workers-to-collect-and-deliver-roses-to-your-economics-professor--5182576.htm',
          'https://www.transtutors.com/questions/3-suppose-that-you-have-the-following-utility-function-u-x-y-x04-0-6-the-price-of-x--5182575.htm',
          'https://www.transtutors.com/questions/3-suppose-that-a-firm-has-a-production-function-given-by-l2-q-l-l-with-mrts-k-a--5182574.htm',
          'https://www.transtutors.com/questions/3-suppose-a-firm-is-facing-an-inverse-demand-curve-p-20-49-c-10-49-a-determine-the-f-5182573.htm',
          'https://www.transtutors.com/questions/3-study-questions-and-problems-3-indicate-whether-each-item-in-the-following-table-i-5182572.htm',
          'https://www.transtutors.com/questions/3-strategi-sains-teknologi-dan-inovasi-sti-di-malaysia-telah-berkembang-pesat-sejak--5182571.htm',
          'https://www.transtutors.com/questions/3-starting-at-the-point-of-long-run-equilibrium-suppose-the-economy-is-faced-with-a--5182570.htm',
          'https://www.transtutors.com/questions/3-if-the-short-run-aggregate-supply-curve-is-horizontal-then-a-change-in-the-money-s-5182569.htm',
          'https://www.transtutors.com/questions/show-work-3-what-revenue-is-needed-each-year-over-a-5-year-period-so-that-an-initial-5182568.htm',
          'https://www.transtutors.com/questions/3-the-relationship-between-marginal-and-average-costs-consider-the-following-scenari-5182567.htm',
          'https://www.transtutors.com/questions/3-refer-to-the-above-graph-given-the-graph-the-competitive-firm-39-s-supply-curve-is-5182566.htm',
          'https://www.transtutors.com/questions/3-redistributive-philosophies-complete-the-following-table-by-selecting-the-redistri-5182565.htm',
          'https://www.transtutors.com/questions/3-question-9-1-point-saved-table-based-on-the-table-the-total-product-after-adding-t-5182564.htm',
          'https://www.transtutors.com/questions/3-if-we-plot-the-profit-of-a-small-business-against-the-number-of-leave-days-days-aw-5182563.htm',
          'https://www.transtutors.com/questions/3-payback-period-no-return-i-0-taking-into-account-following-table-determine-which-m-5182562.htm',
          'https://www.transtutors.com/questions/3-an-organization-is-a-a-stable-formal-social-structure-that-takes-resources-from-th-5182561.htm',
          'https://www.transtutors.com/questions/3-nw-yorkvilleu-ca-joe-runs-a-small-boat-factory-he-can-make-ten-boats-ner-vear-and--5182560.htm',
          'https://www.transtutors.com/questions/hi-can-someone-answer-this-pls-clearly-thanks-3-a-the-monopolist-39-s-dilemma-is-tha-5182559.htm',
          'https://www.transtutors.com/questions/3-a-monopolist-has-average-cost-and-market-demand-curves-as-shown-in-the-figure-ther-5182558.htm',
          'https://www.transtutors.com/questions/3-mobile-alabama-is-awarded-an-nfl-team-and-needs-to-find-a-field-to-play-their-game-5182557.htm',
          'https://www.transtutors.com/questions/3-mike-and-michelle-are-neighbors-they-want-to-live-in-a-clean-environment-and-want--5182556.htm',
          'https://www.transtutors.com/questions/please-help-with-numbers-3-to-10-thanks-3-mc-effective-altruists-argue-that-we-shoul-5182555.htm',
          'https://www.transtutors.com/questions/3-the-long-run-effects-of-monetary-policy-currently-in-long-run-equilibrium-the-firs-5182554.htm',
          'https://www.transtutors.com/questions/3-let-y-l-k-find-the-conditional-factor-demand-functions-the-cost-function-and-the-s-5182553.htm',
          'https://www.transtutors.com/questions/3-let-39-s-consider-the-lerner-index-explained-in-chapter-1-f-you-missed-it-in-class-5182552.htm',
          'https://www.transtutors.com/questions/3-the-labour-supply-curve-is-w-10-5e-and-the-labour-demand-curve-is-w-50-3e-where-e--5182551.htm',
          'https://www.transtutors.com/questions/3-john-39-s-lawn-mowing-service-is-a-small-business-that-acts-as-a-mowing-is-20-per--5182550.htm',
          'https://www.transtutors.com/questions/please-answer-fast-have-to-know-this-for-my-final-that-begins-in-1-hour-3-in-january-5182549.htm',
          'https://www.transtutors.com/questions/3-indexing-or-adjusting-the-tax-brackets-for-inflation-has-substantially-increased-t-5182548.htm',
          'https://www.transtutors.com/questions/3-heckscher-ohlin-theory-assume-there-are-two-nations-1-and-2-two-goods-x-and-y-two--5182547.htm'],
 'project': ['trans'],
 'referring_link': ['https://www.transtutors.com/questions/economics/94/'],
 'spider': ['trans_links']}
2020-02-05 23:30:06 [scrapy.core.engine] DEBUG: Crawled (200) <GET https://www.transtutors.com/questions/economics/96/> (referer: https://www.google.com/) ['cached']
2020-02-05 23:30:06 [scrapy.core.scraper] DEBUG: Scraped from <200 https://www.transtutors.com/questions/economics/95/>
{'category': ['economy'],
 'date': [datetime.datetime(2020, 2, 5, 23, 30, 6, 403363)],
 'link': ['https://www.transtutors.com/questions/3-graphically-represent-the-determination-of-prices-and-equilibrium-in-monopoly-show-5182546.htm',
          'https://www.transtutors.com/questions/3-a-graphically-illustrate-and-explain-the-effects-of-an-increase-in-the-rate-of-dep-5182545.htm',
          'https://www.transtutors.com/questions/3-given-the-table-below-please-find-the-best-option-please-use-b-c-analysis-marr-7-y-5182544.htm',
          'https://www.transtutors.com/questions/microeconomics-market-failure-question-3-given-below-are-some-examples-of-government-5182543.htm',
          'https://www.transtutors.com/questions/3-game-theory-10-points-a-saudi-arabia-and-iran-both-have-to-decide-simultaneously-h-5182542.htm',
          'https://www.transtutors.com/questions/3-to-gain-approval-for-a-merger-from-the-justice-department-a-corporation-say-at-t-h-5182541.htm',
          'https://www.transtutors.com/questions/3-the-following-questions-refer-to-the-graph-below-it-represents-a-firm-operating-wh-5182540.htm',
          'https://www.transtutors.com/questions/3-five-hundred-students-in-a-high-school-took-the-college-entrance-examination-a-sa-5182539.htm',
          'https://www.transtutors.com/questions/3-a-firm-uses-capital-k-and-labour-l-to-produce-output-q-according-to-a-cobb-douglas-5182538.htm',
          'https://www.transtutors.com/questions/3-a-firm-39-s-production-function-is-q-ln-l-in-k-where-39-in-39-is-the-natural-logar-5182537.htm',
          'https://www.transtutors.com/questions/3-a-firm-39-s-production-function-is-q-ln-l-in-k-where-39-in-39-is-the-natural-logar-5182536.htm',
          'https://www.transtutors.com/questions/3-find-the-nash-equilibrium-a-in-the-generic-game-below-d-e-f-4-20-16-14-28-12-18-13-5182535.htm',
          'https://www.transtutors.com/questions/3-a-factory-releases-70-tons-of-pollution-per-day-into-the-air-as-a-result-of-making-5182534.htm',
          'https://www.transtutors.com/questions/3-eric-39-s-wage-rate-is-10-an-hour-he-has-no-earnings-other-than-his-labor-income-h-5182533.htm',
          'https://www.transtutors.com/questions/hi-can-someone-answer-this-pls-clearly-thanks-3-either-two-profit-maximising-firms-a-5182532.htm',
          'https://www.transtutors.com/questions/3-eight-projects-are-available-for-selection-at-general-tire-co-the-listed-pw-value-5182531.htm',
          'https://www.transtutors.com/questions/3-a-discuss-i-the-strategic-interaction-of-firms-in-an-oligopolistic-market-in-the-l-5182530.htm',
          'https://www.transtutors.com/questions/3-a-dirty-float-quot-is-a-systemi-a-of-fixed-exchange-rates-6-of-marginal-exchange-r-5182529.htm',
          'https://www.transtutors.com/questions/3-determinants-of-aggregate-supply-aa-aa-the-following-graph-shows-an-increase-in-sh-5182528.htm',
          'https://www.transtutors.com/questions/3-describe-how-crm-system-d-soos-are-typically-included-in-the-crm-version-e-andre-t-5182527.htm',
          'https://www.transtutors.com/questions/3-the-demand-and-supply-equations-for-commodity-z-are-specified-below-q-20-4p-q-40--5182526.htm',
          'https://www.transtutors.com/questions/3-the-demand-and-supply-equations-for-commodity-z-are-specified-below-q-20-4p-q-40--5182525.htm',
          'https://www.transtutors.com/questions/3-the-demand-and-supply-equations-for-commodity-z-are-specified-below-q-20-4p-q-40--5182524.htm',
          'https://www.transtutors.com/questions/3-a-definisikan-harga-bumbung-berdasarkan-suatu-rajah-yang-sesuai-analisakan-impak-p-5182523.htm',
          'https://www.transtutors.com/questions/please-help-these-are-all-wrong-and-i-recently-asked-them-earlier-on-here-thanks-3-w-5182522.htm',
          'https://www.transtutors.com/questions/3-consider-a-small-open-country-which-imports-textiles-please-draw-a-d-s-figure-to-s-5182521.htm',
          'https://www.transtutors.com/questions/0-l-lt-0-what-will-happen-t-quot-src-quot-https-files-transtutors-com-cdn-qimg-f7537-5182520.htm',
          'https://www.transtutors.com/questions/3-consider-the-model-of-dual-track-liberalization-by-lau-qian-and-roland-2000-determ-5182519.htm',
          'https://www.transtutors.com/questions/3-consider-the-following-payoff-matrix-12-u-l-m-r-1-2-0-2-3-1-0-5-3-2-0-1-6-a-if-thi-5182518.htm',
          'https://www.transtutors.com/questions/3-consider-the-following-incomplete-information-game-nature-selects-the-type-of-the--5182517.htm',
          'https://www.transtutors.com/questions/3-consider-the-following-firm-level-investment-problem-the-firm-39-s-discount-factor-5182516.htm',
          'https://www.transtutors.com/questions/3-complete-the-table-below-2005-is-used-as-the-base-year-show-your-work-18-points-ye-5182515.htm',
          'https://www.transtutors.com/questions/3-a-company-takes-out-a-5-year-loan-at-8-interest-for-40000-they-make-payments-of-90-5182514.htm',
          'https://www.transtutors.com/questions/3-comment-and-analysis-15-points-sometimes-a-manufacturer-finds-it-39-s-hard-to-indu-5182513.htm',
          'https://www.transtutors.com/questions/3-the-central-bank-of-a-hypothetical-country-decides-to-reduce-the-rate-of-inflation-5182512.htm',
          'https://www.transtutors.com/questions/3-the-cash-flows-for-three-mutually-exclusive-alternatives-are-given-in-the-table-be-5182511.htm',
          'https://www.transtutors.com/questions/3-the-cash-flows-for-three-mutually-exclusive-alternatives-are-given-in-the-table-be-5182510.htm',
          'https://www.transtutors.com/questions/3-calculating-gdp-using-national-income-account-data-the-following-table-shows-data--5182509.htm',
          'https://www.transtutors.com/questions/3-calculating-gdp-using-national-income-account-data-the-following-table-shows-data--5182508.htm',
          'https://www.transtutors.com/questions/3-c-how-does-third-degree-price-discrimination-differ-from-second-degree-and-second--5182507.htm',
          'https://www.transtutors.com/questions/3-bond-model-a-graphically-illustrate-a-decrease-in-expected-inflation-on-the-bond-m-5182506.htm',
          'https://www.transtutors.com/questions/3-bela-has-the-quasi-linear-utility-function-u-q1-q2-64q1-1-2-q2-a-assuming-p2-1-and-5182505.htm',
          'https://www.transtutors.com/questions/3-the-basic-assumptions-of-harberger-39-s-analysis-model-general-equilibrium-analysi-5182504.htm',
          'https://www.transtutors.com/questions/3-what-are-some-barriers-to-effective-family-policy-evaluation-o-support-your-answer-5182503.htm',
          'https://www.transtutors.com/questions/3-b-why-can-t-a-form-in-a-perfectly-competitive-industry-price-discriminate-what-con-5182502.htm',
          'https://www.transtutors.com/questions/3-assume-there-is-a-temporary-increase-in-oil-prices-which-will-shift-the-short-run--5182501.htm',
          'https://www.transtutors.com/questions/3-assume-there-is-a-temporary-increase-in-oil-prices-which-will-shift-the-short-run--5182500.htm',
          'https://www.transtutors.com/questions/3-assume-there-is-a-temporary-increase-in-oil-prices-which-will-shift-the-short-run--5182499.htm',
          'https://www.transtutors.com/questions/3-assume-there-is-a-temporary-increase-in-oil-prices-which-will-shift-the-short-run--5182498.htm',
          'https://www.transtutors.com/questions/3-assume-there-is-a-temporary-increase-in-oil-prices-which-will-shift-the-short-run--5182497.htm'],
 'project': ['trans'],
 'referring_link': ['https://www.transtutors.com/questions/economics/95/'],
 'spider': ['trans_links']}
2020-02-05 23:30:06 [scrapy.core.engine] DEBUG: Crawled (200) <GET https://www.transtutors.com/questions/economics/97/> (referer: https://www.google.com/) ['cached']
2020-02-05 23:30:06 [scrapy.core.scraper] DEBUG: Scraped from <200 https://www.transtutors.com/questions/economics/96/>
{'category': ['economy'],
 'date': [datetime.datetime(2020, 2, 5, 23, 30, 6, 560257)],
 'link': ['https://www.transtutors.com/questions/3-assume-a-market-with-firms-1-2-3-n-with-the-following-inverse-market-demand-functi-5182496.htm',
          'https://www.transtutors.com/questions/3-alex-owns-a-perfectly-competitive-firm-which-exhibits-the-technology-y-f-l-k-1-3k2-5182495.htm',
          'https://www.transtutors.com/questions/3-adverse-selection-for-the-following-questions-1-use-a-suitable-form-to-represent-t-5182494.htm',
          'https://www.transtutors.com/questions/3-8-x-3-points-according-to-table-6-4-please-explain-table-6-4-an-open-economy-with--5182493.htm',
          'https://www.transtutors.com/questions/3-8-x-3-points-according-to-table-6-4-please-explain-table-6-4-an-open-economy-with--5182492.htm',
          'https://www.transtutors.com/questions/3-8-marks-choose-the-best-option-based-on-an-incremental-benefit-cost-analysis-using-5182491.htm',
          'https://www.transtutors.com/questions/3-7-points-suppose-the-true-model-is-y-be-bxi-ei-but-our-data-on-xi-is-measured-with-5182490.htm',
          'https://www.transtutors.com/questions/3-6-points-suppose-you-take-out-a-mortgage-loan-of-200-000-the-term-is-15-years-and--5182489.htm',
          'https://www.transtutors.com/questions/3-5-question-2-45-points-analytical-questions-you-must-explain-or-prove-your-answers-5182488.htm',
          'https://www.transtutors.com/questions/3-in-39-a-45-degree-cross-diagram-show-the-effect-of-increase-investment-on-short-ru-5182487.htm',
          'https://www.transtutors.com/questions/3-40-points-consider-the-following-three-production-functions-f-k-l-k2l-f-k-l-k1-3l1-5182486.htm',
          'https://www.transtutors.com/questions/3-4-points-assuming-everything-else-constant-what-would-happen-to-equilibrium-real-i-5182485.htm',
          'https://www.transtutors.com/questions/3-when-4-derive-total-production-average-production-marginal-production-curves-of-fo-5182484.htm',
          'https://www.transtutors.com/questions/a-moving-to-another-question-will-save-this-response-question-2-a-cost-that-changes--5182483.htm',
          'https://www.transtutors.com/questions/3-35-points-a-firm-uses-labor-denoted-by-l-and-capital-denoted-by-k-to-produce-stuff-5182482.htm',
          'https://www.transtutors.com/questions/3-3-using-an-adequate-illustration-simple-drawing-explain-in-detail-the-various-poss-5182481.htm',
          'https://www.transtutors.com/questions/3-23pts-suppose-there-are-only-two-firms-in-the-market-firm-a-and-firm-b-they-produc-5182480.htm',
          'https://www.transtutors.com/questions/3-2014-fifa-world-cup-was-held-in-brazil-from-12-june-to-13-july-the-following-table-5182479.htm',
          'https://www.transtutors.com/questions/3-you-have-1-000-to-invest-over-an-investment-horizon-of-three-years-the-bond-market-5182478.htm',
          'https://www.transtutors.com/questions/3-0-or-10-is-gross-domestic-product-an-accurate-measure-of-the-standard-of-living-wh-5182477.htm',
          'https://www.transtutors.com/questions/2points-if-interest-rate-is-10-a-is-closes-t-to-2-5-points-if-interest-rate-is-15-b-5182476.htm',
          'https://www.transtutors.com/questions/2l2-2l-workers-produce-iron-man-statues-according-to-q-assume-the-statues-sell-for-1-5182475.htm',
          'https://www.transtutors.com/questions/2a-firms-hiring-lobbyists-to-keep-out-new-entrants-and-avoid-competition-is-an-examp-5182474.htm',
          'https://www.transtutors.com/questions/29-what-are-the-likely-consequences-on-the-u-s-market-for-tobacco-products-for-each--5182473.htm',
          'https://www.transtutors.com/questions/29-in-industry-zeta-the-own-price-elasticity-of-market-demand-is-2-5-and-the-own-pri-5182472.htm',
          'https://www.transtutors.com/questions/29-the-expected-simple-annual-return-to-a-u-s-resident-from-putting-funds-into-a-uk--5182471.htm',
          'https://www.transtutors.com/questions/29-consider-the-domestic-market-for-peaches-in-each-of-the-countries-and-described-i-5182470.htm',
          'https://www.transtutors.com/questions/29-in-august-1979-the-annual-rate-of-inflation-in-the-united-states-was-nearly-12-an-5182469.htm',
          'https://www.transtutors.com/questions/29-30-31-6-34-7-35-8-36-9-10-11-12-13-37-14-38-15-39-16-40-17-18-19-20-21-question-5-5182468.htm',
          'https://www.transtutors.com/questions/29-10-p-robinson-crusoe-economy-robinson-crusoe-is-a-quot-classic-quot-novel-about-a-5182467.htm',
          'https://www.transtutors.com/questions/28-suppose-we-have-the-following-production-possibilities-cupies-cao-lise-9000-19-00-5182466.htm',
          'https://www.transtutors.com/questions/28-if-stc-200-20-402-smc-2-80-sunk-fixed-costs-are-56-and-non-sunk-fixed-costs-are-1-5182465.htm',
          'https://www.transtutors.com/questions/28-you-pay-for-cheese-and-bread-from-the-deli-with-currency-which-function-of-money--5182464.htm',
          'https://www.transtutors.com/questions/28-no-obstacles-or-easy-entry-is-important-characteristics-in-a-perfect-competition--5182463.htm',
          'https://www.transtutors.com/questions/28-if-the-multi-variable-demand-function-for-good-x-is-given-by-qd-100-4px-3y-0-5m-w-5182462.htm',
          'https://www.transtutors.com/questions/please-dont-answer-the-question-i-upload-it-by-mistake-28-man-friday-has-exactly-10--5182461.htm',
          'https://www.transtutors.com/questions/28-man-friday-has-exactly-10-hours-per-day-to-spend-gathering-coconuts-or-catching-f-5182460.htm',
          'https://www.transtutors.com/questions/28-18-pt-alternative-monopoly-pricinge-the-same-monopoly-diagram-is-provided-for-eac-5182459.htm',
          'https://www.transtutors.com/questions/27-suppose-the-commercial-banking-system-is-initially-quot-loaned-up-quot-and-the-re-5182458.htm',
          'https://www.transtutors.com/questions/27-when-interacting-two-continuous-variables-in-a-non-linear-specification-then-the--5182457.htm',
          'https://www.transtutors.com/questions/true-or-false-questions-27-to-become-iso-certifled-a-process-that-can-take-weeks-a-c-5182456.htm',
          'https://www.transtutors.com/questions/its-true-amd-false-questions-27-to-become-iso-certifled-a-process-that-can-take-week-5182455.htm',
          'https://www.transtutors.com/questions/27-18-pt-returns-and-economies-quot-the-production-function-and-cost-structure-of-a--5182454.htm',
          'https://www.transtutors.com/questions/26-say-you-own-a-monopolistic-firm-such-as-a-fast-food-joint-for-questions-25-to-27--5182453.htm',
          'https://www.transtutors.com/questions/26-if-the-natural-unemployment-rate-is-7-percent-and-the-current-unemployment-rate-i-5182452.htm',
          'https://www.transtutors.com/questions/26-a-marketing-intermediary-would-most-likely-help-a-company-by-a-negotiating-with-l-5182451.htm',
          'https://www.transtutors.com/questions/26-when-an-llc-gets-sued-a-the-owner-can-always-be-held-personally-liable-b-the-owne-5182450.htm',
          'https://www.transtutors.com/questions/happy-go-lucky-electric-company-is-the-only-company-providing-electric-power-to-the--5182449.htm',
          'https://www.transtutors.com/questions/26-19-pt-income-and-substitution-effects-sam-39-s-consumption-of-kiwi-fruit-and-mang-5182448.htm',
          'https://www.transtutors.com/questions/25-in-the-umbrella-industry-the-sales-of-the-firms-are-as-follows-firm-a-750-firm-b--5182447.htm'],
 'project': ['trans'],
 'referring_link': ['https://www.transtutors.com/questions/economics/96/'],
 'spider': ['trans_links']}
2020-02-05 23:30:06 [scrapy.core.engine] DEBUG: Crawled (200) <GET https://www.transtutors.com/questions/economics/98/> (referer: https://www.google.com/) ['cached']
2020-02-05 23:30:06 [scrapy.core.scraper] DEBUG: Scraped from <200 https://www.transtutors.com/questions/economics/97/>
{'category': ['economy'],
 'date': [datetime.datetime(2020, 2, 5, 23, 30, 6, 721520)],
 'link': ['https://www.transtutors.com/questions/25-pts-in-total-consider-an-economy-with-limited-commitment-a-consumer-owns-one-uni-5182446.htm',
          'https://www.transtutors.com/questions/2-5-pts-d-question-38-in-a-competitive-market-no-single-buyer-or-seller-can-influenc-5182445.htm',
          'https://www.transtutors.com/questions/25-pts-4-ten-years-ago-jacobson-recovery-purchased-a-wrecker-for-285-000-he-anticip-5182444.htm',
          'https://www.transtutors.com/questions/25-in-the-presence-of-increasing-returns-to-scale-as-the-level-of-output-increases-t-5182443.htm',
          'https://www.transtutors.com/questions/25-points-consider-the-market-for-wheat-which-is-approximately-perfectly-competitiv-5182442.htm',
          'https://www.transtutors.com/questions/25-points-consider-the-market-for-wheat-which-is-approximately-perfectly-competitiv-5182441.htm',
          'https://www.transtutors.com/questions/25-points-consider-the-market-for-cigarettes-sold-annually-in-the-united-states-the-5182440.htm',
          'https://www.transtutors.com/questions/answer-the-question-below-and-make-sure-it-is-correct-25-under-which-of-the-followin-5182439.htm',
          'https://www.transtutors.com/questions/25-12-pt-demand-for-labor-a-firm-has-the-following-short-run-production-function-for-5182438.htm',
          'https://www.transtutors.com/questions/245-333-table-lilly-39-s-apple-orchard-quantity-of-apples-bushels-vc-ec-vc-atc-0-0-4-5182437.htm',
          'https://www.transtutors.com/questions/24-week-4-discussion-1-respond-to-the-dq-by-clicking-reply-week-4-discussion-1-due-b-5182436.htm',
          'https://www.transtutors.com/questions/true-and-false-questions-24-a-tax-cut-decrease-disposable-income-which-is-likely-to--5182435.htm',
          'https://www.transtutors.com/questions/24-scarcity-is-a-condition-that-exists-when-a-the-amount-of-a-resource-wanted-is-gre-5182434.htm',
          'https://www.transtutors.com/questions/24-meiji-is-a-japanese-dairy-company-that-offers-a-range-of-pasteurized-fresh-milk-p-5182433.htm',
          'https://www.transtutors.com/questions/24-if-households-in-the-economy-decide-to-take-money-out-of-savings-accounts-and-put-5182432.htm',
          'https://www.transtutors.com/questions/would-be-greatly-appreciated-to-get-them-all-answered-thank-you-in-advance-24-what-i-5182431.htm',
          'https://www.transtutors.com/questions/the-demand-curve-of-a-monopolist-is-24-the-demand-curve-of-a-monopolist-is-a-identic-5182430.htm',
          'https://www.transtutors.com/questions/marginal-cost-if-we-do-not-know-whether-t-quot-aria-describedby-quot-iu7-quot-style--5182429.htm',
          'https://www.transtutors.com/questions/24-on-average-americans-consume-11-pounds-of-chocolate-per-person-over-an-entire-yea-5182428.htm',
          'https://www.transtutors.com/questions/24-of-25-18-complete-when-the-fed-provides-funds-to-troubled-banks-that-cannot-find--5182427.htm',
          'https://www.transtutors.com/questions/23-in-the-underground-economy-cash-is-usually-used-to-settle-transactions-given-betw-5182426.htm',
          'https://www.transtutors.com/questions/23-the-national-debt-is-a-the-amount-by-which-tax-revenues-exceed-government-spendin-5182425.htm',
          'https://www.transtutors.com/questions/23-an-important-concept-you-learned-in-this-class-is-quot-liquidity-quot-which-of-th-5182424.htm',
          'https://www.transtutors.com/questions/23-a-firm-39-s-marginal-product-of-labor-is-4-and-its-marginal-product-of-capital-is-5182423.htm',
          'https://www.transtutors.com/questions/23-catering-inc-which-provides-catering-services-in-a-perfectly-competitive-market-w-5182422.htm',
          'https://www.transtutors.com/questions/23-in-an-ad-as-diagram-unemployment-could-explain-a-rise-in-cyclical-a-a-shift-to-th-5182421.htm',
          'https://www.transtutors.com/questions/23-8-points-assume-that-taxes-remain-constant-it-is-a-closed-economy-i-e-no-trade-an-5182420.htm',
          'https://www.transtutors.com/questions/23-of-100-22-complet-consider-the-demand-for-smaller-homes-illustrated-in-the-figure-5182419.htm',
          'https://www.transtutors.com/questions/23-1-pt-in-2015-the-public-debt-was-18-2-trillion-put-this-number-in-perspective-by--5182418.htm',
          'https://www.transtutors.com/questions/22-suppose-tc-10-0-1-q-2-if-p-10-the-firm-39-s-profits-will-be-a-240-b-260-c-250--5182417.htm',
          'https://www.transtutors.com/questions/22-suppose-that-b1-1-61-and-32-0-08-what-is-the-expected-change-in-in-m-if-in-gdp-in-5182416.htm',
          'https://www.transtutors.com/questions/22-say-the-pharmaceutical-company-has-a-monopoly-over-a-newly-invented-drug-the-marg-5182415.htm',
          'https://www.transtutors.com/questions/true-or-false-22-ppp-is-important-to-make-sure-a-prodst-seus-for-and-has-similar-val-5182414.htm',
          'https://www.transtutors.com/questions/22-to-make-up-for-lower-profits-movie-theaters-increase-their-prices-and-people-go-t-5182413.htm',
          'https://www.transtutors.com/questions/22-a-genera-partnership-a-is-a-complex-business-organization-that-is-difficult-to-fo-5182412.htm',
          'https://www.transtutors.com/questions/22-economists-based-their-prediction-that-secular-stagnation-would-occur-as-economie-5182411.htm',
          'https://www.transtutors.com/questions/22-8-points-refer-to-the-sequential-game-below-for-the-market-in-luxury-class-hybrid-5182410.htm',
          'https://www.transtutors.com/questions/21-all-are-true-except-for-one-a-a-high-r-sq-or-adjusted-r-sq-always-mean-that-added-5182409.htm',
          'https://www.transtutors.com/questions/21-suppose-that-nondurable-goods-spending-is-100-billion-durable-goods-spending-is-3-5182408.htm',
          'https://www.transtutors.com/questions/21-based-on-the-following-supply-and-demand-curves-for-a-normal-good-determine-the-p-5182407.htm',
          'https://www.transtutors.com/questions/2-1-assume-that-you-are-the-manager-of-a-company-that-produces-cereals-a-name-of-one-5182406.htm',
          'https://www.transtutors.com/questions/21-the-aggregate-supply-curve-is-a-vertical-in-the-long-run-and-slopes-upward-in-the-5182405.htm',
          'https://www.transtutors.com/questions/21-4pts-a-ski-resort-in-colorado-offers-reduced-prices-for-skiing-in-january-and-the-5182404.htm',
          'https://www.transtutors.com/questions/21-24-the-demand-and-supply-of-spam-is-given-by-demand-p-100-2q-supply-p-40-q-where--5182403.htm',
          'https://www.transtutors.com/questions/there-are-no-options-it-39-s-fill-in-the-blank-21-2-pt-explain-the-five-problems-cri-5182402.htm',
          'https://www.transtutors.com/questions/20y25-consider-a-product-that-has-a-cost-function-c-y-demand-for-this-product-is-rep-5182401.htm',
          'https://www.transtutors.com/questions/20pts-z-suppose-every-6-months-you-deposit-1-500-tl-until-the-end-of-year-2-into-a--5182400.htm',
          'https://www.transtutors.com/questions/2019-tempe-is-considering-tour-mutually-exclusive-public-works-rojects-their-costs-a-5182399.htm',
          'https://www.transtutors.com/questions/in-2018-the-european-commission-ec-fined-google-4-34-billion-for-breaching-article-1-5182398.htm',
          'https://www.transtutors.com/questions/in-2012-the-u-s-exchange-rate-with-the-european-union-was-reported-as-1-2859-euro-th-5182397.htm'],
 'project': ['trans'],
 'referring_link': ['https://www.transtutors.com/questions/economics/97/'],
 'spider': ['trans_links']}
2020-02-05 23:30:06 [scrapy.core.engine] DEBUG: Crawled (200) <GET https://www.transtutors.com/questions/economics/99/> (referer: https://www.google.com/) ['cached']
2020-02-05 23:30:06 [scrapy.core.scraper] DEBUG: Scraped from <200 https://www.transtutors.com/questions/economics/98/>
{'category': ['economy'],
 'date': [datetime.datetime(2020, 2, 5, 23, 30, 6, 890283)],
 'link': ['https://www.transtutors.com/questions/2012-e-m-2100-milelexam-version-which-of-the-following-sements-is-true-who-specializ-5182396.htm',
          'https://www.transtutors.com/questions/in-2008-and-2013-the-chinese-and-hong-kong-sar-governments-have-launched-anti-monopo-5182395.htm',
          'https://www.transtutors.com/questions/in-2003-the-reference-base-period-for-the-cpi-of-a-small-nation-a-typical-consumer-s-5182394.htm',
          'https://www.transtutors.com/questions/kindly-help-with-this-two-questions-thank-you-in-2000-bids-were-opened-for-a-new-bui-5182393.htm',
          'https://www.transtutors.com/questions/20-a-u-s-mutual-fund-buys-stocks-issued-by-a-columbian-company-this-purchase-is-an-e-5182392.htm',
          'https://www.transtutors.com/questions/20-the-reported-unemployment-rate-should-be-viewed-as-a-a-useful-but-imperfect-measu-5182391.htm',
          'https://www.transtutors.com/questions/20-pts-in-total-consider-the-real-intertemporal-model-with-investment-suppose-the-e-5182390.htm',
          'https://www.transtutors.com/questions/20-points-consider-the-market-for-teen-employment-in-a-small-town-s16-14-s12-900-00-5182389.htm',
          'https://www.transtutors.com/questions/20-if-a-monopolist-successfully-divides-a-market-into-two-groups-for-3rd-degree-pric-5182388.htm',
          'https://www.transtutors.com/questions/20-marks-suppose-the-apple-market-is-competitive-a-state-the-long-run-equilibrium-c-5182387.htm',
          'https://www.transtutors.com/questions/hi-can-someone-answer-this-pls-clearly-thanks-a-20-marks-in-general-for-goods-x-and--5182386.htm',
          'https://www.transtutors.com/questions/20-a-firm-experiencing-an-economic-loss-in-the-short-run-will-a-edit-the-industry-b--5182385.htm',
          'https://www.transtutors.com/questions/20-economics-involves-marginal-analysis-because-a-most-decisions-involve-changes-fro-5182384.htm',
          'https://www.transtutors.com/questions/20-from-diagram-1-a-change-from-point-a-to-point-d-represents-a-n-increase-in-supply-5182383.htm',
          'https://www.transtutors.com/questions/20-deruum-under-perfect-competition-the-price-charged-by-each-firm-per-unit-of-its-o-5182382.htm',
          'https://www.transtutors.com/questions/20-consider-a-competitive-profit-maximizing-firm-in-the-short-run-and-suppose-that-t-5182381.htm',
          'https://www.transtutors.com/questions/there-is-a-20-chance-that-your-car-will-need-a-major-repair-this-year-at-a-cost-of-8-5182380.htm',
          'https://www.transtutors.com/questions/there-is-a-20-chance-that-your-car-will-need-a-major-repair-this-year-at-a-cost-of-8-5182379.htm',
          'https://www.transtutors.com/questions/there-is-a-20-chance-that-your-car-will-need-a-major-repair-this-year-at-a-cost-of--5182378.htm',
          'https://www.transtutors.com/questions/there-is-a-20-chance-that-your-car-will-need-a-major-repair-this-year-at-a-cost-of--5182377.htm',
          'https://www.transtutors.com/questions/20-bank-of-new-city-has-750-million-in-deposits-the-required-reserve-ratio-is-15-ban-5182376.htm',
          'https://www.transtutors.com/questions/20-atc-15-10-5-0-70-10-20-30-quantity-40-50-60-80-refer-to-the-diagram-showing-the--5182375.htm',
          'https://www.transtutors.com/questions/20-5-the-university-of-rochester-has-1000-identical-students-all-of-whom-eat-at-the-5182374.htm',
          'https://www.transtutors.com/questions/20-21-22-23-24-25-38-39-40-220-question-7-2-5-point-suppose-that-demand-for-a-good-i-5182373.htm',
          'https://www.transtutors.com/questions/2-write-down-the-strategic-form-game-for-the-extensive-form-game-in-the-game-below-p-5182372.htm',
          'https://www.transtutors.com/questions/2-vince-mcmahon-has-112-hours-available-each-week-he-can-work-as-many-hours-as-he-li-5182371.htm',
          'https://www.transtutors.com/questions/2-using-the-following-production-possibilities-curve-can-a-computers-a-show-in-the-g-5182370.htm',
          'https://www.transtutors.com/questions/2-using-the-asad-graph-and-starting-in-long-run-equilibrium-ya-y-see-the-model-examp-5182369.htm',
          'https://www.transtutors.com/questions/2-use-the-following-information-to-answer-the-question-below-in-the-country-of-kabus-5182368.htm',
          'https://www.transtutors.com/questions/2-use-the-following-to-answer-questions-a-c-government-expenditures-vs-government-tr-5182367.htm',
          'https://www.transtutors.com/questions/microeconomics-question-2-two-roommates-a-and-b-are-deciding-to-purchase-a-music-sys-5182366.htm',
          'https://www.transtutors.com/questions/2-two-roommates-a-and-b-are-deciding-to-purchase-a-music-system-for-their-apartment--5182365.htm',
          'https://www.transtutors.com/questions/2-a-two-players-a-and-b-play-the-following-game-first-a-must-choose-in-or-out-if-a-c-5182364.htm',
          'https://www.transtutors.com/questions/2-two-firms-produce-differentiated-products-they-compete-by-simultaneously-choosing--5182363.htm',
          'https://www.transtutors.com/questions/2-tropical-republic-produces-bananas-coconuts-and-mangos-the-following-table-describ-5182362.htm',
          'https://www.transtutors.com/questions/2-trade-model-with-increasing-opportunity-cost-assume-there-are-two-nations-1-and-2--5182361.htm',
          'https://www.transtutors.com/questions/2-the-total-cost-is-the-sum-of-total-fixed-costs-and-total-variable-costs-a-average--5182360.htm',
          'https://www.transtutors.com/questions/2-three-firms-choose-sequentially-whether-to-enter-or-stay-out-of-a-particular-marke-5182359.htm',
          'https://www.transtutors.com/questions/2-there-are-three-effort-levels-for-the-agent-and-they-are-eh-em-el-for-the-agent-th-5182358.htm',
          'https://www.transtutors.com/questions/2-think-about-the-following-situation-the-optimal-point-is-8-6-when-the-income-is-45-5182357.htm',
          'https://www.transtutors.com/questions/2-below-is-a-table-showing-some-national-accounting-figures-for-lebanesia-during-the-5182356.htm',
          'https://www.transtutors.com/questions/2-suppose-vtech-is-planning-to-modify-ta-salaries-currently-the-department-pays-10-0-5182355.htm',
          'https://www.transtutors.com/questions/2-suppose-pnw-airlines-who-has-capacity-of-100-000-cubic-feet-and-operating-costs-of-5182354.htm',
          'https://www.transtutors.com/questions/2-suppose-players-1-and-2-are-participating-in-a-first-price-sealed-bid-auction-with-5182353.htm',
          'https://www.transtutors.com/questions/2-suppose-that-the-inverse-market-demand-for-pumpkins-is-given-by-p-10-0-050-pumpkin-5182352.htm',
          'https://www.transtutors.com/questions/2-suppose-that-the-inverse-market-demand-for-pumpkins-is-given-by-p-10-0-050-pumpkin-5182351.htm',
          'https://www.transtutors.com/questions/2-suppose-that-the-interest-rate-is-i-12-in-new-york-and-i-8-in-frankfurt-in-per-yea-5182350.htm',
          'https://www.transtutors.com/questions/2-suppose-that-the-interest-rate-is-i-12-in-new-york-and-i-8-in-frankfurt-in-per-yea-5182349.htm',
          'https://www.transtutors.com/questions/definitions-in-short-essay-2-suppose-through-innovative-and-transformative-partnersh-5182348.htm',
          'https://www.transtutors.com/questions/2-suppose-you-had-the-following-regression-results-from-regressing-the-excess-return-5182347.htm'],
 'project': ['trans'],
 'referring_link': ['https://www.transtutors.com/questions/economics/98/'],
 'spider': ['trans_links']}
2020-02-05 23:30:07 [scrapy.core.engine] DEBUG: Crawled (200) <GET https://www.transtutors.com/questions/economics/100/> (referer: https://www.google.com/) ['cached']
2020-02-05 23:30:07 [scrapy.core.scraper] DEBUG: Scraped from <200 https://www.transtutors.com/questions/economics/99/>
{'category': ['economy'],
 'date': [datetime.datetime(2020, 2, 5, 23, 30, 7, 51377)],
 'link': ['https://www.transtutors.com/questions/2-suppose-that-a-firm-has-a-production-function-given-by-q-k-l-vkvi-a-write-the-opti-5182346.htm',
          'https://www.transtutors.com/questions/2-suppose-that-a-country-is-initially-operating-at-a-steady-state-level-of-capital-p-5182345.htm',
          'https://www.transtutors.com/questions/2-a-suppose-a-consumer-buys-only-two-goods-x-and-y-and-spends-her-entire-income-on-t-5182344.htm',
          'https://www.transtutors.com/questions/2-suppose-the-basket-of-goods-used-to-calculate-the-consumer-price-index-cp-includes-5182343.htm',
          'https://www.transtutors.com/questions/2-steady-state-consumption-per-worker-is-sotol-1odal-odt-nsds-owola-steady-state-out-5182342.htm',
          'https://www.transtutors.com/questions/show-and-explain-how-government-spending-can-crowdout-investment-2-show-and-explain--5182341.htm',
          'https://www.transtutors.com/questions/2-second-price-auction-google-search-auction-18-points-a-11-points-there-are-two-bid-5182340.htm',
          'https://www.transtutors.com/questions/2-sains-dan-teknologi-melalui-aktiviti-penyelidikan-dan-pembangunan-p-p-dapat-menyum-5182339.htm',
          'https://www.transtutors.com/questions/2-the-roles-of-money-aa-aa-consider-the-following-scenario-akshay-has-saved-30-per-w-5182338.htm',
          'https://www.transtutors.com/questions/2-the-revenue-generated-by-an-employee-in-a-firm-is-either-10-000-or-zero-the-probab-5182337.htm',
          'https://www.transtutors.com/questions/microeconomics-principal-agent-model-question-2-the-revenue-generated-by-an-employee-5182336.htm',
          'https://www.transtutors.com/questions/microeconomics-principal-agent-model-question-2-the-revenue-generated-by-an-employee-5182335.htm',
          'https://www.transtutors.com/questions/microeconomics-principal-agent-model-question-2-the-revenue-generated-by-an-employee-5182334.htm',
          'https://www.transtutors.com/questions/2-there-is-a-representative-infinitely-lived-consumer-with-preferences-given-by-i-s--5182333.htm',
          'https://www.transtutors.com/questions/2-refer-to-the-normal-form-game-of-price-competition-shown-below-100-100-soft-b-i-en-5182332.htm',
          'https://www.transtutors.com/questions/2-recently-several-countries-have-developed-a-strong-taste-for-thai-durians-answer-t-5182331.htm',
          'https://www.transtutors.com/questions/2-this-question-concerns-the-effects-of-government-policies-on-hours-worked-by-unski-5182330.htm',
          'https://www.transtutors.com/questions/2-productivity-shocks-1-say-there-is-an-economy-without-investment-using-the-classic-5182329.htm',
          'https://www.transtutors.com/questions/2-productivity-growth-and-the-per-worker-production-function-suppose-you-were-in-cha-5182328.htm',
          'https://www.transtutors.com/questions/2-this-problem-concerns-production-externality-life-has-got-tougher-in-gotham-city-a-5182327.htm',
          'https://www.transtutors.com/questions/2-is-the-price-elasticity-of-supply-in-general-more-elastic-over-a-shorter-or-a-long-5182326.htm',
          'https://www.transtutors.com/questions/2-poverty-and-inequality-40-points-a-describe-mass-poverty-and-relative-poverty-why--5182325.htm',
          'https://www.transtutors.com/questions/2-what-are-the-potential-benefits-and-or-outcomes-of-family-policy-evaluation-o-supp-5182324.htm',
          'https://www.transtutors.com/questions/2-the-pollution-control-cost-is-denoted-by-c-e-1-2-e-10-2-where-the-pollution-level--5182323.htm',
          'https://www.transtutors.com/questions/2-points-however-one-can-2-points-8-strong-dollar-is-good-for-u-s-consumers-because-5182322.htm',
          'https://www.transtutors.com/questions/2-the-phillips-curve-in-the-short-run-and-long-run-in-the-year-2023-aggregate-demand-5182321.htm',
          'https://www.transtutors.com/questions/2-in-a-particular-country-nominal-gdp-decreased-by-2-and-prices-as-measured-by-the-g-5182320.htm',
          'https://www.transtutors.com/questions/2-pareto-efficiency-and-social-surplus-x-4-ab-there-are-two-citizens-a-and-b-an-alte-5182319.htm',
          'https://www.transtutors.com/questions/2-p134-present-worth-analysis-of-different-life-alternatives-national-homebuilders-i-5182318.htm',
          'https://www.transtutors.com/questions/2-the-owner-of-firm-xyz-desires-to-minimize-costs-of-production-of-a-given-level-of--5182317.htm',
          'https://www.transtutors.com/questions/2-you-overheard-mr-john-the-newly-hired-marketing-manager-saying-i-think-our-company-5182316.htm',
          'https://www.transtutors.com/questions/2-one-possible-measure-of-discrimination-is-to-look-at-the-difference-in-the-average-5182315.htm',
          'https://www.transtutors.com/questions/2-for-each-one-of-the-following-changes-separately-analyze-what-will-happen-to-the-i-5182314.htm',
          'https://www.transtutors.com/questions/2-in-the-neighboring-groups-of-new-yorkers-and-new-jersian-s-each-produces-only-two--5182313.htm',
          'https://www.transtutors.com/questions/2-the-mps-of-an-economy-is-0-2-a-what-is-the-mpc-calculate-its-value-and-explain-wha-5182312.htm',
          'https://www.transtutors.com/questions/2-in-a-monopsonistic-market-there-appears-to-be-a-labor-shortage-assume-as-a-result--5182311.htm',
          'https://www.transtutors.com/questions/please-solve-and-show-full-work-for-a-rating-thank-you-2-monopoly-let-inverse-demand-5182310.htm',
          'https://www.transtutors.com/questions/2-a-monopolist-faces-the-demand-curve-p-250-2q-and-its-total-cost-function-is-given--5182309.htm',
          'https://www.transtutors.com/questions/2-money-supply-money-demand-and-adjustment-to-monetary-equilibrium-the-following-tab-5182308.htm',
          'https://www.transtutors.com/questions/true-or-false-2-monetary-policy-is-when-the-feds-use-interest-rates-mi-to-manage-the-5182307.htm',
          'https://www.transtutors.com/questions/2-mo8-final-exam-829-quizzes-2519904-take-questions-50333783-question-24-exhibit-6-1-5182306.htm',
          'https://www.transtutors.com/questions/2-the-market-for-charleston-pepper-is-composed-of-many-identical-small-sized-firms-w-5182305.htm',
          'https://www.transtutors.com/questions/kindly-answer-this-preferred-to-typed-2-managing-people-can-be-a-hard-job-when-we-ar-5182304.htm',
          'https://www.transtutors.com/questions/2-the-manager-at-roboco-is-analyzing-incremental-rate-of-return-information-shown-be-5182303.htm',
          'https://www.transtutors.com/questions/2-what-are-the-major-provisions-of-the-sherman-and-clayton-acts-what-government-enti-5182302.htm',
          'https://www.transtutors.com/questions/t-or-f-explain-in-short-sentence-2-mainstream-economists-believe-that-decisions-rega-5182301.htm',
          'https://www.transtutors.com/questions/2-how-long-would-it-take-for-10-000-to-double-to-20-000-in-an-account-paying-a-3-int-5182300.htm',
          'https://www.transtutors.com/questions/2-is-lm-as-ad-30-points-suppose-the-federal-reserve-were-to-raise-the-money-supply-u-5182299.htm',
          'https://www.transtutors.com/questions/2-is-lm-as-ad-30-points-suppose-the-federal-reserve-were-to-raise-the-money-supply-u-5182298.htm',
          'https://www.transtutors.com/questions/2-linking-the-short-run-and-long-run-models-in-our-long-run-market-market-clearing-c-5182297.htm'],
 'project': ['trans'],
 'referring_link': ['https://www.transtutors.com/questions/economics/99/'],
 'spider': ['trans_links']}
2020-02-05 23:30:07 [scrapy.core.engine] DEBUG: Crawled (200) <GET https://www.transtutors.com/questions/economics/101/> (referer: https://www.google.com/) ['cached']
2020-02-05 23:30:07 [scrapy.core.scraper] DEBUG: Scraped from <200 https://www.transtutors.com/questions/economics/100/>
{'category': ['economy'],
 'date': [datetime.datetime(2020, 2, 5, 23, 30, 7, 240525)],
 'link': ['https://www.transtutors.com/questions/2-a-let-there-be-n-firms-in-an-industry-each-firm-i-i-1-2-3-n-produce-a-quantity-of--5182296.htm',
          'https://www.transtutors.com/questions/2-leakages-and-injections-aa-aa-suppose-the-economy-is-initially-in-equilibrium-when-5182295.htm',
          'https://www.transtutors.com/questions/2-leakages-and-injections-aa-aa-suppose-the-economy-is-initially-in-equilibrium-when-5182294.htm',
          'https://www.transtutors.com/questions/2-leah-owns-a-perfectly-competitive-firm-production-function-of-the-firm-is-y-f-x1-x-5182293.htm',
          'https://www.transtutors.com/questions/2-last-weekend-louren-o-walked-into-a-bar-on-galeria-de-paris-porto-and-ordered-a-be-5182292.htm',
          'https://www.transtutors.com/questions/2-jurian-has-preferences-u-j-x-j-1-x-j-2-x-j-1-4-x-j-2-2-a-find-his-uncompensated-5182291.htm',
          'https://www.transtutors.com/questions/2-jane-went-to-the-market-today-with-20-and-bought-4kg-of-apples-x-and-3kg-of-peache-5182290.htm',
          'https://www.transtutors.com/questions/show-work-2-an-investment-is-guaranteed-to-have-a-unique-value-of-internal-rate-of-r-5182289.htm',
          'https://www.transtutors.com/questions/2-the-inverse-demand-for-municipal-water-in-a-city-is-p-10-y-where-y-is-the-number-o-5182288.htm',
          'https://www.transtutors.com/questions/2-inputs-and-outputs-megan-39-s-performance-pizza-is-a-small-restaurant-in-dallas-th-5182287.htm',
          'https://www.transtutors.com/questions/2-an-inferior-good-is-a-good-for-which-a-consumer-s-demand-for-the-good--5182286.htm',
          'https://www.transtutors.com/questions/2-in-an-industry-labour-supply-is-e-10-w-and-labour-demand-is-e-the-level-of-employm-5182285.htm',
          'https://www.transtutors.com/questions/we-have-2-independent-investments-each-of-them-may-have-a-1-chance-of-a-loss-of-10m--5182284.htm',
          'https://www.transtutors.com/questions/2-identify-if-the-following-autoregressive-processes-are-stationary-or-not-recall-th-5182283.htm',
          'https://www.transtutors.com/questions/2-in-home-and-foreign-there-are-two-factors-each-of-production-land-and-labor-used-t-5182282.htm',
          'https://www.transtutors.com/questions/2-in-home-and-foreign-there-are-two-factors-each-of-production-land-and-labor-used-t-5182281.htm',
          'https://www.transtutors.com/questions/2-in-home-and-foreign-there-are-two-factors-each-of-production-land-and-labor-used-t-5182280.htm',
          'https://www.transtutors.com/questions/2-hold-up-answers-without-explanations-are-considered-incomplete-assume-you-are-tryi-5182279.htm',
          'https://www.transtutors.com/questions/2-before-the-great-recession-mark-carney-suggested-that-the-bank-of-canada-s-inflati-5182278.htm',
          'https://www.transtutors.com/questions/2-the-government-observes-a-significant-amount-of-unemployment-in-the-economy-it-is--5182277.htm',
          'https://www.transtutors.com/questions/2-given-a-used-textbook-market-within-your-school-explain-describe-how-market-prices-5182276.htm',
          'https://www.transtutors.com/questions/2-the-following-questions-refer-to-the-graph-below-interest-rate-quantity-of-money-a-5182275.htm',
          'https://www.transtutors.com/questions/there-are-2-firms-faced-in-a-bertrand-oligopoly-with-demand-curves-as-follows-for-fi-5182274.htm',
          'https://www.transtutors.com/questions/2-a-firm-39-s-production-function-is-given-by-q-l-k-the-price-of-labour-is-fixed-at--5182273.htm',
          'https://www.transtutors.com/questions/2-a-firm-s-production-function-is-given-by-q-l-1-2-k-the-price-of-labour-is-fixed-at-5182272.htm',
          'https://www.transtutors.com/questions/2-a-firm-initially-has-a-production-function-given-by-q-l-quot-2k12-over-time-the-pr-5182271.htm',
          'https://www.transtutors.com/questions/the-2-firm-hotelling-model-with-quadratic-transportation-costs-assume-2-firms-are-in-5182270.htm',
          'https://www.transtutors.com/questions/the-2-firm-hotelling-model-with-quadratic-transportation-costs-assume-2-firms-are-in-5182269.htm',
          'https://www.transtutors.com/questions/can-someone-help-me-solve-this-question-thank-you-so-much-2-a-firm-has-current-and-f-5182268.htm',
          'https://www.transtutors.com/questions/2-find-solutions-to-the-games-below-using-dominant-strategies-player-2-right-6-3-5-1-5182267.htm',
          'https://www.transtutors.com/questions/2-find-the-nash-equilibrium-a-in-the-game-below-you-and-your-roommate-are-fighting-o-5182266.htm',
          'https://www.transtutors.com/questions/2-fill-in-the-blanks-in-the-paragraph-below-to-give-a-good-deseription-of-the-level--5182265.htm',
          'https://www.transtutors.com/questions/2-explain-why-a-third-degree-price-discriminating-monopolist-must-be-able-to-prevent-5182264.htm',
          'https://www.transtutors.com/questions/2-explain-how-international-corporations-can-use-bankers-39-acceptances-to-their-adv-5182263.htm',
          'https://www.transtutors.com/questions/hi-can-someone-answer-this-pls-clearly-thanks-2-a-explain-the-broad-approach-used-in-5182262.htm',
          'https://www.transtutors.com/questions/2-draw-two-graphs-of-a-monopolistically-competitive-firm-with-demand-marginal-revenu-5182261.htm',
          'https://www.transtutors.com/questions/could-you-help-me-to-solve-those-2-discuss-the-efficient-use-of-resources-and-the-ef-5182260.htm',
          'https://www.transtutors.com/questions/2-in-which-direction-would-the-following-changes-alter-gdp-growth-and-per-capita-gdp-5182259.htm',
          'https://www.transtutors.com/questions/2-are-there-other-development-interventions-aside-from-active-labour-market-policies-5182258.htm',
          'https://www.transtutors.com/questions/2-the-demand-and-supply-schedules-for-potato-chips-are-price-cents-per-bag-quantity--5182257.htm',
          'https://www.transtutors.com/questions/2-dave-is-very-busy-selling-copies-of-nba-jam-39-s-sega-genesis-game-rather-than-stu-5182256.htm',
          'https://www.transtutors.com/questions/2-consumption-and-saving-aa-aa-marissa-can-expect-to-earn-an-she-gets-a-sales-bonus--5182255.htm',
          'https://www.transtutors.com/questions/2-the-consumer-is-in-equilibrium-when-a-mrt-mrs-b-px-py-mux-muy-c-the-budget-line-is-5182254.htm',
          'https://www.transtutors.com/questions/2-consider-tax-levies-to-buyers-of-a-good-please-draw-a-figure-of-demand-and-supply--5182253.htm',
          'https://www.transtutors.com/questions/statistics-just-need-part-d-2-consider-a-sample-with-data-values-of-68-66-61-56-71-7-5182252.htm',
          'https://www.transtutors.com/questions/2-consider-the-production-function-q-s-x-y-xy-a-totally-differentiate-this-productio-5182251.htm',
          'https://www.transtutors.com/questions/2-consider-the-long-run-cost-function-c-qa-what-values-of-a-ensure-that-the-cost-fun-5182250.htm',
          'https://www.transtutors.com/questions/2-consider-the-lewis-model-the-lewis-model-describes-the-growth-path-of-developing-e-5182249.htm',
          'https://www.transtutors.com/questions/2-consider-the-following-monopolist-39-s-demand-marginal-revenue-and-marginal-cost-c-5182248.htm',
          'https://www.transtutors.com/questions/2-consider-the-following-estimated-model-which-relates-aggregate-consumption-c-to-a-5182247.htm'],
 'project': ['trans'],
 'referring_link': ['https://www.transtutors.com/questions/economics/100/'],
 'spider': ['trans_links']}
2020-02-05 23:30:07 [scrapy.core.engine] DEBUG: Crawled (200) <GET https://www.transtutors.com/questions/economics/102/> (referer: https://www.google.com/) ['cached']
2020-02-05 23:30:07 [scrapy.core.scraper] DEBUG: Scraped from <200 https://www.transtutors.com/questions/economics/101/>
{'category': ['economy'],
 'date': [datetime.datetime(2020, 2, 5, 23, 30, 7, 422496)],
 'link': ['https://www.transtutors.com/questions/2-consider-the-following-estimated-model-which-relates-aggregate-consumption-c-to-a-5182246.htm',
          'https://www.transtutors.com/questions/2-consider-the-following-2-x-2-payoff-matrix-12-x-0-1-1-0-y-1-0-0-1-to-player-1-39-s-5182245.htm',
          'https://www.transtutors.com/questions/2-consider-a-firm-operating-in-a-monopolistic-competitive-market-the-firm-39-s-dema-5182244.htm',
          'https://www.transtutors.com/questions/2-consider-the-centipede-game-that-is-described-in-the-figure-below-it-has-two-playe-5182243.htm',
          'https://www.transtutors.com/questions/2-to-compare-the-slope-coefficient-from-the-california-school-data-set-with-that-of--5182242.htm',
          'https://www.transtutors.com/questions/2-commodity-futures-markets-a-the-role-of-derivatives-in-commodity-price-risk-manage-5182241.htm',
          'https://www.transtutors.com/questions/2-clare-gets-utility-from-only-two-goods-potatoes-p-and-turnips-t-she-generally-pref-5182240.htm',
          'https://www.transtutors.com/questions/2-in-china-with-the-imposition-of-a-new-law-regulating-the-tax-reform-program-of-the-5182239.htm',
          'https://www.transtutors.com/questions/2-the-cash-flows-for-three-mutually-exclusive-alternatives-are-given-in-the-table-be-5182238.htm',
          'https://www.transtutors.com/questions/2-c-coca-cola-announced-development-of-a-smart-vending-machine-which-is-programmed-t-5182237.htm',
          'https://www.transtutors.com/questions/this-is-for-microeconomics-2-briefly-explain-the-key-sections-of-a-sherman-antitrust-5182236.htm',
          'https://www.transtutors.com/questions/2-based-on-the-world-bank-economists-dollar-and-kraay-2002-s-cross-county-study-whic-5182235.htm',
          'https://www.transtutors.com/questions/2-the-baseball-stadium-owners-observed-that-with-ticket-price-of-10-the-av-erage-att-5182234.htm',
          'https://www.transtutors.com/questions/2-if-a-bank-has-100-000-of-checkable-deposits-a-required-reserve-ratio-of-20-percent-5182233.htm',
          'https://www.transtutors.com/questions/2-b-a-restaurant-in-london-england-has-removed-prices-from-its-menu-each-patron-is-a-5182232.htm',
          'https://www.transtutors.com/questions/2-assume-now-that-the-price-of-rice-rises-to-10-1bs-the-government-decides-to-give-1-5182231.htm',
          'https://www.transtutors.com/questions/2-answer-the-following-a-explain-the-difference-between-a-proxy-variable-and-an-inst-5182230.htm',
          'https://www.transtutors.com/questions/2-allocative-efficiency-requires-producing-where-p-mc-clearly-explain-why-any-other--5182229.htm',
          'https://www.transtutors.com/questions/2-allocative-efficiency-requires-producing-where-p-mc-clearly-explain-why-any-other--5182228.htm',
          'https://www.transtutors.com/questions/2-alice-and-bob-have-identical-incomes-and-shop-in-the-same-stores-where-they-buy-ju-5182227.htm',
          'https://www.transtutors.com/questions/2-a-alfred-adalah-seorang-pengurus-pelaburan-megazord-berhad-dia-perlu-membuat-keput-5182226.htm',
          'https://www.transtutors.com/questions/2-a-alfred-adalah-seorang-pengurus-pelaburan-megazord-berhad-dia-perlu-membuat-keput-5182225.htm',
          'https://www.transtutors.com/questions/2-8-x-3-points-country-a-in-the-open-economy-scenario-if-we-know-the-information-as--5182224.htm',
          'https://www.transtutors.com/questions/2-8-points-consider-the-strategy-of-estimating-the-effect-of-class-size-on-test-scor-5182223.htm',
          'https://www.transtutors.com/questions/2-8-points-abc-bank-is-currently-holding-2-of-its-deposits-as-excess-reserves-abc-ba-5182222.htm',
          'https://www.transtutors.com/questions/please-show-your-works-thank-you-2-6-pts-you-estimate-a-simple-linear-regression-mod-5182221.htm',
          'https://www.transtutors.com/questions/hi-can-someone-answer-this-pls-clearly-thanks-2-50-marks-explain-carefully-the-state-5182220.htm',
          'https://www.transtutors.com/questions/2-5-marks-assume-a-perfectly-competitive-market-where-quantities-must-be-integers-a-5182219.htm',
          'https://www.transtutors.com/questions/all-apart-of-question-2-2-40-points-very-recently-amazon-selected-long-island-really-5182218.htm',
          'https://www.transtutors.com/questions/2-4-points-which-statement-is-true-a-a-condorcet-winner-exists-if-the-society-39-s-p-5182217.htm',
          'https://www.transtutors.com/questions/2-4-points-assuming-everything-else-constant-what-would-happen-to-equilibrium-real-i-5182216.htm',
          'https://www.transtutors.com/questions/this-subject-is-advanced-macro-economic-please-solve-this-question-2-38-points-suppo-5182215.htm',
          'https://www.transtutors.com/questions/please-use-venn-diagram-to-illustrate-the-answer-2-3-let-a-1-2-3-4-5-b-following-1-2-5182214.htm',
          'https://www.transtutors.com/questions/please-answer-fast-have-to-know-this-for-my-final-that-begins-in-1-hour-2-in-2016-ob-5182213.htm',
          'https://www.transtutors.com/questions/i-only-need-help-with-part-b-2-20-points-suppose-that-geoffrey-has-a-utility-functio-5182212.htm',
          'https://www.transtutors.com/questions/2-20-points-consider-the-following-keynesian-closed-economy-s-2r-avo-300-20-sge-sel--5182211.htm',
          'https://www.transtutors.com/questions/2-19pts-suppose-there-is-a-single-firm-in-the-market-it-has-total-cost-tc-q2-100-and-5182210.htm',
          'https://www.transtutors.com/questions/2-16-the-contribution-margin-difference-between-selling-price-and-variable-cost-of-i-5182209.htm',
          'https://www.transtutors.com/questions/2-16-the-contribution-margin-difference-between-selling-price-and-variable-cost-of-i-5182208.htm',
          'https://www.transtutors.com/questions/2-12-points-inflation-in-the-philippines-was-6-7-in-september-far-above-the-central--5182207.htm',
          'https://www.transtutors.com/questions/2-10-points-the-textbook-displayed-four-economic-time-series-with-quot-markedly-diff-5182206.htm',
          'https://www.transtutors.com/questions/2-10-points-indicate-whether-the-following-statements-are-true-or-false-and-explain--5182205.htm',
          'https://www.transtutors.com/questions/2-1-solve-the-following-system-of-equations-for-a-5182204.htm',
          'https://www.transtutors.com/questions/2-0-7-or-10-consider-the-following-data-year-1-cpl-is-100-year-2-cpi-is-104-year-3-c-5182203.htm',
          'https://www.transtutors.com/questions/2-0-7-or-10-consider-the-following-data-year-1-cpi-is-100-year-2-cpi-is-104-year-3-c-5182202.htm',
          'https://www.transtutors.com/questions/1st-attempt-weeks-that-person-is-not-counted-in-the-unemployment-statistics-if-a-job-5182201.htm',
          'https://www.transtutors.com/questions/1st-attempt-suppose-that-you-saved-4900-at-the-beginning-of-the-year-and-that-at-the-5182200.htm',
          'https://www.transtutors.com/questions/1st-attempt-suppose-that-capital-becomes-less-productive-what-would-we-expect-to-hap-5182199.htm',
          'https://www.transtutors.com/questions/1st-attempt-which-of-the-following-statements-about-the-historical-unemployment-rate-5182198.htm',
          'https://www.transtutors.com/questions/1-price-20-quantity-400-units-unit-cost-15-implicit-costs-4-000-what-does-economic-p-5182197.htm'],
 'project': ['trans'],
 'referring_link': ['https://www.transtutors.com/questions/economics/101/'],
 'spider': ['trans_links']}
2020-02-05 23:30:07 [scrapy.core.engine] DEBUG: Crawled (200) <GET https://www.transtutors.com/questions/economics/103/> (referer: https://www.google.com/) ['cached']
2020-02-05 23:30:07 [scrapy.core.scraper] DEBUG: Scraped from <200 https://www.transtutors.com/questions/economics/102/>
{'category': ['economy'],
 'date': [datetime.datetime(2020, 2, 5, 23, 30, 7, 567456)],
 'link': ['https://www.transtutors.com/questions/1price-100-90-80-70-60-50-40-30-20-10-d-5-10-15-20-25-30-35-40-qaantity-a-what-price-5182196.htm',
          'https://www.transtutors.com/questions/1o-the-highway-deparment-expect-the-cost-of-maintenance-for-a-piece-of-heavy-constru-5182195.htm',
          'https://www.transtutors.com/questions/1-explain-how-the-shape-of-the-expected-utility-function-describes-the-consumer-s-at-5182194.htm',
          'https://www.transtutors.com/questions/1-explain-output-and-price-decisions-with-the-kinked-demand-oligopoly-in-graphs-2-ex-5182193.htm',
          'https://www.transtutors.com/questions/1assume-lawyer-senvices-have-an-elasticity-of-demand-of-0-6-in-absolute-value-curren-5182192.htm',
          'https://www.transtutors.com/questions/1a-second-degree-price-discrimination-occurs-when-a-every-consumer-pays-what-he-or-s-5182191.htm',
          'https://www.transtutors.com/questions/during-the-1990s-technological-advance-reduced-the-cost-of-computer-chips-how-do-you-5182190.htm',
          'https://www.transtutors.com/questions/the-1990-u-s-census-data-can-be-used-to-estimate-the-average-wage-differential-betwe-5182189.htm',
          'https://www.transtutors.com/questions/in-1980s-us-had-a-large-government-deficit-and-a-current-account-deficit-the-dollar--5182188.htm',
          'https://www.transtutors.com/questions/between-1980-and-1995-government-debt-as-a-percentage-of-gdp-increased-from-about-25-5182187.htm',
          'https://www.transtutors.com/questions/from-1970-on-who-would-you-consider-to-be-your-favorite-president-and-why-what-did-h-5182186.htm',
          'https://www.transtutors.com/questions/in-the-1970-39-s-a-loaf-of-bread-was-00-what-would-the-price-of-a-loaf-be-in-2018-th-5182185.htm',
          'https://www.transtutors.com/questions/197-gained-4-seats-in-the-senate-in-the-2010-census-a-florida-b-california-c-texas-d-5182184.htm',
          'https://www.transtutors.com/questions/in-1957-real-per-capita-income-in-the-us-was-29-times-larger-that-it-was-in-1947-yet-5182183.htm',
          'https://www.transtutors.com/questions/the-1934-reciprocal-trade-agreements-act-was-enacted-to-reverse-the-damage-caused-by-5182182.htm',
          'https://www.transtutors.com/questions/during-the-1920s-unionism-went-through-a-period-of-decline-discuss-why-this-occurred-5182181.htm',
          'https://www.transtutors.com/questions/19-zoe-39-s-bakery-operates-in-a-perfectly-competitive-industry-the-variable-costs-a-5182180.htm',
          'https://www.transtutors.com/questions/19-refer-to-figure-3-industry-firms-the-market-for-a-normal-good-is-characted-by-and-5182179.htm',
          'https://www.transtutors.com/questions/19-the-pull-of-instant-gratification-may-lead-consumers-to-save-save-they-would-like-5182178.htm',
          'https://www.transtutors.com/questions/19-the-above-figure-shows-the-cost-curves-for-a-competitive-firm-if-the-price-is-the-5182177.htm',
          'https://www.transtutors.com/questions/19-companies-benefit-from-using-marketing-intermediaries-because-they-a-offer-greate-5182176.htm',
          'https://www.transtutors.com/questions/q-20-21-22-19-22-a-typical-firm-in-a-perfectly-competitive-constant-cost-industry-ha-5182175.htm',
          'https://www.transtutors.com/questions/182-the-power-to-levy-and-collect-taxes-is-an-example-of-a-power-between-the-federal-5182174.htm',
          'https://www.transtutors.com/questions/18-when-a-tenant-fails-to-pay-rent-pursuant-to-the-lease-the-landlord-typicaly-a-sho-5182173.htm',
          'https://www.transtutors.com/questions/18-suppose-a-monopolist-has-a-cost-function-c-q-100-10q-2q2-and-the-inverse-demand-c-5182172.htm',
          'https://www.transtutors.com/questions/18-under-perfect-competition-select-one-a-information-about-prices-is-hard-to-obtain-5182171.htm',
          'https://www.transtutors.com/questions/18-which-one-of-the-following-is-the-fundamental-economic-problem-a-the-problem-of-s-5182170.htm',
          'https://www.transtutors.com/questions/18-a-nonexcludable-good-is-by-definition-also-a-collective-consumption-good-usually--5182169.htm',
          'https://www.transtutors.com/questions/just-the-answer-please-ty-18-the-national-income-identity-can-be-rearranged-to-show--5182168.htm',
          'https://www.transtutors.com/questions/18-in-irving-fisher-39-s-two-period-consumption-model-y1-14-000-y2-24-000-and-the-in-5182167.htm',
          'https://www.transtutors.com/questions/1-sentence-explanation-also-please-18-which-of-the-following-relationships-correctly-5182166.htm',
          'https://www.transtutors.com/questions/18-figure-above-shows-the-demand-and-cost-curves-facing-a-monopolist-to-maximize-pro-5182165.htm',
          'https://www.transtutors.com/questions/microeconomics-diagram-and-give-market-characteristics-for-a-monopolistic-firm-18-di-5182164.htm',
          'https://www.transtutors.com/questions/18-why-according-to-your-text-is-there-no-long-run-relationship-between-inflation-an-5182163.htm',
          'https://www.transtutors.com/questions/18-according-to-the-short-run-phillips-curve-if-unemployment-is-3-2-and-inflation-is-5182162.htm',
          'https://www.transtutors.com/questions/174-is-the-act-of-appointing-people-to-government-positions-in-return-for-their-part-5182161.htm',
          'https://www.transtutors.com/questions/17-one-was-a-fonsi-beweiger-cong-d-foreign-firm-lose-18-one-of-the-greetsie-a-foreig-5182160.htm',
          'https://www.transtutors.com/questions/17-which-markets-has-zero-profits-in-the-long-run-a-monopoly-b-oligopoly-c-perfect-c-5182159.htm',
          'https://www.transtutors.com/questions/17-an-interesting-modification-of-the-basic-single-layer-neural-classifier-considere-5182158.htm',
          'https://www.transtutors.com/questions/17-in-early-2012-the-peice-of-computer-hard-dise-drives-rose-in-a-demand-and-supply--5182157.htm',
          'https://www.transtutors.com/questions/17-your-company-has-determined-the-following-demand-function-for-rugs-qx-100-5px-2pd-5182156.htm',
          'https://www.transtutors.com/questions/168-chapter-6-le-lost-their-homes-to-forest-fires-and-these-per-will-take-a-long-tim-5182155.htm',
          'https://www.transtutors.com/questions/answer-the-critical-analysis-4-questions-16-troduct-issues-and-applications-bottled--5182154.htm',
          'https://www.transtutors.com/questions/16-if-a-surplus-exists-in-a-market-then-we-know-that-the-actual-price-is-a-above-the-5182153.htm',
          'https://www.transtutors.com/questions/16-the-formula-for-the-money-multiplier-is-a-1-discount-rate-b-1-reserve-ratio-c-1-f-5182152.htm',
          'https://www.transtutors.com/questions/16-which-of-the-following-was-not-part-of-the-recently-passed-tax-law-a-elimination--5182151.htm',
          'https://www.transtutors.com/questions/16-if-the-demand-for-a-product-is-elastic-then-as-price-falls-total-revenue-will-a-i-5182150.htm',
          'https://www.transtutors.com/questions/16-consider-the-following-regression-of-test-scores-on-an-intercept-a-binary-variabl-5182149.htm',
          'https://www.transtutors.com/questions/16-a-500-billion-b-1-000-billion-c-1-500-billion-d-an-output-level-that-is-indetermi-5182148.htm',
          'https://www.transtutors.com/questions/16-29-back-problem-set-2-econ-461-problem-set-2-summer-2019-each-qustion-will-receiv-5182147.htm'],
 'project': ['trans'],
 'referring_link': ['https://www.transtutors.com/questions/economics/102/'],
 'spider': ['trans_links']}
2020-02-05 23:30:07 [scrapy.core.engine] DEBUG: Crawled (200) <GET https://www.transtutors.com/questions/economics/104/> (referer: https://www.google.com/) ['cached']
2020-02-05 23:30:07 [scrapy.core.scraper] DEBUG: Scraped from <200 https://www.transtutors.com/questions/economics/103/>
{'category': ['economy'],
 'date': [datetime.datetime(2020, 2, 5, 23, 30, 7, 739723)],
 'link': ['https://www.transtutors.com/questions/16-2-pt-explain-how-built-in-or-automatic-stabilizers-work-what-are-the-differences--5182146.htm',
          'https://www.transtutors.com/questions/15e-9pt-12-1-pptx-protected-v-saved-to-this-pc-search-preetinder-kaur-sidhu-ons-sli-5182145.htm',
          'https://www.transtutors.com/questions/158-when-the-president-decides-not-to-act-on-a-a-becomes-law-after-sitting-in-the-de-5182144.htm',
          'https://www.transtutors.com/questions/help-any-one-give-the-graph-to-explain-the-how-to-get-ps-154-the-market-demand-and-s-5182143.htm',
          'https://www.transtutors.com/questions/150-congress-has-a-67-congressional-districts-b-535-c-435-d-290-in-federalist-no-151-5182142.htm',
          'https://www.transtutors.com/questions/15-which-type-of-non-possessory-interest-would-of-non-possessory-interest-would-a-co-5182141.htm',
          'https://www.transtutors.com/questions/15-seller-writes-buyer-on-1-1-09-and-says-i-will-sell-you-my-house-for-100k-closing--5182140.htm',
          'https://www.transtutors.com/questions/49-15-the-regression-model-y-bo-b1-x-bd-b3-x-x-d-ui-where-and-d-is-a-binary-variable-5182139.htm',
          'https://www.transtutors.com/questions/15-refer-to-the-above-figure-should-the-firm-represented-in-the-diagram-continue-to--5182138.htm',
          'https://www.transtutors.com/questions/15-points-the-below-two-me-alternatives-are-under-consideration-for-agovernmental-pr-5182137.htm',
          'https://www.transtutors.com/questions/15-points-the-diagram-a-ss-represents-current-account-transactions-from-importers-of-5182136.htm',
          'https://www.transtutors.com/questions/15-points-6-the-us-federal-reserve-bank-fed-is-considering-loosening-the-money-suppl-5182135.htm',
          'https://www.transtutors.com/questions/15-points-5-show-on-a-graph-how-capital-formation-shifts-the-production-function-use-5182134.htm',
          'https://www.transtutors.com/questions/15-points-3-suppose-you-lend-money-to-your-friend-when-you-both-enter-college-you-an-5182133.htm',
          'https://www.transtutors.com/questions/15-participants-in-purely-competitive-markets-are-considered-price-takers-as-opposed-5182132.htm',
          'https://www.transtutors.com/questions/15-one-would-expect-more-arbitrage-to-occur-between-two-markets-if-products-are-nond-5182131.htm',
          'https://www.transtutors.com/questions/15-what-is-one-obstacle-that-researchers-face-when-attempting-to-identify-discrimina-5182130.htm',
          'https://www.transtutors.com/questions/15-name-the-economic-term-that-describes-the-following-scenario-because-i-39-m-weari-5182129.htm',
          'https://www.transtutors.com/questions/15-if-we-measure-the-income-elasticity-of-a-good-as-1-8-this-means-this-good-is-a-n--5182128.htm',
          'https://www.transtutors.com/questions/15-let-the-random-variables-x1-and-x2-be-the-payoffs-of-two-different-suppose-e-x-e--5182127.htm',
          'https://www.transtutors.com/questions/15-the-intertemporal-budget-constraint-is-written-as-a-c-today-couture-1-r-faoday-pr-5182126.htm',
          'https://www.transtutors.com/questions/15-the-intertemporal-budget-constraint-is-written-as-2-c-today-puture-1-r-froday-pro-5182125.htm',
          'https://www.transtutors.com/questions/15-which-of-the-following-is-a-reason-that-government-budget-deficits-should-be-redu-5182124.htm',
          'https://www.transtutors.com/questions/15-which-of-the-following-is-not-a-characteristic-of-oligopoly-a-significant-entry-b-5182123.htm',
          'https://www.transtutors.com/questions/15-which-of-the-following-is-not-a-characteristic-of-oligopoly-a-significant-entry-b-5182122.htm',
          'https://www.transtutors.com/questions/15-15-the-family-room-one-more-time-the-cost-of-the-paint-per-galon-is-26-98-how-muc-5182121.htm',
          'https://www.transtutors.com/questions/15-11-protected-swed-to-pc-stions-slide-show-reviou-vou-help-ans-unies-wordt-de-wint-5182120.htm',
          'https://www.transtutors.com/questions/short-answer-please-14-5-explain-in-your-own-words-the-idea-of-risk-tolerance-how-wo-5182119.htm',
          'https://www.transtutors.com/questions/14-using-real-gdp-and-employment-growth-relative-to-the-peak-of-the-business-eyce-20-5182118.htm',
          'https://www.transtutors.com/questions/14-true-or-false-for-a-given-level-of-significance-if-the-sample-size-is-increased-t-5182117.htm',
          'https://www.transtutors.com/questions/14-which-are-the-tests-of-the-weak-form-emh-a-momentum-effect-b-pe-effect-c-small-fi-5182116.htm',
          'https://www.transtutors.com/questions/14-suppose-instead-that-t-5182115.htm',
          'https://www.transtutors.com/questions/14-suppose-that-for-each-firm-in-the-perfectly-competitive-market-for-potatoes-long--5182114.htm',
          'https://www.transtutors.com/questions/14-shown-below-is-a-partial-computer-output-from-a-regression-analysis-coefficients--5182113.htm',
          'https://www.transtutors.com/questions/14-seller-writes-buyer-on-1-1-09-and-says-i-will-sell-you-my-house-for-100k-closing--5182112.htm',
          'https://www.transtutors.com/questions/14-a-perfectly-competitive-market-has-constant-long-run-average-cost-lac-lmc-56-per--5182111.htm',
          'https://www.transtutors.com/questions/14-if-nominal-gdp-in-2009-equals-14-trillion-and-real-gdp-in-2009-equals-11-trillion-5182110.htm',
          'https://www.transtutors.com/questions/question-14-15-16-please-14-what-does-milton-friedman-think-is-the-single-largest-so-5182109.htm',
          'https://www.transtutors.com/questions/14-income-inequality-and-the-poverty-rate-the-following-table-summarizes-the-income--5182108.htm',
          'https://www.transtutors.com/questions/14-what-are-the-federal-reserve-s-assets-its-liabilities-what-are-the-assets-of-a-ba-5182107.htm',
          'https://www.transtutors.com/questions/14-the-economic-questions-concern-all-the-following-except-produced-how-are-goods-an-5182106.htm',
          'https://www.transtutors.com/questions/18a-14-the-demand-and-supply-schedules-for-tulips-are-price-dollars-per-bunch-quanti-5182105.htm',
          'https://www.transtutors.com/questions/microeconomics-define-economies-of-scale-and-its-importance-14-define-economies-of-s-5182104.htm',
          'https://www.transtutors.com/questions/14-consider-the-following-multiple-regression-model-y-bo-b1x1-p2-x21-b3x3i-uj-you-wa-5182103.htm',
          'https://www.transtutors.com/questions/14-if-a-bond-pays-a-fixed-return-of-500-a-year-and-the-current-interest-rate-has-ris-5182102.htm',
          'https://www.transtutors.com/questions/14-amazon-39-s-decision-to-deliver-the-products-it-sells-is-an-example-of-which-of-t-5182101.htm',
          'https://www.transtutors.com/questions/14-according-to-friedman-39-s-permanent-income-hypothesis-if-the-marginal-propensity-5182100.htm',
          'https://www.transtutors.com/questions/14-according-to-the-equation-of-exchange-if-the-income-velocity-of-money-is-constant-5182099.htm',
          'https://www.transtutors.com/questions/14-2-pt-explain-the-effect-of-a-discretionary-cut-in-taxes-of-40-billion-on-the-econ-5182098.htm',
          'https://www.transtutors.com/questions/13-total-revenue-is-a-firm-39-s-a-ratio-of-revenue-to-quantity-b-difference-between--5182097.htm'],
 'project': ['trans'],
 'referring_link': ['https://www.transtutors.com/questions/economics/103/'],
 'spider': ['trans_links']}
2020-02-05 23:30:07 [scrapy.core.engine] DEBUG: Crawled (200) <GET https://www.transtutors.com/questions/economics/105/> (referer: https://www.google.com/) ['cached']
2020-02-05 23:30:07 [scrapy.core.scraper] DEBUG: Scraped from <200 https://www.transtutors.com/questions/economics/104/>
{'category': ['economy'],
 'date': [datetime.datetime(2020, 2, 5, 23, 30, 7, 916635)],
 'link': ['https://www.transtutors.com/questions/13-the-total-output-of-an-industry-under-the-perfectly-competitive-collusive-and-cou-5182096.htm',
          'https://www.transtutors.com/questions/13-suppose-an-economy-produces-only-eggs-and-ham-in-2009-100-dozen-eggs-are-sold-at--5182095.htm',
          'https://www.transtutors.com/questions/13-suppose-an-economy-produces-only-eggs-and-ham-in-2009-100-dozen-eggs-are-sold-at--5182094.htm',
          'https://www.transtutors.com/questions/13-seller-writes-buyer-on-1-1-09-and-says-i-will-sell-you-my-house-for-100k-closing--5182093.htm',
          'https://www.transtutors.com/questions/13-refer-to-the-above-graph-cost-and-demand-data-for-a-pure-monopolist-suppose-that--5182092.htm',
          'https://www.transtutors.com/questions/13-negative-externality-suppose-demand-in-a-certain-market-can-be-represented-by-p-1-5182091.htm',
          'https://www.transtutors.com/questions/13-in-our-macro-model-is-a-the-effect-of-a-fiscal-stimulus-greater-or-smaller-when-w-5182090.htm',
          'https://www.transtutors.com/questions/13-a-fundamental-characteristic-of-the-tiebout-hypothesis-is-the-inherent-dissatisfa-5182089.htm',
          'https://www.transtutors.com/questions/please-gents-help-me-solve-the-following-mcq-13-the-fact-that-a-perfectly-competitiv-5182088.htm',
          'https://www.transtutors.com/questions/please-gents-help-me-solve-the-following-mcq-13-the-fact-that-a-perfectly-competitiv-5182087.htm',
          'https://www.transtutors.com/questions/please-gents-help-me-solve-the-following-mcq-13-the-fact-that-a-perfectly-competitiv-5182086.htm',
          'https://www.transtutors.com/questions/13-if-the-demand-for-money-is-300-billion-and-the-supply-of-money-is-200-billion-the-5182085.htm',
          'https://www.transtutors.com/questions/13-d-none-of-the-above-if-two-events-are-collectively-exhaustive-what-is-the-probabi-5182084.htm',
          'https://www.transtutors.com/questions/13-consider-the-following-daily-production-functions-for-pleasanton-39-s-three-diffe-5182083.htm',
          'https://www.transtutors.com/questions/13-in-a-competitive-industry-the-short-run-average-variable-cost-of-a-firm-producing-5182082.htm',
          'https://www.transtutors.com/questions/13-battle-of-the-sexes-a-boy-and-a-girl-secretly-like-each-other-however-they-do-not-5182081.htm',
          'https://www.transtutors.com/questions/13-the-aggregate-consumption-function-is-c-100-0-75yd-if-income-is-500-and-net-taxes-5182080.htm',
          'https://www.transtutors.com/questions/13-4-41-1-21-d-12-0-15-01-9-e-133-calculate-if-1-1-2-d-9-3-1-39-13-lo-4-6-ifa-3-b--5182079.htm',
          'https://www.transtutors.com/questions/please-explain-the-answer-and-answer-by-a-typing-12-8-a-which-of-the-following-items-5182078.htm',
          'https://www.transtutors.com/questions/126-according-to-max-webber-effective-bureaucracies-a-maintain-good-records-or-a-quo-5182077.htm',
          'https://www.transtutors.com/questions/12-10-use-human-capital-theory-to-explain-why-graduation-rates-for-women-39-s-basket-5182076.htm',
          'https://www.transtutors.com/questions/12-by-using-the-is-lm-bp-model-explain-why-the-monetary-policy-is-ineffective-under--5182075.htm',
          'https://www.transtutors.com/questions/12-which-type-of-non-possessory-interest-does-a-utility-company-typically-have-for-a-5182074.htm',
          'https://www.transtutors.com/questions/12-suppose-there-are-two-type-of-labors-in-the-society-one-of-them-do-manual-tasks-t-5182073.htm',
          'https://www.transtutors.com/questions/12-for-or-receives-on-average-24-e-mails-from-students-the-day-before-the-midterm-ex-5182072.htm',
          'https://www.transtutors.com/questions/would-be-greatly-appreciated-to-get-them-all-answered-thank-you-in-advance-12-as-the-5182071.htm',
          'https://www.transtutors.com/questions/12-a-perfectly-competitive-firm-39-s-short-run-supply-b-curve-is-the-portion-of-the--5182070.htm',
          'https://www.transtutors.com/questions/12-a-monopolist-with-constant-marginal-cost-of-4-faces-demand-qp-20-2p-this-implies--5182069.htm',
          'https://www.transtutors.com/questions/12-if-the-long-run-market-supply-curve-for-a-perfectly-competitive-industry-is-perfe-5182068.htm',
          'https://www.transtutors.com/questions/12-if-a-firm-operating-in-a-perfectly-competitive-industry-maximizes-short-run-profi-5182067.htm',
          'https://www.transtutors.com/questions/please-explain-in-detail-12-explain-why-the-following-statement-from-the-financial-p-5182066.htm',
          'https://www.transtutors.com/questions/12-discuss-our-fractional-reserve-system-and-the-process-by-which-the-fed-changes-th-5182065.htm',
          'https://www.transtutors.com/questions/12-cournot-model-there-are-two-firms-produce-a-homogeneous-product-in-a-market-with--5182064.htm',
          'https://www.transtutors.com/questions/12-32-ob-12-32-o-0-heng-pedes-12-32-o-heng-so-cool-12-32-of-heng-pedes-12-32-o-ameri-5182063.htm',
          'https://www.transtutors.com/questions/12-32-o-american-history-3-ycby-form-12-32-ob-12-32-o-0-heng-pedes-12-32-o-heng-so-c-5182062.htm',
          'https://www.transtutors.com/questions/12-21-am-o-nexportcampus-com-cohs-2-how-did-millions-of-americans-pay-for-the-stocks-5182061.htm',
          'https://www.transtutors.com/questions/12-16-2019-final-exam-page-7-of-15-on-2200-essay-questions-1-12-pts-the-figure-below-5182060.htm',
          'https://www.transtutors.com/questions/12-16-2019-final-exam-page-11-of-15-boon-2200-3-18-pts-the-figure-below-shows-the-ma-5182059.htm',
          'https://www.transtutors.com/questions/12-of-12-table-prese-abc-bank-neert-we-were-som-totul-reserves-see-106-liabilities-s-5182058.htm',
          'https://www.transtutors.com/questions/1112-comider-the-payoff-below-which-sho-p-yechi-ch-the-player-chi-dem-why-is-there-5182057.htm',
          'https://www.transtutors.com/questions/11-10-draw-a-set-of-indifference-curves-as-described-in-appendix-9a-depicting-a-fran-5182056.htm',
          'https://www.transtutors.com/questions/111-caleulation-of-the-prices-profit-and-the-date-of-payment-14-points-the-exporter-5182055.htm',
          'https://www.transtutors.com/questions/110-the-job-of-the-federal-bureaucracy-is-a-to-assist-congress-in-the-legislative-pr-5182054.htm',
          'https://www.transtutors.com/questions/11-a-wealthy-businessman-wants-to-start-a-permanent-fund-for-supporting-research-dir-5182053.htm',
          'https://www.transtutors.com/questions/11-using-the-asad-graph-create-a-situation-that-is-an-ad-caused-recession-a-label-wh-5182052.htm',
          'https://www.transtutors.com/questions/11-suppose-that-the-rate-of-depreciation-is-10-per-year-the-population-growth-rate-i-5182051.htm',
          'https://www.transtutors.com/questions/11-suppose-that-the-original-long-run-and-short-run-equilibrium-in-the-economy-of-th-5182050.htm',
          'https://www.transtutors.com/questions/11-suppose-a-hospital-only-needs-one-input-nurses-to-treat-their-patients-a-public-i-5182049.htm',
          'https://www.transtutors.com/questions/11-a-standard-admissions-test-was-given-at-three-locations-50-took-the-test-at-locat-5182048.htm',
          'https://www.transtutors.com/questions/11-refer-to-table-2-suppose-the-cost-to-build-the-park-is-15-per-acre-how-large-shou-5182047.htm'],
 'project': ['trans'],
 'referring_link': ['https://www.transtutors.com/questions/economics/104/'],
 'spider': ['trans_links']}
2020-02-05 23:30:08 [scrapy.core.engine] DEBUG: Crawled (200) <GET https://www.transtutors.com/questions/economics/106/> (referer: https://www.google.com/) ['cached']
2020-02-05 23:30:08 [scrapy.core.scraper] DEBUG: Scraped from <200 https://www.transtutors.com/questions/economics/105/>
{'category': ['economy'],
 'date': [datetime.datetime(2020, 2, 5, 23, 30, 8, 72074)],
 'link': ['https://www.transtutors.com/questions/11-the-price-of-the-steel-used-to-produce-engines-increases-how-does-this-price-hike-5182046.htm',
          'https://www.transtutors.com/questions/11-the-presence-of-a-price-control-in-a-market-for-a-good-or-service-usually-is-an-i-5182045.htm',
          'https://www.transtutors.com/questions/11-points-lo6-a-company-has-a-10-000-liability-due-at-the-end-of-year-1-and-a-12-00-5182044.htm',
          'https://www.transtutors.com/questions/11-a-nominal-interest-rate-of-12-per-year-compounded-quarterly-is-the-same-as-an-eff-5182043.htm',
          'https://www.transtutors.com/questions/11-how-much-would-you-pay-for-a-firm-that-owned-350-000-worth-of-diamonds-and-had-bo-5182042.htm',
          'https://www.transtutors.com/questions/11-monetarists-argue-that-the-money-supply-should-a-grow-at-a-rate-equal-to-the-aver-5182041.htm',
          'https://www.transtutors.com/questions/11-market-equilibrium-and-disequilibrium-c-the-following-graph-shows-the-monthly-dem-5182040.htm',
          'https://www.transtutors.com/questions/11-the-logic-of-ricardian-equivalence-implies-that-a-tax-cuts-do-not-influence-consu-5182039.htm',
          'https://www.transtutors.com/questions/11-an-increase-of-interest-rates-after-an-expansionary-fiscal-policy-may-lead-to-a-i-5182038.htm',
          'https://www.transtutors.com/questions/11-hours-40-minutes-12-seconds-question-91-0-1-pts-exhibit-34-1-country-a-country-b--5182037.htm',
          'https://www.transtutors.com/questions/11-when-government-regulators-use-a-marginal-cost-pricing-to-regulate-a-natural-mono-5182036.htm',
          'https://www.transtutors.com/questions/11-which-of-the-following-is-true-about-the-gender-wage-gap-among-full-time-full-yea-5182035.htm',
          'https://www.transtutors.com/questions/11-the-following-table-shows-the-preferences-of-three-groups-of-voters-each-group-ha-5182034.htm',
          'https://www.transtutors.com/questions/11-which-of-the-following-statements-is-true-a-a-nominal-interest-rate-is-used-in-al-5182033.htm',
          'https://www.transtutors.com/questions/11-find-the-point-of-diminishing-returns-of-the-function-1x2-6x-5182032.htm',
          'https://www.transtutors.com/questions/11-find-the-point-of-diminishing-returns-of-the-function-1x-2-4x-5182031.htm',
          'https://www.transtutors.com/questions/1-1-fill-in-the-blanks-in-the-following-table-using-excel-formulas-q-p-tr-tfc-tvc-av-5182030.htm',
          'https://www.transtutors.com/questions/11-figure-6-3-shows-the-cost-structure-of-a-firm-in-a-perfectly-competitive-market-t-5182029.htm',
          'https://www.transtutors.com/questions/11-energy-drink-company-red-bull-has-paid-out-a-settlement-to-disgruntled-customers--5182028.htm',
          'https://www.transtutors.com/questions/11-economics-is-best-defined-as-the-science-of-choice-and-how-people-cope-with-a-dif-5182027.htm',
          'https://www.transtutors.com/questions/11-a-drop-in-iome-import-price-of-good-i-inrea-home-welfare-a-because-home-firma-39--5182026.htm',
          'https://www.transtutors.com/questions/please-explain-in-detail-11-describe-using-words-graphs-and-all-appropriate-mathemat-5182025.htm',
          'https://www.transtutors.com/questions/11-crush-and-frenzy-both-produce-motorized-bicycles-which-are-identical-in-all-aspec-5182024.htm',
          'https://www.transtutors.com/questions/true-or-false-11-credit-cards-are-a-medium-of-exchange-12-if-the-central-bank-buys-b-5182023.htm',
          'https://www.transtutors.com/questions/11-an-agricultural-economist-has-completed-a-study-of-corn-production-in-a-midwester-5182022.htm',
          'https://www.transtutors.com/questions/11-according-to-the-equation-of-exchange-if-the-money-supply-is-800-million-real-gdp-5182021.htm',
          'https://www.transtutors.com/questions/review-test-submission-doctoris-peinek-suppose-that-the-first-national-bank-current--5182020.htm',
          'https://www.transtutors.com/questions/11-of-52-31-complete-score-0-of-1-pt-end-of-chapter-exercise-17-suppose-that-a-comme-5182019.htm',
          'https://www.transtutors.com/questions/11-41-abbhosted-cuny-edu-9-9-brooklyn-college-city-university-of-new-york-econ-3400--5182018.htm',
          'https://www.transtutors.com/questions/unemployment-compensation-is-11-3090-billion-in-juuls-s260-billion-then-jun15-exceed-5182017.htm',
          'https://www.transtutors.com/questions/11-to-15-11-12-from-1995-to-2006-average-house-prices-in-the-united-states-more-than-5182016.htm',
          'https://www.transtutors.com/questions/10-c-1-quot-suppose-that-consumer-i-39-s-preferences-can-be-represented-by-the-utili-5182015.htm',
          'https://www.transtutors.com/questions/108-108-if-a-person-notifies-the-credit-card-company-of-a-stolen-card-before-unautho-5182014.htm',
          'https://www.transtutors.com/questions/103-in-a-monopoly-labor-market-the-optimal-union-wage-can-be-read-off-the-marginal-r-5182013.htm',
          'https://www.transtutors.com/questions/102-qualtying-voters-is-an-example-of-a-n-a-enumerated-b-reserved-c-concurrent-feder-5182012.htm',
          'https://www.transtutors.com/questions/100q1000-where-q-is-the-total-number-of-units-possibility-of-resale-from-1-suppose-h-5182011.htm',
          'https://www.transtutors.com/questions/a-1000-gallon-metal-tank-cost-200-000-when-it-was-built-12-years-ago-what-would-a-25-5182010.htm',
          'https://www.transtutors.com/questions/100-uit-cuisunnel-uf-producers-6-a-perfectly-competitive-hardware-manufacturer-has-t-5182009.htm',
          'https://www.transtutors.com/questions/100-65-50-marginal-cost-30-market-demand-marginal-revenue-50-35-70-figure-10-5-suppo-5182008.htm',
          'https://www.transtutors.com/questions/100-2-the-government-observes-a-significant-amount-of-unemployment-in-the-odomy-it-i-5182007.htm',
          'https://www.transtutors.com/questions/1-00-t-00-p1zv-39-for-a-single-restriction-q-1-the-f-statistic-a-is-the-square-root--5182006.htm',
          'https://www.transtutors.com/questions/with-an-explanation-please-10-if-total-cost-is-given-by-tc-a-bq-cq-dq-then-marginal--5182005.htm',
          'https://www.transtutors.com/questions/10-the-quot-takings-clause-quot-eminent-domain-stems-from-the-a-1st-amendment-b-5th--5182004.htm',
          'https://www.transtutors.com/questions/10-study-questions-and-problems-10-the-depository-institutions-deregulation-and-mone-5182003.htm',
          'https://www.transtutors.com/questions/10-strengths-and-weaknesses-of-the-three-basic-types-of-economies-imagine-you-are-a--5182002.htm',
          'https://www.transtutors.com/questions/10-as-shown-in-following-figure-4-starting-from-point-e-with-domestic-unemployment-a-5182001.htm',
          'https://www.transtutors.com/questions/10-pts-question-5-explain-the-basic-division-within-opec-concerning-oil-prices--5182000.htm',
          'https://www.transtutors.com/questions/10-points-week-4-assignment-a-what-are-the-three-functions-money-should-be-able-to-p-5181999.htm',
          'https://www.transtutors.com/questions/10-points-use-the-price-setting-p-1-m-w-and-wage-setting-p-pe-1-m-f-u-z-equations-t-5181998.htm',
          'https://www.transtutors.com/questions/10-points-use-the-price-setting-p-1-m-w-and-wage-setting-p-pe-1-m-f-u-z-equations-t-5181997.htm'],
 'project': ['trans'],
 'referring_link': ['https://www.transtutors.com/questions/economics/105/'],
 'spider': ['trans_links']}
2020-02-05 23:30:08 [scrapy.core.engine] DEBUG: Crawled (200) <GET https://www.transtutors.com/questions/economics/107/> (referer: https://www.google.com/) ['cached']
2020-02-05 23:30:08 [scrapy.core.scraper] DEBUG: Scraped from <200 https://www.transtutors.com/questions/economics/106/>
{'category': ['economy'],
 'date': [datetime.datetime(2020, 2, 5, 23, 30, 8, 232223)],
 'link': ['https://www.transtutors.com/questions/10-points-use-the-price-setting-p-1-m-w-and-wage-setting-p-pe-1-m-f-u-z-equations-t-5181996.htm',
          'https://www.transtutors.com/questions/10-points-use-the-price-setting-p-1-m-w-and-wage-setting-p-pe-1-m-f-u-z-equations-t-5181995.htm',
          'https://www.transtutors.com/questions/10-points-save-ans-a-car-renting-company-is-considering-the-purchase-of-a-new-automa-5181994.htm',
          'https://www.transtutors.com/questions/i-39-m-confused-about-how-to-get-total-demand-can-anyone-help-me-thanks-a-lot-10-poi-5181993.htm',
          'https://www.transtutors.com/questions/10-points-a-profit-maximizing-perfectly-competitive-firm-has-the-following-total-cos-5181992.htm',
          'https://www.transtutors.com/questions/10-points-given-the-following-information-on-nation-four-quarters-of-2015-and-the-f-5181991.htm',
          'https://www.transtutors.com/questions/10-points-the-economy-begins-in-a-medium-run-equilibrium-then-consumer-confidence-i-5181990.htm',
          'https://www.transtutors.com/questions/10-points-a-draw-a-production-possibility-frontier-for-blue-jeans-and-computers-tha-5181989.htm',
          'https://www.transtutors.com/questions/10-points-consider-the-market-for-bechives-suppose-that-the-demand-for-bechives-of--5181988.htm',
          'https://www.transtutors.com/questions/2-10-points-2-milton-freidman-believed-that-the-economy-39-s-aggregate-supply-curve--5181987.htm',
          'https://www.transtutors.com/questions/10-points-there-are-10-consumers-in-a-market-each-with-identical-quasilinear-utilit-5181986.htm',
          'https://www.transtutors.com/questions/10-murphy-39-s-gas-station-constantly-monitors-the-price-of-unleaded-gas-at-johnson--5181985.htm',
          'https://www.transtutors.com/questions/show-work-10-in-the-quot-modified-accelerated-cost-recovery-system-quot-or-macrs-dep-5181984.htm',
          'https://www.transtutors.com/questions/10-in-the-is-lm-model-which-of-the-following-would-lead-to-a-larger-decrease-in-inve-5181983.htm',
          'https://www.transtutors.com/questions/microeconomics-list-three-forms-of-government-intervention-in-a-market-10-list-three-5181982.htm',
          'https://www.transtutors.com/questions/10-a-larger-share-of-the-burden-of-an-excise-tax-is-bome-by-the-consumer-when-a-supp-5181981.htm',
          'https://www.transtutors.com/questions/10-a-larger-share-of-the-burden-of-an-excise-tax-is-bome-by-the-consumer-when-a-supp-5181980.htm',
          'https://www.transtutors.com/questions/explain-10-laissez-faire-capitalism-is-the-interaction-of-supply-and-demand-11-keyne-5181979.htm',
          'https://www.transtutors.com/questions/1-0-knowledge-knowledge-no-title-co-click-to-add-notes-pb-5181978.htm',
          'https://www.transtutors.com/questions/10-kelsey-construction-needs-to-purchase-a-telescopic-crawler-crane-it-will-pay-250--5181977.htm',
          'https://www.transtutors.com/questions/10-kelsey-construction-needs-to-purchase-a-telescopic-crawler-crane-it-will-pay-250--5181976.htm',
          'https://www.transtutors.com/questions/a-10-increase-in-the-price-of-both-goods-causes-the-budget-line-39-s-slope-to-change-5181975.htm',
          'https://www.transtutors.com/questions/10-to-get-the-annual-worth-of-a-cash-flow-of-10-000-that-occurs-every-5-years-foreve-5181974.htm',
          'https://www.transtutors.com/questions/10-which-of-the-following-would-be-considered-an-upstream-partner-in-a-company-39-s--5181973.htm',
          'https://www.transtutors.com/questions/please-explain-in-detail-10-explain-why-communicating-a-trajectory-for-monetary-poli-5181972.htm',
          'https://www.transtutors.com/questions/10-the-expenditure-function-is-e-e-0-77-100r-the-demand-for-money-is-l-30-0-2y-10-5r-5181971.htm',
          'https://www.transtutors.com/questions/10-at-an-equlibrum-level-of-output-in-puremenepoly-apmc-and-pamm-atc-b-pmc-and-p-m-a-5181970.htm',
          'https://www.transtutors.com/questions/y-should-the-fed-a-buy-or-sell-bonds-circle-one-b-raise-or-lower-the-discoun-quot-sr-5181969.htm',
          'https://www.transtutors.com/questions/please-answer-all-accordingly-10-duration-measures-a-the-percentage-change-in-yield--5181968.htm',
          'https://www.transtutors.com/questions/10-a-dominant-strategy-equilibrium-is-always-a-nash-equilibrium-but-every-nash-equil-5181967.htm',
          'https://www.transtutors.com/questions/10-when-conducting-an-economic-analysis-we-always-use-simple-interest-a-false-b-true-5181966.htm',
          'https://www.transtutors.com/questions/10-circle-two-things-an-increase-in-the-productivity-of-a-factor-will-increase-decre-5181965.htm',
          'https://www.transtutors.com/questions/if-the-price-floor-is-set-at-8-what-is-dwl-10-bushel-4-2-4-6-wheat-traded-1-000s-of--5181964.htm',
          'https://www.transtutors.com/questions/10-the-bureau-of-labor-statistics-reported-the-following-information-about-the-labor-5181963.htm',
          'https://www.transtutors.com/questions/10-if-a-bank-has-500-in-excess-reserves-and-the-reserve-requirement-is-20-percent-th-5181962.htm',
          'https://www.transtutors.com/questions/there-are-10-agricultural-producers-in-saskatchewan-each-with-a-demand-curve-for-wat-5181961.htm',
          'https://www.transtutors.com/questions/10-according-to-you-book-did-the-stimulus-package-passed-by-obama-in-2009-result-in--5181960.htm',
          'https://www.transtutors.com/questions/10-9-8-7-mc-6-5-demand-4-3-2-1-mr-8-10-12-4-the-graph-above-shows-the-demand-margin-5181959.htm',
          'https://www.transtutors.com/questions/10-4-a-regression-model-relates-individual-performance-on-a-standardized-test-score-5181958.htm',
          'https://www.transtutors.com/questions/10-3-pt-refer-to-the-following-diagrams-in-which-ad1-and-as1-are-the-quot-before-quo-5181957.htm',
          'https://www.transtutors.com/questions/10-3-the-following-estimated-equation-describes-the-median-housing-price-in-a-commu-5181956.htm',
          'https://www.transtutors.com/questions/quicklyyyy-pls-10-20-30-40-50-60-70-80-90-100-110-12-131-question-12-all-of-the-foll-5181955.htm',
          'https://www.transtutors.com/questions/1-yulsions-10-points-each-there-are-200-million-people-in-the-adult-population-110-m-5181954.htm',
          'https://www.transtutors.com/questions/1-write-the-profit-maximization-problem-for-a-monopolist-2-use-the-envelope-theorem--5181953.htm',
          'https://www.transtutors.com/questions/1-walter-has-reached-a-crossroads-in-his-life-he-is-trying-to-decide-whether-to-chan-5181952.htm',
          'https://www.transtutors.com/questions/1-variable-costs-are-relevant-for-a-long-term-strategic-planning-b-short-term-everyd-5181951.htm',
          'https://www.transtutors.com/questions/question-3-1-uu-uumlering-egee-401-engineering-economics-analysis-the-final-examinat-5181950.htm',
          'https://www.transtutors.com/questions/1-using-the-work-leisure-trade-off-explain-with-the-aid-of-a-diagram-how-an-increase-5181949.htm',
          'https://www.transtutors.com/questions/1-using-positive-economics-and-normative-economies-to-evaluate-the-effect-of-increas-5181948.htm',
          'https://www.transtutors.com/questions/1-using-the-information-in-this-chapter-label-each-of-the-following-statements-true--5181947.htm'],
 'project': ['trans'],
 'referring_link': ['https://www.transtutors.com/questions/economics/106/'],
 'spider': ['trans_links']}
2020-02-05 23:30:08 [scrapy.core.engine] DEBUG: Crawled (200) <GET https://www.transtutors.com/questions/economics/108/> (referer: https://www.google.com/) ['cached']
2020-02-05 23:30:08 [scrapy.core.scraper] DEBUG: Scraped from <200 https://www.transtutors.com/questions/economics/107/>
{'category': ['economy'],
 'date': [datetime.datetime(2020, 2, 5, 23, 30, 8, 402411)],
 'link': ['https://www.transtutors.com/questions/1-using-a-graph-explain-why-the-marginal-cost-curve-above-average-variable-cost-is-a-5181946.htm',
          'https://www.transtutors.com/questions/1-using-the-current-cost-system-calculate-the-hospital-wide-rate-based-on-number-of--5181945.htm',
          'https://www.transtutors.com/questions/1-use-the-policy-trilemma-also-known-as-impossible-trinity-theory-of-monetary-policy-5181944.htm',
          'https://www.transtutors.com/questions/1-usd-buys-1-which-of-the-following-foreign-currencies-have-appreciated-2-what-is-th-5181943.htm',
          'https://www.transtutors.com/questions/1-unemployment-using-the-schedule-below-describe-each-of-the-key-principles-below-in-5181942.htm',
          'https://www.transtutors.com/questions/1-what-is-unemployment-types-why-it-happens-how-the-government-might-lower-it-2-what-5181941.htm',
          'https://www.transtutors.com/questions/1-understanding-the-implications-of-taxes-on-welfare-the-following-graph-represents--5181940.htm',
          'https://www.transtutors.com/questions/1-which-type-of-coverage-has-the-highest-number-of-enrollees-in-us-a-medicare-b-medi-5181939.htm',
          'https://www.transtutors.com/questions/1-you-have-two-tickets-to-a-bruins-game-on-a-night-that-you-are-going-to-be-out-of-t-5181938.htm',
          'https://www.transtutors.com/questions/1-there-are-two-goods-x-y-in-the-market-assume-that-the-price-of-the-two-goods-are-4-5181937.htm',
          'https://www.transtutors.com/questions/1-two-goods-are-perfect-substitutes-in-consumption-when-they-always-have-a-indiffere-5181936.htm',
          'https://www.transtutors.com/questions/1-in-a-two-good-world-let-bundle-x-3-loaves-of-bread-and-0-apples-bundle-y-0-loaves--5181935.htm',
          'https://www.transtutors.com/questions/1-in-a-two-good-world-let-bundle-x-3-loaves-of-bread-and-0-apples-bundle-y-0-loaves--5181934.htm',
          'https://www.transtutors.com/questions/1-true-false-or-uncertain-the-difference-between-price-and-a-firm-39-s-marginal-cost-5181933.htm',
          'https://www.transtutors.com/questions/true-or-false-1-true-or-false-20-points-1-point-each-1-if-the-world-price-of-a-good--5181932.htm',
          'https://www.transtutors.com/questions/1-what-are-the-three-main-causes-of-inflation-2-name-the-factors-that-determine-econ-5181931.htm',
          'https://www.transtutors.com/questions/1-if-taxes-are-lowered-we-can-expect-supply-side-economists-to-support-the-decision--5181930.htm',
          'https://www.transtutors.com/questions/1-if-taxes-are-lowered-we-can-expect-supply-side-economists-to-support-the-decision--5181929.htm',
          'https://www.transtutors.com/questions/1-t-2-t-f-even-if-the-potential-returns-from-r-d-spending-are-identical-to-the-poten-5181928.htm',
          'https://www.transtutors.com/questions/1-t-2-t-f-even-if-the-potential-returns-from-r-d-spending-are-identical-to-the-poten-5181927.htm',
          'https://www.transtutors.com/questions/1-susan-spends-20-income-on-orange-juice-and-apple-juice-orange-juice-costs-2-cup-wh-5181926.htm',
          'https://www.transtutors.com/questions/1-again-the-same-survey-is-ran-with-a-different-sample-of-customers-while-the-rating-5181925.htm',
          'https://www.transtutors.com/questions/1-suppose-you-are-the-only-seller-with-a-licence-to-sell-ice-cream-in-a-park-there-a-5181924.htm',
          'https://www.transtutors.com/questions/1-suppose-that-producers-of-a-cotton-benefit-from-technological-advancements-the-equ-5181923.htm',
          'https://www.transtutors.com/questions/please-solve-q1to-q3-thank-you-1-suppose-that-the-phillips-curve-is-given-by-ti-ti-0-5181922.htm',
          'https://www.transtutors.com/questions/1-suppose-that-there-is-a-monetary-contraction-what-are-the-effects-of-this-monetary-5181921.htm',
          'https://www.transtutors.com/questions/1-suppose-that-the-minimum-level-of-short-run-average-cost-was-the-same-for-every-po-5181920.htm',
          'https://www.transtutors.com/questions/1-suppose-mary-only-buys-two-goods-x-and-y-and-her-preferences-for-those-goods-can-b-5181919.htm',
          'https://www.transtutors.com/questions/i-have-the-answers-just-need-help-seeing-how-to-do-it-1-suppose-mary-only-buys-two-g-5181918.htm',
          'https://www.transtutors.com/questions/1-suppose-that-the-inverse-market-demand-for-pumpklins-is-given-by-p-10-0-05q-pumpki-5181917.htm',
          'https://www.transtutors.com/questions/1-suppose-you-are-interested-in-investigating-how-the-crime-rate-crmte-would-affect--5181916.htm',
          'https://www.transtutors.com/questions/1-suppose-the-interest-rate-on-6-month-treasury-bills-is-7-percent-per-year-in-the-u-5181915.htm',
          'https://www.transtutors.com/questions/1-suppose-an-individual-had-a-utility-function-given-by-u-x-1y-1-calculate-this-indi-5181914.htm',
          'https://www.transtutors.com/questions/1-suppose-that-you-have-the-following-utility-function-u-x-y-x0-25-0-75-the-price-of-5181913.htm',
          'https://www.transtutors.com/questions/please-answer-all-parts-of-each-question-full-answers-please-thank-you-1-suppose-an--5181912.htm',
          'https://www.transtutors.com/questions/1-suppose-the-consumption-function-in-the-u-s-is-represented-by-the-following-equati-5181911.htm',
          'https://www.transtutors.com/questions/marginal-cost-c-marginal-r-quot-aria-describedby-quot-a0k-quot-style-quot-quot-gt-1--5181910.htm',
          'https://www.transtutors.com/questions/1-suppose-you-are-a-boba-tea-monopolist-on-an-island-you-are-considering-multiple-sc-5181909.htm',
          'https://www.transtutors.com/questions/can-someone-help-me-solve-this-question-thank-you-so-much-1-suppose-that-bank-reserv-5181908.htm',
          'https://www.transtutors.com/questions/1-suppose-amd-is-considering-cloning-intel-39-s-latest-cpu-chip-if-amd-enters-intel--5181907.htm',
          'https://www.transtutors.com/questions/f-through-i-please-and-thank-you-1-supply-demand-and-other-fundamentals-price-gasoli-5181906.htm',
          'https://www.transtutors.com/questions/1-the-substitution-effect-of-a-price-decrease-for-a-good-with-a-normal-indifference--5181905.htm',
          'https://www.transtutors.com/questions/1-state-the-six-principles-of-economics-then-read-case-number-below-and-explain-how--5181904.htm',
          'https://www.transtutors.com/questions/1-starting-from-a-separating-equilbirum-the-government-wants-to-create-a-national-he-5181903.htm',
          'https://www.transtutors.com/questions/1-starting-from-the-point-where-we-are-initially-in-equilibrium-and-holding-constant-5181902.htm',
          'https://www.transtutors.com/questions/1-starting-at-a-long-run-equilibrium-a-government-austerity-policy-decreases-governm-5181901.htm',
          'https://www.transtutors.com/questions/1-starting-at-a-long-run-equilibrium-a-government-austerity-policy-decreases-governm-5181900.htm',
          'https://www.transtutors.com/questions/1-starting-at-a-long-run-equilibrium-a-government-austerity-policy-decreases-governm-5181899.htm',
          'https://www.transtutors.com/questions/1-what-are-the-specific-mechanisms-that-make-regional-competition-effective-in-china-5181898.htm',
          'https://www.transtutors.com/questions/1-if-the-simple-payback-period-0-of-a-certain-project-is-4-years-then-a-the-discount-5181897.htm'],
 'project': ['trans'],
 'referring_link': ['https://www.transtutors.com/questions/economics/107/'],
 'spider': ['trans_links']}
2020-02-05 23:30:08 [scrapy.core.engine] DEBUG: Crawled (200) <GET https://www.transtutors.com/questions/economics/109/> (referer: https://www.google.com/) ['cached']
2020-02-05 23:30:08 [scrapy.core.scraper] DEBUG: Scraped from <200 https://www.transtutors.com/questions/economics/108/>
{'category': ['economy'],
 'date': [datetime.datetime(2020, 2, 5, 23, 30, 8, 560802)],
 'link': ['https://www.transtutors.com/questions/1-the-short-run-is-a-period-of-time-a-in-which-the-amount-of-output-is-fixed-in-whic-5181896.htm',
          'https://www.transtutors.com/questions/1-in-the-short-run-a-company-has-to-operate-as-efficient-as-possible-to-accomplish-t-5181895.htm',
          'https://www.transtutors.com/questions/1-say-the-united-states-has-a-similar-relative-endowment-of-factors-of-production-an-5181894.htm',
          'https://www.transtutors.com/questions/1-saving-vs-savings-aa-aa-kim-deposits-15-into-her-savings-account-each-month-this-m-5181893.htm',
          'https://www.transtutors.com/questions/1-rob-gives-blackacre-to-joe-so-long-as-the-property-remains-a-farm-which-type-of-fr-5181892.htm',
          'https://www.transtutors.com/questions/1-refer-to-figure-1-suppose-for-the-past-8-years-the-firm-has-been-producing-qd-unit-5181891.htm',
          'https://www.transtutors.com/questions/1-recently-venezuela-is-undergoing-the-presidential-crisis-which-causes-many-serious-5181890.htm',
          'https://www.transtutors.com/questions/1-recently-the-governor-of-vermont-proposed-that-cigarette-taxes-in-vermont-should-b-5181889.htm',
          'https://www.transtutors.com/questions/1-a-railroad-company-provides-hauling-services-for-coal-and-grain-producers-who-nee-5181888.htm',
          'https://www.transtutors.com/questions/1-all-questions-are-required-1-arianna-is-doing-a-project-for-her-introductory-stati-5181887.htm',
          'https://www.transtutors.com/questions/1-if-q-vkl-and-wages-are-10-hour-and-capital-is-20-hour-then-find-the-optimal-amount-5181886.htm',
          'https://www.transtutors.com/questions/1-pts-a-tax-collected-from-buyers-has-an-equivalent-impact-to-a-same-size-tax-collec-5181885.htm',
          'https://www.transtutors.com/questions/1-pts-question-13-the-majority-of-households-in-the-united-states-now-have-personal--5181884.htm',
          'https://www.transtutors.com/questions/helllppp-please-1-pts-question-1-which-of-the-following-is-true-price-inflation-caus-5181883.htm',
          'https://www.transtutors.com/questions/1-profit-is-maximized-when-2-what-is-the-formula-for-total-cost--5181882.htm',
          'https://www.transtutors.com/questions/1-professor-ta-game-professor-hahn-can-give-a-ta-scholarship-to-jake-for-maximum-2-y-5181881.htm',
          'https://www.transtutors.com/questions/1-what-was-the-primary-purpose-of-business-at-its-earliest-stages-in-history-include-5181880.htm',
          'https://www.transtutors.com/questions/1-the-price-elasticity-of-demand-measures-a-the-change-in-quantity-demanded-due-to-a-5181879.htm',
          'https://www.transtutors.com/questions/1-at-a-price-of-200-a-cellphone-company-manufactures-300-000-units-at-a-price-of-150-5181878.htm',
          'https://www.transtutors.com/questions/1-you-are-a-policy-maker-for-a-country-unemployment-appears-to-be-above-the-natural--5181877.htm',
          'https://www.transtutors.com/questions/1-point-an-interest-rate-of-effective-12-per-year-compounded-monthly-is-nearest-to-n-5181876.htm',
          'https://www.transtutors.com/questions/whats-the-answer-1-point-if-you-deposit-1000-per-month-into-an-account-which-pays-in-5181875.htm',
          'https://www.transtutors.com/questions/1-point-1st-attempt-which-of-the-folowing-groups-of-individuals-has-the-lowest-unem-5181874.htm',
          'https://www.transtutors.com/questions/1-please-explain-cv-and-ev-in-english-or-chinese-2-depict-cv-and-ev-in-a-graph-note--5181873.htm',
          'https://www.transtutors.com/questions/please-solve-and-show-full-work-for-a-rating-thank-you-1-perfect-competition-100-buy-5181871.htm',
          'https://www.transtutors.com/questions/1-p132-present-worth-analysis-of-equal-life-alternatives-a-university-lab-is-a-resea-5181870.htm',
          'https://www.transtutors.com/questions/1-outline-the-main-factors-that-influence-a-firm-s-decision-to-hire-labour-why-do-we-5181869.htm',
          'https://www.transtutors.com/questions/1-the-opportunity-cost-of-something-is-a-greater-during-periods-of-rising-prices-b-e-5181868.htm',
          'https://www.transtutors.com/questions/b-pls-1-in-an-open-economy-which-has-a-national-income-identity-as-the-following-y-c-5181867.htm',
          'https://www.transtutors.com/questions/1-only-one-of-the-following-cost-is-not-mainly-dependent-on-the-firm-39-s-output-a-f-5181866.htm',
          'https://www.transtutors.com/questions/explain-1-nominal-gdp-should-give-individuals-a-good-idea-as-to-how-the-economy-is-d-5181865.htm',
          'https://www.transtutors.com/questions/1-nimbus-inc-makes-brooms-and-then-sells-them-door-to-door-here-is-the-relationship--5181864.htm',
          'https://www.transtutors.com/questions/1-a-negara-x-mengeluarkan-dua-komoditi-iaitu-beras-dan-gandum-pengguna-a-tidak-memen-5181863.htm',
          'https://www.transtutors.com/questions/1-the-natural-rate-of-unemployment-is-a-when-the-economy-is-at-potential-gdp-b-when--5181862.htm',
          'https://www.transtutors.com/questions/1-national-debt-who-do-we-owe-most-of-the-money-how-long-can-the-country-run-a-debt--5181861.htm',
          'https://www.transtutors.com/questions/1-mr-steve-is-the-plant-manager-of-apple-incorporated-and-he-wants-to-determine-the--5181860.htm',
          'https://www.transtutors.com/questions/1-the-money-supply-increases-when-the-fed-a-raises-the-discount-rate-the-increase-wi-5181859.htm',
          'https://www.transtutors.com/questions/answer-the-following-questions-answer-all-of-them-1-money-definitions-would-include--5181858.htm',
          'https://www.transtutors.com/questions/1-quot-money-is-debt-quot-critically-evaluate-2-banks-are-more-likely-to-create-m-1--5181857.htm',
          'https://www.transtutors.com/questions/1-material-1-with-a-combined-assets-of-230-6-billion-in-1990-citigroup-jumped-to-668-5181856.htm',
          'https://www.transtutors.com/questions/1-what-markets-in-your-local-economy-most-closely-resem-ble-adam-smith-39-s-ideal-of-5181855.htm',
          'https://www.transtutors.com/questions/1-why-are-there-so-many-more-proprietorships-than-corporations-yet-corporations-acco-5181854.htm',
          'https://www.transtutors.com/questions/1-there-are-many-different-approaches-to-thinking-about-and-analysing-the-labour-mar-5181853.htm',
          'https://www.transtutors.com/questions/1-mankiw-describes-the-economists-who-joined-the-council-of-economic-advisers-in-196-5181852.htm',
          'https://www.transtutors.com/questions/1-what-are-the-main-forms-of-adaptation-described-by-merton-2-why-do-strains-increas-5181851.htm',
          'https://www.transtutors.com/questions/1-lemons-ii-suppose-the-car-for-sale-can-be-one-of-three-quality-levels-low-moderate-5181850.htm',
          'https://www.transtutors.com/questions/can-you-help-answering-these-1-korea-is-producing-two-products-cellular-phones-c-and-5181849.htm',
          'https://www.transtutors.com/questions/1-julian-gets-utility-from-only-the-utility-function-u-v-b-min-v-3b-the-goods-have-p-5181848.htm',
          'https://www.transtutors.com/questions/1-jill-has-200-000-of-valuables-faces-a-probability-of-02-of-burglary-in-which-she-w-5181847.htm',
          'https://www.transtutors.com/questions/1-for-an-interest-rate-of-39-i-39-compounded-annually-please-calculate-present-worth-5181846.htm'],
 'project': ['trans'],
 'referring_link': ['https://www.transtutors.com/questions/economics/108/'],
 'spider': ['trans_links']}
2020-02-05 23:30:08 [scrapy.core.engine] DEBUG: Crawled (200) <GET https://www.transtutors.com/questions/economics/110/> (referer: https://www.google.com/) ['cached']
2020-02-05 23:30:08 [scrapy.core.scraper] DEBUG: Scraped from <200 https://www.transtutors.com/questions/economics/109/>
{'category': ['economy'],
 'date': [datetime.datetime(2020, 2, 5, 23, 30, 8, 733882)],
 'link': ['https://www.transtutors.com/questions/1-integrate-the-following-functions-i-4x-2x-5x-6-dx-4x-5x-1-dx-10-x-3-dx-ii-1-5181845.htm',
          'https://www.transtutors.com/questions/1-inflation-real-estate-and-farmland-do-fine-during-inflation-but-input-costs-go-up--5181844.htm',
          'https://www.transtutors.com/questions/1-inflation-real-estate-and-farmland-do-fine-during-inflation-but-input-costs-go-up--5181843.htm',
          'https://www.transtutors.com/questions/true-or-false-please-explain-1-an-increase-in-interest-rates-in-germany-relative-to--5181842.htm',
          'https://www.transtutors.com/questions/1-income-inequality-and-the-poverty-rate-the-following-table-summarizes-the-income-d-5181841.htm',
          'https://www.transtutors.com/questions/1-identify-a-specific-firm-do-not-use-a-firm-you-already-selected-for-a-previous-dis-5181840.htm',
          'https://www.transtutors.com/questions/1-identify-and-discuss-three-types-of-production-as-well-as-growth-strategies-of-fir-5181839.htm',
          'https://www.transtutors.com/questions/1-why-is-human-capital-important-outline-the-possible-different-effects-costs-and-be-5181838.htm',
          'https://www.transtutors.com/questions/1-does-hamburger-price-hamb-price-have-a-statistically-significant-effect-on-the-con-5181837.htm',
          'https://www.transtutors.com/questions/1-on-the-graph-below-use-the-demand-and-supply-model-to-demonstrate-how-an-increase--5181836.htm',
          'https://www.transtutors.com/questions/1-a-government-tariff-will-result-in-a-deadweight-losses-b-higher-prices-for-the-goo-5181835.htm',
          'https://www.transtutors.com/questions/1-government-stabilizes-the-economy-through-two-different-tools-what-are-they-2-mone-5181834.htm',
          'https://www.transtutors.com/questions/1-a-a-government-agency-received-many-consumers-complaints-that-the-bottles-of-soda-5181833.htm',
          'https://www.transtutors.com/questions/1-a-a-government-agency-received-many-consumers-complaints-that-the-bottles-of-soda-5181832.htm',
          'https://www.transtutors.com/questions/hi-can-someone-answer-this-pls-clearly-thanks-1-a-for-goods-x-and-y-sketch-the-price-5181831.htm',
          'https://www.transtutors.com/questions/1-what-are-the-goals-of-the-world-bank-and-the-imf-why-are-some-people-upset-and-pro-5181830.htm',
          'https://www.transtutors.com/questions/1-given-a-function-what-is-the-formula-to-find-marginal-product-of-labor-2-what-is-t-5181829.htm',
          'https://www.transtutors.com/questions/1-given-a-business-of-your-choice-and-the-3-basic-maximizing-goals-that-explain-most-5181828.htm',
          'https://www.transtutors.com/questions/1-to-get-the-present-worth-of-a-cash-flow-of-10-000-that-occurs-every-10-years-forev-5181827.htm',
          'https://www.transtutors.com/questions/1-in-quot-gender-bias-in-teaching-evaluations-quot-by-mengel-sauermann-and-zolitz-th-5181826.htm',
          'https://www.transtutors.com/questions/1-in-game-theory-when-you-put-yourself-in-your-rival-s-shoes-and-you-do-not-have-a-d-5181825.htm',
          'https://www.transtutors.com/questions/1-the-functions-of-the-world-bank-evolved-in-response-to-a-the-shift-to-floating-exc-5181824.htm',
          'https://www.transtutors.com/questions/1-what-are-the-functions-of-money-2-what-are-the-properties-of-the-ideal-money-3-wha-5181823.htm',
          'https://www.transtutors.com/questions/1-the-formula-for-the-tax-multiplier-is-mps-mpc-c-mps-mpc-b-mpc-mps-a-1-mps-4-assum-5181822.htm',
          'https://www.transtutors.com/questions/1-in-the-following-question-you-are-asked-to-determine-whether-the-statements-are-tr-5181821.htm',
          'https://www.transtutors.com/questions/1-in-the-following-question-you-are-asked-to-determine-whether-the-statements-are-tr-5181820.htm',
          'https://www.transtutors.com/questions/1-in-the-following-question-you-are-asked-to-determine-whether-the-st-lements-are-tr-5181819.htm',
          'https://www.transtutors.com/questions/1-which-of-the-following-is-an-element-of-the-rational-decision-making-process-a-fli-5181818.htm',
          'https://www.transtutors.com/questions/1-which-of-the-following-is-a-basic-principle-of-effective-management-a-understand-m-5181817.htm',
          'https://www.transtutors.com/questions/1-five-officemates-adam-bianca-carmen-douglas-and-emily-are-deciding-whether-to-inst-5181816.htm',
          'https://www.transtutors.com/questions/1-fiscal-policy-consists-of-the-executive-branch-39-s-decisions-to-tax-and-spend-if--5181815.htm',
          'https://www.transtutors.com/questions/1-for-the-first-question-please-discuss-at-least-three-success-factors-alibaba-has-a-5181814.htm',
          'https://www.transtutors.com/questions/these-questions-please-1-why-do-firms-under-perfect-competition-receive-zero-profit--5181813.htm',
          'https://www.transtutors.com/questions/1-why-do-firms-under-perfect-competition-receive-zero-profit-in-the-long-run-5-pts-2-5181812.htm',
          'https://www.transtutors.com/questions/1-firm-x-perfect-competitive-is-located-in-the-industrial-park-in-chain-s-yunnan-pro-5181811.htm',
          'https://www.transtutors.com/questions/solve-using-algebra-expressions-such-as-answer-p-a-i-n-etc-please-1-find-the-value-o-5181810.htm',
          'https://www.transtutors.com/questions/1-find-the-i-strict-dominant-equilibrium-equilibria-and-the-ii-pure-nash-equilibrium-5181809.htm',
          'https://www.transtutors.com/questions/1-find-the-i-strict-dominant-equilibrium-equilibria-and-the-ii-pure-nash-equilibrium-5181808.htm',
          'https://www.transtutors.com/questions/1-find-the-i-strict-dominant-equilibrium-equilibria-and-the-ii-pure-nash-equilibrium-5181807.htm',
          'https://www.transtutors.com/questions/1-find-and-compare-the-budget-calendar-of-two-jurisdictions-of-your-choosing-hint-of-5181806.htm',
          'https://www.transtutors.com/questions/1-what-is-fiat-money-2-what-is-the-job-of-the-federal-deposit-insurance-corporation--5181805.htm',
          'https://www.transtutors.com/questions/1-a-very-famous-restaurant-bought-a-meat-processor-10-years-ago-for-50k-its-current--5181804.htm',
          'https://www.transtutors.com/questions/1-an-externality-is-a-an-unintended-by-product-of-market-exchange-that-is-allocated--5181803.htm',
          'https://www.transtutors.com/questions/1-explain-why-vmpl-must-be-greater-than-or-equal-to-wage-rate-2-explain-why-the-tc-c-5181802.htm',
          'https://www.transtutors.com/questions/1-explain-the-theory-of-fiscal-policy-2-discuss-the-fiscal-policy-implemented-by-the-5181801.htm',
          'https://www.transtutors.com/questions/1-explain-how-a-risk-averse-person-should-choose-between-an-actuarially-fair-insuran-5181800.htm',
          'https://www.transtutors.com/questions/1-explain-why-the-marginal-rate-of-technical-substitution-is-likely-to-diminish-as-m-5181799.htm',
          'https://www.transtutors.com/questions/1-explain-how-an-increase-in-the-price-level-changes-interest-rates-how-does-this-ch-5181798.htm',
          'https://www.transtutors.com/questions/1-every-economic-system-must-answer-the-following-questions-except-one-which-one-is--5181797.htm',
          'https://www.transtutors.com/questions/1-the-estimation-model-that-scales-up-or-down-a-known-cost-of-equipment-or-facility--5181796.htm'],
 'project': ['trans'],
 'referring_link': ['https://www.transtutors.com/questions/economics/109/'],
 'spider': ['trans_links']}
2020-02-05 23:30:08 [scrapy.core.engine] DEBUG: Crawled (200) <GET https://www.transtutors.com/questions/economics/111/> (referer: https://www.google.com/) ['cached']
2020-02-05 23:30:08 [scrapy.core.scraper] DEBUG: Scraped from <200 https://www.transtutors.com/questions/economics/110/>
{'category': ['economy'],
 'date': [datetime.datetime(2020, 2, 5, 23, 30, 8, 907436)],
 'link': ['https://www.transtutors.com/questions/1-you-have-been-employed-by-a-startup-engineering-firm-and-you-are-given-t-responsib-5181795.htm',
          'https://www.transtutors.com/questions/1-if-elasticity-of-demand-is-unitary-and-price-goes-up-od-a-increases-b-decreases-c--5181794.htm',
          'https://www.transtutors.com/questions/1-an-economy-can-produce-good-1-using-labor-and-capital-and-good-2-using-labor-and-l-5181793.htm',
          'https://www.transtutors.com/questions/1-the-economy-cannot-be-considered-fully-employed-unless-the-measured-unemployment-r-5181792.htm',
          'https://www.transtutors.com/questions/1-economists-usually-prefer-corrective-taxes-to-regulations-as-a-way-to-deal-with-th-5181791.htm',
          'https://www.transtutors.com/questions/1-because-e-commerce-is-ubiquitous-it-reduces-a-transaction-costs-b-dynamic-pricing--5181790.htm',
          'https://www.transtutors.com/questions/1-what-is-dollarization-2-what-is-currency-union-3-what-is-asymmetric-information-4--5181789.htm',
          'https://www.transtutors.com/questions/1-what-are-the-doj-guidelines-for-classifying-a-market-as-unconcentrated-2-what-are--5181788.htm',
          'https://www.transtutors.com/questions/1-distribution-decisions-have-little-influence-on-the-rest-of-the-marketing-mix-true-5181787.htm',
          'https://www.transtutors.com/questions/1-discuss-the-term-structure-of-interest-rates-and-the-yield-curve-expectations-mode-5181786.htm',
          'https://www.transtutors.com/questions/1-determine-whether-each-statement-below-is-true-or-sale-or-uncertain-and-justify-yo-5181785.htm',
          'https://www.transtutors.com/questions/1-determine-if-the-following-statements-are-correct-and-then-explain-briefly-a-polic-5181784.htm',
          'https://www.transtutors.com/questions/1-describe-using-words-graphs-and-all-appropriate-mathematics-the-various-factors-th-5181783.htm',
          'https://www.transtutors.com/questions/1-describe-elasticity-of-demand-how-does-price-influence-this-2-what-39-s-the-differ-5181782.htm',
          'https://www.transtutors.com/questions/1-describe-the-benefits-of-globalization-and-international-trade-2-discuss-how-the-u-5181781.htm',
          'https://www.transtutors.com/questions/1-describe-accounting-profit-2-why-is-profit-different--5181780.htm',
          'https://www.transtutors.com/questions/1-derive-the-corresponding-strategic-form-for-the-extensive-form-game-in-the-figure--5181779.htm',
          'https://www.transtutors.com/questions/1-while-the-demand-for-medical-services-depends-positively-on-income-in-a-static-sin-5181778.htm',
          'https://www.transtutors.com/questions/1-the-demand-function-for-cheese-is-given-by-f-y-50-y-and-the-cost-functions-of-both-5181777.htm',
          'https://www.transtutors.com/questions/1-the-demand-curve-and-supply-are-represented-by-the-following-equations-bd-0-6q-114-5181776.htm',
          'https://www.transtutors.com/questions/1-what-is-the-definition-of-negative-marginal-returns-2-what-is-the-definition-of-in-5181775.htm',
          'https://www.transtutors.com/questions/1-define-isocost-2-define-perfectly-inelastic-3-define-isoquant--5181774.htm',
          'https://www.transtutors.com/questions/1-define-contestable-market-2-explain-how-a-firm-identifies-what-prices-to-charge-a--5181773.htm',
          'https://www.transtutors.com/questions/1-cross-subsidization-is-2-airline-industries-utilize-what-type-of-pricing-str-5181772.htm',
          'https://www.transtutors.com/questions/1-course-id-256554-1-content-id-2873140-question-completion-status-3d-6-10-11-12-29--5181771.htm',
          'https://www.transtutors.com/questions/1-consumer-surplus-equal-a-5-b-60-c-30-d-12-e-24-2-market-surplus-equal-a-108-b-54-c-5181770.htm',
          'https://www.transtutors.com/questions/1-how-is-the-consumer-surplus-captured-when-a-firm-engages-in-2-degree-price-discrim-5181769.htm',
          'https://www.transtutors.com/questions/1-how-is-the-consumer-surplus-captured-when-a-firm-engages-in-1-degree-price-discrim-5181768.htm',
          'https://www.transtutors.com/questions/1-construct-correctly-the-long-run-aggregate-supply-curve-relate-it-to-the-ppc-analy-5181767.htm',
          'https://www.transtutors.com/questions/hi-can-someone-answer-this-pls-clearly-thanks-1-consider-the-utility-function-u-x-y--5181766.htm',
          'https://www.transtutors.com/questions/1-consider-this-simultaneous-move-game-player-2-right-6-6-7-1-left-player-1-up-down--5181765.htm',
          'https://www.transtutors.com/questions/1-consider-the-production-function-q-4l5k-5-where-q-is-output-l-is-labor-and-k-is-ca-5181764.htm',
          'https://www.transtutors.com/questions/1-consider-a-poor-person-39-s-annual-income-of-1200-he-spends-his-income-only-on-veg-5181763.htm',
          'https://www.transtutors.com/questions/1-consider-a-perfectly-competitive-market-where-each-firm-faces-a-market-price-of-p--5181762.htm',
          'https://www.transtutors.com/questions/1-consider-a-monopolist-having-market-demand-given-by-p-50-q-and-tc-60q-32q2which-gi-5181761.htm',
          'https://www.transtutors.com/questions/1-consider-a-monopolist-having-market-demand-given-by-p-50-q-and-tc-60q-3-2-x-q-2-wh-5181760.htm',
          'https://www.transtutors.com/questions/1-consider-a-monopolist-having-market-demand-given-by-p-50-q-and-tc-60q-3-2-x-q-2-wh-5181759.htm',
          'https://www.transtutors.com/questions/1-consider-a-monopolist-facing-the-market-demand-function-be-qd-200-5p-suppose-that--5181758.htm',
          'https://www.transtutors.com/questions/1-consider-the-following-coordination-game-between-two-competing-firms-firm-a-and-fi-5181757.htm',
          'https://www.transtutors.com/questions/microeconomics-game-theory-question-1-consider-the-following-coordination-game-betwe-5181756.htm',
          'https://www.transtutors.com/questions/1-consider-an-edgeworth-box-economy-where-preferences-are-given-by-u-quot-x-xz-2vx-x-5181755.htm',
          'https://www.transtutors.com/questions/1-consider-an-edgeworth-box-economy-where-preferences-are-given-by-u-quot-x-x-7-2v-x-5181754.htm',
          'https://www.transtutors.com/questions/1-consider-an-economy-described-by-the-production-function-y-f-k-l-k2l3-a-find-the-p-5181753.htm',
          'https://www.transtutors.com/questions/1-consider-the-dynamic-ad-as-model-illustrating-a-negative-supply-shock-if-the-fed-r-5181752.htm',
          'https://www.transtutors.com/questions/1-consider-a-consumer-with-the-preferences-given-by-bu-a-where-ct-is-consumption-u-i-5181751.htm',
          'https://www.transtutors.com/questions/1-consider-the-cobb-douglas-production-function-y-ak-quot-l5-where-y-is-output-k-is--5181750.htm',
          'https://www.transtutors.com/questions/1-consider-an-airline-that-wants-to-have-young-workforce-in-particular-the-airline-w-5181749.htm',
          'https://www.transtutors.com/questions/1-concept-a-give-one-example-for-the-hold-up-problem-describe-the-following-i-who-ar-5181748.htm',
          'https://www.transtutors.com/questions/1-computing-labor-productivity-and-its-relationship-to-the-demand-for-labor-gopher-e-5181747.htm',
          'https://www.transtutors.com/questions/1-a-compensating-wage-differential-causes-a-decrease-in-the-number-of-employees-b-pr-5181746.htm'],
 'project': ['trans'],
 'referring_link': ['https://www.transtutors.com/questions/economics/110/'],
 'spider': ['trans_links']}
2020-02-05 23:30:09 [scrapy.core.engine] DEBUG: Crawled (200) <GET https://www.transtutors.com/questions/economics/112/> (referer: https://www.google.com/) ['cached']
2020-02-05 23:30:09 [scrapy.core.scraper] DEBUG: Scraped from <200 https://www.transtutors.com/questions/economics/111/>
{'category': ['economy'],
 'date': [datetime.datetime(2020, 2, 5, 23, 30, 9, 54477)],
 'link': ['https://www.transtutors.com/questions/1-compared-to-a-perfectly-competitive-market-a-market-with-a-monopoly-firm-will-this-5181745.htm',
          'https://www.transtutors.com/questions/1-commodities-markets-instability-and-price-volatility-a-the-role-of-fundamentals-su-5181744.htm',
          'https://www.transtutors.com/questions/1-comment-on-the-following-statement-and-show-your-explanation-step-by-step-with-app-5181743.htm',
          'https://www.transtutors.com/questions/please-explain-1-in-the-closed-economy-keynesian-cross-model-a-decrease-in-the-inter-5181742.htm',
          'https://www.transtutors.com/questions/1-charlotte-loves-apples-and-hates-bananas-her-utility-function-is-u-a-b-a-b2-4-wher-5181741.htm',
          'https://www.transtutors.com/questions/1-ceteris-paribus-in-a-given-production-system-as-the-level-of-fixed-costs-increase--5181740.htm',
          'https://www.transtutors.com/questions/please-help-me-to-solve-this-in-economic-engenir-1-the-cash-flow-diagram-below-of-a--5181739.htm',
          'https://www.transtutors.com/questions/1-capital-budgeting-a-adds-government-assets-to-the-government-debt-b-is-used-in-cal-5181738.htm',
          'https://www.transtutors.com/questions/1-you-are-buying-a-car-for-20-000-you-have-two-options-a-put-5000-down-and-borrow-th-5181737.htm',
          'https://www.transtutors.com/questions/1-you-buy-apples-and-oranges-apples-cost-1-each-and-oranges-cost-1-each-on-monday-th-5181736.htm',
          'https://www.transtutors.com/questions/1-beveridge-model-is-a-a-single-payer-insurance-b-a-public-provision-of-health-care--5181735.htm',
          'https://www.transtutors.com/questions/help-asap-1-in-the-basic-supply-and-demand-model-a-buyer-only-purchases-a-good-a-if--5181734.htm',
          'https://www.transtutors.com/questions/1-b-39-s-boat-manufacturing-plant-leases-50-hydraulic-lifts-and-produces-25-boats-pe-5181733.htm',
          'https://www.transtutors.com/questions/1-b-39-s-boat-manufacturing-plant-leases-50-hydraulic-lifts-and-produces-25-boats-pe-5181732.htm',
          'https://www.transtutors.com/questions/1-assume-that-a-worker-39-s-marginal-benefit-and-the-marginal-cost-of-a-week-of-job--5181731.htm',
          'https://www.transtutors.com/questions/1-assume-that-the-private-consumption-function-is-c-50-0-6y-y-national-income-in-mil-5181730.htm',
          'https://www.transtutors.com/questions/1-assume-the-following-exchange-rates-2-1-in-new-york-200-1-in-tokyo-420-1-in-london-5181729.htm',
          'https://www.transtutors.com/questions/1-assume-that-a-consumer-has-a-utility-function-u-x-0-5-y-0-5-income-of-1000-and-px--5181728.htm',
          'https://www.transtutors.com/questions/1-airline-industries-utilize-what-type-of-pricing-strategies-for-the-tickets-2-defin-5181727.htm',
          'https://www.transtutors.com/questions/1-according-to-keynes-a-aggregate-demand-is-most-important-to-achieve-potential-outp-5181726.htm',
          'https://www.transtutors.com/questions/1-8-points-consider-the-following-model-of-the-determinants-of-divorce-among-married-5181725.htm',
          'https://www.transtutors.com/questions/1-about-70-of-coca-cola-revenues-and-profits-come-from-sales-outside-the-us-therefor-5181724.htm',
          'https://www.transtutors.com/questions/1-60-points-suppose-an-industry-with-inverse-market-demand-p-300-2q-is-comprised-of--5181723.htm',
          'https://www.transtutors.com/questions/1-60-points-suppose-an-industry-with-inverse-market-demand-p-300-2q-is-comprised-of--5181722.htm',
          'https://www.transtutors.com/questions/1-60-points-suppose-an-industry-with-inverse-market-demand-p-300-2q-is-comp-of-three-5181721.htm',
          'https://www.transtutors.com/questions/1-53-am-tue-dec-17-43-x-cumulative-review-pdf-6-evaluate-the-following-definite-inte-5181720.htm',
          'https://www.transtutors.com/questions/1-5-points-you-are-good-at-creating-web-sites-you-make-a-social-media-web-site-simil-5181719.htm',
          'https://www.transtutors.com/questions/1-in-4-or-5-sentences-explain-the-impact-that-monopolies-have-on-economic-efficiency-5181718.htm',
          'https://www.transtutors.com/questions/1-3-if-you-provide-solutions-to-all-3-problems-only-1-and-2-will-be-problem-1-an-ind-5181717.htm',
          'https://www.transtutors.com/questions/1-25-marks-total-apple-is-the-sole-producer-of-the-ipod-apple-39-s-constant-marginal-5181716.htm',
          'https://www.transtutors.com/questions/please-answer-fast-have-to-know-this-for-my-final-that-begins-in-1-hour-1-the-2017-t-5181715.htm',
          'https://www.transtutors.com/questions/1-2005-boyfriend-20-suppose-the-demand-for-boots-is-given-by-q1-500-20p-20-10-up-a-c-5181714.htm',
          'https://www.transtutors.com/questions/1-2-3-4-5-6-7-8-9-10-11-high-low-stock-div-yld-p-e-ratio-volume-high-low-close-net-c-5181713.htm',
          'https://www.transtutors.com/questions/1-18pts-suppose-there-are-100-firms-in-a-perfectly-competitive-industry-short-run-ma-5181712.htm',
          'https://www.transtutors.com/questions/all-information-provided-the-entire-question-is-posted-1-18-points-china-has-seen-a--5181711.htm',
          'https://www.transtutors.com/questions/1-of-14-0-complete-score-0-of-1-pt-exercise-6-hw-score-0-0-of-14-pt-question-help-su-5181710.htm',
          'https://www.transtutors.com/questions/1-10-points-solve-the-following-equations-a-11-40-b-r-y-2-and-5-r-y-20-2-10-po-5181709.htm',
          'https://www.transtutors.com/questions/1-10-points-a-draw-a-production-possibility-frontier-for-blue-jeans-and-computers-th-5181708.htm',
          'https://www.transtutors.com/questions/1-10-if-the-4-firm-concentration-ratio-is-1-then-which-of-the-following-cannot-be-tr-5181707.htm',
          'https://www.transtutors.com/questions/1-if-1-usd-buys-6-british-pounds-this-month-and-75-british-pounds-next-month-has-the-5181706.htm',
          'https://www.transtutors.com/questions/1-1-factor-the-following-polynomials-or-state-that-they-cannot-be-factored-4y2-a-9r2-5181705.htm',
          'https://www.transtutors.com/questions/signatures-the-manager-of-engineering-at-th-quot-src-quot-https-files-transtutors-co-5181704.htm',
          'https://www.transtutors.com/questions/if-1-000-in-reserves-is-added-to-the-banking-system-that-has-a-required-reserve-rati-5181703.htm',
          'https://www.transtutors.com/questions/1-0-7-or-10-the-population-of-coukouville-is-10-000-of-that-number-2-000-are-under-1-5181702.htm',
          'https://www.transtutors.com/questions/1-which-of-the-following-is-an-explicit-cost-in-jim-s-business-venture-the-interest--5181701.htm',
          'https://www.transtutors.com/questions/1-a-in-your-diagram-of-the-budget-line-make-sure-that-your-leisure-intercept-is-24-a-5181700.htm',
          'https://www.transtutors.com/questions/0x-solved-unit-4-some-0-skagit-instructure-com-courses-13322-quizzes-54988-module-jt-5181699.htm',
          'https://www.transtutors.com/questions/8-december-14-december-gt-economics-final-exam-december-11-fall-2019-a-question-4-no-5181698.htm',
          'https://www.transtutors.com/questions/05-125-points-visualization-curves-a-population-of-100-000-customers-with-2-vnes-y-r-5181697.htm',
          'https://www.transtutors.com/questions/04-consider-two-countries-a-and-b-both-countries-have-the-production-function-y-kl-a-5181696.htm'],
 'project': ['trans'],
 'referring_link': ['https://www.transtutors.com/questions/economics/111/'],
 'spider': ['trans_links']}
2020-02-05 23:30:09 [scrapy.core.engine] DEBUG: Crawled (200) <GET https://www.transtutors.com/questions/economics/113/> (referer: https://www.google.com/) ['cached']
2020-02-05 23:30:09 [scrapy.core.scraper] DEBUG: Scraped from <200 https://www.transtutors.com/questions/economics/112/>
{'category': ['economy'],
 'date': [datetime.datetime(2020, 2, 5, 23, 30, 9, 243593)],
 'link': ['https://www.transtutors.com/questions/02-siven-the-model-y-a-y-to-all-where-show-the-impulre-respone-hontzo-as-3-for-a-wi-5181695.htm',
          'https://www.transtutors.com/questions/02-question-17-countries-that-follow-floating-exchange-rate-regimes-a-give-up-the-ab-5181694.htm',
          'https://www.transtutors.com/questions/0052-60320-a-20-level-mundial-20-if-a-person-loses-her-job-because-her-abides-on-los-5181693.htm',
          'https://www.transtutors.com/questions/000-01-8-10-refer-to-the-above-figure-at-a-price-of-two-cents-the-quantity-of-bubble-5181692.htm',
          'https://www.transtutors.com/questions/0-in-the-long-run-we-can-expect-a-economic-losses-to-occur-for-every-firm-as-too-man-5181691.htm',
          'https://www.transtutors.com/questions/question-17-0-inbox-fmfcgxwgchfwhfkcbjlsdmdvkxrmgism-projector3d1-messagepartld-d0-1-5181690.htm',
          'https://www.transtutors.com/questions/0-out-of-15-data-center-x-cost-of-purchase-is-500-000-cost-of-installation-is-300-00-5181689.htm',
          'https://www.transtutors.com/questions/0-12-calculus-1-online-l-how-to-do-phys-ch-6-elastic-cengage-mindtap-aplia-questions-5181688.htm',
          'https://www.transtutors.com/questions/1a-1b-0-1-pts-incorrect-what-tool-might-the-fed-use-to-boost-the-economy-during-a-re-5181687.htm',
          'https://www.transtutors.com/questions/i-need-to-solve-engineering-economics-questions-with-an-explanation-of-the-solution--5181686.htm',
          'https://www.transtutors.com/questions/a-write-the-profit-maximization-problem-for-a-monopolist-b-use-the-envelope-theorem--5181685.htm',
          'https://www.transtutors.com/questions/using-an-appropriate-diagram-explain-how-the-equilibrium-interest-rate-is-determine-5181684.htm',
          'https://www.transtutors.com/questions/using-the-aggregate-expenditure-model-explain-the-effect-of-each-of-the-following-o-5181683.htm',
          'https://www.transtutors.com/questions/for-the-technology-f-l-k-lk-determine-the-elasticity-of-scale-at-l-2-k-2--5181682.htm',
          'https://www.transtutors.com/questions/this-is-all-of-the-information-given-please-answer-question-b-a-all-of-spartan-39-s--5181681.htm',
          'https://www.transtutors.com/questions/i-solow-growth-model-20-points-total-suppose-an-economy-can-be-characterized-by-the--5181680.htm',
          'https://www.transtutors.com/questions/i-solow-growth-model-20-points-total-suppose-an-economy-can-be-characterized-by-the--5181679.htm',
          'https://www.transtutors.com/questions/a-sketch-the-production-possibilities-curve-described-by-the-table-below-by-sketch-i-5181678.htm',
          'https://www.transtutors.com/questions/a-with-respect-tp-positioning-explain-points-of-parity-and-points-of-difference-usin-5181677.htm',
          'https://www.transtutors.com/questions/a-raising-the-discount-rate-b-increasing-government-spending-c-lowering-the-reserve--5181676.htm',
          'https://www.transtutors.com/questions/please-answer-asap--5181675.htm',
          'https://www.transtutors.com/questions/a-ped-s-and-their-using-in-sports-should-there-be-stronger-and-more-direct-consequen-5181672.htm',
          'https://www.transtutors.com/questions/a-an-office-building-is-valued-at-1-million-in-2019-which-is-20-greater-than-its-val-5181671.htm',
          'https://www.transtutors.com/questions/a-monopolist-39-s-marginal-cost-curve-shifts-up-but-the-fi-39-s-demand-cure-remains-5181670.htm',
          'https://www.transtutors.com/questions/marketing-to-the-bop-raises-a-number-of-issues-revolving-around-the-social-responsi-5181669.htm',
          'https://www.transtutors.com/questions/a-market-power-is-the-ability-of-a-firm-to-charge-a-price-greater-than-marginal-cost-5181668.htm',
          'https://www.transtutors.com/questions/a-the-level-of-trade-between-the-countries-the-expected-return-on-inancial-relative--5181667.htm',
          'https://www.transtutors.com/questions/let-qa-d-p-m-qs-s-p-w-where-qais-quantity-demanded-qs-is-quantity-supplied-p-is-pri-5181666.htm',
          'https://www.transtutors.com/questions/i-let-assume-that-a-consumer-has-a-utility-function-u-x-y-xy-and-px-2-dollar-py-2-do-5181665.htm',
          'https://www.transtutors.com/questions/what-is-investment-consideration--5181664.htm',
          'https://www.transtutors.com/questions/i-an-increase-in-government-spending-a-decreases-the-interest-rate-and-so-investment-5181663.htm',
          'https://www.transtutors.com/questions/a-under-iasb-rules-dividends-pald-may-b-shown-in-whlch-two-sectlons-b-under-iasb-rul-5181662.htm',
          'https://www.transtutors.com/questions/i-historical-transformation-in-capitalism-can-be-analyzed-in-terms-of-changes-in-the-5181661.htm',
          'https://www.transtutors.com/questions/you-were-just-hired-by-a-struggling-country-club-to-help-turn-around-the-business-a-5181660.htm',
          'https://www.transtutors.com/questions/if-the-government-wishes-to-increase-the-level-of-rel-cd-otaxes-transfer-payments-c-5181659.htm',
          'https://www.transtutors.com/questions/an-figure-12-13-price-and-cost-mc-atc-avc-mr-o-q-qr-az-quantity-15-refer-to-figure-1-5181658.htm',
          'https://www.transtutors.com/questions/a-in-the-fictional-country-of-symposia-we-have-the-following-information-for-the-yea-5181657.htm',
          'https://www.transtutors.com/questions/hi-can-someone-answer-this-pls-clearly-thanks-a-explain-the-broad-approach-used-in-r-5181656.htm',
          'https://www.transtutors.com/questions/a-in-a-country-the-adult-population-is-1200-400-people-have-full-time-job-400-people-5181655.htm',
          'https://www.transtutors.com/questions/just-do-problems-e-f-g-consider-that-the-re-has-been-a-government-intervention-in-th-5181654.htm',
          'https://www.transtutors.com/questions/consider-the-ppf-below-for-an-economy-that-produces-oranges-and-apples-oranges-appl-5181653.htm',
          'https://www.transtutors.com/questions/a-assuming-the-full-employment-level-of-gdp-is-220-billion-identify-and-describe-the-5181652.htm',
          'https://www.transtutors.com/questions/analyze-and-create-t-account-balance-sheets--5181651.htm',
          'https://www.transtutors.com/questions/50-14-05-sat-14-dec-16-p-we-will-use-in-the-teachingrings-dia-das-accompanying-prob-5181650.htm',
          'https://www.transtutors.com/questions/4-of-5-4-please-calculate-euac-given-the-following-cash-flow-1700-1500-s1600-1400-2-5181649.htm',
          'https://www.transtutors.com/questions/the-stop-decay-company-sells-an-electric-toothbrush-for-25-its-sales-have-averaged-8-5179302.htm',
          'https://www.transtutors.com/questions/if-producer-a-is-wiling-to-supply-8-units-to-the-market-at-a-price-of-2-and-12-units-5149450.htm',
          'https://www.transtutors.com/questions/ten-thousand-dollars-is-deposited-into-a-fund-today-the-fund-earns-8-compounded-annu-5149433.htm',
          'https://www.transtutors.com/questions/only-questions-4-and-5-please-thank-you-zoom-3-suppose-that-firm-1-and-firm-2-are-co-5148456.htm',
          'https://www.transtutors.com/questions/yorkville-www-ron-c-19-refer-to-figure-2-this-farmer-39-s-shutdown-point-is-at-a-pri-5148455.htm'],
 'project': ['trans'],
 'referring_link': ['https://www.transtutors.com/questions/economics/112/'],
 'spider': ['trans_links']}
2020-02-05 23:30:09 [scrapy.core.engine] DEBUG: Crawled (200) <GET https://www.transtutors.com/questions/economics/114/> (referer: https://www.google.com/) ['cached']
2020-02-05 23:30:09 [scrapy.core.scraper] DEBUG: Scraped from <200 https://www.transtutors.com/questions/economics/113/>
{'category': ['economy'],
 'date': [datetime.datetime(2020, 2, 5, 23, 30, 9, 429132)],
 'link': ['https://www.transtutors.com/questions/yorkville-canadian-industry-composed-of-many-small-times-steel-manufacturing-1-autom-5148454.htm',
          'https://www.transtutors.com/questions/each-year-the-fair-work-commission-conducts-a-review-of-minimum-wages-stakeholders-h-5148453.htm',
          'https://www.transtutors.com/questions/12-x1-x2-x3-and-x4-are-normally-distributed-random-variables-x1-n-0-0-x2-n-0-1-x3-n--5148452.htm',
          'https://www.transtutors.com/questions/0-x-7-1-n-find-the-expressions-for-u-r-and-u-x-write-the-first-order-condition-for-1-5148451.htm',
          'https://www.transtutors.com/questions/write-a-short-essay-discussing-a-the-flaws-associated-with-using-lerner-index-b-othe-5148450.htm',
          'https://www.transtutors.com/questions/write-a-research-essay-of-around-10-pages-on-the-topic-stated-below-in-bold-with-ref-5148449.htm',
          'https://www.transtutors.com/questions/write-a-research-essay-of-around-10-pages-on-the-topic-stated-below-in-bold-in-recen-5148448.htm',
          'https://www.transtutors.com/questions/write-a-five-pages-split-by-two-column-evidence-based-economic-review-of-an-economy--5148447.htm',
          'https://www.transtutors.com/questions/why-would-a-profit-seeking-firm-need-to-tailor-its-decisions-about-the-quantity-of-l-5148446.htm',
          'https://www.transtutors.com/questions/it-would-make-sense-for-south-africa-to-trade-with-nigeria-given-the-new-african-con-5148445.htm',
          'https://www.transtutors.com/questions/how-would-each-of-the-following-events-be-entered-in-the-gdp-accounts-of-the-united--5148444.htm',
          'https://www.transtutors.com/questions/how-would-you-decide-whether-or-not-to-commit-a-crime-be-specific-might-your-answer--5148443.htm',
          'https://www.transtutors.com/questions/after-world-war-ii-and-in-the-prosperous-1950s-business-support-was-high-why-did-bus-5148442.htm',
          'https://www.transtutors.com/questions/if-the-world-price-for-good-a-is-above-the-domestic-price-for-good-a-without-trade-t-5148441.htm',
          'https://www.transtutors.com/questions/the-weekly-demand-for-sandwiches-at-a-local-sandwich-shop-is-given-by-q2-2-000-5p-2p-5148440.htm',
          'https://www.transtutors.com/questions/why-did-weber-describe-a-bureaucracy-as-an-ideal-model--5148439.htm',
          'https://www.transtutors.com/questions/who-was-w-e-b-dubois-what-does-he-describe-in-the-souls-of-black-folk--5148438.htm',
          'https://www.transtutors.com/questions/17-18-19-wat-conditions-do-markets-fail-mht-failshodber-16-illustrate-each-of-the-f-5148437.htm',
          'https://www.transtutors.com/questions/i-want-something-similar-to-the-picture-below-but-about-italy-economy-trade-energy-o-5148436.htm',
          'https://www.transtutors.com/questions/i-want-an-introduction-about-italy-similar-to-that-which-is-about-france-france-is-o-5148435.htm',
          'https://www.transtutors.com/questions/wa-1-thinking-like-an-economist-due-september-29-writing-assignment-1-thinking-like--5148434.htm',
          'https://www.transtutors.com/questions/how-vital-was-slavery-to-the-atlantic-economy-in-the-eightieth-century--5148433.htm',
          'https://www.transtutors.com/questions/the-value-of-work-as-a-basic-economic-contribution-and-as-a-tool-to-develop-potentia-5148432.htm',
          'https://www.transtutors.com/questions/did-the-value-of-the-dollar-influence-the-us-trade-deficit-with-china-provide-a-well-5148431.htm',
          'https://www.transtutors.com/questions/v-question-completion-status-question-1-1-points-save-answer-back-from-all-the-jobs--5148430.htm',
          'https://www.transtutors.com/questions/if-the-utility-function-u-x-x2-x-x2-represents-preferences-the-function-v-x-x2-3-x1--5148429.htm',
          'https://www.transtutors.com/questions/usually-we-see-firms-bundling-closely-related-products-such-as-popcorn-and-soda-adve-5148428.htm',
          'https://www.transtutors.com/questions/using-y-and-c-you-obtained-in-question-5-3-estimate-the-u-s-consumption-function-c-a-5148427.htm',
          'https://www.transtutors.com/questions/using-two-graphs-graphically-illustrate-the-effect-of-an-increase-in-income-with-the-5148426.htm',
          'https://www.transtutors.com/questions/using-the-following-assumptions-total-cost-of-machine-and-space-is-1-500-000-used-fo-5148425.htm',
          'https://www.transtutors.com/questions/use-your-own-words-for-your-response-explain-what-the-3-questions-an-economic-system-5148424.htm',
          'https://www.transtutors.com/questions/use-your-own-words-for-your-response-to-which-category-of-resources-does-each-of-the-5148423.htm',
          'https://www.transtutors.com/questions/use-the-table-below-to-answer-the-following-question-minimum-acceptable-price-2-unit-5148422.htm',
          'https://www.transtutors.com/questions/use-the-second-taylor-polynomial-of-f-x-squareroot-of-x-at-x-9-to-estimate-squareroo-5148421.htm',
          'https://www.transtutors.com/questions/use-the-linear-demand-curve-shown-below-to-answer-the-following-questions-a-the-poin-5148420.htm',
          'https://www.transtutors.com/questions/use-the-following-table-desired-consumption-12-0-disposable-income-0-30-36-0-68-0-70-5148419.htm',
          'https://www.transtutors.com/questions/use-the-following-table-for-country-x-to-answer-the-next-question-column-1-of-the-ta-5148418.htm',
          'https://www.transtutors.com/questions/use-the-following-table-to-answer-the-questlon-below-jake-39-s-production-possibilit-5148417.htm',
          'https://www.transtutors.com/questions/use-the-following-table-to-answer-the-question-below-dave-39-s-production-possibilit-5148416.htm',
          'https://www.transtutors.com/questions/use-the-following-table-to-answer-the-question-below-alexandra-39-s-production-possi-5148415.htm',
          'https://www.transtutors.com/questions/use-the-following-table-to-answer-the-question-below-alexandra-39-s-production-possi-5148414.htm',
          'https://www.transtutors.com/questions/use-the-following-graph-showing-the-domestic-demand-and-supply-curves-for-a-specific-5148413.htm',
          'https://www.transtutors.com/questions/use-the-data-in-quot-study-shows-costs-of-living-for-working-families-leveling-off-i-5148412.htm',
          'https://www.transtutors.com/questions/use-the-australian-bureau-of-statistics-website-and-perhaps-the-reserve-bank-of-aust-5148411.htm',
          'https://www.transtutors.com/questions/as-the-usage-of-an-input-increases-marginal-product-multiple-choice-a-consistently-i-5148410.htm',
          'https://www.transtutors.com/questions/a-u-s-contractor-will-design-and-fabricate-equipment-for-a-fossil-fuel-power-plant-a-5148409.htm',
          'https://www.transtutors.com/questions/u-s-consumers-hit-hardest-by-trade-tariffs-studies-find-importers-passed-most-costs--5148408.htm',
          'https://www.transtutors.com/questions/u-s-consumers-hit-hardest-by-trade-tariffs-studies-find-importers-passed-most-costs--5148407.htm',
          'https://www.transtutors.com/questions/urgent-given-the-cash-flow-diagram-below-with-quarterly-rate-would-be-2-5-and-p-450--5148406.htm',
          'https://www.transtutors.com/questions/uppose-you-decide-to-start-your-own-business-you-quit-a-job-at-which-you-earned-38-0-5148405.htm'],
 'project': ['trans'],
 'referring_link': ['https://www.transtutors.com/questions/economics/113/'],
 'spider': ['trans_links']}
2020-02-05 23:30:09 [scrapy.core.engine] DEBUG: Crawled (200) <GET https://www.transtutors.com/questions/economics/115/> (referer: https://www.google.com/) ['cached']
2020-02-05 23:30:09 [scrapy.core.scraper] DEBUG: Scraped from <200 https://www.transtutors.com/questions/economics/114/>
{'category': ['economy'],
 'date': [datetime.datetime(2020, 2, 5, 23, 30, 9, 585157)],
 'link': ['https://www.transtutors.com/questions/some-university-graduates-may-have-higher-wage-expectations-than-others-under-the-as-5148404.htm',
          'https://www.transtutors.com/questions/units-total-p-of-output-labor-0-1-10-2-30-3-60-4-84-104-120-6-7-130-134-126-10-110-a-5148403.htm',
          'https://www.transtutors.com/questions/united-states-xico-1-16-1-2-mpl-tm-mpla-opp-cost-of-m-opp-cost-of-a-comp-advantage-a-5148402.htm',
          'https://www.transtutors.com/questions/please-explain-using-tables-formulas-work-but-we-use-tables-on-exams-ud-on-v70-w-e-s-5148401.htm',
          'https://www.transtutors.com/questions/what-type-of-monopoly-is-sydney-water-describe-the-main-characteristics-of-the-monop-5148400.htm',
          'https://www.transtutors.com/questions/there-are-two-parts-in-this-assignment-you-will-need-develop-one-graph-in-part-i-and-5148399.htm',
          'https://www.transtutors.com/questions/in-a-two-good-world-a-consumer-has-the-indirect-utility-function-v-p1-p2-w-quot-p-3p-5148398.htm',
          'https://www.transtutors.com/questions/two-good-ricardian-question-assume-there-are-three-countries-in-the-world-canada-jap-5148397.htm',
          'https://www.transtutors.com/questions/answers-are-provided-can-someone-please-show-the-work-two-firms-who-make-identical-p-5148396.htm',
          'https://www.transtutors.com/questions/the-two-fill-in-the-blank-answer-choices-are-quot-it-should-tax-concert-tickets-bus--5148395.htm',
          'https://www.transtutors.com/questions/two-employers-pay-a-wage-of-10-an-hour-employer-a-is-a-monopsony-while-employer-b-hi-5148394.htm',
          'https://www.transtutors.com/questions/two-countries-athens-and-troy-produce-two-goods-ships-and-food-according-to-the-foll-5148393.htm',
          'https://www.transtutors.com/questions/two-countries-athens-and-troy-produce-two-goods-ships-and-food-according-to-the-foll-5148392.htm',
          'https://www.transtutors.com/questions/turkish-annual-core-inflation-rate-which-excludes-energy-food-non-alcoholic-beverage-5148391.htm',
          'https://www.transtutors.com/questions/traders-and-strategists-are-still-attempting-to-identify-the-triggers-for-thursday-s-5148390.htm',
          'https://www.transtutors.com/questions/the-total-revenue-and-total-cost-function-that-faces-firm-a-are-tr-10q-tc-100-5q-0-0-5148389.htm',
          'https://www.transtutors.com/questions/the-total-revenue-and-total-cost-function-that-faces-firm-a-are-tr-10q-tc-100-5q-0-0-5148388.htm',
          'https://www.transtutors.com/questions/the-total-revenue-and-total-cost-function-that-faces-firm-a-are-tr-10q-tc-100-5q-0-0-5148387.htm',
          'https://www.transtutors.com/questions/the-total-revenue-and-total-cost-function-that-faces-firm-a-are-tr-10q-tc-10-2q-0-01-5148386.htm',
          'https://www.transtutors.com/questions/please-give-answer-in-detail-total-marks-total-number-of-questions-one-question-per--5148385.htm',
          'https://www.transtutors.com/questions/topics-bioethanol-vehicle-transport-in-oslo-as-climate-policy-what-are-the-social-ec-5148384.htm',
          'https://www.transtutors.com/questions/topic-economic-benefits-external-costs-and-the-regulation-of-unconventional-gas-in-t-5148383.htm',
          'https://www.transtutors.com/questions/top-row-apc-gt-0-50-0-875-1-143-or-1-60-aps-gt-0-25-0-50-0-125-or-8-00-second-row-ap-5148382.htm',
          'https://www.transtutors.com/questions/three-of-these-works-identify-the-light-and-darkness-in-the-story-then-discuss-how-t-5148381.htm',
          'https://www.transtutors.com/questions/a-three-period-moving-average-forecast-was-constructed-using-the-data-below-time-tim-5148380.htm',
          'https://www.transtutors.com/questions/can-you-think-of-another-example-where-seemingly-unrelated-products-are-offered-toge-5148379.htm',
          'https://www.transtutors.com/questions/the-terms-of-trade-are-acceptable-if-the-price-is-the-seller-39-s-opportunity-cost-a-5148378.htm',
          'https://www.transtutors.com/questions/a-temporary-increase-in-government-purchases-given-the-level-of-output-will-lead-to--5148377.htm',
          'https://www.transtutors.com/questions/task-4-milkshake-producers-can-also-make-smoothies-instead-of-milkshakes-when-the-pr-5148376.htm',
          'https://www.transtutors.com/questions/tariffs-and-protectionism-1-protectionist-policies-are-those-that-a-burden-domestic--5148375.htm',
          'https://www.transtutors.com/questions/you-have-taken-a-woodworking-class-and-learned-how-to-make-side-tables-and-wooden-bo-5148374.htm',
          'https://www.transtutors.com/questions/the-table-below-reports-the-results-from-running-a-simple-ols-regression-that-examin-5148373.htm',
          'https://www.transtutors.com/questions/table-3-unemployment-data-civilian-labor-force-of-year-unemployed-workers-total-pool-5148372.htm',
          'https://www.transtutors.com/questions/t-il-uilar-in-a-frequency-bar-graph-d-display-the-results-of-part-b-in-a-pie-chart-3-5148371.htm',
          'https://www.transtutors.com/questions/what-was-the-supreme-court-s-reasoning-in-the-plessy-v-ferguson-case--5148370.htm',
          'https://www.transtutors.com/questions/suppose-that-a-worker-in-forestville-can-produce-either-592-wooden-chairs-or-295-woo-5148369.htm',
          'https://www.transtutors.com/questions/suppose-that-this-worker-has-16-hours-per-day-to-divide-between-work-and-leisure-he--5148368.htm',
          'https://www.transtutors.com/questions/suppose-the-united-auto-workers-union-obtains-a-substantial-wage-increase-for-auto-w-5148367.htm',
          'https://www.transtutors.com/questions/a-suppose-the-only-two-goods-in-the-world-are-nachos-and-salsa-the-price-of-a-bag-of-5148366.htm',
          'https://www.transtutors.com/questions/suppose-there-are-two-firms-in-an-economy-called-x-and-y-the-firm-x-owns-and-operate-5148365.htm',
          'https://www.transtutors.com/questions/suppose-there-are-two-countries-quot-1-usa-and-2-our-trading-partners-tp-two-goods-a-5148364.htm',
          'https://www.transtutors.com/questions/suppose-there-are-three-buyers-of-candy-in-a-market-tex-dex-and-rex-the-market-deman-5148363.htm',
          'https://www.transtutors.com/questions/suppose-that-the-tax-advantage-of-municipal-bonds-over-us-treasury-bonds-increases-i-5148362.htm',
          'https://www.transtutors.com/questions/suppose-a-simple-economy-only-produces-good-a-b-and-c-calculate-the-inflation-rate-f-5148361.htm',
          'https://www.transtutors.com/questions/suppose-that-a-production-possibilities-frontier-is-given-by-the-following-equation--5148360.htm',
          'https://www.transtutors.com/questions/suppose-the-production-function-for-juice-is-given-by-q-f-k-l-kl-0-4k-2-0-6l-2-a-sup-5148359.htm',
          'https://www.transtutors.com/questions/a-suppose-producers-in-france-can-be-induced-to-produce-bordeaux-wine-at-an-equivale-5148358.htm',
          'https://www.transtutors.com/questions/suppose-we-observe-the-following-things-1-wages-of-workers-go-up-2-those-workers-wor-5148357.htm',
          'https://www.transtutors.com/questions/suppose-the-netherlands-produces-two-types-of-goods-wheat-and-airplanes-the-followin-5148356.htm',
          'https://www.transtutors.com/questions/suppose-that-the-market-demand-and-market-supply-curves-for-a-good-are-given-by-the--5148355.htm'],
 'project': ['trans'],
 'referring_link': ['https://www.transtutors.com/questions/economics/114/'],
 'spider': ['trans_links']}
2020-02-05 23:30:09 [scrapy.core.engine] DEBUG: Crawled (200) <GET https://www.transtutors.com/questions/economics/116/> (referer: https://www.google.com/) ['cached']
2020-02-05 23:30:09 [scrapy.core.scraper] DEBUG: Scraped from <200 https://www.transtutors.com/questions/economics/115/>
{'category': ['economy'],
 'date': [datetime.datetime(2020, 2, 5, 23, 30, 9, 744214)],
 'link': ['https://www.transtutors.com/questions/suppose-you-are-a-manager-of-a-firm-producing-goods-in-china-and-your-main-customers-5148354.htm',
          'https://www.transtutors.com/questions/suppose-you-are-a-manager-of-a-firm-producing-goods-in-china-and-your-main-customers-5148353.htm',
          'https://www.transtutors.com/questions/suppose-that-kenji-and-lucia-are-the-only-consumers-of-scented-candles-in-a-particul-5148352.htm',
          'https://www.transtutors.com/questions/suppose-ireland-produces-only-two-goods-barley-and-cars-the-following-graph-shows-ir-5148351.htm',
          'https://www.transtutors.com/questions/suppose-an-indifference-curve-is-given-by-the-equation-u-c-t-assume-that-initially-t-5148350.htm',
          'https://www.transtutors.com/questions/suppose-the-government-has-imposed-a-price-floor-on-the-market-for-soybeans-which-of-5148349.htm',
          'https://www.transtutors.com/questions/now-suppose-the-government-implements-a-60-excise-tax-on-each-dollar-spent-on-bagels-5148348.htm',
          'https://www.transtutors.com/questions/there-are-5-questions-please-answer-all-from-a-to-e-suppose-we-have-the-following-mo-5148347.htm',
          'https://www.transtutors.com/questions/suppose-that-a-firm-s-production-function-is-given-by-q-k-1-5-l-1-5-a-here-a-is-a-gi-5148346.htm',
          'https://www.transtutors.com/questions/suppose-a-firm-has-the-choice-of-two-methods-of-producing-one-method-entails-a-fixed-5148345.htm',
          'https://www.transtutors.com/questions/suppose-the-economy-of-germany-is-at-full-employment-and-that-the-left-wing-parties--5148344.htm',
          'https://www.transtutors.com/questions/suppose-that-the-economy-experiences-recession-i-e-falling-output-consequently-expec-5148343.htm',
          'https://www.transtutors.com/questions/suppose-that-the-demand-for-dollars-curve-in-the-foreign-exchange-market-is-qd-100-e-5148342.htm',
          'https://www.transtutors.com/questions/suppose-a-country-removes-an-existing-import-quota-answer-the-following-questions-an-5148341.htm',
          'https://www.transtutors.com/questions/suppose-that-the-cost-function-of-q-is-given-by-c-q-10-2q-q-2-a-find-the-fixed-and-v-5148340.htm',
          'https://www.transtutors.com/questions/suppose-there-is-a-competitive-market-for-road-space-the-demand-for-road-space-falls-5148339.htm',
          'https://www.transtutors.com/questions/suppose-bulgaria-produces-only-cars-and-digital-cameras-the-resources-that-are-used--5148338.htm',
          'https://www.transtutors.com/questions/on-the-supply-side-the-health-care-spending-increases-due-to-a-prevalence-of-health--5148337.htm',
          'https://www.transtutors.com/questions/supply-price-q-qz-quantity-refer-to-the-above-graph-showing-the-market-for-a-product-5148336.htm',
          'https://www.transtutors.com/questions/supply-curve-12-demand-curve-0-100-125-300-450-500-a-in-the-above-diagram-when-a-pri-5148335.htm',
          'https://www.transtutors.com/questions/why-are-there-superstar-cricketers-players-but-no-superstar-plumbers-there-are-super-5148334.htm',
          'https://www.transtutors.com/questions/summarize-the-sources-of-differentiation-between-disney-theme-parks-and-universal-st-5148333.htm',
          'https://www.transtutors.com/questions/a-sudden-fall-in-the-market-demand-in-a-competitive-industry-leads-to-a-a-short-run--5148332.htm',
          'https://www.transtutors.com/questions/submitting-your-assignment-1-please-collate-your-assignment-as-a-single-document-in--5148331.htm',
          'https://www.transtutors.com/questions/studying-for-my-test-please-answer-these-artificial-intelligence-inc-sells-to-beta-b-5148330.htm',
          'https://www.transtutors.com/questions/a-student-looks-at-the-data-in-the-table-to-the-right-and-draws-this-conclusion-39-t-5148329.htm',
          'https://www.transtutors.com/questions/state-the-difference-between-2-5-mark-per-question-uncertainty-and-risk-between-the--5148328.htm',
          'https://www.transtutors.com/questions/a-state-the-axioms-of-rational-choice-and-show-how-they-affect-indifference-curves-w-5148327.htm',
          'https://www.transtutors.com/questions/i-am-specifically-looking-for-the-answers-to-g-h-suppose-that-in-the-absence-of-insu-5148326.htm',
          'https://www.transtutors.com/questions/sometimes-a-county-s-currency-is-so-soft-or-inconvertible-that-they-are-made-to-make-5148325.htm',
          'https://www.transtutors.com/questions/solve-only-c-point-and-draw-a-graph-for-it-also-corner-solutions-for-point-a-2-5-5-p-5148324.htm',
          'https://www.transtutors.com/questions/a-software-firm-has-120-employees-the-average-time-spent-by-these-employees-on-socia-5148323.htm',
          'https://www.transtutors.com/questions/a-small-electrical-energy-storage-system-is-based-on-a-50-w-pem-fuel-cell-mass-385-g-5148322.htm',
          'https://www.transtutors.com/questions/as-the-slope-of-the-supply-curve-increases-the-price-elasticity-of-supply-a-horizont-5148321.htm',
          'https://www.transtutors.com/questions/slavery-persists-to-this-day-particularly-in-some-parts-of-the-sudan-raiding-parties-5148320.htm',
          'https://www.transtutors.com/questions/a-situation-where-the-level-of-output-scale-and-average-costs-are-all-rising-is-call-5148319.htm',
          'https://www.transtutors.com/questions/situation-a-building-contractor-is-laced-with-a-problem-of-possibly-paying-liquidate-5148318.htm',
          'https://www.transtutors.com/questions/a-single-price-monopolist-has-a-marginal-cost-0-what-price-and-quantity-jointly-maxi-5148317.htm',
          'https://www.transtutors.com/questions/signment-16-covers-material-in-chapter-5-of-principles-of-microeconomics-mankiw-assi-5148316.htm',
          'https://www.transtutors.com/questions/a-shortage-exists-in-a-market-if-a-there-is-an-excess-supply-of-the-good-b-quantity--5148315.htm',
          'https://www.transtutors.com/questions/in-the-short-run-we-assume-that-capital-is-a-fixed-input-and-labor-is-a-variable-inp-5148314.htm',
          'https://www.transtutors.com/questions/sheldon-and-amy-produce-scooters-and-skateboards-the-first-table-shows-sheldon-s-pro-5148313.htm',
          'https://www.transtutors.com/questions/shania-consumes-music-cds-and-food-her-utility-function-is-u-f-c-50vc-f-where-c-is-t-5148312.htm',
          'https://www.transtutors.com/questions/select-a-country-in-the-world-and-compare-its-unemployment-rate-to-that-of-the-unite-5148311.htm',
          'https://www.transtutors.com/questions/seema-39-s-reservation-price-is-4-for-the-first-coffee-of-the-day-and-2-for-the-seco-5148310.htm',
          'https://www.transtutors.com/questions/suppose-a-subway-line-determines-it-can-charge-see-hir-suppose-a-subway-line-determi-5148309.htm',
          'https://www.transtutors.com/questions/see-hint-a-private-university-charges-the-same-tuition-for-both-in-state-and-out-of--5148308.htm',
          'https://www.transtutors.com/questions/a-search-graded-homework-supply-and-demand-theory-ch-03--5148307.htm',
          'https://www.transtutors.com/questions/sear-cengage-mindtap-graded-homework-supply-and-demand-theory-ch-03-3-determinants-o-5148306.htm',
          'https://www.transtutors.com/questions/score-0-of-4-pts-2-of-8-1-complete-hw-score-4-17-1-33-of-32-pts-problem-1-6-algorith-5148305.htm'],
 'project': ['trans'],
 'referring_link': ['https://www.transtutors.com/questions/economics/115/'],
 'spider': ['trans_links']}
2020-02-05 23:30:09 [scrapy.core.engine] DEBUG: Crawled (200) <GET https://www.transtutors.com/questions/economics/117/> (referer: https://www.google.com/) ['cached']
2020-02-05 23:30:09 [scrapy.core.scraper] DEBUG: Scraped from <200 https://www.transtutors.com/questions/economics/116/>
{'category': ['economy'],
 'date': [datetime.datetime(2020, 2, 5, 23, 30, 9, 910442)],
 'link': ['https://www.transtutors.com/questions/saveumoney-tax-services-sts-is-a-small-operation-that-offers-tax-services-to-individ-5148304.htm',
          'https://www.transtutors.com/questions/i-need-help-in-these-questions-please-i-need-fast-answers-please-help-sams-hobbies-x-5148303.htm',
          'https://www.transtutors.com/questions/sample-variance-25-points-recall-the-formula-for-the-sample-variance-in-a-sample-wit-5148302.htm',
          'https://www.transtutors.com/questions/it-has-been-said-that-it-is-by-sheer-coincidence-that-all-major-periods-of-union-gro-5148301.htm',
          'https://www.transtutors.com/questions/econ120-69681-m-w-10-20am-fall-2019-a-calculate-market-demand-i-quot-aria-describedb-5148300.htm',
          'https://www.transtutors.com/questions/sabject-econometrics-i-provide-two-reasons-for-why-it-is-important-to-study-the-rela-5148299.htm',
          'https://www.transtutors.com/questions/round-all-values-for-the-number-of-workers-to-the-nearest-so-round-up-or-down-whole--5148298.htm',
          'https://www.transtutors.com/questions/returns-on-an-investment-for-the-last-six-months-of-the-year-are-shown-below-along-w-5148297.htm',
          'https://www.transtutors.com/questions/response-questions-part-a-to-c-a-in-what-year-approximately-was-the-unemployment-rat-5148296.htm',
          'https://www.transtutors.com/questions/response-questions-part-a-to-b-a-use-your-own-words-for-your-response-determine-whet-5148295.htm',
          'https://www.transtutors.com/questions/response-questions-part-a-to-b-a-use-your-own-words-for-your-response-what-basic-eco-5148294.htm',
          'https://www.transtutors.com/questions/a-rent-ceiling-results-in-a-shortage-as-a-result-which-of-the-following-do-you-expec-5148293.htm',
          'https://www.transtutors.com/questions/a-relatively-new-company-less-than-ten-years-old-called-crowdstrike-recently-raised--5148292.htm',
          'https://www.transtutors.com/questions/in-relation-to-the-idea-of-economically-developing-the-less-developed-world-how-are--5148291.htm',
          'https://www.transtutors.com/questions/related-to-making-the-connection-the-7-eleven-chain-of-convenience-stores-in-japan-r-5148290.htm',
          'https://www.transtutors.com/questions/reformat-the-following-text-by-using-highlighting-techniques-consider-using-bullets--5148289.htm',
          'https://www.transtutors.com/questions/with-reference-to-the-companies-act-2001-what-is-the-process-to-incorporate-a-domest-5148288.htm',
          'https://www.transtutors.com/questions/i-recently-sold-my-used-car-if-no-new-production-occurred-for-this-transaction-how-c-5148287.htm',
          'https://www.transtutors.com/questions/what-are-some-reasons-the-affordable-care-act-has-caused-premiums-in-the-individual--5148286.htm',
          'https://www.transtutors.com/questions/as-the-real-wages-of-teens-increased-from-5-00-an-hour-to-6-00-an-hour-the-employmen-5148285.htm',
          'https://www.transtutors.com/questions/real-time-data-analysis-exercise-u-s-nominal-and-real-gdp-21-149-19-957-click-the-fo-5148284.htm',
          'https://www.transtutors.com/questions/real-time-data-analysis-exercise-the-following-table-contains-nominal-gdp-and-the-gd-5148283.htm',
          'https://www.transtutors.com/questions/real-gdp-per-capita-is-not-a-perfect-measure-of-the-well-being-of-a-country-39-s-ind-5148282.htm',
          'https://www.transtutors.com/questions/read-this-article-on-tariffs-article-link-https-www-wsj-com-articles-sb1253579906384-5148281.htm',
          'https://www.transtutors.com/questions/rainfall-in-sonoma-county-california-a-part-of-silicon-valley-is-highly-correlated-w-5148280.htm',
          'https://www.transtutors.com/questions/questions-drive-thru-windows-are-popular-offerings-at-fast-food-restaurants-because--5148279.htm',
          'https://www.transtutors.com/questions/question4-a-the-demand-for-pocket-calculators-is-given-by-the-function-p-6-0-5qp-and-5148278.htm',
          'https://www.transtutors.com/questions/question-two-a-vendor-at-a-local-baseball-stadium-must-determine-whether-to-sell-ice-5148277.htm',
          'https://www.transtutors.com/questions/question-redraw-this-game-as-a-sequential-game-where-1-ted-goes-first-marshall-goes--5148276.htm',
          'https://www.transtutors.com/questions/question-one-worth-five-points-draw-a-graph-with-pounds-on-the-horizontal-axis-and-f-5148275.htm',
          'https://www.transtutors.com/questions/question-one-a-state-the-axioms-of-rational-choice-and-show-how-they-affect-indiffer-5148274.htm',
          'https://www.transtutors.com/questions/question-one-the-demand-and-supply-functions-for-certain-goods-are-given-as-follows--5148273.htm',
          'https://www.transtutors.com/questions/this-question-is-very-important-and-i-need-solution-for-this-issue-with-all-the-deta-5148272.htm',
          'https://www.transtutors.com/questions/this-question-is-very-important-and-i-need-solution-for-this-issue-with-all-the-deta-5148271.htm',
          'https://www.transtutors.com/questions/this-question-is-very-important-and-i-need-solution-for-this-issue-with-all-the-deta-5148270.htm',
          'https://www.transtutors.com/questions/this-question-is-very-important-and-i-need-solution-for-this-issue-with-all-the-deta-5148269.htm',
          'https://www.transtutors.com/questions/question-delta-furnishings-received-an-invoice-dated-may-10-for-the-shipment-of-good-5148268.htm',
          'https://www.transtutors.com/questions/question-9-table-15-14-2000-quantity-2005-price-525-price-250-product-mp3-tacos-kaut-5148267.htm',
          'https://www.transtutors.com/questions/question-9-4-pts-how-might-a-qualitative-researcher-best-obtain-participants-for-a-s-5148266.htm',
          'https://www.transtutors.com/questions/question-8-which-of-the-following-is-a-reason-why-the-government-might-refuse-to-bai-5148265.htm',
          'https://www.transtutors.com/questions/question-7-there-are-two-goods-in-the-economy-apples-and-bananas-the-price-of-an-app-5148264.htm',
          'https://www.transtutors.com/questions/question-7-0-1-25-pts-dr-roberts-just-published-a-book-quot-the-history-of-mining-in-5148263.htm',
          'https://www.transtutors.com/questions/question-6-segmenting-and-combining-are-two-alternate-approaches-to-developing-marke-5148262.htm',
          'https://www.transtutors.com/questions/question-6-if-the-reserve-bank-of-australia-raises-the-cash-rate-this-will-have-no-i-5148261.htm',
          'https://www.transtutors.com/questions/please-help-the-solutions-manual-is-incorrect-question-5-price-quantity-refer-to-the-5148260.htm',
          'https://www.transtutors.com/questions/q6-please-explain-to-me-question-5-2-pts-when-the-world-price-is-higher-than-the-dom-5148259.htm',
          'https://www.transtutors.com/questions/question-4-there-is-a-single-price-profit-maximizing-monopoly-in-a-given-industry-se-5148258.htm',
          'https://www.transtutors.com/questions/question-4-when-the-economy-goes-into-a-recession-real-gdp-and-unemployment-a-rises--5148257.htm',
          'https://www.transtutors.com/questions/question-4-compound-interest-22-5-points-a-fresh-graduate-accountant-claims-that-an--5148256.htm',
          'https://www.transtutors.com/questions/question-4-cash-flow-analysis-5-marks-kingston-is-planning-on-building-a-new-4-lane--5148255.htm'],
 'project': ['trans'],
 'referring_link': ['https://www.transtutors.com/questions/economics/116/'],
 'spider': ['trans_links']}
2020-02-05 23:30:10 [scrapy.core.engine] DEBUG: Crawled (200) <GET https://www.transtutors.com/questions/economics/118/> (referer: https://www.google.com/) ['cached']
2020-02-05 23:30:10 [scrapy.core.scraper] DEBUG: Scraped from <200 https://www.transtutors.com/questions/economics/117/>
{'category': ['economy'],
 'date': [datetime.datetime(2020, 2, 5, 23, 30, 10, 58189)],
 'link': ['https://www.transtutors.com/questions/question-4-1-5-pts-the-demand-for-good-x-is-p-88-0-4q-the-supply-for-good-x-is-p-7-0-5148254.htm',
          'https://www.transtutors.com/questions/question-3-enter-the-your-personal-example-in-the-pssp-hierarchy-model-the-pssp-hier-5148253.htm',
          'https://www.transtutors.com/questions/question-3-1-5-pts-if-producers-incorrectly-set-the-price-of-their-product-too-high--5148252.htm',
          'https://www.transtutors.com/questions/i-am-not-100-sure-that-these-answers-are-correct-question-3-1-pts-1-pts-grades-stion-5148251.htm',
          'https://www.transtutors.com/questions/question-3-1-distinguish-between-internal-and-external-balance-given-each-cases-belo-5148250.htm',
          'https://www.transtutors.com/questions/question-28-1-points-save-answer-a-decrease-in-the-price-of-a-good-will-a-increase-q-5148249.htm',
          'https://www.transtutors.com/questions/question-2-number-of-workers-output-mp-vc-fc-tc-avc-afc-atc-mc-110-12-30-2-31-60-41--5148248.htm',
          'https://www.transtutors.com/questions/it-is-written-it-is-50-question-2-the-effect-of-changes-in-welfare-benefits-on-labor-5148247.htm',
          'https://www.transtutors.com/questions/question-2-25-marks-prices-in-most-markets-are-free-to-rise-or-fall-to-their-equilib-5148246.htm',
          'https://www.transtutors.com/questions/question-2-1-5-pts-suppose-bianca-buys-a-used-a-textbook-from-sebastian-for-80-if-bi-5148245.htm',
          'https://www.transtutors.com/questions/question-1-making-an-export-plan-2-interpreting-some-export-trade-theories-specializ-5148244.htm',
          'https://www.transtutors.com/questions/question-1-define-law-2-how-is-international-law-made-3-write-out-a-intergovernmenta-5148243.htm',
          'https://www.transtutors.com/questions/question-18-scalpers-people-selling-tickets-at-a-price-above-the-stated-price-p-were-5148242.htm',
          'https://www.transtutors.com/questions/question-16-4-pts-construct-validity-relies-on-which-two-elements-o-the-construct-an-5148241.htm',
          'https://www.transtutors.com/questions/question-15-16-17-15-in-the-4-sector-keynesian-model-which-of-the-following-is-most--5148240.htm',
          'https://www.transtutors.com/questions/question-12-if-you-loan-your-friend-1500-today-and-she-gives-you-2000-back-in-four-y-5148239.htm',
          'https://www.transtutors.com/questions/question-10-a-potential-ford-explorer-customer-takes-the-suv-for-a-test-drive-to-see-5148238.htm',
          'https://www.transtutors.com/questions/this-question-1-pt-1-of-10-0-complete-this-is-possible-comparative-advantage-is-oa-t-5148237.htm',
          'https://www.transtutors.com/questions/question-1-what-is-protectionism-2-why-protectionism-important-in-the-united-states--5148236.htm',
          'https://www.transtutors.com/questions/question-1-a-how-has-the-bilateral-trade-between-the-us-and-china-made-the-two-econo-5148235.htm',
          'https://www.transtutors.com/questions/question-1-a-how-has-the-bilateral-trade-between-the-us-and-china-made-the-two-econo-5148234.htm',
          'https://www.transtutors.com/questions/question-1-the-australian-economy-explain-what-industrial-concentration-is-discuss-r-5148233.htm',
          'https://www.transtutors.com/questions/question-1-assume-that-a-country-39-s-capital-account-balance-is-zero-if-its-current-5148232.htm',
          'https://www.transtutors.com/questions/question-1-50-marks-select-a-country-of-your-choice-and-critically-evaluate-the-foll-5148231.htm',
          'https://www.transtutors.com/questions/question-1-1-5-pts-if-the-supply-curve-and-the-demand-curve-both-shift-to-the-left-t-5148230.htm',
          'https://www.transtutors.com/questions/question-1-0-1-pts-the-law-of-demand-implies-quantity-demanded-rises-as-price-rises--5148229.htm',
          'https://www.transtutors.com/questions/why-are-quarterly-movements-in-a-country-s-gdp-measure-so-important-what-is-it-calle-5148228.htm',
          'https://www.transtutors.com/questions/qd-5148227.htm',
          'https://www.transtutors.com/questions/please-answer-the-questions-using-dada-method-q4-market-failure-and-externallties-ch-5148226.htm',
          'https://www.transtutors.com/questions/q2-a-monopolist-m-serves-consumers-in-two-markets-h-and-l-the-inverse-market-demand--5148225.htm',
          'https://www.transtutors.com/questions/please-answer-using-dada-method-q2-market-structures-monopoly-chapter-8-6-marks-a-if-5148224.htm',
          'https://www.transtutors.com/questions/q2-country-beta-has-launched-a-campaign-quot-stop-the-flight-of-our-jobs-quot-since--5148223.htm',
          'https://www.transtutors.com/questions/q1-a-team-of-economists-recently-worked-with-resource-managers-in-santa-fe-to-find-o-5148222.htm',
          'https://www.transtutors.com/questions/can-someone-help-me-with-this-question-the-purpose-of-this-exercise-is-to-compute-a--5148221.htm',
          'https://www.transtutors.com/questions/prublems-and-15-14-worlds-apart-per-capita-gnp-most-recently-is-about-56-times-great-5148220.htm',
          'https://www.transtutors.com/questions/provide-facts-do-some-research-and-briefly-mention-the-facts-that-confirm-the-hackin-5148218.htm',
          'https://www.transtutors.com/questions/provide-an-example-of-a-medical-treatment-device-or-drug-give-four-examples-of-facto-5148217.htm',
          'https://www.transtutors.com/questions/provide-an-example-of-a-medical-treatment-device-or-drug-give-four-examples-of-facto-5148216.htm',
          'https://www.transtutors.com/questions/prove-the-rotten-kid-theorem-hint-plug-b-ic-a-ip-a-the-parents-reaction-to-the-chil-5148215.htm',
          'https://www.transtutors.com/questions/on-a-production-possibilities-frontier-showing-military-goods-and-consumer-goods-whi-5148214.htm',
          'https://www.transtutors.com/questions/a-production-possibilities-frontier-that-illustrates-the-production-of-cars-and-comp-5148213.htm',
          'https://www.transtutors.com/questions/a-production-possibilities-frontier-that-illustrates-the-production-of-cars-and-comp-5148212.htm',
          'https://www.transtutors.com/questions/for-each-of-the-production-functions-below-determine-whether-the-function-exhibits-i-5148211.htm',
          'https://www.transtutors.com/questions/the-production-function-is-described-by-equation-y-k-0-6-l-0-4-depreciation-rate-d-i-5148210.htm',
          'https://www.transtutors.com/questions/problem-4-anita-buys-pies-x-and-champagne-y-with-her-income-of-64-the-price-of-champ-5148209.htm',
          'https://www.transtutors.com/questions/problem-4-55-algorithmic-question-help-how-much-money-would-be-accumulated-in-10-yea-5148208.htm',
          'https://www.transtutors.com/questions/problem-1-5-question-help-related-to-solved-problem-suppose-the-following-table-give-5148207.htm',
          'https://www.transtutors.com/questions/problem-1-15-points-total-a-company-that-produces-chocolate-hearts-for-valentine-39--5148206.htm',
          'https://www.transtutors.com/questions/pricing-20-a-monopolist-with-cost-function-c-q-q2-faces-a-market-demand-function-of--5148205.htm',
          'https://www.transtutors.com/questions/should-prices-reflect-the-value-consumers-are-willing-to-pay-or-they-should-reflect--5148204.htm'],
 'project': ['trans'],
 'referring_link': ['https://www.transtutors.com/questions/economics/117/'],
 'spider': ['trans_links']}
2020-02-05 23:30:10 [scrapy.core.engine] DEBUG: Crawled (200) <GET https://www.transtutors.com/questions/economics/119/> (referer: https://www.google.com/) ['cached']
2020-02-05 23:30:10 [scrapy.core.scraper] DEBUG: Scraped from <200 https://www.transtutors.com/questions/economics/118/>
{'category': ['economy'],
 'date': [datetime.datetime(2020, 2, 5, 23, 30, 10, 232215)],
 'link': ['https://www.transtutors.com/questions/if-price-rises-what-happens-to-quantity-supplied-of-a-product-it-does-not-change-it--5148203.htm',
          'https://www.transtutors.com/questions/price-quantity-refer-to-the-above-figure-other-things-being-equal-when-the-governmen-5148202.htm',
          'https://www.transtutors.com/questions/the-price-of-higher-education-is-the-net-tuition-students-pay-published-tuition-minu-5148201.htm',
          'https://www.transtutors.com/questions/if-the-price-of-flash-memory-cards-increases-then-there-will-be-of-flash-memory-card-5148200.htm',
          'https://www.transtutors.com/questions/if-price-falls-what-happens-to-the-quantity-demanded-for-a-product-it-decreases-it-d-5148199.htm',
          'https://www.transtutors.com/questions/price-of-eggs-dollars-per-carton-quantity-of-eggs-cartons-per-day-0-10-20-30-40-50-6-5148198.htm',
          'https://www.transtutors.com/questions/price-dollars-per-purse-2-taxes-and-welfare-consider-the-market-for-designer-purses--5148197.htm',
          'https://www.transtutors.com/questions/price-dolars-per-ton-o-homework-ch-09-the-following-graph-shows-the-domestic-supply--5148196.htm',
          'https://www.transtutors.com/questions/price-of-5-the-country-of-caspir-produces-only-cereal-and-milk-quantities-and-prices-5148195.htm',
          'https://www.transtutors.com/questions/please-help-me-with-those-questions-and-right-answer-thanks-we-were-unable-to-transc-5148194.htm',
          'https://www.transtutors.com/questions/if-pretzels-and-potato-chips-are-substitute-goods-which-of-the-following-is-likely-t-5148193.htm',
          'https://www.transtutors.com/questions/in-the-presidential-election-results-between-mitt-romney-and-barack-obama-in-2012-th-5148192.htm',
          'https://www.transtutors.com/questions/if-possible-i-would-appreciate-as-much-work-as-possible-so-i-can-follow-the-steps-an-5148191.htm',
          'https://www.transtutors.com/questions/a-political-and-economic-system-that-promotes-common-ownership-of-property-and-means-5148190.htm',
          'https://www.transtutors.com/questions/the-polish-government-has-introduced-quot-the-family-500-quot-which-is-poland-39-s-n-5148189.htm',
          'https://www.transtutors.com/questions/are-there-any-policies-today-that-may-be-similar-and-could-cause-another-downturn-wh-5148188.htm',
          'https://www.transtutors.com/questions/plz-help-with-this-homework-plz-don-39-t-copy-answers-that-were-answered-before-than-5148187.htm',
          'https://www.transtutors.com/questions/please-type-and-no-plagiarism-more-than-a-page-assignment-3-politics-and-economy-1-i-5148186.htm',
          'https://www.transtutors.com/questions/please-provide-a-review-of-the-article-including-your-own-thoughts-on-the-topic-conn-5148185.htm',
          'https://www.transtutors.com/questions/please-make-me-an-argumentative-essay-min-300-words-with-the-title-quot-increasing-e-5148184.htm',
          'https://www.transtutors.com/questions/please-limit-your-answer-to-a-maximum-of-1-2-short-paragraphs-per-question-you-can-w-5148183.htm',
          'https://www.transtutors.com/questions/please-include-the-a-and-b-so-i-dome-get-confused-with-which-one-is-which-and-thank--5148182.htm',
          'https://www.transtutors.com/questions/please-help-with-the-questions-at-the-bottom-read-the-story-and-answer-questions-at--5148181.htm',
          'https://www.transtutors.com/questions/can-you-please-explain-with-as-much-detail-as-possible-as-i-39-m-trying-really-hard--5148180.htm',
          'https://www.transtutors.com/questions/please-explain-deeply-your-answer-it-will-be-imperious-for-you-to-develop-the-soltui-5148179.htm',
          'https://www.transtutors.com/questions/please-explain-deeply-your-answer-it-will-be-imperious-for-you-to-develop-the-soltui-5148178.htm',
          'https://www.transtutors.com/questions/please-explain-deeply-your-answer-it-will-be-imperious-for-you-to-develop-the-soltui-5148177.htm',
          'https://www.transtutors.com/questions/please-explain-deeply-your-answer-it-will-be-imperious-for-you-to-develop-the-soltui-5148176.htm',
          'https://www.transtutors.com/questions/please-explain-deeply-your-answer-it-will-be-imperious-for-you-to-develop-the-soltui-5148175.htm',
          'https://www.transtutors.com/questions/please-explain-deeply-your-answer-it-will-be-imperious-for-you-to-develop-the-soltui-5148174.htm',
          'https://www.transtutors.com/questions/please-answer-these-questions-1-define-the-terms-short-run-v-long-run-in-production--5148173.htm',
          'https://www.transtutors.com/questions/please-answer-either-decreases-or-increases-in-the-first-box-please-answer-either-re-5148172.htm',
          'https://www.transtutors.com/questions/if-piece-rate-or-commission-systems-of-compensating-workers-have-important-advantage-5148171.htm',
          'https://www.transtutors.com/questions/pick-one-option-for-each-blank-1-a-increase-b-decrease-c-not-affect-2-a-hire-more-b--5148170.htm',
          'https://www.transtutors.com/questions/perfect-competition-is-the-supply-and-demand-model-that-is-often-used-to-inaccuratel-5148169.htm',
          'https://www.transtutors.com/questions/pe-2-12-a-lash-adjuster-keeps-pressure-constant-on-e-engine-valves-thereby-increasin-5148168.htm',
          'https://www.transtutors.com/questions/parties-plus-is-an-events-management-company-that-is-available-for-hire-to-organise--5148167.htm',
          'https://www.transtutors.com/questions/part-1-perfect-competition-suppose-the-market-for-nurses-can-be-modeled-using-supply-5148166.htm',
          'https://www.transtutors.com/questions/part-1-multiple-cholce-marks-30-x-1-part-1-multiple-choice-questions-in-perfect-comp-5148165.htm',
          'https://www.transtutors.com/questions/page-learning-cengageunlimited-quizlet-cengage-unlimited-landi-search-this-cou-ity-a-5148164.htm',
          'https://www.transtutors.com/questions/question-number-4-2-i-need-detailed-answer-pa-apa-ap-all-spreadsheet-functions-annui-5148163.htm',
          'https://www.transtutors.com/questions/p-c-0-4-p-d-0-3-p-cd-0-4-and-complete-the-following-with-decimal-values-accurate-to--5148162.htm',
          'https://www.transtutors.com/questions/owners-may-have-sole-ownership-while-and-may-have-two-or-more-owners-and-ownership--5148161.htm',
          'https://www.transtutors.com/questions/ou-tul-10-of-10-3-complete-le-a-this-quiz-10-pts-possible-market-failure-occurs-when-5148160.htm',
          'https://www.transtutors.com/questions/the-organization-does-not-look-only-at-the-formal-lines-of-authority-instead-it-emph-5148159.htm',
          'https://www.transtutors.com/questions/opponents-of-affirmative-action-programs-have-argued-that-criteria-besides-race-and--5148158.htm',
          'https://www.transtutors.com/questions/a-one-year-discount-bond-issued-by-x-has-a-payout-of-1-250-and-today-39-s-price-is-1-5148157.htm',
          'https://www.transtutors.com/questions/which-one-of-the-following-is-not-the-change-in-medical-care-delivery-in-the-u-s-a-a-5148156.htm',
          'https://www.transtutors.com/questions/which-one-of-the-following-is-not-the-change-in-medical-care-delivery-in-the-u-s-a-a-5148155.htm',
          'https://www.transtutors.com/questions/one-common-measure-of-the-quot-standard-of-living-quot-in-a-nation-is-unemployment-r-5148154.htm'],
 'project': ['trans'],
 'referring_link': ['https://www.transtutors.com/questions/economics/118/'],
 'spider': ['trans_links']}
2020-02-05 23:30:10 [scrapy.core.engine] DEBUG: Crawled (200) <GET https://www.transtutors.com/questions/economics/120/> (referer: https://www.google.com/) ['cached']
2020-02-05 23:30:10 [scrapy.core.scraper] DEBUG: Scraped from <200 https://www.transtutors.com/questions/economics/119/>
{'category': ['economy'],
 'date': [datetime.datetime(2020, 2, 5, 23, 30, 10, 408216)],
 'link': ['https://www.transtutors.com/questions/quot-there-is-only-one-boss-xxx-and-he-she-can-fire-everybody-in-the-company-quot-w-5148153.htm',
          'https://www.transtutors.com/questions/olivia-has-received-a-15-gift-certificate-that-is-redeemable-only-for-roasted-peanut-5148152.htm',
          'https://www.transtutors.com/questions/we-often-hear-the-word-passionate-used-to-describe-great-leaders-these-leaders-are-p-5148151.htm',
          'https://www.transtutors.com/questions/we-were-unable-to-transcribe-this-imageoccasionally-market-conditions-they-may-limit-5148149.htm',
          'https://www.transtutors.com/questions/o-e-awareness-question-11-5-points-complete-example-of-4p-39-s-with-target-market-by-5148148.htm',
          'https://www.transtutors.com/questions/o-0-2-fx-x-0-39-0-74-li-parts-a-through-d-below-will-be-hand-graded-see-instructions-5148147.htm',
          'https://www.transtutors.com/questions/ny-cengage-com-ngage-learning-highe-updates-not-installed-ndtap-some-updates-could-n-5148146.htm',
          'https://www.transtutors.com/questions/in-november-2011-the-national-planning-commission-developed-a-draft-national-plan-wh-5148145.htm',
          'https://www.transtutors.com/questions/notes-1-clearly-state-your-assumptions-and-report-for-each-problem-the-time-to-solut-5148144.htm',
          'https://www.transtutors.com/questions/please-answer-the-questions-note-for-a-variable-x-the-compound-growth-rate-g-can-be--5148143.htm',
          'https://www.transtutors.com/questions/note-be-sure-to-show-all-your-math-work-imagine-the-demand-function-for-a-good-takes-5148142.htm',
          'https://www.transtutors.com/questions/note-be-sure-to-show-all-your-math-work-given-the-following-demand-and-supply-functi-5148141.htm',
          'https://www.transtutors.com/questions/note-be-sure-to-show-all-your-math-work-given-the-following-demand-functions-for-thr-5148140.htm',
          'https://www.transtutors.com/questions/note-be-sure-to-show-all-your-math-work-given-the-following-demand-function-88-0-4-c-5148139.htm',
          'https://www.transtutors.com/questions/note-be-sure-to-show-all-your-math-work-assume-that-the-demand-function-for-a-good-t-5148138.htm',
          'https://www.transtutors.com/questions/nhat-is-meant-by-opportunity-cost-give-an-example-suppose-that-you-need-to-take-a-cl-5148137.htm',
          'https://www.transtutors.com/questions/ng-cengage-com-c-engage-unlimited-landi-search-this-course-mindtap-cengage-learning--5148136.htm',
          'https://www.transtutors.com/questions/a-news-story-from-2017-about-the-oil-market-stated-quot-crude-oil-prices-fell-in-par-5148135.htm',
          'https://www.transtutors.com/questions/a-new-computer-network-system-is-being-considered-for-an-organization-the-initial-co-5148134.htm',
          'https://www.transtutors.com/questions/i-need-one-example-of-how-the-weather-our-economy-or-other-factors-affect-the-demand-5148133.htm',
          'https://www.transtutors.com/questions/name-september-19-2018-5-25-points-below-is-the-estimated-demand-function-for-syrah--5148132.htm',
          'https://www.transtutors.com/questions/name-print-clearly-problem-set-2-macroeconomics-print-out-the-problem-set-and-write--5148131.htm',
          'https://www.transtutors.com/questions/a-n-would-exist-if-an-employee-has-no-actual-conflict-of-interest-but-other-people-m-5148130.htm',
          'https://www.transtutors.com/questions/there-are-n-potential-investors-each-one-with-the-option-of-investing-1-million-doll-5148129.htm',
          'https://www.transtutors.com/questions/please-assist-with-the-right-answers-n-de-demand-for-creddi-t-ao-ncrease-shyk-the-m--5148128.htm',
          'https://www.transtutors.com/questions/you-must-decide-which-of-two-wind-turbines-to-purchase-for-a-new-wind-farm-your-comp-5148127.htm',
          'https://www.transtutors.com/questions/how-much-do-you-need-to-deposit-today-if-you-want-to-withdraw-10-000-per-year-at-the-5148126.htm',
          'https://www.transtutors.com/questions/a-moving-to-another-question-will-question-2-a-common-method-that-the-government-uti-5148125.htm',
          'https://www.transtutors.com/questions/please-show-work-monopoly-your-pharmaceutical-company-has-developed-a-new-therapy-th-5148124.htm',
          'https://www.transtutors.com/questions/the-money-multiplier-is-much-lower-today-than-it-was-twenty-five-years-ago-because-m-5148123.htm',
          'https://www.transtutors.com/questions/a-model-of-labor-market-some-economists-argue-that-the-beveridge-out-after-the-globa-5148122.htm',
          'https://www.transtutors.com/questions/having-trouble-with-this-whatever-help-you-could-give-would-be-greatly-appreciated-a-5148121.htm',
          'https://www.transtutors.com/questions/a-model-of-labor-market-some-economists-argue-that-the-beveridge-curve-in-the-u-s-ha-5148120.htm',
          'https://www.transtutors.com/questions/a-model-of-labor-market-some-economists-argue-that-the-beveridge-curve-in-the-u-s-ha-5148119.htm',
          'https://www.transtutors.com/questions/mitch-m-and-indra-i-are-competing-in-quantities-in-the-market-for-retail-mobile-serv-5148118.htm',
          'https://www.transtutors.com/questions/need-help-with-problem-1-thank-you-mgmt-209-economics-for-managers-fall-2019-homewor-5148117.htm',
          'https://www.transtutors.com/questions/mexico-39-s-sugary-drink-tax-makes-a-dent-in-consumption-study-claims-by-eliza-barcl-5148116.htm',
          'https://www.transtutors.com/questions/this-is-merely-a-note-of-appreciation-to-this-section-of-econ-637-i-hope-that-you-ha-5148115.htm',
          'https://www.transtutors.com/questions/measuring-the-economy-1-warming-up-in-years-1-and-2-there-are-two-products-produced--5148114.htm',
          'https://www.transtutors.com/questions/what-does-it-mean-to-say-that-firms-face-perfectly-elastic-demand-or-that-they-are-p-5148113.htm',
          'https://www.transtutors.com/questions/below-is-a-matrix-often-used-to-brainstorm-about-risks-with-the-thinking-that-risk-i-5148112.htm',
          'https://www.transtutors.com/questions/market-equilibrium-and-disequilibrium-the-following-graph-shows-the-monthly-demand-a-5148111.htm',
          'https://www.transtutors.com/questions/the-market-demand-and-supply-equations-for-good-are-a-what-is-the-equilibrium-price--5148110.htm',
          'https://www.transtutors.com/questions/if-the-marginal-product-of-labour-is-rising-is-the-marginal-cost-of-production-risin-5148109.htm',
          'https://www.transtutors.com/questions/if-the-marginal-product-of-labour-is-falling-is-the-marginal-cost-of-production-risi-5148108.htm',
          'https://www.transtutors.com/questions/marginal-cost-marginal-benefit-o-q-quantity-of-shoes-refer-to-the-diagram-for-athlet-5148107.htm',
          'https://www.transtutors.com/questions/we-were-unable-to-transcribe-this-imagemarcus-paid-35-to-buy-a-potato-cannon-a-cylin-5148106.htm',
          'https://www.transtutors.com/questions/mail-lahey-brock-outlook-x-c-get-homework-help-with-che-x-0-x-chapter-5-constraints--5148105.htm',
          'https://www.transtutors.com/questions/is-lm-model-closed-economy-question-1-the-following-equations-describe-a-small-open--5148104.htm',
          'https://www.transtutors.com/questions/is-lm-bp-model-open-economy-question-2-goods-market-c-co-cyd-yd-y-t-tr-t-to-ty-i-io-5148103.htm'],
 'project': ['trans'],
 'referring_link': ['https://www.transtutors.com/questions/economics/119/'],
 'spider': ['trans_links']}
2020-02-05 23:30:10 [scrapy.core.engine] DEBUG: Crawled (200) <GET https://www.transtutors.com/questions/economics/121/> (referer: https://www.google.com/) ['cached']
2020-02-05 23:30:10 [scrapy.core.scraper] DEBUG: Scraped from <200 https://www.transtutors.com/questions/economics/120/>
{'category': ['economy'],
 'date': [datetime.datetime(2020, 2, 5, 23, 30, 10, 559072)],
 'link': ['https://www.transtutors.com/questions/list-the-three-factors-that-influence-the-size-of-the-human-population-compare-the-t-5148102.htm',
          'https://www.transtutors.com/questions/linear-equations-for-the-consumption-and-saving-schedules-take-the-general-form-c-a--5148101.htm',
          'https://www.transtutors.com/questions/in-light-of-the-analysis-in-chapter-1-of-the-economics-of-macro-issues-rich-nation-p-5148100.htm',
          'https://www.transtutors.com/questions/2-let-x-be-the-number-of-applicants-who-apply-for-a-senior-level-position-at-a-large-5148099.htm',
          'https://www.transtutors.com/questions/let-u-v-p-u-and-u-39-v-pl-w-explain-to-your-non-economist-grandma-and-grandpa-a-e-p--5148098.htm',
          'https://www.transtutors.com/questions/no-more-information-have-been-given-let-r-be-represented-by-u-x-lea-ln-ce-a-write-th-5148097.htm',
          'https://www.transtutors.com/questions/the-least-squares-assumptions-for-causal-inference-key-concept-4-3-y-bo-b1x-ui-i-1-n-5148096.htm',
          'https://www.transtutors.com/questions/lease-answer-the-questions-in-the-order-in-which-they-appear-1-the-following-is-give-5148095.htm',
          'https://www.transtutors.com/questions/le-daims-compliance-with-the-pdf-a-standard-and-has-been-opened-read-only-to-prevent-5148094.htm',
          'https://www.transtutors.com/questions/and-law-roughly-speaking-patent-law-covers-protects-an-author-39-s-original-books-01-5148093.htm',
          'https://www.transtutors.com/questions/law-under-the-doctrine-of-stare-decisis-courts-are-obligated-to-follow-the-precedent-5148092.htm',
          'https://www.transtutors.com/questions/what-is-the-law-of-diminishing-returns-the-law-of-diminishing-returns-states-that-o--5148091.htm',
          'https://www.transtutors.com/questions/in-labor-markets-supply-of-labor-comes-from-individuals-and-demand-for-labor-comes-f-5148090.htm',
          'https://www.transtutors.com/questions/labor-demand-with-monopoly-product-markets-3-1-augment-the-competitive-market-firm-3-5148089.htm',
          'https://www.transtutors.com/questions/in-the-lab-we-looked-at-the-effect-of-changing-the-state-penalty-matrix-q-but-never--5148088.htm',
          'https://www.transtutors.com/questions/kites-hour-snowboards-hour-jesse-april-table-3-1-consider-two-individuals-jesse-and--5148087.htm',
          'https://www.transtutors.com/questions/juua-6-check-the-cost-of-a-fence-that-can-detect-poacher-intrusion-into-a-national-w-5148086.htm',
          'https://www.transtutors.com/questions/as-of-june-2019-australia-has-a-total-population-of-25-2m-and-20-6m-are-15-years-old-5148085.htm',
          'https://www.transtutors.com/questions/juanita-is-deciding-whether-to-buy-a-skirt-that-she-wants-as-well-as-where-to-buy-it-5148084.htm',
          'https://www.transtutors.com/questions/janice-consumes-two-goods-x-and-y-janice-has-a-utility-function-given-by-the-express-5148083.htm',
          'https://www.transtutors.com/questions/if-investors-find-that-the-expected-return-on-bonds-rise-relative-to-other-assets-in-5148082.htm',
          'https://www.transtutors.com/questions/if-investors-find-that-the-expected-return-on-bonds-rise-relative-to-other-assets-in-5148081.htm',
          'https://www.transtutors.com/questions/module-4-assignment-instructions-only-provide-your-opinions-when-specifically-called-5148080.htm',
          'https://www.transtutors.com/questions/instructions-assume-that-what-is-produced-is-what-is-sold-x-q-the-sale-price-is-1-50-5148079.htm',
          'https://www.transtutors.com/questions/which-institution-has-the-highest-average-public-opinion-ratings--5148078.htm',
          'https://www.transtutors.com/questions/inoculation-programs-that-administer-vaccines-against-certain-diseases-such-as-small-5148077.htm',
          'https://www.transtutors.com/questions/initially-the-exchange-rate-between-the-australian-dollar-and-yen-is-80-a-1-suppose--5148076.htm',
          'https://www.transtutors.com/questions/ing-he-12-markets-and-institutions-why-is-a-system-of-well-defined-and-enforceable-p-5148075.htm',
          'https://www.transtutors.com/questions/information-processing-activities-such-as-credit-card-billing-hospital-billing-accou-5148074.htm',
          'https://www.transtutors.com/questions/inflation-targets-consider-a-central-bank-that-has-an-inflation-target-is-it-realist-5148073.htm',
          'https://www.transtutors.com/questions/if-inflation-is-higher-than-the-target-the-taylor-rule-states-that-o-a-the-central-b-5148072.htm',
          'https://www.transtutors.com/questions/indicate-whic-at-which-condition-pant-the-function-is-in-definition-4-3-is-not-disco-5148071.htm',
          'https://www.transtutors.com/questions/an-increase-in-public-investment-may-not-have-a-crowding-out-effect-if-private-inves-5148070.htm',
          'https://www.transtutors.com/questions/incorrect-question-8-0-1-25-pts-your-annual-starting-salary-in-your-first-job-out-of-5148069.htm',
          'https://www.transtutors.com/questions/include-a-synopsis-of-your-findings-including-your-recommendations-and-rationale-for-5148068.htm',
          'https://www.transtutors.com/questions/impact-evaluation-of-forest-conservation-programs-benefit-cost-analysis-without-the--5148067.htm',
          'https://www.transtutors.com/questions/imagine-you-were-the-lead-business-economist-of-the-competition-commission-that-inve-5148066.htm',
          'https://www.transtutors.com/questions/imagine-that-an-eastern-european-economy-is-going-to-join-the-european-union-the-cit-5148065.htm',
          'https://www.transtutors.com/questions/imagine-that-the-curves-shown-in-the-accompanying-figure-represent-two-demand-curves-5148064.htm',
          'https://www.transtutors.com/questions/hungary-recently-joined-the-european-union-eu-and-faces-intense-import-competition-f-5148063.htm',
          'https://www.transtutors.com/questions/hungary-recently-joined-the-european-union-eu-and-faces-intense-import-competition-f-5148062.htm',
          'https://www.transtutors.com/questions/hp-take-test-jaspreet-google-chrome-mathod-com-student-player-test-e-stid-203403992--5148061.htm',
          'https://www.transtutors.com/questions/i-hope-you-can-help-as-much-as-possible-address-the-issues-involved-in-measuring-wha-5148060.htm',
          'https://www.transtutors.com/questions/homework-homework-02-save-score-0-of-4-pts-13-of-30-12-complete-hw-score-38-38-of-10-5148059.htm',
          'https://www.transtutors.com/questions/homework-homework-02-save-score-0-of-3-pts-14-of-30-13-complete-hw-score-42-42-of-10-5148058.htm',
          'https://www.transtutors.com/questions/homework-assess-chapter-3-homework-score-0-of-1-pt-x-3-mn-additional-problem-5-the-d-5148057.htm',
          'https://www.transtutors.com/questions/homework-assess-chapter-3-homework-score-0-of-1-pt-12-of-25-25-complete-x-3-5-additi-5148056.htm',
          'https://www.transtutors.com/questions/homework-assess-chapter-3-homework-score-0-of-1-pt-11-of-25-25-complete-x-3-5-additi-5148055.htm',
          'https://www.transtutors.com/questions/need-help-from-questions-f-home-foreign-marginal-products-cheese-wine-labor-force-10-5148054.htm',
          'https://www.transtutors.com/questions/hi-please-show-all-work-to-help-with-my-understanding-this-is-important-for-me-to-pr-5148053.htm'],
 'project': ['trans'],
 'referring_link': ['https://www.transtutors.com/questions/economics/120/'],
 'spider': ['trans_links']}
2020-02-05 23:30:10 [scrapy.core.engine] DEBUG: Crawled (200) <GET https://www.transtutors.com/questions/economics/122/> (referer: https://www.google.com/) ['cached']
2020-02-05 23:30:10 [scrapy.core.scraper] DEBUG: Scraped from <200 https://www.transtutors.com/questions/economics/121/>
{'category': ['economy'],
 'date': [datetime.datetime(2020, 2, 5, 23, 30, 10, 731130)],
 'link': ['https://www.transtutors.com/questions/hi-can-you-make-me-a-long-essay-with-theme-quot-improving-quality-on-economics-quot--5148052.htm',
          'https://www.transtutors.com/questions/hi-i-can-get-the-solution-for-this-question-please-include-an-explanation-for-the-qu-5148051.htm',
          'https://www.transtutors.com/questions/can-you-help-me-with-writing-a-literature-review-on-the-pros-cons-of-outsourcing-pra-5148050.htm',
          'https://www.transtutors.com/questions/to-help-communicate-company-goals-to-all-employees-cold-stone-creamery-distributes-a-5148049.htm',
          'https://www.transtutors.com/questions/hello-instructions-asked-us-to-find-1980-2017-data-on-the-philippines-39-trade-balan-5148048.htm',
          'https://www.transtutors.com/questions/when-heavy-rain-ruined-the-banana-crop-in-central-america-the-price-of-bananas-rose--5148047.htm',
          'https://www.transtutors.com/questions/gure-1-supply-and-demand-for-jet-skis-tops-8-000-dwd-6-what-is-the-nature-of-economi-5148046.htm',
          'https://www.transtutors.com/questions/the-graph-below-shows-the-production-set-for-a-firm-with-one-input-x-and-the-resulti-5148045.htm',
          'https://www.transtutors.com/questions/in-the-graph-the-movement-between-points-b-and-c-is-known-as-o-a-a-contraction-ob-an-5148044.htm',
          'https://www.transtutors.com/questions/on-the-graph-label-each-of-the-following-situations-the-first-situation-you-will-lab-5148043.htm',
          'https://www.transtutors.com/questions/graded-homework-prices-free-controlled-and-relative-ch-04-grey-field-will-change-acc-5148042.htm',
          'https://www.transtutors.com/questions/the-government-increases-unemployment-benefits-by-1-million-and-funds-it-entirely-by-5148041.htm',
          'https://www.transtutors.com/questions/the-government-has-imposed-a-50-cents-gas-tax-in-new-york-on-ny-gas-stations-many-of-5148040.htm',
          'https://www.transtutors.com/questions/the-government-is-considering-building-a-bridge-to-connect-havelock-island-with-the--5148039.htm',
          'https://www.transtutors.com/questions/if-goods-a-and-b-are-substitutes-and-the-price-of-good-a-falls-a-the-demand-curve-fo-5148038.htm',
          'https://www.transtutors.com/questions/good-price-elasticity-of-demand-a-1-9-b-0-8-which-of-the-following-is-consistent-wit-5148037.htm',
          'https://www.transtutors.com/questions/gloss-9-bei-beni-boog-if-an-estimated-regression-yields-an-r2-value-equal-to-0-2-we--5148036.htm',
          'https://www.transtutors.com/questions/global-business-environment-1-how-has-the-bilateral-trade-between-the-us-and-china-m-5148035.htm',
          'https://www.transtutors.com/questions/glen-autos-imports-raw-materials-worth-5-000-for-manufacturing-a-car-which-it-sells--5148034.htm',
          'https://www.transtutors.com/questions/glen-autos-imports-raw-materials-worth-5-000-for-manufacturing-a-car-which-it-sells--5148033.htm',
          'https://www.transtutors.com/questions/given-two-goods-good-k-and-good-t-if-the-price-of-good-k-is-k2-per-unit-and-good-is--5148032.htm',
          'https://www.transtutors.com/questions/given-two-goods-good-k-and-good-t-if-the-price-of-good-k-is-k2-per-unit-and-good-is--5148031.htm',
          'https://www.transtutors.com/questions/please-solve-94-given-the-production-function-y-a-k5-l-assume-technology-is-1-saving-5148030.htm',
          'https://www.transtutors.com/questions/given-the-following-table-of-costs-productivities-and-revenues-l-tp-q-mpl-apl-price--5148029.htm',
          'https://www.transtutors.com/questions/i-was-given-the-following-question-and-someone-from-chegg-helped-me-answer-it-the-an-5148028.htm',
          'https://www.transtutors.com/questions/given-the-following-demand-functions-q-d-200-2p-x-p-y-0-1m-and-ln-q-d-100-ln-p-x-0-2-5148027.htm',
          'https://www.transtutors.com/questions/gi-designs-a-copper-furniture-manufacturer-increased-the-price-on-its-copper-tableto-5148026.htm',
          'https://www.transtutors.com/questions/if-gdp-is-noticeably-below-its-potential-then-an-equal-increase-in-government-purcha-5148025.htm',
          'https://www.transtutors.com/questions/below-are-four-supply-curve-diagrams-each-of-which-represents-a-change-in-supply-or--5148024.htm',
          'https://www.transtutors.com/questions/what-is-the-formula-to-calculate-indexes-for-macroeconomics-given-a-example-table-an-5148023.htm',
          'https://www.transtutors.com/questions/the-formula-for-albert-39-s-demand-curve-for-music-downloads-is-m-210-10pm-where-m-i-5148022.htm',
          'https://www.transtutors.com/questions/forkville-dech-hechind-5100-hechind-5150-firms-5100-the-other-fim-hech-firms-bid-550-5148021.htm',
          'https://www.transtutors.com/questions/which-of-the-following-would-decrease-the-social-welfare-a-monopoly-b-unit-taxes-col-5148020.htm',
          'https://www.transtutors.com/questions/which-of-the-following-is-a-type-of-conflict-of-interest-based-on-emotional-ties-and-5148019.htm',
          'https://www.transtutors.com/questions/the-following-two-graphs-depict-the-market-for-wine-on-the-first-graph-that-follows--5148018.htm',
          'https://www.transtutors.com/questions/the-following-table-identifies-a-group-of-children-by-one-of-four-hair-colors-and-by-5148017.htm',
          'https://www.transtutors.com/questions/the-following-table-contains-some-production-possibilities-for-an-economy-for-a-give-5148016.htm',
          'https://www.transtutors.com/questions/for-the-following-table-assume-a-marr-of-10-per-year-and-a-useful-life-for-each-alte-5148015.htm',
          'https://www.transtutors.com/questions/which-of-the-following-statements-is-correct-on-the-basis-of-the-information-shown-t-5148014.htm',
          'https://www.transtutors.com/questions/which-of-the-following-statements-is-most-accurate-1-a-country-39-s-real-gdp-is-the--5148013.htm',
          'https://www.transtutors.com/questions/which-of-the-following-is-proprietary-information-that-concerns-a-company-39-s-activ-5148012.htm',
          'https://www.transtutors.com/questions/which-of-the-following-offers-protection-to-employees-who-report-the-wrongdoings-of--5148011.htm',
          'https://www.transtutors.com/questions/which-of-the-following-must-be-involved-in-order-to-have-discrimination-in-employmen-5148010.htm',
          'https://www.transtutors.com/questions/which-of-the-following-indicates-an-employee-39-s-moral-responsibility-to-obey-the-e-5148009.htm',
          'https://www.transtutors.com/questions/which-of-the-following-is-an-implication-of-the-law-of-comparative-advantage-o-a-cou-5148008.htm',
          'https://www.transtutors.com/questions/the-following-graph-shows-the-short-run-supply-curve-for-pears-place-the-orange-line-5148007.htm',
          'https://www.transtutors.com/questions/which-of-the-following-is-a-goal-of-affirmation-action-programs-from-an-equal-justic-5148006.htm',
          'https://www.transtutors.com/questions/which-of-the-following-is-an-example-of-commercial-extortion-question-2-options-some-5148005.htm',
          'https://www.transtutors.com/questions/which-of-the-following-describes-the-relationship-between-pay-and-the-number-of-wome-5148004.htm',
          'https://www.transtutors.com/questions/which-of-the-following-demonstrates-the-law-of-demand-select-one-a-angela-buys-less--5148003.htm'],
 'project': ['trans'],
 'referring_link': ['https://www.transtutors.com/questions/economics/121/'],
 'spider': ['trans_links']}
2020-02-05 23:30:10 [scrapy.core.engine] DEBUG: Crawled (200) <GET https://www.transtutors.com/questions/economics/123/> (referer: https://www.google.com/) ['cached']
2020-02-05 23:30:10 [scrapy.core.scraper] DEBUG: Scraped from <200 https://www.transtutors.com/questions/economics/122/>
{'category': ['economy'],
 'date': [datetime.datetime(2020, 2, 5, 23, 30, 10, 890060)],
 'link': ['https://www.transtutors.com/questions/for-each-of-the-following-demand-curves-compute-the-inverse-demand-curve-a-d-p-max-1-5148002.htm',
          'https://www.transtutors.com/questions/which-of-the-following-is-considered-to-be-the-most-fundamental-elements-of-a-ration-5148001.htm',
          'https://www.transtutors.com/questions/is-the-following-claim-true-false-or-ambiguous-justify-your-answer-x2-the-price-of-q-5148000.htm',
          'https://www.transtutors.com/questions/which-of-the-following-is-not-a-characteristic-of-the-perfectly-competitive-market-a-5147999.htm',
          'https://www.transtutors.com/questions/in-which-of-the-following-cases-will-criminal-liability-be-excused-a-if-the-law-requ-5147998.htm',
          'https://www.transtutors.com/questions/which-of-the-following-is-carried-out-as-the-result-of-unconscious-factors-such-as-p-5147997.htm',
          'https://www.transtutors.com/questions/which-of-following-best-describes-the-idea-that-individuals-who-are-equal-in-all-res-5147996.htm',
          'https://www.transtutors.com/questions/which-of-the-following-best-describes-the-difference-between-an-objective-concept-an-5147995.htm',
          'https://www.transtutors.com/questions/which-of-the-following-best-describes-barriers-encountered-by-women-as-they-advance--5147994.htm',
          'https://www.transtutors.com/questions/following-is-an-average-price-list-of-vintage-wines-imported-from-france-if-you-are--5147993.htm',
          'https://www.transtutors.com/questions/which-of-the-following-arguments-are-used-by-those-organizations-that-support-the-go-5147992.htm',
          'https://www.transtutors.com/questions/which-of-the-following-arguments-in-favor-of-the-caring-organization-include-the-ide-5147991.htm',
          'https://www.transtutors.com/questions/which-of-the-following-is-achieved-when-decisions-that-affect-a-group-are-made-by-th-5147990.htm',
          'https://www.transtutors.com/questions/the-first-amendment-and-the-right-to-freedom-of-speech-lately-however-the-news-has-r-5147988.htm',
          'https://www.transtutors.com/questions/the-of-all-firms-can-be-broken-down-into-some-common-underlying-patterns-01-o-total--5147987.htm',
          'https://www.transtutors.com/questions/a-firm-39-s-production-function-is-given-by-the-equation-f-l-k-11-00l7-00-k-9-00-the-5147986.htm',
          'https://www.transtutors.com/questions/a-firm-has-the-production-function-f-x-y-min-2x-x-2y-on-the-graph-below-use-the-line-5147985.htm',
          'https://www.transtutors.com/questions/if-your-firm-leases-a-machine-to-a-customer-for-3000-per-year-for-5-years-and-the-co-5147984.htm',
          'https://www.transtutors.com/questions/find-the-optimum-bundle-of-goods-if-the-utility-function-is-as-follow-an-5147983.htm',
          'https://www.transtutors.com/questions/find-the-optimum-bundle-of-goods-if-the-utility-function-is-as-follow-1-4y-3-4-and-5147982.htm',
          'https://www.transtutors.com/questions/find-leonardo-39-s-utility-maximizing-bundle-if-his-travel-preferences-are-such-that-5147981.htm',
          'https://www.transtutors.com/questions/find-an-article-in-the-wall-street-journal-on-how-companies-are-expanding-the-use-of-5147980.htm',
          'https://www.transtutors.com/questions/find-an-article-about-an-intellectual-property-issue-that-has-occurred-recently-and--5147979.htm',
          'https://www.transtutors.com/questions/find-acme-39-s-suppy-curve-find-adme-39-s-supply-cure-amc-acme--5147978.htm',
          'https://www.transtutors.com/questions/file-edit-format-view-help-10-what-is-the-opportunity-cost-of-an-item-provide-a-real-5147977.htm',
          'https://www.transtutors.com/questions/this-file-dalims-compliance-with-the-pdf-a-standard-and-has-been-opened-read-only-to-5147976.htm',
          'https://www.transtutors.com/questions/this-file-daims-compliance-with-the-pdf-a-standard-and-has-been-opened-read-only-to--5147975.htm',
          'https://www.transtutors.com/questions/this-file-daims-compliance-with-the-pdf-a-standard-and-has-been-opened-read-only-to--5147974.htm',
          'https://www.transtutors.com/questions/his-file-daims-complance-with-the-pdf-a-standard-and-has-been-opened-read-only-to-pr-5147973.htm',
          'https://www.transtutors.com/questions/the-figure-below-depicts-the-effect-of-an-increase-in-the-supply-of-gasoline-on-equi-5147972.htm',
          'https://www.transtutors.com/questions/a-family-has-to-decide-how-much-of-his-monthly-income-to-spend-on-good-1-and-good-2--5147971.htm',
          'https://www.transtutors.com/questions/fair-trade-has-two-different-meanings-for-global-marketers-micro-and-macro-a-what-is-5147970.htm',
          'https://www.transtutors.com/questions/please-show-me-the-details-of-question-1-factor-values-2-21-find-the-numerical-value-5147969.htm',
          'https://www.transtutors.com/questions/this-is-for-microeconomics-which-factor-of-supply-would-the-introduction-of-e-mail-i-5147968.htm',
          'https://www.transtutors.com/questions/fa-price-ceiling-is-set-below-the-equilibrium-price-in-a-market-multiple-choice-rati-5147967.htm',
          'https://www.transtutors.com/questions/f-te-a-diagram-to-help-explain-the-likely-effects-of-this-tax-on-the-market-for-frui-5147966.htm',
          'https://www.transtutors.com/questions/explain-the-term-check-balances-separation-of-powers-in-the-us-constitution-why-is-i-5147965.htm',
          'https://www.transtutors.com/questions/explain-why-the-marginal-cost-curve-intersects-the-average-variable-cost-curve-at-th-5147964.htm',
          'https://www.transtutors.com/questions/explain-why-the-marginal-cost-curve-intersects-the-average-total-cost-curve-at-the-l-5147963.htm',
          'https://www.transtutors.com/questions/explain-the-link-between-labor-and-goods-market--5147962.htm',
          'https://www.transtutors.com/questions/explain-the-link-between-labor-and-goods-market--5147961.htm',
          'https://www.transtutors.com/questions/explain-the-key-determinants-of-philips-curve-in-the-short-run--5147960.htm',
          'https://www.transtutors.com/questions/explain-what-happens-to-the-interest-rate-if-the-money-supply-increases-or-decreases-5147959.htm',
          'https://www.transtutors.com/questions/explain-carefully-in-approximately-500-words-whether-your-data-agrees-or-disagrees-w-5147958.htm',
          'https://www.transtutors.com/questions/explain-the-benefits-of-maintaining-the-level-of-capital-stock-in-accordance-with-th-5147957.htm',
          'https://www.transtutors.com/questions/how-did-the-expansion-of-the-public-sphere-and-a-new-language-of-rights-offer-oppurt-5147956.htm',
          'https://www.transtutors.com/questions/exercise-2-unit-4-answer-the-following-questions-a-probe-numerically-your-answers-ba-5147955.htm',
          'https://www.transtutors.com/questions/exercise-2-unit-2-the-demand-and-supply-functions-for-zing-things-are-given-by-deman-5147954.htm',
          'https://www.transtutors.com/questions/please-show-procedure-in-excel-exercise-2-construct-a-spreadsheet-capable-of-generat-5147953.htm',
          'https://www.transtutors.com/questions/quot-excerpted-from-cavusgil-s-knight-g-riesenberger-j-2012-international-business--5147952.htm'],
 'project': ['trans'],
 'referring_link': ['https://www.transtutors.com/questions/economics/122/'],
 'spider': ['trans_links']}
2020-02-05 23:30:11 [scrapy.core.engine] DEBUG: Crawled (200) <GET https://www.transtutors.com/questions/economics/124/> (referer: https://www.google.com/) ['cached']
2020-02-05 23:30:11 [scrapy.core.scraper] DEBUG: Scraped from <200 https://www.transtutors.com/questions/economics/123/>
{'category': ['economy'],
 'date': [datetime.datetime(2020, 2, 5, 23, 30, 11, 52966)],
 'link': ['https://www.transtutors.com/questions/excel-assignment-beta-estimation-using-a-simple-regression-analysis-you-can-have-a-s-5147951.htm',
          'https://www.transtutors.com/questions/help-solve-examine-the-probability-distribution-shown-below-complete-parts-a-through-5147950.htm',
          'https://www.transtutors.com/questions/please-show-work-for-questions-1-and-2-exam-1-review-questions-of-600-customers-of-y-5147949.htm',
          'https://www.transtutors.com/questions/can-someone-help-me-out-please-ex16-xl-ch01-grader-ml1-hw-guest-house-rental-rates-1-5147948.htm',
          'https://www.transtutors.com/questions/evaluate-critically-the-following-statement-the-developed-countries-have-all-shown-a-5147947.htm',
          'https://www.transtutors.com/questions/europe-s-labor-force-is-aging-and-will-soon-begin-to-shrink-at-the-same-time-the-eur-5147946.htm',
          'https://www.transtutors.com/questions/esther-consumer-goods-x-and-y-and-her-utility-function-is-u-x-y-xy-y-for-this-utilit-5147945.htm',
          'https://www.transtutors.com/questions/establish-that-u-x-y-xy2-is-a-quasi-concave-function-without-using-lagrangian-method-5147944.htm',
          'https://www.transtutors.com/questions/this-is-an-english-essay-question-assignment-instruct-an-individual-that-has-no-expe-5147943.htm',
          'https://www.transtutors.com/questions/an-engineer-is-in-need-of-an-automobile-for-business-purposes-and-finds-that-he-can--5147942.htm',
          'https://www.transtutors.com/questions/ect-question-6-0-1-25-pts-eight-annual-deposits-of-250-are-made-at-the-end-of-each-o-5147941.htm',
          'https://www.transtutors.com/questions/solow-model-macroeconomics-calculation-question-help-if-an-economy-is-in-the-steady--5147940.htm',
          'https://www.transtutors.com/questions/an-economy-is-initially-at-its-long-run-equilibrium-in-reducing-the-country-39-s-car-5147939.htm',
          'https://www.transtutors.com/questions/when-economists-say-the-supply-of-a-product-has-increased-they-mean-the-supply-curve-5147938.htm',
          'https://www.transtutors.com/questions/from-an-economic-perspective-the-costs-of-trade-barriers-multiple-choice-are-outweig-5147937.htm',
          'https://www.transtutors.com/questions/how-is-economic-growth-shown-by-the-production-possibilities-curve-1-by-moving-up-th-5147936.htm',
          'https://www.transtutors.com/questions/economic-growth-in-class-worksheet-3-this-question-examines-the-calculation-of-nomin-5147935.htm',
          'https://www.transtutors.com/questions/what-are-the-economic-costs-of-waiting-lines-how-might-these-costs-be-measured-what--5147934.htm',
          'https://www.transtutors.com/questions/econometrics-1-refer-to-table-1-provided-and-answer-the-following-questions-a-provid-5147933.htm',
          'https://www.transtutors.com/questions/if-from-econ-for-engrs-scientists-class-can-please-be-a-detail-of-how-solved-a-compa-5147932.htm',
          'https://www.transtutors.com/questions/if-from-econ-for-engrs-scientists-class-can-please-be-a-detail-of-how-solved-4-becom-5147930.htm',
          'https://www.transtutors.com/questions/econ-705-estimating-costs-1-download-the-data-file-estimating-cost-data-see-below-as-5147929.htm',
          'https://www.transtutors.com/questions/econ-360-intermediate-microeconomics-homework-1-due-9-9-2019-draw-diagrams-indiffere-5147928.htm',
          'https://www.transtutors.com/questions/in-early-chilhood-prescool-how-often-should-video-observations-be-updated-and-contri-5147927.htm',
          'https://www.transtutors.com/questions/e-now-what-letter-s-label-s-consumer-surplus-with-international-trade-and-a-worla-pr-5147926.htm',
          'https://www.transtutors.com/questions/can-you-explain-8-please-due-to-diminishing-marginal-ple-productivity-of-capihan-th--5147925.htm',
          'https://www.transtutors.com/questions/only-3-done-1-of-23-case-outline-the-details-of-how-much-fred-and-harry-decide-to-pr-5147924.htm',
          'https://www.transtutors.com/questions/dollars-per-gallon-10-20-30-40-50-millions-of-gallons-per-day-in-the-above-figure-a--5147923.htm',
          'https://www.transtutors.com/questions/what-are-diseconomies-of-scale-diseconomies-of-scale-occur-when-o-a-a-firm-39-s-long-5147922.htm',
          'https://www.transtutors.com/questions/discuss-the-most-significant-issues-of-transition-that-a-country-will-face-as-it-mov-5147921.htm',
          'https://www.transtutors.com/questions/discuss-the-relative-benefits-of-gradualist-approach-to-policy-activism-as-opposed-t-5147920.htm',
          'https://www.transtutors.com/questions/discuss-the-reconstruction-amendments-which-were-added-to-the-u-s-constitution-from--5147919.htm',
          'https://www.transtutors.com/questions/discuss-the-reasons-for-and-against-the-us-china-trade-war-from-the-perspective-of-t-5147918.htm',
          'https://www.transtutors.com/questions/discuss-how-each-of-the-factors-in-presidential-decision-making-shape-and-limit-a-pr-5147917.htm',
          'https://www.transtutors.com/questions/discuss-the-difference-between-internal-and-external-environment-describe-five-impor-5147915.htm',
          'https://www.transtutors.com/questions/discuss-the-difference-between-economic-profit-normal-profit-and-accounting-profit-d-5147914.htm',
          'https://www.transtutors.com/questions/what-is-the-difference-between-natural-capital-and-natural-resources--5147913.htm',
          'https://www.transtutors.com/questions/design-macroeconomic-policy-that-would-help-the-recovery-of-the-greek-economy-assess-5147912.htm',
          'https://www.transtutors.com/questions/describe-a-waiting-line-situation-that-you-regularly-face-in-your-daily-life-explain-5147911.htm',
          'https://www.transtutors.com/questions/describe-the-term-natural-capital-and-use-it-to-carefully-explain-the-difference-bet-5147910.htm',
          'https://www.transtutors.com/questions/describe-how-culture-affects-the-development-of-agriculture-sector-in-tanzania-5147909.htm',
          'https://www.transtutors.com/questions/describe-how-a-company-of-a-medical-treatment-device-or-drug-can-gain-market-power-a-5147908.htm',
          'https://www.transtutors.com/questions/if-the-demand-for-a-good-is-relatively-elastic-this-means-that-consumer-purchases-of-5147907.htm',
          'https://www.transtutors.com/questions/the-demand-functions-of-two-duopolists-are-given-as-p1-105-2q1-q2-p2-35-q1-q2-and-th-5147906.htm',
          'https://www.transtutors.com/questions/the-demand-function-for-bicycles-in-super-city-has-been-estimated-to-be-q-2-000-5-5p-5147905.htm',
          'https://www.transtutors.com/questions/a-decrease-in-the-price-of-good-y-can-result-in-a-decrease-of-the-quantity-of-good-y-5147904.htm',
          'https://www.transtutors.com/questions/dating-back-to-the-1850s-australia-had-some-form-of-what-became-known-in-the-early-t-5147903.htm',
          'https://www.transtutors.com/questions/the-data-of-macroeconomics-end-of-chapter-problem-the-data-presented-here-are-the-si-5147902.htm',
          'https://www.transtutors.com/questions/d-defining-the-implicit-price-deflator-as-nominal-spending-divided-by-real-spending--5147901.htm',
          'https://www.transtutors.com/questions/5-d-u-u-u-u-tuli-ui-uni-ui-tural-individuals-wants-a-different-quantity-1-through-7-5147900.htm'],
 'project': ['trans'],
 'referring_link': ['https://www.transtutors.com/questions/economics/123/'],
 'spider': ['trans_links']}
2020-02-05 23:30:11 [scrapy.core.engine] DEBUG: Crawled (200) <GET https://www.transtutors.com/questions/economics/125/> (referer: https://www.google.com/) ['cached']
2020-02-05 23:30:11 [scrapy.core.scraper] DEBUG: Scraped from <200 https://www.transtutors.com/questions/economics/124/>
{'category': ['economy'],
 'date': [datetime.datetime(2020, 2, 5, 23, 30, 11, 253850)],
 'link': ['https://www.transtutors.com/questions/d-suppose-tastes-are-identical-across-countries-and-the-relative-demand-for-cars-to--5147899.htm',
          'https://www.transtutors.com/questions/d-question-5-according-to-the-graph-shown-if-the-market-goes-from-equilibrium-to-hav-5147898.htm',
          'https://www.transtutors.com/questions/d-find-the-price-range-for-which-the-company-will-make-a-profit-the-table-to-the-ri-5147897.htm',
          'https://www.transtutors.com/questions/a-current-account-surplus-implies-imports-gt-exports-domestic-savings-gt-domestic-in-5147896.htm',
          'https://www.transtutors.com/questions/of-course-complicated-that-39-s-why-i-ask-this-question-here-no-more-information-1-a-5147895.htm',
          'https://www.transtutors.com/questions/if-a-coupon-bond-has-two-years-to-maturity-a-coupon-rate-of-8-a-par-value-of-1100-an-5147894.htm',
          'https://www.transtutors.com/questions/a-country-39-s-gross-domestic-product-gdp-is-most-accurately-described-as-1-the-mark-5147893.htm',
          'https://www.transtutors.com/questions/correct-question-14-0-1-pts-when-quantity-demanded-increases-in-response-to-a-change-5147892.htm',
          'https://www.transtutors.com/questions/context-the-uk-voted-to-leave-the-european-union-eu-on-june-23-2016-by-a-majority-of-5147891.htm',
          'https://www.transtutors.com/questions/a-consumer-of-two-goods-x-and-y-has-the-following-utility-function-u-x-y-xy-ay-2-whr-5147890.htm',
          'https://www.transtutors.com/questions/a-consumer-purchases-x-and-y-and-has-utility-function-u-x-y-x-y-she-wishes-to-minimi-5147889.htm',
          'https://www.transtutors.com/questions/consider-the-zambian-market-for-soybeans-the-following-graph-shows-the-domestic-dema-5147888.htm',
          'https://www.transtutors.com/questions/consider-a-worker-with-a-utility-function-over-con-sumption-of-goods-c-and-leisure-l-5147887.htm',
          'https://www.transtutors.com/questions/0-and-o-e-r-this-is-known-as-a-constant-elasticity-of-quot-src-quot-https-files-tran-5147886.htm',
          'https://www.transtutors.com/questions/consider-two-projects-a-and-b-yielding-improvements-to-a-highway-the-only-output-of--5147885.htm',
          'https://www.transtutors.com/questions/consider-two-neighboring-island-countries-botoga-and-doporia-each-has-900-000-labor--5147884.htm',
          'https://www.transtutors.com/questions/consider-two-neighboring-island-countries-botoga-and-doporia-each-has-900-000-labor--5147883.htm',
          'https://www.transtutors.com/questions/consider-two-countries-kasnia-and-santa-prisca-which-have-the-following-endowments-a-5147882.htm',
          'https://www.transtutors.com/questions/consider-a-simple-economy-that-produces-two-goods-pens-and-oranges-the-following-tab-5147881.htm',
          'https://www.transtutors.com/questions/consider-the-scenario-shown-below-refer-to-figure-1-an-autonomous-system-as1-adverti-5147880.htm',
          'https://www.transtutors.com/questions/consider-robinson-crusoe-rc-on-an-island-by-himself-there-is-a-single-good-coconuts--5147879.htm',
          'https://www.transtutors.com/questions/consider-the-reaction-a-b-r-0-15-min-1-c-a-in-a-batch-reactor-the-shifting-time-betw-5147878.htm',
          'https://www.transtutors.com/questions/consider-a-question-that-has-arisen-for-a-city-government-concerning-the-size-of-an--5147877.htm',
          'https://www.transtutors.com/questions/consider-a-project-with-the-impacts-shown-on-the-following-timeline-assume-the-disco-5147876.htm',
          'https://www.transtutors.com/questions/consider-the-market-supply-of-donuts-complete-the-following-table-by-indicating-whet-5147875.htm',
          'https://www.transtutors.com/questions/consider-a-market-with-supply-and-demand-schedules-given-by-the-following-equations--5147874.htm',
          'https://www.transtutors.com/questions/consider-the-market-for-ping-golf-clubs-suppose-the-price-of-memberships-at-local-go-5147873.htm',
          'https://www.transtutors.com/questions/consider-a-market-with-inverse-demand-given-by-p-q-20-q-6-suppose-the-only-potential-5147872.htm',
          'https://www.transtutors.com/questions/consider-the-market-for-coffee-draw-the-supply-and-demand-graph-for-coffee-below-ass-5147871.htm',
          'https://www.transtutors.com/questions/consider-the-market-for-apple-juice-in-this-market-the-supply-curve-is-given-by-q-s--5147870.htm',
          'https://www.transtutors.com/questions/consider-a-macroeconomy-was-initially-at-equilibrium-using-an-aggregate-demand-and-a-5147869.htm',
          'https://www.transtutors.com/questions/consider-a-macroeconomy-was-initially-at-equilibrium-level-of-real-gdp-using-an-aggr-5147868.htm',
          'https://www.transtutors.com/questions/consider-the-long-run-model-of-a-closed-economy-with-a-marginal-propensity-to-consum-5147867.htm',
          'https://www.transtutors.com/questions/consider-an-island-economy-with-two-goods-and-a-single-trading-city-that-is-initiall-5147866.htm',
          'https://www.transtutors.com/questions/consider-an-industry-consisting-of-three-firms-with-the-cost-functions-ci-10-2-5qi-0-5147865.htm',
          'https://www.transtutors.com/questions/consider-the-following-table-from-the-bureau-of-labor-statistics-concerning-average--5147864.htm',
          'https://www.transtutors.com/questions/consider-the-following-set-of-identities-nx-e-0-er-myer-gt-net-export-equation-where-5147863.htm',
          'https://www.transtutors.com/questions/consider-the-following-production-function-y-f-k-l-ak-bl-1-1-assume-0-which-of-5147862.htm',
          'https://www.transtutors.com/questions/consider-the-following-ols-regression-line-or-sample-regression-function-wage-2-10-0-5147861.htm',
          'https://www.transtutors.com/questions/consider-the-following-demand-and-supply-curves-for-a-steel-industry-demand-q-d-2000-5147860.htm',
          'https://www.transtutors.com/questions/consider-the-following-behavioral-equations-in-the-goods-market-for-a-closed-economy-5147859.htm',
          'https://www.transtutors.com/questions/consider-an-economy-with-the-following-data-consumption-expenditure-271-650-0-millio-5147858.htm',
          'https://www.transtutors.com/questions/consider-the-demand-for-smaller-homes-illustrated-in-the-figure-to-the-right-what-de-5147857.htm',
          'https://www.transtutors.com/questions/consider-the-demand-for-cars-in-a-country-with-only-two-cities-total-demand-in-city--5147856.htm',
          'https://www.transtutors.com/questions/consider-a-coupon-bond-that-has-a-par-value-of-1-200-and-a-coupon-rate-of-5-the-bond-5147855.htm',
          'https://www.transtutors.com/questions/consider-a-consumer-with-the-utility-functionu-x-y-min-3x-5y-that-is-the-two-goods-a-5147854.htm',
          'https://www.transtutors.com/questions/connect-class-fin-3113-fax-m-inbox-peamort-ostatema-y-www-chegg-com-yahoo-se-2-4-4-1-5147852.htm',
          'https://www.transtutors.com/questions/the-concept-of-unemployment-refers-to-the-number-of-adults-who-the-following-table-c-5147851.htm',
          'https://www.transtutors.com/questions/complete-the-following-table-along-with-the-questions-following-it-please-try-to-sho-5147850.htm',
          'https://www.transtutors.com/questions/in-a-competitive-labour-market-imposing-a-minimum-wage-above-the-market-equilibrium--5147849.htm'],
 'project': ['trans'],
 'referring_link': ['https://www.transtutors.com/questions/economics/124/'],
 'spider': ['trans_links']}
2020-02-05 23:30:11 [scrapy.core.engine] DEBUG: Crawled (200) <GET https://www.transtutors.com/questions/economics/126/> (referer: https://www.google.com/) ['cached']
2020-02-05 23:30:11 [scrapy.core.scraper] DEBUG: Scraped from <200 https://www.transtutors.com/questions/economics/125/>
{'category': ['economy'],
 'date': [datetime.datetime(2020, 2, 5, 23, 30, 11, 451801)],
 'link': ['https://www.transtutors.com/questions/a-company-requires-a-29-internal-rate-of-return-before-taxes-in-u-s-dollars-on-proje-5147848.htm',
          'https://www.transtutors.com/questions/a-company-purchase-a-piece-of-manufacturing-equipment-for-rental-purposes-the-expect-5147847.htm',
          'https://www.transtutors.com/questions/the-company-you-manage-has-invested-5-million-in-developing-a-new-product-but-the-de-5147846.htm',
          'https://www.transtutors.com/questions/your-company-makes-two-types-of-trail-mixes-signaturetrail-and-organictrail-each-con-5147845.htm',
          'https://www.transtutors.com/questions/your-company-has-developed-a-therapy-that-can-cure-balding-the-inverse-demand-functi-5147844.htm',
          'https://www.transtutors.com/questions/when-i-was-in-college-majoring-in-economics-game-theory-was-sexy-as-much-as-it-can-b-5147843.htm',
          'https://www.transtutors.com/questions/coffee-prices-have-slumped-to-a-20-year-low-in-the-last-5-years-annual-supply-increa-5147842.htm',
          'https://www.transtutors.com/questions/choosing-a-product-or-service-there-are-many-ways-to-look-for-ideas-what-limitations-5147841.htm',
          'https://www.transtutors.com/questions/choose-one-event-that-has-happened-in-the-world-economy-recently-discuss-its-effects-5147840.htm',
          'https://www.transtutors.com/questions/check-my-work-some-questions-will-require-you-to-plot-a-line-as-a-series-of-line-seg-5147839.htm',
          'https://www.transtutors.com/questions/economics-for-managers-3rd-edition-chapter-4-4-5-pts-you-work-for-an-independent-mov-5147838.htm',
          'https://www.transtutors.com/questions/changes-in-the-supply-of-sedans-the-following-graph-shows-the-supply-curve-for-sedan-5147837.htm',
          'https://www.transtutors.com/questions/which-chain-of-events-occurs-in-the-correct-order-select-one-a-demand-decreases-pric-5147836.htm',
          'https://www.transtutors.com/questions/the-central-idea-behind-comparative-advantage-is-that-a-nation-should-multiple-choic-5147835.htm',
          'https://www.transtutors.com/questions/cba-cost-benefit-analysis-suppose-as-part-of-an-appraisal-by-the-government-to-devel-5147834.htm',
          'https://www.transtutors.com/questions/case-case-4-suppose-the-price-of-cream-a-key-ingredient-of-ice-cream-has-gone-down-w-5147833.htm',
          'https://www.transtutors.com/questions/case-1-case-case-3-suppose-a-market-for-gala-apples-is-competitive-suppose-that-the--5147832.htm',
          'https://www.transtutors.com/questions/c-newconnect-mheducation-com-flow-connect-html-chapter-8-assignment-seved-assume-the-5147831.htm',
          'https://www.transtutors.com/questions/c-derive-the-capital-output-ratio-in-steady-state-assuming-that-a-and-n-are-constan-5147830.htm',
          'https://www.transtutors.com/questions/c-consumption-pi-profit-l-leisure-t-taxes-w-wage-h-hours-in-the-day-1-assume-that-th-5147829.htm',
          'https://www.transtutors.com/questions/buyer-incidence-from-a-per-unit-subsidy-will-be-the-largest-if-a-both-demand-supply--5147828.htm',
          'https://www.transtutors.com/questions/do-most-businesses-product-design-strategies-follow-a-cradle-to-grave-philosophy-rat-5147827.htm',
          'https://www.transtutors.com/questions/you-are-building-a-new-apartment-building-and-need-to-decide-between-installing-plas-5147826.htm',
          'https://www.transtutors.com/questions/you-are-building-a-new-apartment-building-and-need-to-decide-between-installing-plas-5147825.htm',
          'https://www.transtutors.com/questions/quot-the-boutique-quot-will-initially-offer-clothing-to-needy-students-a-clothing-f-5147824.htm',
          'https://www.transtutors.com/questions/your-book-says-the-economic-growth-measured-as-the-growth-of-gross-domestic-product--5147823.htm',
          'https://www.transtutors.com/questions/blank-1-inflation-or-deflation-blank-2-100-60-33-25-or-50-blank-3-0-5-1-3-4--5147822.htm',
          'https://www.transtutors.com/questions/billy-joe-the-american-idol-millionaire-purchases-only-the-two-goods-x-and-y-in-each-5147821.htm',
          'https://www.transtutors.com/questions/beatriz-enjoys-writing-and-uses-a-large-amount-of-paper-currently-paper-costs-2-00-f-5147820.htm',
          'https://www.transtutors.com/questions/beatriz-enjoys-writing-and-uses-a-large-amount-of-paper-currently-paper-costs-2-00-f-5147819.htm',
          'https://www.transtutors.com/questions/barely-started-this-topic-and-am-pretty-lost-if-you-could-explain-like-you-re-talkin-5147818.htm',
          'https://www.transtutors.com/questions/a-b-treasurya-preferred-stocks-d-options-6-what-is-the-reasonable-return-of-common-s-5147817.htm',
          'https://www.transtutors.com/questions/there-is-an-axiom-an-assumption-in-economics-about-consumers-and-that-is-that-we-all-5147816.htm',
          'https://www.transtutors.com/questions/the-average-retail-price-of-regular-gasoline-used-by-motor-vehicles-decreased-from-3-5147815.htm',
          'https://www.transtutors.com/questions/the-average-retail-price-of-regular-gasoline-used-by-motor-vehicles-decreased-from-3-5147814.htm',
          'https://www.transtutors.com/questions/why-is-the-australia-s-current-account-balance-shifted-to-surplus-in-the-second-quar-5147813.htm',
          'https://www.transtutors.com/questions/atrue-false-test-has-70-questions-suppose-a-passing-grade-is-45-or-more-correct-answ-5147812.htm',
          'https://www.transtutors.com/questions/atc-mg-d-30-cos-the-figure-above-shows-the-demand-for-honey-on-pollination-island-s-5147811.htm',
          'https://www.transtutors.com/questions/assuming-that-net-investment-at-time-t-is-given-by-find-the-change-in-the-capital-st-5147810.htm',
          'https://www.transtutors.com/questions/assume-that-the-u-s-economy-is-in-long-run-equilibrium-2-points-a-draw-an-aggregate--5147809.htm',
          'https://www.transtutors.com/questions/assume-that-a-tariff-is-imposed-on-an-imported-product-the-difference-between-the-do-5147808.htm',
          'https://www.transtutors.com/questions/assume-opportunity-costs-differ-in-the-countries-which-of-the-following-statements-i-5147807.htm',
          'https://www.transtutors.com/questions/assume-that-the-marginal-revenue-mr-function-of-a-firm-is-given-by-the-function-find-5147806.htm',
          'https://www.transtutors.com/questions/the-amount-is-19-318-assume-you-are-living-in-a-3-person-family-one-adult-one-woman--5147805.htm',
          'https://www.transtutors.com/questions/assume-that-a-german-car-costs-12-000-euros-eur-and-a-comparable-australian-car-cost-5147804.htm',
          'https://www.transtutors.com/questions/assume-the-following-model-economy-1-u-c-in-rolationship-to-ques-ino-2-c-wn-1-t-choi-5147803.htm',
          'https://www.transtutors.com/questions/assume-the-following-model-economy-1-u-c-inl-2-c-wn-1-1-3-wrz-4-h-n-1-2-solve-the-ho-5147802.htm',
          'https://www.transtutors.com/questions/assume-the-following-model-economy-1-u-c-inl-2-c-wn-1-1-3-w-z-4-h-n-1-3-this-type-of-5147801.htm',
          'https://www.transtutors.com/questions/assume-an-economy-operates-on-the-middle-part-of-its-aggregate-supply-curve-state-th-5147800.htm',
          'https://www.transtutors.com/questions/this-assignment-builds-on-the-general-equilibrium-model-discussed-in-class-you-will--5147799.htm'],
 'project': ['trans'],
 'referring_link': ['https://www.transtutors.com/questions/economics/125/'],
 'spider': ['trans_links']}
2020-02-05 23:30:11 [scrapy.core.engine] DEBUG: Crawled (200) <GET https://www.transtutors.com/questions/economics/127/> (referer: https://www.google.com/) ['cached']
2020-02-05 23:30:11 [scrapy.core.scraper] DEBUG: Scraped from <200 https://www.transtutors.com/questions/economics/126/>
{'category': ['economy'],
 'date': [datetime.datetime(2020, 2, 5, 23, 30, 11, 609741)],
 'link': ['https://www.transtutors.com/questions/the-articles-aren-t-required-they-just-verify-the-info-5-read-the-posted-article-quo-5147798.htm',
          'https://www.transtutors.com/questions/is-there-anyone-who-can-help-me-to-write-a-white-paper-on-housing-sector-share-of-gd-5147797.htm',
          'https://www.transtutors.com/questions/answers-need-to-present-in-the-point-form-include-100-to-200-words-for-each-question-5147796.htm',
          'https://www.transtutors.com/questions/do-not-answer-without-watching-the-documentary-watch-the-documentary-https-www-pbs-o-5147795.htm',
          'https://www.transtutors.com/questions/answer-the-table-and-the-following-questions-r-price-per-unit-10-h-price-per-unit-5--5147794.htm',
          'https://www.transtutors.com/questions/answer-all-of-the-questions-please-and-do-not-answer-one-of-the-questions-if-you-can-5147793.htm',
          'https://www.transtutors.com/questions/answer-all-of-the-questions-please-and-do-not-answer-one-of-the-questions-if-you-can-5147792.htm',
          'https://www.transtutors.com/questions/answer-the-question-below-in-no-more-than-3500-words-please-provide-your-own-interpr-5147791.htm',
          'https://www.transtutors.com/questions/answer-the-question-below-in-no-more-than-3500-words-please-provide-your-own-interpr-5147790.htm',
          'https://www.transtutors.com/questions/answer-number-31-31-33-are-b-a-a-but-i-don-39-t-understand-how-to-get-it-please-expl-5147789.htm',
          'https://www.transtutors.com/questions/answer-number-24-25-26-is-d-d-a-i-don-39-t-know-why-it-can-be-like-that-help-me-24-i-5147788.htm',
          'https://www.transtutors.com/questions/answer-the-next-question-based-on-the-following-price-and-output-data-over-a-five-ye-5147787.htm',
          'https://www.transtutors.com/questions/answer-the-next-question-based-on-the-following-data-all-figures-are-in-billions-of--5147786.htm',
          'https://www.transtutors.com/questions/answer-these-for-me-i-missed-class-by-accidently-overslept-1-adam-smith-argue-5147785.htm',
          'https://www.transtutors.com/questions/annual-revenue-for-a-small-restaurant-is-shown-in-the-table-at-right-the-average-pri-5147784.htm',
          'https://www.transtutors.com/questions/angela-cares-about-consumption-today-c0-and-consumption-tomorrow-c1-assume-that-her--5147783.htm',
          'https://www.transtutors.com/questions/analysts-predict-that-short-term-interest-rates-over-the-next-4-years-will-be-as-fol-5147782.htm',
          'https://www.transtutors.com/questions/analyse-the-constraints-of-making-minimum-price-policies-successful-5147781.htm',
          'https://www.transtutors.com/questions/ame-ath-309-01-project-3-suppose-an-economy-has-four-sectors-agriculture-a-energy-e--5147780.htm',
          'https://www.transtutors.com/questions/altitude-thousands-of-feet-b-5-o-1-2-0-3-7-8-9-10-4-5-6-time-minutes-the-slope-of-th-5147779.htm',
          'https://www.transtutors.com/questions/almost-a-fifth-of-all-u-s-occupational-deaths-today-are-the-result-of-question-7-opt-5147778.htm',
          'https://www.transtutors.com/questions/for-alejandro-concert-tickets-and-film-tickets-are-perfect-complements-he-does-not-e-5147777.htm',
          'https://www.transtutors.com/questions/according-to-thomas-piketty-the-20-th-century-was-unusual-rapid-unrepeatable-populat-5147776.htm',
          'https://www.transtutors.com/questions/according-to-rev-d-a-graham-what-were-the-facts-of-lynching-in-america--5147775.htm',
          'https://www.transtutors.com/questions/according-to-the-is-lm-model-what-happens-in-the-short-run-to-the-interest-rate-inco-5147774.htm',
          'https://www.transtutors.com/questions/according-to-the-law-of-diminishing-returns-an-additional-unit-of-question-8-not-yet-5147773.htm',
          'https://www.transtutors.com/questions/97-what-does-this-equation-tell-us-y-g-1-a-98-steady-99-if-techology-grows-at-a-rate-5147772.htm',
          'https://www.transtutors.com/questions/9-use-the-demand-and-supply-graph-of-the-labor-market-to-analyze-the-effect-of-each--5147771.htm',
          'https://www.transtutors.com/questions/9-types-of-economic-systems-one-of-the-questions-every-economic-system-must-answer-i-5147770.htm',
          'https://www.transtutors.com/questions/9-suppose-the-production-function-in-an-economy-is-y-k0-5l0-5-where-k-is-the-amount--5147769.htm',
          'https://www.transtutors.com/questions/9-which-of-the-following-statements-is-are-correct-x-some-firms-eventually-experienc-5147768.htm',
          'https://www.transtutors.com/questions/9-in-figure-2-the-second-figure-1-page-5-if-the-world-price-of-motor-scooters-is-250-5147767.htm',
          'https://www.transtutors.com/questions/9-34-pm-fri-sep-20-68-00-00-todo-of-instructions-1-2-3-students-are-required-to-answ-5147766.htm',
          'https://www.transtutors.com/questions/8-what-is-a-resource-when-is-a-resource-scarce-9-describe-what-is-meant-by-equilibri-5147765.htm',
          'https://www.transtutors.com/questions/8-a-for-a-distribution-that-is-skewed-to-the-right-left-the-mean-median-is-less-than-5147764.htm',
          'https://www.transtutors.com/questions/8-if-you-accept-the-kuznets-curve-hypothesis-what-should-occur-in-terms-of-environme-5147763.htm',
          'https://www.transtutors.com/questions/8-of-8-1-complete-this-quiz-10-pts-possible-consider-the-market-for-mp3-players-illu-5147762.htm',
          'https://www.transtutors.com/questions/8-2-points-you-are-the-manager-of-a-car-dealership-that-sells-luxury-automobiles-whi-5147761.htm',
          'https://www.transtutors.com/questions/7-mary-joe-has-preferences-for-food-x-and-clothing-y-governed-by-the-following-utili-5147760.htm',
          'https://www.transtutors.com/questions/7-market-equilibrium-the-following-table-shows-the-weekly-demand-and-supply-in-the-m-5147759.htm',
          'https://www.transtutors.com/questions/7-many-parts-of-the-economy-are-related-to-one-another-in-particular-a-decrease-in-s-5147758.htm',
          'https://www.transtutors.com/questions/7-investment-companies-provide-their-clients-with-automated-tools-called-stock-scree-5147757.htm',
          'https://www.transtutors.com/questions/7-which-of-the-following-are-part-of-the-investment-component-of-gdp-a-ibm-builds-a--5147756.htm',
          'https://www.transtutors.com/questions/7-advantages-of-outsourcing-indicate-whether-each-scenario-in-the-following-table-is-5147755.htm',
          'https://www.transtutors.com/questions/611-6-the-table-below-contains-data-for-country-a-for-the-year-2010-household-purch-5147754.htm',
          'https://www.transtutors.com/questions/6-use-exhibit-1-which-of-the-following-statements-is-are-correct-x-if-the-government-5147753.htm',
          'https://www.transtutors.com/questions/6-the-surplus-capacity-in-minutes-i-e-time-left-over-in-assembly-is-a-28-000-b-2-000-5147752.htm',
          'https://www.transtutors.com/questions/6-suppose-the-government-wants-to-see-more-electric-cars-on-the-road-it-pays-auto-ma-5147751.htm',
          'https://www.transtutors.com/questions/6-the-government-is-exploring-ways-to-increase-revenues-through-taxation-you-are-an--5147750.htm',
          'https://www.transtutors.com/questions/6-given-the-following-cash-flows-what-is-its-equivalent-value-at-years-1-2-for-a-dra-5147749.htm'],
 'project': ['trans'],
 'referring_link': ['https://www.transtutors.com/questions/economics/126/'],
 'spider': ['trans_links']}
2020-02-05 23:30:11 [scrapy.core.engine] DEBUG: Crawled (200) <GET https://www.transtutors.com/questions/economics/128/> (referer: https://www.google.com/) ['cached']
2020-02-05 23:30:11 [scrapy.core.scraper] DEBUG: Scraped from <200 https://www.transtutors.com/questions/economics/127/>
{'category': ['economy'],
 'date': [datetime.datetime(2020, 2, 5, 23, 30, 11, 771649)],
 'link': ['https://www.transtutors.com/questions/6-which-of-the-following-statements-is-are-correct-x-when-quantity-supplied-responds-5147748.htm',
          'https://www.transtutors.com/questions/6-what-are-some-of-the-factors-that-motivate-business-to-develop-sustainable-practic-5147747.htm',
          'https://www.transtutors.com/questions/6-comparative-advantage-and-import-competition-bulgaria-recently-joined-the-european-5147746.htm',
          'https://www.transtutors.com/questions/6-comparative-advantage-and-import-competition-bulgaria-recently-joined-the-european-5147745.htm',
          'https://www.transtutors.com/questions/56-15-import-substitution-versus-export-promotion-using-supply-and-demand-curves-for-5147744.htm',
          'https://www.transtutors.com/questions/5-the-slope-of-the-demand-curve-also-tells-us-about-the-elasticity-of-demand-state-w-5147743.htm',
          'https://www.transtutors.com/questions/5-what-role-does-the-government-play-when-markets-do-not-achieve-efficiency-6-can-go-5147742.htm',
          'https://www.transtutors.com/questions/5-let-k-2-a-consumer-is-faced-with-prices-p-and-w-the-government-wants-to-raise-mone-5147741.htm',
          'https://www.transtutors.com/questions/5-the-following-description-is-used-for-questions-5-and-6-consider-a-market-with-two-5147740.htm',
          'https://www.transtutors.com/questions/5-a-consumer-39-s-preferences-are-given-by-the-utility-function-u-x-39-quot-the-pri-5147739.htm',
          'https://www.transtutors.com/questions/5-c-get-homework-he-c-question-11-2-pts-make-a-line-graph-v-x-6-register-pearson-i-m-5147738.htm',
          'https://www.transtutors.com/questions/don-39-t-need-more-information-i-solved-myself-5-billy-joe-39-s-preferences-for-x-an-5147737.htm',
          'https://www.transtutors.com/questions/5-assume-the-following-game-is-played-one-time-only-based-on-the-information-in-the--5147736.htm',
          'https://www.transtutors.com/questions/5-2-points-individuals-who-choose-to-attend-school-have-made-a-decision-to-invest-in-5147735.htm',
          'https://www.transtutors.com/questions/question-5-to-8-please-5-1-5-points-refer-to-the-table-below-the-table-describes-the-5147734.htm',
          'https://www.transtutors.com/questions/4c-draw-the-cash-flows-to-explain-the-meaning-of-the-following-interest-factors-1-f--5147733.htm',
          'https://www.transtutors.com/questions/4c-draw-the-cash-flows-to-explain-the-meaning-of-the-following-interest-factors-1-f--5147732.htm',
          'https://www.transtutors.com/questions/4-9-for-a-federal-credit-union-that-offers-an-interest-rate-of-8-per-year-compounded-5147731.htm',
          'https://www.transtutors.com/questions/4-watch-this-shark-tank-clip-where-the-sharks-hear-a-business-pitch-from-the-founder-5147730.htm',
          'https://www.transtutors.com/questions/4-use-the-data-in-the-table-about-homer-39-s-donuts-to-answer-the-questions-below-nu-5147729.htm',
          'https://www.transtutors.com/questions/4-suppose-individuals-have-different-health-levels-h-where-h-is-distributed-uniform-5147728.htm',
          'https://www.transtutors.com/questions/4-specialization-and-trade-when-a-country-specializes-in-the-production-of-a-good-th-5147727.htm',
          'https://www.transtutors.com/questions/reserves-35-000-2-000-2-800-or-15-000-required-reserves-2-800-2-000-1-200-or-800-exc-5147726.htm',
          'https://www.transtutors.com/questions/4-pieway-is-an-economy-in-which-the-typical-consumer-39-s-basket-consists-of-10-bush-5147725.htm',
          'https://www.transtutors.com/questions/4-let-u-v-p-w-and-u-39-v-p-39-w-explain-to-your-non-economist-grandma-and-grandpa-a--5147724.htm',
          'https://www.transtutors.com/questions/options-for-both-drop-downs-will-or-will-not-4-individual-problems-20-4-suppose-that-5147723.htm',
          'https://www.transtutors.com/questions/solve-number-4-only-using-r-software-4-hospital-records-were-examined-to-assess-the--5147722.htm',
          'https://www.transtutors.com/questions/4-a-explain-the-rationale-for-the-malcolm-baldridge-national-quality-award-mbnqa-and-5147721.htm',
          'https://www.transtutors.com/questions/4-an-excess-supply-occurs-at-prices-below-the-equilibrium-price-a-true-b-false-5-whe-5147720.htm',
          'https://www.transtutors.com/questions/4-environmental-policies-north-n-and-south-s-are-selecting-environmental-policies-th-5147719.htm',
          'https://www.transtutors.com/questions/4-discuss-the-companies-management-of-human-capital-in-the-merger-and-acquisition--5147718.htm',
          'https://www.transtutors.com/questions/4-the-cost-of-many-electronic-devices-has-fallen-appreciably-since-they-were-first-i-5147717.htm',
          'https://www.transtutors.com/questions/4-consider-a-variant-of-the-aghion-and-tirole-1997-model-penelope-the-principal-and--5147716.htm',
          'https://www.transtutors.com/questions/if-the-bank-sells-500-in-bonds-4-if-the-central-bank-sells-500-in-bonds-toa-bank-tha-5147715.htm',
          'https://www.transtutors.com/questions/i-need-full-detailed-answer-with-cash-diagram-4-4-if-the-university-39-s-college-of--5147714.htm',
          'https://www.transtutors.com/questions/4-10-points-consider-the-long-run-model-of-a-closed-economy-that-is-currently-in-equ-5147713.htm',
          'https://www.transtutors.com/questions/note-be-sure-to-show-all-your-math-work-4-a-imagine-the-following-model-represents-t-5147712.htm',
          'https://www.transtutors.com/questions/3-55-for-the-cash-flow-diagram-shown-determine-the-value-of-g-that-will-make-the-pre-5147711.htm',
          'https://www.transtutors.com/questions/3-29-find-the-present-worth-for-the-following-cash-flow-series-in-1000-units-i-6-per-5147710.htm',
          'https://www.transtutors.com/questions/30-a-company-hired-you-to-develop-12-different-flavors-in-90-days-it-takes-you-12-d-5147709.htm',
          'https://www.transtutors.com/questions/3-using-the-classical-2-x-2-heckscher-ohlin-setup-suppose-it-requires-10-units-of-la-5147708.htm',
          'https://www.transtutors.com/questions/3-use-our-firm-and-market-graphs-to-walk-through-the-short-run-and-long-run-response-5147707.htm',
          'https://www.transtutors.com/questions/use-3-to-answer-a-f-3-a-u-s-textbook-publisher-is-introducing-a-new-economics-textbo-5147706.htm',
          'https://www.transtutors.com/questions/3-this-type-of-model-of-utility-is-what-is-necessary-for-the-laffer-curve-relationsh-5147705.htm',
          'https://www.transtutors.com/questions/3-relationship-between-tax-revenues-deadweight-loss-and-demandelasticity-the-governm-5147704.htm',
          'https://www.transtutors.com/questions/3-a-a-project-wil-generate-a-cash-flow-after-one-year-the-value-of-the-cash-flow-is--5147703.htm',
          'https://www.transtutors.com/questions/3-onus-residents-in-questions-2-a-d-above-complain-to-their-local-politicians-about--5147702.htm',
          'https://www.transtutors.com/questions/3-how-do-the-national-income-accounts-treat-each-of-the-following-what-is-the-impact-5147701.htm',
          'https://www.transtutors.com/questions/3-materials-cost-for-a-product-are-expected-to-be-460-000-per-year-beginning-today-a-5147700.htm',
          'https://www.transtutors.com/questions/i-need-help-in-these-two-questions-i-do-not-understand-3-g-100-is-to-be-divided-up-b-5147699.htm'],
 'project': ['trans'],
 'referring_link': ['https://www.transtutors.com/questions/economics/127/'],
 'spider': ['trans_links']}
2020-02-05 23:30:11 [scrapy.core.engine] DEBUG: Crawled (200) <GET https://www.transtutors.com/questions/economics/129/> (referer: https://www.google.com/) ['cached']
2020-02-05 23:30:11 [scrapy.core.scraper] DEBUG: Scraped from <200 https://www.transtutors.com/questions/economics/128/>
{'category': ['economy'],
 'date': [datetime.datetime(2020, 2, 5, 23, 30, 11, 922563)],
 'link': ['https://www.transtutors.com/questions/i-nees-help-with-question-3-and-4-i-dont-understand-them-3-g-100-is-to-be-divided-up-5147698.htm',
          'https://www.transtutors.com/questions/3-all-these-factors-would-shift-the-supply-curve-of-tobacco-except-a-bad-weather-b-a-5147697.htm',
          'https://www.transtutors.com/questions/3-draw-completely-labeled-supply-or-demand-graphs-draw-a-separate-graph-for-each-que-5147696.htm',
          'https://www.transtutors.com/questions/3-describe-what-is-meant-by-incentives-how-do-people-typically-respond-to-incentive-5147695.htm',
          'https://www.transtutors.com/questions/3-a-consumer-39-s-preferences-are-given-by-the-utility-function-u-x-39-the-price-of--5147694.htm',
          'https://www.transtutors.com/questions/economics-for-managers-3rd-edition-3-15-pts-you-work-for-wonderful-pistachios-as-you-5147693.htm',
          'https://www.transtutors.com/questions/3-14-pts-currently-your-friend-owes-affordable-suites-of-state-college-money-for-lat-5147692.htm',
          'https://www.transtutors.com/questions/3-1-looking-back-on-4-march-2008-when-the-interest-rate-was-set-at-7-25-by-rba-reser-5147691.htm',
          'https://www.transtutors.com/questions/2a-state-the-difference-in-your-own-words-between-absolute-advantage-and-comparative-5147690.htm',
          'https://www.transtutors.com/questions/294-600-resources-give-up-feedbac-the-data-of-macroeconomics-end-of-chapter-accordin-5147689.htm',
          'https://www.transtutors.com/questions/question-2-3-2-2-3-at-an-income-level-of-100-what-is-income-elasticity-3-now-assume--5147688.htm',
          'https://www.transtutors.com/questions/question-2-2-2-2-the-equation-for-a-demand-curve-has-been-estimated-to-be-qd-100-10p-5147687.htm',
          'https://www.transtutors.com/questions/answer-this-please-in-2010-according-to-the-international-monetary-fund-india-had-th-5147686.htm',
          'https://www.transtutors.com/questions/2010-2011-2012-laptops-price-quantity-1-6007-1-3009-1-100-9-textbooks-price-quantity-5147685.htm',
          'https://www.transtutors.com/questions/2-true-false-uncertain-explain-your-answer-in-2-4-sentences-credit-will-be-awarded-f-5147684.htm',
          'https://www.transtutors.com/questions/2-suppose-that-the-demand-for-widgets-can-be-expressed-algebraically-as-p-100-q-note-5147683.htm',
          'https://www.transtutors.com/questions/2-the-roles-of-money-aa-aa-e-consider-the-following-scenario-jared-just-graduated-fr-5147682.htm',
          'https://www.transtutors.com/questions/2-what-is-the-profit-maximizing-output-of-the-monopolist-shown-in-the-graph-below-wh-5147681.htm',
          'https://www.transtutors.com/questions/2-a-monopolist-faces-linear-demand-p-80-30q-total-costs-are-tc-8q-2-and-marginal-cos-5147680.htm',
          'https://www.transtutors.com/questions/2-marks-question-4-a-city-the-has-the-following-market-equilibrium-for-rental-apartm-5147679.htm',
          'https://www.transtutors.com/questions/2-imagine-an-island-a-short-distance-off-the-east-coast-of-a-country-this-island-is--5147678.htm',
          'https://www.transtutors.com/questions/2-homer-39-s-marginal-rate-of-substitution-for-donuts-and-beverages-is-mrs-where-d-i-5147677.htm',
          'https://www.transtutors.com/questions/if-2-goods-good-x-and-good-y-draw-an-indifference-curve-such-that-good-x-is-a-normal-5147676.htm',
          'https://www.transtutors.com/questions/2-flexible-exchange-rates-and-responses-to-changes-in-foreign-macroeconomic-policy-s-5147675.htm',
          'https://www.transtutors.com/questions/2-flexible-exchange-rates-and-responses-to-changes-in-foreign-macroeconomic-policy-s-5147674.htm',
          'https://www.transtutors.com/questions/2-flexible-exchange-rates-and-responses-to-changes-in-foreign-macroeconomic-policy-s-5147673.htm',
          'https://www.transtutors.com/questions/2-each-firm-in-a-perfectly-competitive-industry-has-total-cost-function-tc-441q2-1-a-5147672.htm',
          'https://www.transtutors.com/questions/2-explain-the-difference-between-gross-domestic-product-gdp-and-gdp-per-capita-discu-5147671.htm',
          'https://www.transtutors.com/questions/2-evaluate-the-potential-and-actual-risks-that-occurred-during-the-merger-and-what-t-5147670.htm',
          'https://www.transtutors.com/questions/2-if-you-desire-to-have-10-000-for-a-down-payment-for-a-house-in-five-years-what-amo-5147669.htm',
          'https://www.transtutors.com/questions/will-2-the-demand-for-cell-phones-regression-letting-y-number-of-cell-phone-subscrib-5147668.htm',
          'https://www.transtutors.com/questions/can-someone-explain-why-the-answer-to-part-d-is-44-2-cournot-competition-two-firms-w-5147667.htm',
          'https://www.transtutors.com/questions/2-a-convert-a-22-000-yearly-income-in-years-2-through-10-into-the-equivalent-equal-y-5147666.htm',
          'https://www.transtutors.com/questions/2-consider-the-solow-growth-model-without-technological-growth-the-production-functi-5147665.htm',
          'https://www.transtutors.com/questions/2-consider-the-annual-government-budget-constraint-of-a-government-gt-1-rt-bt-tt-bt--5147664.htm',
          'https://www.transtutors.com/questions/check-all-that-apply-fill-in-the-blank-multiple-choice-2-concerns-about-the-national-5147663.htm',
          'https://www.transtutors.com/questions/2-application-partial-shipment-a-distributor-is-faced-with-demands-for-a-set-m-of-pr-5147662.htm',
          'https://www.transtutors.com/questions/2-8-points-consider-the-following-4-countries-and-their-willingness-to-pay-to-combat-5147661.htm',
          'https://www.transtutors.com/questions/2-50-points-consider-the-market-for-basketball-sneakers-which-is-drawn-below-answer--5147660.htm',
          'https://www.transtutors.com/questions/2-2-points-suppose-that-before-the-bridge-between-the-east-and-west-campuses-was-bui-5147659.htm',
          'https://www.transtutors.com/questions/2-14-a-tennis-racquet-manufacturer-is-negotiating-a-lease-on-land-to-build-a-manufac-5147658.htm',
          'https://www.transtutors.com/questions/0199778124-2-11-2-use-present-worth-analysis-to-choose-the-best-option-assume-a-marr-5147657.htm',
          'https://www.transtutors.com/questions/economics-math-hw-help-needed-2-09-moved-to-a-feedlot-with-this-information-consider-5147656.htm',
          'https://www.transtutors.com/questions/1b-the-ahmed-is-working-for-his-newly-opened-company-he-has-provided-the-following-i-5147655.htm',
          'https://www.transtutors.com/questions/during-the-1990s-the-money-multipliers-for-m1-and-m2-multiple-choice-decreased-incre-5147654.htm',
          'https://www.transtutors.com/questions/in-1966-the-catholic-church-eliminated-the-centuries-old-requirement-that-members-ab-5147653.htm',
          'https://www.transtutors.com/questions/15-another-supply-and-demand-puzzle-the-market-price-of-pizzas-in-a-college-town-inc-5147652.htm',
          'https://www.transtutors.com/questions/15-of-16-13-complete-v-hw-score-81-25-13-of-16-pts-score-0-of-1-pt-problem-4-57-algo-5147651.htm',
          'https://www.transtutors.com/questions/14-market-equilibrium-and-disequilibrium-the-following-graph-shows-the-monthly-deman-5147650.htm',
          'https://www.transtutors.com/questions/13-how-shifts-in-demand-and-supply-affect-equilibrium-consider-the-market-for-pens-s-5147649.htm'],
 'project': ['trans'],
 'referring_link': ['https://www.transtutors.com/questions/economics/128/'],
 'spider': ['trans_links']}
2020-02-05 23:30:12 [scrapy.core.engine] DEBUG: Crawled (200) <GET https://www.transtutors.com/questions/economics/130/> (referer: https://www.google.com/) ['cached']
2020-02-05 23:30:12 [scrapy.core.scraper] DEBUG: Scraped from <200 https://www.transtutors.com/questions/economics/129/>
{'category': ['economy'],
 'date': [datetime.datetime(2020, 2, 5, 23, 30, 12, 89468)],
 'link': ['https://www.transtutors.com/questions/1-3-consider-the-constant-elasticity-of-substitution-ces-production-function-y-k-do--5147648.htm',
          'https://www.transtutors.com/questions/13-big-bang-versus-gradualism-explain-the-difference-between-the-big-bang-and-gradua-5147647.htm',
          'https://www.transtutors.com/questions/1-20-2000-2000-1-40-1900-2500-1-60-1800-3000-1-80-1700-3500-2-00-1600-4000-2-20-1500-5147646.htm',
          'https://www.transtutors.com/questions/12-question-7-points-the-price-of-a-large-pizza-decreased-from-17-00-to-13-00-as-a-r-5147645.htm',
          'https://www.transtutors.com/questions/12-point-question-suppose-we-observe-the-following-two-simultaneous-events-in-the-m-5147644.htm',
          'https://www.transtutors.com/questions/12-holding-all-else-constant-if-a-pencil-manufacturer-increases-production-by-20-per-5147643.htm',
          'https://www.transtutors.com/questions/answer-for-part-a-is-250-just-need-help-with-other-3-questions-please-11-consider-th-5147642.htm',
          'https://www.transtutors.com/questions/11-consider-an-economy-in-equilibrium-described-by-the-following-equations-y-c-i-g-y-5147641.htm',
          'https://www.transtutors.com/questions/11-casestudy-ownership-and-resource-use-in-what-ways-were-the-incentives-of-private--5147640.htm',
          'https://www.transtutors.com/questions/101-1-10-conclude-that-the-elasticity-of-substitution-1-cullui-problem-3-in-lecture--5147639.htm',
          'https://www.transtutors.com/questions/i-am-not-100-that-these-answers-that-i-came-up-with-are-correct-1pts-question-9-ques-5147638.htm',
          'https://www.transtutors.com/questions/10-transitional-economies-what-special-problems-are-being-faced-by-easten-european-e-5147637.htm',
          'https://www.transtutors.com/questions/10-marks-andrea-has-the-following-utility-function-defined-over-goods-x-and-y-u-x-y--5147636.htm',
          'https://www.transtutors.com/questions/10-in-figure-2-figure-1-page-5-if-the-world-price-of-motor-scooters-is-700-a-what-is-5147635.htm',
          'https://www.transtutors.com/questions/a-10-000-8-percent-coupon-bond-that-sells-for-10-000-has-a-yield-to-maturity-of-14-p-5147634.htm',
          'https://www.transtutors.com/questions/1-williamson-chp-1-problem-1-consider-the-following-data-on-real-gdp-per-capita-in-t-5147633.htm',
          'https://www.transtutors.com/questions/1-using-an-in-using-an-interest-rate-of-10-per-year-diagram-the-cash-flows-in-the-ta-5147632.htm',
          'https://www.transtutors.com/questions/1-using-difference-in-logarithms-to-compute-the-growth-rate-in-this-exercise-you-nee-5147631.htm',
          'https://www.transtutors.com/questions/use-the-graph-to-answer-a-f-1-use-the-graph-below-to-answer-the-questions-10-2-5147630.htm',
          'https://www.transtutors.com/questions/1-how-did-the-treatment-of-the-financial-sector-in-gdp-affect-the-measure-of-economi-5147629.htm',
          'https://www.transtutors.com/questions/1-traditional-capital-suffers-from-diminishing-returns-to-scale-whereas-knowledge-ca-5147628.htm',
          'https://www.transtutors.com/questions/1-suppose-that-you-have-the-following-production-function-y-100k1-32-3-where-k-repre-5147627.htm',
          'https://www.transtutors.com/questions/1-suppose-an-economist-tests-the-theory-that-when-the-price-of-leather-increases-few-5147626.htm',
          'https://www.transtutors.com/questions/1-solve-the-following-two-period-storage-problem-assuming-perfect-competition-a-find-5147625.htm',
          'https://www.transtutors.com/questions/1-the-slope-of-the-marginal-cost-curve-is-determined-by-the-functional-form-of-the-v-5147624.htm',
          'https://www.transtutors.com/questions/1-what-is-the-role-of-judges-in-common-law-courts-2-what-is-the-role-of-judges-in-co-5147623.htm',
          'https://www.transtutors.com/questions/1-the-quantity-of-rooms-demanded-at-the-triple-sevens-falls-or-rises-2-therefore-the-5147622.htm',
          'https://www.transtutors.com/questions/1-points-save-answer-an-increase-in-demand-is-represented-by-a-a-rightward-shift-of--5147621.htm',
          'https://www.transtutors.com/questions/1-the-optimal-level-of-output-may-be-defined-as-that-level-of-output-where-a-average-5147620.htm',
          'https://www.transtutors.com/questions/1-a-monopolist-faces-demand-q-p-2-and-has-constant-average-costs-ac-2-a-find-the-ela-5147619.htm',
          'https://www.transtutors.com/questions/1-marginal-analysis-compares-and-to-determine-the-optimal-outcome-or-choi-5147618.htm',
          'https://www.transtutors.com/questions/options-are-the-same-for-all-the-blanks-1-liquidity-aa-aa-arrange-the-following-four-5147617.htm',
          'https://www.transtutors.com/questions/1-what-are-the-key-features-of-fiji-s-labour-market--5147616.htm',
          'https://www.transtutors.com/questions/1-the-income-effect-of-the-price-increase-is-always-negative-a-true-b-false-2-a-posi-5147615.htm',
          'https://www.transtutors.com/questions/1-imagine-an-economy-with-only-two-businesses-called-appleinc-and-juiceinc-appleinc--5147614.htm',
          'https://www.transtutors.com/questions/1-given-country-a-can-produce-500-yachts-or-5-000-cars-and-country-b-can-produce-200-5147613.htm',
          'https://www.transtutors.com/questions/1-which-of-the-following-statements-about-the-labor-market-is-are-correct-x-the-supp-5147612.htm',
          'https://www.transtutors.com/questions/1-which-of-the-following-statement-is-correct-about-a-circular-flow-diagram-a-in-the-5147611.htm',
          'https://www.transtutors.com/questions/1-the-following-results-are-useful-when-working-with-linear-regressions-i-show-that--5147610.htm',
          'https://www.transtutors.com/questions/1-which-of-the-following-are-included-in-this-year-s-gdp-explain-your-answers-in-eac-5147609.htm',
          'https://www.transtutors.com/questions/1-figure-3-2-holds-costs-fixed-at-c-4-and-shows-the-effect-of-introducing-discountin-5147608.htm',
          'https://www.transtutors.com/questions/1-your-father-quit-smoking-cigarettes-in-2010-when-you-ask-him-why-he-quit-you-get-a-5147607.htm',
          'https://www.transtutors.com/questions/1-explain-what-is-meant-by-a-recession-how-does-a-recession-negatively-impact-househ-5147606.htm',
          'https://www.transtutors.com/questions/1-explain-why-forms-of-economic-activity-vary-around-the-globe-how-do-economic-activ-5147605.htm',
          'https://www.transtutors.com/questions/1-what-is-engineering-economy-what-are-the-main-engineering-and-financial-processes--5147604.htm',
          'https://www.transtutors.com/questions/1-the-economy-s-income-and-expenditure-the-following-diagram-presents-a-circular-flo-5147603.htm',
          'https://www.transtutors.com/questions/1-an-economy-produces-mops-and-brooms-only-labor-is-required-to-produce-these-items--5147602.htm',
          'https://www.transtutors.com/questions/1-derive-the-equations-for-supply-and-demand-price-qd-qs-2-graph-supply-and-demand-a-5147601.htm',
          'https://www.transtutors.com/questions/1-consider-a-market-for-pollution-that-is-a-necessary-part-of-any-quot-cap-and-trade-5147600.htm',
          'https://www.transtutors.com/questions/1-of-the-choices-below-discuss-the-relevant-fixed-costs-and-variable-costs-identifyi-5147599.htm'],
 'project': ['trans'],
 'referring_link': ['https://www.transtutors.com/questions/economics/129/'],
 'spider': ['trans_links']}
2020-02-05 23:30:12 [scrapy.core.engine] DEBUG: Crawled (200) <GET https://www.transtutors.com/questions/economics/131/> (referer: https://www.google.com/) ['cached']
2020-02-05 23:30:12 [scrapy.core.scraper] DEBUG: Scraped from <200 https://www.transtutors.com/questions/economics/130/>
{'category': ['economy'],
 'date': [datetime.datetime(2020, 2, 5, 23, 30, 12, 280794)],
 'link': ['https://www.transtutors.com/questions/1-calculating-nominal-and-real-gdp-refer-to-the-following-table-to-answer-questions--5147598.htm',
          'https://www.transtutors.com/questions/1-a-based-on-this-survey-suppose-netflix-decided-to-double-the-price-of-its-service--5147597.htm',
          'https://www.transtutors.com/questions/1-assume-the-competitive-market-shown-below-faces-a-short-run-price-of-10-using-the--5147596.htm',
          'https://www.transtutors.com/questions/1-accounting-profit-will-always-be-less-than-economic-profit-true-false-2-which-type-5147595.htm',
          'https://www.transtutors.com/questions/1-4-points-climate-change-is-a-global-issue-using-the-following-website-https-www-ca-5147594.htm',
          'https://www.transtutors.com/questions/please-help-i-39-m-stuck-with-my-hw-in-economics-1-3-p-suppose-that-an-individual-fa-5147593.htm',
          'https://www.transtutors.com/questions/1-in-2017-965-students-registered-for-a-university-course-explain-how-you-will-use-t-5147592.htm',
          'https://www.transtutors.com/questions/qyestion-1-to-4-please-1-1-point-is-double-counting-a-problem-for-calculating-gdp-wo-5147591.htm',
          'https://www.transtutors.com/questions/there-are-1-000-identical-perfectly-competitive-real-estate-firms-selling-office-spa-5147590.htm',
          'https://www.transtutors.com/questions/0-zoom-eco328-fall-2018-homework-2-1-suppose-that-the-widget-industry-has-two-seller-5147589.htm',
          'https://www.transtutors.com/questions/0-when-the-wages-of-carpenters-rose-from-12-to-14-an-hour-the-quantity-demanded-fell-5147588.htm',
          'https://www.transtutors.com/questions/0-1-25-pts-question-3-for-the-academic-year-2019-2020-the-cost-of-tuition-to-attend--5147587.htm',
          'https://www.transtutors.com/questions/please-show-on-supply-demand-curves-as-well-a-the-federal-gasoline-tax-of-9-5-cents--5147586.htm',
          'https://www.transtutors.com/questions/a-discuss-the-process-of-how-a-multinational-entity-mne-goes-about-bringing-a-compan-5147585.htm',
          'https://www.transtutors.com/questions/z-only-exhibit-1-price-supply-per-unit-tax-8-exhibit-1-shows-supply-and-demand-in-a-5147584.htm',
          'https://www.transtutors.com/questions/yotal-cest-quantity-of-cars-s0k-54k-56k-57k-1-2-3-4-60k-64k-72k-84k-104k-6-7-demand--5147583.htm',
          'https://www.transtutors.com/questions/wendy-and-brian-are-risk-neutral-students-in-an-economics-class-and-both-are-in-jeop-5147582.htm',
          'https://www.transtutors.com/questions/does-the-utility-function-u-x-y-violate-the-principle-of-diminishing-marginal-utilit-5147581.htm',
          'https://www.transtutors.com/questions/using-two-supply-and-demand-diagrams-show-how-arbitrage-works-to-create-one-price-fo-5147580.htm',
          'https://www.transtutors.com/questions/using-a-supply-and-demand-graph-show-on-the-graph-two-consequences-of-either-a-price-5147579.htm',
          'https://www.transtutors.com/questions/answers-a-and-b-using-the-accelerator-model-in-which-the-level-of-inventores-in-aurr-5147578.htm',
          'https://www.transtutors.com/questions/use-a-supply-demand-diagram-to-show-what-happens-to-print-media-sales-when-more-peop-5147577.htm',
          'https://www.transtutors.com/questions/use-a-supply-demand-diagram-to-show-what-happened-when-the-us-postal-service-had-to--5147576.htm',
          'https://www.transtutors.com/questions/use-a-new-diagram-to-help-explain-the-likely-impact-of-offshore-risks-such-as-a-bad--5147575.htm',
          'https://www.transtutors.com/questions/use-the-formula-below-and-explain-every-step-please-don-39-t-use-excell-use-the-form-5147574.htm',
          'https://www.transtutors.com/questions/use-the-aggregate-demand-aggregate-supply-diagram-model-to-explain-the-consequences--5147573.htm',
          'https://www.transtutors.com/questions/us-would-be-larger-than-any-possible-loss-of-consumer-surplus-resulting-increase-in--5147572.htm',
          'https://www.transtutors.com/questions/from-the-us-perspective-what-quotation-has-been-used-and-give-the-example-of-both-di-5147571.htm',
          'https://www.transtutors.com/questions/a-union-can-achieve-higher-wages-without-accepting-lower-levels-of-employment-of-mem-5147570.htm',
          'https://www.transtutors.com/questions/unie-bem-e-demand-curve-theory-of-consumer-choice-45-recreate-the-following-graph-fo-5147569.htm',
          'https://www.transtutors.com/questions/having-an-understanding-of-the-demand-curve-for-a-product-can-be-important-for-a-fir-5147568.htm',
          'https://www.transtutors.com/questions/why-should-uk-in-africa-both-direct-aid-and-foreign-direct-investment--5147567.htm',
          'https://www.transtutors.com/questions/ughw-7-begun-in-1965-federal-transfers-to-states-to-assist-in-providing-health-care--5147566.htm',
          'https://www.transtutors.com/questions/u-x-y-x-1-2-y-1-2-cobb-douglas-show-calculations-x-f-px-m-using-the-utility-function-5147565.htm',
          'https://www.transtutors.com/questions/two-players-are-playing-a-game-in-which-each-player-requests-an-amount-of-money-simu-5147564.htm',
          'https://www.transtutors.com/questions/tutorial-question-3-consider-a-two-person-a-and-b-two-commodity-1-and-2-pure-exchang-5147563.htm',
          'https://www.transtutors.com/questions/tutorial-question-3-consider-a-two-person-a-and-b-two-commodity-1-and-2-pure-exchang-5147562.htm',
          'https://www.transtutors.com/questions/tutorial-question-1-consider-a-two-person-a-and-b-two-commodity-1-and-2-pure-exchang-5147561.htm',
          'https://www.transtutors.com/questions/a-tit-for-tat-strategy-is-one-in-which-oligopolies-1-a-cooperate-as-long-as-other-me-5147560.htm',
          'https://www.transtutors.com/questions/time-total-problems-answered-8-00-am-0-9-00-am-40-10-00-am-70-90-11-00-am-100-noon-u-5147559.htm',
          'https://www.transtutors.com/questions/the-tennessee-department-of-transportation-tdot-is-considering-building-its-first-to-5147558.htm',
          'https://www.transtutors.com/questions/a-tax-on-a-good-a-gives-buyers-an-incentive-to-buy-less-of-the-good-than-they-otherw-5147557.htm',
          'https://www.transtutors.com/questions/task-1-lafarge-answer-the-following-questions-heated-issue-of-rement-prices-source-a-5147556.htm',
          'https://www.transtutors.com/questions/it-takes-a-machine-2-hours-to-make-a-unit-of-good-x-and-1-hour-to-make-a-unit-of-goo-5147555.htm',
          'https://www.transtutors.com/questions/the-table-below-shows-current-and-expected-future-one-year-interest-rates-as-well-as-5147554.htm',
          'https://www.transtutors.com/questions/the-table-shows-carol-39-s-total-utility-from-consuming-cowboy-hats-and-suntan-lotio-5147553.htm',
          'https://www.transtutors.com/questions/the-table-sets-out-the-marginal-private-benefits-mb-that-terry-sue-and-mike-receive--5147552.htm',
          'https://www.transtutors.com/questions/the-table-gives-the-supply-schedules-of-the-only-sellers-of-hot-air-balloon-rides-xa-5147551.htm',
          'https://www.transtutors.com/questions/table-6-5-this-table-pertains-to-an-economy-with-only-two-goods-books-and-calculator-5147550.htm',
          'https://www.transtutors.com/questions/supposethere-is-a-contractionary-output-gap-in-the-economy-use-the-keynesian-cross-d-5147549.htm'],
 'project': ['trans'],
 'referring_link': ['https://www.transtutors.com/questions/economics/130/'],
 'spider': ['trans_links']}
2020-02-05 23:30:12 [scrapy.core.engine] DEBUG: Crawled (200) <GET https://www.transtutors.com/questions/economics/132/> (referer: https://www.google.com/) ['cached']
2020-02-05 23:30:12 [scrapy.core.scraper] DEBUG: Scraped from <200 https://www.transtutors.com/questions/economics/131/>
{'category': ['economy'],
 'date': [datetime.datetime(2020, 2, 5, 23, 30, 12, 460129)],
 'link': ['https://www.transtutors.com/questions/suppose-you-are-trying-to-fill-in-a-position-of-a-painter-to-work-for-18-hours-at-10-5147548.htm',
          'https://www.transtutors.com/questions/suppose-there-are-only-three-individuals-in-the-market-for-a-certain-good-individual-5147547.htm',
          'https://www.transtutors.com/questions/suppose-the-thai-baht-is-pegged-to-the-us-dollar-and-the-value-of-baht-is-fixed-at-2-5147546.htm',
          'https://www.transtutors.com/questions/suppose-producers-bear-most-of-the-burden-of-a-specific-tax-of-20-cents-on-staplers--5147545.htm',
          'https://www.transtutors.com/questions/suppose-that-the-equilibrium-price-in-the-market-for-rental-housing-is-650-if-a-law--5147544.htm',
          'https://www.transtutors.com/questions/i-suppose-demand-and-supply-for-food-is-given-by-100-6p-qd-demand-curve-1-qs-28-3p-s-5147543.htm',
          'https://www.transtutors.com/questions/suppose-the-complexity-of-recent-changes-in-the-tax-rules-has-caused-an-increase-in--5147542.htm',
          'https://www.transtutors.com/questions/suppose-you-were-asked-to-manage-a-golf-course-that-was-currently-charging-a-uniform-5147541.htm',
          'https://www.transtutors.com/questions/suppose-that-anne-39-s-utility-function-is-denoted-as-u-x1-x2-x2x32-2-use-this-infor-5147540.htm',
          'https://www.transtutors.com/questions/suppose-that-in-the-absence-of-insurance-the-inverse-demand-for-office-doctor-visits-5147539.htm',
          'https://www.transtutors.com/questions/suppose-that-in-the-absence-of-insurance-the-inverse-demand-for-office-doctor-visits-5147538.htm',
          'https://www.transtutors.com/questions/supply-q-46p-demand-q-4p-4000-marginal-cost-mc-q-a-based-on-the-above-equations-find-5147537.htm',
          'https://www.transtutors.com/questions/i-suggest-ibargaining-tmprove-the-some-power-factors-that-would-of-married-women-mem-5147536.htm',
          'https://www.transtutors.com/questions/subject-re-jobs-employees-we-are-cutting-our-staff-by-20-this-year-this-will-happen--5147535.htm',
          'https://www.transtutors.com/questions/a-study-of-king-penguins-looked-for-a-relationship-between-how-deep-the-penguins-div-5147534.htm',
          'https://www.transtutors.com/questions/sports-marketing-explain-why-a-monopolistic-team-can-have-positive-profits-in-the-lo-5147533.htm',
          'https://www.transtutors.com/questions/sports-economics-a-team-is-facing-the-following-inverse-demand-function-p-10-150-0-2-5147532.htm',
          'https://www.transtutors.com/questions/can-someone-please-explain-what-forward-and-backword-linkages-are-in-simple-terms-im-5147531.htm',
          'https://www.transtutors.com/questions/can-solve-these-tables-i-39-m-having-a-hard-time-doing-them-solutions-would-be-appre-5147530.htm',
          'https://www.transtutors.com/questions/since-1979-low-income-recipients-have-been-given-food-stamps-without-charge-however--5147529.htm',
          'https://www.transtutors.com/questions/since-1979-low-income-recipients-have-been-given-food-stamps-without-charge-however--5147528.htm',
          'https://www.transtutors.com/questions/show-using-4-different-methods-that-bu-39-c1-u-39-1-1-r-replacing-out-u-39-c-by-its--5147527.htm',
          'https://www.transtutors.com/questions/show-using-4-different-methods-that-bu-39-ci-u-39-co-1-1-r-replacing-out-u-39-c-by-i-5147526.htm',
          'https://www.transtutors.com/questions/show-the-impact-of-the-expected-future-increase-in-gasoline-prices-on-the-current-su-5147525.htm',
          'https://www.transtutors.com/questions/show-the-impact-of-the-decrease-in-the-price-of-cake-by-shifting-the-demand-curve-on-5147524.htm',
          'https://www.transtutors.com/questions/share-of-the-labor-force-in-agriculture-figure-3-1-the-fashiobet-sop-per-capite-and--5147523.htm',
          'https://www.transtutors.com/questions/sewall-s-biographer-concluded-that-he-was-a-man-at-odds-with-his-times-considering-s-5147522.htm',
          'https://www.transtutors.com/questions/several-political-leaders-including-some-recent-candidates-for-the-presidency-have-p-5147521.htm',
          'https://www.transtutors.com/questions/section-a-basic-economics-2-points-answer-any-one-of-a1-a2-and-a3-al-an-individual-c-5147520.htm',
          'https://www.transtutors.com/questions/scenario-jack-takes-3-hours-to-complete-a-painting-and-6-hours-to-make-a-sculpture-h-5147519.htm',
          'https://www.transtutors.com/questions/scarcity-and-shortages-and-human-wants-and-needs-are-central-tenets-in-the-study-of--5147518.htm',
          'https://www.transtutors.com/questions/robert-pearl-md-in-his-article-quot-why-patent-protection-in-the-drug-industry-is-ou-5147517.htm',
          'https://www.transtutors.com/questions/returns-types-of-convergence-1-absolute-convergence-per-capita-income-gap-between-ri-5147516.htm',
          'https://www.transtutors.com/questions/research-and-provide-the-link-for-any-product-or-service-that-may-have-been-introduc-5147515.htm',
          'https://www.transtutors.com/questions/rent-controls-force-landlords-to-price-apartments-below-the-equilibrium-price-level--5147514.htm',
          'https://www.transtutors.com/questions/related-to-the-solved-problem-in-this-section-the-aggregate-labor-market-is-to-be-d-5147513.htm',
          'https://www.transtutors.com/questions/ranger-construction-is-preparing-to-repair-potholes-under-contract-with-the-city-of--5147512.htm',
          'https://www.transtutors.com/questions/a-random-variable-x-has-the-following-probability-density-function-f-x-cr-15153-else-5147511.htm',
          'https://www.transtutors.com/questions/ralph-usually-buys-1-pizza-and-2-colas-from-the-local-pizzeria-the-pizzeria-announce-5147510.htm',
          'https://www.transtutors.com/questions/questions-q1-how-effectively-does-abc-compete-in-the-non-exclusive-dealerships-use-m-5147509.htm',
          'https://www.transtutors.com/questions/for-questions-6-7-use-the-following-information-the-estimated-demand-and-supply-equa-5147508.htm',
          'https://www.transtutors.com/questions/question-9-4-pts-a-perfectly-price-discriminating-monopolist-has-constant-marginal-c-5147507.htm',
          'https://www.transtutors.com/questions/can-you-please-explain-this-deeply-thank-you-question-7-consider-a-consumer-with-pre-5147506.htm',
          'https://www.transtutors.com/questions/question-7-1-pts-a-monopsony-always-purchases-less-of-an-input-than-it-would-if-it-s-5147505.htm',
          'https://www.transtutors.com/questions/question-5-an-rba-economist-believes-that-an-ar-1-model-would-be-appropriate-to-esti-5147504.htm',
          'https://www.transtutors.com/questions/question-5-of-5-20-points-expansionary-fiscal-policy-will-be-most-effective-in-incre-5147503.htm',
          'https://www.transtutors.com/questions/mr-q-mciq-p-q-mc-q-w-quot-aria-describedby-quot-dq8-quot-style-quot-quot-gt-question-5147502.htm',
          'https://www.transtutors.com/questions/question-5-0-1-pts-price-10-2018-quantity-120-price-12-2013-product-quantity-camera--5147501.htm',
          'https://www.transtutors.com/questions/question-4-consider-a-non-dividend-paying-stock-so-at-time-t-0-after-one-time-period-5147500.htm',
          'https://www.transtutors.com/questions/question-4-of-5-20-points-according-to-the-short-run-phillips-curve-which-of-the-fol-5147499.htm'],
 'project': ['trans'],
 'referring_link': ['https://www.transtutors.com/questions/economics/131/'],
 'spider': ['trans_links']}
2020-02-05 23:30:12 [scrapy.core.engine] DEBUG: Crawled (200) <GET https://www.transtutors.com/questions/economics/133/> (referer: https://www.google.com/) ['cached']
2020-02-05 23:30:12 [scrapy.core.scraper] DEBUG: Scraped from <200 https://www.transtutors.com/questions/economics/132/>
{'category': ['economy'],
 'date': [datetime.datetime(2020, 2, 5, 23, 30, 12, 616042)],
 'link': ['https://www.transtutors.com/questions/question-4-120-marks-as-of-jan-1st-2018-the-uae-government-has-introduced-a-value-ad-5147498.htm',
          'https://www.transtutors.com/questions/question-3-given-the-following-constrained-optimization-problem-minimize-y-4x-3x-x2--5147497.htm',
          'https://www.transtutors.com/questions/question-3-a-consumer-spends-a-positive-amount-m-in-order-to-buy-x-units-of-one-good-5147496.htm',
          'https://www.transtutors.com/questions/question-3-8-marks-based-on-the-data-acquired-in-question-2-answer-the-following-que-5147495.htm',
          'https://www.transtutors.com/questions/question-3-of-5-the-trade-off-between-inflation-and-unemployment-i-is-depicted-by-th-5147494.htm',
          'https://www.transtutors.com/questions/question-3-0-5-pts-regardless-of-whether-or-not-it-is-a-natural-monopoly-what-is-the-5147493.htm',
          'https://www.transtutors.com/questions/question-3-0-1-pts-if-consumption-expenditures-1-660-billion-investment-expenditures-5147492.htm',
          'https://www.transtutors.com/questions/question-2-5-pts-the-government-imposes-a-20-ad-valorem-tax-on-a-monopoly-with-cost--5147491.htm',
          'https://www.transtutors.com/questions/question-2-of-5-a-phillips-curve-shows-that-in-the-a-short-run-there-is-a-trade-off--5147490.htm',
          'https://www.transtutors.com/questions/question-2-2-marks-find-out-the-following-data-for-new-zealand-to-calibrate-the-mode-5147489.htm',
          'https://www.transtutors.com/questions/question-2-question-2-1-pts-2-a-nash-equilibrium-for-a-two-player-game-is-sometimes--5147488.htm',
          'https://www.transtutors.com/questions/the-acmeville-metropolitan-bus-service-currently-charges-0-77-for-an-all-day-ticket--5147487.htm',
          'https://www.transtutors.com/questions/question-1-analyse-the-european-monetary-union-emu-which-has-successfully-reached-th-5147486.htm',
          'https://www.transtutors.com/questions/question-1-according-to-adam-smith-exists-an-invisible-hand-that-promote-general-eco-5147485.htm',
          'https://www.transtutors.com/questions/question-1-of-5-20-points-government-spending-and-or-taxes-while-a-contractionary-fi-5147484.htm',
          'https://www.transtutors.com/questions/question-1-10-marks-suppose-a-representative-household-39-s-expected-utility-functio-5147483.htm',
          'https://www.transtutors.com/questions/e-hod-m-4-y-c-i-go-c9t6-t-t-dtty-1-pa-2-p2-pp2-23-2-pa-18-3i-ps-2-r-5-y-c-i-quot-ari-5147482.htm',
          'https://www.transtutors.com/questions/q-d-8000-50-assume-that-quantity-cannot-be-changed-in-the-short-run-what-is-price-wh-5147481.htm',
          'https://www.transtutors.com/questions/q1-jen-has-a-concave-utility-function-u-w-5-ln-w-where-w-1-denotes-wealth-her-only-m-5147480.htm',
          'https://www.transtutors.com/questions/q-k-2-3-l-1-3-r-4-w-1-a-do-we-have-irs-drs-or-crs-b-derive-the-short-run-total-cost--5147479.htm',
          'https://www.transtutors.com/questions/in-a-production-process-all-inputs-are-increased-by-10-but-output-increases-less-tha-5147478.htm',
          'https://www.transtutors.com/questions/problem-3-a-florida-orange-farmer-produces-40-pounds-of-oranges-the-price-per-pound--5147477.htm',
          'https://www.transtutors.com/questions/problem-2-walter-likes-vests-v-and-shorts-s-he-initially-has-two-of-each-vests-cost--5147476.htm',
          'https://www.transtutors.com/questions/problem-1-jeffrey-consumes-two-goods-rugs-r-and-bowling-balls-b-jeffrey-initially-ha-5147475.htm',
          'https://www.transtutors.com/questions/is-privatization-by-itself-enough-to-guarantee-economic-growth-why-explain-using-an--5147474.htm',
          'https://www.transtutors.com/questions/points-lying-below-a-production-possibilities-curve-are-a-inefficient-because-more-c-5147473.htm',
          'https://www.transtutors.com/questions/points-inside-a-production-possibilities-curve-are-and-a-efficient-unattainable-5147472.htm',
          'https://www.transtutors.com/questions/please-i-need-today-answer-for-this-question-and-it-is-very-important-and-i-need-sol-5147471.htm',
          'https://www.transtutors.com/questions/please-i-need-today-answer-for-this-question-and-it-is-very-important-and-i-need-sol-5147470.htm',
          'https://www.transtutors.com/questions/please-i-need-today-answer-for-this-question-and-it-is-very-important-and-i-need-sol-5147469.htm',
          'https://www.transtutors.com/questions/please-i-need-today-answer-for-this-question-and-it-is-very-important-and-i-need-sol-5147468.htm',
          'https://www.transtutors.com/questions/please-i-need-today-answer-for-this-question-and-it-is-very-important-and-i-need-sol-5147467.htm',
          'https://www.transtutors.com/questions/please-help-with-g-and-h-full-question-for-number-2-assist-with-the-last-two-only-g--5147466.htm',
          'https://www.transtutors.com/questions/please-answer-all-these-questions-15-activity-a-is-worth-100-is-finished-and-cost-15-5147465.htm',
          'https://www.transtutors.com/questions/period-the-nominal-interest-rate-r-and-the-effective-interest-rate-i-2-5pt-recall-th-5147464.htm',
          'https://www.transtutors.com/questions/parti-multiple-regression-analysis-hypothesis-testing-1-suppose-that-the-wage-paid-t-5147463.htm',
          'https://www.transtutors.com/questions/part-b-1-for-the-cash-flow-below-calculate-i-present-worth-ii-calculate-the-future-w-5147462.htm',
          'https://www.transtutors.com/questions/part-3-relevant-calculations-beta-cost-of-debt-cost-of-equity-wacc-relevant-info-par-5147461.htm',
          'https://www.transtutors.com/questions/part-1-13-marks-in-total-each-question-is-worth-0-5-marks-consider-the-diagrams-belo-5147460.htm',
          'https://www.transtutors.com/questions/o-e-chrome-file-edit-view-history-bookmarks-people-window-help-84-thu-oct-3-3-01-ela-5147458.htm',
          'https://www.transtutors.com/questions/need-an-explanation-and-formula-of-how-to-get-the-answers-thank-you-edit-i-understan-5147457.htm',
          'https://www.transtutors.com/questions/answer-q-1-5-multiple-choicepointsch-cince-the-best-www-1-the-recent-purchase-by-the-5147456.htm',
          'https://www.transtutors.com/questions/multiple-choice-3-points-cach-circle-the-best-answer-1-the-recent-purchase-by-the-sa-5147455.htm',
          'https://www.transtutors.com/questions/each-month-the-bureau-of-labor-statistics-bls-surveys-in-order-to-report-the-number--5147454.htm',
          'https://www.transtutors.com/questions/a-monopolist-in-ba-can-produce-at-constant-marginal-cost-of-mc-10-the-monopolist-fac-5147453.htm',
          'https://www.transtutors.com/questions/moms-all-around-the-country-are-complaining-about-current-cold-cereal-prices-last-ye-5147452.htm',
          'https://www.transtutors.com/questions/what-are-the-microeconomic-indicators-of-barbados-what-are-the-macroeconomics-of-bar-5147451.htm',
          'https://www.transtutors.com/questions/market-demand-for-the-nuclear-substance-pluranium-is-given-below-along-with-the-tr-f-5147450.htm',
          'https://www.transtutors.com/questions/a-market-consists-of-10-identical-consumers-and-10-identical-firms-consumers-have-pr-5147449.htm',
          'https://www.transtutors.com/questions/what-will-be-the-market-clearing-price-if-the-following-reservation-prices-exist-for-5147448.htm'],
 'project': ['trans'],
 'referring_link': ['https://www.transtutors.com/questions/economics/132/'],
 'spider': ['trans_links']}
2020-02-05 23:30:12 [scrapy.core.engine] DEBUG: Crawled (200) <GET https://www.transtutors.com/questions/economics/134/> (referer: https://www.google.com/) ['cached']
2020-02-05 23:30:12 [scrapy.core.scraper] DEBUG: Scraped from <200 https://www.transtutors.com/questions/economics/133/>
{'category': ['economy'],
 'date': [datetime.datetime(2020, 2, 5, 23, 30, 12, 768092)],
 'link': ['https://www.transtutors.com/questions/when-managers-in-oligopolistic-firms-make-decisions-that-affect-output-or-price-they-5147447.htm',
          'https://www.transtutors.com/questions/make-managerial-recommendations-for-real-estate-company-while-selling-the-property-t-5147446.htm',
          'https://www.transtutors.com/questions/macroeconomics-ver-9e-by-mankiw-chapter-12-on-aggregate-demand-ii-applying-the-is-lm-5147445.htm',
          'https://www.transtutors.com/questions/pelase-review-the-reading-and-anwser-the-following-questions-m-aul-lumpuration-and-s-5147444.htm',
          'https://www.transtutors.com/questions/lupita-and-nazim-live-in-a-small-town-the-figure-on-the-left-below-shows-the-demand--5147443.htm',
          'https://www.transtutors.com/questions/so-long-as-a-firm-is-enjoying-increasing-marginal-returns-a-one-unit-increase-in-out-5147442.htm',
          'https://www.transtutors.com/questions/list-at-least-two-things-we-need-to-verify-for-using-the-lagrangean-set-up-the-lagra-5147441.htm',
          'https://www.transtutors.com/questions/which-length-of-time-of-unemployment-was-the-highest-percentage-reported-in-february-5147440.htm',
          'https://www.transtutors.com/questions/the-law-of-diminishing-returns-assumes-that-a-there-is-at-least-one-fixed-input-b-al-5147439.htm',
          'https://www.transtutors.com/questions/the-law-of-demand-says-that-output-increases-when-price-falls-all-else-equal-that-is-5147438.htm',
          'https://www.transtutors.com/questions/key-objective-discovering-zero-economic-profit-in-a-small-business-operating-in-the--5147437.htm',
          'https://www.transtutors.com/questions/kayla-39-s-utility-depends-on-her-consumption-of-good-q-and-good-q2-u-9-0-6920-4-her-5147436.htm',
          'https://www.transtutors.com/questions/joe-won-365-000-a-year-for-life-in-the-state-lottery-use-a-labor-leisure-choice-anal-5147435.htm',
          'https://www.transtutors.com/questions/joe-owns-a-coffee-house-and-produces-coffee-drinks-under-the-production-function-q-5-5147434.htm',
          'https://www.transtutors.com/questions/isi-policies-attracted-large-segments-of-rural-population-to-migrate-to-cities-partl-5147433.htm',
          'https://www.transtutors.com/questions/isi-policies-attracted-large-segments-of-rural-population-to-migrate-to-cities-partl-5147432.htm',
          'https://www.transtutors.com/questions/an-insurance-company-decides-to-offer-individuals-insurance-against-losing-their-job-5147431.htm',
          'https://www.transtutors.com/questions/all-the-info-is-in-the-top-picture-for-b-i-got-s-600-c-i-got-s-31-i-want-to-see-if-i-5147430.htm',
          'https://www.transtutors.com/questions/for-an-industry-in-perfect-competition-when-is-it-possible-to-enter-and-exit-the-mar-5147429.htm',
          'https://www.transtutors.com/questions/independent-trucking-is-an-industry-that-can-be-considered-perfectly-competitive-dra-5147428.htm',
          'https://www.transtutors.com/questions/incorrect-question-5-0-1-pts-if-for-good-z-income-elasticity-is-greater-than-1-then--5147427.htm',
          'https://www.transtutors.com/questions/imagine-that-the-government-statisticians-whocalculate-the-inflation-rate-have-been--5147426.htm',
          'https://www.transtutors.com/questions/ice-creams-and-frozen-yogurt-are-perfect-substitutes-ice-cream-consumption-is-plotte-5147425.htm',
          'https://www.transtutors.com/questions/hungry-for-an-application-in-business-think-about-the-second-price-auction-it-is-the-5147424.htm',
          'https://www.transtutors.com/questions/homework-microeconomic-theory-2019-10-2-a-a-consumer-lives-for-two-periods-denoted-1-5147423.htm',
          'https://www.transtutors.com/questions/home-study-business-operations-management-operations-management-questions-and-answer-5147422.htm',
          'https://www.transtutors.com/questions/home-study-business-economics-economics-questions-and-answers-please-help-me-i-nee-5147421.htm',
          'https://www.transtutors.com/questions/heated-issue-of-lafarge-rement-prices-by-daniel-kho0-danielkhoogthestar-com-doe-peoj-5147420.htm',
          'https://www.transtutors.com/questions/the-graph-shows-different-combinations-of-sun-tan-lotion-and-cowboy-hats-that-fred-c-5147419.htm',
          'https://www.transtutors.com/questions/i-got-one-wrong-mark-on-this-answer-and-don-39-t-know-where-can-someone-help-me-to-f-5147418.htm',
          'https://www.transtutors.com/questions/the-goods-market-of-a-closed-economy-obeys-the-following-equation-system-c-50-0-9-y--5147417.htm',
          'https://www.transtutors.com/questions/given-the-following-demand-and-supply-functions-qdx-1-850-2-px-0-5-py-0-5-pz-0-003-q-5147416.htm',
          'https://www.transtutors.com/questions/given-c-2-billion-0-75y-f-starting-with-the-equation-above-what-happens-to-the-graph-5147415.htm',
          'https://www.transtutors.com/questions/give-two-examples-related-to-your-discipline-that-you-need-to-apply-over-sampling-pa-5147414.htm',
          'https://www.transtutors.com/questions/game-theory-questions-9-and-10-are-based-on-the-following-game-where-i-and-y-are-pos-5147413.htm',
          'https://www.transtutors.com/questions/fully-define-and-explain-the-theory-of-a-rational-or-b-irrational-or-c-bounded-ratio-5147412.htm',
          'https://www.transtutors.com/questions/you-are-a-freelance-economics-consultant-who-has-been-commissioned-by-the-commonweal-5147411.htm',
          'https://www.transtutors.com/questions/the-following-are-the-utility-functions-for-2-consumers-consumer-a-u-x-1-3-y-1-2-con-5147410.htm',
          'https://www.transtutors.com/questions/which-of-the-following-is-true-regarding-utility-along-a-price-consumption-curve-a-i-5147409.htm',
          'https://www.transtutors.com/questions/which-of-the-following-statements-is-true-a-when-two-firms-have-exactly-the-same-opp-5147408.htm',
          'https://www.transtutors.com/questions/which-of-the-following-statements-applies-to-a-monopolist-but-not-to-a-perfectly-com-5147407.htm',
          'https://www.transtutors.com/questions/the-following-graph-shows-the-daily-market-for-shoes-suppose-the-government-institut-5147406.htm',
          'https://www.transtutors.com/questions/the-following-graph-shows-the-annual-market-for-florida-oranges-which-are-sold-in-un-5147405.htm',
          'https://www.transtutors.com/questions/the-following-figure-shows-the-production-possibilities-curve-of-two-individuals-rya-5147404.htm',
          'https://www.transtutors.com/questions/the-following-figure-shows-the-production-possibilities-curve-of-two-individuals-rya-5147403.htm',
          'https://www.transtutors.com/questions/which-of-the-following-explain-s-why-purchasing-power-parity-does-not-completely-exp-5147402.htm',
          'https://www.transtutors.com/questions/the-following-describes-economy-b-aggregate-production-function-y-k-l-25-1-4-3-4-k-c-5147401.htm',
          'https://www.transtutors.com/questions/there-is-a-fixed-stock-of-unimproved-land-l-10-the-annual-value-of-marginal-product--5147400.htm',
          'https://www.transtutors.com/questions/firms-frequently-find-themselves-in-situations-where-they-must-choose-between-pursui-5147399.htm',
          'https://www.transtutors.com/questions/please-provide-an-explanation-firms-care-about-their-after-tax-rate-of-return-on-inv-5147398.htm'],
 'project': ['trans'],
 'referring_link': ['https://www.transtutors.com/questions/economics/133/'],
 'spider': ['trans_links']}
2020-02-05 23:30:12 [scrapy.core.engine] DEBUG: Crawled (200) <GET https://www.transtutors.com/questions/economics/135/> (referer: https://www.google.com/) ['cached']
2020-02-05 23:30:12 [scrapy.core.scraper] DEBUG: Scraped from <200 https://www.transtutors.com/questions/economics/134/>
{'category': ['economy'],
 'date': [datetime.datetime(2020, 2, 5, 23, 30, 12, 932430)],
 'link': ['https://www.transtutors.com/questions/firm-x-operating-in-a-perfectly-competitive-market-can-sell-as-much-or-as-little-as--5147397.htm',
          'https://www.transtutors.com/questions/a-firm-39-s-expansion-path-is-a-the-firm-39-s-production-function-b-a-curve-that-mak-5147396.htm',
          'https://www.transtutors.com/questions/a-firm-hires-labor-in-a-perfectly-competitive-labor-market-its-current-profit-maximi-5147395.htm',
          'https://www.transtutors.com/questions/firm-a-100-units-of-pollution-firm-b-100-units-of-pollution-overall-200-units-of-pol-5147394.htm',
          'https://www.transtutors.com/questions/a-find-the-integral-r-39-x-x-3-marks-b-calculate-the-integralx2vx3-1-dx-4-marks-ques-5147393.htm',
          'https://www.transtutors.com/questions/the-figure-below-shows-a-market-in-equilibrium-price-s-tools-44-40-s-36-floor1-dwl-3-5147392.htm',
          'https://www.transtutors.com/questions/figure-4-1-figure-4-1-shows-arnold-39-s-demand-curve-for-burritos-refer-to-figure-4--5147391.htm',
          'https://www.transtutors.com/questions/female-l-gpa-3-5-3-8-2-7-3-0-2-5-1-3-hrs-study-per-day-7-6-4-2-this-question-examine-5147390.htm',
          'https://www.transtutors.com/questions/what-are-the-factors-that-determine-the-long-ru-monetary-benefits-of-doing-business--5147389.htm',
          'https://www.transtutors.com/questions/what-are-the-factors-that-determine-the-costs-of-doing-business-in-a-country--5147388.htm',
          'https://www.transtutors.com/questions/f-blanchard-and-johnson-2015-pp-104-105-questions-3-and-4-consider-first-the-goods-m-5147387.htm',
          'https://www.transtutors.com/questions/to-what-extent-is-the-exposition-of-the-deflation-trap-using-the-3-equation-model-us-5147386.htm',
          'https://www.transtutors.com/questions/export-subsidies-small-country-6pts-facts-1-assume-canada-produces-beer-e-g-labatts--5147385.htm',
          'https://www.transtutors.com/questions/explore-the-costs-of-economic-growth-why-are-they-costs-explain-how-and-why-the-dist-5147384.htm',
          'https://www.transtutors.com/questions/explain-in-words-the-consumer-39-s-problem-write-down-the-consumer-39-s-problem-math-5147383.htm',
          'https://www.transtutors.com/questions/explain-how-a-system-of-individual-transferable-permits-works-in-a-fishery-what-are--5147382.htm',
          'https://www.transtutors.com/questions/explain-how-increasing-the-education-level-of-individuals-can-lead-to-increased-gdp--5147381.htm',
          'https://www.transtutors.com/questions/explain-and-describe-how-an-increase-in-unemployment-will-affect-a-human-efficiency--5147380.htm',
          'https://www.transtutors.com/questions/can-you-explain-what-is-quot-d-quot-and-why-its-equals-to-0-t-q-de-d-o-5147379.htm',
          'https://www.transtutors.com/questions/explain-the-concept-demand-curve-and-supply-curve-in-your-own-words-then-give-real-l-5147378.htm',
          'https://www.transtutors.com/questions/explain-with-the-aid-of-a-graph-the-meaning-of-equilibrium-for-a-particular-good--5147377.htm',
          'https://www.transtutors.com/questions/exhibit-4-8-2-46-price-of-wheat-quantity-refer-to-exhibit-4-8-suppose-that-wheat-pro-5147376.htm',
          'https://www.transtutors.com/questions/what-are-the-examples-of-nudges-in-the-private-sector-and-in-the-public-sector--5147375.htm',
          'https://www.transtutors.com/questions/in-an-essay-of-at-least-two-well-developed-paragraphs-compare-and-contrast-the-chara-5147373.htm',
          'https://www.transtutors.com/questions/endogenous-growth-model-you-will-explore-the-dynamics-of-human-capital-and-physical--5147372.htm',
          'https://www.transtutors.com/questions/can-anyone-please-help-with-the-following-questions1-8-employer-de-type-cost-of-np-w-5147371.htm',
          'https://www.transtutors.com/questions/emily-has-demand-for-chocolate-with-the-demand-curve-of-q-0-02m-2p-when-the-income-m-5147370.htm',
          'https://www.transtutors.com/questions/economy-with-two-consumers-consumer-consider-1-and-consumer-2-and-two-goods-good-1-a-5147369.htm',
          'https://www.transtutors.com/questions/econ-review-unit-3-behind-the-demand-curve-theory-of-consumer-choice-behind-the-dema-5147368.htm',
          'https://www.transtutors.com/questions/econ-review-unit-3-behind-the-demand-curve-theory-of-consumer-choice-behind-the-dema-5147367.htm',
          'https://www.transtutors.com/questions/e-commerce-in-saudi-arabia-has-received-a-boost-following-the-launch-of-several-digi-5147366.htm',
          'https://www.transtutors.com/questions/draw-a-supply-and-demand-curve-for-the-nike-tennis-shoe-market-label-both-axes-and-a-5147365.htm',
          'https://www.transtutors.com/questions/draw-a-production-possibilities-curve-showing-increasing-opportunity-costs-label-the-5147364.htm',
          'https://www.transtutors.com/questions/i-draw-graph-for-equilibrium-and-show-consumer-and-producer-surplus-ii-suppose-suppl-5147363.htm',
          'https://www.transtutors.com/questions/i-draw-graph-for-equilibrium-and-show-consumer-and-producer-surplus-ii-suppose-deman-5147362.htm',
          'https://www.transtutors.com/questions/dogfight-over-europe-ryanair-1-what-is-ryanair-39-s-strategy-2-can-ryanair-make-a-pr-5147361.htm',
          'https://www.transtutors.com/questions/discuss-the-methodology-of-constructing-the-hdi-explain-how-the-3-included-dimension-5147360.htm',
          'https://www.transtutors.com/questions/discuss-how-allocation-of-rights-and-other-problems-may-limit-the-application-of-the-5147359.htm',
          'https://www.transtutors.com/questions/describe-how-a-resource-depletion-tax-can-be-used-to-maximise-economic-efficiency-in-5147358.htm',
          'https://www.transtutors.com/questions/describe-a-policy-or-tools-which-could-be-used-to-ensure-the-efficient-allocation-of-5147357.htm',
          'https://www.transtutors.com/questions/demand-and-supply-of-good-a-is-given-by-the-following-two-equations-q-50-10-3-pa-3pc-5147356.htm',
          'https://www.transtutors.com/questions/the-demand-for-rupees-by-americans-is-also-a-a-supply-of-dollars-b-a-demand-for-doll-5147355.htm',
          'https://www.transtutors.com/questions/there-is-no-demand-q-in-units-for-a-commodity-if-the-unit-price-p-in-dollars-is-20-o-5147354.htm',
          'https://www.transtutors.com/questions/creating-the-world-39-s-biggest-free-trade-zone-in-his-february-12-2013-state-of-the-5147353.htm',
          'https://www.transtutors.com/questions/the-cook-family-has-owned-and-operated-a-garden-tool-and-implements-manufacturing-co-5147352.htm',
          'https://www.transtutors.com/questions/contractionary-fiscal-policy-and-monetary-policy-please-help-with-d-e-and-f-thank-yo-5147351.htm',
          'https://www.transtutors.com/questions/0-prices-as-pz-gt-0-and-pw-gt-0-given-that-z-gt-0-and-w-gt-0-answer-the-following-qu-5147350.htm',
          'https://www.transtutors.com/questions/consider-the-two-sided-search-model-as-discussed-in-class-how-do-the-equilibrium-wag-5147349.htm',
          'https://www.transtutors.com/questions/consider-the-two-sided-search-model-as-discussed-in-class-assume-that-the-number-of--5147348.htm',
          'https://www.transtutors.com/questions/full-working-pls-consider-a-two-person-a-and-b-two-commodity-1-and-2-pure-exchange-e-5147347.htm'],
 'project': ['trans'],
 'referring_link': ['https://www.transtutors.com/questions/economics/134/'],
 'spider': ['trans_links']}
2020-02-05 23:30:13 [scrapy.core.engine] DEBUG: Crawled (200) <GET https://www.transtutors.com/questions/economics/136/> (referer: https://www.google.com/) ['cached']
2020-02-05 23:30:13 [scrapy.core.scraper] DEBUG: Scraped from <200 https://www.transtutors.com/questions/economics/135/>
{'category': ['economy'],
 'date': [datetime.datetime(2020, 2, 5, 23, 30, 13, 84998)],
 'link': ['https://www.transtutors.com/questions/consider-a-two-person-a-and-b-two-commodity-1-and-2-pure-exchange-economy-suppose-th-5147346.htm',
          'https://www.transtutors.com/questions/consider-a-two-person-a-and-b-two-commodity-1-and-2-pure-exchange-economy-suppose-th-5147345.htm',
          'https://www.transtutors.com/questions/consider-a-two-person-a-and-b-two-commodity-1-and-2-pure-exchange-economy-suppose-th-5147344.htm',
          'https://www.transtutors.com/questions/consider-the-one-sided-search-model-as-discussed-in-class-in-that-model-only-unemplo-5147343.htm',
          'https://www.transtutors.com/questions/consider-a-market-with-two-firms-the-market-demand-is-p-60-q-mc-1-10-mc-2-20-solve-f-5147342.htm',
          'https://www.transtutors.com/questions/consider-the-following-three-player-game-shown-in-matrix-form-below-the-three-player-5147341.htm',
          'https://www.transtutors.com/questions/consider-the-following-table-for-the-neighboring-nations-of-northland-and-west-coast-5147340.htm',
          'https://www.transtutors.com/questions/consider-the-following-simultaneous-move-antitrust-investigation-game-between-two-pl-5147339.htm',
          'https://www.transtutors.com/questions/i-cannot-find-2009-39-s-consumption-anyone-can-explain-it-for-me-thanks-consider-the-5147338.htm',
          'https://www.transtutors.com/questions/does-anyone-can-explain-it-for-me-thanks-consider-the-following-scenario-the-ford-mo-5147337.htm',
          'https://www.transtutors.com/questions/consider-the-following-hypothetical-information-about-the-occupational-de-in-country-5147336.htm',
          'https://www.transtutors.com/questions/consider-the-figure-to-the-right-where-joe-initially-maximizes-utility-at-consumptio-5147335.htm',
          'https://www.transtutors.com/questions/consider-the-efficiency-wage-model-as-discussed-in-class-suppose-that-there-are-ns-1-5147334.htm',
          'https://www.transtutors.com/questions/the-following-questio-is-tutorial-question-3-consider-once-again-the-economy-that-wa-5147333.htm',
          'https://www.transtutors.com/questions/consider-once-again-the-economy-that-was-described-in-tutorial-question-1-suppose-th-5147332.htm',
          'https://www.transtutors.com/questions/consider-a-corrupt-provincial-government-in-which-each-housing-inspector-examines-tw-5147331.htm',
          'https://www.transtutors.com/questions/consider-a-corrupt-provincial-government-in-which-each-housing-inspector-examines-tw-5147330.htm',
          'https://www.transtutors.com/questions/consider-again-the-2-period-consumption-problem-of-lecture-3-that-is-assume-that-the-5147329.htm',
          'https://www.transtutors.com/questions/compare-and-contrast-the-general-approaches-of-macro-economic-meso-economic-and-micr-5147328.htm',
          'https://www.transtutors.com/questions/a-company-can-sell-q-1000pe-0-02p-calculators-at-a-price-of-p-dollars-per-calculator-5147327.htm',
          'https://www.transtutors.com/questions/combinations-x-y-a-10-10-b-12-12-c-10-8-d-8-12-can-we-conclude-that-a-b-gt-a-b-d-gt--5147326.htm',
          'https://www.transtutors.com/questions/the-cobb-douglas-function-for-a-new-product-is-given-by-y-k-l-5k04l0-6-where-k-is-th-5147325.htm',
          'https://www.transtutors.com/questions/a-click-submit-to-complete-this-assessment-question-30-figure-4-5-price-dollars-per--5147324.htm',
          'https://www.transtutors.com/questions/class-work-production-possibilities-curve-consider-the-following-table-which-records-5147323.htm',
          'https://www.transtutors.com/questions/class-work-production-possibilities-curve-consider-the-following-table-which-records-5147322.htm',
          'https://www.transtutors.com/questions/chapter-20-implementing-risk-management-within-middle-eastern-oil-answer-all-questio-5147321.htm',
          'https://www.transtutors.com/questions/a-cepetan-my-home-mindrap-cengage-les-x-b-ing-cenge-com-index-117106601-6-915-5-78-c-5147320.htm',
          'https://www.transtutors.com/questions/a-cemex-holds-a-commanding-60-share-of-the-cement-market-in-mexico-explain-three-sou-5147319.htm',
          'https://www.transtutors.com/questions/why-is-a-cash-flow-budget-important-a-to-forecast-the-amount-and-timing-of-future-ca-5147318.htm',
          'https://www.transtutors.com/questions/why-does-a-capital-expenditure-budget-arrange-items-and-competing-projects-by-priori-5147317.htm',
          'https://www.transtutors.com/questions/could-you-draw-a-picture-when-you-answer-the-question-c-understanding-and-analyzing--5147315.htm',
          'https://www.transtutors.com/questions/burglar-beatrice-is-a-risk-neutral-offender-who-imposes-a-harm-to-society-of-1-000-w-5147314.htm',
          'https://www.transtutors.com/questions/budgets-can-be-used-in-a-variety-of-ways-which-of-the-following-is-not-a-purpose-of--5147313.htm',
          'https://www.transtutors.com/questions/budgets-play-a-vital-role-in-the-success-of-agribusinesses-and-provide-numerous-bene-5147312.htm',
          'https://www.transtutors.com/questions/which-budget-summarizes-the-expected-sales-production-activities-and-related-costs-o-5147311.htm',
          'https://www.transtutors.com/questions/find-absolute-and-comparative-advantage-please-with-steps-bob-stella-change-light-bu-5147310.htm',
          'https://www.transtutors.com/questions/based-on-this-model-households-earn-income-when-firms-purchase-in-factor-markets-sup-5147309.htm',
          'https://www.transtutors.com/questions/ays-and-mccovey-are-beer-brewing-companies-that-operate-in-a-duopoly-two-firm-oligop-5147308.htm',
          'https://www.transtutors.com/questions/on-average-a-customer-service-representative-spends-6-minutes-with-their-customer-a--5147307.htm',
          'https://www.transtutors.com/questions/on-average-a-customer-service-representative-spends-6-minutes-with-their-customer-a--5147306.htm',
          'https://www.transtutors.com/questions/we-were-unable-to-transcribe-this-imageassume-the-market-was-in-equilibrium-in-the-g-5147305.htm',
          'https://www.transtutors.com/questions/assume-that-k-8-in-the-sr-and-w-2-r-4-please-calculate-the-short-run-fc-vc-q-tc-q-af-5147304.htm',
          'https://www.transtutors.com/questions/assume-that-the-economy-is-initially-at-its-equilibrium-level-of-gdp-what-will-happe-5147303.htm',
          'https://www.transtutors.com/questions/assume-that-a-big-mac-burger-costs-3-57-in-australia-and-7-80-zlotys-in-poland-if-th-5147302.htm',
          'https://www.transtutors.com/questions/thanks-in-advance-assignment-1-and-2-econ-203-assignment-1-the-following-table-shows-5147301.htm',
          'https://www.transtutors.com/questions/can-anyone-help-me-with-this-one-1-a-country-that-does-not-subsidize-the-production--5147300.htm',
          'https://www.transtutors.com/questions/in-an-answer-of-at-least-two-well-developed-paragraphs-explain-how-the-government-is-5147299.htm',
          'https://www.transtutors.com/questions/in-an-answer-of-at-least-two-well-developed-paragraphs-explain-the-advantages-and-di-5147298.htm',
          'https://www.transtutors.com/questions/in-an-answer-of-at-least-four-well-developed-paragraphs-explain-how-centrally-planne-5147297.htm',
          'https://www.transtutors.com/questions/in-another-supply-and-demande-guantity-the-of-the-the-m-es-to-the-decrease-in-the-of-5147296.htm'],
 'project': ['trans'],
 'referring_link': ['https://www.transtutors.com/questions/economics/135/'],
 'spider': ['trans_links']}
2020-02-05 23:30:13 [scrapy.core.engine] DEBUG: Crawled (200) <GET https://www.transtutors.com/questions/economics/137/> (referer: https://www.google.com/) ['cached']
2020-02-05 23:30:13 [scrapy.core.scraper] DEBUG: Scraped from <200 https://www.transtutors.com/questions/economics/136/>
{'category': ['economy'],
 'date': [datetime.datetime(2020, 2, 5, 23, 30, 13, 259100)],
 'link': ['https://www.transtutors.com/questions/alcoa-and-kaiser-duopolists-in-the-market-for-primary-aluminum-ingot-choose-prices-o-5147295.htm',
          'https://www.transtutors.com/questions/please-no-copy-and-paste-you-are-advised-to-make-your-work-clear-and-well-presented--5147294.htm',
          'https://www.transtutors.com/questions/according-to-hong-and-wolak-2008-a-5-postal-price-increase-such-as-the-one-in-2006-r-5147293.htm',
          'https://www.transtutors.com/questions/9-suppose-that-e-x-3-ey-2-e-x-25-e-y-13-and-e-xy-10-v-is-defined-as-v-20-7y-5147292.htm',
          'https://www.transtutors.com/questions/9-describe-the-steps-that-box-and-jenkins-1976-suggested-should-be-involved-in-const-5147291.htm',
          'https://www.transtutors.com/questions/8-suppose-you-saw-the-following-data-on-average-doctor-visits-per-year-these-are-hyp-5147290.htm',
          'https://www.transtutors.com/questions/explain-reasoning-using-graphical-analysis-8-in-a-large-open-economy-like-the-united-5147289.htm',
          'https://www.transtutors.com/questions/7-your-overall-fashion-f-depends-on-your-shoe-collection-s-either-how-many-new-shoes-5147288.htm',
          'https://www.transtutors.com/questions/7-which-of-the-following-statements-is-correct-a-the-gini-coefficient-measures-level-5147287.htm',
          'https://www.transtutors.com/questions/7-country-a-produces-fewer-capital-goods-and-more-consumer-goods-than-country-b-mean-5147286.htm',
          'https://www.transtutors.com/questions/mc-12-please-answer-7-7-now-consider-the-exact-situation-as-in-question-4-except-tha-5147285.htm',
          'https://www.transtutors.com/questions/environmental-need-to-draw-a-diagram-and-compute-step-by-step-6-twenty-firms-with-ca-5147284.htm',
          'https://www.transtutors.com/questions/6-suppose-there-are-two-goods-in-the-economy-food-f-and-composite-good-y-with-py-1-a-5147283.htm',
          'https://www.transtutors.com/questions/econ100-trade-6-the-price-of-wheat-pw-is-determined-by-supply-sw-2pw-20-and-demand-d-5147282.htm',
          'https://www.transtutors.com/questions/6-given-the-production-function-for-output-y-kalo-as-a-function-of-labor-l-and-capit-5147281.htm',
          'https://www.transtutors.com/questions/6-in-4-to-6-sentences-explain-why-when-looking-at-subnational-goods-and-services-gov-5147280.htm',
          'https://www.transtutors.com/questions/please-see-pic-and-give-a-detail-example-thanks-5-using-the-consumer-choice-theory-a-5147279.htm',
          'https://www.transtutors.com/questions/5-there-are-two-goods-in-the-economy-electricity-e-and-the-composite-good-y-suppose--5147278.htm',
          'https://www.transtutors.com/questions/5-since-restored-historic-buildings-convey-a-positive-externality-local-governments--5147277.htm',
          'https://www.transtutors.com/questions/5-can-the-government-and-the-central-bank-work-together-to-prevent-crowding-out-effe-5147276.htm',
          'https://www.transtutors.com/questions/5-what-determines-a-nation-39-s-long-run-level-of-output-why-is-this-a-fixed-amount--5147275.htm',
          'https://www.transtutors.com/questions/5-the-current-u-s-government-spending-is-4-746-trillion-that-39-s-the-federal-budget-5147274.htm',
          'https://www.transtutors.com/questions/5-a-competitive-firm-has-constant-marginal-cost-of-extraction-c-a-draw-a-dashed-curv-5147273.htm',
          'https://www.transtutors.com/questions/4-the-u-s-bureau-of-labor-statistics-bls-wishes-to-estimate-the-fraction-of-individu-5147272.htm',
          'https://www.transtutors.com/questions/4-suppose-pizza-p-and-hamburgers-h-are-perfect-substitutes-for-ling-ling-she-is-alwa-5147271.htm',
          'https://www.transtutors.com/questions/4-savings-problem-suppose-an-individual-lives-for-two-periods-t-1-2-he-consumes-only-5147270.htm',
          'https://www.transtutors.com/questions/4-if-the-nominal-interest-rate-is-8-and-the-inflation-rate-is-3-the-real-interest-ra-5147269.htm',
          'https://www.transtutors.com/questions/please-help-with-a-and-b-thank-you-4-imagine-that-the-policymakers-in-a-country-gove-5147268.htm',
          'https://www.transtutors.com/questions/4-consider-the-following-model-for-how-state-employment-depends-on-the-tax-revenue-m-5147267.htm',
          'https://www.transtutors.com/questions/4-now-consider-firms-that-produce-new-scientific-discoveries-not-shirts-that-generat-5147266.htm',
          'https://www.transtutors.com/questions/please-answer-all-parts-a-b-i-ii-iii-with-explanation-4-consider-a-consumer-with-100-5147265.htm',
          'https://www.transtutors.com/questions/need-help-on-this-question-pls-with-details-4-analyze-the-cost-of-renting-leasing-an-5147264.htm',
          'https://www.transtutors.com/questions/4-15pt-you-plan-to-prepare-for-retirement-by-making-monthly-contributions-1-500-to-a-5147263.htm',
          'https://www.transtutors.com/questions/3-1-two-period-intertemporal-optimization-consider-again-the-2-period-consumption-pr-5147262.htm',
          'https://www.transtutors.com/questions/3-how-do-the-three-factors-that-influence-the-size-of-subnational-governments-variat-5147261.htm',
          'https://www.transtutors.com/questions/please-help-with-a-and-b-thank-you-0-0-lt-lt-1-b-gt-quot-aria-describedby-quot-dq8-q-5147260.htm',
          'https://www.transtutors.com/questions/please-help-with-c-and-d-0-0-quot-aria-describedby-quot-dq8-quot-style-quot-quot-gt--5147259.htm',
          'https://www.transtutors.com/questions/3-the-solow-swan-model-a-assume-that-the-production-function-of-an-economy-is-given--5147258.htm',
          'https://www.transtutors.com/questions/3-in-this-question-we-change-the-scale-of-one-of-the-variables-continue-to-use-the-g-5147257.htm',
          'https://www.transtutors.com/questions/3-for-the-following-events-what-is-the-likely-effect-on-gdp-a-flavored-vaping-produc-5147256.htm',
          'https://www.transtutors.com/questions/3-the-consumption-savings-model-consider-the-consumption-savings-model-we-studied-in-5147255.htm',
          'https://www.transtutors.com/questions/3-5-p-consider-an-individual-with-before-tax-income-equal-to-2000-the-income-tax-rat-5147254.htm',
          'https://www.transtutors.com/questions/3-45-marks-below-are-two-tables-of-data-for-two-different-countries-assume-that-all--5147253.htm',
          'https://www.transtutors.com/questions/3-15-you-are-asked-to-evaluate-the-price-elasticity-of-demand-for-the-demand-curve-p-5147252.htm',
          'https://www.transtutors.com/questions/solve-by-gradient-law-2-56-consider-the-cash-flow-series-given-in-the-accompanying-t-5147251.htm',
          'https://www.transtutors.com/questions/in-2018-saudi-arabia-imposed-a-value-added-tax-vat-on-the-supply-of-goods-and-servic-5147250.htm',
          'https://www.transtutors.com/questions/20-if-you-deposit-money-from-your-saving-deposits-and-then-use-the-money-to-purchase-5147249.htm',
          'https://www.transtutors.com/questions/2-use-the-following-chart-to-answer-the-questions-below-14-marks-year-stationary-exp-5147248.htm',
          'https://www.transtutors.com/questions/2-suppose-a-tax-is-imposed-on-the-sellers-of-cigarettes-the-burden-of-the-tax-will-a-5147247.htm',
          'https://www.transtutors.com/questions/2-only-suppose-the-market-is-competitive-and-externalities-are-not-present-at-the-p-5147246.htm'],
 'project': ['trans'],
 'referring_link': ['https://www.transtutors.com/questions/economics/136/'],
 'spider': ['trans_links']}
2020-02-05 23:30:13 [scrapy.core.engine] DEBUG: Crawled (200) <GET https://www.transtutors.com/questions/economics/138/> (referer: https://www.google.com/) ['cached']
2020-02-05 23:30:13 [scrapy.core.scraper] DEBUG: Scraped from <200 https://www.transtutors.com/questions/economics/137/>
{'category': ['economy'],
 'date': [datetime.datetime(2020, 2, 5, 23, 30, 13, 426376)],
 'link': ['https://www.transtutors.com/questions/2-suppose-that-you-are-given-the-following-data-for-the-country-of-donaldland-consum-5147245.htm',
          'https://www.transtutors.com/questions/please-answer-all-parts-of-the-question-im-very-lost-thank-u-2-suppose-a-firm-uses-b-5147244.htm',
          'https://www.transtutors.com/questions/2-the-state-of-minnegan-is-considering-two-alternative-methods-of-funding-local-road-5147243.htm',
          'https://www.transtutors.com/questions/2-risk-neutral-drug-dealer-dan-imposes-a-harm-of-500-on-society-when-he-distributes--5147242.htm',
          'https://www.transtutors.com/questions/2-r-g-suppose-that-a-and-b-must-split-a-fixed-800-kilograms-of-food-between-them-a-3-5147241.htm',
          'https://www.transtutors.com/questions/2-majority-voting-does-not-necessarily-guarantee-an-efficient-allocation-of-state-an-5147240.htm',
          'https://www.transtutors.com/questions/2-you-will-keep-1-000-in-savings-for-one-year-what-is-the-ear-of-each-of-the-followi-5147239.htm',
          'https://www.transtutors.com/questions/2-you-will-keep-1-000-in-savings-for-one-year-what-is-the-ear-of-each-of-the-followi-5147238.htm',
          'https://www.transtutors.com/questions/2-you-are-a-government-official-you-want-to-impose-a-sin-tax-on-liquor-to-dissuade-h-5147237.htm',
          'https://www.transtutors.com/questions/please-do-the-calculations-for-all-4-options-to-show-how-we-got-the-answer-2-which-o-5147236.htm',
          'https://www.transtutors.com/questions/2-which-of-the-following-utility-functions-would-not-be-consistent-with-the-notion-t-5147235.htm',
          'https://www.transtutors.com/questions/2-the-following-model-is-a-simplified-version-of-the-multiple-regression-model-used--5147234.htm',
          'https://www.transtutors.com/questions/2-if-the-the-european-central-bank-temporarily-raises-euro-interest-rate-r-quot-what-5147233.htm',
          'https://www.transtutors.com/questions/please-answer-5-2-consider-a-market-with-a-single-prod-uct-monopolist-m-which-is-fac-5147232.htm',
          'https://www.transtutors.com/questions/2-consider-the-following-observations-1-between-2000-and-2018-real-per-capita-income-5147231.htm',
          'https://www.transtutors.com/questions/please-help-with-d-e-and-f-thank-you-quot-further-information-quot-2-consider-the-fo-5147230.htm',
          'https://www.transtutors.com/questions/please-help-with-a-b-and-c-thank-you-2-consider-the-following-numerical-example-of-t-5147229.htm',
          'https://www.transtutors.com/questions/2-assume-the-city-budget-is-1000-pipothales-10-price-5-state-offers-a-1-1-match-up-t-5147228.htm',
          'https://www.transtutors.com/questions/2-6-points-student-a-has-preferences-over-good-1-and-2-represented-by-the-utility-fu-5147227.htm',
          'https://www.transtutors.com/questions/asap-answer-2-18-points-let-39-s-assume-that-sri-laanka-erodures-nnly-tea-and-sugar--5147226.htm',
          'https://www.transtutors.com/questions/2-1-25-p-consider-a-person-with-utility-function-w-vw-this-person-can-participate-in-5147225.htm',
          'https://www.transtutors.com/questions/1-macho-manny-is-a-risk-neutral-offender-who-receives-a-gain-of-1-000-every-time-he--5147224.htm',
          'https://www.transtutors.com/questions/answer-asap-18-points-assume-that-uzbekistan-produces-just-two-products-goods-1-and--5147223.htm',
          'https://www.transtutors.com/questions/16-how-prices-allocate-resources-suppose-that-there-are-three-beachfront-parcels-of--5147222.htm',
          'https://www.transtutors.com/questions/16-marks-consider-the-is-lm-pc-model-for-a-closed-economy-in-year-t-behavioral-equa-5147221.htm',
          'https://www.transtutors.com/questions/14-how-does-unexpected-inflation-affect-borrowers-lenders-why-what-is-the-ex-post-re-5147220.htm',
          'https://www.transtutors.com/questions/13-the-language-of-price-controls-suppose-that-in-a-competitive-market-without-gover-5147219.htm',
          'https://www.transtutors.com/questions/12-understanding-opportunity-cost-you-work-as-an-assistant-coach-on-the-university-b-5147218.htm',
          'https://www.transtutors.com/questions/11-explain-what-happens-to-rgdp-in-response-to-a-increase-in-business-taxes-b-increa-5147217.htm',
          'https://www.transtutors.com/questions/10-explain-government-crowding-out-and-how-it-occurs-how-do-government-surpluses-aff-5147216.htm',
          'https://www.transtutors.com/questions/0-x-gt-0-a-gt-0-b-gt-0-0-1-suppose-you-have-following-utility-function-u-x-x-ac-quot-5147215.htm',
          'https://www.transtutors.com/questions/please-answer-all-parts-thank-u-1-prove-the-three-features-of-the-following-producti-5147214.htm',
          'https://www.transtutors.com/questions/1-market-demand-is-defined-by-p-q-200-5q-the-monopoly-39-s-total-cost-function-is-tc-5147213.htm',
          'https://www.transtutors.com/questions/1-the-language-of-price-controls-suppose-that-in-a-competitive-market-without-govern-5147212.htm',
          'https://www.transtutors.com/questions/question-1-1-a-dominant-strategy-in-a-game-o-a-is-a-feature-of-any-simultaneous-move-5147211.htm',
          'https://www.transtutors.com/questions/1-consider-the-following-demand-scenario-quantity-probability-6-000-8-8-000-10-10-00-5147210.htm',
          'https://www.transtutors.com/questions/1-this-chapter-considers-only-the-competitive-equilibrium-a-for-a-general-inverse-de-5147209.htm',
          'https://www.transtutors.com/questions/1-carefully-sketch-the-indifference-curves-corresponding-to-the-utility-funetions-an-5147208.htm',
          'https://www.transtutors.com/questions/1-carefully-sketch-the-indifference-curves-corresponding-to-the-utility-functions-an-5147207.htm',
          'https://www.transtutors.com/questions/1-a-based-on-the-production-function-q-2k-1-2-l-1-2-please-draw-the-isoquant-with-q--5147206.htm',
          'https://www.transtutors.com/questions/1-assume-city-budget-is-50-000-prolice-20-ptice-10-feds-offer-1-1-match-up-to-100-fi-5147205.htm',
          'https://www.transtutors.com/questions/1-600-1-400-10-000-1-200-9-500-i-6-9-000-1-000-8-500-g-9-10-11-12-using-only-the-co-5147204.htm',
          'https://www.transtutors.com/questions/1-5-marks-suppose-that-the-canadian-market-for-t-shirts-is-characterized-by-the-foll-5147203.htm',
          'https://www.transtutors.com/questions/0-5-pts-question-1-is-a-monopoly-with-the-following-cost-curve-facing-the-following--5147202.htm',
          'https://www.transtutors.com/questions/a-suppose-the-world-price-for-software-is-1-200-and-the-economy-is-open-to-trade-wha-5147201.htm',
          'https://www.transtutors.com/questions/a-suppose-the-world-price-of-socks-is-14-and-the-domestic-government-imposes-a-tarif-5147200.htm',
          'https://www.transtutors.com/questions/yankee-export-company-yec-is-a-purveyor-of-u-s-products-for-several-european-food-ma-5147174.htm',
          'https://www.transtutors.com/questions/if-xyz-company-39-s-book-value-of-debt-was-50-billion-its-market-cap-or-equity-value-5147173.htm',
          'https://www.transtutors.com/questions/wuuston-b-a-company-has-the-following-alternatives-to-improve-its-facility-by-using--5147172.htm',
          'https://www.transtutors.com/questions/write-a-one-to-two-page-paper-addressing-the-following-1-a-describe-in-your-own-word-5147171.htm'],
 'project': ['trans'],
 'referring_link': ['https://www.transtutors.com/questions/economics/137/'],
 'spider': ['trans_links']}
2020-02-05 23:30:13 [scrapy.core.engine] DEBUG: Crawled (200) <GET https://www.transtutors.com/questions/economics/139/> (referer: https://www.google.com/) ['cached']
2020-02-05 23:30:13 [scrapy.core.scraper] DEBUG: Scraped from <200 https://www.transtutors.com/questions/economics/138/>
{'category': ['economy'],
 'date': [datetime.datetime(2020, 2, 5, 23, 30, 13, 573422)],
 'link': ['https://www.transtutors.com/questions/write-in-no-less-than-10-sentences-how-can-a-company-like-oman-air-be-a-monopolist--5147170.htm',
          'https://www.transtutors.com/questions/write-a-5000-word-paper-addressing-information-and-knowledge-management-as-follows-s-5147169.htm',
          'https://www.transtutors.com/questions/write-a-16-page-powerpoint-presentation-on-how-international-trade-affects-the-econo-5147168.htm',
          'https://www.transtutors.com/questions/which-would-shift-the-expenditure-line-up-a-an-increase-in-government-purchases-b-in-5147167.htm',
          'https://www.transtutors.com/questions/what-would-you-pay-for-a-50-000-debenture-bond-that-matures-in-15-years-and-pays-6-0-5147166.htm',
          'https://www.transtutors.com/questions/would-like-to-provide-me-answer-of-this-assessment-https-www-chegg-com-homework-help-5147165.htm',
          'https://www.transtutors.com/questions/how-would-you-expect-each-of-the-following-to-affect-the-demand-for-money-in-the-eco-5147164.htm',
          'https://www.transtutors.com/questions/with-a-world-population-in-2003-of-6-314-billion-and-a-projected-population-growth-r-5147163.htm',
          'https://www.transtutors.com/questions/a-wood-products-company-has-decided-to-purchase-new-logging-equipment-for-100-000-wi-5147162.htm',
          'https://www.transtutors.com/questions/in-a-widget-factory-the-producer-is-able-to-produce-40-widgets-per-day-when-she-hire-5147161.htm',
          'https://www.transtutors.com/questions/this-week-we-looked-at-the-various-strategies-to-consider-when-entering-a-foreign-ma-5147160.htm',
          'https://www.transtutors.com/questions/help-pleasee-in-week-10-we-did-the-used-car-game-lecture-note-in-resources-and-consi-5147159.htm',
          'https://www.transtutors.com/questions/if-wages-and-prices-adjusted-immediately-and-fully-to-changes-in-demand-what-would-h-5147158.htm',
          'https://www.transtutors.com/questions/w-2-assume-you-have-the-following-von-neumann-morgenstern-utility-function-u-w-200-1-5147157.htm',
          'https://www.transtutors.com/questions/need-problem-solving-process-and-the-steps-version-3-questions-19-20-a-medical-resea-5147156.htm',
          'https://www.transtutors.com/questions/need-problem-solving-process-and-the-steps-version-3-questions-16-18-a-survey-of-100-5147155.htm',
          'https://www.transtutors.com/questions/need-problem-solving-process-and-the-steps-version-3-questions-14-15-in-the-last-ele-5147154.htm',
          'https://www.transtutors.com/questions/need-problem-solving-process-and-the-steps-version-3-questions-11-13-a-financial-ins-5147153.htm',
          'https://www.transtutors.com/questions/need-problem-solving-process-and-the-steps-version-3-questions-09-10-to-open-a-new-g-5147152.htm',
          'https://www.transtutors.com/questions/need-problem-solving-process-and-the-steps-version-3-questions-06-08-intelligence-qu-5147151.htm',
          'https://www.transtutors.com/questions/need-problem-solving-process-and-the-steps-version-3-questions-03-05-a-commuter-plan-5147150.htm',
          'https://www.transtutors.com/questions/need-problem-solving-process-and-the-steps-version-3-questions-01-02-one-of-the-best-5147149.htm',
          'https://www.transtutors.com/questions/need-problem-solving-process-and-the-steps-version-2-questions-19-20-400-randomly-ch-5147148.htm',
          'https://www.transtutors.com/questions/need-problem-solving-process-and-the-steps-version-2-questions-16-18-it-is-desired-t-5147147.htm',
          'https://www.transtutors.com/questions/need-problem-solving-process-and-the-steps-version-2-questions-11-13-suppose-that-wh-5147146.htm',
          'https://www.transtutors.com/questions/need-problem-solving-process-and-the-steps-version-2-questions-09-10-assume-that-the-5147145.htm',
          'https://www.transtutors.com/questions/need-problem-solving-process-and-the-steps-version-2-questions-06-08-suppose-that-a--5147144.htm',
          'https://www.transtutors.com/questions/need-problem-solving-process-and-the-steps-version-2-questions-03-05-in-a-poll-60-of-5147143.htm',
          'https://www.transtutors.com/questions/need-problem-solving-process-and-the-steps-version-2-questions-01-02-the-famous-musi-5147142.htm',
          'https://www.transtutors.com/questions/in-the-valley-a-few-rivers-beautiful-on-which-is-allowed-to-fish-for-a-fee-which-of--5147141.htm',
          'https://www.transtutors.com/questions/utility-and-energy-producing-companies-in-the-us-are-monopolies-farmer-markets-are-c-5147140.htm',
          'https://www.transtutors.com/questions/uspomeworkid-538341993-que-econ-121-fall-2019-6776-online-homework-hw-ch-13-score-0--5147139.htm',
          'https://www.transtutors.com/questions/uslunu-24-tus-econ-121-fall-2019-6776-online-sod-homework-hw-ch-13-rscore-0-of-1-pt--5147138.htm',
          'https://www.transtutors.com/questions/using-the-structured-problem-solving-and-decision-making-procedures-solve-the-follow-5147137.htm',
          'https://www.transtutors.com/questions/using-the-information-below-calculate-nominal-gdp-per-capita-for-years-2007-2016-rou-5147136.htm',
          'https://www.transtutors.com/questions/using-economic-reasoning-is-the-current-administration-justified-in-being-concerned--5147135.htm',
          'https://www.transtutors.com/questions/using-the-chart-provided-make-a-graph-showing-the-marginal-cost-average-total-cost-a-5147134.htm',
          'https://www.transtutors.com/questions/by-using-the-b-c-ratio-should-the-project-be-accepted-or-not-data-marr-12-n-20-years-5147133.htm',
          'https://www.transtutors.com/questions/why-do-we-use-the-quot-real-quot-prices-of-goods-to-measure-how-expensive-things-hav-5147132.htm',
          'https://www.transtutors.com/questions/use-the-graphs-and-tables-to-answer-the-given-questions-additional-information-q-num-5147131.htm',
          'https://www.transtutors.com/questions/use-the-graph-to-answer-the-following-questions-a-on-the-graph-illustrate-the-effect-5147130.htm',
          'https://www.transtutors.com/questions/use-the-five-forces-model-to-analyze-shared-bike-industry-in-china-5147129.htm',
          'https://www.transtutors.com/questions/use-factors-and-a-spreadsheet-to-determine-the-interest-rate-per-period-from-the-fol-5147128.htm',
          'https://www.transtutors.com/questions/use-economic-theories-and-terminologies-you-learned-to-analyze-and-explain-the-quest-5147127.htm',
          'https://www.transtutors.com/questions/please-explain-in-full-detail-use-economic-theories-and-terminologies-you-learned-to-5147126.htm',
          'https://www.transtutors.com/questions/please-help-with-this-use-economic-theories-and-terminologies-you-learned-to-analyze-5147125.htm',
          'https://www.transtutors.com/questions/u-s-steel-is-considering-a-plant-expansion-to-produce-austenitic-precipitation-harde-5147124.htm',
          'https://www.transtutors.com/questions/the-us-currently-imports-autos-from-japan-and-there-are-no-trade-restrictions-assume-5147123.htm',
          'https://www.transtutors.com/questions/ungmeers-questions-to-consider-1-how-can-this-topic-best-be-summarized-for-a-non-te--5147122.htm',
          'https://www.transtutors.com/questions/une-level-of-saving-increases-from-200-to-325-it-may-be-concluded-that-her-marginal--5147121.htm'],
 'project': ['trans'],
 'referring_link': ['https://www.transtutors.com/questions/economics/138/'],
 'spider': ['trans_links']}
2020-02-05 23:30:13 [scrapy.core.engine] DEBUG: Crawled (200) <GET https://www.transtutors.com/questions/economics/140/> (referer: https://www.google.com/) ['cached']
2020-02-05 23:30:13 [scrapy.core.scraper] DEBUG: Scraped from <200 https://www.transtutors.com/questions/economics/139/>
{'category': ['economy'],
 'date': [datetime.datetime(2020, 2, 5, 23, 30, 13, 735263)],
 'link': ['https://www.transtutors.com/questions/need-some-help-with-a-c-thank-you-a-b-c-u-quot-the-table-shows-the-payoff-matrix-for-5147120.htm',
          'https://www.transtutors.com/questions/typically-the-average-tax-rate-for-a-person-is-his-or-her-marginal-tax-rate-because--5147119.htm',
          'https://www.transtutors.com/questions/typical-responsibilities-of-operations-managers-include-inventory-control-sales-prom-5147118.htm',
          'https://www.transtutors.com/questions/two-part-tariff-6-the-market-for-amusement-park-rides-is-given-by-the-following-dema-5147117.htm',
          'https://www.transtutors.com/questions/two-part-tariff-6-the-market-for-amusement-park-rides-is-given-by-the-following-dema-5147116.htm',
          'https://www.transtutors.com/questions/two-firms-alpha-and-beta-have-entered-the-rented-car-market-and-have-to-decide-on-th-5147115.htm',
          'https://www.transtutors.com/questions/tultic-voir-nuuluu-uuupci-i-tiultic-voir-score-0-of-1-pt-5-of-14-4-complete-hw-score-5147114.htm',
          'https://www.transtutors.com/questions/what-is-true-about-the-relationship-between-income-inequality-and-happiness-select-o-5147113.htm',
          'https://www.transtutors.com/questions/true-or-false-selecting-foe-is-a-dominant-strategy-for-nathan-in-this-game-with-repu-5147112.htm',
          'https://www.transtutors.com/questions/true-false-place-answers-on-answer-sheet-3-keynes-believed-that-aggregate-demand-wou-5147111.htm',
          'https://www.transtutors.com/questions/true-or-false-answer-each-of-the-following-statements-true-false-uncertain-give-a-fu-5147110.htm',
          'https://www.transtutors.com/questions/true-and-false-6-a-private-good-is-characterized-by-excludability-and-depletability--5147109.htm',
          'https://www.transtutors.com/questions/true-and-false-16-loopholes-increase-the-efficiency-of-the-tax-system-by-making-taxp-5147108.htm',
          'https://www.transtutors.com/questions/true-or-false-11-indirect-taxes-are-levied-on-specific-economic-activities-12-sales--5147107.htm',
          'https://www.transtutors.com/questions/true-and-false-1-a-market-economy-provides-solutions-to-almost-all-social-ills-such--5147106.htm',
          'https://www.transtutors.com/questions/true-or-false-1-for-ipod-and-songs-downloaded-from-itunes-their-cross-price-elastici-5147105.htm',
          'https://www.transtutors.com/questions/do-the-the-trade-and-investment-policies-in-the-philippines-and-thailand-play-an-imp-5147104.htm',
          'https://www.transtutors.com/questions/what-is-the-total-surplus-derived-from-the-most-efficient-outcome-what-price-and-qua-5147103.htm',
          'https://www.transtutors.com/questions/macro-economics-topic-what-determines-the-size-of-the-demand-for-money-note-the-dema-5147102.htm',
          'https://www.transtutors.com/questions/topic-how-demographic-change-creates-entrepreneurial-opportunities--5147101.htm',
          'https://www.transtutors.com/questions/topic-how-will-you-apply-your-new-skills-and-qualifications-from-a-scholarship-when--5147100.htm',
          'https://www.transtutors.com/questions/i-need-the-answers-plz-asap-tmsah92-to-you-now-study-guide-chapter-31-1-if-there-is--5147099.htm',
          'https://www.transtutors.com/questions/the-future-of-electric-car-industry-title-the-future-of-electric-car-industry-your-f-5147098.htm',
          'https://www.transtutors.com/questions/titan-mining-corporation-has-9-million-shares-of-common-stock-outstanding-and-200-00-5147097.htm',
          'https://www.transtutors.com/questions/tied-or-bundled-sales-4-consider-the-example-of-tie-in-sales-that-we-studied-in-clas-5147096.htm',
          'https://www.transtutors.com/questions/thoroughly-explain-how-the-4-industry-types-are-similar-and-different-when-it-comes--5147095.htm',
          'https://www.transtutors.com/questions/thoroughly-explain-how-the-4-industry-types-are-similar-and-different-when-it-comes--5147094.htm',
          'https://www.transtutors.com/questions/thoroughly-explain-how-the-4-industry-types-are-similar-and-different-when-it-comes--5147093.htm',
          'https://www.transtutors.com/questions/thoroughly-explain-how-the-4-industry-types-are-similar-and-different-when-it-comes--5147092.htm',
          'https://www.transtutors.com/questions/thoroughly-explain-how-the-4-industry-types-are-similar-and-different-when-it-comes--5147091.htm',
          'https://www.transtutors.com/questions/other-things-held-constant-which-of-the-following-contributes-to-economic-growth-a-s-5147090.htm',
          'https://www.transtutors.com/questions/other-things-equal-domestic-producers-of-the-import-competing-good-would-prefer-a-t-5147089.htm',
          'https://www.transtutors.com/questions/a-textiles-machinery-is-purchased-for-200-000-on-1-january-it-has-an-estimated-usefu-5147088.htm',
          'https://www.transtutors.com/questions/text-questions-by-some-water-there-are-two-factories-a-and-b-that-pollute-the-cost-o-5147087.htm',
          'https://www.transtutors.com/questions/text-questions-a-tax-is-imposed-per-kg-of-sugar-that-consumers-buy-which-of-the-foll-5147086.htm',
          'https://www.transtutors.com/questions/text-questions-which-of-the-following-statements-about-tax-collection-is-correct-cho-5147085.htm',
          'https://www.transtutors.com/questions/text-questions-which-of-the-following-statements-about-people-39-s-behavior-is-wrong-5147084.htm',
          'https://www.transtutors.com/questions/text-questions-which-of-the-following-does-not-include-moral-hazard-choose-one-a-car-5147083.htm',
          'https://www.transtutors.com/questions/text-questions-which-of-the-following-is-correct-negative-externalities-in-productio-5147082.htm',
          'https://www.transtutors.com/questions/text-questions-100-square-meters-of-flats-are-rented-on-a-free-market-for-200-thousa-5147081.htm',
          'https://www.transtutors.com/questions/the-term-inflation-is-used-to-describe-a-n-a-sustained-increase-in-the-price-level-b-5147080.htm',
          'https://www.transtutors.com/questions/tell-us-about-a-time-one-could-play-a-sequential-game-with-imperfect-information-in--5147079.htm',
          'https://www.transtutors.com/questions/can-i-have-the-answers-plz-te-om-the-same-title-ter-th-il-the-us-has-a-trade-detta-b-5147078.htm',
          'https://www.transtutors.com/questions/taxes-that-are-deducted-from-workers-paychecks-are-referred-to-as-paystub-revenue-in-5147077.htm',
          'https://www.transtutors.com/questions/task-6-returns-to-scale-ii-is-it-possib-5147076.htm',
          'https://www.transtutors.com/questions/task-1-bring-out-the-balance-of-payment-of-any-country-of-your-choice-1-show-the-bal-5147075.htm',
          'https://www.transtutors.com/questions/please-do-1-and-2-only-taman-interpretation-10-or-11-compare-and-contrast-how-slaver-5147074.htm',
          'https://www.transtutors.com/questions/take-the-following-simplified-version-of-the-dynamic-ad-as-model-we-studied-in-class-5147073.htm',
          'https://www.transtutors.com/questions/the-tables-show-the-annual-incomes-for-the-citizens-in-two-countries-melka-and-sorar-5147072.htm',
          'https://www.transtutors.com/questions/table-labor-data-according-to-the-accompanying-labor-data-the-labor-force-participa-5147071.htm'],
 'project': ['trans'],
 'referring_link': ['https://www.transtutors.com/questions/economics/139/'],
 'spider': ['trans_links']}
2020-02-05 23:30:13 [scrapy.core.engine] DEBUG: Crawled (200) <GET https://www.transtutors.com/questions/economics/141/> (referer: https://www.google.com/) ['cached']
2020-02-05 23:30:13 [scrapy.core.scraper] DEBUG: Scraped from <200 https://www.transtutors.com/questions/economics/140/>
{'category': ['economy'],
 'date': [datetime.datetime(2020, 2, 5, 23, 30, 13, 915229)],
 'link': ['https://www.transtutors.com/questions/below-is-a-table-on-quot-household-income-at-selected-percentiles-in-2014-dollars-ad-5147070.htm',
          'https://www.transtutors.com/questions/the-table-below-gives-data-about-the-number-of-labour-units-required-for-a-firm-to-p-5147069.htm',
          'https://www.transtutors.com/questions/synergy-is-referred-to-as-two-or-more-subsystems-working-together-to-produce-more-th-5147068.htm',
          'https://www.transtutors.com/questions/a-sushi-master-is-preparing-california-rolls-for-the-new-day-the-rolls-are-highly-pe-5147067.htm',
          'https://www.transtutors.com/questions/a-survey-reveals-that-on-a-small-island-initially-100-people-have-jobs-25-people-don-5147066.htm',
          'https://www.transtutors.com/questions/suppose-that-x-40-l-3-and-k-5-is-a-point-on-the-production-function-x-f-l-k-is-it-po-5147065.htm',
          'https://www.transtutors.com/questions/suppose-the-wealth-effect-is-such-that-10-changes-in-wealth-produce-1-changes-in-con-5147064.htm',
          'https://www.transtutors.com/questions/suppose-that-two-identical-firms-produce-widgets-and-that-they-are-the-only-firms-in-5147063.htm',
          'https://www.transtutors.com/questions/suppose-two-countries-have-identical-constant-returns-to-scale-production-functions--5147062.htm',
          'https://www.transtutors.com/questions/suppose-there-are-just-two-countries-a-and-b-in-the-oil-market-and-the-inverse-deman-5147061.htm',
          'https://www.transtutors.com/questions/suppose-that-the-total-cost-equation-for-a-monopolist-is-given-by-t-c-500-20q-2-let--5147060.htm',
          'https://www.transtutors.com/questions/a-suppose-you-have-three-independent-projects-a-b-and-c-assume-that-the-hurdle-rate--5147059.htm',
          'https://www.transtutors.com/questions/suppose-that-from-survey-information-sarah-and-matt-estimate-that-12-75-of-riders-aw-5147058.htm',
          'https://www.transtutors.com/questions/suppose-a-stream-is-discovered-whose-water-has-remarkable-healing-powers-you-decide--5147057.htm',
          'https://www.transtutors.com/questions/suppose-that-you-are-a-pricing-analyst-for-a-firm-that-develops-and-uses-al-for-firm-5147056.htm',
          'https://www.transtutors.com/questions/suppose-an-oligopoly-consists-of-three-identical-firms-a-b-and-c-industry-demand-is--5147055.htm',
          'https://www.transtutors.com/questions/suppose-that-the-number-of-buyers-in-a-market-decreases-and-a-moratorium-complete-ba-5147054.htm',
          'https://www.transtutors.com/questions/suppose-a-monopolist-faces-consumer-demand-given-by-p-600-1q-with-a-constant-margina-5147053.htm',
          'https://www.transtutors.com/questions/suppose-that-jessica-faces-the-following-total-cost-function-c-y-2y2-y-200-note-that-5147052.htm',
          'https://www.transtutors.com/questions/suppose-an-investor-regards-100-000-with-certainty-as-equivalent-to-the-expected-ris-5147051.htm',
          'https://www.transtutors.com/questions/suppose-that-the-inverse-demand-for-a-product-is-represented-by-the-equation-p-120-1-5147050.htm',
          'https://www.transtutors.com/questions/suppose-the-inverse-demand-for-a-duopoly-is-given-by-p-30-q-marginal-cost-is-given-b-5147049.htm',
          'https://www.transtutors.com/questions/suppose-initially-vertical-portion-of-the-supply-curve-intersects-the-demand-curve-o-5147048.htm',
          'https://www.transtutors.com/questions/suppose-initially-the-supply-curve-intersects-the-demand-curve-on-its-downward-secti-5147047.htm',
          'https://www.transtutors.com/questions/suppose-the-government-reduces-a-commercial-registration-fee-for-all-firms-in-a-comp-5147046.htm',
          'https://www.transtutors.com/questions/suppose-the-following-table-gives-the-asset-demand-for-money-schedule-all-figures-ar-5147045.htm',
          'https://www.transtutors.com/questions/suppose-that-the-firm-faces-demand-given-by-q-100-5p-the-firm-39-s-marginal-and-aver-5147044.htm',
          'https://www.transtutors.com/questions/suppose-a-firm-has-a-cost-function-given-by-c-q-aq-10-1-the-firm-wants-to-participat-5147043.htm',
          'https://www.transtutors.com/questions/suppose-the-federal-reserve-wants-to-increase-the-money-supply-by-increasing-the-len-5147042.htm',
          'https://www.transtutors.com/questions/suppose-the-federal-reserve-sets-the-reserve-requirement-at-12-percent-banks-hold-no-5147041.htm',
          'https://www.transtutors.com/questions/suppose-the-fed-decided-to-sell-100-billion-worth-of-government-securities-in-the-op-5147040.htm',
          'https://www.transtutors.com/questions/suppose-the-fed-decided-to-purchase-100-billion-worth-of-government-securities-in-th-5147039.htm',
          'https://www.transtutors.com/questions/suppose-we-have-an-exchange-economy-composed-of-two-people-a-and-b-person-a-has-pref-5147038.htm',
          'https://www.transtutors.com/questions/suppose-everything-is-same-as-in-question-1-except-the-market-structure-the-demand-c-5147037.htm',
          'https://www.transtutors.com/questions/suppose-that-in-equilibrium-the-federal-funds-rate-is-equal-to-the-interest-rate-the-5147036.htm',
          'https://www.transtutors.com/questions/suppose-that-in-an-economy-the-structural-unemployment-rate-is-2-2-percent-the-natur-5147035.htm',
          'https://www.transtutors.com/questions/suppose-that-an-economy-is-in-initially-in-a-long-run-equilibrium-due-to-a-series-of-5147034.htm',
          'https://www.transtutors.com/questions/suppose-the-economy-can-be-described-by-the-following-three-equations-a-what-is-the--5147033.htm',
          'https://www.transtutors.com/questions/suppose-that-an-economy-is-characterized-by-m-9-trillion-v-1-8-p-base-index-1-0-inst-5147032.htm',
          'https://www.transtutors.com/questions/suppose-a-consumer-spend-all-of-her-income-on-only-two-goods-x-and-y-her-preferences-5147031.htm',
          'https://www.transtutors.com/questions/suppose-in-a-closed-economy-the-price-is-fixed-and-firms-produce-as-much-as-demanded-5147030.htm',
          'https://www.transtutors.com/questions/we-were-unable-to-transcribe-this-imagesuppose-that-byob-charges-2-00-per-can-your-f-5147029.htm',
          'https://www.transtutors.com/questions/suppose-a-bank-receives-a-deposit-of-10-million-and-the-reserve-ratio-is-10-percent--5147028.htm',
          'https://www.transtutors.com/questions/suppose-that-on-the-average-3-students-enrolled-in-a-small-liberal-arts-college-have-5147027.htm',
          'https://www.transtutors.com/questions/suppose-you-were-asked-to-comment-on-a-proposed-policy-to-control-oil-spills-since-t-5147026.htm',
          'https://www.transtutors.com/questions/suppose-that-apu-is-the-single-seller-of-gasoline-in-springfield-suppose-that-mayor--5147025.htm',
          'https://www.transtutors.com/questions/suppose-there-are-100-sellers-each-offering-one-used-car-and-200-buyers-each-wanting-5147024.htm',
          'https://www.transtutors.com/questions/suggest-5-ways-in-which-the-impact-of-exchange-rate-changes-on-exports-and-imports-c-5147023.htm',
          'https://www.transtutors.com/questions/a-study-conducted-by-alberto-alesina-and-lawrence-summers-concluded-that-countries-w-5147022.htm',
          'https://www.transtutors.com/questions/straight-live-depreciat-d-part-no-1-an-asset-is-purchased-for-5-000-the-company-has--5147021.htm'],
 'project': ['trans'],
 'referring_link': ['https://www.transtutors.com/questions/economics/140/'],
 'spider': ['trans_links']}
2020-02-05 23:30:14 [scrapy.core.engine] DEBUG: Crawled (200) <GET https://www.transtutors.com/questions/economics/142/> (referer: https://www.google.com/) ['cached']
2020-02-05 23:30:14 [scrapy.core.scraper] DEBUG: Scraped from <200 https://www.transtutors.com/questions/economics/141/>
{'category': ['economy'],
 'date': [datetime.datetime(2020, 2, 5, 23, 30, 14, 91226)],
 'link': ['https://www.transtutors.com/questions/if-stock-prices-go-up-and-people-feel-richer-aggregate-demand-will-o-increase-o-stay-5147020.htm',
          'https://www.transtutors.com/questions/steel-cable-barriers-in-highway-medjans-are-a-low-cost-way-to-improve-traffic-safety-5147019.htm',
          'https://www.transtutors.com/questions/which-statement-regarding-money-supply-is-true-a-checking-deposits-is-the-most-commo-5147018.htm',
          'https://www.transtutors.com/questions/state-how-central-bank-may-reach-the-new-target-for-overnight-rate-using-both-operat-5147017.htm',
          'https://www.transtutors.com/questions/starting-with-an-exchange-rate-of-si-110-and-a-price-tag-of-30-000-for-a-japanese-go-5147016.htm',
          'https://www.transtutors.com/questions/can-someone-solve-this-question-or-give-a-hint-for-this-numerical-method-question-th-5147015.htm',
          'https://www.transtutors.com/questions/can-someone-explain-9-10-11-and-14-to-me-answers-are-already-there-i-want-to-know-th-5147014.htm',
          'https://www.transtutors.com/questions/solving-2x2-games-for-dominant-and-mixed-strategies-identify-a-dominant-strategy-or--5147013.htm',
          'https://www.transtutors.com/questions/what-is-the-solution-to-this-question-bill-rides-the-subway-at-a-cost-of-75-cents-pe-5147012.htm',
          'https://www.transtutors.com/questions/from-society-s-perspective-is-it-better-for-a-market-to-be-served-by-one-firm-a-pric-5147011.htm',
          'https://www.transtutors.com/questions/small-scale-solar-power-energy-the-average-price-of-a-4kw-solar-panel-system-is-appr-5147010.htm',
          'https://www.transtutors.com/questions/small-scale-solar-power-energy-the-average-price-of-a-4kw-solar-panel-system-is-app-5147009.htm',
          'https://www.transtutors.com/questions/a-small-countryis-more-likely-to-gain-for-imposing-a-tariff-than-a-large-country-doy-5147008.htm',
          'https://www.transtutors.com/questions/a-small-closed-economy-has-4-power-plants-with-the-following-characteristics-400-mw--5147007.htm',
          'https://www.transtutors.com/questions/in-which-situation-would-allow-member-countries-to-attain-higher-benefits-from-formi-5147006.htm',
          'https://www.transtutors.com/questions/site-a-specialized-automatic-machine-costs-300-000-and-is-expected-to-save-111-837-5-5147005.htm',
          'https://www.transtutors.com/questions/quot-since-costs-are-higher-in-the-monopolistic-competition-society-clearly-be-bett-5147004.htm',
          'https://www.transtutors.com/questions/the-short-run-total-cost-function-is-srtc-q-1-200-000-200q-what-is-the-lowest-price--5147003.htm',
          'https://www.transtutors.com/questions/short-response-30-1-civil-wars-and-violent-revolutions-often-occur-due-to-sales-taxe-5147002.htm',
          'https://www.transtutors.com/questions/short-essay-50-1-turning-point-usa-founder-and-leader-charlie-kirk-recently-said-tha-5147001.htm',
          'https://www.transtutors.com/questions/short-answer-questions-answer-only-one-90-in-december-2010-the-federal-government-cu-5147000.htm',
          'https://www.transtutors.com/questions/sg-express-has-a-monopoly-on-shipping-delivery-in-a-local-community-the-demand-for-s-5146999.htm',
          'https://www.transtutors.com/questions/in-september-2018-prince-harry-purchased-an-imported-iphone-xr-for-e1000-in-septembe-5146998.htm',
          'https://www.transtutors.com/questions/select-the-scenario-which-is-an-example-of-simple-random-sampling-college-administra-5146997.htm',
          'https://www.transtutors.com/questions/select-a-country-germany-columbia-mexico-write-a-three-and-one-half-page-paper-addre-5146996.htm',
          'https://www.transtutors.com/questions/please-answer-all-the-parts-as-soon-as-possible-section-name-use-the-information-in--5146995.htm',
          'https://www.transtutors.com/questions/please-show-all-steps-in-working-section-b-dr-tutu-20-marks-question-2-the-equilibri-5146994.htm',
          'https://www.transtutors.com/questions/second-look-enterprises-sle-buys-old-computers-fixes-them-up-and-resells-them-its-we-5146993.htm',
          'https://www.transtutors.com/questions/score-0-of-10-pts-3-of-10-2-complete-hw-score-20-20-of-100-pts-problem-10-8-book-sta-5146992.htm',
          'https://www.transtutors.com/questions/some-scholar-claim-that-economics-is-not-a-science-why-would-they-make-this-claim--5146991.htm',
          'https://www.transtutors.com/questions/sara-is-looking-to-purchase-a-washer-and-dryer-the-saturday-newspaper-had-an-adverti-5146990.htm',
          'https://www.transtutors.com/questions/in-the-sample-macro-model-desires-investment-is-assumed-to-me-atutonomous-with-respe-5146989.htm',
          'https://www.transtutors.com/questions/a-sales-consultant-found-the-arithmetic-average-price-charged-for-a-three-litre-bott-5146988.htm',
          'https://www.transtutors.com/questions/sal-39-s-satellite-company-broadcasts-tv-to-subscribers-in-los-angeles-and-new-york--5146987.htm',
          'https://www.transtutors.com/questions/ruu-to-labie-10-if-the-firm-produces-the-profit-question-25-2-5-pts-figure-3-suppose-5146986.htm',
          'https://www.transtutors.com/questions/rite-the-word-or-phrase-that-best-completes-each-statement-16-4-marks-for-each-part--5146985.htm',
          'https://www.transtutors.com/questions/the-rising-influence-of-which-of-the-following-poses-a-serious-challenge-to-the-inte-5146984.htm',
          'https://www.transtutors.com/questions/the-rig-cost-when-running-the-casing-is-170-000-day-the-casing-will-be-run-at-1000-f-5146983.htm',
          'https://www.transtutors.com/questions/the-ridgeway-corporation-produces-a-medical-device-which-it-sells-in-japan-europe-an-5146982.htm',
          'https://www.transtutors.com/questions/ribe-to-a-friend-the-difference-between-an-increase-in-demand-october-2-2019-student-5146981.htm',
          'https://www.transtutors.com/questions/ribe-to-a-friend-the-difference-between-an-increase-in-demand-october-2-2019-student-5146980.htm',
          'https://www.transtutors.com/questions/return-to-the-preceding-question-if-the-federal-alternative-power-commission-can-reg-5146979.htm',
          'https://www.transtutors.com/questions/resuelva-los-siguientes-problemas-nota-presente-el-procedimiento-utilizado-comenzand-5146978.htm',
          'https://www.transtutors.com/questions/respond-to-the-following-in-a-minimum-of-175-words-discuss-the-limitations-of-gdp-as-5146977.htm',
          'https://www.transtutors.com/questions/if-the-reserve-ratio-is-5-percent-and-a-person-withdraws-100-million-from-a-bank-acc-5146976.htm',
          'https://www.transtutors.com/questions/the-required-investment-cost-of-a-new-large-shopping-center-is-53-million-the-salvag-5146975.htm',
          'https://www.transtutors.com/questions/how-did-the-repeal-of-glass-steagall-act-allow-the-shadow-banking-sector-to-cause-th-5146974.htm',
          'https://www.transtutors.com/questions/reler-to-a-46-42-30-38-40-34-30-60-526-70-22-80-18-14-100-s10-refer-to-table-23-whic-5146973.htm',
          'https://www.transtutors.com/questions/relationship-that-exists-in-the-fluctuations-of-the-stock-market-and-economic-cycles-5146972.htm',
          'https://www.transtutors.com/questions/what-is-the-relationship-between-the-efficient-level-of-output-of-a-good-and-the-siz-5146971.htm'],
 'project': ['trans'],
 'referring_link': ['https://www.transtutors.com/questions/economics/141/'],
 'spider': ['trans_links']}
2020-02-05 23:30:14 [scrapy.core.engine] DEBUG: Crawled (200) <GET https://www.transtutors.com/questions/economics/143/> (referer: https://www.google.com/) ['cached']
2020-02-05 23:30:14 [scrapy.core.scraper] DEBUG: Scraped from <200 https://www.transtutors.com/questions/economics/142/>
{'category': ['economy'],
 'date': [datetime.datetime(2020, 2, 5, 23, 30, 14, 267208)],
 'link': ['https://www.transtutors.com/questions/related-to-the-economics-in-practice-why-do-the-prices-of-delicacies-and-goodies-inc-5146969.htm',
          'https://www.transtutors.com/questions/refer-to-the-table-for-moola-given-below-to-answer-the-following-questions-investmen-5146968.htm',
          'https://www.transtutors.com/questions/refer-to-the-information-provided-in-table-8-1-below-to-answer-the-questions-that-fo-5146967.htm',
          'https://www.transtutors.com/questions/refer-to-the-following-figure-to-answer-the-following-questions-according-to-the-fig-5146966.htm',
          'https://www.transtutors.com/questions/refer-to-exhibit-7-1-what-is-the-value-of-disposable-income-4-150-850-consumption-ex-5146965.htm',
          'https://www.transtutors.com/questions/refer-to-exhibit-6-3-prices-changed-by-percent-between-year-1-and-year-2-question-7--5146964.htm',
          'https://www.transtutors.com/questions/during-a-recession-hayekians-would-advocate-for-group-of-answer-choices-select-all-t-5146963.htm',
          'https://www.transtutors.com/questions/it-is-not-until-recently-that-research-and-practice-have-begun-to-pull-together-the--5146962.htm',
          'https://www.transtutors.com/questions/i-really-need-help-with-figuring-this-out-its-due-at-11am-and-i-have-a-test-at-12-so-5146960.htm',
          'https://www.transtutors.com/questions/i-really-need-help-with-figuring-this-out-its-due-at-11am-and-i-have-a-test-at-12-so-5146959.htm',
          'https://www.transtutors.com/questions/are-there-any-real-life-examples-about-leader-with-huge-financial-backing-win-the-el-5146958.htm',
          'https://www.transtutors.com/questions/randal-graves-works-at-rst-video-a-video-rental-store-he-39-s-there-for-8-hours-but--5146957.htm',
          'https://www.transtutors.com/questions/how-can-qwest-a-supplier-of-local-telephone-service-determine-the-optimal-two-part-t-5146956.htm',
          'https://www.transtutors.com/questions/quiz-homework-3-due-november-17th-question-18-2-pts-according-to-behavioral-economic-5146955.htm',
          'https://www.transtutors.com/questions/quiz-homework-3-due-november-17th-question-16-2-pts-your-instructor-drove-his-family-5146954.htm',
          'https://www.transtutors.com/questions/quiz-homework-3-due-november-17th-d-question-15-2-pts-a-long-time-ago-the-credit-car-5146953.htm',
          'https://www.transtutors.com/questions/questions-for-review-why-might-a-person-who-does-not-have-a-job-not-be-unemployed-1--5146952.htm',
          'https://www.transtutors.com/questions/for-questions-9-11-consider-an-example-of-a-production-function-that-relates-the-mon-5146951.htm',
          'https://www.transtutors.com/questions/question-when-writing-an-evaluative-essay-it-is-important-to-base-your-evaluation-on-5146950.htm',
          'https://www.transtutors.com/questions/question-two-a-consider-a-situation-where-bubuche-ltd-is-the-only-producer-in-the-in-5146949.htm',
          'https://www.transtutors.com/questions/question-three-the-supply-function-for-sugar-in-zambia-is-given-by-q-20-4px-a-write--5146948.htm',
          'https://www.transtutors.com/questions/question-text-in-statistical-studies-which-of-the-following-sample-method-is-the-wor-5146947.htm',
          'https://www.transtutors.com/questions/question-text-the-price-of-a-dozen-of-apples-is-mop-108-the-ratio-of-the-price-of-an-5146946.htm',
          'https://www.transtutors.com/questions/question-text-mid-term-examination-contributes-to-40-of-the-total-marks-of-the-cours-5146945.htm',
          'https://www.transtutors.com/questions/question-text-in-mathematical-modeling-which-of-the-following-statements-about-funct-5146944.htm',
          'https://www.transtutors.com/questions/question-text-doll-b-costs-23-less-than-doll-a-doll-a-costs-28-more-than-doll-c-whic-5146943.htm',
          'https://www.transtutors.com/questions/question-text-when-comparing-the-body-weights-of-a-group-of-boys-and-a-group-of-girl-5146942.htm',
          'https://www.transtutors.com/questions/question-text-the-body-heights-of-18-years-old-cantonese-women-in-urban-area-are-nor-5146941.htm',
          'https://www.transtutors.com/questions/question-text-bob-wants-to-build-a-mathematical-model-to-explain-the-yearly-yield-of-5146940.htm',
          'https://www.transtutors.com/questions/question-one-suppose-you-have-duopoly-where-the-market-inverse-demand-function-is-gi-5146939.htm',
          'https://www.transtutors.com/questions/this-is-my-question-can-you-look-into-it-how-do-i-draw-the-indifference-map-for-this-5146938.htm',
          'https://www.transtutors.com/questions/question-four-assume-the-tomato-plant-operates-in-a-competitive-market-the-price-per-5146937.htm',
          'https://www.transtutors.com/questions/question-five-mr-brenden-intends-to-start-producing-bread-the-sales-person-advises-t-5146936.htm',
          'https://www.transtutors.com/questions/question-five-4-the-inverse-market-demand-in-a-homogeneous-product-cournot-duopoly-i-5146935.htm',
          'https://www.transtutors.com/questions/question-certain-companies-based-in-certain-countries-are-able-to-overcome-the-subst-5146934.htm',
          'https://www.transtutors.com/questions/question-certain-companies-based-in-certain-countries-are-able-to-overcome-the-subst-5146933.htm',
          'https://www.transtutors.com/questions/question-9-why-do-private-markets-fail-to-account-for-externalities-not-yet-answered-5146932.htm',
          'https://www.transtutors.com/questions/question-9-1-pts-consider-the-following-table-the-economy-in-the-base-year-2018-prod-5146931.htm',
          'https://www.transtutors.com/questions/question-7-150-declined-balance-over-5-years-find-the-depreciation-ammount-at-the-th-5146930.htm',
          'https://www.transtutors.com/questions/question-7-1-pts-suppose-the-pae-curve-is-given-by-the-equation-pae-a-g-b-y-t-were-y-5146929.htm',
          'https://www.transtutors.com/questions/question-60-2-pts-under-which-one-of-the-following-market-structures-are-sellers-mos-5146928.htm',
          'https://www.transtutors.com/questions/question-6-part-a-why-can-t-the-central-bank-perfectly-control-the-money-supply-10-m-5146927.htm',
          'https://www.transtutors.com/questions/question-6-assume-that-the-price-of-sorbet-at-giuseppe-s-best-italian-ice-creamery-i-5146926.htm',
          'https://www.transtutors.com/questions/question-6-200-db-switching-to-sl-5-years-what-is-the-depreciation-amount-at-the-4th-5146924.htm',
          'https://www.transtutors.com/questions/question-50-2-5-pts-since-a-monopoly-faces-a-downward-sloping-demand-curve-price-alw-5146923.htm',
          'https://www.transtutors.com/questions/question-50-1-points-save-answer-according-the-traditional-keynesian-approach-an-inc-5146922.htm',
          'https://www.transtutors.com/questions/question-5-choose-the-best-entity-for-the-following-situation-1-a-company-values-its-5146921.htm',
          'https://www.transtutors.com/questions/question-5-4-pts-according-to-joy-boulamwini-why-couldn-39-t-her-computer-detect-her-5146920.htm',
          'https://www.transtutors.com/questions/question-5-2-pts-suppose-the-income-elasticity-of-demand-for-restaurant-meals-is-abo-5146919.htm',
          'https://www.transtutors.com/questions/question-5-10-points-you-are-informed-that-there-were-two-institutional-regimes-gove-5146918.htm'],
 'project': ['trans'],
 'referring_link': ['https://www.transtutors.com/questions/economics/142/'],
 'spider': ['trans_links']}
2020-02-05 23:30:14 [scrapy.core.engine] DEBUG: Crawled (200) <GET https://www.transtutors.com/questions/economics/144/> (referer: https://www.google.com/) ['cached']
2020-02-05 23:30:14 [scrapy.core.scraper] DEBUG: Scraped from <200 https://www.transtutors.com/questions/economics/143/>
{'category': ['economy'],
 'date': [datetime.datetime(2020, 2, 5, 23, 30, 14, 424398)],
 'link': ['https://www.transtutors.com/questions/question-5-1-pts-the-participation-rate-is-50-the-number-of-unemployed-people-is-1-0-5146917.htm',
          'https://www.transtutors.com/questions/question-4-choose-ture-or-false-1-the-business-judgment-rule-protects-directors-from-5146916.htm',
          'https://www.transtutors.com/questions/question-44-an-improvement-in-business-expectations-will-cause-a-rightward-shift-in--5146915.htm',
          'https://www.transtutors.com/questions/question-4-a-suppose-on-a-given-day-the-exchange-rates-are-as-follows-rm7-0-1-and-rm-5146914.htm',
          'https://www.transtutors.com/questions/question-4-lp-formulation-a-b-c-are-mutual-exclusive-alternatives-then-a-b-c-5146913.htm',
          'https://www.transtutors.com/questions/question-4-laura-is-deciding-how-much-to-consume-in-periods-o-1-and-2-suppose-laura--5146912.htm',
          'https://www.transtutors.com/questions/question-4-a-with-improvement-in-information-technology-and-e-commerce-there-are-man-5146911.htm',
          'https://www.transtutors.com/questions/question-4-this-is-a-example-of-a-two-factor-model-a-financial-forward-contract-is-c-5146910.htm',
          'https://www.transtutors.com/questions/4-value-0-33-points-kalamazoo-competition-free-concrete-kcc-is-a-local-monopolist-of-5146909.htm',
          'https://www.transtutors.com/questions/question-4-25-points-3-1-20-points-suppose-a-person-has-fixed-income-which-is-spent--5146908.htm',
          'https://www.transtutors.com/questions/question-4-16-points-two-firms-can-control-emissions-at-the-following-marginal-contr-5146907.htm',
          'https://www.transtutors.com/questions/question-4-10-points-save-answer-a-new-bridge-with-an-infinite-life-is-expected-to-h-5146906.htm',
          'https://www.transtutors.com/questions/please-answer-each-question-step-by-step-question-3-a-using-maths-derive-algebraical-5146905.htm',
          'https://www.transtutors.com/questions/question-3-use-the-open-economy-is-lm-fe-model-with-flexible-exchange-rates-to-expla-5146904.htm',
          'https://www.transtutors.com/questions/question-3-if-a-stock-is-riskier-than-the-market-then-it-will-have-a-beta-smaller-th-5146903.htm',
          'https://www.transtutors.com/questions/question-3-what-impact-do-transfer-payments-have-o-they-reduce-the-incentive-to-work-5146901.htm',
          'https://www.transtutors.com/questions/question-3-in-a-course-run-by-the-history-department-a-student-achieved-43-on-the-mi-5146900.htm',
          'https://www.transtutors.com/questions/question-3-if-an-asset-is-depreciated-over-3-years-equally-sl-year-1-33-333-year-2-3-5146899.htm',
          'https://www.transtutors.com/questions/question-3-of-6-save-exit-submit-3-value-0-33-points-kalamazoo-competition-free-conc-5146898.htm',
          'https://www.transtutors.com/questions/question-3-12-points-consider-two-firms-which-are-polluting-the-air-near-some-city-t-5146897.htm',
          'https://www.transtutors.com/questions/question-3-10-points-the-table-below-presents-the-value-of-aggregate-consumption-and-5146896.htm',
          'https://www.transtutors.com/questions/question-22-if-a-small-rise-in-price-causes-a-relatively-large-decrease-in-quantity--5146895.htm',
          'https://www.transtutors.com/questions/question-21-not-yet-answered-the-existence-of-any-consumer-surplus-in-the-market-sug-5146894.htm',
          'https://www.transtutors.com/questions/question-21-3-points-table-two-factories-if-the-firm-in-this-table-faces-a-market-pr-5146893.htm',
          'https://www.transtutors.com/questions/question-2-suppose-ice-cream-cones-cost-2-and-ice-cream-shakes-cost-3-john-reese-has-5146892.htm',
          'https://www.transtutors.com/questions/atc-p-atc-p-mc-p-gt-avc-el-ps-quot-aria-describedby-quot-hb5-quot-style-quot-quot-gt-5146891.htm',
          'https://www.transtutors.com/questions/question-2-an-isp-internet-service-provider-sends-out-a-survey-to-its-customers-who--5146890.htm',
          'https://www.transtutors.com/questions/question-2-assume-that-a-competitive-firm-has-a-total-cost-function-given-by-the-fol-5146889.htm',
          'https://www.transtutors.com/questions/question-2-assume-that-a-competitive-firm-has-a-total-cost-function-given-by-the-fol-5146888.htm',
          'https://www.transtutors.com/questions/question-2-abdulla-owns-a-old-lexus-and-it-averages-20-miles-per-gallon-mpg-he-has-f-5146887.htm',
          'https://www.transtutors.com/questions/question-2-of-6-submit-save-exit-2-value-0-33-points-as-in-worked-out-problem-17-2-p-5146886.htm',
          'https://www.transtutors.com/questions/question-2-150-declined-balance-over-5-years-find-the-book-value-at-the-third-year-a-5146885.htm',
          'https://www.transtutors.com/questions/question-2-11-pts-in-the-course-of-clearing-land-for-a-new-development-the-city-of-s-5146884.htm',
          'https://www.transtutors.com/questions/question-2-10-in-this-module-it-is-demonstrated-that-some-times-extensive-diseconomi-5146883.htm',
          'https://www.transtutors.com/questions/question-2-1-pts-the-private-marginal-benefit-a-person-derives-from-a-year-of-educat-5146882.htm',
          'https://www.transtutors.com/questions/question-19-3-points-high-profits-mean-that-inputs-of-high-value-produce-outputs-of--5146881.htm',
          'https://www.transtutors.com/questions/question-19-2-pts-which-of-the-following-is-an-example-of-where-behavioral-economics-5146880.htm',
          'https://www.transtutors.com/questions/question-18-1-pts-josh-is-a-full-time-college-student-who-is-not-working-or-looking--5146879.htm',
          'https://www.transtutors.com/questions/question-17-3-points-why-do-technology-firms-cluster-in-silicon-valley-a-costs-are-l-5146878.htm',
          'https://www.transtutors.com/questions/question-151-pts-consider-the-model-of-monopolistic-competition-discussed-in-lecture-5146877.htm',
          'https://www.transtutors.com/questions/refer-to-exhibit-7-2-gdp-in-2019-is-question-14-4-pts-goods-1990-quantities-10-papay-5146876.htm',
          'https://www.transtutors.com/questions/question-14-1-pts-which-of-the-following-characterizes-historical-trends-in-labor-fo-5146875.htm',
          'https://www.transtutors.com/questions/question-13-2-5-which-of-the-following-is-not-a-characteristic-of-perfect-competitio-5146874.htm',
          'https://www.transtutors.com/questions/question-12-the-primary-purpose-of-nafta-is-to-encourage-the-development-of-the-mexi-5146873.htm',
          'https://www.transtutors.com/questions/question-12-2-5-pts-toys-for-toddlers-inc-sells-in-a-perfectly-competitive-market-wi-5146872.htm',
          'https://www.transtutors.com/questions/question-11-1-pts-assume-that-individuals-are-homogeneous-and-that-each-has-a-demand-5146871.htm',
          'https://www.transtutors.com/questions/question-11-if-both-demand-and-supply-decrease-what-will-be-the-effect-on-the-equili-5146870.htm',
          'https://www.transtutors.com/questions/question-11-1-assume-a-firm-has-the-following-production-function-q-l-r-1-2-k1-2-add-5146869.htm',
          'https://www.transtutors.com/questions/question-10-why-does-the-govemment-provide-public-goods-not-yet-answered-select-one--5146868.htm',
          'https://www.transtutors.com/questions/question-10-1-pts-after-the-great-recession-labor-mobility-fell-because-many-homeown-5146867.htm'],
 'project': ['trans'],
 'referring_link': ['https://www.transtutors.com/questions/economics/143/'],
 'spider': ['trans_links']}
2020-02-05 23:30:14 [scrapy.core.engine] DEBUG: Crawled (200) <GET https://www.transtutors.com/questions/economics/145/> (referer: https://www.google.com/) ['cached']
2020-02-05 23:30:14 [scrapy.core.scraper] DEBUG: Scraped from <200 https://www.transtutors.com/questions/economics/144/>
{'category': ['economy'],
 'date': [datetime.datetime(2020, 2, 5, 23, 30, 14, 568991)],
 'link': ['https://www.transtutors.com/questions/question-1-suppose-kala-39-s-utility-function-is-a-function-of-consumption-with-u-15-5146866.htm',
          'https://www.transtutors.com/questions/question-1-at-which-one-of-the-following-is-the-break-even-point-select-one-a-averag-5146865.htm',
          'https://www.transtutors.com/questions/question-1-i-often-hear-people-say-that-if-they-owned-a-business-they-would-lower-pr-5146864.htm',
          'https://www.transtutors.com/questions/question-1-cost-minimization-and-cost-curves-suppose-that-jennifer-produces-good-y-b-5146863.htm',
          'https://www.transtutors.com/questions/question-1-consider-a-single-price-monopolist-that-has-standard-u-shaped-cost-curves-5146862.htm',
          'https://www.transtutors.com/questions/question-1-a-consider-the-private-hire-market-such-as-grab-and-gojek-assume-that-the-5146861.htm',
          'https://www.transtutors.com/questions/question-1-although-the-purely-monopolistic-firm-is-the-only-firm-in-the-industry-th-5146860.htm',
          'https://www.transtutors.com/questions/question-1-200-db-switching-to-sl-5-years-what-is-the-remaining-balance-at-the-4th-y-5146859.htm',
          'https://www.transtutors.com/questions/question-1-2-pts-consider-a-tax-on-a-good-known-as-erricos-if-the-tax-is-changed-fro-5146858.htm',
          'https://www.transtutors.com/questions/question-1-19-pts-consider-the-use-of-a-pasture-for-grazing-cattle-in-19th-century-a-5146857.htm',
          'https://www.transtutors.com/questions/question-1-10-points-save-answer-security-service-for-a-corporation-housed-in-a-larg-5146856.htm',
          'https://www.transtutors.com/questions/question-1-1-consider-the-following-4x4-game-2-a-c-d-4-2-7-4-6-5-8-1-1-b-9-6-2-8-4-7-5146855.htm',
          'https://www.transtutors.com/questions/quantity-q-afc-avc-atc-mc-p-ar-p-tr-p-q-mr-p-0-56-0-1-60-45-00-105-00-45-00-56-56-56-5146854.htm',
          'https://www.transtutors.com/questions/q9-by-relaxing-the-assumption-of-diminishing-returns-to-capital-in-a-simple-y-ak-fra-5146853.htm',
          'https://www.transtutors.com/questions/q7-assume-the-following-two-sector-endogenous-growth-model-where-the-economy-is-desc-5146852.htm',
          'https://www.transtutors.com/questions/q4-assume-the-following-two-sector-endogenous-growth-model-where-the-economy-is-desc-5146851.htm',
          'https://www.transtutors.com/questions/q3-a-malaccan-farmer-needs-to-make-a-decision-his-orchard-is-expected-to-produce-100-5146850.htm',
          'https://www.transtutors.com/questions/q3-figure-1-below-is-taken-from-baumol-1986-productivity-growth-convergence-and-welf-5146849.htm',
          'https://www.transtutors.com/questions/q3-20-the-table-below-lists-the-number-of-people-by-labor-force-classification-for-t-5146848.htm',
          'https://www.transtutors.com/questions/q2-figure-1-below-is-taken-from-quot-sala-i-martin-x-1995-the-classical-approach-to--5146847.htm',
          'https://www.transtutors.com/questions/q2-figure-1-below-is-taken-from-quot-sala-i-martin-x-1995-the-classical-approach-to--5146846.htm',
          'https://www.transtutors.com/questions/q2-develop-the-probability-and-impact-table-based-on-the-risk-register-that-you-have-5146845.htm',
          'https://www.transtutors.com/questions/q2-20-the-table-below-shows-data-on-the-production-and-prices-in-an-economy-use-2016-5146844.htm',
          'https://www.transtutors.com/questions/q-1-suppose-the-consumers-39-utility-on-the-network-is-u-k-in-y-7-where-k-refers-to--5146843.htm',
          'https://www.transtutors.com/questions/help-the-data-is-sufficient-q1-recall-the-battle-of-the-sexes-game-where-two-players-5146842.htm',
          'https://www.transtutors.com/questions/q1-20-in-each-of-the-following-cases-determine-which-gdp-component-is-affected-a-4-y-5146841.htm',
          'https://www.transtutors.com/questions/q-1-find-the-numerical-value-of-the-factor-a-p-13-15-using-a-interpolation-and-b-the-5146840.htm',
          'https://www.transtutors.com/questions/help-me-finish-the-question-2-thanks-purchases-you-are-given-the-following-partial-i-5146839.htm',
          'https://www.transtutors.com/questions/public-finance-in-class-worksheet-3-this-question-examines-the-progressive-and-regre-5146838.htm',
          'https://www.transtutors.com/questions/public-finance-in-class-worksheet-1-this-question-examines-the-federal-budget-you-wi-5146837.htm',
          'https://www.transtutors.com/questions/you-are-proposing-a-project-to-your-company-with-the-following-casn-tows-5-000-3-000-5146836.htm',
          'https://www.transtutors.com/questions/a-profit-maximizing-firm-that-is-operating-in-the-short-run-will-sell-an-additional--5146835.htm',
          'https://www.transtutors.com/questions/product-x-has-the-following-demand-and-supply-functions-qd-30-2p-qs-10-6p-the-govern-5146834.htm',
          'https://www.transtutors.com/questions/problems-application-chap-17-1-breakdown-of-a-cartel-agreement-consider-a-town-in-wh-5146833.htm',
          'https://www.transtutors.com/questions/problems-16-19-are-based-on-the-following-demand-and-supply-schedules-for-corn-all-q-5146832.htm',
          'https://www.transtutors.com/questions/a-b-c-problem-7-5-book-static-a-question-help-a-new-barcode-reading-device-has-an-in-5146831.htm',
          'https://www.transtutors.com/questions/problem-5-united-states-now-a-days-outsources-a-lot-of-their-computer-programming-wo-5146829.htm',
          'https://www.transtutors.com/questions/looking-for-answer-explanation-for-quot-b-quot-problem-5-production-possibilities-op-5146828.htm',
          'https://www.transtutors.com/questions/problem-5-79-algorithmic-question-help-what-is-the-equivalent-aw-of-a-three-year-con-5146827.htm',
          'https://www.transtutors.com/questions/problem-5-7-book-static-question-help-determine-the-present-worth-of-the-following-c-5146826.htm',
          'https://www.transtutors.com/questions/problem-5-4-algorithmic-question-help-suppose-that-you-have-just-completed-the-mecha-5146825.htm',
          'https://www.transtutors.com/questions/problem-5-34-algorithmic-question-help-the-required-investment-cost-of-a-new-large-s-5146824.htm',
          'https://www.transtutors.com/questions/and-what-is-the-fw-problem-5-22-algorithmic-question-help-what-are-the-pw-and-fw-of--5146823.htm',
          'https://www.transtutors.com/questions/please-solve-the-question-problem-5-21-algorithmic-question-help-determine-the-fw-of-5146822.htm',
          'https://www.transtutors.com/questions/problem-5-21-algorithmic-question-help-determine-the-fw-of-the-following-engineering-5146821.htm',
          'https://www.transtutors.com/questions/problem-5-20-book-static-question-help-your-firm-is-thinking-about-investing-200-000-5146820.htm',
          'https://www.transtutors.com/questions/problem-4-25-points-demand-schedule-for-a-product-is-given-by-the-following-table-p--5146819.htm',
          'https://www.transtutors.com/questions/problem-4-25-points-demand-schedule-for-a-product-is-given-by-the-following-table-p--5146818.htm',
          'https://www.transtutors.com/questions/please-help-mw-fast-problem-4-25-points-demand-schedule-for-a-product-is-given-by-th-5146817.htm',
          'https://www.transtutors.com/questions/please-help-me-fast-problem-4-25-points-demand-schedule-for-a-product-is-given-by-th-5146816.htm'],
 'project': ['trans'],
 'referring_link': ['https://www.transtutors.com/questions/economics/144/'],
 'spider': ['trans_links']}
2020-02-05 23:30:14 [scrapy.core.engine] DEBUG: Crawled (200) <GET https://www.transtutors.com/questions/economics/146/> (referer: https://www.google.com/) ['cached']
2020-02-05 23:30:14 [scrapy.core.scraper] DEBUG: Scraped from <200 https://www.transtutors.com/questions/economics/145/>
{'category': ['economy'],
 'date': [datetime.datetime(2020, 2, 5, 23, 30, 14, 735919)],
 'link': ['https://www.transtutors.com/questions/please-provide-me-a-detailed-expression-problem-3-find-the-extremum-of-the-utility-f-5146815.htm',
          'https://www.transtutors.com/questions/also-please-provide-me-a-detailed-expression-problem-2-a-firm-39-s-production-functi-5146814.htm',
          'https://www.transtutors.com/questions/parts-d-e-and-f-please-problem-2-20-points-consider-a-monopolist-apple-inc-who-face--5146813.htm',
          'https://www.transtutors.com/questions/problem-15-23-the-medical-community-unanimously-agrees-on-the-health-benefits-of-reg-5146812.htm',
          'https://www.transtutors.com/questions/problem-12-5a-calculate-profitability-ratios-l012-4-3-75-points-the-following-income-5146811.htm',
          'https://www.transtutors.com/questions/0-0-0-0please-provide-me-a-detailed-expression-problem-1-y-c-1-g-the-following-natio-5146810.htm',
          'https://www.transtutors.com/questions/problem-1-ux-2-0-025-0-032x-0-015x-0-02x-u-utility-function-for-a-specific-mode-a-mo-5146809.htm',
          'https://www.transtutors.com/questions/problem-1-a-consumer-uses-his-income-i-for-the-consumption-of-two-goods-x1-and-x2-he-5146808.htm',
          'https://www.transtutors.com/questions/who-probably-has-less-elastic-demand-for-a-hertz-rental-car-someone-who-reserves-a-c-5146807.htm',
          'https://www.transtutors.com/questions/as-the-prices-of-goods-and-services-decrease-the-value-of-money-stays-the-same-incre-5146806.htm',
          'https://www.transtutors.com/questions/price-quantity-on-the-graph-above-the-firm-will-make-an-economic-profit-if-the-price-5146805.htm',
          'https://www.transtutors.com/questions/if-the-price-of-leeks-falls-by-2-per-pound-then-the-demand-for-leeks-will-rise-by-10-5146804.htm',
          'https://www.transtutors.com/questions/the-price-elasticity-of-demand-measures-0-4-which-of-the-following-statements-is-cor-5146803.htm',
          'https://www.transtutors.com/questions/price-discrimination-1-consider-q-2b-of-problem-set-2-where-market-demand-is-qp-10-0-5146802.htm',
          'https://www.transtutors.com/questions/price-and-cost-dolars-per-cup-homework-hw-ch-13-score-0-of-1-pt-1-of-40-31-complete--5146801.htm',
          'https://www.transtutors.com/questions/when-the-price-of-coffee-increased-from-1-95-to-2-55-the-number-of-coffees-sold-at-a-5146800.htm',
          'https://www.transtutors.com/questions/price-16-10-12-13-quantity-answer-questions-based-on-the-graph-for-a-perfectly-compe-5146799.htm',
          'https://www.transtutors.com/questions/prevent-modification-enable-editing-c-it-is-the-best-strategy-regardless-of-choices--5146798.htm',
          'https://www.transtutors.com/questions/the-president-appoints-and-the-senate-approves-the-chair-of-the-board-of-governors-t-5146797.htm',
          'https://www.transtutors.com/questions/how-is-it-possible-for-the-trade-balance-to-be-highly-positive-or-negative-for-long--5146796.htm',
          'https://www.transtutors.com/questions/is-it-possible-for-all-goods-a-consumer-buys-to-be-normal-in-short--5146795.htm',
          'https://www.transtutors.com/questions/is-it-possible-for-all-goods-a-consumer-buys-to-be-inferior-in-short--5146794.htm',
          'https://www.transtutors.com/questions/politics-how-does-korea-need-to-change-ways-of-reforming-chaebol-politically-in-orde-5146793.htm',
          'https://www.transtutors.com/questions/please-work-on-the-following-question-which-is-meant-to-trade-creation-and-trade-div-5146792.htm',
          'https://www.transtutors.com/questions/please-use-one-or-two-terms-what-39-s-the-purpose-of-an-efficiency-wage-in-what-indu-5146791.htm',
          'https://www.transtutors.com/questions/please-use-one-or-two-terms-how-does-population-growth-affect-economic-growth-is-ove-5146790.htm',
          'https://www.transtutors.com/questions/please-type-find-in-the-news-a-case-of-price-fixing-conspiracy-and-discuss-why-carte-5146789.htm',
          'https://www.transtutors.com/questions/please-can-someone-answer-the-rest-of-this-question-part-5-6-7-8-9-and-10-copied-bel-5146788.htm',
          'https://www.transtutors.com/questions/please-refer-to-the-attached-photo-a-compute-paasche-quantity-index-and-laspeyres-qu-5146787.htm',
          'https://www.transtutors.com/questions/please-pick-a-country-and-read-up-on-the-following-investment-climate-statement-in-g-5146786.htm',
          'https://www.transtutors.com/questions/please-i-need-today-answer-for-this-question-and-it-is-very-important-and-i-need-sol-5146785.htm',
          'https://www.transtutors.com/questions/please-need-it-asap-chinese-saving-rate-during-15-or-20-years-global-average-savings-5146784.htm',
          'https://www.transtutors.com/questions/please-match-each-type-of-health-care-program-with-its-correct-description-medicaid--5146783.htm',
          'https://www.transtutors.com/questions/please-make-sure-you-have-graphs-for-the-questions-d-1-use-the-various-market-prices-5146782.htm',
          'https://www.transtutors.com/questions/please-help-me-1-and-2-questions-thankyouu-case-analysis-1-what-is-the-point-of-view-5146781.htm',
          'https://www.transtutors.com/questions/please-explain-the-consequences-of-low-fixed-prices-in-the-underground-market-in-100-5146780.htm',
          'https://www.transtutors.com/questions/please-answer-as-fast-as-you-can-using-the-equation-c-a-by-where-y-gdp-c-100-8y-fill-5146779.htm',
          'https://www.transtutors.com/questions/petleft-a-pet-mortuary-in-shimla-offers-complete-funerals-services-for-dogs-the-mana-5146778.htm',
          'https://www.transtutors.com/questions/a-perfectly-competitive-firm-sells-two-goods-the-price-for-the-first-good-is-33-the--5146777.htm',
          'https://www.transtutors.com/questions/some-people-think-that-incentive-based-environmental-policies-create-more-federal-pr-5146776.htm',
          'https://www.transtutors.com/questions/people-derive-utility-in-their-lives-from-consuming-goods-all-other-goods-g-and-clea-5146775.htm',
          'https://www.transtutors.com/questions/paulsen-s-family-was-from-south-dakota-he-finished-high-school-in-1930-as-the-countr-5146774.htm',
          'https://www.transtutors.com/questions/at-patty-s-cakes-the-total-cost-of-producing-6-000-cakes-is-39-000-variable-costs-of-5146773.htm',
          'https://www.transtutors.com/questions/in-the-past-couple-of-decades-the-economies-of-many-industrial-countries-have-gone-t-5146772.htm',
          'https://www.transtutors.com/questions/for-a-particular-week-in-june-three-families-smith-jones-and-brown-have-the-demand-s-5146771.htm',
          'https://www.transtutors.com/questions/part-i-true-or-false-and-explain-your-answer-3-points-1-michelle-39-s-business-produ-5146770.htm',
          'https://www.transtutors.com/questions/part-c-newspaper-article-analysis-answer-all-19-marks-total-use-the-following-excerp-5146769.htm',
          'https://www.transtutors.com/questions/part-2-think-of-a-product-that-is-quot-essential-for-everyday-living-that-typically--5146768.htm',
          'https://www.transtutors.com/questions/of4o-zoom-1-question-1-8-points-interest-payments-on-municipal-bonds-are-exempt-from-5146767.htm',
          'https://www.transtutors.com/questions/page-4-of-4-zoom-question-5-8-points-1-complete-the-table-you-need-to-show-calculati-5146766.htm'],
 'project': ['trans'],
 'referring_link': ['https://www.transtutors.com/questions/economics/145/'],
 'spider': ['trans_links']}
2020-02-05 23:30:14 [scrapy.core.engine] DEBUG: Crawled (200) <GET https://www.transtutors.com/questions/economics/147/> (referer: https://www.google.com/) ['cached']
2020-02-05 23:30:14 [scrapy.core.scraper] DEBUG: Scraped from <200 https://www.transtutors.com/questions/economics/146/>
{'category': ['economy'],
 'date': [datetime.datetime(2020, 2, 5, 23, 30, 14, 879474)],
 'link': ['https://www.transtutors.com/questions/here-is-question-3-if-you-need-for-question-4-page-page-2-of-4-zoom-question-3-4-poi-5146765.htm',
          'https://www.transtutors.com/questions/page-2-of-4-zoom-question-2-1-points-suppose-initially-the-interest-rate-on-u-s-trea-5146764.htm',
          'https://www.transtutors.com/questions/of20-zoom-question-1-12-points-to-fill-in-the-following-tables-use-a-positive-sign-t-5146763.htm',
          'https://www.transtutors.com/questions/of-2-0-zoom-question-2-18-points-your-bank-is-the-following-lance-sheet-unit-million-5146762.htm',
          'https://www.transtutors.com/questions/otal-revenue-falls-as-the-price-of-a-good-is-raised-if-the-demand-for-the-good-is-mu-5146761.htm',
          'https://www.transtutors.com/questions/optimal-consumption-for-both-periods-c0-and-c1-are-both-15-and-16-5-respectively-ple-5146760.htm',
          'https://www.transtutors.com/questions/one-novel-process-of-making-green-gasoline-takes-biomass-in-the-form-of-sucrose-and--5146759.htm',
          'https://www.transtutors.com/questions/one-night-only-when-traffic-on-the-hvalfj-r-ur-tunnel-is-almost-there-is-no-one-deci-5146758.htm',
          'https://www.transtutors.com/questions/a-one-mile-section-of-a-roadway-in-florida-has-been-washed-out-by-heavy-rainfall-the-5146757.htm',
          'https://www.transtutors.com/questions/which-one-of-the-following-statements-about-the-consumption-function-is-incorrect-co-5146756.htm',
          'https://www.transtutors.com/questions/which-one-of-the-following-events-would-have-no-effect-on-the-aggregate-supply-as-cu-5146755.htm',
          'https://www.transtutors.com/questions/an-oligopoly-is-a-market-in-which-x-economies-of-scale-may-present-a-barrier-to-entr-5146754.htm',
          'https://www.transtutors.com/questions/if-older-workers-have-a-tax-elasticity-of-labor-supply-equal-to-0-16-by-how-much-wil-5146753.htm',
          'https://www.transtutors.com/questions/an-oil-refinery-has-decided-to-purchase-some-new-drilling-equipment-for-400-000-the--5146752.htm',
          'https://www.transtutors.com/questions/quot-obsolescing-bargaining-model-quot-refers-to-which-of-the-following-select-one--5146751.htm',
          'https://www.transtutors.com/questions/you-are-a-novice-entrepreneur-describe-some-psychological-and-political-barriers-you-5146750.htm',
          'https://www.transtutors.com/questions/normal-to-extensive-form-game-consider-the-following-pricing-game-between-bernie-39-5146749.htm',
          'https://www.transtutors.com/questions/a-nonprogrammed-decision-is-relatively-better-than-programmed-decisions-is-highly-un-5146748.htm',
          'https://www.transtutors.com/questions/nomheducation-com-chapter-34-inflation-inflation-real-output-real-output-click-to-se-5146747.htm',
          'https://www.transtutors.com/questions/the-next-8-short-questions-numbered-10-11-12-13-14-15-16-and-17-are-worth-o-marks-th-5146746.htm',
          'https://www.transtutors.com/questions/the-new-deal-was-proposed-by-progressive-democrat-lawmakers-after-the-end-wwii-was-a-5146745.htm',
          'https://www.transtutors.com/questions/a-new-bridge-across-the-cumberland-river-is-being-planned-near-a-busy-high-way-inter-5146744.htm',
          'https://www.transtutors.com/questions/a-new-barcode-reading-device-has-an-installed-cost-basis-of-21-160-and-an-estimated--5146743.htm',
          'https://www.transtutors.com/questions/netflix-price-increase-hurts-membership-netflix-experienced-some-membership-turbulen-5146742.htm',
          'https://www.transtutors.com/questions/i-need-step-by-step-solution-to-the-following-this-question-asap-answer-should-cover-5146741.htm',
          'https://www.transtutors.com/questions/i-need-step-by-step-solution-to-the-following-this-question-asap-i-have-limited-time-5146740.htm',
          'https://www.transtutors.com/questions/i-need-step-by-step-solution-to-the-following-this-question-asap-i-have-limited-time-5146739.htm',
          'https://www.transtutors.com/questions/i-need-step-by-step-solution-to-the-following-this-question-asap-i-have-limited-time-5146738.htm',
          'https://www.transtutors.com/questions/i-need-new-and-unique-answers-please-use-your-own-words-don-39-t-copy-and-paste-plea-5146737.htm',
          'https://www.transtutors.com/questions/i-need-help-in-creating-the-business-problem-statement-for-the-below-problem-includi-5146736.htm',
          'https://www.transtutors.com/questions/how-does-nash-theorem-apply-to-ppg-industries-and-their-interaction-with-their-compe-5146735.htm',
          'https://www.transtutors.com/questions/in-nairobi-the-consumers-of-super-petrol-product-will-buy-380-units-when-the-price-i-5146734.htm',
          'https://www.transtutors.com/questions/mutt-and-jeff-find-themselves-on-a-deserted-island-the-only-two-activities-available-5146733.htm',
          'https://www.transtutors.com/questions/how-much-more-output-will-the-average-american-u-s-population-330-million-make-a-yea-5146732.htm',
          'https://www.transtutors.com/questions/how-much-more-output-will-the-average-american-u-s-population-330-million-make-a-yea-5146731.htm',
          'https://www.transtutors.com/questions/help-with-j-f-h-moral-hazard-and-hidden-actions-arestaurant-is-elther-profitable-wit-5146730.htm',
          'https://www.transtutors.com/questions/i-need-help-with-j-moral-hazard-and-hidden-actions-4-a-restaurant-is-the-profitable--5146729.htm',
          'https://www.transtutors.com/questions/a-monopoly-sells-drugs-in-the-german-and-u-s-market-the-german-demand-function-is-qg-5146728.htm',
          'https://www.transtutors.com/questions/a-monopolist-produces-at-a-constant-marginal-cost-c-if-p-q-end-up-being-the-profit-m-5146727.htm',
          'https://www.transtutors.com/questions/if-a-monopolist-can-perfectly-price-discriminate-then-the-marginal-revenue-equals-to-5146726.htm',
          'https://www.transtutors.com/questions/the-money-multiplier-o-a-increases-if-the-currency-drain-ratio-increases-o-b-decreas-5146725.htm',
          'https://www.transtutors.com/questions/how-money-laundering-manifests-itself-in-current-banks-and-how-a-leadersheap-can-act-5146724.htm',
          'https://www.transtutors.com/questions/money-illusion-occurs-when-people-o-mistake-changes-in-prices-for-changes-in-quality-5146723.htm',
          'https://www.transtutors.com/questions/a-monetary-policy-and-or-a-fiscal-policy-change-to-increase-economic-growth-and-empl-5146722.htm',
          'https://www.transtutors.com/questions/monetary-policy-is-conducted-by-the-federal-reserve-fiscal-policy-is-also-conducted--5146721.htm',
          'https://www.transtutors.com/questions/a-model-of-market-equilibrium-in-the-presence-of-transfer-costs-187-food-price-food--5146720.htm',
          'https://www.transtutors.com/questions/mme-30001-engineering-management-i-minor-activity-sheet-3-name-tutorial-group-studen-5146719.htm',
          'https://www.transtutors.com/questions/how-can-minimum-wage-laws-which-are-suppose-to-help-workers-have-a-negative-impact-o-5146718.htm',
          'https://www.transtutors.com/questions/match-the-following-economist-to-their-contributions-to-the-field-group-of-answer-ch-5146717.htm',
          'https://www.transtutors.com/questions/in-some-markets-certain-products-are-sold-price-elasticity-of-supply-exceeds-demand--5146716.htm'],
 'project': ['trans'],
 'referring_link': ['https://www.transtutors.com/questions/economics/146/'],
 'spider': ['trans_links']}
2020-02-05 23:30:15 [scrapy.core.engine] DEBUG: Crawled (200) <GET https://www.transtutors.com/questions/economics/148/> (referer: https://www.google.com/) ['cached']
2020-02-05 23:30:15 [scrapy.core.scraper] DEBUG: Scraped from <200 https://www.transtutors.com/questions/economics/147/>
{'category': ['economy'],
 'date': [datetime.datetime(2020, 2, 5, 23, 30, 15, 45797)],
 'link': ['https://www.transtutors.com/questions/qs-6-78p-4-the-market-demand-and-supply-functions-for-sneaker-during-inter-school-sp-5146715.htm',
          'https://www.transtutors.com/questions/in-a-market-characterized-by-externalities-the-market-equilibrium-fails-to-maximize--5146714.htm',
          'https://www.transtutors.com/questions/marin-county-enterprises-has-a-monopoly-on-the-production-of-lunar-powered-homes-and-5146713.htm',
          'https://www.transtutors.com/questions/how-is-marginal-revenue-and-marginal-cost-about-marginal-profit-and-what-do-they-tel-5146712.htm',
          'https://www.transtutors.com/questions/the-marginal-cost-of-the-sixth-unit-equals-the-total-cost-of-six-units-minus-the-tot-5146711.htm',
          'https://www.transtutors.com/questions/marginal-cost-find-the-cost-formula-given-mc-q-and-fixed-cost-fc-mc-q-3q-48-q-600-fc-5146710.htm',
          'https://www.transtutors.com/questions/how-many-kilometers-must-a-car-be-driven-per-year-for-leasing-and-buying-to-cost-the-5146709.htm',
          'https://www.transtutors.com/questions/many-government-transfers-automatically-increase-when-the-economy-goes-into-a-recess-5146708.htm',
          'https://www.transtutors.com/questions/you-are-a-manager-of-a-financial-institution-that-gave-a-loan-to-a-large-corporation-5146707.htm',
          'https://www.transtutors.com/questions/why-malaysians-need-a-well-comprehensive-social-safety-nets-program-achieving-high-g-5146706.htm',
          'https://www.transtutors.com/questions/my-team-got-food-industry-brief-deeply-and-references-malaysia-has-numerous-industri-5146705.htm',
          'https://www.transtutors.com/questions/what-makes-business-analytics-difficult-to-implement-in-organizations--5146704.htm',
          'https://www.transtutors.com/questions/what-are-the-main-ideas-behind-easterly-s-arguments-about-the-ineffectiveness-of-for-5146703.htm',
          'https://www.transtutors.com/questions/what-is-the-main-idea-behind-harrod-domar-growth-model-what-does-it-say-about-the-re-5146702.htm',
          'https://www.transtutors.com/questions/what-is-the-main-difference-between-keynes-and-hayek-is-it-possible-that-both-econom-5146701.htm',
          'https://www.transtutors.com/questions/macroeconomic-use-the-dynamic-ad-as-model-to-explain-circumstances-by-which-producti-5146699.htm',
          'https://www.transtutors.com/questions/macroeconomic-use-the-dynamic-ad-as-model-to-explain-the-circumstances-under-which-e-5146698.htm',
          'https://www.transtutors.com/questions/macroeconomic-use-the-dynamic-ad-as-model-to-explain-the-circumstances-under-which-c-5146697.htm',
          'https://www.transtutors.com/questions/macroeconomic-a-use-the-aggregate-expenditure-ae-model-to-explain-the-concept-of-equ-5146696.htm',
          'https://www.transtutors.com/questions/macroeconomic-explain-why-long-run-aggregate-supply-is-vertical-at-a-particular-leve-5146695.htm',
          'https://www.transtutors.com/questions/macroeconomic-use-the-foreign-exchange-model-to-explain-the-impact-of-an-increase-in-5146694.htm',
          'https://www.transtutors.com/questions/what-does-m-stand-for-in-smart-objectives-explain-and-provide-two-examples-of-object-5146693.htm',
          'https://www.transtutors.com/questions/luyu-al-uusi-is-minimized-in-long-run-equilibrium-for-a-monopolistically-competitive-5146692.htm',
          'https://www.transtutors.com/questions/lp-formulation-write-the-constraint-to-formulate-b-and-c-are-contingent-on-a-5146691.htm',
          'https://www.transtutors.com/questions/lp-formulation-a-needs-75-000-investment-and-expected-to-provide-pw-15-000-b-needs-5-5146690.htm',
          'https://www.transtutors.com/questions/lp-formulation-a-needs-75-000-investment-and-expected-to-provide-pw-15-000-b-needs-5-5146689.htm',
          'https://www.transtutors.com/questions/does-lobbying-always-harm-legislation-or-can-lobbying-improve-it--5146688.htm',
          'https://www.transtutors.com/questions/i-am-in-exam-please-help-fast-liuss-assignment-problem-1-10-points-use-the-productio-5146687.htm',
          'https://www.transtutors.com/questions/liquidity-crisis-water-scarcity-anonymous-the-economist-london-vol-421-iss-9014-nov--5146686.htm',
          'https://www.transtutors.com/questions/liquidity-crisis-water-scarcity-anonymous-the-economie-london-vol-14-nov-abstract-fu-5146685.htm',
          'https://www.transtutors.com/questions/a-liquidation-preference-clause-allows-for-preferred-stockholders-to-claim-the-compa-5146684.htm',
          'https://www.transtutors.com/questions/linda-has-a-weekly-budget-of-100-to-spend-on-two-goods-x-and-y-good-x-costs-10-each--5146683.htm',
          'https://www.transtutors.com/questions/lin-has-the-following-utility-function-u-x-x-xax-1-a-the-marginal-utilities-are-1212-5146682.htm',
          'https://www.transtutors.com/questions/let-39-s-go-back-to-your-rich-long-lost-uncle-who-passed-away-and-left-you-50-000-do-5146681.htm',
          'https://www.transtutors.com/questions/let-s-be-a-geometric-brownian-motion-process-stsoe-r-where-r-0-04-a-0-25-so-90-w-is--5146680.htm',
          'https://www.transtutors.com/questions/if-the-launch-of-yogurt-skus-in-grocery-stores-involved-an-excellent-communications--5146679.htm',
          'https://www.transtutors.com/questions/the-laffer-curve-shows-that-tax-revenue-is-maximized-at-multiple-tax-rates-tax-reven-5146678.htm',
          'https://www.transtutors.com/questions/fill-the-numbers-labor-input-total-product-marginal-product-average-product-70-2-160-5146677.htm',
          'https://www.transtutors.com/questions/label-the-statements-regarding-the-patient-protection-and-affordable-care-act-aca-as-5146676.htm',
          'https://www.transtutors.com/questions/how-does-the-knowledge-of-price-elasticity-of-demand-useful-for-a-pizza-seller-8-mar-5146675.htm',
          'https://www.transtutors.com/questions/as-you-know-the-government-through-various-tax-cuts-and-spending-programs-sometimes--5146674.htm',
          'https://www.transtutors.com/questions/if-you-know-the-average-variable-cost-of-50-units-and-the-average-variable-cost-of-5-5146673.htm',
          'https://www.transtutors.com/questions/both-the-kirby-lumber-and-glenshaw-glass-dealt-with-which-of-the-following--5146672.htm',
          'https://www.transtutors.com/questions/keynesian-liberalism-would-argue-that-economic-crises-require-1-while-classical-libe-5146671.htm',
          'https://www.transtutors.com/questions/keynes-was-in-favor-of-a-somewhat-comprehensive-socialization-of-investment-governme-5146670.htm',
          'https://www.transtutors.com/questions/why-did-keynes-criticize-estate-inheritance-taxes-he-argued-that-increasing-estate-t-5146669.htm',
          'https://www.transtutors.com/questions/keynes-believed-the-reforms-he-proposed-were-necessary-because-these-reforms-would-o-5146668.htm',
          'https://www.transtutors.com/questions/the-key-national-differences-in-economic-policy-in-the-16th-and-17th-european-nation-5146667.htm',
          'https://www.transtutors.com/questions/kent-sells-lemonade-in-a-competitive-market-on-a-busy-street-corner-his-production-f-5146666.htm',
          'https://www.transtutors.com/questions/ked-out-of-2-what-does-the-p-flag-height-of-the-question-what-does-the-demand-choose-5146665.htm'],
 'project': ['trans'],
 'referring_link': ['https://www.transtutors.com/questions/economics/147/'],
 'spider': ['trans_links']}
2020-02-05 23:30:15 [scrapy.core.engine] DEBUG: Crawled (200) <GET https://www.transtutors.com/questions/economics/149/> (referer: https://www.google.com/) ['cached']
2020-02-05 23:30:15 [scrapy.core.scraper] DEBUG: Scraped from <200 https://www.transtutors.com/questions/economics/148/>
{'category': ['economy'],
 'date': [datetime.datetime(2020, 2, 5, 23, 30, 15, 215732)],
 'link': ['https://www.transtutors.com/questions/kailey-ross-an-corrine-want-to-start-a-vegan-ice-cream-company-corrine-and-ross-will-5146664.htm',
          'https://www.transtutors.com/questions/microeconomics-problem-john-is-a-worker-earning-a-wage-w-brings-him-utility-of-money-5146663.htm',
          'https://www.transtutors.com/questions/microeconomics-john-is-a-worker-earning-a-wage-w-brings-him-utility-of-money-and-als-5146662.htm',
          'https://www.transtutors.com/questions/john-wintermute-told-his-co-worker-alex-dean-that-he-was-planning-to-write-a-song-ab-5146661.htm',
          'https://www.transtutors.com/questions/john-produces-table-lamps-in-the-perfectly-competitive-desk-lamp-market-suppose-the--5146660.htm',
          'https://www.transtutors.com/questions/john-produces-table-lamps-in-the-perfectly-competitive-desk-lamp-market-fill-in-the--5146659.htm',
          'https://www.transtutors.com/questions/the-job-market-in-the-auto-industry-is-in-equilibrium-workers-are-indifferent-betwee-5146658.htm',
          'https://www.transtutors.com/questions/jerry-spends-10-a-month-on-pet-dispensers-and-superman-action-figures-his-marginal-u-5146657.htm',
          'https://www.transtutors.com/questions/iv-short-essay-questions-read-each-problem-answer-stating-a-decision-laining-the-rat-5146656.htm',
          'https://www.transtutors.com/questions/i-want-to-solve-queistion-2-to-4-thanks-that-will-be-really-apreciate-you-introducti-5146655.htm',
          'https://www.transtutors.com/questions/international-trade-in-class-worksheet-3-this-question-examines-the-market-for-banan-5146654.htm',
          'https://www.transtutors.com/questions/international-trade-in-class-worksheet-1-this-question-examines-the-market-for-smart-5146653.htm',
          'https://www.transtutors.com/questions/instructions-locate-and-retrieve-the-most-current-ranking-of-the-best-global-brands--5146652.htm',
          'https://www.transtutors.com/questions/i-need-help-on-graph-and-the-surplus-questions-instructions-in-the-graph-below-use-t-5146651.htm',
          'https://www.transtutors.com/questions/instructions-discuss-public-policy-towards-monopolies-compare-the-ways-in-which-poli-5146650.htm',
          'https://www.transtutors.com/questions/what-is-innovation-and-does-u-s-innovation-help-u-s-workers--5146649.htm',
          'https://www.transtutors.com/questions/in-your-initial-post-please-address-the-following-describe-a-situation-either-person-5146648.htm',
          'https://www.transtutors.com/questions/indicate-whether-true-or-false-a-in-perfect-competition-price-is-equal-to-marginal-r-5146647.htm',
          'https://www.transtutors.com/questions/indicate-whether-true-or-false-a-average-total-cost-is-minized-in-long-run-equilibri-5146646.htm',
          'https://www.transtutors.com/questions/which-is-not-an-increasing-aspect-of-the-federal-budget-social-security-medicare-man-5146645.htm',
          'https://www.transtutors.com/questions/an-increase-in-interest-rates-is-one-of-the-causes-of-the-great-recession-t-or-f-a-n-5146644.htm',
          'https://www.transtutors.com/questions/what-is-the-importance-and-significance-of-the-council-of-economic-advisors-in-this--5146643.htm',
          'https://www.transtutors.com/questions/imagine-an-investor-is-contemplating-a-stock-which-has-a-beta-compared-to-the-market-5146642.htm',
          'https://www.transtutors.com/questions/illustrate-a-typical-monopolistically-competitive-firm-in-short-run-equilibrium-with-5146641.htm',
          'https://www.transtutors.com/questions/illustrate-a-typical-monopolistically-competitive-firm-in-short-run-equilibrium-with-5146640.htm',
          'https://www.transtutors.com/questions/ilearn-laccd-edu-human-b-why-should-we-care-about-species-learn-science-a-quiz-homew-5146639.htm',
          'https://www.transtutors.com/questions/ilearn-laccd-edu-why-should-we-care-about-species-learn-science-a-question-7-quiz-ho-5146638.htm',
          'https://www.transtutors.com/questions/ilearn-laccd-edu-anthro-101-human-b-why-should-we-care-about-species-learn-science-a-5146637.htm',
          'https://www.transtutors.com/questions/please-answer-complete-question-iiiiiiij-ij-the-case-the-high-cost-of-a-nutritious-d-5146636.htm',
          'https://www.transtutors.com/questions/ii-please-fill-in-the-blanks-2-39-x10-20-39-1-in-most-cultures-some-topics-are-not-s-5146635.htm',
          'https://www.transtutors.com/questions/ii-case-35-25-60points-1-with-approximately-627-000-employees-in-total-the-volkswage-5146634.htm',
          'https://www.transtutors.com/questions/identify-the-three-more-important-influencers-on-consumption-expenditures-and-discus-5146633.htm',
          'https://www.transtutors.com/questions/identify-the-problems-of-measuring-cost-of-living-using-this-method-and-explain-why--5146632.htm',
          'https://www.transtutors.com/questions/identify-and-discuss-two-of-the-main-changing-demographics-of-the-global-economy--5146631.htm',
          'https://www.transtutors.com/questions/identify-how-china-is-both-positively-and-negatively-impacted-by-the-us-china-trade--5146630.htm',
          'https://www.transtutors.com/questions/identify-what-you-believe-would-be-the-three-easiest-and-the-three-most-difficult-el-5146629.htm',
          'https://www.transtutors.com/questions/human-b-why-should-we-care-about-species-learn-science-a-question-14-quiz-homework-3-5146628.htm',
          'https://www.transtutors.com/questions/a-honda-and-toyota-are-two-car-companies-that-are-contemplating-whether-to-invest-i-5146627.htm',
          'https://www.transtutors.com/questions/homework-hw-ch-13-score-0-of-1-pt-end-of-chapter-1-6-32-of-40-27-complete-hw-scom-co-5146626.htm',
          'https://www.transtutors.com/questions/a-home-39-s-demand-curve-for-wheat-is-d-100-20p-its-supply-curve-is-s-20-20p-derive--5146625.htm',
          'https://www.transtutors.com/questions/choose-right-answer-hih-be-2019-2020-0-0-wit-a2-nll-intercultural-business-communica-5146624.htm',
          'https://www.transtutors.com/questions/high-fee-rate-for-international-students-what-are-its-effects-on-students-and-the-so-5146623.htm',
          'https://www.transtutors.com/questions/hi-the-questions-i-have-uploaded-it-39-s-from-book-just-took-photos-and-send-it-i-do-5146622.htm',
          'https://www.transtutors.com/questions/hey-could-someone-please-answer-this-in-regards-to-part-f-that-is-the-part-of-the-qu-5146621.htm',
          'https://www.transtutors.com/questions/hello-i-cannot-find-the-answer-for-this-questions-problem-3-signaling-game-market-fo-5146620.htm',
          'https://www.transtutors.com/questions/the-hayes-company-is-composed-of-a-marketing-division-and-a-production-division-the-5146619.htm',
          'https://www.transtutors.com/questions/question-c-preferably-done-in-excel-format-hal-grade-for-econ-202-you-are-expected-t-5146618.htm',
          'https://www.transtutors.com/questions/the-graphs-below-show-the-production-possibilities-frontiers-for-grapes-and-lemons-i-5146617.htm',
          'https://www.transtutors.com/questions/graphically-show-the-case-when-a-fall-in-the-discount-rate-leads-to-a-change-in-the--5146616.htm',
          'https://www.transtutors.com/questions/the-graph-below-shows-the-market-for-tires-in-the-united-states-a-nation-that-is-ope-5146615.htm'],
 'project': ['trans'],
 'referring_link': ['https://www.transtutors.com/questions/economics/148/'],
 'spider': ['trans_links']}
2020-02-05 23:30:15 [scrapy.core.engine] DEBUG: Crawled (200) <GET https://www.transtutors.com/questions/economics/150/> (referer: https://www.google.com/) ['cached']
2020-02-05 23:30:15 [scrapy.core.scraper] DEBUG: Scraped from <200 https://www.transtutors.com/questions/economics/149/>
{'category': ['economy'],
 'date': [datetime.datetime(2020, 2, 5, 23, 30, 15, 393145)],
 'link': ['https://www.transtutors.com/questions/the-above-graph-represents-the-cost-and-demand-constraints-of-a-perfectly-competitiv-5146614.htm',
          'https://www.transtutors.com/questions/governments-often-run-budget-deficits-when-government-spending-is-greater-than-gover-5146613.htm',
          'https://www.transtutors.com/questions/when-the-government-uses-a-command-and-control-policy-to-solve-an-externality-it-sel-5146612.htm',
          'https://www.transtutors.com/questions/the-government-decides-to-limit-the-rent-that-can-be-requested-for-housing-in-a-part-5146611.htm',
          'https://www.transtutors.com/questions/goto-billions-mdurable-goods-nonresidential-inves-tment-federal-purchases-of-goods-e-5146609.htm',
          'https://www.transtutors.com/questions/globalization-has-the-potential-to-be-a-polarizing-subject-as-it-may-allow-for-incre-5146608.htm',
          'https://www.transtutors.com/questions/given-the-increasing-role-expectations-play-in-shaping-the-effectiveness-of-economic-5146607.htm',
          'https://www.transtutors.com/questions/given-the-following-information-please-answer-the-following-questions-the-long-run-p-5146606.htm',
          'https://www.transtutors.com/questions/given-the-following-information-about-a-firm-under-perfect-competition-the-price-of--5146605.htm',
          'https://www.transtutors.com/questions/given-the-data-in-table-below-real-gdp-consumption-planned-government-net-investment-5146604.htm',
          'https://www.transtutors.com/questions/give-a-few-examples-of-a-recent-product-recall-pick-one-and-discuss-how-the-company--5146603.htm',
          'https://www.transtutors.com/questions/give-a-central-idea-for-bacism-in-concentration-outline-camps-give-a-informative-as--5146602.htm',
          'https://www.transtutors.com/questions/is-the-gdp-still-accurate-in-the-digital-age-gdp-is-the-sum-of-all-income-earned-in--5146601.htm',
          'https://www.transtutors.com/questions/why-is-the-gdp-per-capita-predicted-by-the-solow-model-for-several-developing-countr-5146600.htm',
          'https://www.transtutors.com/questions/gdp-has-grown-in-a-country-at-3-per-year-for-the-last-20-years-the-labor-force-has-g-5146599.htm',
          'https://www.transtutors.com/questions/this-is-the-full-questions-from-1-to-7-is-questions-and-from-a-to-l-you-have-to-answ-5146598.htm',
          'https://www.transtutors.com/questions/there-is-frequent-confusion-about-the-terms-asymmetric-information-moral-hazard-and--5146597.htm',
          'https://www.transtutors.com/questions/in-a-fractional-reserve-banking-system-banks-are-able-to-create-money-when-excess-re-5146596.htm',
          'https://www.transtutors.com/questions/there-are-four-consumers-willing-to-pay-the-following-amounts-for-an-electric-car-co-5146595.htm',
          'https://www.transtutors.com/questions/you-have-to-formulate-the-investment-problem-as-a-lp-model-where-you-have-3-alternat-5146594.htm',
          'https://www.transtutors.com/questions/the-formula-risk-free-rate-beta-market-return-risk-free-rate-is-capital-asset-pricin-5146593.htm',
          'https://www.transtutors.com/questions/which-of-the-following-is-wrong-in-adam-smith-39-s-opinion-a-good-tax-system-should--5146592.htm',
          'https://www.transtutors.com/questions/which-of-the-following-would-indicate-that-a-distribution-is-likely-to-be-left-skewe-5146591.htm',
          'https://www.transtutors.com/questions/which-of-the-following-would-cause-the-aggregate-demand-curve-to-shift-to-the-right--5146590.htm',
          'https://www.transtutors.com/questions/which-of-the-following-verbal-contracts-would-not-be-binding-under-the-statute-of-fr-5146589.htm',
          'https://www.transtutors.com/questions/which-of-the-following-is-true-about-the-quot-paradox-of-thrift-quot-select-all-that-5146588.htm',
          'https://www.transtutors.com/questions/which-of-the-following-is-true-of-ethics-or-ethical-behavior-ethical-behavior-is-the-5146587.htm',
          'https://www.transtutors.com/questions/which-of-the-following-is-true-of-ethics-or-ethical-behavior-ethical-behavior-is-the-5146585.htm',
          'https://www.transtutors.com/questions/which-of-the-following-tax-collection-claims-is-incorrect-choose-one-a-the-loss-of-w-5146584.htm',
          'https://www.transtutors.com/questions/a-the-following-tables-gives-you-the-cost-schedule-fora-firm-producing-sugar-calcula-5146583.htm',
          'https://www.transtutors.com/questions/a-the-following-tables-gives-you-the-cost-schedule-fora-firm-producing-sugar-calcula-5146582.htm',
          'https://www.transtutors.com/questions/the-following-table-shows-supply-and-demand-schedules-for-the-british-pound-assume-t-5146581.htm',
          'https://www.transtutors.com/questions/the-following-table-shows-the-number-of-calculators-that-can-be-assembled-per-week-b-5146580.htm',
          'https://www.transtutors.com/questions/the-following-table-shows-madison-39-s-utility-from-consuming-popcorn-and-coke-suppo-5146579.htm',
          'https://www.transtutors.com/questions/the-following-table-shows-the-demand-curve-facing-a-monopolist-who-produces-at-a-con-5146578.htm',
          'https://www.transtutors.com/questions/the-following-table-gives-hypothetical-dollar-franc-exchange-values-for-wednesday-ma-5146577.htm',
          'https://www.transtutors.com/questions/he-following-suppiy-giver-funch-on-p-a-3-find-producers-surplus-at-the-equiibrivm-po-5146576.htm',
          'https://www.transtutors.com/questions/which-of-the-following-statements-is-true-a-the-proper-scope-of-antitrust-laws-is-we-5146575.htm',
          'https://www.transtutors.com/questions/which-of-the-following-statements-about-a-natural-monopoly-is-true-0-average-total-c-5146574.htm',
          'https://www.transtutors.com/questions/which-of-the-following-statements-is-are-correct-x-in-order-to-be-successful-a-carte-5146573.htm',
          'https://www.transtutors.com/questions/which-of-the-following-statements-is-are-correct-a-the-organization-of-petroleum-exp-5146572.htm',
          'https://www.transtutors.com/questions/which-of-the-following-statements-is-most-accurate-about-the-occupations-projected-t-5146571.htm',
          'https://www.transtutors.com/questions/the-following-shows-the-marginal-cost-schedule-of-a-competitive-firm-suppose-the-fir-5146570.htm',
          'https://www.transtutors.com/questions/the-following-shows-the-cost-schedules-of-a-competitive-firm-in-a-constant-cost-indu-5146569.htm',
          'https://www.transtutors.com/questions/which-of-the-following-promotional-techniques-would-be-the-most-effective-in-targeti-5146568.htm',
          'https://www.transtutors.com/questions/which-of-the-following-was-one-of-the-findings-of-the-hawthorne-studies-workers-tend-5146567.htm',
          'https://www.transtutors.com/questions/the-following-graph-shows-the-daily-market-for-small-cardboard-boxes-in-san-diego-su-5146566.htm',
          'https://www.transtutors.com/questions/the-following-graph-represents-the-money-market-in-a-hypothetical-economy-as-in-the--5146565.htm',
          'https://www.transtutors.com/questions/the-following-figure-depicts-the-aggregate-demand-curve-ad-the-short-run-aggregate-s-5146564.htm',
          'https://www.transtutors.com/questions/the-following-figure-depicts-the-aggregate-demand-ad-short-run-aggregate-supply-sras-5146563.htm'],
 'project': ['trans'],
 'referring_link': ['https://www.transtutors.com/questions/economics/149/'],
 'spider': ['trans_links']}
2020-02-05 23:30:15 [scrapy.core.engine] DEBUG: Crawled (200) <GET https://www.transtutors.com/questions/economics/151/> (referer: https://www.google.com/) ['cached']
2020-02-05 23:30:15 [scrapy.core.scraper] DEBUG: Scraped from <200 https://www.transtutors.com/questions/economics/150/>
{'category': ['economy'],
 'date': [datetime.datetime(2020, 2, 5, 23, 30, 15, 541402)],
 'link': ['https://www.transtutors.com/questions/which-of-the-following-is-false-regarding-the-multiplier-a-if-the-expenditure-line-i-5146562.htm',
          'https://www.transtutors.com/questions/which-of-the-following-is-not-an-example-of-merit-good-choose-one-a-repair-of-old-ho-5146561.htm',
          'https://www.transtutors.com/questions/which-of-the-following-is-not-an-example-of-an-excise-tax-cable-television-cigarette-5146560.htm',
          'https://www.transtutors.com/questions/which-of-the-following-events-would-have-as-the-main-effect-to-increase-aggregate-de-5146559.htm',
          'https://www.transtutors.com/questions/the-following-economic-model-predicts-whether-a-voter-will-vote-for-an-incumbent-sch-5146558.htm',
          'https://www.transtutors.com/questions/the-following-economic-model-predicts-whether-a-voter-will-vote-for-an-incumbent-sch-5146557.htm',
          'https://www.transtutors.com/questions/the-following-data-were-obtained-in-an-experiment-designed-to-check-whether-there-is-5146556.htm',
          'https://www.transtutors.com/questions/which-of-the-following-best-defines-a-nation-39-s-labor-force-o-the-total-number-of--5146555.htm',
          'https://www.transtutors.com/questions/which-of-the-following-is-an-assumption-made-in-the-money-creation-process-banks-onl-5146554.htm',
          'https://www.transtutors.com/questions/each-firm-that-sells-its-product-in-a-market-characterized-by-having-considerable-ba-5146553.htm',
          'https://www.transtutors.com/questions/your-firm-owns-an-old-truck-that-is-used-to-make-local-deliveries-the-truck-is-fully-5146552.htm',
          'https://www.transtutors.com/questions/if-the-firm-is-making-a-normal-profit-it-is-making-zero-economic-profit-it-is-making-5146551.htm',
          'https://www.transtutors.com/questions/a-firm-has-a-fixed-cost-of-20-000-in-its-first-year-of-operation-when-the-firm-produ-5146550.htm',
          'https://www.transtutors.com/questions/a-firm-is-considering-three-mutually-exclusive-alternatives-as-part-of-an-upgrade-to-5146549.htm',
          'https://www.transtutors.com/questions/a-firm-is-considering-three-mutually-exclusive-alternatives-as-part-of-an-upgrade-to-5146548.htm',
          'https://www.transtutors.com/questions/find-wacc-equity-cost-is-11-tax-35-debt-cost-4-the-capital-has-50-equity-and-50-debt-5146547.htm',
          'https://www.transtutors.com/questions/find-a-recent-news-story-about-federal-tax-government-spending-proposals-do-the-prop-5146546.htm',
          'https://www.transtutors.com/questions/find-a-news-article-on-the-international-monetary-system-and-give-a-brief-descriptio-5146544.htm',
          'https://www.transtutors.com/questions/find-a-news-article-on-the-global-capital-market-and-give-a-brief-description-of-the-5146543.htm',
          'https://www.transtutors.com/questions/find-a-news-article-on-exporting-importing-and-countertrade-and-give-a-brief-descrip-5146542.htm',
          'https://www.transtutors.com/questions/find-the-federal-poverty-level-for-a-family-of-4-with-2-children-under-the-age-of-18-5146541.htm',
          'https://www.transtutors.com/questions/i-had-to-find-the-derivative-of-the-equation-and-plug-it-into-c-wl-wh-however-i-got--5146540.htm',
          'https://www.transtutors.com/questions/the-figure-below-depicts-the-aggregate-demand-curve-ad-the-short-run-aggregate-suppl-5146539.htm',
          'https://www.transtutors.com/questions/figure-7-solar-panels-usd-quantity-market-for-solar-panels-7-using-the-information-p-5146538.htm',
          'https://www.transtutors.com/questions/figure-68-de-mc-schedules-like-that-in-figure-6-8h-and-increase-the-quantity-of-lb-d-5146537.htm',
          'https://www.transtutors.com/questions/for-figure-12-4-and-the-equations-mac1-200-5e-and-mac2-160-4e-compute-the-cost-savin-5146536.htm',
          'https://www.transtutors.com/questions/figure-11-22-illustrates-the-rental-housing-market-1100-news-housing-rent-6-controle-5146535.htm',
          'https://www.transtutors.com/questions/the-fed-39-s-quot-dual-mandate-quot-is-to-achieve-oa-low-inflation-and-maximum-emplo-5146534.htm',
          'https://www.transtutors.com/questions/so-far-we-have-discussed-economies-with-one-good-lets-complicate-that-setup-a-bit-an-5146533.htm',
          'https://www.transtutors.com/questions/fantastique-bikes-is-a-company-that-manufactures-bikes-in-a-monopolistically-competi-5146532.htm',
          'https://www.transtutors.com/questions/what-factors-must-exist-for-there-to-be-an-efficient-market--5146531.htm',
          'https://www.transtutors.com/questions/what-factors-will-a-court-examine-in-determining-whether-to-make-a-shareholder-direc-5146530.htm',
          'https://www.transtutors.com/questions/that-is-all-the-extra-information-i-can-add-the-whole-question-is-there-the-figure-b-5146529.htm',
          'https://www.transtutors.com/questions/extra-credit-ten-points-in-an-economy-there-is-a-labor-force-of-72-210-and-there-are-5146528.htm',
          'https://www.transtutors.com/questions/what-do-externalities-cause-markets-to-do-select-one-cause-markets-to-operate-more-e-5146527.htm',
          'https://www.transtutors.com/questions/explain-usefulness-of-price-elasticity-knowledge-to-three-3-parties-12-marks--5146526.htm',
          'https://www.transtutors.com/questions/a-explain-the-term-of-price-elasticity-of-demand-income-elasticity-of-demand-and-cro-5146525.htm',
          'https://www.transtutors.com/questions/can-you-explain-please-no-1-how-can-we-get-change-in-invesment-no-2-3-what-does-each-5146524.htm',
          'https://www.transtutors.com/questions/a-explain-the-impact-of-exchange-rate-changes-on-exports-and-imports-b-suggest-four--5146523.htm',
          'https://www.transtutors.com/questions/explain-the-impact-of-exchange-rate-changes-on-exports-and-imports-8-marks-suggest-w-5146522.htm',
          'https://www.transtutors.com/questions/explain-the-different-factors-that-shift-the-labor-supply-and-labor-demand-curves-ho-5146521.htm',
          'https://www.transtutors.com/questions/how-can-we-explain-how-a-companies-revenue-can-be-related-to-the-general-state-of-th-5146520.htm',
          'https://www.transtutors.com/questions/exhibit-1-demand-for-seven-star-number-of-cartons-sold-year-2006-2007-2008-jan-742-7-5146519.htm',
          'https://www.transtutors.com/questions/exercises-for-tuesday-dec-10-morning-first-part-please-try-to-solve-them-at-home-pos-5146518.htm',
          'https://www.transtutors.com/questions/exercise-2-mowasalat-is-considering-between-two-alternatives-for-purchasing-sensors--5146517.htm',
          'https://www.transtutors.com/questions/examine-the-use-of-auctions-by-businesses-go-to-any-online-auction-of-your-choosing--5146516.htm',
          'https://www.transtutors.com/questions/examine-the-use-of-auctions-by-businesses-go-to-any-online-auction-of-your-choosing--5146515.htm',
          'https://www.transtutors.com/questions/examine-the-use-of-auctions-by-businesses-go-to-any-online-auction-of-your-choosing--5146514.htm',
          'https://www.transtutors.com/questions/european-nations-in-the-16th-and-17th-century-sought-to-raise-revenues-in-order-to-m-5146513.htm',
          'https://www.transtutors.com/questions/the-estimated-negative-cash-flows-for-three-design-alternatives-are-shown-below-the--5146512.htm'],
 'project': ['trans'],
 'referring_link': ['https://www.transtutors.com/questions/economics/150/'],
 'spider': ['trans_links']}
2020-02-05 23:30:15 [scrapy.core.engine] DEBUG: Crawled (200) <GET https://www.transtutors.com/questions/economics/152/> (referer: https://www.google.com/) ['cached']
2020-02-05 23:30:15 [scrapy.core.scraper] DEBUG: Scraped from <200 https://www.transtutors.com/questions/economics/151/>
{'category': ['economy'],
 'date': [datetime.datetime(2020, 2, 5, 23, 30, 15, 728430)],
 'link': ['https://www.transtutors.com/questions/essay-on-july-1-1993-the-day-of-his-tenth-birthday-juan-lost-the-sight-in-his-right--5146511.htm',
          'https://www.transtutors.com/questions/what-is-the-equivalent-aw-of-a-two-year-contract-that-pays-6-000-at-the-beginning-of-5146510.htm',
          'https://www.transtutors.com/questions/an-english-professor-assigns-letter-grades-on-a-test-according-to-the-following-sche-5146509.htm',
          'https://www.transtutors.com/questions/at-the-end-of-world-war-i-the-treaty-of-versailles-imposed-an-indemnity-on-germany-a-5146508.htm',
          'https://www.transtutors.com/questions/encik-azlan-is-the-newly-appointed-health-and-safety-manager-for-a-regional-manufact-5146507.htm',
          'https://www.transtutors.com/questions/employed-unemployed-not-in-the-labor-force-11-000-people-2-500-people-3-000-people-t-5146506.htm',
          'https://www.transtutors.com/questions/elaborate-the-main-determinants-of-demand-8-marks-suggest-ways-the-owner-of-a-restau-5146505.htm',
          'https://www.transtutors.com/questions/ecos002-development-econemics-tuterial-oeestinns-w10-57-2013-chapter-13-ray-d-1998-d-5146504.htm',
          'https://www.transtutors.com/questions/an-economy-is-described-by-the-following-equations-c-1800-0-6yd-p-900-g-1500-nx-100--5146503.htm',
          'https://www.transtutors.com/questions/why-do-economists-generally-prefer-revealed-preference-approaches-to-environmental-b-5146501.htm',
          'https://www.transtutors.com/questions/how-economists-choice-the-best-way-between-efficiency-and-inequility--5146500.htm',
          'https://www.transtutors.com/questions/what-are-the-economic-and-social-consequences-of-the-opioid-epidemic-among-young-peo-5146499.htm',
          'https://www.transtutors.com/questions/does-economic-growth-always-bring-economic-development-name-some-of-the-countries-wh-5146498.htm',
          'https://www.transtutors.com/questions/econ-402-hw-6-2-auctions-first-price-vs-secondprice-10-points-fill-in-the-blanks-in--5146497.htm',
          'https://www.transtutors.com/questions/econ-121-fall-2019-6776-online-homework-hw-ch-13-score-0-of-1-pt-29-of-40-27-complet-5146496.htm',
          'https://www.transtutors.com/questions/how-can-i-eastimate-a-mincer-earning-function-in-r-thanks-in-advance--5146495.htm',
          'https://www.transtutors.com/questions/most-early-environmental-regulations-in-the-united-states-were-technology-forcing-be-5146494.htm',
          'https://www.transtutors.com/questions/in-the-early-1800s-the-right-to-vote-in-the-uk-was-limited-to-ob-oc-od-male-property-5146493.htm',
          'https://www.transtutors.com/questions/e4b-class-2-when-you-graduate-from-the-university-what-is-your-short-or-long-time-pl-5146492.htm',
          'https://www.transtutors.com/questions/e-viure-sure-y-creat-4-which-of-the-following-is-true-of-the-market-allocation-of-re-5146491.htm',
          'https://www.transtutors.com/questions/dulu-pilulului-j-o-uduit-ycd-2-dul-llau-luu-ui-uuu-iii-yeal-3-and-50-billion-in-year-5146490.htm',
          'https://www.transtutors.com/questions/drexel-manufacturing-employs-a-work-study-student-who-has-taken-opr-601-the-student--5146489.htm',
          'https://www.transtutors.com/questions/a-disgruntled-employee-steals-a-removable-disk-drive-from-his-boss-the-day-he-was-fi-5146488.htm',
          'https://www.transtutors.com/questions/discussed-the-preparation-of-a-break-even-analysis-for-business-plan-projects-that-g-5146487.htm',
          'https://www.transtutors.com/questions/quot-discuss-whether-free-market-is-necessarily-efficient-give-some-examples-to-ill-5146486.htm',
          'https://www.transtutors.com/questions/quot-discuss-whether-free-market-is-necessarily-efficient-give-some-examples-to-ill-5146485.htm',
          'https://www.transtutors.com/questions/discuss-the-statement-quot-from-1945-to-1989-communism-served-as-the-lid-on-the-pot--5146484.htm',
          'https://www.transtutors.com/questions/discuss-the-relationship-between-real-gdp-and-the-inflation-rate--5146483.htm',
          'https://www.transtutors.com/questions/discuss-the-market-outcome-of-a-tariff-how-does-it-affect-the-market-participants-wh-5146482.htm',
          'https://www.transtutors.com/questions/discuss-the-market-outcome-of-a-tariff-how-does-it-affect-the-market-participants-wh-5146481.htm',
          'https://www.transtutors.com/questions/discuss-the-economic-effects-of-a-rise-in-the-exchange-rate-on-malaysia-s-manufactur-5146480.htm',
          'https://www.transtutors.com/questions/discuss-the-economic-5-effects-of-a-rise-in-the-exchange-rate-on-manufacturing-secto-5146479.htm',
          'https://www.transtutors.com/questions/when-different-terms-exist-in-an-offer-and-an-acceptance-courts-may-apply-the-knocko-5146478.htm',
          'https://www.transtutors.com/questions/there-are-differences-between-the-characteristics-of-a-perfectly-competitive-market--5146477.htm',
          'https://www.transtutors.com/questions/the-diagram-below-shows-a-n-gap-and-point-indicates-short-run-equilibrium-for-this-g-5146476.htm',
          'https://www.transtutors.com/questions/in-a-diagram-with-the-inflation-rate-on-the-vertical-axis-and-the-real-growth-rate-o-5146475.htm',
          'https://www.transtutors.com/questions/determine-whether-the-following-statements-about-a-perfectly-competitive-market-are--5146474.htm',
          'https://www.transtutors.com/questions/determine-the-fw-of-the-following-engineering-project-when-the-marr-is-13-per-year-i-5146473.htm',
          'https://www.transtutors.com/questions/describe-the-main-components-of-the-balance-of-payments-why-does-the-balance-of-paym-5146472.htm',
          'https://www.transtutors.com/questions/the-demand-for-a-good-x-is-estimated-to-be-q-x-22-000-2-5p-x-4p-y-1m-1-5a-x-where-a--5146471.htm',
          'https://www.transtutors.com/questions/the-demand-equation-for-mobile-phone-is-p-150-0-1q-while-the-supply-equation-for-mob-5146470.htm',
          'https://www.transtutors.com/questions/define-the-short-run-phillips-curve-discuss-how-the-phillips-curve-might-behave-if-t-5146469.htm',
          'https://www.transtutors.com/questions/define-relationship-marketing-in-your-own-words-in-elaborating-on-your-definition-ex-5146468.htm',
          'https://www.transtutors.com/questions/define-a-parable-for-the-modern-economy-discuss-comparative-advantage-the-driving-fo-5146467.htm',
          'https://www.transtutors.com/questions/define-each-of-the-following-terms-1-pareto-efficiency-2-marginal-rate-of-substituti-5146466.htm',
          'https://www.transtutors.com/questions/define-the-concept-of-production-function-and-explain-why-production-function-is-use-5146465.htm',
          'https://www.transtutors.com/questions/define-the-concept-of-early-deindustrialization-and-discuss-how-it-will-affect-the-l-5146464.htm',
          'https://www.transtutors.com/questions/decreased-by-20-billion-question-8-1-75-point-which-of-the-following-is-not-a-signif-5146463.htm',
          'https://www.transtutors.com/questions/declare-whether-each-below-is-true-or-false-if-you-say-false-for-any-statement-you-m-5146462.htm',
          'https://www.transtutors.com/questions/the-decision-making-process-in-management-includes-all-but-identifying-alternatives--5146461.htm'],
 'project': ['trans'],
 'referring_link': ['https://www.transtutors.com/questions/economics/151/'],
 'spider': ['trans_links']}
2020-02-05 23:30:15 [scrapy.core.engine] DEBUG: Crawled (200) <GET https://www.transtutors.com/questions/economics/153/> (referer: https://www.google.com/) ['cached']
2020-02-05 23:30:15 [scrapy.core.scraper] DEBUG: Scraped from <200 https://www.transtutors.com/questions/economics/152/>
{'category': ['economy'],
 'date': [datetime.datetime(2020, 2, 5, 23, 30, 15, 906250)],
 'link': ['https://www.transtutors.com/questions/de-deficit-occurs-when-a-a-country-39-s-firms-open-more-stores-abroad-than-foreign-f-5146460.htm',
          'https://www.transtutors.com/questions/daylight-saving-time-daylight-saving-time-dst-begins-for-most-of-the-united-states-a-5146459.htm',
          'https://www.transtutors.com/questions/help-me-economics-problem-at-date-0-an-entrepreneur-needs-to-borrow-i-0-1-from-a-len-5146458.htm',
          'https://www.transtutors.com/questions/economics-problem-at-date-0-an-entrepreneur-needs-to-borrow-i-0-1-from-a-lender-to-s-5146457.htm',
          'https://www.transtutors.com/questions/microeconomics-problem-at-date-0-an-entrepreneur-needs-to-borrow-i-0-1-from-a-lender-5146456.htm',
          'https://www.transtutors.com/questions/can-someone-solve-it-please-dad-das-model-the-dynamic-aggregate-demand-curve-is-give-5146455.htm',
          'https://www.transtutors.com/questions/d-question-4-2-pts-suppose-the-california-legislature-passed-a-huge-package-of-added-5146454.htm',
          'https://www.transtutors.com/questions/d-question-2-4-pts-which-of-the-following-is-not-the-central-requirement-for-passing-5146453.htm',
          'https://www.transtutors.com/questions/d-none-of-these-is-true-3-marginal-cost-is-a-the-total-cost-a-firm-will-incur-by-pro-5146452.htm',
          'https://www.transtutors.com/questions/d-as-the-difference-between-the-current-year-39-s-gdp-and-last-year-39-s-gdp-12-whic-5146451.htm',
          'https://www.transtutors.com/questions/d-consider-an-economy-in-which-corn-is-a-staple-food-consumed-by-all-consumers-the--5146450.htm',
          'https://www.transtutors.com/questions/currently-sam-and-carla-have-the-only-taxi-services-in-a-small-town-both-sam-and-car-5146449.htm',
          'https://www.transtutors.com/questions/the-cretan-kings-beer-company-situated-in-rethymno-is-selling-its-products-in-both-r-5146448.htm',
          'https://www.transtutors.com/questions/how-are-countries-compared-in-terms-of-their-economic-development-discuss--5146447.htm',
          'https://www.transtutors.com/questions/for-the-cost-function-c-90-870-2w-0-6-symbol-meaning-as-in-class-check-if-the-follow-5146446.htm',
          'https://www.transtutors.com/questions/cost-c-q-2-marginal-cost-mc-2q-emission-e-2q-tax-2-e-perfectly-competitive-firm-gt-m-5146445.htm',
          'https://www.transtutors.com/questions/the-consumer-price-index-2013-2014-based-index-of-feb-2015-was-127-and-the-consumer--5146444.htm',
          'https://www.transtutors.com/questions/the-constant-returns-to-scale-ces-production-function-q-kp-1p-1-p-has-the-following--5146443.htm',
          'https://www.transtutors.com/questions/you-are-considering-buying-a-10-000-bond-with-a-bond-rate-of-5-paying-once-per-year--5146442.htm',
          'https://www.transtutors.com/questions/consider-two-cities-each-of-which-initially-experiences-100-tons-of-pollution-per-da-5146441.htm',
          'https://www.transtutors.com/questions/consider-the-stackelberg-model-in-which-firm-1-is-the-leader-and-firm-2-is-the-follo-5146440.htm',
          'https://www.transtutors.com/questions/consider-a-small-open-economy-beta-which-imports-oil-for-its-own-consumption-and-als-5146439.htm',
          'https://www.transtutors.com/questions/consider-singapore-dollar-s-and-malaysia-ringgit-rm-and-define-the-exchange-rate-as--5146438.htm',
          'https://www.transtutors.com/questions/consider-a-simple-exchange-economy-consisting-of-m-individuals-two-commodities-and-m-5146437.htm',
          'https://www.transtutors.com/questions/consider-a-producer-of-rice-this-company-owns-rice-fields-in-different-parts-of-a-co-5146436.htm',
          'https://www.transtutors.com/questions/consider-a-perfectly-competitive-labor-market-in-which-the-demand-for-laboris-olven--5146435.htm',
          'https://www.transtutors.com/questions/consider-a-market-for-cardboard-boxes-assume-that-the-firms-face-the-following-marke-5146434.htm',
          'https://www.transtutors.com/questions/consider-the-local-cable-company-a-natural-monopoly-the-following-graph-shows-the-mo-5146433.htm',
          'https://www.transtutors.com/questions/consider-an-individual-firm-making-decisions-with-respect-to-current-employment-of-l-5146432.htm',
          'https://www.transtutors.com/questions/consider-the-following-hypothetical-example-of-a-boat-building-firm-the-total-fixed--5146431.htm',
          'https://www.transtutors.com/questions/consider-the-following-economy-c-3200-0-8yd-x-1200-c-3200-0-8yd-1-3000-200-i-3000-m--5146430.htm',
          'https://www.transtutors.com/questions/consider-the-following-closed-economy-m-700-l-r-y-y-20r-g-450-t-0-3y-i-200-6--5146429.htm',
          'https://www.transtutors.com/questions/consider-a-firm-with-a-production-function-of-the-following-form-f-l-k-l-1-4-k-1-2-2-5146428.htm',
          'https://www.transtutors.com/questions/consider-the-equilibrium-condition-for-the-asset-market-y-r-re-using-this-condition--5146427.htm',
          'https://www.transtutors.com/questions/consider-an-economy-with-two-industries-industry-a-and-industry-b-with-the-following-5146426.htm',
          'https://www.transtutors.com/questions/consider-an-economy-with-two-agents-and-two-goods-the-endowments-are-e1-1-9-and-e2-9-5146425.htm',
          'https://www.transtutors.com/questions/consider-an-economy-with-two-agents-and-two-goods-the-endowments-are-e1-1-9-and-e2-9-5146424.htm',
          'https://www.transtutors.com/questions/consider-an-economy-in-which-there-is-a-morning-period-and-an-afternoon-period-there-5146423.htm',
          'https://www.transtutors.com/questions/consider-an-economy-where-the-central-bank-sets-the-reserve-deposit-ratio-at-8-the-c-5146422.htm',
          'https://www.transtutors.com/questions/consider-an-economy-alpha-with-2000-people-of-whom-240-of-them-are-below-the-working-5146421.htm',
          'https://www.transtutors.com/questions/consider-a-country-where-the-central-bank-policy-rate-has-been-constant-at-2-from-20-5146420.htm',
          'https://www.transtutors.com/questions/consider-a-consumer-who-has-preferences-given-by-u-c1-c2-ln-ci-bln-c2-the-consumer-s-5146419.htm',
          'https://www.transtutors.com/questions/consider-a-closed-economy-described-by-a-keynesian-model-with-labour-contract-and-no-5146418.htm',
          'https://www.transtutors.com/questions/consider-an-agent-who-lives-for-3-periods-and-has-preferences-given-by-u-c1-c2-c3-1--5146417.htm',
          'https://www.transtutors.com/questions/conduct-a-qualitative-analysis-using-a-phase-diagram-in-i-k-space-of-the-following-i-5146416.htm',
          'https://www.transtutors.com/questions/comsider-the-next-tax-rate-denoted-by-t-which-of-the-following-correctly-defines-the-5146415.htm',
          'https://www.transtutors.com/questions/help-solve-compute-the-99-confidence-interval-estimate-for-the-population-proportion-5146414.htm',
          'https://www.transtutors.com/questions/in-a-competitive-market-the-market-price-will-rise-if-a-single-firm-halts-production-5146413.htm',
          'https://www.transtutors.com/questions/compare-the-welfare-implications-of-perfect-competition-and-a-monopoly-with-first-de-5146411.htm',
          'https://www.transtutors.com/questions/compare-the-closed-economy-is-lm-model-an-open-economy-is-lm-bp-model-in-which-excha-5146410.htm'],
 'project': ['trans'],
 'referring_link': ['https://www.transtutors.com/questions/economics/152/'],
 'spider': ['trans_links']}
2020-02-05 23:30:16 [scrapy.core.engine] DEBUG: Crawled (200) <GET https://www.transtutors.com/questions/economics/154/> (referer: https://www.google.com/) ['cached']
2020-02-05 23:30:16 [scrapy.core.scraper] DEBUG: Scraped from <200 https://www.transtutors.com/questions/economics/153/>
{'category': ['economy'],
 'date': [datetime.datetime(2020, 2, 5, 23, 30, 16, 58296)],
 'link': ['https://www.transtutors.com/questions/compare-the-capital-adequacy-ratio-of-the-overall-turkish-banking-sector-in-the-last-5146409.htm',
          'https://www.transtutors.com/questions/your-company-is-starting-a-new-product-line-that-will-require-buying-a-new-piece-of--5146408.htm',
          'https://www.transtutors.com/questions/if-a-company-has-returns-of-11-and-a-wacc-of-17-then-the-company-is-losing-six-cents-5146407.htm',
          'https://www.transtutors.com/questions/a-company-purchased-a-truck-for-25-000-on-january-1-and-as-of-december-has-not-recor-5146406.htm',
          'https://www.transtutors.com/questions/your-company-has-purchased-a-large-new-trucktractor-for-over-the-road-use-asset-clas-5146405.htm',
          'https://www.transtutors.com/questions/your-company-has-purchased-a-large-new-trucktractor-for-over-the-road-use-asset-clas-5146404.htm',
          'https://www.transtutors.com/questions/your-company-which-has-a-marr-of-12-is-considering-the-following-two-investment-alte-5146403.htm',
          'https://www.transtutors.com/questions/your-company-manufactures-widgets-and-you-39-re-about-to-start-making-a-new-type-of--5146402.htm',
          'https://www.transtutors.com/questions/a-company-that-manufactures-magnetic-flow-meters-expects-to-undertake-a-project-that-5146401.htm',
          'https://www.transtutors.com/questions/why-are-companies-like-walmart-and-the-home-depot-recruiting-mature-workers--5146400.htm',
          'https://www.transtutors.com/questions/was-the-cold-war-an-inevitable-result-of-world-war-ii-or-could-it-have-been-avoided--5146399.htm',
          'https://www.transtutors.com/questions/for-the-coca-cola-company-1-5-2-page-submit-information-including-reliable-sources-a-5146398.htm',
          'https://www.transtutors.com/questions/choose-the-best-entity-for-the-following-situation-a-company-has-issuance-of-qualifi-5146397.htm',
          'https://www.transtutors.com/questions/choose-the-most-appropriate-answer-write-down-numbers-1-1-a-lowers-the-opportunity-c-5146396.htm',
          'https://www.transtutors.com/questions/chinese-economic-crisis-us-trade-war-how-can-china-government-stable-the-economy-dur-5146395.htm',
          'https://www.transtutors.com/questions/chinese-economic-crisis-trade-war-please-elaborate-four-points-of-the-impact-of-trad-5146394.htm',
          'https://www.transtutors.com/questions/china-and-us-have-extensive-international-trade-and-currently-china-is-having-a-huge-5146393.htm',
          'https://www.transtutors.com/questions/charles-and-dina-carrier-live-in-miami-and-enjoy-going-out-to-fancy-restaurants-for--5146392.htm',
          'https://www.transtutors.com/questions/what-characteristics-do-public-goods-and-common-resources-have-in-common-select-one--5146391.htm',
          'https://www.transtutors.com/questions/a-what-is-the-characteristics-of-a-perfectly-competitive-market-b-using-the-concepts-5146390.htm',
          'https://www.transtutors.com/questions/chapter-5-it-infrastructure-and-emerging-technologies-243-bergstein-quot-ibm-faces-t-5146389.htm',
          'https://www.transtutors.com/questions/in-chapter-3-we-begin-to-look-at-how-to-use-data-to-make-decisions-it-is-not-enough--5146388.htm',
          'https://www.transtutors.com/questions/chapter-11-international-strategic-management-1-what-is-a-core-competency-how-do-cor-5146387.htm',
          'https://www.transtutors.com/questions/chapter-10-cooperation-among-nations-1-what-is-the-relationship-between-gatt-and-the-5146386.htm',
          'https://www.transtutors.com/questions/ch-breakeven-analysis-problem4-a-plant-produces-10-000-units-month-find-breakeven-le-5146385.htm',
          'https://www.transtutors.com/questions/cell-phone-sales-for-a-dubai-based-firm-over-the-last-9-weeks-are-shown-in-the-follo-5146384.htm',
          'https://www.transtutors.com/questions/the-cash-flow-diagram-below-has-an-internal-rate-of-return-of-35-what-is-the-value-o-5146383.htm',
          'https://www.transtutors.com/questions/in-some-cases-the-goverment-can-make-everyone-better-off-by-raising-taxes-to-pay-for-5146382.htm',
          'https://www.transtutors.com/questions/case-study-the-uae-automobile-industry-identify-the-determinants-of-demand-on-cars-i-5146381.htm',
          'https://www.transtutors.com/questions/case-study-3-smoking-at-ike-s-bar-b-q-pit-by-2013-only-10-states-in-the-u-s-had-not--5146380.htm',
          'https://www.transtutors.com/questions/case-study-3-smoking-at-ike-s-bar-b-q-pit-by-2013-only-10-states-in-the-u-s-had-not--5146379.htm',
          'https://www.transtutors.com/questions/case-study-1-graded-5-marks-pricing-at-deutsche-telekom-submission-due-date-14-12-20-5146378.htm',
          'https://www.transtutors.com/questions/why-should-we-care-about-species-learn-science-a-quiz-homework-3-due-november-17th-n-5146377.htm',
          'https://www.transtutors.com/questions/why-should-we-care-about-species-i-learn-science-a-quiz-homework-3-due-november-17th-5146376.htm',
          'https://www.transtutors.com/questions/which-caption-should-be-used-on-instagram-when-the-account-is-paid-to-post-about-a-p-5146375.htm',
          'https://www.transtutors.com/questions/hi-can-you-please-give-me-a-step-by-step-solution-for-this-problem-canadian-hammerwo-5146374.htm',
          'https://www.transtutors.com/questions/in-the-calculation-of-profits-economists-include-both-implicit-and-explicit-costs-bu-5146373.htm',
          'https://www.transtutors.com/questions/we-calculated-steady-state-frictional-unemployment-rate-as-s-where-f-is-the-fraction-5146372.htm',
          'https://www.transtutors.com/questions/c-suppose-that-p-168x-90y2-4x-3y-tons-is-the-production-function-for-a-product-with--5146371.htm',
          'https://www.transtutors.com/questions/c-consider-an-economy-where-the-government-is-able-to-increase-its-budget-surplus-i-5146370.htm',
          'https://www.transtutors.com/questions/business-economics-busi1114-coursework-autumn-semester-2019-2020-marks-accounted-40--5146369.htm',
          'https://www.transtutors.com/questions/build-a-good-mathematical-model-using-differential-equation-method-to-describe-emplo-5146368.htm',
          'https://www.transtutors.com/questions/briefly-describe-the-steps-you-would-take-to-start-a-business-including-the-most-imp-5146367.htm',
          'https://www.transtutors.com/questions/the-breakfast-cereal-industry-has-a-four-firm-concentration-ratio-of-78-percent-is-t-5146366.htm',
          'https://www.transtutors.com/questions/bracketing-and-rational-addiction-part-1-consider-an-agent-who-consumes-in-two-perio-5146365.htm',
          'https://www.transtutors.com/questions/you-bought-a-bond-6-years-ago-for-3-500-it-has-a-4-000-face-value-and-a-nominal-annu-5146364.htm',
          'https://www.transtutors.com/questions/a-book-publisher-is-interested-in-what-makes-a-book-successful-in-order-to-answer-th-5146363.htm',
          'https://www.transtutors.com/questions/block-some-living-older-woman-with-dog-one-of-her-neighbors-does-not-tolerate-the-do-5146362.htm',
          'https://www.transtutors.com/questions/betty-has-decided-to-donate-some-funds-to-her-local-community-college-betty-would-li-5146361.htm',
          'https://www.transtutors.com/questions/benefits-of-solving-unemployment-and-inflation-of-a-country-in-eassy-form-5146360.htm'],
 'project': ['trans'],
 'referring_link': ['https://www.transtutors.com/questions/economics/153/'],
 'spider': ['trans_links']}
2020-02-05 23:30:16 [scrapy.core.engine] DEBUG: Crawled (200) <GET https://www.transtutors.com/questions/economics/155/> (referer: https://www.google.com/) ['cached']
2020-02-05 23:30:16 [scrapy.core.scraper] DEBUG: Scraped from <200 https://www.transtutors.com/questions/economics/154/>
{'category': ['economy'],
 'date': [datetime.datetime(2020, 2, 5, 23, 30, 16, 222393)],
 'link': ['https://www.transtutors.com/questions/with-bayer-and-monsanto-what-is-the-principal-agent-problem-and-evaluate-the-tools-i-5146359.htm',
          'https://www.transtutors.com/questions/based-on-the-article-why-it-is-so-difficult-to-measure-inflation-tisk-it-or-drat-it--5146358.htm',
          'https://www.transtutors.com/questions/bad-faith-discharges-wallace-case-vs-honda-case-do-you-understand-the-shift-made-in--5146357.htm',
          'https://www.transtutors.com/questions/b-suppose-a-game-is-defined-using-the-following-pay-off-matrix-you-defect-you-cooper-5146356.htm',
          'https://www.transtutors.com/questions/b-nanyang-eatery-is-located-in-a-residential-district-and-it-is-contemplating-exten-5146355.htm',
          'https://www.transtutors.com/questions/b-illustrate-and-explain-double-1-suppose-that-the-initial-market-equilibrium-price--5146354.htm',
          'https://www.transtutors.com/questions/b-illustrate-and-explain-1-suppose-that-the-initial-market-equilibrium-price-of-gaso-5146353.htm',
          'https://www.transtutors.com/questions/an-b-why-should-we-care-about-species-learn-science-a-quiz-homework-3-due-november-1-5146352.htm',
          'https://www.transtutors.com/questions/an-audit-report-found-the-following-some-corporation-advertisements-in-the-press-and-5146351.htm',
          'https://www.transtutors.com/questions/what-are-the-attributes-of-companies-that-earn-high-economic-profits-provide-example-5146350.htm',
          'https://www.transtutors.com/questions/attempt-snopolistic-competitie-and-oligopoly-maly-question-7-tries-remaining-marked--5146349.htm',
          'https://www.transtutors.com/questions/atc-mc-d3-avc-25-d2-15-5-0-20-40-60-80-100-120-140-160-180-output-20-10-price-and-co-5146348.htm',
          'https://www.transtutors.com/questions/assume-that-the-sugar-market-is-perfectly-competitive-with-a-market-demand-function--5146347.htm',
          'https://www.transtutors.com/questions/assume-that-you-represent-a-chain-of-movie-theatres-negotiating-the-purchase-of-the--5146346.htm',
          'https://www.transtutors.com/questions/assume-that-the-number-of-highway-miles-that-can-be-graded-h-is-a-function-of-both-t-5146345.htm',
          'https://www.transtutors.com/questions/assume-you-are-the-manager-of-a-firm-facing-a-two-period-planning-problem-under-cert-5146344.htm',
          'https://www.transtutors.com/questions/assume-you-invest-in-a-portfolio-of-long-term-corporate-bonds-based-on-the-period-19-5146343.htm',
          'https://www.transtutors.com/questions/assume-that-the-following-functions-exist-and-describe-production-savings-investment-5146342.htm',
          'https://www.transtutors.com/questions/assume-that-the-car-battery-market-is-perfectly-competitive-with-many-firms-selling--5146341.htm',
          'https://www.transtutors.com/questions/this-assignment-is-about-how-to-present-data-any-will-work-in-general-population-suc-5146340.htm',
          'https://www.transtutors.com/questions/this-assignment-is-about-how-to-present-data-any-data-will-in-general-on-jobs-income-5146339.htm',
          'https://www.transtutors.com/questions/assignment-1-determine-the-capitalized-cost-of-an-equipment-costing-p2m-with-and-ann-5146338.htm',
          'https://www.transtutors.com/questions/the-asset-demand-for-money-39-da-39-is-shown-in-the-graph-below-the-transactions-dem-5146337.htm',
          'https://www.transtutors.com/questions/arturo-escobar-explained-that-the-debt-crisis-of-the-1930s-had-what-effect-on-the-co-5146336.htm',
          'https://www.transtutors.com/questions/what-did-arturo-escobar-argue-were-factors-creating-instability-in-global-political--5146335.htm',
          'https://www.transtutors.com/questions/armed-with-the-knowledge-you-are-gaining-from-this-module-week-39-s-summit-session-i-5146334.htm',
          'https://www.transtutors.com/questions/with-an-appropriate-diagram-explain-under-what-condition-the-effect-of-an-expansiona-5146333.htm',
          'https://www.transtutors.com/questions/apply-your-understanding-of-stakeholder-orientation-and-or-systems-theory-to-outline-5146332.htm',
          'https://www.transtutors.com/questions/you-have-an-apartment-that-you-want-to-sell-it-if-you-sell-it-now-you-can-sell-succe-5146331.htm',
          'https://www.transtutors.com/questions/can-anyone-help-me-with-the-problem-question-1-consider-two-firms-competing-in-a-seg-5146330.htm',
          'https://www.transtutors.com/questions/answer-all-of-the-questions-by-the-steps-please-print-writting-please-no-handwriting-5146329.htm',
          'https://www.transtutors.com/questions/answer-all-of-the-questions-by-the-steps-please-print-writting-please-no-handwriting-5146328.htm',
          'https://www.transtutors.com/questions/answer-the-following-questions-for-a-monopoly-firm-price-quantity-tr-mr-mc-profit-c--5146327.htm',
          'https://www.transtutors.com/questions/answer-the-following-multiple-choice-questions-1-market-prices-are-a-irrelevant-to-r-5146326.htm',
          'https://www.transtutors.com/questions/ann-s-current-wealth-is-m-49-and-she-is-forced-to-make-the-following-wager-if-a-fair-5146325.htm',
          'https://www.transtutors.com/questions/an-allocation-of-goods-in-an-economy-of-two-agents-alice-and-bob-is-pareto-efficient-5146324.htm',
          'https://www.transtutors.com/questions/allison-and-joshua-are-engineers-at-raytheon-each-has-presented-a-proposal-to-track--5146323.htm',
          'https://www.transtutors.com/questions/alice-and-bob-have-100-000-to-bequeath-to-their-two-children-carrie-and-danny-bob-39-5146322.htm',
          'https://www.transtutors.com/questions/an-agricultural-firm-grows-strawberries-and-operates-as-a-price-taker-the-firm-39-s--5146321.htm',
          'https://www.transtutors.com/questions/agri-sa-south-african-agriculture-farmers-association-are-concerned-with-the-possibl-5146320.htm',
          'https://www.transtutors.com/questions/what-does-aggregation-mean-in-a-macroeconomic-context--5146319.htm',
          'https://www.transtutors.com/questions/afirm-has-production-function-q-10-quot-l-0-5-k-0-5-where-quot-l-quot-0-5-quot-means-5146318.htm',
          'https://www.transtutors.com/questions/need-help-with-f-h-adverse-selection-and-hidden-information-3-there-are-two-kinds-of-5146317.htm',
          'https://www.transtutors.com/questions/i-need-help-with-f-h-adverse-selection-and-hidden-information-3-there-are-two-kinds--5146316.htm',
          'https://www.transtutors.com/questions/the-adult-population-of-inquanok-is-100-000-people-of-these-100-000-people-20-000-ar-5146315.htm',
          'https://www.transtutors.com/questions/additional-problem-3-assume-that-two-companies-c-and-d-are-cournot-duopolists-that-p-5146314.htm',
          'https://www.transtutors.com/questions/question-b-additional-problem-1-consider-the-following-bertrand-duopoly-two-firms-a--5146313.htm',
          'https://www.transtutors.com/questions/according-to-theodore-moran-when-do-the-greatest-spillovers-on-the-local-economy-occ-5146312.htm',
          'https://www.transtutors.com/questions/according-to-neoliberal-theory-the-state-should-o-create-and-preserve-an-institution-5146311.htm',
          'https://www.transtutors.com/questions/according-to-harvey-which-is-an-important-difference-between-classic-liberalism-and--5146310.htm'],
 'project': ['trans'],
 'referring_link': ['https://www.transtutors.com/questions/economics/154/'],
 'spider': ['trans_links']}
2020-02-05 23:30:16 [scrapy.core.engine] DEBUG: Crawled (200) <GET https://www.transtutors.com/questions/economics/156/> (referer: https://www.google.com/) ['cached']
2020-02-05 23:30:16 [scrapy.core.scraper] DEBUG: Scraped from <200 https://www.transtutors.com/questions/economics/155/>
{'category': ['economy'],
 'date': [datetime.datetime(2020, 2, 5, 23, 30, 16, 396358)],
 'link': ['https://www.transtutors.com/questions/according-to-the-coase-theorem-how-can-an-efficient-outcome-be-reached-select-one-no-5146309.htm',
          'https://www.transtutors.com/questions/paragraph-describing-standard-of-living-needed-in-text-format-please-a-a-aa-a-xx-39--5146308.htm',
          'https://www.transtutors.com/questions/the-tax-shown-in-this-table-is-progressive-proportional-regressive-9-study-questions-5146307.htm',
          'https://www.transtutors.com/questions/9-private-solutions-to-correct-for-externalities-consider-the-following-scenario-sup-5146306.htm',
          'https://www.transtutors.com/questions/9-07-moodle-suno-edu-use-the-following-to-answer-questions-57-and-58-figure-7-2-7-a--5146305.htm',
          'https://www.transtutors.com/questions/9-07-moodle-suno-edu-sro-5380-5-760-63-what-is-the-monopolist-profit-a-s-760-b-s-380-5146304.htm',
          'https://www.transtutors.com/questions/9-06-1-tasuno-edu-moodle-suno-edu-1-price-a-co-n-ly-of-explicit-ii-refet-party-crver-5146303.htm',
          'https://www.transtutors.com/questions/8-two-shops-in-newtown-malcolms-meatballs-and-bill-s-burgers-are-deciding-whether-to-5146302.htm',
          'https://www.transtutors.com/questions/8-natural-monopoly-analysis-the-following-graph-shows-the-demand-d-for-gas-services--5146301.htm',
          'https://www.transtutors.com/questions/8-after-a-hurricane-knocks-out-power-to-thousands-of-households-the-price-of-electri-5146300.htm',
          'https://www.transtutors.com/questions/8-firm-a-and-b-are-bertrand-competitors-and-each-has-a-total-cost-function-5xi-where-5146299.htm',
          'https://www.transtutors.com/questions/7-the-following-graph-shows-demand-mr-and-cost-curves-for-a-monopoly-in-the-che-smc--5146298.htm',
          'https://www.transtutors.com/questions/7-what-does-financial-intermediation-mean-what-are-the-different-financial-intermedi-5146297.htm',
          'https://www.transtutors.com/questions/7-consider-the-is-lm-fe-model-for-a-closed-economy-let-39-s-say-prices-are-fixed-in--5146296.htm',
          'https://www.transtutors.com/questions/61-refer-to-table-8-1-assuming-society-39-s-mpc-is-constant-at-an-aggregate-of-incom-5146295.htm',
          'https://www.transtutors.com/questions/6-there-are-two-cournot-competitors-a-b-each-has-total-cost-of-12x-where-x-is-a-firm-5146294.htm',
          'https://www.transtutors.com/questions/6-suppose-the-working-age-population-is-220-million-the-labor-force-is-150-million-a-5146293.htm',
          'https://www.transtutors.com/questions/6-to-stand-or-not-to-stand-that-is-the-question-25-points-in-a-scene-at-the-end-of-t-5146292.htm',
          'https://www.transtutors.com/questions/6-in-a-solow-growth-model-suppose-that-t-so10w-growth-model-suppose-that-the-product-5146291.htm',
          'https://www.transtutors.com/questions/6-a-lobbyist-must-quot-buy-quot-250-votes-in-the-house-of-representatives-and-senate-5146290.htm',
          'https://www.transtutors.com/questions/6-consider-an-economy-that-is-operating-at-the-full-employment-level-of-real-gdp-wi-5146289.htm',
          'https://www.transtutors.com/questions/6-charles-is-now-working-in-a-job-that-pays-8-000-per-year-he-is-contemplating-a-one-5146288.htm',
          'https://www.transtutors.com/questions/56-the-labor-market-is-composed-of-a-a-relatively-homogeneous-supply-of-labor-and-do-5146287.htm',
          'https://www.transtutors.com/questions/54-if-the-saving-function-is-of-the-form-is-20-0-3y-consumption-at-an-income-level-o-5146286.htm',
          'https://www.transtutors.com/questions/52-marginal-revenue-product-a-manufacturer-has-determined-that-m-employees-will-prod-5146285.htm',
          'https://www.transtutors.com/questions/5-a-wood-products-company-has-decided-to-purchase-new-logging-equipment-for-102-000--5146284.htm',
          'https://www.transtutors.com/questions/5-value-0-33-points-requires-read-more-online-17-1-kalamazoo-competition-free-concre-5146283.htm',
          'https://www.transtutors.com/questions/5-suppose-the-intersection-of-the-is-and-lm-curves-is-to-the-left-of-the-fe-line-wha-5146282.htm',
          'https://www.transtutors.com/questions/please-answer-question-5-5-suppose-the-following-graph-represents-the-canadian-econo-5146281.htm',
          'https://www.transtutors.com/questions/5-seved-help-save-exit-submit-the-future-worth-in-year-8-for-the-cash-flows-shown-is-5146280.htm',
          'https://www.transtutors.com/questions/5-in-this-question-you-are-asked-to-determine-the-profitability-of-tying-two-goods-w-5146279.htm',
          'https://www.transtutors.com/questions/5-a-project-you-propose-to-your-manager-to-buy-a-new-piece-of-equipment-costs-50-000-5146278.htm',
          'https://www.transtutors.com/questions/5-in-perfect-competition-a-allocative-efficiency-holds-and-productive-efficiency-doe-5146277.htm',
          'https://www.transtutors.com/questions/5-you-can-invest-70-000-now-and-receive-2-000-at-the-end-of-each-month-fol-additiona-5146276.htm',
          'https://www.transtutors.com/questions/5-given-that-the-syldavian-economy-soe-is-the-following-c-1000-0-9-y-t-i-1000-20r-nx-5146275.htm',
          'https://www.transtutors.com/questions/5-which-of-the-following-statements-is-true-a-tax-and-subsidy-are-similar-in-that-i--5146274.htm',
          'https://www.transtutors.com/questions/5-a-consider-a-p-consider-a-private-n-x-m-economy-u-39-x-11-e-1-where-profile-of-end-5146273.htm',
          'https://www.transtutors.com/questions/5-consider-a-farmer-who-must-sale-an-extensive-pasture-of-100-acres-the-quot-owner-q-5146272.htm',
          'https://www.transtutors.com/questions/5-the-aggregate-production-function-of-the-r-d-sector-in-ra-growth-is-at-1-a-pa-l-pl-5146271.htm',
          'https://www.transtutors.com/questions/5-15-points-suppose-there-are-many-firms-having-the-same-long-run-cost-function-c-q--5146270.htm',
          'https://www.transtutors.com/questions/45-if-you-save-80-when-you-experience-a-400-rise-in-your-income-a-your-mps-is-0-25-b-5146269.htm',
          'https://www.transtutors.com/questions/44-when-factor-markets-are-competitive-it-always-pays-a-profit-maximizing-firm-to-a--5146268.htm',
          'https://www.transtutors.com/questions/409-jane-has-a-jam-exporting-business-with-its-main-export-market-being-the-eu-she--5146267.htm',
          'https://www.transtutors.com/questions/4-you-work-for-a-company-that-is-being-accused-of-monopoly-behavior-given-its-large--5146266.htm',
          'https://www.transtutors.com/questions/4-ulut-why-is-national-defence-provided-by-the-government-select-one-products-provid-5146265.htm',
          'https://www.transtutors.com/questions/4-two-cournot-competitors-named-firm-a-b-each-have-total-cost-of-2x2-where-x-is-a-fi-5146264.htm',
          'https://www.transtutors.com/questions/4-suppose-two-bartenders-are-developing-new-cocktails-for-their-bar-and-are-playing--5146263.htm',
          'https://www.transtutors.com/questions/i-think-answers-are-3-b-4-a-are-they-right-4-suppose-you-have-1000-to-invest-for-one-5146262.htm',
          'https://www.transtutors.com/questions/4-what-are-the-reasons-for-unequal-distribution-of-income-list-at-least-six-reasons--5146261.htm',
          'https://www.transtutors.com/questions/4-pts-d-question-1-turing-says-quot-the-original-question-quot-can-machines-think-qu-5146260.htm'],
 'project': ['trans'],
 'referring_link': ['https://www.transtutors.com/questions/economics/155/'],
 'spider': ['trans_links']}
2020-02-05 23:30:16 [scrapy.core.engine] DEBUG: Crawled (200) <GET https://www.transtutors.com/questions/economics/157/> (referer: https://www.google.com/) ['cached']
2020-02-05 23:30:16 [scrapy.core.scraper] DEBUG: Scraped from <200 https://www.transtutors.com/questions/economics/156/>
{'category': ['economy'],
 'date': [datetime.datetime(2020, 2, 5, 23, 30, 16, 588850)],
 'link': ['https://www.transtutors.com/questions/4-the-is-lm-fe-model-predicts-that-a-temporary-negative-supply-shock-a-reduces-outpu-5146259.htm',
          'https://www.transtutors.com/questions/4-a-draw-a-reasonable-set-of-short-run-cost-curves-including-marginal-cost-average-v-5146258.htm',
          'https://www.transtutors.com/questions/4-a-draw-a-reasonable-set-of-short-run-cost-curves-including-marginal-cost-average-v-5146257.htm',
          'https://www.transtutors.com/questions/4-consider-a-pure-exchange-economy-consisting-of-n-individuals-m-goods-and-u-39-x-qu-5146256.htm',
          'https://www.transtutors.com/questions/please-help-me-4-4-marks-consider-the-equation-y-a-dt-b-x-bex-u-where-the-errors-a-5146255.htm',
          'https://www.transtutors.com/questions/4-3-if-the-use-of-a-common-resource-is-not-regulated-what-happens-select-one-ut-of-1-5146254.htm',
          'https://www.transtutors.com/questions/4-25-points-there-are-two-firms-in-an-industry-1-and-2-firm-2-has-either-high-produc-5146253.htm',
          'https://www.transtutors.com/questions/4-short-run-supply-and-long-run-equilibrium-consider-the-competitive-market-for-tita-5146252.htm',
          'https://www.transtutors.com/questions/38-social-security-payroll-taxes-are-examples-of-a-progressive-taxation-b-regressive-5146251.htm',
          'https://www.transtutors.com/questions/35-the-key-to-competitiveness-and-economic-growth-in-21-st-century-is-knowledge-econ-5146250.htm',
          'https://www.transtutors.com/questions/a-320-acre-lease-has-to-be-evaluated-data-on-the-lease-are-as-follows-average-porosi-5146249.htm',
          'https://www.transtutors.com/questions/31-an-example-of-a-beneficial-externality-is-a-airport-noise-b-a-blooming-curbside-b-5146248.htm',
          'https://www.transtutors.com/questions/3-working-with-numbers-and-graphs-q4-the-following-graph-shows-the-marginal-cost-mc--5146247.htm',
          'https://www.transtutors.com/questions/3-using-policy-to-stabilize-the-economy-the-government-has-the-ability-to-influence--5146246.htm',
          'https://www.transtutors.com/questions/3-suppose-the-firm-in-monopolistic-market-faces-the-following-demand-function-q-5-00-5146245.htm',
          'https://www.transtutors.com/questions/3-suppose-the-cost-curve-for-a-firm-producing-sneakers-is-tc-10-10-q-4q-q3-3-1-10-po-5146244.htm',
          'https://www.transtutors.com/questions/3-suppose-c-q-40-5q-05q-for-a-representative-firm-in-perfect-competition-a-calculate-5146243.htm',
          'https://www.transtutors.com/questions/3-suppose-c-q-40-50-0507-for-a-representative-firm-in-perfect-competition-a-calculat-5146242.htm',
          'https://www.transtutors.com/questions/3-supose-in-a-two-period-model-the-utility-function-is-u-inc-yl-lwhere-c2-is-the-con-5146241.htm',
          'https://www.transtutors.com/questions/3-the-short-run-and-long-run-supply-response-to-a-change-in-the-price-level-the-foll-5146240.htm',
          'https://www.transtutors.com/questions/3-a-recent-poll-shows-that-most-canadians-favour-reducing-immigration-levels-4-use-c-5146239.htm',
          'https://www.transtutors.com/questions/help-me-finish-the-question-3-thanks-3-rachel-only-consumes-two-goods-books-b-and-vi-5146238.htm',
          'https://www.transtutors.com/questions/3-pts-use-the-following-graph-for-a-profit-maximizing-monopolist-to-answer-the-next--5146237.htm',
          'https://www.transtutors.com/questions/3-in-a-parallel-universe-california-has-seceded-from-the-union-and-is-flourishing-du-5146236.htm',
          'https://www.transtutors.com/questions/3-marks-b-describe-and-give-examples-of-two-2-specific-shortcomings-of-gdp-as-a-mea-5146235.htm',
          'https://www.transtutors.com/questions/3-the-market-for-movie-tickets-consists-of-two-consumer-groups-students-price-6-4-1--5146234.htm',
          'https://www.transtutors.com/questions/3-jade-is-deciding-how-much-to-work-in-2020-she-derives-utility-from-consumption-c-b-5146233.htm',
          'https://www.transtutors.com/questions/3-jade-is-deciding-how-much-to-work-in-2020-she-derives-utility-from-consumption-c-b-5146232.htm',
          'https://www.transtutors.com/questions/3-gdp-unemployment-and-fiscal-policy-16-marks-a-define-and-briefly-explain-how-gdp-i-5146231.htm',
          'https://www.transtutors.com/questions/22-show-that-p1-p2-quot-src-quot-https-files-transtutors-com-cdn-qimg-d841a573f39347-5146230.htm',
          'https://www.transtutors.com/questions/3-which-of-the-following-statements-is-are-correct-a-if-duopolists-successfully-coll-5146229.htm',
          'https://www.transtutors.com/questions/3-which-of-the-following-shifts-the-is-curve-up-a-the-government-annouces-that-it-wi-5146228.htm',
          'https://www.transtutors.com/questions/3-firm-1-is-currently-a-monopolist-in-industry-x-but-faces-the-prospect-of-possible--5146227.htm',
          'https://www.transtutors.com/questions/3-draw-a-market-diagram-for-a-local-rice-market-where-buyers-and-sellers-face-an-ext-5146226.htm',
          'https://www.transtutors.com/questions/3-draw-figures-like-the-three-panels-of-figure-9-2-labeling-them-appropriately-so-th-5146225.htm',
          'https://www.transtutors.com/questions/3-consider-the-generalized-demand-and-supply-functions-for-good-x-qd-800-2-p-0-01-m--5146224.htm',
          'https://www.transtutors.com/questions/3-business-generally-is-hesitant-to-provide-products-services-with-positive-external-5146223.htm',
          'https://www.transtutors.com/questions/breakdown-of-a-cartel-agreement-3-breakdown-of-a-cartel-agreement-aa-aa-imagine-that-5146222.htm',
          'https://www.transtutors.com/questions/3-4-5-6-solve-the-system-of-equations-2x-4y-7z-3y-2z-5x-6y-3z-using-gauss-jordan-eli-5146221.htm',
          'https://www.transtutors.com/questions/3-3-75-p-suppose-that-firms-compete-by-setting-prices-and-produce-differentiated-pro-5146220.htm',
          'https://www.transtutors.com/questions/please-show-the-all-work-thank-you-3-25-pts-find-the-weak-sequential-equilibria-of-t-5146219.htm',
          'https://www.transtutors.com/questions/all-3-there-are-100-identical-firms-in-a-perfectly-competitive-market-the-total-cost-5146218.htm',
          'https://www.transtutors.com/questions/3-10-points-suppose-there-are-n-workers-in-singapore-where-1-4-of-them-are-of-high-p-5146217.htm',
          'https://www.transtutors.com/questions/2e-carefully-explain-the-relationship-between-relatively-inelastic-demand-a-price-ch-5146216.htm',
          'https://www.transtutors.com/questions/2-computer-the-consumer-price-index-cpi-2008-and-2009-each-year-and-the-rate-of-infl-5146215.htm',
          'https://www.transtutors.com/questions/2a-draw-a-set-of-isoquants-in-which-3-workers-with-1-machine-produces-3-units-of-out-5146214.htm',
          'https://www.transtutors.com/questions/29-refer-to-figure-5-2-the-years-1992-through-1994-are-most-likely-associated-with-a-5146213.htm',
          'https://www.transtutors.com/questions/27-november-2019-at-3-31-pm-violet-is-developing-the-2016-budget-in-2016-the-company-5146212.htm',
          'https://www.transtutors.com/questions/27-which-of-the-following-factors-provoked-the-2007-9-financial-crises-in-the-u-s-a--5146211.htm',
          'https://www.transtutors.com/questions/please-help-me-i-dont-know-what-to-do-thanks-27-assume-that-the-budget-constraint-in-5146210.htm'],
 'project': ['trans'],
 'referring_link': ['https://www.transtutors.com/questions/economics/156/'],
 'spider': ['trans_links']}
2020-02-05 23:30:16 [scrapy.core.engine] DEBUG: Crawled (200) <GET https://www.transtutors.com/questions/economics/158/> (referer: https://www.google.com/) ['cached']
2020-02-05 23:30:16 [scrapy.core.scraper] DEBUG: Scraped from <200 https://www.transtutors.com/questions/economics/157/>
{'category': ['economy'],
 'date': [datetime.datetime(2020, 2, 5, 23, 30, 16, 773807)],
 'link': ['https://www.transtutors.com/questions/26-a-tax-on-labor-results-in-a-n-a-increase-in-labor-demand-b-decrease-in-labor-dema-5146209.htm',
          'https://www.transtutors.com/questions/26-average-fixed-costs-a-are-a-vertical-line-b-are-a-constant-regardless-of-quantity-5146208.htm',
          'https://www.transtutors.com/questions/2-5-pts-figure-1-suppose-that-a-firm-in-a-perfectly-competitive-market-has-the-follo-5146207.htm',
          'https://www.transtutors.com/questions/25-in-1921-a-classic-set-of-experiments-with-chemical-fertilizers-were-performed-at--5146206.htm',
          'https://www.transtutors.com/questions/25-in-1921-a-classic-set-of-experiments-with-chemical-fertilizers-were-performed-at--5146205.htm',
          'https://www.transtutors.com/questions/25-in-1921-a-classic-set-of-experiments-with-chemical-fertilizers-were-performed-at--5146204.htm',
          'https://www.transtutors.com/questions/24-poster-design-a-rectangular-cardboard-poster-is-to-have-720-in-for-printed-matter-5146203.htm',
          'https://www.transtutors.com/questions/24-possible-levels-of-employment-millions-35-saving-billions-9-5-1-40-real-domestic--5146202.htm',
          'https://www.transtutors.com/questions/23-the-graph-below-represents-total-product-marginal-product-and-average-product-of--5146201.htm',
          'https://www.transtutors.com/questions/23-which-of-the-following-is-a-tool-the-federal-reserve-system-can-use-to-regulate-t-5146200.htm',
          'https://www.transtutors.com/questions/22-the-monetary-policy-instrument-the-federal-reserve-chooses-to-use-is-the-a-discou-5146199.htm',
          'https://www.transtutors.com/questions/21-classify-the-following-5-people-into-the-following-categories-unemployed-employed-5146198.htm',
          'https://www.transtutors.com/questions/21-if-the-anemic-growth-experienced-in-the-u-s-economy-since-the-financial-crisis-me-5146197.htm',
          'https://www.transtutors.com/questions/in-2016-59-7-percent-of-the-adult-population-253-million-were-employed-if-the-employ-5146196.htm',
          'https://www.transtutors.com/questions/in-2013-prussia-39-s-aggregate-demand-curve-was-determined-by-the-equation-m-8-a-cha-5146195.htm',
          'https://www.transtutors.com/questions/in-2012-pamelia-invested-5-000-in-a-roth-ira-at-age-60-pamelia-withdrew-the-entire-b-5146194.htm',
          'https://www.transtutors.com/questions/2003-extra-credit-3-39-087-8lzs-19-the-consumer-price-index-cpi-relies-on-the-calcul-5146193.htm',
          'https://www.transtutors.com/questions/2000-5000-5146192.htm',
          'https://www.transtutors.com/questions/200-1475-2100-2500-3400-determine-which-technique-is-the-optimal-production-method-a-5146191.htm',
          'https://www.transtutors.com/questions/20-the-market-price-for-good-x-is-10-75-and-every-time-good-x-is-consumed-it-creates-5146190.htm',
          'https://www.transtutors.com/questions/2-unions-contribute-to-a-neither-frictional-nor-structural-unemployment-b-frictional-5146189.htm',
          'https://www.transtutors.com/questions/2-three-city-politicians-vote-on-whether-to-allow-themselves-a-salary-increase-of-2--5146188.htm',
          'https://www.transtutors.com/questions/2-the-table-below-gives-cost-data-for-acme-inc-a-perfectly-competitive-profit-maximi-5146187.htm',
          'https://www.transtutors.com/questions/2-the-table-below-gives-cost-data-for-acme-inc-a-perfectly-competitive-profit-maximi-5146186.htm',
          'https://www.transtutors.com/questions/hello-the-only-infirnation-provided-is-dominsnt-strategy-2-suppose-we-39-ve-modelled-5146185.htm',
          'https://www.transtutors.com/questions/2-suppose-the-economy-is-at-full-employment-output-when-the-aggregate-demand-curve-i-5146184.htm',
          'https://www.transtutors.com/questions/2-the-statute-of-frauds-provides-that-contracts-for-the-sale-of-goods-for-500-or-mor-5146183.htm',
          'https://www.transtutors.com/questions/i-only-need-help-for-the-forst-two-parts-2-the-solow-model-in-one-version-of-the-sol-5146182.htm',
          'https://www.transtutors.com/questions/i-need-help-for-parts-d-and-e-2-the-solow-model-in-one-version-of-the-solow-model-th-5146181.htm',
          'https://www.transtutors.com/questions/0-and-q-gt-0-ii-find-the-number-of-se-quot-aria-describedby-quot-as8-quot-style-quot-5146180.htm',
          'https://www.transtutors.com/questions/2-in-recent-years-scholars-and-managers-have-devoted-greater-attention-to-the-strate-5146179.htm',
          'https://www.transtutors.com/questions/what-2-questions-does-the-production-function-help-a-business-to-answer-5146178.htm',
          'https://www.transtutors.com/questions/2-the-market-for-diamonds-aa-aa-e-consider-the-following-scenario-about-a-diamond-fi-5146177.htm',
          'https://www.transtutors.com/questions/2-a-magazine-purchased-at-a-newsstand-is-typically-more-expensive-than-the-same-maga-5146176.htm',
          'https://www.transtutors.com/questions/2-an-increase-in-the-minimum-wage-a-increases-the-quantity-of-labor-demanded-but-dec-5146175.htm',
          'https://www.transtutors.com/questions/2-heterogenous-consumers-now-suppose-the-two-groups-have-different-demands-qa-12-2p--5146174.htm',
          'https://www.transtutors.com/questions/2-g-suppose-that-lottery-b1-ferred-to-lottery-b2-s9000-0-2-3-000-0-2-s0-0-6-50-5146173.htm',
          'https://www.transtutors.com/questions/why-is-2-fund-separation-theorem-not-supported-by-empirical-evidence-references-and--5146172.htm',
          'https://www.transtutors.com/questions/2-footnote-here-39-suppose-that-the-consumer-39-s-utility-function-is-given-by-u-x-x-5146171.htm',
          'https://www.transtutors.com/questions/2-in-the-following-table-indicate-the-effect-of-each-scenario-on-the-aggregate-dema-5146170.htm',
          'https://www.transtutors.com/questions/all-2-a-firm-can-produce-with-one-or-two-machines-table-1-below-shows-the-total-prod-5146169.htm',
          'https://www.transtutors.com/questions/2-figure-a-presents-the-three-stages-of-a-production-function-10-points-a-illustrate-5146168.htm',
          'https://www.transtutors.com/questions/2-economic-sanctions-25-points-in-this-question-we-will-look-at-the-effects-of-econo-5146167.htm',
          'https://www.transtutors.com/questions/2-the-demand-curve-facing-a-competitive-firm-suppose-that-vesoro-is-one-of-more-than-5146166.htm',
          'https://www.transtutors.com/questions/2-the-costs-of-disinflation-the-following-graph-depicts-the-short-run-and-long-run-p-5146165.htm',
          'https://www.transtutors.com/questions/2-consider-the-following-three-problems-i-min-z-x2-y-s-t-x-2y-a-where-a-is-a-constan-5146164.htm',
          'https://www.transtutors.com/questions/2-consider-the-following-three-problems-i-min-z-x2-y-s-t-x-2y-a-where-a-is-a-constan-5146163.htm',
          'https://www.transtutors.com/questions/2-changes-in-taxes-the-following-graph-shows-the-aggregate-demand-curve-shift-the-ag-5146162.htm',
          'https://www.transtutors.com/questions/2-answer-all-parts-a-e-of-this-question-a-firm-uses-two-inputs-unskilled-labor-l-and-5146161.htm',
          'https://www.transtutors.com/questions/2-answer-the-following-questions-regarding-taxes-1-the-georgia-state-government-curr-5146160.htm'],
 'project': ['trans'],
 'referring_link': ['https://www.transtutors.com/questions/economics/157/'],
 'spider': ['trans_links']}
2020-02-05 23:30:16 [scrapy.core.engine] DEBUG: Crawled (200) <GET https://www.transtutors.com/questions/economics/159/> (referer: https://www.google.com/) ['cached']
2020-02-05 23:30:16 [scrapy.core.scraper] DEBUG: Scraped from <200 https://www.transtutors.com/questions/economics/158/>
{'category': ['economy'],
 'date': [datetime.datetime(2020, 2, 5, 23, 30, 16, 943941)],
 'link': ['https://www.transtutors.com/questions/2-according-to-mateer-coppock-2017-five-factors-determine-the-price-elasticity-of-de-5146159.htm',
          'https://www.transtutors.com/questions/2-6-points-suppose-a-consumer-has-a-utility-function-u-21-02-x1-x2-2-and-faces-a-bud-5146158.htm',
          'https://www.transtutors.com/questions/2-6-points-suppose-a-consumer-has-a-utility-function-u-1-r2-1-x2-2-and-faces-a-budge-5146157.htm',
          'https://www.transtutors.com/questions/2-5-25-p-consider-an-industry-with-n-firms-that-compete-in-quantities-the-cost-funct-5146156.htm',
          'https://www.transtutors.com/questions/2-487-lte-o-moodle-suno-edu-refer-to-the-diapun-this-industry-is-purely-m-and-quanti-5146155.htm',
          'https://www.transtutors.com/questions/2-48-lte-moodle-suno-edu-mc-atc-avc-p-1-14-4-3-40-44-4-0-33-refer-to-the-above-diagr-5146154.htm',
          'https://www.transtutors.com/questions/2-48-1-4-lte-moodle-suno-edu-figure-6-3-mar-a-porty-a-4-alaming-and-for-63-ds150-5146153.htm',
          'https://www.transtutors.com/questions/2-48-1-4-lte-moodle-suno-edu-figure-6-3-mar-a-porty-a-4-alaming-and-for-63-ds150-2-4-5146152.htm',
          'https://www.transtutors.com/questions/in-2-3-paragraphs-respond-to-the-following-your-choice-make-an-argument-for-globaliz-5146151.htm',
          'https://www.transtutors.com/questions/please-show-the-all-work-thank-you-2-20-pts-consider-again-the-infinitely-repeated-p-5146150.htm',
          'https://www.transtutors.com/questions/2-20-marks-a-steel-mill-produces-jointly-steel-s-and-pollution-x-the-pollution-adver-5146149.htm',
          'https://www.transtutors.com/questions/1-evaluate-welfare-economics-and-pareto-efficiency-2-explain-the-satification-of-par-5146148.htm',
          'https://www.transtutors.com/questions/1994-i-discussion-20-240-points-1-what-is-your-class-culture-like-use-some-words-to--5146147.htm',
          'https://www.transtutors.com/questions/19-is-monopolistic-competition-efficient-suppose-that-a-firm-produces-wool-jackets-i-5146146.htm',
          'https://www.transtutors.com/questions/18th-assignment-consider-a-monopoly-with-constant-returns-to-scale-starting-in-the-s-5146145.htm',
          'https://www.transtutors.com/questions/18-elasticity-please-refer-to-table-5-in-the-datafile-if-the-eur-usd-exchange-rate-i-5146144.htm',
          'https://www.transtutors.com/questions/1-75-pol-ucotton-19-1-tax-revenues-automatically-decrease-during-economic-expansion--5146143.htm',
          'https://www.transtutors.com/questions/17-orting-and-the-government-agency-responsible-for-compiling-reporting-and-measurin-5146142.htm',
          'https://www.transtutors.com/questions/16-lens-question-e-suppose-there-are-two-firms-namely-a-and-b-operating-i-a-market-t-5146141.htm',
          'https://www.transtutors.com/questions/15-natural-monopoly-analysis-the-following-graph-shows-the-demand-d-for-gas-services-5146140.htm',
          'https://www.transtutors.com/questions/15-the-crowing-out-effect-occurs-because-of-a-higher-real-interest-rates-induced-by--5146139.htm',
          'https://www.transtutors.com/questions/please-answer-question-14-thank-you-14-suppose-the-graph-below-represents-the-total--5146138.htm',
          'https://www.transtutors.com/questions/14-in-the-keynesian-model-with-nominal-wage-rigidity-an-unanticipated-fiscal-expansi-5146137.htm',
          'https://www.transtutors.com/questions/14-figure-labor-market-wage-supply-of-labor-a-w2-market-wage-w-demand-for-labor-q-qu-5146136.htm',
          'https://www.transtutors.com/questions/13-the-keynesian-model-with-nominal-wage-rigidity-suggests-that-in-the-short-run-a-m-5146135.htm',
          'https://www.transtutors.com/questions/13-what-happens-to-ad-when-g-increases-define-recession-list-two-negative-consequenc-5146134.htm',
          'https://www.transtutors.com/questions/13-in-the-figure-below-to-fight-inflation-the-government-is-reducing-the-aggregate-d-5146133.htm',
          'https://www.transtutors.com/questions/13-examples-of-price-discrimination-complete-the-following-table-by-indicating-wheth-5146132.htm',
          'https://www.transtutors.com/questions/at-a-13-cost-of-capital-a-project-39-s-npv-is-100-000-if-you-invest-today-by-what-am-5146131.htm',
          'https://www.transtutors.com/questions/13-capital-is-fixed-at-k-25-beyond-a-labor-input-of-20-the-firm-39-s-short-run-produ-5146130.htm',
          'https://www.transtutors.com/questions/13-assume-that-able-computer-has-entered-into-an-enforceable-resale-price-maintenanc-5146129.htm',
          'https://www.transtutors.com/questions/120-2-1-2--5146128.htm',
          'https://www.transtutors.com/questions/12-monopoly-outcome-versus-competition-outcome-consider-the-daily-market-for-hot-dog-5146127.htm',
          'https://www.transtutors.com/questions/12-anticipated-changes-in-the-aggregate-demand-in-the-keynesian-model-a-would-affect-5146126.htm',
          'https://www.transtutors.com/questions/12-17-8-use-gauss-jordan-elimination-to-find-the-inverse-of-the-matrix-2-2-31-1-1-3--5146125.htm',
          'https://www.transtutors.com/questions/is-answer-for-11-c-and-12-d-11-suppose-that-denmark-commits-to-fixing-its-exchange-r-5146124.htm',
          'https://www.transtutors.com/questions/11-a-rational-person-will-a-never-make-mistakes-in-choices-b-select-the-choice-where-5146123.htm',
          'https://www.transtutors.com/questions/11-mary-spends-all-of-an-income-increase-so-her-mps-is-zero-t-f-12-another-name-for--5146122.htm',
          'https://www.transtutors.com/questions/11-which-of-the-following-would-tend-to-shift-the-supply-of-dollars-in-the-foreign-c-5146121.htm',
          'https://www.transtutors.com/questions/11-consider-the-market-for-ride-on-lawn-mowers-and-the-recent-increases-in-the-price-5146120.htm',
          'https://www.transtutors.com/questions/11-charles-dina-and-gilberto-are-the-only-voters-in-a-small-society-and-are-conside-5146119.htm',
          'https://www.transtutors.com/questions/11-abe-bob-and-cliff-are-competitors-in-a-local-market-and-each-is-trying-to-decide--5146118.htm',
          'https://www.transtutors.com/questions/if-1000-was-invested-in-stock-market-in-1934-how-much-it-will-worth-in-2004-given-th-5146117.htm',
          'https://www.transtutors.com/questions/the-10-year-treasury-rate-can-be-used-as-the-risk-free-rate-estimated-as-2-7-risk-pr-5146116.htm',
          'https://www.transtutors.com/questions/10-pts-c-instead-of-product-differentiation-assume-instead-the-owners-of-the-five-f-5146115.htm',
          'https://www.transtutors.com/questions/10-pts-c-instead-of-product-differentiation-assume-instead-the-owners-of-the-five-f-5146114.htm',
          'https://www.transtutors.com/questions/10-points-save-answer-a-farm-equipment-manufacturer-is-considering-two-types-of-cont-5146113.htm',
          'https://www.transtutors.com/questions/there-are-10-households-in-lake-wobegon-minnesota-each-with-a-demand-for-electricity-5146112.htm',
          'https://www.transtutors.com/questions/10-in-contrast-with-the-demand-pull-inflation-when-spending-increases-faster-than-pr-5146111.htm',
          'https://www.transtutors.com/questions/10-00-lte-aa-moodle-suno-edu-assignment-6-2-25-points-microeconomics-econ-211-on-lin-5146110.htm'],
 'project': ['trans'],
 'referring_link': ['https://www.transtutors.com/questions/economics/158/'],
 'spider': ['trans_links']}
2020-02-05 23:30:17 [scrapy.core.engine] DEBUG: Crawled (200) <GET https://www.transtutors.com/questions/economics/160/> (referer: https://www.google.com/) ['cached']
2020-02-05 23:30:17 [scrapy.core.scraper] DEBUG: Scraped from <200 https://www.transtutors.com/questions/economics/159/>
{'category': ['economy'],
 'date': [datetime.datetime(2020, 2, 5, 23, 30, 17, 93689)],
 'link': ['https://www.transtutors.com/questions/1-two-firms-a-and-b-each-produce-the-same-type-of-good-x-demand-for-x-is-x-600-2p-wh-5146109.htm',
          'https://www.transtutors.com/questions/1-true-or-false-a-for-a-firm-in-a-competitive-market-marginal-revenue-is-always-equa-5146108.htm',
          'https://www.transtutors.com/questions/1-the-supports-the-idea-that-everyone-is-imagined-to-be-oblivious-to-all-of-his-or-h-5146107.htm',
          'https://www.transtutors.com/questions/1-summarize-about-malaysian-economic-with-references-5146106.htm',
          'https://www.transtutors.com/questions/1-student-a-has-preferences-represented-by-u11-12-min-ax1-6x2-suppose-good-one-has-a-5146105.htm',
          'https://www.transtutors.com/questions/1-the-short-run-aggregate-supply-curve-is-te-0-8-y-20-p-suppose-inflation-last-year--5146104.htm',
          'https://www.transtutors.com/questions/1-why-is-rent-control-likely-to-be-ineffective-in-many-cases-explain-the-phenomenon--5146103.htm',
          'https://www.transtutors.com/questions/1-re-read-the-discussion-of-green-revolution-impacts-on-rural-labor-markets-in-chapt-5146102.htm',
          'https://www.transtutors.com/questions/1-when-a-pure-monopolist-price-discriminates-which-one-of-following-happens-select-o-5146100.htm',
          'https://www.transtutors.com/questions/1-prepare-an-answer-sheet-using-the-information-listed-below-answer-items-a-j-be-nea-5146099.htm',
          'https://www.transtutors.com/questions/1-peter-a-worker-of-layou-ltd-usually-purchases-both-green-and-ripe-bananas-from-geo-5146098.htm',
          'https://www.transtutors.com/questions/a-1-perform-the-indicated-operations-3-4-11-13-10-6-2-1-1-5-7-it-5-4-3-b-710-1-5-6-2-5146097.htm',
          'https://www.transtutors.com/questions/1-normal-form-game-consider-the-following-game-on-advertising-and-price-strategy-bet-5146096.htm',
          'https://www.transtutors.com/questions/1-the-has-a-monopoly-in-proposing-european-union-legislation-because-the-council-can-5146095.htm',
          'https://www.transtutors.com/questions/1-monetary-policy-and-the-phillips-curve-the-following-graph-shows-the-current-short-5146094.htm',
          'https://www.transtutors.com/questions/1-a-mechanic-is-considering-expanding-his-garage-after-a-strong-year-last-year-the-m-5146093.htm',
          'https://www.transtutors.com/questions/1-when-we-look-at-a-particular-segment-of-the-economy-such-as-a-given-industry-what--5146092.htm',
          'https://www.transtutors.com/questions/1-in-the-is-lm-model-for-a-closed-economy-the-is-curve-has-a-downward-slope-because--5146091.htm',
          'https://www.transtutors.com/questions/1-let-a-b-be-two-strictly-positive-numbers-the-cost-function-of-a-given-firm-is-give-5146090.htm',
          'https://www.transtutors.com/questions/please-help-this-is-all-the-information-he-gave-us-1-initially-assume-1-assume-that--5146089.htm',
          'https://www.transtutors.com/questions/1-what-happens-when-terms-are-missing-from-a-contract-for-goods-governed-by-the-ucc--5146088.htm',
          'https://www.transtutors.com/questions/1-go-to-the-fred-foreign-exchange-rates-by-country-quot-site-c-and-pick-the-currency-5146087.htm',
          'https://www.transtutors.com/questions/1-g-suppose-that-the-substitution-axioms-a2p-and-a21-as-well-as-the-continuity-axiom-5146086.htm',
          'https://www.transtutors.com/questions/1-which-of-the-following-represents-the-single-largest-expenditure-component-of-gdp--5146085.htm',
          'https://www.transtutors.com/questions/1-a-firm-has-two-types-of-consumers-there-are-5-type-1-consumers-each-type-1-consume-5146084.htm',
          'https://www.transtutors.com/questions/1-a-firm-39-s-production-function-is-q-k8-l2-the-cost-of-labor-20-and-the-cost-of-ca-5146083.htm',
          'https://www.transtutors.com/questions/1-a-firm-with-monopoly-power-faces-two-demand-curves-customers-a-have-a-demand-curve-5146082.htm',
          'https://www.transtutors.com/questions/1-explain-the-law-of-eventually-diminishing-marginal-returns-why-this-law-is-importa-5146081.htm',
          'https://www.transtutors.com/questions/1-explain-how-to-derive-the-demand-for-an-input-2-under-what-conditions-is-it-likely-5146080.htm',
          'https://www.transtutors.com/questions/1-economists-who-hold-to-keynesian-views-are-most-aptly-described-as-group-of-answer-5146079.htm',
          'https://www.transtutors.com/questions/1-what-is-the-difference-between-the-discount-rate-and-the-federal-funds-rate-2-what-5146078.htm',
          'https://www.transtutors.com/questions/1-debit-cards-allow-an-individual-to-transfer-funds-directly-in-a-checkable-account--5146077.htm',
          'https://www.transtutors.com/questions/1-what-cultural-features-of-japanese-people-we-can-find-in-the-following-japanese-pr-5146076.htm',
          'https://www.transtutors.com/questions/1-construct-a-price-index-and-interpretation-pnc-financial-services-group-calculates-5146075.htm',
          'https://www.transtutors.com/questions/help-me-finish-the-question-1-thanks-1-consider-the-utility-function-u-x1-x2-min-2x1-5146074.htm',
          'https://www.transtutors.com/questions/1-consider-two-types-of-consumers-with-the-following-demand-functions-type-a-p-1000--5146073.htm',
          'https://www.transtutors.com/questions/1-consider-a-road-for-which-the-peak-hour-demand-is-p-8-002v-where-p-anticipated-ave-5146072.htm',
          'https://www.transtutors.com/questions/1-consider-the-game-tree-below-h-d-2-2-pl-2-1-p-4-1-0-0-3-0-0-1-a-find-all-pure-str-5146071.htm',
          'https://www.transtutors.com/questions/1-consider-the-following-simultaneous-three-person-game-p-3-f-p-3-b-p2-p2-lr-14-24-3-5146070.htm',
          'https://www.transtutors.com/questions/1-consider-the-following-game-there-is-an-auction-for-a-beautiful-painting-and-there-5146069.htm',
          'https://www.transtutors.com/questions/1-complete-the-following-labor-schedule-for-a-given-firm-use-numbers-only-no-dollar--5146068.htm',
          'https://www.transtutors.com/questions/all-1-compare-and-contrast-the-different-types-of-decisions-that-managers-may-make-i-5146067.htm',
          'https://www.transtutors.com/questions/1-for-the-cobb-douglas-production-function-y-a-k-a-l-1-a-the-marginal-product-of-cap-5146066.htm',
          'https://www.transtutors.com/questions/all-1-bob-has-360-to-spend-on-ice-cream-and-cake-the-prices-of-ice-cream-and-cake-ar-5146065.htm',
          'https://www.transtutors.com/questions/1-assume-you-face-a-two-period-planning-problem-under-certainty-use-appropriate-func-5146064.htm',
          'https://www.transtutors.com/questions/1-answer-all-parts-a-d-of-this-question-let-the-utility-function-be-given-by-u-x1-x2-5146063.htm',
          'https://www.transtutors.com/questions/1-after-the-8-th-worker-this-short-run-production-function-illustrates-a-constant-re-5146062.htm',
          'https://www.transtutors.com/questions/1-40-points-total-it-is-unclear-how-many-firms-making-identical-products-is-required-5146061.htm',
          'https://www.transtutors.com/questions/1-40-points-total-it-is-unclear-how-many-firms-making-identical-products-is-required-5146060.htm',
          'https://www.transtutors.com/questions/1-4-points-according-to-lecture-notes-what-does-standard-microeconomic-theory-say-ab-5146059.htm'],
 'project': ['trans'],
 'referring_link': ['https://www.transtutors.com/questions/economics/159/'],
 'spider': ['trans_links']}
2020-02-05 23:30:17 [scrapy.core.engine] DEBUG: Crawled (200) <GET https://www.transtutors.com/questions/economics/161/> (referer: https://www.google.com/) ['cached']
2020-02-05 23:30:17 [scrapy.core.scraper] DEBUG: Scraped from <200 https://www.transtutors.com/questions/economics/160/>
{'category': ['economy'],
 'date': [datetime.datetime(2020, 2, 5, 23, 30, 17, 268500)],
 'link': ['https://www.transtutors.com/questions/please-show-the-all-work-thank-you-1-25-pts-consider-the-game-consisting-of-the-pris-5146057.htm',
          'https://www.transtutors.com/questions/1-2-answer-the-following-questions-based-on-the-table-provided-below-year-2004-2005--5146056.htm',
          'https://www.transtutors.com/questions/1--5146055.htm',
          'https://www.transtutors.com/questions/1-10-points-describe-your-product-and-its-characteristics-what-is-it-how-is-it-used--5146054.htm',
          'https://www.transtutors.com/questions/1-10-in-the-ad-as-model-which-of-the-following-shifts-the-long-run-aggregate-supply--5146053.htm',
          'https://www.transtutors.com/questions/0-8-0-2-0-6-the-contingent-demand-for-labour-is-0-6--5146052.htm',
          'https://www.transtutors.com/questions/a-mangold-owner-39-s-capital-301-date-explanation-ref-debit-credit-balance-1-1-12-ba-5146051.htm',
          'https://www.transtutors.com/questions/what-is-the-formula-for-measuring-the-price-elasticity-of-supply-percentage-change--5146050.htm',
          'https://www.transtutors.com/questions/a-explain-or-justify-why-this-statement-is-true-quot-if-competitive-firms-are-earnin-5146049.htm',
          'https://www.transtutors.com/questions/a-what-is-the-difference-between-a-quot-change-in-supply-quot-and-a-quot-change-in-q-5146048.htm',
          'https://www.transtutors.com/questions/cmlink-21-24-0-49-question-7-8-unanswered-assume-neither-quantities-nor-number-of-f-5146047.htm',
          'https://www.transtutors.com/questions/cmlink-21-24-0-49-question-7-11-unanswered-market-demand-is-mwtp-70-5q-and-the-marg-5146046.htm',
          'https://www.transtutors.com/questions/cmlink-21-23-49-x-question-7-5-unanswered-assume-quantities-need-not-be-integers-a--5146045.htm',
          'https://www.transtutors.com/questions/cmlink-21-23-0-49-question-7-4-unanswered-refer-to-the-figure-below-assume-quantiti-5146044.htm',
          'https://www.transtutors.com/questions/-5146043.htm',
          'https://www.transtutors.com/questions/yield-management-and-price-discrimination-are-both-designed-to-increase-revenues-by--5146038.htm',
          'https://www.transtutors.com/questions/xyz-company-wants-to-determine-if-it-is-profitable-to-sell-a-new-musical-cd-the-comp-5146037.htm',
          'https://www.transtutors.com/questions/a-xyz-co-has-earning-of-2-65-the-benchmark-pe-is-18-of-company-what-stock-price-you--5146036.htm',
          'https://www.transtutors.com/questions/need-help-thank-you-xavier-enjoys-consuming-both-soda-and-coffee-each-can-of-soda-co-5146035.htm',
          'https://www.transtutors.com/questions/write-an-essay-of-1-250-1-500-words-that-thoroughly-explores-the-following-questions-5146034.htm',
          'https://www.transtutors.com/questions/write-an-essay-of-1-250-1-500-words-that-thoroughly-explores-the-following-many-stat-5146033.htm',
          'https://www.transtutors.com/questions/write-a-1-250-1-500-word-essay-that-thoroughly-explores-the-following-questions-many-5146032.htm',
          'https://www.transtutors.com/questions/would-floating-the-chinese-rmb-effect-what-they-can-do-with-their-interest-rates-is--5146031.htm',
          'https://www.transtutors.com/questions/if-more-women-decide-to-enter-the-labour-market-the-labour-force-participation-rate--5146030.htm',
          'https://www.transtutors.com/questions/within-the-united-states-health-care-system-which-of-the-following-types-of-informat-5146029.htm',
          'https://www.transtutors.com/questions/within-the-united-states-which-of-the-following-entities-are-covered-by-the-hipaa-pr-5146028.htm',
          'https://www.transtutors.com/questions/how-mush-this-would-lower-usage-of-fossil-fuels-william-nordhaus-and-nicholas-stern--5146027.htm',
          'https://www.transtutors.com/questions/whether-or-not-you-ve-seen-the-movie-or-read-the-book-unbroken-which-is-about-a-man--5146026.htm',
          'https://www.transtutors.com/questions/answer-it-westion-5-10-marks-do-you-think-that-the-australian-banking-industry-is-cl-5146025.htm',
          'https://www.transtutors.com/questions/a-well-operated-mass-transit-system-in-north-america-is-one-that-obtains-at-least-ha-5146024.htm',
          'https://www.transtutors.com/questions/it-is-well-known-that-traditional-hub-and-spoke-airlines-use-many-forms-of-price-dis-5146023.htm',
          'https://www.transtutors.com/questions/welcome-to-my-assignments-assignment-2-pricing-summary-my-submissions-ame-assignmen-5146022.htm',
          'https://www.transtutors.com/questions/this-week-we-learned-about-inductive-reasoning-and-its-role-in-helping-make-decision-5146021.htm',
          'https://www.transtutors.com/questions/week-5-assignment-pdf-1-page-q-search-consider-a-woman-jane-who-runs-a-small-busines-5146020.htm',
          'https://www.transtutors.com/questions/for-the-week-2-critical-thinking-exercise-you-will-discuss-and-provide-application-o-5146019.htm',
          'https://www.transtutors.com/questions/week-1-homework-narrative-amanda-and-bartholomew-a-lovely-couple-with-degrees-in-med-5146018.htm',
          'https://www.transtutors.com/questions/are-there-ways-in-which-uber-as-a-newer-and-smaller-company-has-improved-upon-this--5146017.htm',
          'https://www.transtutors.com/questions/in-what-ways-and-how-has-reduction-in-household-income-impacted-the-marginal-consump-5146016.htm',
          'https://www.transtutors.com/questions/in-which-way-can-export-led-economies-make-themselves-more-resilient-and-less-depend-5146015.htm',
          'https://www.transtutors.com/questions/vteps-inc-is-considering-the-production-of-personalized-electric-drill-cases-for-its-5146014.htm',
          'https://www.transtutors.com/questions/we-ve-known-for-a-while-with-a-very-low-unemployment-rate-that-we-re-running-out-of-5146012.htm',
          'https://www.transtutors.com/questions/what-are-the-variables-for-conditional-convergence-for-an-economy-5146011.htm',
          'https://www.transtutors.com/questions/var-of-the-19th-of-february-afleweryca-flowers-are-one-of-the-most-common-gifts-to-g-5146010.htm',
          'https://www.transtutors.com/questions/u-uju-pun-dues-solved-what-are-the-advantages-and-d-at-a-answer-if-the-following-que-5146009.htm',
          'https://www.transtutors.com/questions/uu4jj-lee-this-test-45-pts-tot-the-graph-shows-the-loanable-funds-market-real-intere-5146008.htm',
          'https://www.transtutors.com/questions/i-pxx-pyy-utility-function-u-x-y-x3-4y1-4-find-the-first-principles-the-ordinary-and-5146007.htm',
          'https://www.transtutors.com/questions/using-the-discrete-cash-flow-compound-interest-factor-tables-posted-list-the-faclor--5146006.htm',
          'https://www.transtutors.com/questions/using-the-diagram-below-answer-the-following-questions-both-xi-and-x2-are-quot-goods-5146005.htm',
          'https://www.transtutors.com/questions/using-an-appropriate-example-explain-the-four-4-characteristics-of-a-monopoly-firm-i-5146004.htm',
          'https://www.transtutors.com/questions/using-2011-as-the-base-year-calculate-nominal-gdp-real-gdp-and-gdp-deflator-for-2011-5146003.htm'],
 'project': ['trans'],
 'referring_link': ['https://www.transtutors.com/questions/economics/160/'],
 'spider': ['trans_links']}
2020-02-05 23:30:17 [scrapy.core.engine] DEBUG: Crawled (200) <GET https://www.transtutors.com/questions/economics/162/> (referer: https://www.google.com/) ['cached']
2020-02-05 23:30:17 [scrapy.core.scraper] DEBUG: Scraped from <200 https://www.transtutors.com/questions/economics/161/>
{'category': ['economy'],
 'date': [datetime.datetime(2020, 2, 5, 23, 30, 17, 468852)],
 'link': ['https://www.transtutors.com/questions/use-the-information-below-to-answer-question-23-through-25-the-information-in-the-ta-5146002.htm',
          'https://www.transtutors.com/questions/how-can-i-use-imf-data-or-world-bank-data-to-get-the-gdp-values-for-all-countries-fo-5146001.htm',
          'https://www.transtutors.com/questions/plz-explain-use-the-following-information-to-answer-the-next-two-questions-current-i-5146000.htm',
          'https://www.transtutors.com/questions/use-the-ad-as-model-to-illustrate-diagrammatically-and-explain-the-stagflation-pheno-5145999.htm',
          'https://www.transtutors.com/questions/upward-sloping-attempts-average-1-horizontal-5-study-questions-and-problems-5-downwa-5145998.htm',
          'https://www.transtutors.com/questions/a-university-spent-1-7-million-to-install-solar-panels-atop-a-parking-garage-these-p-5145997.htm',
          'https://www.transtutors.com/questions/if-the-united-states-central-bank-fixes-the-exchange-rate-between-dollars-and-pesos--5145996.htm',
          'https://www.transtutors.com/questions/underlying-assumptions-men-and-women-are-equally-productive-men-s-wages-are-higher-t-5145995.htm',
          'https://www.transtutors.com/questions/umb-umassonline-net-2-part-2-econ-102-ol-ce6048-intro-question-90-6-pts-in-a-certain-5145994.htm',
          'https://www.transtutors.com/questions/u5-dk-111-suppose-an-individual-has-a-daily-income-of-rs-1-500-and-spends-it-to-con-5145993.htm',
          'https://www.transtutors.com/questions/u-p-o-nal-trade-econ-1-courseware-stanford-lagunita-home-chegg-com-answer-if-the-fol-5145992.htm',
          'https://www.transtutors.com/questions/type-ii-diabetes-is-a-costly-and-potentially-debilitating-disease-the-total-costs-in-5145991.htm',
          'https://www.transtutors.com/questions/only-two-goods-are-produced-in-the-world-s-two-countries-japan-and-taiwan-in-japan-o-5145990.htm',
          'https://www.transtutors.com/questions/two-firms-the-alliance-company-and-the-bangor-corporation-produce-vision-systems-the-5145989.htm',
          'https://www.transtutors.com/questions/tutorial-question-4-quot-max-gross-has-the-utility-function-u-xi-x2-max-r1-x2-if-the-5145988.htm',
          'https://www.transtutors.com/questions/tutorial-question-3-darlene-39-s-utility-function-is-u-91-92-93-q-9-23-if-her-income-5145987.htm',
          'https://www.transtutors.com/questions/tutorial-question-2-the-following-table-presents-alfred-39-s-marginal-utility-for-ea-5145986.htm',
          'https://www.transtutors.com/questions/true-or-false-roger-is-contemplating-spending-his-entire-income-on-ten-kilograms-of--5145985.htm',
          'https://www.transtutors.com/questions/true-or-false-if-false-correct-the-statement-to-make-it-true-3-pts-the-phillips-curv-5145984.htm',
          'https://www.transtutors.com/questions/true-or-false-6-points-2-points-each-print-t-or-f-right-besides-each-question-bellow-5145983.htm',
          'https://www.transtutors.com/questions/traditionally-in-many-regional-and-municipal-jurisdictions-ride-for-hire-taxi-compan-5145982.htm',
          'https://www.transtutors.com/questions/the-tradeoff-between-and-is-represented-as-the-labor-supply-curve-5145981.htm',
          'https://www.transtutors.com/questions/trade-union-activities-may-cause-unemployment-if-the-union-contract-wage-is-set-abov-5145980.htm',
          'https://www.transtutors.com/questions/total-reserves-are-equal-to-vault-cash-plus-money-the-bank-has-on-deposit-with-the-f-5145979.htm',
          'https://www.transtutors.com/questions/topic-should-the-government-raise-the-minimum-wage-to-reduce-poverty-there-is-ongoin-5145978.htm',
          'https://www.transtutors.com/questions/i-need-help-with-this-problem-12-12-thanks-tibrium-real-graphs-ve-at-equi-torise-by--5145977.htm',
          'https://www.transtutors.com/questions/what-do-you-think-was-the-one-most-important-thing-these-ancient-civilizations-did-o-5145976.htm',
          'https://www.transtutors.com/questions/what-do-you-think-you-need-to-know-in-order-to-become-an-early-childhood-professiona-5145975.htm',
          'https://www.transtutors.com/questions/thank-you-for-your-help-and-work-thank-you-for-your-help-12-deriving-the-slope-of-an-5145974.htm',
          'https://www.transtutors.com/questions/thank-you-for-your-help-and-work-please-show-me-the-specific-coordinates-for-the-gra-5145973.htm',
          'https://www.transtutors.com/questions/your-textbook-says-quot-heavily-regulated-economies-often-have-underground-economies-5145972.htm',
          'https://www.transtutors.com/questions/text-box-3-fr-a-b-c-e-f-g-1-question-1-includes-parts-a-and-b-below-your-company-pla-5145971.htm',
          'https://www.transtutors.com/questions/what-is-the-term-for-karl-marx-theory-of-historical-progression-that-is-focused-on-c-5145970.htm',
          'https://www.transtutors.com/questions/if-the-target-market-is-price-sensitive-will-the-firm-operate-at-short-run-or-long-r-5145969.htm',
          'https://www.transtutors.com/questions/the-table-contains-information-on-the-price-per-month-and-the-monthly-demand-and-sup-5145968.htm',
          'https://www.transtutors.com/questions/table-1-sample-of-6-obserations-observation-1-14-4-2-11-3-23-6-4-20-6-5-11-4-6-23-7--5145967.htm',
          'https://www.transtutors.com/questions/sustainability-in-concrete-1-you-recently-moved-into-a-new-house-with-your-old-roomm-5145966.htm',
          'https://www.transtutors.com/questions/be-sure-to-use-graphs-and-economic-models-tools-to-support-your-response-to-each-of--5145965.htm',
          'https://www.transtutors.com/questions/suppose-x-and-y-are-complements-and-demand-for-x-is-qx-d-a0-axpx-aypy-amm-ahh-then-w-5145964.htm',
          'https://www.transtutors.com/questions/suppose-u-s-investors-begin-purchasing-assets-in-mexico-illustrate-graphically-how-t-5145963.htm',
          'https://www.transtutors.com/questions/suppose-that-there-are-only-two-firms-that-produce-widgets-firm-1-and-firm-2-the-two-5145962.htm',
          'https://www.transtutors.com/questions/suppose-that-a-profit-maximizing-monopolist-happy-trails-supplies-mule-rides-to-the--5145961.htm',
          'https://www.transtutors.com/questions/suppose-that-the-production-function-for-a-product-is-z-square-root-of-64xy-where-x--5145960.htm',
          'https://www.transtutors.com/questions/suppose-that-the-prices-of-wine-imported-from-chile-rose-from-the-base-year-which-is-5145959.htm',
          'https://www.transtutors.com/questions/suppose-that-the-prices-of-wine-imported-from-chile-rose-from-the-base-year-which-is-5145958.htm',
          'https://www.transtutors.com/questions/suppose-that-nominal-gdp-is-1-billion-and-the-government-has-100-million-of-bonds-ou-5145957.htm',
          'https://www.transtutors.com/questions/suppose-that-a-monopoly-has-costs-for-the-various-levels-of-output-shown-below-outpu-5145956.htm',
          'https://www.transtutors.com/questions/suppose-that-the-money-supply-of-a-country-is-80-billion-and-the-velocity-of-money-i-5145955.htm',
          'https://www.transtutors.com/questions/suppose-that-the-money-supply-of-a-country-is-100-billion-and-the-velocity-of-money--5145954.htm',
          'https://www.transtutors.com/questions/suppose-the-market-demand-for-good-x-is-given-by-q-x-d-20-2p-x-if-the-equilibrium-pr-5145953.htm'],
 'project': ['trans'],
 'referring_link': ['https://www.transtutors.com/questions/economics/161/'],
 'spider': ['trans_links']}
2020-02-05 23:30:17 [scrapy.core.engine] DEBUG: Crawled (200) <GET https://www.transtutors.com/questions/economics/163/> (referer: https://www.google.com/) ['cached']
2020-02-05 23:30:17 [scrapy.core.scraper] DEBUG: Scraped from <200 https://www.transtutors.com/questions/economics/162/>
{'category': ['economy'],
 'date': [datetime.datetime(2020, 2, 5, 23, 30, 17, 621864)],
 'link': ['https://www.transtutors.com/questions/suppose-joe-has-preferences-over-income-given-by-u-i-ln-i-furthermore-suppose-there--5145952.htm',
          'https://www.transtutors.com/questions/suppose-an-industry-consists-of-150-firms-with-identical-cost-structures-represented-5145951.htm',
          'https://www.transtutors.com/questions/suppose-an-individual-39-s-mrs-of-steak-for-beer-is-1-5-that-is-at-the-current-consu-5145950.htm',
          'https://www.transtutors.com/questions/suppose-that-your-grandmother-is-a-generous-woman-who-spends-most-of-her-days-readin-5145949.htm',
          'https://www.transtutors.com/questions/suppose-government-purchases-do-not-change-over-time-then-a-lump-sum-tax-cut-given-b-5145948.htm',
          'https://www.transtutors.com/questions/suppose-an-economy-can-be-represented-by-2-1-y-l3xk3-3-if-the-economy-has-a-saving-3-5145947.htm',
          'https://www.transtutors.com/questions/solve-it-a-suppose-we-have-an-economy-characterized-by-the-following-functions-c-300-5145946.htm',
          'https://www.transtutors.com/questions/suppose-david-is-a-tea-and-coffee-drinker-he-has-total-income-of-200-dollars-his-uti-5145945.htm',
          'https://www.transtutors.com/questions/can-this-be-done-using-lagrange-suppose-a-consumer-39-s-utility-function-is-given-by-5145944.htm',
          'https://www.transtutors.com/questions/suppose-a-consumer-39-s-utility-function-is-given-by-u-a-b-a-b-suppose-the-price-of--5145943.htm',
          'https://www.transtutors.com/questions/suppose-that-at-the-beginning-of-the-year-the-price-of-corn-is-3-80-per-bushel-and-1-5145942.htm',
          'https://www.transtutors.com/questions/subject-a-critical-exploration-of-fan-subbing-copyright-and-translation-right-questi-5145941.htm',
          'https://www.transtutors.com/questions/at-a-student-caf-there-are-equal-numbers-of-two-types-of-customers-with-the-followin-5145940.htm',
          'https://www.transtutors.com/questions/strategy-deny-deny-in-prisoners-39-dilemma-can-be-described-as-a-pareto-optimal-and--5145939.htm',
          'https://www.transtutors.com/questions/the-store-manager-of-dollar-tree-has-reviewed-the-inventory-policy-of-placing-orders-5145938.htm',
          'https://www.transtutors.com/questions/still-on-the-website-www-rba-gov-au-click-on-exchange-rates-in-that-box-in-question--5145937.htm',
          'https://www.transtutors.com/questions/steel-is-produced-in-3-countries-a-b-and-c-their-inverse-demands-and-supplies-are-gi-5145936.htm',
          'https://www.transtutors.com/questions/the-statements-and-equations-show-various-ways-of-defining-average-variable-cost-mar-5145935.htm',
          'https://www.transtutors.com/questions/before-the-state-government-approves-large-scale-road-infrastructure-projects-such-a-5145934.htm',
          'https://www.transtutors.com/questions/state-of-economy-probability-of-state-of-economy-stock-x-stock-y-recession-20-k400--5145933.htm',
          'https://www.transtutors.com/questions/spts-5-participative-managers-typically-turn-their-management-responsibilities-over-5145932.htm',
          'https://www.transtutors.com/questions/the-sport-of-video-gaming-has-a-single-franchise-with-the-following-production-funct-5145931.htm',
          'https://www.transtutors.com/questions/which-sources-of-healthcare-insurance-within-the-united-states-are-strictly-based-on-5145930.htm',
          'https://www.transtutors.com/questions/solve-the-following-word-problems-jacob-has-not-paid-his-320-credit-card-bill-and-it-5145929.htm',
          'https://www.transtutors.com/questions/how-to-solve-d-d-hackatxa-acsx-d2-xn-txg-5145928.htm',
          'https://www.transtutors.com/questions/show-work-dox-is-the-price-in-dollars-per-unit-that-consumers-are-willing-to-pay-for-5145927.htm',
          'https://www.transtutors.com/questions/show-step-by-step-how-to-solver-if-nominal-gross-domestic-product-gdp-in-2013-was-8--5145926.htm',
          'https://www.transtutors.com/questions/in-the-short-run-the-price-at-which-a-firm-39-s-total-revenues-equal-its-total-costs-5145925.htm',
          'https://www.transtutors.com/questions/managerial-economics-help-short-run-costs-due-show-work-for-credit-name-use-the-func-5145924.htm',
          'https://www.transtutors.com/questions/shifts-in-production-possibilities-suppose-canada-produces-two-types-of-goods-agricu-5145923.htm',
          'https://www.transtutors.com/questions/setting-prices-equal-to-marginal-cost-is-necessary-to-achieve-allocative-efficiency--5145922.htm',
          'https://www.transtutors.com/questions/semester-compulsory-assignments-appendix-b-second-semester-c-assignment-1-unique-num-5145921.htm',
          'https://www.transtutors.com/questions/a-select-three-3-items-that-are-not-included-in-the-calculation-of-gdp-and-explain--5145920.htm',
          'https://www.transtutors.com/questions/section-b-essay-questions-an-economy-has-full-employment-output-of-5000-government-p-5145919.htm',
          'https://www.transtutors.com/questions/a-schim-2-using-hol-dons-graph-the-market-and-the-individual-sppy-demand-and-costs-f-5145918.htm',
          'https://www.transtutors.com/questions/the-savings-rate-in-a-country-is-25-the-government-wants-to-expand-gdp-by-300-billio-5145917.htm',
          'https://www.transtutors.com/questions/after-saving-money-in-her-piggy-bank-for-three-years-beverly-decided-to-deposit-5-00-5145916.htm',
          'https://www.transtutors.com/questions/which-one-is-the-correct-answer-sam-39-s-product-strategy-pizza-no-pizza-10-0-pizz-1-5145915.htm',
          'https://www.transtutors.com/questions/a-salesperson-can-use-regular-levels-of-effort-to-make-a-sale-30-chance-of-success-o-5145914.htm',
          'https://www.transtutors.com/questions/thank-you-s-understanding-the-least-cost-rule-aa-aa-jacques-girard-runs-a-surfing-sc-5145913.htm',
          'https://www.transtutors.com/questions/round-all-intermediate-calculations-to-at-least-4-decimal-places-a-television-netwo-5145912.htm',
          'https://www.transtutors.com/questions/the-role-of-the-price-of-labor-in-a-market-economy-is-to-1-guarantee-that-resources--5145911.htm',
          'https://www.transtutors.com/questions/robu-s-utility-function-over-leisure-l-food-f-and-clothing-c-is-given-by-u-l-f-c-l-a-5145910.htm',
          'https://www.transtutors.com/questions/can-you-rewrite-this-essay-so-it-can-be-free-of-plagiarism-in-calculus-we-use-techno-5145909.htm',
          'https://www.transtutors.com/questions/return-on-investment-can-be-defined-as-the-interest-rate-where-present-worth-of-a-pr-5145908.htm',
          'https://www.transtutors.com/questions/restrictive-covenants-on-bank-loans-are-used-to-avoid-a-moral-hazard-b-negative-exte-5145907.htm',
          'https://www.transtutors.com/questions/a-restaurant-knows-that-beverages-such-as-beer-wine-and-mineral-water-are-complement-5145906.htm',
          'https://www.transtutors.com/questions/researchers-have-identified-various-motives-why-mnes-undertake-foreign-direct-invest-5145905.htm',
          'https://www.transtutors.com/questions/how-relevant-are-government-activities-in-the-economy-dome-how-the-provision-of-gove-5145904.htm',
          'https://www.transtutors.com/questions/please-explain-how-to-get-the-answer-the-relationship-between-marginal-cost-and-aver-5145903.htm'],
 'project': ['trans'],
 'referring_link': ['https://www.transtutors.com/questions/economics/162/'],
 'spider': ['trans_links']}
2020-02-05 23:30:17 [scrapy.core.engine] DEBUG: Crawled (200) <GET https://www.transtutors.com/questions/economics/164/> (referer: https://www.google.com/) ['cached']
2020-02-05 23:30:17 [scrapy.core.scraper] DEBUG: Scraped from <200 https://www.transtutors.com/questions/economics/163/>
{'category': ['economy'],
 'date': [datetime.datetime(2020, 2, 5, 23, 30, 17, 773802)],
 'link': ['https://www.transtutors.com/questions/there-is-a-relationship-between-the-amount-of-loanable-funds-demanded-and-the-rate-o-5145902.htm',
          'https://www.transtutors.com/questions/in-my-regression-here-is-one-dependent-variable-which-is-dummy-and-28-independent-va-5145900.htm',
          'https://www.transtutors.com/questions/refer-to-the-fiqure-at-right-if-demand-curve-d-is-the-relevant-demand-curve-rent-is--5145899.htm',
          'https://www.transtutors.com/questions/refer-back-to-table-10-4-of-the-marginal-benefit-and-cost-estimates-for-the-1990-cle-5145898.htm',
          'https://www.transtutors.com/questions/should-a-recession-occur-what-will-happen-to-the-revenue-of-the-property-developers-5145897.htm',
          'https://www.transtutors.com/questions/i-really-need-the-answer-to-definitely-be-correct-and-explained-well-for-each-one-th-5145896.htm',
          'https://www.transtutors.com/questions/i-really-need-this-answer-to-be-correct-with-a-good-explanation-thankyou-in-advance--5145895.htm',
          'https://www.transtutors.com/questions/i-really-need-the-answer-to-be-correct-with-a-good-explanation-thankyou-in-advance-a-5145894.htm',
          'https://www.transtutors.com/questions/for-the-real-gdp-of-8000-how-come-the-consumption-is-7600-and-not-7800-the-answer-th-5145893.htm',
          'https://www.transtutors.com/questions/when-the-real-exchange-rate-in-the-us-goes-up-it-means-o-us-goods-are-more-expensive-5145892.htm',
          'https://www.transtutors.com/questions/read-the-measures-of-wellbeing-file-on-flo-and-read-the-pages-there-about-using-real-5145891.htm',
          'https://www.transtutors.com/questions/was-the-reaction-of-the-chinese-government-justified-compared-to-the-reasons-given-f-5145890.htm',
          'https://www.transtutors.com/questions/how-does-the-rational-choice-theory-explain-a-person-39-s-decision-to-use-drugs-such-5145889.htm',
          'https://www.transtutors.com/questions/how-does-the-rational-choice-theory-explain-a-person-39-s-decision-to-use-drugs-such-5145888.htm',
          'https://www.transtutors.com/questions/a-rapid-transit-task-force-is-considering-two-options-to-reduce-congestion-and-incre-5145887.htm',
          'https://www.transtutors.com/questions/why-can-raising-interest-rates-slow-an-economy-down--5145886.htm',
          'https://www.transtutors.com/questions/quiz-tax-policy-0-0-9-0-points-graded-suppose-demand-is-relatively-elastic-who-will--5145885.htm',
          'https://www.transtutors.com/questions/quiz-instructions-d-question-5-3-pts-the-relationship-between-quantity-supplied-and--5145884.htm',
          'https://www.transtutors.com/questions/quiz-the-demand-and-supply-of-capital-including-housing-0-0-8-0-points-graded-suppos-5145883.htm',
          'https://www.transtutors.com/questions/subjective-probabilities-and-endowments-p-1-p-2-paul-0-6-0-4-500-300-george-0-5-0-5--5145882.htm',
          'https://www.transtutors.com/questions/quilt-leview-ui-maciulunuimics-ii-0-0-8-0-points-graded-answer-the-following-questio-5145881.htm',
          'https://www.transtutors.com/questions/both-11-and-12-quesuun-1111-pull-enpow-a-stock-in-a-company-is-a-share-of-ownership--5145880.htm',
          'https://www.transtutors.com/questions/question-ref-no-3228-you-are-considering-two-investment-options-in-option-a-you-have-5145879.htm',
          'https://www.transtutors.com/questions/question-part-a-case-in-a-typical-economy-the-bulk-of-income-earners-are-workers-who-5145878.htm',
          'https://www.transtutors.com/questions/this-question-is-very-important-and-i-need-solution-for-this-issue-with-all-the-deta-5145877.htm',
          'https://www.transtutors.com/questions/question-9-question-3-part-a-using-the-market-for-federal-funds-graphically-illustra-5145876.htm',
          'https://www.transtutors.com/questions/question-9-consider-the-market-defined-by-the-following-demand-and-supply-functions--5145875.htm',
          'https://www.transtutors.com/questions/question-9-chapter-manko7t-section-101-problem-050-9-chapter-mankot-section-101-prob-5145874.htm',
          'https://www.transtutors.com/questions/question-9-2-pts-natural-monopolies-imply-that-atc-fall-within-the-range-of-total-de-5145873.htm',
          'https://www.transtutors.com/questions/question-8-pflag-question-not-yet-answered-marked-out-of-1-00-under-the-least-square-5145872.htm',
          'https://www.transtutors.com/questions/question-8-an-emissions-charge-pollution-tax-is-generally-not-appropriate-for-a-stoc-5145871.htm',
          'https://www.transtutors.com/questions/8-question-8-1-point-saved-monetary-policy-attempts-to-affect-the-overall-level-of-s-5145870.htm',
          'https://www.transtutors.com/questions/please-let-me-know-if-im-right-thanks-question-7-george-and-peter-are-two-farmers-wh-5145869.htm',
          'https://www.transtutors.com/questions/question-7-2-pts-the-price-discriminating-monopolist-will-earn-higher-profits-than-t-5145868.htm',
          'https://www.transtutors.com/questions/question-6-resources-are-o-scarce-for-households-and-scarce-for-economies-o-scarce-f-5145867.htm',
          'https://www.transtutors.com/questions/note-kindly-answer-with-explanation-question-6-the-following-diagram-shows-the-cost--5145866.htm',
          'https://www.transtutors.com/questions/note-please-explain-every-part-question-6-the-following-diagram-shows-the-cost-curve-5145865.htm',
          'https://www.transtutors.com/questions/question-6-5p-the-coase-theorem-susrests-bila-polluter-and-a-victim-of-pollution-can-5145864.htm',
          'https://www.transtutors.com/questions/question-6-20-points-suppose-a-firm-has-a-production-function-q-f-l-k-l-4-k-8-use-th-5145863.htm',
          'https://www.transtutors.com/questions/question-6-2-pts-q6-suppose-that-each-team-in-a-league-has-a-demand-curve-for-generi-5145862.htm',
          'https://www.transtutors.com/questions/question-6-10-points-the-central-bank-within-the-economy-of-any-country-is-an-instit-5145861.htm',
          'https://www.transtutors.com/questions/question-5-the-macdermott-company-estimates-its-average-total-cost-to-be-rm10-per-un-5145860.htm',
          'https://www.transtutors.com/questions/question-5-the-following-demand-function-has-been-estimated-for-fantasy-pinball-mach-5145859.htm',
          'https://www.transtutors.com/questions/question-5-in-dass-we-considered-the-example-of-an-individual-trying-to-decide-wheth-5145858.htm',
          'https://www.transtutors.com/questions/question-5-15-points-an-economy-is-endowed-with-labor-l-and-capital-k-that-can-be-us-5145857.htm',
          'https://www.transtutors.com/questions/what-is-the-right-answer-question-5-1-pts-which-of-the-following-might-start-a-cost--5145856.htm',
          'https://www.transtutors.com/questions/question-40-1-point-saved-if-government-spending-increases-and-taxes-decrease-implic-5145855.htm',
          'https://www.transtutors.com/questions/question-4-the-west-chester-corporation-believes-that-the-demand-curve-for-its-produ-5145854.htm',
          'https://www.transtutors.com/questions/question-4-a-certain-production-process-employs-two-inputs-labor-l-and-raw-materials-5145853.htm',
          'https://www.transtutors.com/questions/question-4-2-pts-q4-a-franchise-faces-the-following-production-function-and-marginal-5145852.htm'],
 'project': ['trans'],
 'referring_link': ['https://www.transtutors.com/questions/economics/163/'],
 'spider': ['trans_links']}
2020-02-05 23:30:17 [scrapy.core.engine] DEBUG: Crawled (200) <GET https://www.transtutors.com/questions/economics/165/> (referer: https://www.google.com/) ['cached']
2020-02-05 23:30:17 [scrapy.core.scraper] DEBUG: Scraped from <200 https://www.transtutors.com/questions/economics/164/>
{'category': ['economy'],
 'date': [datetime.datetime(2020, 2, 5, 23, 30, 17, 940101)],
 'link': ['https://www.transtutors.com/questions/question-4-15-points-bengt-39-s-preferences-are-represented-by-the-utility-function--5145851.htm',
          'https://www.transtutors.com/questions/question-32-o-out-of-2-points-consider-an-economy-with-a-labor-force-of-100-million--5145850.htm',
          'https://www.transtutors.com/questions/question-3-uip-use-quot-the-economist-historical-archive-quot-link-to-collect-data-o-5145849.htm',
          'https://www.transtutors.com/questions/question-3-refer-to-the-table-below-what-type-of-good-is-represented-by-each-box-a-b-5145848.htm',
          'https://www.transtutors.com/questions/question-3-some-politicians-have-suggested-that-we-should-stay-away-from-income-tax--5145847.htm',
          'https://www.transtutors.com/questions/question-3-peter-studies-the-demand-curve-of-sydney-consumers-of-bmw-cars-he-has-dat-5145846.htm',
          'https://www.transtutors.com/questions/question-3-the-per-person-versions-of-production-functions-write-the-following-produ-5145845.htm',
          'https://www.transtutors.com/questions/question-3-the-quot-per-person-quot-versions-of-production-functions-write-the-follo-5145844.htm',
          'https://www.transtutors.com/questions/question-3-the-klein-corporation-39-s-marketing-department-using-regression-analysis-5145843.htm',
          'https://www.transtutors.com/questions/explanations-required-thanks-question-3-which-of-the-following-statements-is-not-tru-5145842.htm',
          'https://www.transtutors.com/questions/question-3-emco-company-has-an-assembly-line-of-fixed-size-a-total-output-is-a-funct-5145841.htm',
          'https://www.transtutors.com/questions/question-3-20-points-zack-39-s-preferences-over-commodities-x-and-y-are-represented--5145840.htm',
          'https://www.transtutors.com/questions/question-3-20-points-zack-39-s-preferences-over-commodities-x-and-y-are-represented--5145839.htm',
          'https://www.transtutors.com/questions/question-23-not-yet-answered-marked-out-of-1-00-if-the-purchasing-power-parity-and-u-5145838.htm',
          'https://www.transtutors.com/questions/question-2-the-uq-union-has-permitted-two-florists-lucy-and-john-to-set-up-stalls-on-5145837.htm',
          'https://www.transtutors.com/questions/question-2-below-is-the-title-and-abstract-of-an-article-which-was-published-in-the--5145836.htm',
          'https://www.transtutors.com/questions/question-2-suppose-that-the-manager-of-a-firm-operating-in-a-competitive-market-has--5145835.htm',
          'https://www.transtutors.com/questions/question-2-part-a-using-the-market-for-loanable-funds-graphically-illustrate-and-upl-5145834.htm',
          'https://www.transtutors.com/questions/question-2-labour-supply-10-marks-the-labour-force-participation-of-married-men-in-t-5145833.htm',
          'https://www.transtutors.com/questions/question-2-a-the-jones-company-has-the-following-cost-schedule-output-units-total-co-5145832.htm',
          'https://www.transtutors.com/questions/question-2-if-a-firm-has-no-market-power-the-firm-39-s-demand-curve-will-be-perfectl-5145831.htm',
          'https://www.transtutors.com/questions/question-2-explain-if-the-central-bank-is-engaged-in-expansionary-or-contractionary--5145830.htm',
          'https://www.transtutors.com/questions/question-2-15-points-june-works-from-home-she-has-12-hours-to-spend-on-leisure-x-or--5145829.htm',
          'https://www.transtutors.com/questions/question-2-15-points-june-works-from-home-she-has-12-hours-to-spend-on-leisure-s-or--5145828.htm',
          'https://www.transtutors.com/questions/question-16-x-c-the-first-part-x-part-ii-30-marks-10-marks-per-question-questions-36-5145827.htm',
          'https://www.transtutors.com/questions/question-16-1-pts-owners-of-stock-may-receive-income-in-the-form-of-oman-to-make-the-5145826.htm',
          'https://www.transtutors.com/questions/question-12-if-fixed-costs-are-r4-variable-costs-per-unit-are-r1-and-the-demand-func-5145825.htm',
          'https://www.transtutors.com/questions/question-10-which-of-the-following-is-not-a-reason-that-market-based-approaches-are--5145824.htm',
          'https://www.transtutors.com/questions/question-10-the-development-of-fracking-pumping-highly-pressurised-water-into-rock-t-5145823.htm',
          'https://www.transtutors.com/questions/question-10-1-pts-project-rate-of-return-on-investment-20-cost-of-investment-500-300-5145822.htm',
          'https://www.transtutors.com/questions/question-1-what-was-the-unemployment-rate-in-the-us-in-july-2019-question-2-how-many-5145821.htm',
          'https://www.transtutors.com/questions/question-1-suppose-that-the-demand-and-supply-functions-for-good-x-are-qu-50-8p-q-17-5145820.htm',
          'https://www.transtutors.com/questions/question-1-question-1-part-a-the-economy-of-bliccogia-contains-4000-in-currency-what-5145819.htm',
          'https://www.transtutors.com/questions/this-question-1-pt-time-remaining-01-26-3-submit-te-15-of-45-12-complete-this-test-4-5145818.htm',
          'https://www.transtutors.com/questions/question-1-labour-supply-25-marks-melissa-is-a-working-mother-oftwo-living-in-brazil-5145817.htm',
          'https://www.transtutors.com/questions/question-1-in-our-imaginary-economy-the-current-rate-of-economic-growth-in-real-term-5145816.htm',
          'https://www.transtutors.com/questions/question-1-given-that-the-demand-function-of-the-good-z-q-500-6p-2p-0-6y-where-qz-qu-5145815.htm',
          'https://www.transtutors.com/questions/question-1-for-each-of-the-following-cost-output-relationships-describe-the-shape-u--5145814.htm',
          'https://www.transtutors.com/questions/question-1-which-of-the-following-causes-the-official-measure-of-the-unemployment-ra-5145813.htm',
          'https://www.transtutors.com/questions/i-need-answer-only-for-part-d-thanks-question-1-40-marks-use-the-classical-model-for-5145812.htm',
          'https://www.transtutors.com/questions/q9-discuss-what-osha-requires-of-employers-to-create-a-safer-workplace-and-how-it-is-5145811.htm',
          'https://www.transtutors.com/questions/q7-what-are-the-options-available-to-an-employer-has-engaged-in-age-discrimination-e-5145810.htm',
          'https://www.transtutors.com/questions/q6-explain-the-following-religious-freedom-restoration-act-b-religious-harassment-em-5145809.htm',
          'https://www.transtutors.com/questions/q4-what-is-race-discrimination-discuss-how-it-has-impacted-employment-law--5145808.htm',
          'https://www.transtutors.com/questions/q3-explain-the-following-a-national-labor-relations-board-b-unfair-labor-practices-w-5145807.htm',
          'https://www.transtutors.com/questions/part-e-to-j-q2-regulating-subsidyzing-a-natural-monopoly-5-points-extremely-expensiv-5145806.htm',
          'https://www.transtutors.com/questions/q2-a-price-discrimination-a-small-school-has-100-students-you-have-been-commissioned-5145805.htm',
          'https://www.transtutors.com/questions/q2-explain-the-norris-la-guardia-act-of-1932-and-what-it-covers--5145804.htm',
          'https://www.transtutors.com/questions/please-explain-q2-in-the-early-1980s-u-s-chemical-producers-believed-that-china-was--5145803.htm',
          'https://www.transtutors.com/questions/q1-explain-the-following-with-examples-a-constructive-discharge-b-disparate-treatmen-5145802.htm'],
 'project': ['trans'],
 'referring_link': ['https://www.transtutors.com/questions/economics/164/'],
 'spider': ['trans_links']}
2020-02-05 23:30:18 [scrapy.core.engine] DEBUG: Crawled (200) <GET https://www.transtutors.com/questions/economics/166/> (referer: https://www.google.com/) ['cached']
2020-02-05 23:30:18 [scrapy.core.scraper] DEBUG: Scraped from <200 https://www.transtutors.com/questions/economics/165/>
{'category': ['economy'],
 'date': [datetime.datetime(2020, 2, 5, 23, 30, 18, 94788)],
 'link': ['https://www.transtutors.com/questions/q11-the-typical-los-angeles-chargers-fan-has-a-demand-curve-for-tickets-to-home-game-5145801.htm',
          'https://www.transtutors.com/questions/q10-explain-the-taft-harley-act-of-1947-and-the-landrum-griffin-act-of-1959-and-disc-5145800.htm',
          'https://www.transtutors.com/questions/q1-suppose-that-we-measure-meat-output-in-terms-of-calorie-content-and-consider-anim-5145799.htm',
          'https://www.transtutors.com/questions/please-explain-q1-suppose-you-are-interested-in-using-time-series-data-to-estimate-t-5145798.htm',
          'https://www.transtutors.com/questions/all-parts-q1-q1-personalized-pricing-5-points-pokhara-a-monopolist-in-the-market-for-5145797.htm',
          'https://www.transtutors.com/questions/q1-a-music-publisher-in-medieval-england-pays-100-to-prepare-a-plate-for-printing-mu-5145796.htm',
          'https://www.transtutors.com/questions/q-1-the-following-table-gives-the-short-run-and-long-run-total-costs-for-various-lev-5145795.htm',
          'https://www.transtutors.com/questions/q1-explain-the-family-medical-act-including-to-whom-it-applies-and-under-what-circum-5145794.htm',
          'https://www.transtutors.com/questions/q-which-policy-cannot-be-use-to-combat-recessions-a-increase-money-supply-b-expand-u-5145793.htm',
          'https://www.transtutors.com/questions/q-consider-an-economy-that-only-produces-two-goods-a-and-b-the-base-year-is-2015-and-5145792.htm',
          'https://www.transtutors.com/questions/pukka-and-twinings-are-two-british-tea-companies-competing-in-the-market-their-produ-5145791.htm',
          'https://www.transtutors.com/questions/if-publisher-profits-can-be-preserved-at-lower-prices-in-an-all-e-world-why-are-publ-5145790.htm',
          'https://www.transtutors.com/questions/public-transport-is-an-important-service-for-students-travelling-to-the-university-o-5145789.htm',
          'https://www.transtutors.com/questions/what-is-the-public-policy-that-allows-companies-to-file-for-chapter-11-reorganizatio-5145788.htm',
          'https://www.transtutors.com/questions/what-is-the-public-policy-that-allows-companies-to-file-for-chapter-11-reorganizatio-5145787.htm',
          'https://www.transtutors.com/questions/if-the-provision-of-policing-and-law-enforcement-services-were-turned-over-to-the-pr-5145786.htm',
          'https://www.transtutors.com/questions/production-functions-production-functions-are-a-graphical-or-mathematical-expression-5145785.htm',
          'https://www.transtutors.com/questions/problem-4-consider-a-multiple-regression-model-with-one-depedent-variable-y-and-two--5145784.htm',
          'https://www.transtutors.com/questions/problem-3-consider-the-following-cournot-duopoly-price-is-determined-by-p-200-91-92--5145783.htm',
          'https://www.transtutors.com/questions/problem-2-consider-the-stage-game-on-the-right-can-we-get-a-y-played-each-date-in-an-5145782.htm',
          'https://www.transtutors.com/questions/problem-2-consider-an-overlapping-generations-model-in-which-an-agent-lives-for-two--5145781.htm',
          'https://www.transtutors.com/questions/problem-1-answer-both-1-and-2-1-consider-a-general-equilibrium-model-where-two-goods-5145780.htm',
          'https://www.transtutors.com/questions/problem-1-150-marks-consider-a-consumer-with-wealth-w-who-consumes-two-goods-which-w-5145779.htm',
          'https://www.transtutors.com/questions/what-are-the-primary-uses-of-buckwheat-canola-grain-sorghum-and-sunflower--5145778.htm',
          'https://www.transtutors.com/questions/the-pricing-model-for-itunes-has-been-to-price-songs-individually-in-contrast-spotif-5145777.htm',
          'https://www.transtutors.com/questions/i-also-want-to-know-what-the-supply-function-is-if-a-price-taking-firm-39-s-producti-5145776.htm',
          'https://www.transtutors.com/questions/if-a-price-taking-firm-39-s-production-function-is-given-by-9-741-its-profit-functio-5145775.htm',
          'https://www.transtutors.com/questions/the-price-that-results-when-quantity-demanded-equals-quantity-supplied-is-most-corre-5145774.htm',
          'https://www.transtutors.com/questions/as-presented-in-the-textbook-which-of-the-following-statements-is-not-correct-a-prof-5145773.htm',
          'https://www.transtutors.com/questions/if-you-can-predict-interest-rates-then-you-can-earn-a-fortune-buying-and-selling-bon-5145772.htm',
          'https://www.transtutors.com/questions/practice-questions-supply-and-demand-model-1-suppose-the-supply-and-demand-for-marij-5145771.htm',
          'https://www.transtutors.com/questions/the-potential-gdp-of-a-country-is-o-equal-to-its-actual-real-gdp-times-by-output-gap-5145770.htm',
          'https://www.transtutors.com/questions/positive-and-normative-economics-is-the-study-of-what-is-and-what-should-be-respect-5145769.htm',
          'https://www.transtutors.com/questions/at-point-f-the-marginal-cost-of-s-in-terms-of-t-is-uestion-completion-status-ds-a-sm-5145768.htm',
          'https://www.transtutors.com/questions/plete-this-t-choose-the-statement-about-the-long-run-phillips-curve-that-is-incorrec-5145767.htm',
          'https://www.transtutors.com/questions/please-use-your-own-words-don-39-t-copy-and-paste-don-39-t-use-handwriting-use-keybo-5145766.htm',
          'https://www.transtutors.com/questions/please-use-different-colors-to-indicate-the-demand-line-and-give-the-specific-coordi-5145765.htm',
          'https://www.transtutors.com/questions/please-summarise-the-effects-of-healthcare-research-outcomes-can-have-on-health-econ-5145764.htm',
          'https://www.transtutors.com/questions/please-note-that-this-is-two-different-graphs-please-give-the-specific-coordinate-po-5145763.htm',
          'https://www.transtutors.com/questions/please-indicate-the-specific-coordinate-points-and-distinguish-them-by-different-col-5145762.htm',
          'https://www.transtutors.com/questions/please-indicate-the-specific-coordinate-points-and-distinguish-them-by-different-col-5145761.htm',
          'https://www.transtutors.com/questions/please-indicate-the-lines-in-different-colors-and-give-detailed-coordinate-points-th-5145760.htm',
          'https://www.transtutors.com/questions/please-indicate-the-lines-in-different-colors-and-give-detailed-coordinate-points-th-5145759.htm',
          'https://www.transtutors.com/questions/please-if-you-dont-know-dont-try-to-answer-im-very-grateful-if-you-guys-understand-p-5145758.htm',
          'https://www.transtutors.com/questions/please-calculate-whether-the-following-functions-exhibit-economies-of-scope-when-one-5145757.htm',
          'https://www.transtutors.com/questions/please-calculate-whether-the-following-functions-exhibit-economies-of-scope-when-one-5145756.htm',
          'https://www.transtutors.com/questions/a-person-buys-a-bond-that-matures-in-20-years-and-pays-a-coupon-rate-of-10-percent-t-5145755.htm',
          'https://www.transtutors.com/questions/the-per-factory-cost-function-for-producing-bikes-is-c-q-20-2q-0-05q2-and-demand-cur-5145754.htm',
          'https://www.transtutors.com/questions/part-b-finding-c-i-not-understanding-how-to-solve-thanks-pensity-es-appear-in-myecon-5145753.htm',
          'https://www.transtutors.com/questions/the-penguin-random-house-executives-talked-about-the-challenge-of-managing-a-busines-5145752.htm'],
 'project': ['trans'],
 'referring_link': ['https://www.transtutors.com/questions/economics/165/'],
 'spider': ['trans_links']}
2020-02-05 23:30:18 [scrapy.core.engine] DEBUG: Crawled (200) <GET https://www.transtutors.com/questions/economics/167/> (referer: https://www.google.com/) ['cached']
2020-02-05 23:30:18 [scrapy.core.scraper] DEBUG: Scraped from <200 https://www.transtutors.com/questions/economics/166/>
{'category': ['economy'],
 'date': [datetime.datetime(2020, 2, 5, 23, 30, 18, 244035)],
 'link': ['https://www.transtutors.com/questions/does-it-pay-to-be-a-costco-member-how-would-an-economist-calculate-the-cost-of-membe-5145751.htm',
          'https://www.transtutors.com/questions/for-the-part-that-fills-in-the-blank-the-options-are-the-same-thank-you-for-your-hel-5145750.htm',
          'https://www.transtutors.com/questions/a-paragraph-for-each-one-with-references-first-scenario-for-most-business-firms-that-5145749.htm',
          'https://www.transtutors.com/questions/outline-one-recent-incident-where-failure-to-adhere-to-information-governance-in-fav-5145748.htm',
          'https://www.transtutors.com/questions/outline-the-important-determinants-of-demand-for-automobiles-how-are-cross-and-incom-5145747.htm',
          'https://www.transtutors.com/questions/outline-the-important-determinants-of-demand-for-automobiles-how-are-cross-and-incom-5145746.htm',
          'https://www.transtutors.com/questions/ostoin-z-which-of-the-following-is-an-example-of-a-worker-experiencing-frictional-un-5145745.htm',
          'https://www.transtutors.com/questions/organisation-84-lumber-topic-primary-research-on-84-lumber-recruitment-discovery-dat-5145744.htm',
          'https://www.transtutors.com/questions/what-is-the-opportunity-cost-of-one-more-candy-bar-does-these-opportunity-costs-rise-5145743.htm',
          'https://www.transtutors.com/questions/ontent-attribution-12-47-pm-4-days-36-50-question-32-which-of-the-following-is-not-a-5145742.htm',
          'https://www.transtutors.com/questions/one-year-ago-amira-opened-a-cheese-firm-she-put-70-000-of-her-own-money-into-the-fir-5145741.htm',
          'https://www.transtutors.com/questions/if-one-were-to-discuss-why-the-term-monopolistic-competition-is-used-the-best-descri-5145740.htm',
          'https://www.transtutors.com/questions/gt-homework-ch-03-suppose-that-candonia-and-lamponia-agree-to-trade-each-country-fo-5145739.htm',
          'https://www.transtutors.com/questions/the-olympics-are-scheduled-to-be-held-in-brazil-you-are-the-owners-of-a-business-tha-5145738.htm',
          'https://www.transtutors.com/questions/why-do-oligopolists-rely-on-a-price-leader-to-raise-the-market-price-of-a-product--5145737.htm',
          'https://www.transtutors.com/questions/oil-is-a-resource-used-by-many-manufacturers-which-graph-illustrates-the-effects-of--5145736.htm',
          'https://www.transtutors.com/questions/oftled-water-is-perfectly-competitive-siis-a-vendor-in-this-market-the-great-wall-of-5145735.htm',
          'https://www.transtutors.com/questions/in-november-2011-the-national-planning-commission-developed-a-draft-national-plan-wh-5145734.htm',
          'https://www.transtutors.com/questions/note-answers-should-be-in-details-own-words-word-format-computerized-case-study-1-th-5145733.htm',
          'https://www.transtutors.com/questions/non-cash-costs-play-an-important-role-in-the-supply-and-demand-of-transportation-exp-5145732.htm',
          'https://www.transtutors.com/questions/if-nominal-gdp-is-decreasing-then-the-country-is-producing-a-smaller-quantity-of-goo-5145731.htm',
          'https://www.transtutors.com/questions/for-the-net-cash-flow-series-find-the-external-rate-of-return-eror-using-the-mirr-me-5145730.htm',
          'https://www.transtutors.com/questions/just-need-solutions-for-5-10-please-consider-the-following-economy-labor-supply-n-t--5145729.htm',
          'https://www.transtutors.com/questions/i-need-quick-answers-for-this-question-for-all-the-details-and-help-me-with-all-the--5145728.htm',
          'https://www.transtutors.com/questions/i-need-quick-answers-for-this-question-for-all-the-details-and-help-me-with-all-the--5145727.htm',
          'https://www.transtutors.com/questions/i-need-quick-answers-for-this-question-for-all-the-details-and-help-me-with-all-the--5145726.htm',
          'https://www.transtutors.com/questions/i-need-quick-answers-for-this-question-for-all-the-details-and-help-me-with-all-the--5145725.htm',
          'https://www.transtutors.com/questions/i-need-an-elaborate-answer-which-should-be-original-how-might-the-government-use-ini-5145724.htm',
          'https://www.transtutors.com/questions/i-need-an-elaborate-answer-which-should-be-original-identify-the-factors-that-limit--5145723.htm',
          'https://www.transtutors.com/questions/the-nash-equilibrium-of-the-cournot-game-in-which-two-identical-firms-face-market-de-5145722.htm',
          'https://www.transtutors.com/questions/how-are-the-narratives-in-the-last-10k-2018-and-the-annual-shareholders-reports-for--5145721.htm',
          'https://www.transtutors.com/questions/profit-analysis-in-managerial-economics-name-profit-analysis-due-show-work-for-credi-5145720.htm',
          'https://www.transtutors.com/questions/in-the-mundell-fleming-model-all-of-the-following-will-cause-a-shift-right-in-the-is-5145719.htm',
          'https://www.transtutors.com/questions/in-the-mundell-fleming-model-with-floating-exchange-rates-an-increase-in-the-money-s-5145718.htm',
          'https://www.transtutors.com/questions/in-the-mundell-fleming-model-with-fixed-exchange-rates-an-increase-in-taxes-will-cau-5145717.htm',
          'https://www.transtutors.com/questions/how-much-would-a-gallon-of-gas-cost-in-2060-in-today-s-dollars-part-3-let-39-s-say-a-5145716.htm',
          'https://www.transtutors.com/questions/how-much-aviation-security-is-enough-who-should-pay-for-aviation-security--5145715.htm',
          'https://www.transtutors.com/questions/how-much-attention-do-you-pay-to-economic-figures-in-the-news-such-as-the-gdp-the-un-5145714.htm',
          'https://www.transtutors.com/questions/mplete-it-and-answere-6-the-following-information-relates-to-a-three-sector-economy--5145713.htm',
          'https://www.transtutors.com/questions/mpl-30-mpk-50-cost-of-labour-10-and-cost-of-capital-25-is-the-above-firm-at-its-equi-5145712.htm',
          'https://www.transtutors.com/questions/a-monopolist-sells-output-to-two-kinds-of-customers-type-1-customers-have-annual-dem-5145711.htm',
          'https://www.transtutors.com/questions/how-does-the-monopolist-determine-the-profit-maximizing-price-find-where-marginal-co-5145710.htm',
          'https://www.transtutors.com/questions/money-is-defined-by-economists-as-the-market-value-of-an-asset-the-funds-one-receive-5145709.htm',
          'https://www.transtutors.com/questions/mirela-consumes-muffins-and-coffee-she-loves-muffins-from-dream-your-muffin-company--5145708.htm',
          'https://www.transtutors.com/questions/miranda-works-30-hours-a-week-at-a-wage-rate-of-15-thus-her-total-weekly-income-is-4-5145707.htm',
          'https://www.transtutors.com/questions/mindtap-cengage-learning-x-ng-cengage-com-static-nb-ui-evo-index-html-elsbn-97813376-5145706.htm',
          'https://www.transtutors.com/questions/why-might-sunflower-plants-persist-better-through-a-drought-than-corn-plants--5145705.htm',
          'https://www.transtutors.com/questions/how-might-your-position-as-a-student-at-umass-or-other-university-be-a-positional-go-5145704.htm',
          'https://www.transtutors.com/questions/midlap-cengage-aming-x-age-com-static-u-ev-indexhtml-deploymentid-567221221261941723-5145703.htm',
          'https://www.transtutors.com/questions/which-is-a-method-used-to-determine-the-internal-rate-of-return-o-a-computer-solutio-5145702.htm'],
 'project': ['trans'],
 'referring_link': ['https://www.transtutors.com/questions/economics/166/'],
 'spider': ['trans_links']}
2020-02-05 23:30:18 [scrapy.core.engine] DEBUG: Crawled (200) <GET https://www.transtutors.com/questions/economics/168/> (referer: https://www.google.com/) ['cached']
2020-02-05 23:30:18 [scrapy.core.scraper] DEBUG: Scraped from <200 https://www.transtutors.com/questions/economics/167/>
{'category': ['economy'],
 'date': [datetime.datetime(2020, 2, 5, 23, 30, 18, 413909)],
 'link': ['https://www.transtutors.com/questions/mediocre-medical-centre-would-like-you-to-investigate-building-a-florist-in-the-medi-5145701.htm',
          'https://www.transtutors.com/questions/the-medical-community-unanimously-agrees-on-the-health-benefits-of-regular-exercise--5145700.htm',
          'https://www.transtutors.com/questions/measuring-gdp-calculate-gdp-from-the-table-given-below-measuring-gdp-billions-of-dol-5145699.htm',
          'https://www.transtutors.com/questions/what-have-been-your-most-meaningful-learning-studying-organizational-behavior-what-m-5145698.htm',
          'https://www.transtutors.com/questions/mc-y-25y-0-5-and-this-marginal-cost-does-not-change-when-output-y-changes-e-consider-5145697.htm',
          'https://www.transtutors.com/questions/you-may-work-on-this-assignment-with-1-other-person-please-be-neat-and-make-sure-you-5145696.htm',
          'https://www.transtutors.com/questions/mircoeconomics-need-the-full-answer-thx-max-has-the-utility-function-u-x1-x2-x1-x2-1-5145695.htm',
          'https://www.transtutors.com/questions/mircoeconomics-need-the-full-answer-thx-quot-max-gross-has-the-utility-function-u-x--5145694.htm',
          'https://www.transtutors.com/questions/mathematical-form-of-a-linear-demand-function-for-cba-company-is-given-below-qx-0-1p-5145693.htm',
          'https://www.transtutors.com/questions/please-help-me-check-the-answer-thank-you-so-much-marla-enjoys-going-to-the-theater--5145692.htm',
          'https://www.transtutors.com/questions/the-markets-in-which-the-economy-operates-has-a-large-impact-on-the-manner-in-which--5145691.htm',
          'https://www.transtutors.com/questions/in-the-market-for-alcoholic-beverages-a-business-called-drive-thru-bottle-shop-offer-5145690.htm',
          'https://www.transtutors.com/questions/marginal-cost-10wqr-2-4r-4w-2-using-marginal-cost-function-find-the-supply-function--5145689.htm',
          'https://www.transtutors.com/questions/the-manufacturer-of-beanie-baby-dolls-used-quarterly-price-data-for-2005-i-2013-iv-t-5145688.htm',
          'https://www.transtutors.com/questions/making-comparisons-between-decisions-based-on-dollar-amounts-time-and-preferences-ar-5145687.htm',
          'https://www.transtutors.com/questions/the-mainstream-view-of-macroeconomic-instability-emphesizes-sticky-prices-use-the-fi-5145686.htm',
          'https://www.transtutors.com/questions/just-looking-for-some-guidance-here-please-answer-with-200-250-words-for-each-questi-5145685.htm',
          'https://www.transtutors.com/questions/a-longitudinal-experiment-was-conducted-in-tennessee-beginning-in-1985-and-ending-in-5145684.htm',
          'https://www.transtutors.com/questions/a-longitudinal-experiment-was-conducted-in-tennessee-beginning-in-1985-and-ending-in-5145683.htm',
          'https://www.transtutors.com/questions/a-longitudinal-experiment-was-conducted-in-tennessee-beginning-in-1985-and-ending-in-5145682.htm',
          'https://www.transtutors.com/questions/in-the-long-run-a-purely-competitive-firm-39-s-marginal-revenue-is-equal-to-average--5145681.htm',
          'https://www.transtutors.com/questions/in-a-liquidity-trap-which-of-the-following-is-true-1-point-monetary-policy-is-more-e-5145680.htm',
          'https://www.transtutors.com/questions/i-m-not-understanding-part-e-of-12-12-i-need-some-help-solving-thanks-lion-in-real-g-5145679.htm',
          'https://www.transtutors.com/questions/limited-liability-business-forms-are-generally-created-by-the-government-given-this--5145678.htm',
          'https://www.transtutors.com/questions/latvia-has-become-the-second-european-union-country-to-seek-the-international-moneta-5145677.htm',
          'https://www.transtutors.com/questions/some-laborers-are-i-was-producing-2-700-cars-u-100-ly-and-2-x-and-z-only-cars-z-only-5145676.htm',
          'https://www.transtutors.com/questions/krugman-et-al-2015-postulate-that-empirical-evidence-suggests-that-external-imbalanc-5145675.htm',
          'https://www.transtutors.com/questions/keys-challenges-and-solutions-for-proposal-implementation-this-should-be-an-even-han-5145674.htm',
          'https://www.transtutors.com/questions/keynes-believed-all-of-the-following-are-true-except-o-wages-and-prices-are-sticky-t-5145673.htm',
          'https://www.transtutors.com/questions/where-k-and-i-are-capital-and-labor-inputs-consider-three-statements-about-this-supp-5145672.htm',
          'https://www.transtutors.com/questions/justify-the-following-case-using-economic-principles-explain-using-examples-1-why-do-5145671.htm',
          'https://www.transtutors.com/questions/justice-fulfillment-of-legitimate-expectations-paul-heyne-justice-example-society-h-5145670.htm',
          'https://www.transtutors.com/questions/johnx-assignments-20-x-mind-tap-cengs-x-a-ebook-with-aleks-x-trenton-new-jer-x-ca-pu-5145669.htm',
          'https://www.transtutors.com/questions/joh-assignments-20-x-mindtap-cenge-x-a-bock-with-aleks-x-trenton-new-jer-x-c-a-pulle-5145668.htm',
          'https://www.transtutors.com/questions/jim-39-s-burgers-39-recent-technological-innovations-have-allowed-them-to-reduce-the-5145667.htm',
          'https://www.transtutors.com/questions/a-japanese-company-produces-biscuits-in-australia-and-exports-all-of-them-to-china-i-5145666.htm',
          'https://www.transtutors.com/questions/a-japanese-company-produces-biscuits-in-australia-and-exports-all-of-them-to-china-i-5145665.htm',
          'https://www.transtutors.com/questions/thank-you-an-isoquant-is-a-curve-showing-all-combinations-of-labor-and-capital-that--5145664.htm',
          'https://www.transtutors.com/questions/introduce-150w-and-definition-500w-about-the-problem-graffiti-on-the-wall-and-cannot-5145663.htm',
          'https://www.transtutors.com/questions/international-business-please-identify-and-explain-the-following-risks-for-australia-5145662.htm',
          'https://www.transtutors.com/questions/the-international-air-transport-association-iata-has-set-the-following-goals-for-the-5145661.htm',
          'https://www.transtutors.com/questions/insurance-companies-charge-annual-premiums-to-collect-revenue-which-they-then-use-to-5145660.htm',
          'https://www.transtutors.com/questions/if-an-individual-39-s-utility-function-is-given-by-u-xy-x-4-0-and-i-200-px-2-py-3-hi-5145659.htm',
          'https://www.transtutors.com/questions/if-an-individual-39-s-utility-function-for-coffee-x-and-cream-v-is-given-by-ux-y-min-5145658.htm',
          'https://www.transtutors.com/questions/indicate-which-of-the-following-would-cause-a-movement-from-point-a-to-c-check-all-t-5145657.htm',
          'https://www.transtutors.com/questions/if-the-income-of-buyers-decrease-and-good-a-is-an-inferior-good-the-click-to-select--5145656.htm',
          'https://www.transtutors.com/questions/can-the-imposition-of-highway-tolls-be-analyzed-as-a-peak-load-pricing-problem-expla-5145655.htm',
          'https://www.transtutors.com/questions/is-it-important-for-a-professional-team-to-be-involved-in-social-media-why-or-why-no-5145654.htm',
          'https://www.transtutors.com/questions/the-imf-initially-have-three-basic-functions-overseeing-a-system-of-pegged-but-adjus-5145653.htm',
          'https://www.transtutors.com/questions/imagine-that-there-are-only-two-countries-in-the-world-america-and-china-each-countr-5145652.htm'],
 'project': ['trans'],
 'referring_link': ['https://www.transtutors.com/questions/economics/167/'],
 'spider': ['trans_links']}
2020-02-05 23:30:18 [scrapy.core.engine] DEBUG: Crawled (200) <GET https://www.transtutors.com/questions/economics/169/> (referer: https://www.google.com/) ['cached']
2020-02-05 23:30:18 [scrapy.core.scraper] DEBUG: Scraped from <200 https://www.transtutors.com/questions/economics/168/>
{'category': ['economy'],
 'date': [datetime.datetime(2020, 2, 5, 23, 30, 18, 577345)],
 'link': ['https://www.transtutors.com/questions/imagine-abc-is-a-perfectly-competitive-firm-currently-producing-100-units-of-output--5145651.htm',
          'https://www.transtutors.com/questions/iii-es-are-clearly-inades-eds-and-services-tha-of-choice-if-we-ca-il-not-have-sconom-5145650.htm',
          'https://www.transtutors.com/questions/ii-labor-productivity-and-the-u-s-labor-market-40-consider-a-representative-firm-wit-5145649.htm',
          'https://www.transtutors.com/questions/iever-wiat-do-we-assume-about-inventories-5-simple-spending-multiplier-quot-a-rise-i-5145648.htm',
          'https://www.transtutors.com/questions/identifying-entry-strategy-and-core-competencies-providing-the-proposed-business-com-5145647.htm',
          'https://www.transtutors.com/questions/i-have-no-idea-where-to-start-with-this-aggregation-problem-is-it-really-as-simple-a-5145646.htm',
          'https://www.transtutors.com/questions/the-idea-that-exchange-rates-and-prices-adjust-to-equalize-the-cost-of-living-across-5145645.htm',
          'https://www.transtutors.com/questions/hw-h15-monopoly-5-graph-a-monopoly-lompare-the-price-glentny-land-atc-of-a-monopoly--5145644.htm',
          'https://www.transtutors.com/questions/why-is-human-capital-an-important-component-of-economic-growth-human-capital-increas-5145643.htm',
          'https://www.transtutors.com/questions/huitewoikc20-price-level-the-level-of-technological-knowledge-suppose-the-economy-p-5145642.htm',
          'https://www.transtutors.com/questions/when-the-housing-market-collapsed-in-2007-the-demand-for-loanable-funds-decreased-an-5145641.htm',
          'https://www.transtutors.com/questions/homework-ch-21--5145640.htm',
          'https://www.transtutors.com/questions/homework-ch-11-assume-that-the-actuarial-and-accounting-industries-employ-people-wit-5145639.htm',
          'https://www.transtutors.com/questions/homework-ch-10-6-price-discriminating-firm-jake-owns-a-plot-of-land-in-the-desert-th-5145638.htm',
          'https://www.transtutors.com/questions/homework-ch-10-2-profit-maximization-of-a-seller-in-a-competitive-price-searchermark-5145637.htm',
          'https://www.transtutors.com/questions/the-quot-holding-all-other-independent-variables-constant-quot-condition-is-importan-5145636.htm',
          'https://www.transtutors.com/questions/a-higher-wage-will-always-induce-workers-to-work-more-hours-o-true-false-the-income--5145635.htm',
          'https://www.transtutors.com/questions/hi-please-help-with-the-below-question-and-provide-the-explanations-of-why-you-belie-5145634.htm',
          'https://www.transtutors.com/questions/hi-please-answer-multiple-choice-questions-correctly-to-receive-a-thumbs-up-rating-i-5145633.htm',
          'https://www.transtutors.com/questions/hi-please-answer-all-multiple-choice-questions-correctly-to-receive-a-thumbs-up-rati-5145632.htm',
          'https://www.transtutors.com/questions/hi-please-answer-all-multiple-choice-questions-correctly-to-receive-a-thumbs-up-rati-5145631.htm',
          'https://www.transtutors.com/questions/hi-please-answer-all-multiple-choice-questions-correctly-to-receive-a-thumbs-up-rati-5145630.htm',
          'https://www.transtutors.com/questions/hi-please-answer-all-multiple-choice-questions-correctly-to-receive-a-thumbs-up-rati-5145629.htm',
          'https://www.transtutors.com/questions/hi-guys-can-you-help-me-pls-my-question-is-quot-management-information-systems-mis-p-5145628.htm',
          'https://www.transtutors.com/questions/hey-the-questions-have-solutions-but-i-dont-have-an-idea-how-to-arrive-at-the-answer-5145627.htm',
          'https://www.transtutors.com/questions/who-h-of-the-following-is-true-about-a-public-company--5145626.htm',
          'https://www.transtutors.com/questions/a-growing-number-of-large-cities-around-the-world-have-or-are-considering-the-introd-5145625.htm',
          'https://www.transtutors.com/questions/greg-is-a-producer-of-banana-smoothies-in-a-perfectly-competitive-market-at-his-prof-5145624.htm',
          'https://www.transtutors.com/questions/there-is-a-great-deal-of-price-stability-and-non-price-competition-in-the-oligopoly--5145623.htm',
          'https://www.transtutors.com/questions/grand-river-transit-has-a-cash-fare-policy-of-charging-a-single-price-3-25-to-all-tr-5145622.htm',
          'https://www.transtutors.com/questions/if-the-government-wants-to-expand-the-economy-it-can-either-increase-government-spen-5145621.htm',
          'https://www.transtutors.com/questions/what-are-the-government-39-s-fiscal-policy-options-for-ending-a-recession-describe-a-5145620.htm',
          'https://www.transtutors.com/questions/how-does-google-predict-the-future-up-until-now-we-have-examined-how-markets-help-al-5145619.htm',
          'https://www.transtutors.com/questions/the-goods-and-services-market-aggregate-consumption-spending-c-y-150-75yd-where-ya-d-5145618.htm',
          'https://www.transtutors.com/questions/if-a-good-has-an-income-elasticity-of-demand-greater-than-1-one-might-classify-that--5145617.htm',
          'https://www.transtutors.com/questions/if-the-goal-of-a-tariff-is-to-reduce-the-trade-deficit-in-other-words-increase-nx-th-5145616.htm',
          'https://www.transtutors.com/questions/you-are-given-the-following-information-about-the-2018-final-regular-season-results--5145615.htm',
          'https://www.transtutors.com/questions/give-examples-of-two-substitute-goods-and-two-complementary-goods-in-each-case-expla-5145614.htm',
          'https://www.transtutors.com/questions/give-an-example-of-where-the-idea-of-universalizability-consistent-judgments-has-not-5145613.htm',
          'https://www.transtutors.com/questions/these-are-general-questions-that-i-have-which-i-need-help-with-my-confusions-from-qu-5145612.htm',
          'https://www.transtutors.com/questions/general-material-a-monopoly-public-enterprise-produces-lead-at-a-cost-of-5-per-unit--5145611.htm',
          'https://www.transtutors.com/questions/why-are-gene-banks-so-valuable-what-are-the-advantages-of-in-situ-gene-banks--5145610.htm',
          'https://www.transtutors.com/questions/the-game-below-depicts-revenues-to-the-brooklyn-nets-the-new-york-knicks-based-on-th-5145609.htm',
          'https://www.transtutors.com/questions/managerial-economics-help-here-is-f-g-is-productive-efficiency-at-the-value-in-f-gre-5145608.htm',
          'https://www.transtutors.com/questions/foreign-exchange-market-and-determination-of-foreign-exchange-rate-in-2016-the-nomin-5145607.htm',
          'https://www.transtutors.com/questions/a-forecaster-used-the-regression-equation-qt-a-bt-c-1-d-1-c-2-d-2-c-3-d-3-and-quarte-5145606.htm',
          'https://www.transtutors.com/questions/a-forecaster-used-the-regression-equation-qt-a-bt-c-1-d-1-c-2-d-2-c-3-d-3-and-quarte-5145605.htm',
          'https://www.transtutors.com/questions/a-forecaster-used-the-regression-equation-qt-a-bt-c-1-d-1-c-2-d-2-c-3-d-3-and-quarte-5145604.htm',
          'https://www.transtutors.com/questions/which-of-the-following-transactions-will-be-counted-as-part-of-the-us-current-accoun-5145603.htm',
          'https://www.transtutors.com/questions/which-of-the-following-transactions-will-be-counted-as-part-1-point-of-the-us-capita-5145602.htm'],
 'project': ['trans'],
 'referring_link': ['https://www.transtutors.com/questions/economics/168/'],
 'spider': ['trans_links']}
2020-02-05 23:30:18 [scrapy.core.engine] DEBUG: Crawled (200) <GET https://www.transtutors.com/questions/economics/170/> (referer: https://www.google.com/) ['cached']
2020-02-05 23:30:18 [scrapy.core.scraper] DEBUG: Scraped from <200 https://www.transtutors.com/questions/economics/169/>
{'category': ['economy'],
 'date': [datetime.datetime(2020, 2, 5, 23, 30, 18, 772382)],
 'link': ['https://www.transtutors.com/questions/mircoeconomics-need-the-full-answer-thx-the-following-table-presents-alfred-39-s-mar-5145601.htm',
          'https://www.transtutors.com/questions/with-the-following-table-indirect-business-taxes-600-depreciation-950-change-in-busi-5145600.htm',
          'https://www.transtutors.com/questions/which-of-the-following-statements-is-true-a-moral-hazard-is-primarily-an-issue-prior-5145599.htm',
          'https://www.transtutors.com/questions/which-of-the-following-statements-are-false-1-information-the-entrepreneur-39-s-abil-5145598.htm',
          'https://www.transtutors.com/questions/which-of-the-following-statements-is-are-correct-x-if-a-country-engages-in-trade-wit-5145597.htm',
          'https://www.transtutors.com/questions/which-of-the-following-statements-best-describes-an-implication-of-the-permanent-inc-5145596.htm',
          'https://www.transtutors.com/questions/all-of-the-following-are-sources-of-loanable-funds-except-a-government-budget-surplu-5145595.htm',
          'https://www.transtutors.com/questions/following-is-the-production-and-marginal-product-for-bcc-no-of-worker-computers-prod-5145594.htm',
          'https://www.transtutors.com/questions/which-of-the-following-production-functions-exhibits-an-elasticity-of-substitution-e-5145593.htm',
          'https://www.transtutors.com/questions/which-of-the-following-is-nota-way-by-which-service-companies-10-foothold-in-the-mar-5145592.htm',
          'https://www.transtutors.com/questions/which-of-the-following-will-not-necessarily-lower-the-official-measure-of-the-unempl-5145591.htm',
          'https://www.transtutors.com/questions/plz-answer-e-f-the-following-information-to-answer-the-questions-that-follow-7-use-t-5145590.htm',
          'https://www.transtutors.com/questions/the-following-information-to-answer-the-questions-that-follow-7-use-the-fol-c-1000--5145589.htm',
          'https://www.transtutors.com/questions/the-following-figure-shows-some-hypothetical-oca-criteria-with-the-eurozone-for-sele-5145588.htm',
          'https://www.transtutors.com/questions/for-each-of-the-following-events-state-the-relevant-elasticity-concept-then-calculat-5145587.htm',
          'https://www.transtutors.com/questions/which-of-the-following-correctly-describes-an-oligopoly-a-single-firm-has-all-of-the-5145586.htm',
          'https://www.transtutors.com/questions/which-of-the-following-correctly-describes-monopolistic-competition-o-firm-faces-hor-5145585.htm',
          'https://www.transtutors.com/questions/which-of-the-following-is-not-a-characteristic-of-an-oligopoly-low-barriers-to-entry-5145584.htm',
          'https://www.transtutors.com/questions/the-following-5-questions-relate-to-the-information-provided-here-a-competitive-indu-5145583.htm',
          'https://www.transtutors.com/questions/from-a-fiscal-policy-perspective-are-tax-cuts-and-spending-reductions-a-solid-part-o-5145582.htm',
          'https://www.transtutors.com/questions/first-national-bank-is-fully-loaned-up-the-reserve-ratio-is-20-households-deposit-10-5145581.htm',
          'https://www.transtutors.com/questions/a-firm-s-production-function-is-given-as-q-5l-0-7-k-0-3-where-q-is-the-quantity-of-p-5145580.htm',
          'https://www.transtutors.com/questions/a-firm-39-s-price-in-a-perfectly-competitive-market-is-1000-its-cost-function-is-3x2-5145579.htm',
          'https://www.transtutors.com/questions/firm-quantity-the-graph-above-represents-the-short-run-outcome-for-a-typical-firm-in-5145578.htm',
          'https://www.transtutors.com/questions/if-you-find-that-nominal-wages-rise-slower-than-the-price-level-then-real-wages-have-5145577.htm',
          'https://www.transtutors.com/questions/find-the-amount-of-taxable-income-and-the-tax-owed-the-letter-following-the-name-ind-5145576.htm',
          'https://www.transtutors.com/questions/the-financial-statements-for-castile-products-inc-are-given-below-castile-products-i-5145575.htm',
          'https://www.transtutors.com/questions/fill-in-the-table-below-describe-your-result-7-points-disposable-income-consumption--5145574.htm',
          'https://www.transtutors.com/questions/the-figure-to-the-right-shows-learning-curves-la-and-lb-for-countries-alpha-a-and-be-5145573.htm',
          'https://www.transtutors.com/questions/which-answer-is-correct-the-figure-to-the-right-shows-curves-representing-the-averag-5145572.htm',
          'https://www.transtutors.com/questions/summarize-the-facts-and-answer-the-critical-thinking-question-federal-trade-commissi-5145571.htm',
          'https://www.transtutors.com/questions/the-federal-reserve-system-39-s-balance-sheer-answer-if-the-following-questions-are--5145570.htm',
          'https://www.transtutors.com/questions/the-federal-reserve-board-is-keeping-interest-rates-at-low-levels-what-are-the-benef-5145569.htm',
          'https://www.transtutors.com/questions/fe-suppose-you-have-100-000-in-a-mutual-fund-which-is-paying-9-per-year-you-want-to--5145568.htm',
          'https://www.transtutors.com/questions/fe-how-long-will-it-take-india-39-s-gdp-to-quadruple-if-current-growth-rate-7-2-p-a--5145567.htm',
          'https://www.transtutors.com/questions/fe-a-firm-expanded-one-of-its-operations-inside-an-existing-plant-in-2018-new-proces-5145566.htm',
          'https://www.transtutors.com/questions/fe-a-company-is-currently-paying-a-sales-representative-0-58-mile-to-drive-her-own-c-5145565.htm',
          'https://www.transtutors.com/questions/fe-a-bank-pays-12-interest-per-year-compounded-semiannually-what-is-the-effective-in-5145564.htm',
          'https://www.transtutors.com/questions/of-the-factors-that-lead-to-income-inequality-over-which-one-does-an-individual-actu-5145563.htm',
          'https://www.transtutors.com/questions/the-fact-that-workers-must-share-a-limited-amount-of-space-and-equipment-results-in--5145562.htm',
          'https://www.transtutors.com/questions/the-ez-credit-company-offers-to-loan-a-college-student-6-000-for-school-expenses-rep-5145561.htm',
          'https://www.transtutors.com/questions/exploring-scarcity-describe-a-situation-in-which-alexei-s-grade-points-and-free-time-5145560.htm',
          'https://www.transtutors.com/questions/what-are-the-explicit-subsidies-and-implicit-subsidies-externalities-to-industrial-a-5145559.htm',
          'https://www.transtutors.com/questions/explain-theme-of-the-paper-quot-pleasure-domes-of-xanadu-quot-based-on-what-you-read-5145558.htm',
          'https://www.transtutors.com/questions/explain-shared-value-creation-using-an-example-under-csr-and-sustainability-framewor-5145557.htm',
          'https://www.transtutors.com/questions/explain-the-main-features-of-the-first-industrial-revolution-and-how-it-differed-fro-5145556.htm',
          'https://www.transtutors.com/questions/explain-how-forecasting-is-useful-in-determining-demand-and-revenues-5145555.htm',
          'https://www.transtutors.com/questions/explain-the-following-phenomena-using-properties-of-kahneman-and-tversky-39-s-prospe-5145554.htm',
          'https://www.transtutors.com/questions/a-explain-why-when-economy-in-good-state-exchange-rate-f-is-higher-than-that-in-bad-5145553.htm',
          'https://www.transtutors.com/questions/explain-the-difference-in-the-profit-under-the-two-situation-the-price-in-each-marke-5145552.htm'],
 'project': ['trans'],
 'referring_link': ['https://www.transtutors.com/questions/economics/169/'],
 'spider': ['trans_links']}
2020-02-05 23:30:18 [scrapy.core.engine] DEBUG: Crawled (200) <GET https://www.transtutors.com/questions/economics/171/> (referer: https://www.google.com/) ['cached']
2020-02-05 23:30:18 [scrapy.core.scraper] DEBUG: Scraped from <200 https://www.transtutors.com/questions/economics/170/>
{'category': ['economy'],
 'date': [datetime.datetime(2020, 2, 5, 23, 30, 18, 942331)],
 'link': ['https://www.transtutors.com/questions/explain-the-concept-of-marginalism-and-how-it-was-used-profusely-in-neoclassical-mod-5145551.htm',
          'https://www.transtutors.com/questions/explain-the-concept-of-marginalism-and-how-it-was-used-profusely-in-neoclassical-mod-5145550.htm',
          'https://www.transtutors.com/questions/experts-kindly-help-explain-it-in-detail-not-only-solution-jack-receives-utility-fro-5145549.htm',
          'https://www.transtutors.com/questions/example-three-consumers-have-valuations-9-6-and-2-for-building-a-park-in-the-neigh-b-5145548.htm',
          'https://www.transtutors.com/questions/example-each-player-i-1-2-is-given-100-and-then-asked-to-contribute-an-amount-ii-whe-5145547.htm',
          'https://www.transtutors.com/questions/example-consider-a-society-with-2-individuals-a-and-b-and-2-goods-1-and-2-the-total--5145546.htm',
          'https://www.transtutors.com/questions/evidence-for-ppp-in-the-short-run-u-s-dollars-2-75-per-pound-sterling-2-50-relative--5145545.htm',
          'https://www.transtutors.com/questions/evidence-for-ppp-in-the-long-run-relationship-predicted-by-ppp-rate-of-40-depreciati-5145544.htm',
          'https://www.transtutors.com/questions/every-sunday-mandy-sells-her-homemade-candies-mandy-39-s-candies-at-a-large-local-fa-5145543.htm',
          'https://www.transtutors.com/questions/evaluate-the-statement-the-government-should-have-no-place-in-a-capitalistic-market--5145542.htm',
          'https://www.transtutors.com/questions/b-when-you-evaluate-a-game-tree-such-as-this-one-where-the-players-accept-when-indif-5145541.htm',
          'https://www.transtutors.com/questions/help-when-you-evaluate-a-game-tree-such-as-this-one-where-the-players-accept-when-in-5145540.htm',
          'https://www.transtutors.com/questions/given-options-are-below-for-all-q-no-2-when-you-evaluate-a-game-tree-such-as-this-on-5145538.htm',
          'https://www.transtutors.com/questions/what-is-a-european-style-vacation-why-do-some-countries-require-workers-to-take-time-5145537.htm',
          'https://www.transtutors.com/questions/etched-in-clay-by-andrea-cheng-1-who-are-the-different-historical-persons-you-meet-i-5145536.htm',
          'https://www.transtutors.com/questions/erine-economies-sh-2016-2017-final-exam-page-bots-alba-is-comparing-two-electric-mot-5145535.htm',
          'https://www.transtutors.com/questions/your-engineering-consulting-company-measures-the-output-in-service-hours-sh-and-the--5145533.htm',
          'https://www.transtutors.com/questions/enforced-q3-discuss-the-purpose-of-erisa-and-identify-who-and-what-type-of-entities--5145532.htm',
          'https://www.transtutors.com/questions/employee-production-volume-in-t-1-percentage-change-in-production-between-t-1-and-t--5145531.htm',
          'https://www.transtutors.com/questions/as-an-employee-of-a-company-that-is-considering-investing-in-a-foreign-economy-you-h-5145530.htm',
          'https://www.transtutors.com/questions/how-has-the-emergence-of-different-types-of-health-insurance-plans-e-g-hmo-ppo-epo-p-5145529.htm',
          'https://www.transtutors.com/questions/please-help-me-check-the-answer-and-graph-thank-you-so-much-eleanor-lives-in-boston--5145528.htm',
          'https://www.transtutors.com/questions/what-is-the-effect-of-a-tariff-on-the-exchange-rate-1-it-causes-the-domestic-currenc-5145527.htm',
          'https://www.transtutors.com/questions/effect-of-capital-expansion-on-costs-in-general-when-a-firm-increases-its-capital-in-5145526.htm',
          'https://www.transtutors.com/questions/what-is-an-educator-39-s-responsibility-through-the-lens-of-the-christian-worldview--5145525.htm',
          'https://www.transtutors.com/questions/ecs2601-101-3-2019-10-the-income-elasticity-of-an-inferior-good-is-5-6-negative-beca-5145524.htm',
          'https://www.transtutors.com/questions/the-economy-is-experiencing-an-inflationary-gap-of-500-billion-by-how-much-governmen-5145523.htm',
          'https://www.transtutors.com/questions/some-economists-have-proposed-the-rule-that-the-cyclically-adjusted-budget-deficit-a-5145522.htm',
          'https://www.transtutors.com/questions/most-economies-today-are-mixed-economies-in-which-there-is-a-both-a-public-sector-an-5145521.htm',
          'https://www.transtutors.com/questions/economic-indicators-provide-data-for-the-period-of-coverage-for-each-of-the-two-coun-5145520.htm',
          'https://www.transtutors.com/questions/economic-exposure-refers-to-the-exposure-of-a-1-firms-international-transactions-to--5145519.htm',
          'https://www.transtutors.com/questions/econ-250-summer-2019-homework-8-due-august-8-2019-in-class-consider-the-following-va-5145518.htm',
          'https://www.transtutors.com/questions/labor-theory-eco-337-labor-theory-assignment-4-4-what-is-efficiency-wage-why-do-some-5145517.htm',
          'https://www.transtutors.com/questions/labor-theory-eco-337-labor-theory-assignment-4-3-what-are-the-advantages-disadvantag-5145516.htm',
          'https://www.transtutors.com/questions/labor-theory-eco-337-labor-theory-assignment-4-2-what-factors-would-you-take-into-ac-5145515.htm',
          'https://www.transtutors.com/questions/labor-theory-eco-337-labor-theory-assignment-4-1-we-know-the-migration-decision-can--5145514.htm',
          'https://www.transtutors.com/questions/eban-s-goodstein-economics-and-the-environment-7th-edition-new-york-john-wiley-2014--5145513.htm',
          'https://www.transtutors.com/questions/e13-5-use-the-file-life-expectancy-xls-located-below-a-estimate-the-model-life-expec-5145512.htm',
          'https://www.transtutors.com/questions/e13-3-estimate-a-fixed-effects-model-using-the-nfl-data-with-only-using-years-2007-a-5145511.htm',
          'https://www.transtutors.com/questions/e13-2-use-the-file-life-expectancy-xls-located-below-a-use-first-differencing-to-est-5145510.htm',
          'https://www.transtutors.com/questions/profit-analysis-for-managerial-economics-help-here-is-the-information-needed-e-what--5145509.htm',
          'https://www.transtutors.com/questions/e-0-of-1-pt-19-of-25-18-complete-concept-price-discrimination-graph-2-gure-to-the-hi-5145508.htm',
          'https://www.transtutors.com/questions/in-drewland-the-money-supply-equals-1-000-real-gdp-equals-2-000-and-the-price-level--5145507.htm',
          'https://www.transtutors.com/questions/drawing-on-your-knowledge-of-the-theory-of-specialisation-and-exchange-supplemented-5145506.htm',
          'https://www.transtutors.com/questions/drawing-on-your-knowledge-of-the-theory-of-specialisation-and-exchange-supplemented--5145505.htm',
          'https://www.transtutors.com/questions/drawing-on-your-knowledge-of-the-theory-of-demand-and-supply-supplemented-by-approp-5145504.htm',
          'https://www.transtutors.com/questions/drawing-on-your-knowledge-of-the-theory-of-demand-and-supply-supplemented-by-appropr-5145503.htm',
          'https://www.transtutors.com/questions/a-drawing-conclusions-from-socio-economic-data-12-marks-task-the-below-table-shows--5145502.htm',
          'https://www.transtutors.com/questions/a-draw-a-supply-and-demand-diagram-for-the-japanese-yen-showing-an-equilibrium-excha-5145501.htm',
          'https://www.transtutors.com/questions/in-the-dividend-discount-model-the-stock-price-increases-at-the-rate-of-dividend-gro-5145499.htm'],
 'project': ['trans'],
 'referring_link': ['https://www.transtutors.com/questions/economics/170/'],
 'spider': ['trans_links']}
2020-02-05 23:30:19 [scrapy.core.engine] DEBUG: Crawled (200) <GET https://www.transtutors.com/questions/economics/172/> (referer: https://www.google.com/) ['cached']
2020-02-05 23:30:19 [scrapy.core.scraper] DEBUG: Scraped from <200 https://www.transtutors.com/questions/economics/171/>
{'category': ['economy'],
 'date': [datetime.datetime(2020, 2, 5, 23, 30, 19, 99328)],
 'link': ['https://www.transtutors.com/questions/distinguishing-between-the-short-run-and-the-long-run-the-short-run-in-macroeconomic-5145498.htm',
          'https://www.transtutors.com/questions/discussion-board-4-price-sensitivity-and-patient-choices-in-pharmacy-practice-13-13--5145497.htm',
          'https://www.transtutors.com/questions/discuss-the-measures-a-leader-might-take-to-ensure-his-or-her-organisation-is-behavi-5145495.htm',
          'https://www.transtutors.com/questions/discuss-why-governments-impose-quotas-on-imports-as-in-the-example-of-quotas-on-appl-5145494.htm',
          'https://www.transtutors.com/questions/discuss-an-example-on-how-managers-can-use-correlation-and-causation-to-decide-wheth-5145493.htm',
          'https://www.transtutors.com/questions/diminishing-marginal-utility-occurs-when-there-is-a-change-in-purchasing-power-as-a--5145492.htm',
          'https://www.transtutors.com/questions/dillers-winery-developing-an-optimal-blending-plan-nick-hornton-senior-vintner-at-di-5145491.htm',
          'https://www.transtutors.com/questions/the-difference-between-what-an-economy-sells-to-and-buys-from-foreigners-is--5145490.htm',
          'https://www.transtutors.com/questions/dexinbe-the-retuanart-by-go-zodiities-in-the-economy-comony-book-2-how-can-externali-5145489.htm',
          'https://www.transtutors.com/questions/detailed-essay-type-we-understand-that-transport-is-derived-demand-based-on-this-jus-5145488.htm',
          'https://www.transtutors.com/questions/describe-various-opportunity-costs-of-attending-college-given-these-opportunity-cost-5145487.htm',
          'https://www.transtutors.com/questions/describe-the-u-s-economic-performance-during-the-past-ten-years-please-make-use-of-t-5145486.htm',
          'https://www.transtutors.com/questions/describe-the-u-s-economic-performance-during-the-past-ten-years-please-make-use-of-t-5145485.htm',
          'https://www.transtutors.com/questions/describe-the-proximate-event-or-events-that-triggered-the-second-opium-war-you-must--5145484.htm',
          'https://www.transtutors.com/questions/describe-how-each-of-the-following-transactions-affects-australian-balance-of-paymen-5145483.htm',
          'https://www.transtutors.com/questions/describe-a-consumption-externality-that-you-personally-have-recently-generated--5145482.htm',
          'https://www.transtutors.com/questions/describe-3-benefits-of-being-involved-in-social-media-economically-in-terms-of-roi-a-5145481.htm',
          'https://www.transtutors.com/questions/demonstrate-the-impact-of-collect-bargaining-with-a-help-of-diagram-5145480.htm',
          'https://www.transtutors.com/questions/the-demand-and-the-supply-for-a-good-are-each-neither-perfectly-elastic-nor-perfectl-5145479.htm',
          'https://www.transtutors.com/questions/if-demand-for-net-exports-is-given-by-the-equation-nx-100-20e-where-e-is-the-real-ex-5145478.htm',
          'https://www.transtutors.com/questions/if-the-demand-for-agricultural-products-is-inelastic-4-as-the-prices-decrease-the-re-5145477.htm',
          'https://www.transtutors.com/questions/what-defines-a-rat-race-what-makes-consumption-into-a-rat-race--5145476.htm',
          'https://www.transtutors.com/questions/define-the-social-deviance-perspective-on-drugs-illicit-drugs-such-as-cocaine-how-do-5145475.htm',
          'https://www.transtutors.com/questions/define-the-social-deviance-perspective-on-drugs-illicit-drugs-such-as-cocaine-how-do-5145474.htm',
          'https://www.transtutors.com/questions/define-quot-economies-of-scale-quot-with-an-example-involving-a-firm--5145473.htm',
          'https://www.transtutors.com/questions/define-analytic-thinking-in-your-own-words-form-your-understanding-of-the-subject-ex-5145472.htm',
          'https://www.transtutors.com/questions/for-decades-it-was-thought-that-playing-music-in-our-places-of-work-would-boost-mora-5145471.htm',
          'https://www.transtutors.com/questions/dave-receives-utility-from-buying-clothes-and-grocery-items-at-the-abc-shop-his-budg-5145470.htm',
          'https://www.transtutors.com/questions/you-have-a-data-set-that-has-two-years-of-individual-data-on-wages-experience-educat-5145469.htm',
          'https://www.transtutors.com/questions/mircoeconomics-need-the-full-answer-thx-quot-darlene-39-s-utility-function-is-u-qi-q-5145468.htm',
          'https://www.transtutors.com/questions/da-s-iviy-0-ral-13-case-study-banking-on-the-net-what-impact-is-in-creased-internet--5145467.htm',
          'https://www.transtutors.com/questions/currently-a-monopolist-39-s-profit-maximizing-output-is-200-units-per-week-and-it-se-5145466.htm',
          'https://www.transtutors.com/questions/if-the-current-unemployment-rate-is-3-9-would-you-expect-the-rate-of-inflation-to-in-5145465.htm',
          'https://www.transtutors.com/questions/how-does-currency-exchange-account-receivables-and-trade-regulations-impact-finances-5145464.htm',
          'https://www.transtutors.com/questions/creditors-require-collateral-in-many-cases-because-o-a-it-helps-offset-the-risks-of--5145463.htm',
          'https://www.transtutors.com/questions/create-a-graph-for-a-short-run-aggregate-supply-curve-use-the-variable-price-level-f-5145462.htm',
          'https://www.transtutors.com/questions/create-a-graph-for-an-aggregate-demand-curve-use-the-variable-price-level-for-the-ve-5145461.htm',
          'https://www.transtutors.com/questions/country-a-is-a-small-country-considering-joining-a-free-trade-area-for-trade-in-good-5145460.htm',
          'https://www.transtutors.com/questions/a-country-already-has-an-import-tariff-in-place-for-a-specific-product-now-the-gover-5145459.htm',
          'https://www.transtutors.com/questions/countries-and-economies-across-the-globe-have-the-ability-to-produce-products-and-go-5145458.htm',
          'https://www.transtutors.com/questions/could-i-please-have-a-tutor-confirm-if-i-39-m-correct-i-think-i-understand-this-ques-5145457.htm',
          'https://www.transtutors.com/questions/what-is-the-cost-disease-identified-by-william-baumol-and-why-is-it-important-to-und-5145456.htm',
          'https://www.transtutors.com/questions/what-is-the-cost-disease-identified-by-william-baumol-and-why-is-it-important-to-und-5145455.htm',
          'https://www.transtutors.com/questions/it-cost-87-to-produce-each-camera-and-58-to-produce-each-phone-in-the-current-market-5145454.htm',
          'https://www.transtutors.com/questions/content-attribution-question-30-the-positive-externalities-of-education-are-always-r-5145452.htm',
          'https://www.transtutors.com/questions/public-goods-have-two-defining-characteristics-what-are-they-content-attribution-que-5145451.htm',
          'https://www.transtutors.com/questions/consumer-price-index-for-jan-2006-october-2016-from-the-bureau-of-labor-statistics-y-5145450.htm',
          'https://www.transtutors.com/questions/consumer-price-index-for-jan-2006-october-2016-from-the-bureau-of-labor-statistics-f-5145449.htm',
          'https://www.transtutors.com/questions/consumer-price-index-for-jan-2006-october-2016-from-the-bureau-of-labor-statistics-f-5145448.htm',
          'https://www.transtutors.com/questions/a-consumer-lives-for-t-1-periods-t-1-through-t-t-1-where-t-4-she-decides-in-each-of--5145447.htm'],
 'project': ['trans'],
 'referring_link': ['https://www.transtutors.com/questions/economics/171/'],
 'spider': ['trans_links']}
2020-02-05 23:30:19 [scrapy.core.engine] DEBUG: Crawled (200) <GET https://www.transtutors.com/questions/economics/173/> (referer: https://www.google.com/) ['cached']
2020-02-05 23:30:19 [scrapy.core.scraper] DEBUG: Scraped from <200 https://www.transtutors.com/questions/economics/172/>
{'category': ['economy'],
 'date': [datetime.datetime(2020, 2, 5, 23, 30, 19, 258253)],
 'link': ['https://www.transtutors.com/questions/mircoeconomics-need-the-full-answer-thx-a-consumer-decides-not-to-buy-a-video-casset-5145446.htm',
          'https://www.transtutors.com/questions/a-consulting-firm-estimates-the-following-quarterly-sales-forecasting-model-q-a-bt-c-5145445.htm',
          'https://www.transtutors.com/questions/construction-of-the-new-airport-terminal-has-gone-over-budget-and-the-airport-author-5145444.htm',
          'https://www.transtutors.com/questions/in-constructing-a-demand-curve-for-product-x-consumer-preferences-are-allowed-to-var-5145443.htm',
          'https://www.transtutors.com/questions/consider-a-version-of-the-tragedy-of-the-commons-in-which-herder-1-and-2-simultaneou-5145442.htm',
          'https://www.transtutors.com/questions/consider-the-typical-reaction-functions-also-known-as-best-response-functions-of-cou-5145441.htm',
          'https://www.transtutors.com/questions/consider-two-college-roommates-one-who-smokes-and-one-who-does-not-the-smoker-wishes-5145440.htm',
          'https://www.transtutors.com/questions/consider-two-college-roommates-one-who-smokes-and-one-who-does-not-the-smoker-wishes-5145439.htm',
          'https://www.transtutors.com/questions/consider-the-static-model-of-the-household-studied-in-class-the-quantity-of-labour-s-5145438.htm',
          'https://www.transtutors.com/questions/consider-an-individual-with-an-income-equal-to-1000-whose-utility-only-comes-from-th-5145437.htm',
          'https://www.transtutors.com/questions/consider-the-following-supply-and-demand-schedule-for-steel-price-per-tonne-20-40-60-5145436.htm',
          'https://www.transtutors.com/questions/consider-the-following-o-o-00-1-12-2-14-problem-0-0-6-0-points-graded-what-is-the-fi-5145435.htm',
          'https://www.transtutors.com/questions/consider-the-following-economy-labor-supply-n-t-90-capital-stock-k-t-90-government-s-5145434.htm',
          'https://www.transtutors.com/questions/consider-cowboys-stadium-a-large-football-stadium-that-can-seat-approximately-80-000-5145433.htm',
          'https://www.transtutors.com/questions/graph-this-question-consider-the-aggregate-demand-and-aggregate-supply-model-from-cl-5145432.htm',
          'https://www.transtutors.com/questions/congress-decreases-personal-income-taxes-consumer-spending-and-unemployment-will-mos-5145431.htm',
          'https://www.transtutors.com/questions/what-is-the-conclusion-for-the-economic-system-of-south-korea-and-north-korea-or-jap-5145430.htm',
          'https://www.transtutors.com/questions/does-competition-to-earn-higher-incomes-in-a-poor-country-like-bangladesh-constitute-5145429.htm',
          'https://www.transtutors.com/questions/compare-and-contrast-the-three-political-economies-command-centrally-planned-and-mix-5145428.htm',
          'https://www.transtutors.com/questions/company-39-s-marginal-revenue-product-from-labor-is-given-by-mrpl-10-ld-40-where-ld--5145427.htm',
          'https://www.transtutors.com/questions/a-company-knows-from-past-experience-that-if-they-price-their-product-at-15-the-dist-5145426.htm',
          'https://www.transtutors.com/questions/the-cob-web-theory-explains-instabilities-of-prices-arising-from-erroneous-expectati-5145425.htm',
          'https://www.transtutors.com/questions/co-assignment-va-short-run-profit-maximization-calculate-and-fill-in-the-vacant-cell-5145424.htm',
          'https://www.transtutors.com/questions/class-locate-an-article-in-the-wsj-or-any-other-economic-news-source-that-deals-with-5145423.htm',
          'https://www.transtutors.com/questions/class-if-you-were-an-economic-advisor-to-the-president-what-recommendations-would-yo-5145422.htm',
          'https://www.transtutors.com/questions/some-claim-that-every-day-kfc-in-china-moves-away-from-its-u-s-roots-argue-and-disc-5145421.htm',
          'https://www.transtutors.com/questions/choose-the-statement-that-is-incorrect-o-a-the-fed-uses-open-market-operations-to-ma-5145420.htm',
          'https://www.transtutors.com/questions/choose-the-correct-statement-o-a-all-of-u-s-investment-is-financed-by-u-s-national-s-5145419.htm',
          'https://www.transtutors.com/questions/china-is-the-world-s-foremost-manufacturer-of-consumer-goods-they-are-exported-in-in-5145418.htm',
          'https://www.transtutors.com/questions/what-i-have-checked-is-incorrect-there-is-either-more-i-need-to-check-or-less-within-5145417.htm',
          'https://www.transtutors.com/questions/which-are-characteristics-of-a-preferred-provider-organization-ppo-check-all-that-ap-5145416.htm',
          'https://www.transtutors.com/questions/chapter-4-texas-democratic-in-future-why-texas-one-party-dominated-in-20th-century-p-5145415.htm',
          'https://www.transtutors.com/questions/chapter-18-who-gets-what-the-distribution-of-income-209-matching-the-terms-match-the-5145414.htm',
          'https://www.transtutors.com/questions/if-you-change-the-way-you-look-at-things-the-things-you-look-at-change-wayne-dyer-i-5145413.htm',
          'https://www.transtutors.com/questions/cengage-mindtap-a-search-this-course-homework-ch-16-4-is-monopolistic-competition-ef-5145412.htm',
          'https://www.transtutors.com/questions/cengage-mindtap-q-search-th-homework-ch-06-4-minimum-wage-legislation-the-following--5145411.htm',
          'https://www.transtutors.com/questions/cengage-mindtap-q-search-this-course-homework-ch-06-2-price-controls-in-the-florida--5145410.htm',
          'https://www.transtutors.com/questions/only-needing-e-f-g-h-im-attaching-all-of-the-relevant-information-though-cel--5145409.htm',
          'https://www.transtutors.com/questions/case-study-perfect-competition-in-credit-card-industry-in-1997-over-700-billion-purc-5145408.htm',
          'https://www.transtutors.com/questions/case-study-jobs-report-could-show-a-slowing-trend-and-be-the-lever-the-fed-needs-to--5145407.htm',
          'https://www.transtutors.com/questions/in-each-case-answer-true-false-or-uncertain-and-explain-your-answer-limit-each-answe-5145406.htm',
          'https://www.transtutors.com/questions/carlos-lives-in-a-college-town-paying-5-000-a-year-for-his-apartment-he-is-calculati-5145405.htm',
          'https://www.transtutors.com/questions/carl-finds-a-lost-dog-and-returns-it-to-its-owner-betty-betty-gives-carl-a-check-for-5145404.htm',
          'https://www.transtutors.com/questions/calculate-the-elasticity-of-production-i-for-the-following-production-functions-a-y--5145403.htm',
          'https://www.transtutors.com/questions/c-d-e-f-g-question-2-2-poinst-the-npv-of-a-project-is-200-000-and-the-interest-rate--5145402.htm',
          'https://www.transtutors.com/questions/buz-the-fed-and-the-money-supply-a-look-at-money-inflation-and-the-fedeoon-1-coursew-5145401.htm',
          'https://www.transtutors.com/questions/quot-business-ethics-practice-in-your-society-country-quot-do-you-think-that-those--5145400.htm',
          'https://www.transtutors.com/questions/why-can-buckwheat-seed-be-collected-and-replanted-the-next-year--5145399.htm',
          'https://www.transtutors.com/questions/what-are-boyce-s-4-strategies-for-natural-asset-building-provide-a-new-example-of-ea-5145398.htm',
          'https://www.transtutors.com/questions/bow-tie-analysis-is-one-of-many-effective-tools-for-communicating-risk-assessment-di-5145397.htm'],
 'project': ['trans'],
 'referring_link': ['https://www.transtutors.com/questions/economics/172/'],
 'spider': ['trans_links']}
2020-02-05 23:30:19 [scrapy.core.engine] DEBUG: Crawled (200) <GET https://www.transtutors.com/questions/economics/174/> (referer: https://www.google.com/) ['cached']
2020-02-05 23:30:19 [scrapy.core.scraper] DEBUG: Scraped from <200 https://www.transtutors.com/questions/economics/173/>
{'category': ['economy'],
 'date': [datetime.datetime(2020, 2, 5, 23, 30, 19, 442257)],
 'link': ['https://www.transtutors.com/questions/boris-currently-works-as-a-political-consultant-earning-100-000-a-year-he-has-three--5145396.htm',
          'https://www.transtutors.com/questions/bookmark-this-page-quiz-money-and-inflation-0-0-8-0-points-graded-which-of-the-follo-5145395.htm',
          'https://www.transtutors.com/questions/a-bond-that-pays-interest-forever-and-has-no-maturity-date-is-a-perpetual-bond-how-i-5145394.htm',
          'https://www.transtutors.com/questions/bibliography-181-4-consider-a-modification-of-the-bundling-example-in-table-5-1-spor-5145393.htm',
          'https://www.transtutors.com/questions/can-somebody-please-explain-how-to-answer-this-question-step-by-step-thanks-in-advan-5145392.htm',
          'https://www.transtutors.com/questions/barriers-to-entry-exist-for-perfectly-competitive-firms-restrict-the-entry-of-new-fi-5145391.htm',
          'https://www.transtutors.com/questions/banks-request-a-lot-of-information-on-loan-applications-to-avoid-problems-with-a-neg-5145390.htm',
          'https://www.transtutors.com/questions/the-balance-sheet-for-the-newly-formed-last-national-bank-is-shown-below-the-reserve-5145389.htm',
          'https://www.transtutors.com/questions/the-balance-sheet-for-acme-bank-is-shown-below-acme-bank-balance-sheet-1-assets-liab-5145388.htm',
          'https://www.transtutors.com/questions/the-balance-sheet-for-acme-bank-is-shown-below-acme-bank-balance-sheet-1-assets-liab-5145387.htm',
          'https://www.transtutors.com/questions/b-what-is-your-understanding-regarding-the-philip-s-curve-explain-in-detail-the-sho-5145386.htm',
          'https://www.transtutors.com/questions/b-case-study-falling-consumption-triggers-japan-39-s-reces-sion-what-happened-to-con-5145384.htm',
          'https://www.transtutors.com/questions/a-b-c-d-e-f-g-question-1-includes-parts-a-b-and-c-below-your-company-plans-to-invest-5145383.htm',
          'https://www.transtutors.com/questions/the-available-budget-refers-to-the-amount-that-is-currently-available-after-determin-5145382.htm',
          'https://www.transtutors.com/questions/the-australian-economy-question-2-effective-government-has-a-critical-role-to-play-i-5145381.htm',
          'https://www.transtutors.com/questions/attempts-measures-of-central-location-mean-median-and-mode-consider-the-following-se-5145380.htm',
          'https://www.transtutors.com/questions/assuming-that-you-are-facing-many-competitor-in-fast-food-industry-like-kfc-suggest--5145379.htm',
          'https://www.transtutors.com/questions/assume-you-are-studying-the-cause-effect-impact-of-several-factors-on-the-outcomes-o-5145378.htm',
          'https://www.transtutors.com/questions/assume-that-a-steel-firm-dumps-pollution-into-a-river-that-harms-a-fishery-downstrea-5145377.htm',
          'https://www.transtutors.com/questions/a-assume-that-the-nominal-return-on-u-s-government-t-bills-was-10-during-2002-when-t-5145376.htm',
          'https://www.transtutors.com/questions/assume-that-the-market-for-apples-in-the-uk-is-in-equilibrium-the-market-for-apples--5145375.htm',
          'https://www.transtutors.com/questions/assume-that-the-following-asset-values-in-millions-of-dollars-exist-in-ironmanla-cat-5145374.htm',
          'https://www.transtutors.com/questions/assume-country-of-frontia-s-gdp-y-c-i-g-assume-the-country-does-not-trade-further-yo-5145373.htm',
          'https://www.transtutors.com/questions/assume-in-2016-uk-s-cpi-in-2016-is-100-and-euro-zone-s-cpi-is-150-assume-in-2018-uk--5145372.htm',
          'https://www.transtutors.com/questions/assume-in-2016-uk-s-cpi-in-2016-is-100-and-euro-zone-s-cpi-is-150-assume-in-2018-uk--5145371.htm',
          'https://www.transtutors.com/questions/assignment-vb-the-following-data-relate-to-a-monopoly-firm-calculate-and-fill-in-the-5145370.htm',
          'https://www.transtutors.com/questions/assignment-iii-calculate-the-cardinal-marginal-utility-from-the-following-data-descr-5145369.htm',
          'https://www.transtutors.com/questions/assignment-ii-calculate-the-price-elasticity-of-demand-between-points-a-and-b-and-be-5145368.htm',
          'https://www.transtutors.com/questions/assess-the-impact-of-fully-autonomous-l5-automobiles-on-passenger-transportation-gov-5145367.htm',
          'https://www.transtutors.com/questions/the-article-starts-by-discussing-anti-globalisation-it-then-explores-the-implication-5145366.htm',
          'https://www.transtutors.com/questions/around-1500-people-who-were-unemployed-last-month-start-new-jobs-this-month-as-a-res-5145365.htm',
          'https://www.transtutors.com/questions/how-can-you-apply-the-realistic-theory-of-political-power-and-trade-to-explain-the-a-5145364.htm',
          'https://www.transtutors.com/questions/how-can-you-apply-the-realistic-theory-of-political-power-and-trade-to-explain-the-a-5145363.htm',
          'https://www.transtutors.com/questions/answers-need-to-present-in-the-point-form-include-100-to-200-words-for-each-question-5145361.htm',
          'https://www.transtutors.com/questions/answer-the-question-based-on-the-payoff-matrices-for-a-repeated-game-involving-two-f-5145360.htm',
          'https://www.transtutors.com/questions/answer-if-the-following-questions-are-true-or-false-a-tax-cut-will-move-the-ad-curve-5145359.htm',
          'https://www.transtutors.com/questions/answer-if-the-following-questions-are-true-or-false-the-policy-rule-to-set-the-feder-5145358.htm',
          'https://www.transtutors.com/questions/annotated-bibliography-on-social-media-marketing-a-myth-or-a-necessity-whiting-anne--5145357.htm',
          'https://www.transtutors.com/questions/annotated-bibliography-on-social-media-marketing-efforts-of-luxury-brands-influence--5145356.htm',
          'https://www.transtutors.com/questions/annotated-bibliography-on-new-media-but-same-old-tricks-food-marketing-to-children-i-5145355.htm',
          'https://www.transtutors.com/questions/andy-has-a-monopoly-in-the-sale-of-engineering-services-in-the-local-market-and-empl-5145354.htm',
          'https://www.transtutors.com/questions/in-analyzing-land-rent-david-ricardo-constructed-a-model-based-on-o-a-the-supply-of--5145353.htm',
          'https://www.transtutors.com/questions/amy-is-a-skilled-toy-maker-who-is-able-to-produce-both-boats-and-balls-she-has-8-hou-5145352.htm',
          'https://www.transtutors.com/questions/i-also-wanna-know-which-data-used-in-this-diagram-above-and-how-to-draw-these-graphs-5145351.htm',
          'https://www.transtutors.com/questions/agricultural-prices-are-relative-values-of-agricultural-goods-and-services-in-terms--5145350.htm',
          'https://www.transtutors.com/questions/the-quot-aggregate-demand-quot-quot-short-run-aggregate-supply-quot-along-with-the-q-5145349.htm',
          'https://www.transtutors.com/questions/advanced-analysis-assume-that-demand-for-a-commodity-is-represented-by-the-equation--5145347.htm',
          'https://www.transtutors.com/questions/activities-and-due-dates-ch-4-supply-and-demand-19-riegal-for-each-example-determine-5145346.htm',
          'https://www.transtutors.com/questions/according-to-the-law-of-demand-all-other-things-being-equal-price-and-quantity-are-a-5145345.htm',
          'https://www.transtutors.com/questions/according-to-the-epa-link-below-china-is-responsible-for-the-most-co2-emissions-with-5145344.htm'],
 'project': ['trans'],
 'referring_link': ['https://www.transtutors.com/questions/economics/173/'],
 'spider': ['trans_links']}
2020-02-05 23:30:19 [scrapy.core.engine] DEBUG: Crawled (200) <GET https://www.transtutors.com/questions/economics/175/> (referer: https://www.google.com/) ['cached']
2020-02-05 23:30:19 [scrapy.core.scraper] DEBUG: Scraped from <200 https://www.transtutors.com/questions/economics/174/>
{'category': ['economy'],
 'date': [datetime.datetime(2020, 2, 5, 23, 30, 19, 597703)],
 'link': ['https://www.transtutors.com/questions/abo-what-are-the-policy-actions-taken-by-the-fed-and-the-u-s-treasury-in-response-to-5145343.htm',
          'https://www.transtutors.com/questions/abc-airlines-has-1-000-customers-these-customers-are-of-two-types-day-customers-are--5145342.htm',
          'https://www.transtutors.com/questions/90-of-100-who-can-file-a-discrimination-complaint-a-buyer-a-seller-anyone-a-broker-p-5145341.htm',
          'https://www.transtutors.com/questions/9-income-and-substitution-effects-larry-and-megan-stein-live-in-detroit-and-enjoy-go-5145340.htm',
          'https://www.transtutors.com/questions/9-which-of-the-following-statements-is-are-correct-x-the-gains-from-trade-are-based--5145339.htm',
          'https://www.transtutors.com/questions/9-which-of-the-following-can-be-considered-as-the-basic-features-of-public-goods-t-a-5145338.htm',
          'https://www.transtutors.com/questions/need-help-thank-you-so-mcuh-thank-you-9-behavioral-economics-and-the-limits-of-ratio-5145337.htm',
          'https://www.transtutors.com/questions/9-barriers-to-entry-are-highest-in-which-two-types-of-markets-a-differentiated-compe-5145336.htm',
          'https://www.transtutors.com/questions/89-of-100-if-a-seller-declines-to-show-a-property-to-a-minority-he-or-she-could-be-s-5145335.htm',
          'https://www.transtutors.com/questions/87-of-100-what-phrase-could-a-licensee-use-in-advertising-that-would-not-discriminat-5145334.htm',
          'https://www.transtutors.com/questions/86-of-100-what-act-mandates-that-persons-with-disabilities-have-equal-access-to-jobs-5145333.htm',
          'https://www.transtutors.com/questions/84-of-100-which-part-of-a-loan-disclosure-states-what-late-fee-the-lender-will-charg-5145332.htm',
          'https://www.transtutors.com/questions/8-3-fill-in-the-missing-data-1-year-average-price-of-oil-in-index-year-base-1985-ind-5145331.htm',
          'https://www.transtutors.com/questions/83-of-100-who-is-generally-responsible-for-ensuring-that-the-closing-disclosure-is-d-5145330.htm',
          'https://www.transtutors.com/questions/8-2-show-the-plots-for-the-following-data-what-difference-can-you-observe-between-th-5145329.htm',
          'https://www.transtutors.com/questions/82-of-100-what-act-prevents-foreign-investors-from-avoiding-paying-taxes-on-the-sale-5145328.htm',
          'https://www.transtutors.com/questions/80-of-100-what-is-something-an-escrow-agent-should-never-do-receive-money-from-lende-5145327.htm',
          'https://www.transtutors.com/questions/8-two-used-car-dealerships-compete-side-by-side-on-a-main-road-the-first-h-s-cars-se-5145326.htm',
          'https://www.transtutors.com/questions/8-your-total-benefits-from-consuming-different-quantities-of-gasoline-each-week-are--5145325.htm',
          'https://www.transtutors.com/questions/8-suppose-the-interest-rate-that-banks-in-the-u-s-charge-one-another-for-overnight-l-5145324.htm',
          'https://www.transtutors.com/questions/8-define-and-provide-examples-for-oligopoly-markets-with-homogenous-products-and-igo-5145323.htm',
          'https://www.transtutors.com/questions/8-2-5-points-consider-the-following-game-column-l-r-3-1-2-2-row-0-2-2-3-a-find-and-d-5145322.htm',
          'https://www.transtutors.com/questions/77-sunk-costs-a-are-a-form-of-variable-costs-b-affect-production-decisions-in-the-sh-5145321.htm',
          'https://www.transtutors.com/questions/72-if-the-market-determined-price-of-seed-packets-is-currently-1-20-which-of-the-fol-5145320.htm',
          'https://www.transtutors.com/questions/7-two-local-manufacturing-firms-have-a-combined-demand-and-total-cost-functions-give-5145319.htm',
          'https://www.transtutors.com/questions/7-suppose-the-price-of-a-good-decreases-by-10-and-the-quantity-demanded-for-a-certai-5145318.htm',
          'https://www.transtutors.com/questions/7-in-a-study-relating-consumption-expenditure-y-on-income-and-wealth-based-on-10-obs-5145317.htm',
          'https://www.transtutors.com/questions/7-question-a-use-the-ae-model-and-equation-to-describe-the-economic-stagnation-in-ja-5145316.htm',
          'https://www.transtutors.com/questions/7-a-professional-service-is-characterized-by-a-low-labour-intensity-and-low-interact-5145315.htm',
          'https://www.transtutors.com/questions/7-you-manage-a-plant-that-mass-produces-engines-by-teams-of-workers-using-assembly-m-5145314.htm',
          'https://www.transtutors.com/questions/7-what-differing-modeling-assumptions-result-in-the-big-differences-between-the-nord-5145313.htm',
          'https://www.transtutors.com/questions/7-define-a-monopolistic-competition-market-and-provide-an-example-of-this-type-of-ma-5145312.htm',
          'https://www.transtutors.com/questions/6r-2y-840-1-2r-y-300-2-i-y-250-3-0-4-r-y-choose-the-graph-representing-the-feasible--5145311.htm',
          'https://www.transtutors.com/questions/6-which-of-the-following-conditions-indicate-that-a-good-is-produced-under-perfect-c-5145310.htm',
          'https://www.transtutors.com/questions/6-which-of-the-following-conditions-indicate-that-a-good-is-produced-under-perfect-c-5145309.htm',
          'https://www.transtutors.com/questions/6-differentiate-between-a-pure-strategy-and-a-mixed-strategy-why-does-a-penalty-kick-5145308.htm',
          'https://www.transtutors.com/questions/6-compare-and-contrast-the-views-of-ricardo-and-malthus-on-each-of-the-following-top-5145307.htm',
          'https://www.transtutors.com/questions/6-case-study-hard-times-in-connecticut-how-would-cut-backs-in-defense-spending-such--5145306.htm',
          'https://www.transtutors.com/questions/a-50-year-old-bridge-at-the-border-is-congested-average-crossing-times-are-30-to-45--5145305.htm',
          'https://www.transtutors.com/questions/50-person-lived-on-cape-ends-two-products-are-produced-wallet-and-gift-cards-the-dai-5145304.htm',
          'https://www.transtutors.com/questions/5-in-the-united-states-having-a-balanced-budget-is-currently-enforced-for-a-many-sta-5145303.htm',
          'https://www.transtutors.com/questions/5-suppose-the-u-s-economy-is-recovering-from-a-long-recession-how-will-this-affect-t-5145302.htm',
          'https://www.transtutors.com/questions/5-a-new-stadium-is-being-evaluated-at-i-5-recommend-an-alternative-for-the-main-stru-5145301.htm',
          'https://www.transtutors.com/questions/5-majority-rule-benefit-cost-analysis-walter-yvonne-jared-and-jessica-are-college-ro-5145300.htm',
          'https://www.transtutors.com/questions/5-what-is-the-difference-between-marginal-product-and-average-product-6-when-margina-5145299.htm',
          'https://www.transtutors.com/questions/5-describe-and-differentiate-between-a-simultaneous-move-game-and-an-extensive-form--5145298.htm',
          'https://www.transtutors.com/questions/5-complements-and-substitutes-becky-enjoys-eating-marshmallow-fluff-sandwiches-and-d-5145297.htm',
          'https://www.transtutors.com/questions/484-chapter-16-oligopoly-use-the-following-information-to-answe-wing-information-to--5145296.htm',
          'https://www.transtutors.com/questions/434-subte-mis-question-1-pt-36-of-45-30-complete-this-test-45pis-posse-choose-the-co-5145295.htm',
          'https://www.transtutors.com/questions/41-its-supply-function-is-if-a-price-taking-firm-39-s-production-function-is-given-b-5145294.htm'],
 'project': ['trans'],
 'referring_link': ['https://www.transtutors.com/questions/economics/174/'],
 'spider': ['trans_links']}
2020-02-05 23:30:19 [scrapy.core.engine] DEBUG: Crawled (200) <GET https://www.transtutors.com/questions/economics/176/> (referer: https://www.google.com/) ['cached']
2020-02-05 23:30:19 [scrapy.core.scraper] DEBUG: Scraped from <200 https://www.transtutors.com/questions/economics/175/>
{'category': ['economy'],
 'date': [datetime.datetime(2020, 2, 5, 23, 30, 19, 762609)],
 'link': ['https://www.transtutors.com/questions/4-the-total-revenue-function-and-the-total-cost-function-of-a-firm-are-given-below-c-5145293.htm',
          'https://www.transtutors.com/questions/4-taxes-paid-for-a-given-income-level-charles-is-getting-ready-to-do-his-taxes-he-is-5145292.htm',
          'https://www.transtutors.com/questions/4-suppose-that-the-points-p1-qi-5-10-and-p2-q2-10-7-both-belong-to-the-graph-of-the-5145291.htm',
          'https://www.transtutors.com/questions/4-short-run-profit-maximaation-or-loss-minimization-for-a-perfectly-competitive-firm-5145290.htm',
          'https://www.transtutors.com/questions/4-when-production-volume-is-zero-a-the-fixed-cost-is-0-b-the-variable-cost-is-0-c-th-5145289.htm',
          'https://www.transtutors.com/questions/4-in-a-perfectly-competitive-market-which-is-in-the-long-run-equilibrium-all-firms-p-5145288.htm',
          'https://www.transtutors.com/questions/thank-you-just-help-me-check-the-answer-thank-you-4-elasticity-and-total-revenue-aa--5145287.htm',
          'https://www.transtutors.com/questions/4-the-demand-of-a-labor-is-given-by-ld-80-10w-the-supply-is-given-by-ls-10w-where-l--5145286.htm',
          'https://www.transtutors.com/questions/4-the-demand-of-a-labor-is-given-by-ld-80-10w-the-supply-is-given-by-ls-10w-where-l--5145285.htm',
          'https://www.transtutors.com/questions/4-copyright-laws-are-or-were-designed-to-provide-both-protection-and-incentives-to-c-5145284.htm',
          'https://www.transtutors.com/questions/helpppp-4-consider-the-two-models-log-wi-bo-biblacki-b2asian-xiv-ui-log-wi-40-qi-5145283.htm',
          'https://www.transtutors.com/questions/4-consider-the-two-models-log-wi-bo-b1-black-b2-asian-x-7-wi-log-wi-20-q-white--5145282.htm',
          'https://www.transtutors.com/questions/4-consider-the-two-models-log-w-bob-blacki-b2asian-xy-u-log-w-aa1white-a2-asian-x6-u-5145281.htm',
          'https://www.transtutors.com/questions/4-consider-the-two-models-log-w-bo-b-black-by-asian-x7-log-w-00-awhite-q2-5145280.htm',
          'https://www.transtutors.com/questions/thank-you-for-your-help-4-calculating-costs-aa-aa-larry-who-has-been-working-for-a-m-5145279.htm',
          'https://www.transtutors.com/questions/350-word-paragraph-please-what-would-the-world-be-like-if-we-didn-39-t-have-borders--5145278.htm',
          'https://www.transtutors.com/questions/35-of-100-what-happens-to-agency-when-a-property-is-destroyed-through-a-storm-earthq-5145277.htm',
          'https://www.transtutors.com/questions/32-of-100-in-a-real-estate-transaction-who-is-the-decision-maker-on-all-things-the-b-5145276.htm',
          'https://www.transtutors.com/questions/30-of-100-when-working-with-any-client-the-broker-39-s-job-is-to-protect-the-broker--5145275.htm',
          'https://www.transtutors.com/questions/3-suppose-that-a-researcher-collects-data-on-houses-that-have-sold-in-a-particular-n-5145274.htm',
          'https://www.transtutors.com/questions/3-suppose-that-a-researcher-collects-data-on-houses-that-have-sold-in-a-particular-n-5145273.htm',
          'https://www.transtutors.com/questions/thank-you-3-sunk-costs-and-decision-making-aa-aa-vicky-has-plans-to-go-to-a-play-and-5145272.htm',
          'https://www.transtutors.com/questions/3-what-are-network-affects-and-why-do-they-cause-barriers-to-entry--5145271.htm',
          'https://www.transtutors.com/questions/3-effects-of-a-government-budget-deficit-consider-a-hypothetical-open-economy-the-fo-5145270.htm',
          'https://www.transtutors.com/questions/3-consider-a-linear-model-to-explain-the-beer-consumption-beer-bo-b-inc-b2price-b-ed-5145269.htm',
          'https://www.transtutors.com/questions/3-calculate-the-herfindahl-index-for-the-following-market-and-interpret-its-value-fi-5145268.htm',
          'https://www.transtutors.com/questions/3-7-points-short-essays-a-3-points-what-is-the-difference-between-a-demand-function--5145267.htm',
          'https://www.transtutors.com/questions/3-30-points-the-following-table-shows-the-relationship-between-utility-and-income-fo-5145266.htm',
          'https://www.transtutors.com/questions/2-8-determine-the-value-of-the-missing-a-p-factor-for-an-interest-rate-of-19-and-n-1-5145265.htm',
          'https://www.transtutors.com/questions/2-5-if-the-uniform-amount-of-an-annual-deposit-in-an-investment-account-a-50-000-per-5145264.htm',
          'https://www.transtutors.com/questions/2-4-ir-the-present-worth-of-an-amount-borrowed-p-50-000-and-the-interest-rate-1-8-fo-5145263.htm',
          'https://www.transtutors.com/questions/2-3-if-the-uniform-amount-of-an-annual-payment-on-a-loan-a-50-000-per-year-and-the-i-5145262.htm',
          'https://www.transtutors.com/questions/23-points-steve-sells-specialist-sports-equipment-the-following-table-shows-the-wil-5145261.htm',
          'https://www.transtutors.com/questions/22-which-of-the-following-is-included-in-a-reference-cycle-1-an-upswing-and-peak-onl-5145260.htm',
          'https://www.transtutors.com/questions/2-1-if-the-present-value-of-a-deposit-p-50-000-and-the-interest-rate-i-8-per-year-fo-5145259.htm',
          'https://www.transtutors.com/questions/in-2010-total-consumption-in-the-us-was-around-10-trillion-investment-was-around-2-t-5145258.htm',
          'https://www.transtutors.com/questions/if-2000-is-the-year-for-the-real-gdp-calculations-we-know-for-certain-that-nominal-g-5145257.htm',
          'https://www.transtutors.com/questions/2-in-a-small-town-there-are-two-coffee-shops-caf-roma-and-caf-sweetie-assume-for-thi-5145256.htm',
          'https://www.transtutors.com/questions/2-in-a-small-town-there-are-two-coffee-shops-caf-roma-and-caf-sweetie-assume-for-thi-5145255.htm',
          'https://www.transtutors.com/questions/2-pts-question-2-in-the-monopolistic-model-the-firm-is-the-industry-true-false-quest-5145254.htm',
          'https://www.transtutors.com/questions/2-a-problem-of-interest-to-health-officials-and-others-is-to-determine-the-effects-o-5145253.htm',
          'https://www.transtutors.com/questions/game-theory-2-nash-equilibria-and-iterative-deletion-30-points-gibbons-consider-the--5145252.htm',
          'https://www.transtutors.com/questions/2-mavis-burnhamthorpe-has-preferences-u-f23-4f22-4-as-a-student-she-earns-m1-200-mav-5145251.htm',
          'https://www.transtutors.com/questions/2-the-market-for-lobster-in-your-supermarket-this-summer-you-noticed-the-price-of-lo-5145250.htm',
          'https://www.transtutors.com/questions/2-what-is-the-main-idea-of-the-religious-world-making-section-of-the-this-chapter--5145249.htm',
          'https://www.transtutors.com/questions/2-illustrate-graphically-how-the-equilibrium-quantity-of-credit-and-real-rate-of-int-5145248.htm',
          'https://www.transtutors.com/questions/2-the-golden-rule-consumption-of-solow-model-country-a-and-country-b-both-have-a-pro-5145247.htm',
          'https://www.transtutors.com/questions/2-why-does-the-economy-of-scale-lead-to-a-monopoly-situation-in-the-market--5145246.htm',
          'https://www.transtutors.com/questions/2-a-derive-an-equation-for-equilibrium-income-ye-for-this-open-economy-aggregate-exp-5145245.htm',
          'https://www.transtutors.com/questions/2-the-demand-curve-facing-a-price-taking-firm-falero-is-one-of-more-than-a-hundred-c-5145244.htm'],
 'project': ['trans'],
 'referring_link': ['https://www.transtutors.com/questions/economics/175/'],
 'spider': ['trans_links']}
2020-02-05 23:30:19 [scrapy.core.engine] DEBUG: Crawled (200) <GET https://www.transtutors.com/questions/economics/177/> (referer: https://www.google.com/) ['cached']
2020-02-05 23:30:19 [scrapy.core.scraper] DEBUG: Scraped from <200 https://www.transtutors.com/questions/economics/176/>
{'category': ['economy'],
 'date': [datetime.datetime(2020, 2, 5, 23, 30, 19, 932668)],
 'link': ['https://www.transtutors.com/questions/3-bidders-the-highest-bidder-wins-but-pays-a-price-equal-to-the-third-highest-bid-qu-5145243.htm',
          'https://www.transtutors.com/questions/2-consider-the-linear-demand-curve-qp-a-bp-a-calculate-the-point-own-price-elasticit-5145242.htm',
          'https://www.transtutors.com/questions/2-an-agribusiness-firm-may-undertake-three-alternatives-alternative-1-buy-cane-sugar-5145241.htm',
          'https://www.transtutors.com/questions/2-40-points-figure-below-shows-the-marginal-benefits-of-emitting-pollution-for-the-o-5145240.htm',
          'https://www.transtutors.com/questions/2-4-points-suppose-the-nominal-policy-interest-rate-in-new-zealand-is-1-5-recall-tha-5145239.htm',
          'https://www.transtutors.com/questions/2-4-points-suppose-the-nominal-policy-interest-rate-in-new-zealand-is-1-5-recall-tha-5145238.htm',
          'https://www.transtutors.com/questions/2-20-5-bpo-services-bpo-services-is-in-the-business-of-digitizing-information-from-f-5145237.htm',
          'https://www.transtutors.com/questions/1i-6-what-is-growth-accounting-to-what-extent-have-increases-in-u-s-real-gdp-resulte-5145236.htm',
          'https://www.transtutors.com/questions/18-suppose-that-there-are-only-two-small-countries-in-the-world-ascot-with-a-populat-5145235.htm',
          'https://www.transtutors.com/questions/17-atroducing-the-use-of-outputs-vergestalt-r100-5-r100-7-r200-br250-18-a-certain-te-5145234.htm',
          'https://www.transtutors.com/questions/16-a-manager-has-to-decide-whether-to-launch-product-a-or-b-product-a-has-a-0-4-prob-5145233.htm',
          'https://www.transtutors.com/questions/16-consider-a-bank-which-has-checking-deposits-of-300-million-saving-deposits-of-900-5145232.htm',
          'https://www.transtutors.com/questions/only-e-and-f-16-12-points-extra-credits-a-clothing-firm-is-manufacturing-suits-they--5145231.htm',
          'https://www.transtutors.com/questions/15-test-45-pls-possible-in-2016-and-in-2017-consumers-in-dexter-consumed-only-books--5145230.htm',
          'https://www.transtutors.com/questions/14-the-substitution-effect-of-a-price-decrease-for-a-good-with-a-normal-difference-c-5145229.htm',
          'https://www.transtutors.com/questions/14-the-substitution-effect-of-a-price-decrease-for-a-good-with-a-normal-difference-c-5145228.htm',
          'https://www.transtutors.com/questions/14-the-figure-below-shows-the-dramatic-growth-in-container-trade-globally-over-time--5145227.htm',
          'https://www.transtutors.com/questions/14-14-with-the-introduction-of-changes-participation-tends-not-to-improve-performanc-5145226.htm',
          'https://www.transtutors.com/questions/1249-pm-4-days-36-5-content-attribution-question-36-which-of-the-following-is-not-a-5145225.htm',
          'https://www.transtutors.com/questions/12-27-rincon-llc-is-considering-a-project-that-will-re-quire-an-initial-investment-o-5145224.htm',
          'https://www.transtutors.com/questions/1-2-utility-maximization-with-limited-attention-25-points-now-suppose-the-consumer-s-5145223.htm',
          'https://www.transtutors.com/questions/11-study-questions-and-problems-11-assume-the-jacksonville-jaguars-a-football-team-a-5145222.htm',
          'https://www.transtutors.com/questions/11-solar-highways-se-solar-energy-inc-has-made-a-purchase-for-solar-energized-highwa-5145221.htm',
          'https://www.transtutors.com/questions/11-the-backward-sloping-labor-supply-curve-beth-has-80-hours-per-week-to-devote-to-w-5145220.htm',
          'https://www.transtutors.com/questions/10-ray-39-s-diner-offers-traditional-deli-foods-to-lunch-customers-in-the-local-mark-5145219.htm',
          'https://www.transtutors.com/questions/10-ray-39-s-diner-offers-traditional-deli-foods-to-lunch-customers-in-the-local-mark-5145218.htm',
          'https://www.transtutors.com/questions/thank-you-so-much-10-long-run-cost-relationships-aa-aa-the-following-graph-shows-the-5145217.htm',
          'https://www.transtutors.com/questions/10-consider-the-following-model-yb-bbx-u-whereincome-and-xz-wealth-y-equals-consumpt-5145216.htm',
          'https://www.transtutors.com/questions/10-10-participation-encourages-people-to-accept-responsibility-in-their-group-39-s-a-5145215.htm',
          'https://www.transtutors.com/questions/1-when-used-effectively-participative-leadership-results-in-a-strong-commitment-to-g-5145214.htm',
          'https://www.transtutors.com/questions/1-what-type-of-exchange-rate-system-do-most-modern-nations-have-a-fixed-exchange-rat-5145213.htm',
          'https://www.transtutors.com/questions/1-table-9-4-shows-the-fruit-prices-that-the-typical-college-student-purchased-from-2-5145212.htm',
          'https://www.transtutors.com/questions/1-suppose-the-economy-is-represented-by-the-following-equations-m-d-py-10i-m-2200-p--5145211.htm',
          'https://www.transtutors.com/questions/1-suppose-there-are-1000-firms-in-the-competitive-calculator-market-each-has-total-c-5145210.htm',
          'https://www.transtutors.com/questions/1-state-the-decision-maker-39-s-constraint-correspondence-for-a-standard-utility-max-5145209.htm',
          'https://www.transtutors.com/questions/1-the-price-of-the-product-a-was-reduced-from-100-to-90-lei-and-as-a-result-the-quan-5145208.htm',
          'https://www.transtutors.com/questions/1-point-compared-to-when-the-central-bank-keeps-the-money-supply-fixed-when-it-keeps-5145207.htm',
          'https://www.transtutors.com/questions/game-theory-1-penalty-shots-revisited-35-points-player-1-has-to-take-a-soccer-penalt-5145206.htm',
          'https://www.transtutors.com/questions/1-pall-d-ju-rilometres-of-highway-repair-c-100-kilometres-of-highway-repair-d-150-ki-5145205.htm',
          'https://www.transtutors.com/questions/1-optimality-conditions-under-nonseparable-leisure-derive-the-log-linearized-optimal-5145204.htm',
          'https://www.transtutors.com/questions/1-one-of-the-stylized-solow-growth-facts-is-a-per-capita-output-grows-at-about-a-con-5145203.htm',
          'https://www.transtutors.com/questions/1-nancy-has-a-utility-function-5-0-4-0-6-where-c-denotes-packets-of-chocolates-w-den-5145202.htm',
          'https://www.transtutors.com/questions/1-the-market-demand-curve-for-a-product-is-d-p-q-400-0-5p-the-market-supply-curve-is-5145201.htm',
          'https://www.transtutors.com/questions/1-the-malthusian-growth-model-in-the-malthusian-model-a-what-are-the-key-relationshi-5145200.htm',
          'https://www.transtutors.com/questions/1-in-lecture-1-we-presented-the-following-version-of-the-budget-constraint-of-the-f-5145199.htm',
          'https://www.transtutors.com/questions/1-an-individual-plans-to-borrow-a-sum-of-10-000-for-1-year-the-nominal-interest-char-5145198.htm',
          'https://www.transtutors.com/questions/1-we-are-given-a-sample-of-n-observations-which-satisfies-the-following-regression-m-5145197.htm',
          'https://www.transtutors.com/questions/1-what-is-a-quot-forward-falling-supply-curve-quot-a-the-supply-curve-of-a-monopolis-5145196.htm',
          'https://www.transtutors.com/questions/1-which-of-the-following-solutions-are-not-part-of-the-ways-of-internalizing-externa-5145195.htm',
          'https://www.transtutors.com/questions/1-which-of-the-following-is-the-most-important-determinant-of-the-location-of-tradab-5145194.htm'],
 'project': ['trans'],
 'referring_link': ['https://www.transtutors.com/questions/economics/176/'],
 'spider': ['trans_links']}
2020-02-05 23:30:20 [scrapy.core.engine] DEBUG: Crawled (200) <GET https://www.transtutors.com/questions/economics/178/> (referer: https://www.google.com/) ['cached']
2020-02-05 23:30:20 [scrapy.core.scraper] DEBUG: Scraped from <200 https://www.transtutors.com/questions/economics/177/>
{'category': ['economy'],
 'date': [datetime.datetime(2020, 2, 5, 23, 30, 20, 75733)],
 'link': ['https://www.transtutors.com/questions/1-external-economies-of-scale-occur-when-average-costs-a-rise-as-the-industry-grows--5145193.htm',
          'https://www.transtutors.com/questions/1-estimates-of-the-marginal-cost-of-daraprim-are-100-for-a-100-pill-bottle-if-turing-5145192.htm',
          'https://www.transtutors.com/questions/1-how-do-economies-of-scale-give-rise-to-international-trade-a-international-trade-o-5145191.htm',
          'https://www.transtutors.com/questions/1-define-aggregate-demand-2-give-three-reasons-why-the-aggregate-demand-curve-slopes-5145190.htm',
          'https://www.transtutors.com/questions/by-using-excel-qm-transportation-1-acme-pharmaceuticals-inc-produces-packs-of-tablet-5145189.htm',
          'https://www.transtutors.com/questions/1-according-to-39-the-oprah-curve-39-the-supply-schedule-for-oprah-winfrey-is-select-5145188.htm',
          'https://www.transtutors.com/questions/please-show-full-working-thank-you-1-8-points-textbook-chapter-5-quot-questions-and--5145187.htm',
          'https://www.transtutors.com/questions/1-30-points-table-below-shows-the-situation-facing-two-firms-both-of-which-are-pollu-5145186.htm',
          'https://www.transtutors.com/questions/1-6-please-1-2-points-think-about-the-concept-of-scarcity-as-it-relates-to-the-state-5145185.htm',
          'https://www.transtutors.com/questions/02-question-2-points-for-stephanie-brownies-x1-and-cookies-x2-are-perfect-substitute-5145184.htm',
          'https://www.transtutors.com/questions/01-question-3-points-see-page-79-a-consumer-is-choosing-a-bundle-of-two-different-go-5145183.htm',
          'https://www.transtutors.com/questions/i-will-rate-after-your-answer-thank-you-0-microsoft-word-topic1-docx-als-topic1-20-3-5145182.htm',
          'https://www.transtutors.com/questions/a-the-spending-income-multiplier-reduces-spending-income-changes-into-larger-changes-5145181.htm',
          'https://www.transtutors.com/questions/mr-david-prefers-food-and-clothes-and-his-utility-function-is-given-as-u-f-c-log-f--5145180.htm',
          'https://www.transtutors.com/questions/i-the-labor-market-40-consider-the-decisions-of-a-representative-consumer-whose-pref-5145179.htm',
          'https://www.transtutors.com/questions/a-explain-the-difference-between-quot-active-quot-discretionary-fiscal-policy-advoca-5145178.htm',
          'https://www.transtutors.com/questions/campus-home-x-discussion-x-y-dcuss-the-limits-x-sign-in-or-sign-up-shortcomings-of--5145177.htm',
          'https://www.transtutors.com/questions/a-calculate-the-deficit-or-surplus-for-each-fiscal-year-and-record-it-in-the-table-b-5145176.htm',
          'https://www.transtutors.com/questions/what-is-wrong-with-the-friends-of-angelo-sweetheart-loans-why-might-countrywide-fina-5145175.htm',
          'https://www.transtutors.com/questions/please-help-is-the-wing-questions-show-detailed-solutions-1-the-following-data-is-co-5145174.htm',
          'https://www.transtutors.com/questions/use-the-following-information-to-answer-questions-8-10-c-600-billion-0-9-yp-i-850-bi-5145173.htm',
          'https://www.transtutors.com/questions/true-false-or-uncertain-explain-multiplying-both-income-and-prices-by-the-same-posit-5145172.htm',
          'https://www.transtutors.com/questions/the-term-corporatization-is-often-used-in-the-former-socialist-economies-to-describe-5145171.htm',
          'https://www.transtutors.com/questions/suppose-that-a-small-town-has-seven-burger-shops-whose-respective-shares-of-the-loca-5145170.htm',
          'https://www.transtutors.com/questions/suppose-that-a-small-town-has-seven-burger-shops-whose-respective-shares-of-the-loca-5145169.htm',
          'https://www.transtutors.com/questions/suppose-that-the-phillips-curve-is-given-by-ii4-11-0-1-2-ut-where-t-1-tt-1-suppose-t-5145168.htm',
          'https://www.transtutors.com/questions/suppose-that-the-phillips-curve-is-given-by-14-14-1-a-u-un-where-z-una-recall-that-t-5145167.htm',
          'https://www.transtutors.com/questions/suppose-that-the-phillips-curve-is-given-by-14-11-0-1-2-u-and-that-inflation-expecta-5145166.htm',
          'https://www.transtutors.com/questions/suppose-the-annual-welfare-benefit-formula-is-benefit-4-000-0-67-wages-gt-2-000-b-ho-5145165.htm',
          'https://www.transtutors.com/questions/can-someone-please-help-thank-you-in-advance-argue-that-the-real-world-does-not-more-5145164.htm',
          'https://www.transtutors.com/questions/section-print-last-keynesian-fiscal-policy-ph-below-to-answer-question-1-use-the-gr-5145163.htm',
          'https://www.transtutors.com/questions/this-rubric-element-wants-you-to-look-at-the-policies-in-place-at-the-start-of-your--5145162.htm',
          'https://www.transtutors.com/questions/this-rubric-element-wants-you-to-examine-what-the-fiscal-policy-initiatives-were-goi-5145161.htm',
          'https://www.transtutors.com/questions/remaining-time-51-minutes-35-seconds-wilt-41793279-1ste-o-question-completion-status-5145160.htm',
          'https://www.transtutors.com/questions/refer-to-the-provided-graph-suppose-that-it-shows-the-s-and-d-graphs-in-a-market-whe-5145159.htm',
          'https://www.transtutors.com/questions/recent-news-have-shown-that-greece-was-on-the-verge-of-financial-default-and-continu-5145158.htm',
          'https://www.transtutors.com/questions/a-recent-engineering-graduate-was-given-the-job-of-determining-the-best-production-a-5145157.htm',
          'https://www.transtutors.com/questions/read-the-case-analysis-dealing-with-jim-a-worker-for-a-gas-utility-in-winnipeg-manit-5145156.htm',
          'https://www.transtutors.com/questions/question-completion-status-question-8-referring-to-table-4-2-box-a-should-be-filled--5145155.htm',
          'https://www.transtutors.com/questions/question-9-costs-which-increase-with-an-increase-in-output-are-called-variable-costs-5145154.htm',
          'https://www.transtutors.com/questions/question-6-figure-5-3-price-d2-marginal-social-benefit-d-marginal-private-benefit-qu-5145153.htm',
          'https://www.transtutors.com/questions/question-2-in-the-lecture-notes-regarding-the-impact-of-taxes-in-the-factor-substitu-5145152.htm',
          'https://www.transtutors.com/questions/question-1-when-residents-of-a-diverse-non-tiebout-community-vote-on-a-level-of-publ-5145151.htm',
          'https://www.transtutors.com/questions/question-1-figure-5-14-shows-the-market-for-aviation-security-aviation-security-gene-5145150.htm',
          'https://www.transtutors.com/questions/which-promoted-the-growth-of-the-facto-ry-system-select-two-correct-answers-a-assemb-5145149.htm',
          'https://www.transtutors.com/questions/the-price-of-widgets-has-decreased-from-6-to-s5-causing-the-quantity-demanded-to-inc-5145148.htm',
          'https://www.transtutors.com/questions/place-the-industries-into-the-proper-category-monopolistic-competition-monopoly-comp-5145147.htm',
          'https://www.transtutors.com/questions/one-of-the-responses-to-the-last-world-financial-crisis-has-been-to-impose-fiscal-au-5145146.htm',
          'https://www.transtutors.com/questions/ompletion-status-question-3-supposing-the-market-price-for-a-price-taking-firm-is-kn-5145145.htm',
          'https://www.transtutors.com/questions/what-occurred-in-october-1979-that-was-later-labeled-the-saturday-night-special-a-th-5145144.htm'],
 'project': ['trans'],
 'referring_link': ['https://www.transtutors.com/questions/economics/177/'],
 'spider': ['trans_links']}
2020-02-05 23:30:20 [scrapy.core.engine] DEBUG: Crawled (200) <GET https://www.transtutors.com/questions/economics/179/> (referer: https://www.google.com/) ['cached']
2020-02-05 23:30:20 [scrapy.core.scraper] DEBUG: Scraped from <200 https://www.transtutors.com/questions/economics/178/>
{'category': ['economy'],
 'date': [datetime.datetime(2020, 2, 5, 23, 30, 20, 262054)],
 'link': ['https://www.transtutors.com/questions/note-course-name-engineering-economics-please-help-me-to-solve-the-following-all-que-5145143.htm',
          'https://www.transtutors.com/questions/i-need-help-with-each-step-graph-a-budget-constraint-a-generic-one-and-show-how-it--5145142.htm',
          'https://www.transtutors.com/questions/if-the-natural-monopoly-shown-in-the-accompanying-graph-uses-marginal-cost-pricing-t-5145141.htm',
          'https://www.transtutors.com/questions/mexico-can-produce-either-60-cars-or-20-trucks-using-all-of-its-available-resources--5145139.htm',
          'https://www.transtutors.com/questions/the-marginal-cost-of-producing-a-16gb-model-is-207-the-marginal-cost-of-producing-a--5145138.htm',
          'https://www.transtutors.com/questions/macro-midterm-2-summer-b-2019-name-base-year-2000-2007-2009-product-quantity-price-v-5145137.htm',
          'https://www.transtutors.com/questions/after-looking-at-what-the-government-set-out-to-do-and-why-you-will-now-examine-if-i-5145136.htm',
          'https://www.transtutors.com/questions/a-local-defense-contractor-is-considering-the-production-of-fireworks-as-a-way-to-re-5145135.htm',
          'https://www.transtutors.com/questions/if-the-labor-force-grows-solely-in-size-what-is-its-likely-influence-on-the-gdp-a-re-5145134.htm',
          'https://www.transtutors.com/questions/king-graduate-school-of-monroe-college-sample-final-exam-1-the-chemical-industry-hal-5145133.htm',
          'https://www.transtutors.com/questions/please-show-a-written-solution-innovative-mechanical-solutions-incorporated-ims-inc--5145132.htm',
          'https://www.transtutors.com/questions/individual-pramilla-sam-george-lucas-opportunity-cost-2-units-of-good-x-to-produce-1-5145131.htm',
          'https://www.transtutors.com/questions/incorrect-question-7-which-of-the-following-is-not-a-government-role-in-the-economy--5145130.htm',
          'https://www.transtutors.com/questions/incorrect-question-23-a-pigovian-tax-will-fix-which-of-the-following-in-a-given-year-5145129.htm',
          'https://www.transtutors.com/questions/which-of-the-following-statements-explains-why-the-marginal-cost-pricing-rule-result-5145128.htm',
          'https://www.transtutors.com/questions/which-of-the-following-statements-is-an-example-of-a-positive-as-opposed-to-normativ-5145127.htm',
          'https://www.transtutors.com/questions/which-of-the-following-is-least-affected-by-the-fed-s-changes-in-money-supply-and-in-5145126.htm',
          'https://www.transtutors.com/questions/which-of-the-following-is-incorrect-multiple-choice-given-aggregate-demand-a-decreas-5145125.htm',
          'https://www.transtutors.com/questions/which-of-the-following-is-an-example-of-a-fixed-cost-select-the-correct-answer-below-5145124.htm',
          'https://www.transtutors.com/questions/which-of-the-following-conditions-must-exist-for-price-discrimination-to-occur-choos-5145123.htm',
          'https://www.transtutors.com/questions/a-firm-faces-the-following-costs-total-cost-of-capital-2-500-price-paid-for-labor-12-5145122.htm',
          'https://www.transtutors.com/questions/the-financial-strength-of-any-organization-is-crucial-when-making-decisions-whether--5145121.htm',
          'https://www.transtutors.com/questions/the-figure-below-depicts-a-monopolistically-competitive-firm-operating-in-the-short--5145120.htm',
          'https://www.transtutors.com/questions/no-explanation-needed-of-the-following-countries-which-country-39-s-government-colle-5145119.htm',
          'https://www.transtutors.com/questions/explain-four-roles-of-the-government-in-maintaining-ethical-business-practices-5145118.htm',
          'https://www.transtutors.com/questions/explain-in-depth-why-your-position-either-agrees-or-disagrees-with-the-statement-sta-5145117.htm',
          'https://www.transtutors.com/questions/evaluate-a-combined-cycle-power-plant-on-the-basis-of-the-pw-fw-and-aw-methods-when--5145116.htm',
          'https://www.transtutors.com/questions/et407-ea-summer-19-final-name-1-a-company-plans-to-borrow-20-000-from-a-bank-for-one-5145115.htm',
          'https://www.transtutors.com/questions/the-economy-tomorrow-social-security-tax-revenue-comes-from-taxes-on-current-workers-5145114.htm',
          'https://www.transtutors.com/questions/discuss-some-of-the-external-not-within-the-country-or-under-the-control-of-the-coun-5145113.htm',
          'https://www.transtutors.com/questions/d-cuny-edu-webapps-assessment-take-launch-jsp-course-assessmentid-1283774-18-course--5145112.htm',
          'https://www.transtutors.com/questions/consider-running-regression-to-fit-the-following-model-for-the-cost-of-running-a-sec-5145111.htm',
          'https://www.transtutors.com/questions/consider-a-country-operating-under-fixed-exchange-rates-with-aggregate-demand-and-ag-5145110.htm',
          'https://www.transtutors.com/questions/consider-a-country-operating-under-fixed-exchange-rates-with-aggregate-demand-and-ag-5145109.htm',
          'https://www.transtutors.com/questions/consider-a-country-operating-under-fixed-exchange-rates-with-aggregate-demand-and-ag-5145108.htm',
          'https://www.transtutors.com/questions/help-asap-community-name-comparison-community-hyde-park-heroin-tracker-data-response-5145107.htm',
          'https://www.transtutors.com/questions/while-business-ecosystems-can-be-a-good-thing-are-there-any-drawbacks--5145106.htm',
          'https://www.transtutors.com/questions/base-year-2000-2007-2009-market-current-basket-cost-in-current-year-prices-quantiy-y-5145105.htm',
          'https://www.transtutors.com/questions/according-to-the-data-in-exhibit-24-1-the-rate-of-inflation-for-2009-was-exhibit-24--5145104.htm',
          'https://www.transtutors.com/questions/7-by-shutting-down-when-price-is-less-than-average-variable-cost-at-the-profit-maxim-5145103.htm',
          'https://www.transtutors.com/questions/5-35-points-a-city-government-is-considering-three-alternatives-to-improve-recreatio-5145102.htm',
          'https://www.transtutors.com/questions/44-an-unregulated-industry-has-a-lermer-index-of-zero-these-numbers-a-reveal-that-so-5145101.htm',
          'https://www.transtutors.com/questions/4-walmart-and-other-quot-big-box-quot-stores-have-faced-pressure-from-unions-and-pol-5145100.htm',
          'https://www.transtutors.com/questions/4-30-points-an-osu-alumna-wants-to-establish-a-scholarship-fund-and-is-planning-to-m-5145099.htm',
          'https://www.transtutors.com/questions/3-15-points-a-local-credit-union-pays-a-market-interest-rate-of-5-per-year-for-long--5145098.htm',
          'https://www.transtutors.com/questions/2-short-run-and-long-run-effects-of-a-shift-in-demand-suppose-that-the-chicken-indus-5145097.htm',
          'https://www.transtutors.com/questions/2-25-points-a-university-is-considering-the-purchase-of-a-fleet-of-compact-electric--5145096.htm',
          'https://www.transtutors.com/questions/19-street-journal-states-that-quot-europe-is-entering-its-fifth-consecutive-year-of--5145095.htm',
          'https://www.transtutors.com/questions/1-the-north-american-free-trade-agreement-and-the-european-union-are-examples-of-a-a-5145094.htm',
          'https://www.transtutors.com/questions/1-you-have-a-cow-herd-with-an-average-herd-weight-of-1300lb-and-a-bcs-of-4-all-cows--5145093.htm'],
 'project': ['trans'],
 'referring_link': ['https://www.transtutors.com/questions/economics/178/'],
 'spider': ['trans_links']}
2020-02-05 23:30:20 [scrapy.core.engine] DEBUG: Crawled (200) <GET https://www.transtutors.com/questions/economics/180/> (referer: https://www.google.com/) ['cached']
2020-02-05 23:30:20 [scrapy.core.scraper] DEBUG: Scraped from <200 https://www.transtutors.com/questions/economics/179/>
{'category': ['economy'],
 'date': [datetime.datetime(2020, 2, 5, 23, 30, 20, 442341)],
 'link': ['https://www.transtutors.com/questions/1-25-points-an-equipment-costs-100-000-has-a-useful-life-of-5-years-and-has-zero-sal-5145092.htm',
          'https://www.transtutors.com/questions/zzz-company-is-considering-an-investment-at-time-o-in-a-machine-that-produces-headph-5145091.htm',
          'https://www.transtutors.com/questions/zero-sumgame-b-tit-for-tat-strategy-c-d-dynamic-game-individual-labor-supply-curve-b-5145090.htm',
          'https://www.transtutors.com/questions/yuren-wu-6-14-19-655-pm-quiz-quiz-on-chapter-19-and-20-time-remaining-00-22-33-submi-5145089.htm',
          'https://www.transtutors.com/questions/year-population-in-millions-gdp-in-trillions-of-us-2014-318-86-16-29-2011-311-72-15--5145088.htm',
          'https://www.transtutors.com/questions/year-government-outlays-trillions-of-2009-dollars-tax-revenue-trillions-of-2009-doll-5145087.htm',
          'https://www.transtutors.com/questions/yars-4-2-marks-what-is-the-present-worth-of-twenty-200-payments-occurring-at-the-end-5145086.htm',
          'https://www.transtutors.com/questions/when-xyz-rm-ondered-the-maket-for-good-a-two-years-back-i-ept-e-price-of-ts-product--5145085.htm',
          'https://www.transtutors.com/questions/in-xi-2x104x21-2-min-x1-x2-2-2x2-x11-9-my-utility-is-given-by-u-xi-x2-true-false-or--5145084.htm',
          'https://www.transtutors.com/questions/xconcept-question-8-3-3-suppose-that-the-phillips-curve-is-given-by-given-this-equat-5145083.htm',
          'https://www.transtutors.com/questions/xavi-looks-at-his-account-and-notices-that-if-the-current-monthly-interest-rate-stay-5145082.htm',
          'https://www.transtutors.com/questions/in-x-min-x-x2-2-2x2-x-1-2-0-4-1-1-9-my-utility-is-given-by-u-xi-x2-2x-39-true-false--5145081.htm',
          'https://www.transtutors.com/questions/x-b-w-0-t-quantity-of-labor-country-b-d-e-quantity-of-labor-country-a-in-the-accompa-5145080.htm',
          'https://www.transtutors.com/questions/x-a-1-2-1-2-3-3-4-0-1-1-2-2-c-4-0-0-1-1-1-d-0-4-0-5-2-4-b-consider-the-game-in-strat-5145079.htm',
          'https://www.transtutors.com/questions/wwwnc-hours-needed-to-make-one-amount-produced-in-2400-hours-car-airplane-cars-airpl-5145078.htm',
          'https://www.transtutors.com/questions/write-a-paragraph-about-the-common-ways-the-three-brand-39-s-mentioned-quaker-qualit-5145077.htm',
          'https://www.transtutors.com/questions/in-2000-words-in-2000-words-each-paragraph-for-eat-topic-write-the-fouowng-potnts-fo-5145076.htm',
          'https://www.transtutors.com/questions/write-how-economics-is-connected-with-international-management--5145075.htm',
          'https://www.transtutors.com/questions/write-a-5-6-paragraph-report-on-china-39-s-new-silk-road-plan-what-is-it-its-perform-5145074.htm',
          'https://www.transtutors.com/questions/would-you-support-a-decision-of-the-trump-administration-to-impose-up-to-a-25-tariff-5145073.htm',
          'https://www.transtutors.com/questions/you-would-like-to-double-your-investment-using-a-fund-that-pays-4-per-year-approxima-5145072.htm',
          'https://www.transtutors.com/questions/what-would-happen-to-the-equilibrium-price-and-quantity-of-latt-s-if-coffee-shops-be-5145071.htm',
          'https://www.transtutors.com/questions/would-an-expert-please-solve-this-homework-problem-i-have-not-done-this-in-a-few-yea-5145070.htm',
          'https://www.transtutors.com/questions/what-would-be-the-equilibrium-of-the-classic-game-chicken-if-it-was-played-as-a-stac-5145069.htm',
          'https://www.transtutors.com/questions/what-would-you-decide-between-developmental-agency-assistance-or-private-investment--5145068.htm',
          'https://www.transtutors.com/questions/why-would-an-contractionary-monetary-policy-no-longer-be-available-to-combat-inflati-5145067.htm',
          'https://www.transtutors.com/questions/i-would-appreciate-if-both-are-completed-with-showing-the-work-the-key-to-the-projec-5145065.htm',
          'https://www.transtutors.com/questions/world-war-1-was-the-first-time-that-the-u-s-declared-war-as-a-world-power-2-causes-0-5145064.htm',
          'https://www.transtutors.com/questions/world-trade-declined-in-the-1930s-which-of-the-following-is-the-best-example-of-that-5145063.htm',
          'https://www.transtutors.com/questions/if-the-world-supply-curve-is-swo-and-the-country-discovers-a-significant-natural-res-5145062.htm',
          'https://www.transtutors.com/questions/the-world-economic-outlook-reported-the-following-use-the-data-from-the-world-econom-5145061.htm',
          'https://www.transtutors.com/questions/most-to-the-world-in-2017-10-u-s-exported-a-petroleum-and-other-mineral-products-b-c-5145060.htm',
          'https://www.transtutors.com/questions/the-working-minus-age-population-includes-a-only-employed-people-over-the-age-of-16--5145059.htm',
          'https://www.transtutors.com/questions/a-worker-is-hired-by-a-principal-to-do-a-task-only-the-worker-knows-the-effort-she-e-5145058.htm',
          'https://www.transtutors.com/questions/is-this-correct-in-words-what-does-it-mean-when-an-economic-consultant-states-tom-39-5145057.htm',
          'https://www.transtutors.com/questions/in-your-own-words-explain-the-role-of-profit-in-an-organization-include-at-least-two-5145056.htm',
          'https://www.transtutors.com/questions/the-women-39-s-rights-movement-played-a-significant-role-in-american-history-therefo-5145055.htm',
          'https://www.transtutors.com/questions/wobet-is-a-small-country-that-produces-only-steak-and-potatoes-steaks-have-a-price-o-5145054.htm',
          'https://www.transtutors.com/questions/please-call-me-and-i-will-pay-150-to-help-me-on-my-questions-like-this-window-help-f-5145053.htm',
          'https://www.transtutors.com/questions/if-whole-foods-raises-the-price-it-charges-for-celery-by-10-percent-the-amount-of-re-5145052.htm',
          'https://www.transtutors.com/questions/question-2-whel-an-wt-lenclude-abevt-hae-neuteliny-in-s-ond-mp-pdy-curve-te-1-m4z-du-5145051.htm',
          'https://www.transtutors.com/questions/wheat-is-the-main-input-in-the-production-of-flour-if-the-price-of-wheat-decreases-t-5145050.htm',
          'https://www.transtutors.com/questions/whats-the-difference-between-the-augmented-dicky-fuller-test-and-the-normal-dicky-fu-5145049.htm',
          'https://www.transtutors.com/questions/western-bank-holds-reserves-of-50-million-and-government-bonds-worth-180-million-it--5145048.htm',
          'https://www.transtutors.com/questions/wendy-and-charlotte-both-enjoy-watching-manu-s-kitchen-rules-or-mkr-initially-assume-5145047.htm',
          'https://www.transtutors.com/questions/the-weekly-supply-and-demand-for-fast-food-cheeseburgers-in-your-city-are-shown-in-t-5145046.htm',
          'https://www.transtutors.com/questions/please-answer-as-many-as-possible-i-think-this-is-my-last-chegg-question-week-4-assi-5145045.htm',
          'https://www.transtutors.com/questions/week-3-assignment-worksheet-complete-the-following-table-be-sure-to-copy-paste-your--5145044.htm',
          'https://www.transtutors.com/questions/in-what-ways-dobissues-such-as-global-environment-diesease-and-the-internet-challeng-5145043.htm',
          'https://www.transtutors.com/questions/in-what-way-is-economic-development-different-from-economic-growth-5145042.htm'],
 'project': ['trans'],
 'referring_link': ['https://www.transtutors.com/questions/economics/179/'],
 'spider': ['trans_links']}
2020-02-05 23:30:20 [scrapy.core.engine] DEBUG: Crawled (200) <GET https://www.transtutors.com/questions/economics/181/> (referer: https://www.google.com/) ['cached']
2020-02-05 23:30:20 [scrapy.core.scraper] DEBUG: Scraped from <200 https://www.transtutors.com/questions/economics/180/>
{'category': ['economy'],
 'date': [datetime.datetime(2020, 2, 5, 23, 30, 20, 594731)],
 'link': ['https://www.transtutors.com/questions/waterway-clothing-store-had-a-balance-in-the-accounts-receivable-account-of-761000-a-5145041.htm',
          'https://www.transtutors.com/questions/watch-heist-who-stole-the-american-dream-by-frances-causey-and-donald-goldmacher-wha-5145040.htm',
          'https://www.transtutors.com/questions/w-shows-the-marginal-utiity-for-product-x-and-product-y-for-a-hypothetical-consumer--5145039.htm',
          'https://www.transtutors.com/questions/the-voluntary-export-restraints-on-autos-by-japan-in-the-early-1980s-were-a-a-bad-de-5145038.htm',
          'https://www.transtutors.com/questions/after-visiting-the-statistics-canada-website-complete-the-following-table-proportion-5145037.htm',
          'https://www.transtutors.com/questions/most-visited-chicken-breasts-stu-getting-started-http-www-aliexpre-nwf-com-is-7-solv-5145036.htm',
          'https://www.transtutors.com/questions/a-vinich-game-does-not-describe-a-prisoner-39-s-dilemma-outcome-members-attempting-t-5145035.htm',
          'https://www.transtutors.com/questions/ved-alld-esumed-later-question-completion-status-question-1-which-of-the-following-d-5145034.htm',
          'https://www.transtutors.com/questions/you-39-ve-been-recognized-as-one-of-the-world-39-s-best-economic-thinkers-world-gove-5145033.htm',
          'https://www.transtutors.com/questions/vame-moicy-3-calculating-present-values-for-each-of-the-following-compute-the-presen-5145032.htm',
          'https://www.transtutors.com/questions/what-is-the-value-of-net-exports-chapter-6-9-what-was-the-value-of-the-consumer-pric-5145031.htm',
          'https://www.transtutors.com/questions/the-value-of-a-brand-to-an-organization-over-and-above-the-value-of-the-generic-vers-5145030.htm',
          'https://www.transtutors.com/questions/utility-function-is-x-2y-a-does-income-effect-exist-b-does-substitution-effect-exis-5145029.htm',
          'https://www.transtutors.com/questions/utility-function-is-given-as-xy-given-y-2-m-16-px-changed-from-1-to-2-the-point-wher-5145028.htm',
          'https://www.transtutors.com/questions/utility-function-is-given-as-log-2-a-what-is-mrsxy-b-can-you-derive-demand-curve-f-5145027.htm',
          'https://www.transtutors.com/questions/utility-function-is-given-as-3x-2y-a-draw-the-indifference-curves-on-x-y-dimension-b-5145026.htm',
          'https://www.transtutors.com/questions/utility-function-is-given-as-1-3-2-3-a-draw-the-indifference-curves-on-x-y-dimension-5145025.htm',
          'https://www.transtutors.com/questions/using-the-supply-and-demand-schedules-to-answer-the-following-questions-table-1-quan-5145024.htm',
          'https://www.transtutors.com/questions/using-sociological-economic-psychological-cultural-and-political-factors-argue-for-a-5145023.htm',
          'https://www.transtutors.com/questions/using-shifts-in-supply-and-demand-curves-describe-two-changes-in-the-industry-in-whi-5145022.htm',
          'https://www.transtutors.com/questions/using-a-product-with-a-name-that-begins-with-the-first-letter-of-your-first-or-last--5145021.htm',
          'https://www.transtutors.com/questions/using-a-product-of-your-choice-construct-a-table-that-illustrates-increase-in-supply-5145020.htm',
          'https://www.transtutors.com/questions/using-the-payoff-matrix-below-answer-question-20-it-is-a-prisoner-s-dilemma-game-whe-5145019.htm',
          'https://www.transtutors.com/questions/a-using-the-following-information-calculate-the-annual-discount-rate-suppose-a-firm-5145018.htm',
          'https://www.transtutors.com/questions/data-set-300-349-1-4-6126-2438-1-5-703783-5-855359-8-720297-7-798934-370-351-5-3-990-5145017.htm',
          'https://www.transtutors.com/questions/using-a-diagram-explain-how-an-external-cost-of-production-i-e-a-negative-production-5145016.htm',
          'https://www.transtutors.com/questions/i-need-help-answering-question-3-but-the-table-in-question-1-needs-to-be-referenced--5145015.htm',
          'https://www.transtutors.com/questions/using-the-data-below-compute-gdp-via-the-expenditure-and-income-approach-millions-of-5145014.htm',
          'https://www.transtutors.com/questions/use-whatever-method-gets-one-of-those-answers-that-is-not-the-one-i-got-wrong-4-a-gr-5145013.htm',
          'https://www.transtutors.com/questions/use-the-table-below-to-solve-this-problem-level-of-output-and-consumption-income-gdp-5145012.htm',
          'https://www.transtutors.com/questions/use-the-table-to-answer-questions-about-the-demand-for-and-supply-of-blu-ray-movies--5145011.htm',
          'https://www.transtutors.com/questions/use-the-table-to-answer-the-questions-define-productivity-as-gdp-per-worker-and-plea-5145010.htm',
          'https://www.transtutors.com/questions/use-the-saving-investment-model-in-a-small-open-economy-to-show-how-cutting-the-gove-5145009.htm',
          'https://www.transtutors.com/questions/use-the-probability-distribution-given-in-the-table-below-and-consider-two-new-rando-5145008.htm',
          'https://www.transtutors.com/questions/how-to-use-the-new-keynesian-model-framework-to-explain-the-great-recession-it-also--5145007.htm',
          'https://www.transtutors.com/questions/use-what-you-know-about-the-process-of-wage-setting-by-workers-and-price-setting-by--5145006.htm',
          'https://www.transtutors.com/questions/use-the-information-presented-in-southwestern-mutual-bank-39-s-balance-sheet-to-answ-5145005.htm',
          'https://www.transtutors.com/questions/use-the-graph-input-tool-to-help-you-answer-the-following-questions-you-will-not-be--5145004.htm',
          'https://www.transtutors.com/questions/use-the-following-information-for-the-next-3-questions-suppose-you-want-to-test-for--5145003.htm',
          'https://www.transtutors.com/questions/use-the-following-information-for-the-next-3-questions-assume-you-want-to-estimate-t-5145002.htm',
          'https://www.transtutors.com/questions/use-the-following-information-to-answer-questions-9-and-10-consider-the-following-ga-5145001.htm',
          'https://www.transtutors.com/questions/use-following-information-to-answer-31-35-a-firm-produces-output-according-to-the-fo-5145000.htm',
          'https://www.transtutors.com/questions/use-the-following-example-to-answer-questions-1-2-1-little-kona-is-a-small-coffee-co-5144999.htm',
          'https://www.transtutors.com/questions/use-the-following-diagram-for-question-11-and-12-20-4-2-ineme-36-20-this-risk-averse-5144998.htm',
          'https://www.transtutors.com/questions/use-the-following-data-to-answer-questions-1-3-there-are-three-industrial-firms-in-h-5144997.htm',
          'https://www.transtutors.com/questions/use-economic-theories-and-terminologies-you-learned-to-analyze-and-explain-the-quest-5144996.htm',
          'https://www.transtutors.com/questions/use-economic-theories-and-terminologies-you-learned-to-analyze-and-explain-the-quest-5144995.htm',
          'https://www.transtutors.com/questions/use-economic-theories-and-terminologies-you-learned-to-analyze-and-explain-the-quest-5144994.htm',
          'https://www.transtutors.com/questions/use-economic-theories-and-terminologies-you-learned-to-analyze-and-explain-the-quest-5144993.htm',
          'https://www.transtutors.com/questions/you-will-use-ebscohost-to-find-two-articles-describing-firms-product-strategy-when-a-5144992.htm'],
 'project': ['trans'],
 'referring_link': ['https://www.transtutors.com/questions/economics/180/'],
 'spider': ['trans_links']}
2020-02-05 23:30:20 [scrapy.core.engine] DEBUG: Crawled (200) <GET https://www.transtutors.com/questions/economics/182/> (referer: https://www.google.com/) ['cached']
2020-02-05 23:30:20 [scrapy.core.scraper] DEBUG: Scraped from <200 https://www.transtutors.com/questions/economics/181/>
{'category': ['economy'],
 'date': [datetime.datetime(2020, 2, 5, 23, 30, 20, 750485)],
 'link': ['https://www.transtutors.com/questions/use-this-diagram-to-answer-the-questions-that-follow-what-is-the-equilibrium-quantit-5144991.htm',
          'https://www.transtutors.com/questions/use-consumer-behaviour-analysis-marginal-utilities-approach-to-solve-the-question-5--5144990.htm',
          'https://www.transtutors.com/questions/use-the-blue-points-arcle-symbol-to-plot-total-revemue-and-the-green-points-trangle--5144989.htm',
          'https://www.transtutors.com/questions/use-the-axes-that-follow-to-diagram-a-typical-production-possibilities-curve-with-in-5144988.htm',
          'https://www.transtutors.com/questions/the-u-s-has-been-a-trade-deficit-country-for-a-long-time-do-you-agree-with-that-amer-5144987.htm',
          'https://www.transtutors.com/questions/the-u-s-supply-and-demand-curves-for-cars-cross-at-10-000-foreigners-will-purchase-a-5144986.htm',
          'https://www.transtutors.com/questions/how-did-u-s-policies-affect-trade-after-world-war-ii-a-u-s-worked-with-the-soviet-un-5144985.htm',
          'https://www.transtutors.com/questions/in-the-u-s-look-at-the-macroeconomics-data-for-2018-or-2019-and-identify-the-value-o-5144984.htm',
          'https://www.transtutors.com/questions/how-did-the-u-s-government-respond-to-the-challenges-of-the-great-depression-and-wor-5144983.htm',
          'https://www.transtutors.com/questions/when-the-u-s-economy-goes-into-recession-conventionally-what-policy-could-fiscal-pol-5144982.htm',
          'https://www.transtutors.com/questions/the-u-s-economy-is-experiencing-rising-output-rising-employment-rising-incomes-and-f-5144981.htm',
          'https://www.transtutors.com/questions/how-is-the-u-s-a-economy-doing-2019-please-no-more-than-6-sentences--5144980.htm',
          'https://www.transtutors.com/questions/if-the-us-dollar-appreciates-against-the-japanese-yen-a-the-us-dollar-would-buy-if-y-5144978.htm',
          'https://www.transtutors.com/questions/the-u-s-department-of-agriculture-usda-estimates-with-its-prediction-for-food-price--5144977.htm',
          'https://www.transtutors.com/questions/u-s-a-what-is-the-current-level-of-growth-in-gdp-cpi-national-debt-please-short-ans-5144976.htm',
          'https://www.transtutors.com/questions/u-s-based-investment-banks-have-undergone-what-many-would-consider-substantive-chang-5144975.htm',
          'https://www.transtutors.com/questions/a-u-s-apparel-manufacturer-is-considering-moving-its-production-abroad-suppose-its-p-5144974.htm',
          'https://www.transtutors.com/questions/a-u-s-apparel-manufacturer-is-considering-moving-its-production-abroad-suppose-its-p-5144973.htm',
          'https://www.transtutors.com/questions/uraun-jo-asje-ann-si-suauans-uimoto-a-to-yoea-u-ureidxa-auaug-si-nollos-use-space-pr-5144972.htm',
          'https://www.transtutors.com/questions/uppose-you-are-interested-in-buying-two-goods-x-and-y-you-view-these-goods-as-genera-5144971.htm',
          'https://www.transtutors.com/questions/if-an-unregulated-electric-company-is-a-monopolist-and-faces-demand-of-q-50-10p-it-h-5144970.htm',
          'https://www.transtutors.com/questions/if-an-unregulated-electric-company-is-a-monopolist-faces-demand-of-q-100-50p-and-has-5144969.htm',
          'https://www.transtutors.com/questions/universal-gadgets-ug-is-a-firm-with-the-cost-function-is-given-by-c-q-20-50q-3q-2-0--5144968.htm',
          'https://www.transtutors.com/questions/universal-gadgets-ug-is-a-firm-with-the-cost-function-is-given-by-c-q-20-50q-3q-2-0--5144967.htm',
          'https://www.transtutors.com/questions/universal-gadgets-ug-is-a-firm-with-the-cost-function-is-given-by-c-q-20-50q-3q-2-0--5144966.htm',
          'https://www.transtutors.com/questions/please-help-me-to-solve-question-6-to-12-best-wishes-universal-gadgets-ug-is-a-firm--5144965.htm',
          'https://www.transtutors.com/questions/universal-gadgets-ug-is-a-firm-with-the-cost-function-is-given-by-20-50q-3q-0-1q-c-q-5144964.htm',
          'https://www.transtutors.com/questions/as-more-units-of-capital-are-added-in-the-solow-model-output-increases-at-an-increas-5144963.htm',
          'https://www.transtutors.com/questions/the-united-states-is-said-to-have-a-dual-banking-system-because-banks-a-may-be-chart-5144962.htm',
          'https://www.transtutors.com/questions/in-the-united-states-many-agricultural-products-such-as-corn-wheat-and-rice-are-subs-5144961.htm',
          'https://www.transtutors.com/questions/in-the-united-states-a-defendant-is-innocent-until-proven-guilty-there-have-been-man-5144960.htm',
          'https://www.transtutors.com/questions/the-united-nations-human-development-report-gives-the-following-data-for-real-gdp-pe-5144959.htm',
          'https://www.transtutors.com/questions/unemployment-that-occurs-when-a-steel-manufacture-worker-from-pennsylvania-loses-his-5144958.htm',
          'https://www.transtutors.com/questions/i-understand-questions-1-and-2-but-i-do-not-udnerstand-how-the-correct-answer-for-qu-5144957.htm',
          'https://www.transtutors.com/questions/we-were-unable-to-have-class-because-of-the-scheduling-problems-with-airlines-flight-5144956.htm',
          'https://www.transtutors.com/questions/the-un-estimates-that-inadequate-sanitation-is-responsible-for-a-ten-percent-of-all--5144955.htm',
          'https://www.transtutors.com/questions/utility-functions-uk-xk-yk-vxkyk-um-xm-ym-vxmym-problem-3-30-points-joy-the-abandone-5144954.htm',
          'https://www.transtutors.com/questions/against-u-k-6-in-2004-u-s-had-a-a-trade-deficit-trade-deficit-b-trade-deficit-trade--5144953.htm',
          'https://www.transtutors.com/questions/uiz-chapter-5-quiz-graded-19-of-25-18-co-ls-question-4-pts-over-the-business-cycle-o-5144952.htm',
          'https://www.transtutors.com/questions/uais-uaauad-an-anoupin-a-papu0-01-papunoroqunu-e-se-amsue-puoq-sp-uo-kum-aojaq-ya-a-5144951.htm',
          'https://www.transtutors.com/questions/uainy-5-if-the-price-paid-for-a-certain-good-is-35-and-the-consumer-surplus-is-6-the-5144950.htm',
          'https://www.transtutors.com/questions/why-uae-reduce-tarrif-system-for-non-agricultural-products-industry-why-uae-reduce-t-5144949.htm',
          'https://www.transtutors.com/questions/ans-me-fast-in-exam-u1swe-wilii-dil-lii-structure-4-10-points-describe-main-types-of-5144948.htm',
          'https://www.transtutors.com/questions/a-typical-resident-of-the-country-of-collegia-consumes-a-simple-basket-of-goods-cons-5144946.htm',
          'https://www.transtutors.com/questions/typical-perfect-competitive-firm-in-the-coffee-market-is-given-by-the-the-cost-curve-5144945.htm',
          'https://www.transtutors.com/questions/what-types-of-ethical-misconduct-took-place-at-hsbc-holdings-what-consequences-did-h-5144944.htm',
          'https://www.transtutors.com/questions/what-types-of-ethical-misconduct-took-place-at-hsbc-holdings-what-consequences-did-h-5144943.htm',
          'https://www.transtutors.com/questions/two-mutually-exclusive-water-purification-systems-are-being-considered-for-implement-5144942.htm',
          'https://www.transtutors.com/questions/if-two-goods-are-substitute-goods-a-an-increase-in-the-price-of-one-will-cause-a-dec-5144941.htm',
          'https://www.transtutors.com/questions/if-two-goods-are-perfect-substitutes-for-a-consumer-the-consumer-39-s-indifference-c-5144940.htm'],
 'project': ['trans'],
 'referring_link': ['https://www.transtutors.com/questions/economics/181/'],
 'spider': ['trans_links']}
2020-02-05 23:30:20 [scrapy.core.engine] DEBUG: Crawled (200) <GET https://www.transtutors.com/questions/economics/183/> (referer: https://www.google.com/) ['cached']
2020-02-05 23:30:20 [scrapy.core.scraper] DEBUG: Scraped from <200 https://www.transtutors.com/questions/economics/182/>
{'category': ['economy'],
 'date': [datetime.datetime(2020, 2, 5, 23, 30, 20, 923395)],
 'link': ['https://www.transtutors.com/questions/two-firms-must-simultaneously-decide-whether-to-enter-a-market-the-payoffs-resulting-5144939.htm',
          'https://www.transtutors.com/questions/a-two-firm-industry-is-characterized-by-stackelberg-competition-the-two-firms-face-a-5144938.htm',
          'https://www.transtutors.com/questions/a-two-firm-industry-is-characterized-by-cournot-competition-the-two-firms-face-a-mar-5144937.htm',
          'https://www.transtutors.com/questions/two-equal-sized-newspapers-have-an-overlap-circulation-of-10-10-of-the-subscribers-s-5144936.htm',
          'https://www.transtutors.com/questions/there-are-two-elements-courts-look-for-when-evaluating-a-plaintiff-s-claim-of-reason-5144935.htm',
          'https://www.transtutors.com/questions/two-companies-craigslist-ebay-etc-who-are-vying-for-a-piece-of-the-online-rental-mar-5144934.htm',
          'https://www.transtutors.com/questions/turnih-mn-4-graphing-linear-equations-and-inequalities-858-chapter-chapter-10-projec-5144933.htm',
          'https://www.transtutors.com/questions/turn-in-necessary-stata-outputs-use-the-data-set-chick6-dta-attached-below-estimate--5144932.htm',
          'https://www.transtutors.com/questions/tudent-iu-sypriog-2018a19-date-17-consider-an-economy-which-produces-two-goods-pizza-5144931.htm',
          'https://www.transtutors.com/questions/true-false-or-uncertain-the-u-s-money-supply-as-measured-by-m2-increased-185-7-from--5144930.htm',
          'https://www.transtutors.com/questions/true-or-false-questions-and-brief-explanation-for-each-question-1-a-person-that-choo-5144929.htm',
          'https://www.transtutors.com/questions/real-estate-please-no-hand-written-thanks-true-false-every-state-in-the-united-state-5144928.htm',
          'https://www.transtutors.com/questions/true-or-false-a-currency-has-depreciated-in-value-if-it-takes-more-of-a-foreign-curr-5144927.htm',
          'https://www.transtutors.com/questions/true-false-1-the-day-to-day-operation-of-the-franchise-business-normally-is-under-th-5144926.htm',
          'https://www.transtutors.com/questions/true-or-false-1-customer-relationship-management-means-a-systematic-tracking-of-cons-5144925.htm',
          'https://www.transtutors.com/questions/i-am-having-trouble-understanding-the-below-material-please-share-your-thoughts-to-h-5144924.htm',
          'https://www.transtutors.com/questions/quot-the-travel-of-t-shirts-in-a-global-economy-quot-rivoli-pietra-why-did-dr-rivol-5144923.htm',
          'https://www.transtutors.com/questions/transitioning-to-a-renewable-substitute-in-energy-n-period-model-can-someone-explain-5144922.htm',
          'https://www.transtutors.com/questions/tprice-supply-ineed-eyphinghen-calculefion-between-which-two-points-leads-to-the-gre-5144921.htm',
          'https://www.transtutors.com/questions/toyota-makes-cars-in-china-and-in-the-us-as-well-do-you-think-it-uses-the-same-mix-o-5144920.htm',
          'https://www.transtutors.com/questions/in-the-town-of-rochester-widgets-are-sold-by-a-competitive-industry-at-an-equilibriu-5144919.htm',
          'https://www.transtutors.com/questions/in-the-town-of-rochester-widgets-are-sold-by-a-competitive-industry-at-an-equilibriu-5144918.htm',
          'https://www.transtutors.com/questions/in-the-town-of-rochester-widgets-are-sold-by-a-competitive-industry-at-an-equilibriu-5144917.htm',
          'https://www.transtutors.com/questions/how-does-totalitarianism-affect-italy-in-maintaining-globalization--5144915.htm',
          'https://www.transtutors.com/questions/the-total-u-s-labor-force-participation-rate-increased-over-the-past-50-years-becaus-5144914.htm',
          'https://www.transtutors.com/questions/the-total-suplu-a-what-are-the-strategies-you-think-will-be-played-by-each-firm-in-o-5144913.htm',
          'https://www.transtutors.com/questions/the-total-cost-function-is-given-by-c-50-600-18-20-write-down-the-fixed-cost-functio-5144912.htm',
          'https://www.transtutors.com/questions/total-cost-fred-cost-vowiable-fixed-cost-ayevage-avevage-aueragearina-navialole-tota-5144911.htm',
          'https://www.transtutors.com/questions/this-topic-is-related-to-busniss-class-bus-340-typed-answerd-required-r-side-of-pagi-5144910.htm',
          'https://www.transtutors.com/questions/topic-quot-discrimination-against-women-and-minorities-in-the-labor-market-quot-i-am-5144909.htm',
          'https://www.transtutors.com/questions/tom-was-interested-in-buying-a-car-from-pete-a-private-seller-well-known-for-reselli-5144908.htm',
          'https://www.transtutors.com/questions/today-39-s-discussion-is-opportunity-to-demonstrate-mastery-of-one-of-the-more-subtl-5144907.htm',
          'https://www.transtutors.com/questions/tion-1-in-order-to-accumulate-10-000-in-8-years-earning-simple-interest-you-need-dep-5144906.htm',
          'https://www.transtutors.com/questions/time-wasters-stay-away-reply-all-prompts-with-citation-1-what-are-the-major-objectiv-5144905.htm',
          'https://www.transtutors.com/questions/be-thorough-and-detailed-question-is-exercising-a-negative-externality-should-exerci-5144903.htm',
          'https://www.transtutors.com/questions/what-do-you-think-about-the-statement-history-repeats-itself-do-you-think-this-is-ac-5144902.htm',
          'https://www.transtutors.com/questions/think-about-a-recent-purchase-you-made-that-required-a-loan-like-a-house-or-a-new-ca-5144901.htm',
          'https://www.transtutors.com/questions/think-about-a-recent-movie-or-tv-episode-you-watched-select-a-scene-that-involves-an-5144900.htm',
          'https://www.transtutors.com/questions/think-about-the-most-presidential-election-where-president-trump-was-campaigning-aga-5144899.htm',
          'https://www.transtutors.com/questions/think-about-a-housing-market-where-demand-for-housing-is-downward-sloping-and-supply-5144898.htm',
          'https://www.transtutors.com/questions/why-do-you-think-governments-frequently-attempt-to-control-apartment-rents-but-not-h-5144897.htm',
          'https://www.transtutors.com/questions/do-you-think-the-government-needs-to-intervene-to-fix-any-of-these-indicators-if-so--5144896.htm',
          'https://www.transtutors.com/questions/what-do-you-think-is-the-goal-of-quantitative-easing-what-is-the-tradeoff-that-arise-5144895.htm',
          'https://www.transtutors.com/questions/what-do-you-think-about-free-trade-agreements-canada-has-entered-into-recently-we-si-5144894.htm',
          'https://www.transtutors.com/questions/think-of-an-event-and-then-implement-the-three-steps-that-are-necessary-for-analyzin-5144893.htm',
          'https://www.transtutors.com/questions/what-do-you-think-about-the-effect-of-sponsorship-on-brand-equity-how-should-you-cho-5144892.htm',
          'https://www.transtutors.com/questions/why-can-we-think-about-the-concepts-of-comparative-advantage-and-opportunity-cost-as-5144891.htm',
          'https://www.transtutors.com/questions/what-do-you-think-is-the-biggest-reason-poor-countries-are-not-catching-up-with-rich-5144890.htm',
          'https://www.transtutors.com/questions/i-think-the-answer-key-here-may-be-wrong-but-i-39-m-not-sure-i-think-q-wl-r-1-3-l-1--5144889.htm',
          'https://www.transtutors.com/questions/other-things-held-constant-investment-in-physical-capital-will-increase-labor-produc-5144888.htm'],
 'project': ['trans'],
 'referring_link': ['https://www.transtutors.com/questions/economics/182/'],
 'spider': ['trans_links']}
2020-02-05 23:30:21 [scrapy.core.engine] DEBUG: Crawled (200) <GET https://www.transtutors.com/questions/economics/184/> (referer: https://www.google.com/) ['cached']
2020-02-05 23:30:21 [scrapy.core.scraper] DEBUG: Scraped from <200 https://www.transtutors.com/questions/economics/183/>
{'category': ['economy'],
 'date': [datetime.datetime(2020, 2, 5, 23, 30, 21, 78429)],
 'link': ['https://www.transtutors.com/questions/other-things-the-same-which-of-the-following-would-increase-productivity-question-7--5144887.htm',
          'https://www.transtutors.com/questions/there-is-no-such-thing-as-a-free-lunch-quot-a-perfectly-inelastic-demand-b-the-budge-5144886.htm',
          'https://www.transtutors.com/questions/therefore-pablo-gutman-proposes-that-city-people-should-pay-less-privileged-rural-pe-5144885.htm',
          'https://www.transtutors.com/questions/thanol-blended-with-gasoline-can-be-used-to-power-a-quot-flex-fueled-car-one-particu-5144884.htm',
          'https://www.transtutors.com/questions/thanks-in-advance-for-your-help-instructions-analyze-the-following-statement-from-th-5144883.htm',
          'https://www.transtutors.com/questions/1-a-b-a-textile-mill-in-lpoh-releases-pollution-into-nearby-wetlands-and-the-associa-5144882.htm',
          'https://www.transtutors.com/questions/text-question-3-6-au-s-apparel-manufacturer-is-considering-moving-its-production-abr-5144881.htm',
          'https://www.transtutors.com/questions/the-text-and-our-discussions-indicate-that-the-explicit-goal-of-a-business-should-be-5144880.htm',
          'https://www.transtutors.com/questions/ten-firms-compete-in-a-market-to-sell-product-x-the-total-sales-of-all-firms-selling-5144879.htm',
          'https://www.transtutors.com/questions/what-temporary-policy-is-often-used-by-the-government-to-combat-the-decreased-invest-5144878.htm',
          'https://www.transtutors.com/questions/tel-d-dea-ck-t-fud-a-iud-ub-your-home-and-pecial-its-spcond-you-can-invest-the-moncy-5144877.htm',
          'https://www.transtutors.com/questions/ted-can-wax-a-car-in-25-minutes-or-wash-a-car-in-75-minutes-tom-can-wax-a-car-in-20--5144876.htm',
          'https://www.transtutors.com/questions/quot-the-technology-workshop-begins-at-8-a-m-and-ends-at-3-p-m-quot-a-true-b-false-5144875.htm',
          'https://www.transtutors.com/questions/technology-investment-8-q-where-q-q1-q2-cq-the-marginal-cost-c-is-equal-consider-a-c-5144874.htm',
          'https://www.transtutors.com/questions/technological-change-is-said-to-be-exogenous-because-it-o-a-is-encouraged-by-rivalry-5144873.htm',
          'https://www.transtutors.com/questions/the-technique-used-to-help-strategic-managers-choose-among-alternative-choices-by-de-5144872.htm',
          'https://www.transtutors.com/questions/tco-7-which-of-the-following-would-favor-a-public-assistance-program-cuts-in-milita-5144871.htm',
          'https://www.transtutors.com/questions/tco-7-which-of-the-following-do-conservatives-tend-to-stress-the-most-increased-mil-5144870.htm',
          'https://www.transtutors.com/questions/tco-7-who-developed-the-idea-of-laissez-faire-capitalism-o-john-locke-adam-smith-o--5144869.htm',
          'https://www.transtutors.com/questions/how-does-a-taxpayeer-request-a-waiver-of-the-underpayment-estimated-tax-penalty-by-f-5144868.htm',
          'https://www.transtutors.com/questions/when-taxes-are-cut-aggregate-demand-and-aggregate-supply-a-decreases-decre-5144867.htm',
          'https://www.transtutors.com/questions/when-tax-revenue-outlays-is-negative-then-the-government-has-a-budget-a-divi-5144866.htm',
          'https://www.transtutors.com/questions/when-tax-revenue-exceed-the-government-39-s-outlays-the-budget-a-is-balanced-and-the-5144865.htm',
          'https://www.transtutors.com/questions/a-tax-on-luxury-goods-will-o-a-largely-falls-on-the-buyers-b-be-completely-falls-on--5144864.htm',
          'https://www.transtutors.com/questions/multiple-choices-targe-bank-defaults-oo-siss-b-the-financing-of-international-trade--5144863.htm',
          'https://www.transtutors.com/questions/they-are-talking-about-the-united-state-question-6-from-the-late-1800s-and-up-until--5144862.htm',
          'https://www.transtutors.com/questions/when-talking-about-the-resource-gap-if-china-buys-more-us-debt-it-decreases-its-reso-5144861.htm',
          'https://www.transtutors.com/questions/when-talking-about-the-durbin-watson-what-does-this-do-to-autocorrelation-what-does--5144860.htm',
          'https://www.transtutors.com/questions/take-one-country-you-have-some-familiarity-with-and-compare-it-to-the-united-states--5144859.htm',
          'https://www.transtutors.com/questions/the-table-shows-the-quantities-produced-and-prices-in-2015-and-2016-for-an-island-ec-5144858.htm',
          'https://www.transtutors.com/questions/the-table-shows-items-of-income-and-expenditure-in-the-united-states-in-2014the-unit-5144857.htm',
          'https://www.transtutors.com/questions/the-table-below-shows-some-of-the-expenditure-amounts-in-the-economy-of-arkinia-the--5144856.htm',
          'https://www.transtutors.com/questions/hi-can-you-help-me-with-this-question-please-1-2-3-the-table-below-shows-some-of-the-5144855.htm',
          'https://www.transtutors.com/questions/the-table-shows-disposable-income-and-saving-in-an-economy-disposable-income-trillio-5144854.htm',
          'https://www.transtutors.com/questions/the-table-shows-the-demand-and-supply-schedules-for-milkshakes-the-equilibrium-price-5144853.htm',
          'https://www.transtutors.com/questions/the-table-shows-some-data-for-an-economy-in-2015-if-the-base-year-is-2015-calculate--5144852.htm',
          'https://www.transtutors.com/questions/please-answer-all-parts-the-table-below-shows-cost-and-revenue-information-for-choco-5144851.htm',
          'https://www.transtutors.com/questions/the-table-provides-a-hypothetical-bundle-of-goods-and-their-respective-prices-for-th-5144850.htm',
          'https://www.transtutors.com/questions/table-production-possibilities-for-the-united-states-and-canada-u-s-production-possi-5144849.htm',
          'https://www.transtutors.com/questions/table-production-possibilities-for-the-united-states-and-canada-u-s-production-possi-5144848.htm',
          'https://www.transtutors.com/questions/table-production-possibilities-for-tractors-and-crude-oil-country-tractors-crude-oil-5144847.htm',
          'https://www.transtutors.com/questions/table-lemonade-and-cookies-2017-price-2017-2016-2016-price-output-output-220-glasses-5144846.htm',
          'https://www.transtutors.com/questions/the-table-above-gives-four-production-possibilities-for-airplanes-and-cruise-ships-i-5144845.htm',
          'https://www.transtutors.com/questions/the-table-below-depicts-the-number-of-units-of-peanuts-and-barbecue-that-two-neighbo-5144844.htm',
          'https://www.transtutors.com/questions/the-table-below-is-the-current-balance-sheet-for-the-maple-leafs-bank-answer-the-fol-5144843.htm',
          'https://www.transtutors.com/questions/the-table-below-contains-information-on-three-techniques-for-producing-15-worth-of-b-5144842.htm',
          'https://www.transtutors.com/questions/i-need-help-with-this-question-please-the-table-below-is-the-combined-balance-sheet--5144841.htm',
          'https://www.transtutors.com/questions/table-4-1-utility-schedule-total-utility-marginal-utility-s-below-quantity-consumed--5144840.htm',
          'https://www.transtutors.com/questions/table-21-3-2-data-from-southton-price-dollars-price-dollars-quantity-number-quantity-5144839.htm',
          'https://www.transtutors.com/questions/please-include-a-step-by-step-solution-only-19-20-table-13-sara-enjoys-consuming-sal-5144838.htm'],
 'project': ['trans'],
 'referring_link': ['https://www.transtutors.com/questions/economics/183/'],
 'spider': ['trans_links']}
2020-02-05 23:30:21 [scrapy.core.engine] DEBUG: Crawled (200) <GET https://www.transtutors.com/questions/economics/185/> (referer: https://www.google.com/) ['cached']
2020-02-05 23:30:21 [scrapy.core.scraper] DEBUG: Scraped from <200 https://www.transtutors.com/questions/economics/184/>
{'category': ['economy'],
 'date': [datetime.datetime(2020, 2, 5, 23, 30, 21, 237401)],
 'link': ['https://www.transtutors.com/questions/table-1-marginal-abatements-costs-ton-emissions-tons-week-firm-1-firm-2-firm-3-10-0--5144837.htm',
          'https://www.transtutors.com/questions/t60-4s-tonkraer-gerdy-mar-ed-mal-where-lo-bo-70-and-os-bi-lzl-are-eesenus-a-derlue--5144836.htm',
          'https://www.transtutors.com/questions/t-price-supply-a-between-which-two-points-is-supply-most-inelastic-and-b-between-whi-5144835.htm',
          'https://www.transtutors.com/questions/t-may-be-misleading-to-label-a-trade-deficit-as-unfavorable-or-adverse-because-the-m-5144834.htm',
          'https://www.transtutors.com/questions/a-sy5-787-11-given-the-net-cash-flow-of-an-investment-below-the-i-quot-is-calculated-5144833.htm',
          'https://www.transtutors.com/questions/sy-urses-12838-quizzes-91608-take-omr-mc-op-atc-o-mr-p-1-p-question-4-a-perfectly-co-5144832.htm',
          'https://www.transtutors.com/questions/swifty-corporation-inc-has-the-following-income-statement-in-millions-swifty-corpora-5144831.htm',
          'https://www.transtutors.com/questions/suppose-the-world-price-for-a-good-is-lower-than-the-domestic-price-without-trade-ex-5144830.htm',
          'https://www.transtutors.com/questions/suppose-velocity-is-constant-the-growth-rate-of-real-gdp-is-3-per-year-and-the-growt-5144829.htm',
          'https://www.transtutors.com/questions/suppose-u-s-labor-unions-negotiate-wage-hikes-that-affect-all-workers-in-the-u-s-pro-5144828.htm',
          'https://www.transtutors.com/questions/suppose-that-the-united-states-and-canada-have-the-factor-united-states-canada-endow-5144827.htm',
          'https://www.transtutors.com/questions/suppose-an-unexpectedly-good-harvest-of-corn-occurred-in-2019-using-a-properly-label-5144826.htm',
          'https://www.transtutors.com/questions/suppose-two-firms-firm-1-and-firm-2-are-producing-a-product-the-total-demand-is-q-11-5144825.htm',
          'https://www.transtutors.com/questions/suppose-there-are-two-countries-in-the-world-canada-and-the-united-states-power-plan-5144824.htm',
          'https://www.transtutors.com/questions/suppose-that-the-top-six-firms-in-an-industry-have-total-annual-sales-of-100-billion-5144823.htm',
          'https://www.transtutors.com/questions/suppose-you-have-been-tasked-with-regulating-a-single-monopoly-firm-that-sells-50-po-5144822.htm',
          'https://www.transtutors.com/questions/suppose-you-take-out-a-loan-at-your-local-bank-and-the-nominal-interest-rate-is-12-t-5144821.htm',
          'https://www.transtutors.com/questions/suppose-that-in-table-7-3-page-210-the-number-of-garden-benches-produced-by-0-1-2-3--5144820.htm',
          'https://www.transtutors.com/questions/suppose-the-state-of-illinois-passes-a-law-that-bans-smoking-in-restaurants-as-a-res-5144819.htm',
          'https://www.transtutors.com/questions/suppose-the-short-run-market-supply-function-is-qs-250ps-50-let-the-market-demand-fu-5144818.htm',
          'https://www.transtutors.com/questions/suppose-the-short-run-market-supply-function-is-qs-250ps-50-let-the-market-demand-fu-5144817.htm',
          'https://www.transtutors.com/questions/suppose-that-rosa-is-considering-migration-to-another-country-to-move-she-will-have--5144816.htm',
          'https://www.transtutors.com/questions/please-give-reasons-suppose-that-romeo-has-the-utility-function-u-s-sand-juliet-has--5144815.htm',
          'https://www.transtutors.com/questions/suppose-that-the-relationship-between-the-price-of-steel-and-the-quantity-of-steel-d-5144814.htm',
          'https://www.transtutors.com/questions/suppose-that-the-real-money-demand-function-is-001xy-yr-where-y-is-real-output-r-is--5144813.htm',
          'https://www.transtutors.com/questions/suppose-the-random-variable-y-has-a-mean-of-95-and-a-variance-of-100-let-z-y-95-show-5144812.htm',
          'https://www.transtutors.com/questions/suppose-your-production-function-is-q-k-1-3-l-1-3-and-k-8-15-points-a-find-the-short-5144811.htm',
          'https://www.transtutors.com/questions/suppose-a-production-function-q-f-k-l-q-k-1-3-2-a-what-is-the-general-type-of-produc-5144810.htm',
          'https://www.transtutors.com/questions/suppose-the-production-function-of-a-manufacturing-company-is-q-kl-k-2l-assuming-the-5144809.htm',
          'https://www.transtutors.com/questions/suppose-the-price-of-gum-increases-from-1-to-2-and-the-quantity-demanded-decreases-f-5144808.htm',
          'https://www.transtutors.com/questions/suppose-that-the-price-elasticity-of-demand-for-a-product-is-1-and-that-the-price-el-5144807.htm',
          'https://www.transtutors.com/questions/suppose-the-price-of-compact-disks-cd-is-15-each-suppose-the-price-for-downloading-t-5144806.htm',
          'https://www.transtutors.com/questions/suppose-the-price-of-compact-disks-cd-is-10-each-suppose-the-price-for-downloading-t-5144805.htm',
          'https://www.transtutors.com/questions/suppose-the-price-of-bikes-is-currently-125-per-bike-shown-as-point-b-on-the-initial-5144804.htm',
          'https://www.transtutors.com/questions/suppose-the-president-of-the-university-decides-that-the-200-equilibrium-price-of-te-5144803.htm',
          'https://www.transtutors.com/questions/suppose-the-population-age-16-and-over-of-italy-is-48-million-4-million-are-unemploy-5144802.htm',
          'https://www.transtutors.com/questions/suppose-we-have-a-perfectly-competitive-coal-market-assume-there-are-no-welfare-cost-5144801.htm',
          'https://www.transtutors.com/questions/suppose-you-have-an-opportunity-to-invest-in-a-fund-that-pays-14-interest-compounded-5144800.htm',
          'https://www.transtutors.com/questions/suppose-a-monopsony-facing-the-following-labor-supply-given-by-curve-l-4w-where-lis--5144799.htm',
          'https://www.transtutors.com/questions/suppose-a-monopolist-faces-a-market-demand-curve-of-the-form-p-122-0-2q-this-monopol-5144798.htm',
          'https://www.transtutors.com/questions/suppose-mary-can-have-good-health-with-probability-0-8-and-bad-health-with-probabili-5144797.htm',
          'https://www.transtutors.com/questions/suppose-mary-can-have-good-health-with-probability-0-8-and-bad-health-with-probabili-5144796.htm',
          'https://www.transtutors.com/questions/suppose-mary-can-have-good-health-with-probability-0-8-and-bad-health-with-probabili-5144795.htm',
          'https://www.transtutors.com/questions/suppose-mary-can-have-good-health-with-probability-0-8-and-bad-health-with-probabili-5144794.htm',
          'https://www.transtutors.com/questions/suppose-martha-and-julia-both-work-at-a-bakery-making-bread-and-muffins-in-an-hour-m-5144793.htm',
          'https://www.transtutors.com/questions/suppose-your-marketing-department-does-a-survey-of-potential-users-and-finds-that-th-5144792.htm',
          'https://www.transtutors.com/questions/suppose-that-a-market-is-described-by-the-following-supply-and-demand-equations-2p-3-5144791.htm',
          'https://www.transtutors.com/questions/suppose-that-the-market-for-air-fresheners-is-a-competitive-market-the-following-gra-5144790.htm',
          'https://www.transtutors.com/questions/suppose-that-many-people-who-earna-living-growing-pumpkins-decide-they-can-make-more-5144789.htm',
          'https://www.transtutors.com/questions/suppose-a-lottery-ticket-costs-1-and-the-probability-that-a-holder-will-win-nothing--5144788.htm'],
 'project': ['trans'],
 'referring_link': ['https://www.transtutors.com/questions/economics/184/'],
 'spider': ['trans_links']}
2020-02-05 23:30:21 [scrapy.core.engine] DEBUG: Crawled (200) <GET https://www.transtutors.com/questions/economics/186/> (referer: https://www.google.com/) ['cached']
2020-02-05 23:30:21 [scrapy.core.scraper] DEBUG: Scraped from <200 https://www.transtutors.com/questions/economics/185/>
{'category': ['economy'],
 'date': [datetime.datetime(2020, 2, 5, 23, 30, 21, 394339)],
 'link': ['https://www.transtutors.com/questions/suppose-you-like-to-make-from-scratch-cheesecake-filled-with-oreo-cookies-and-or-her-5144787.htm',
          'https://www.transtutors.com/questions/1-2-3-suppose-labour-is-available-to-a-firm-at-a-cost-of-12-per-hour-also-suppose-th-5144786.htm',
          'https://www.transtutors.com/questions/suppose-the-jlfb-movie-production-company-has-produced-two-movies-a-and-b-and-distri-5144785.htm',
          'https://www.transtutors.com/questions/suppose-an-income-tax-is-levied-on-none-of-the-first-1-000-10-of-the-next-9-000-and--5144784.htm',
          'https://www.transtutors.com/questions/suppose-that-identical-duopoly-firms-have-constant-marginal-costs-of-25-per-unit-fir-5144783.htm',
          'https://www.transtutors.com/questions/suppose-a-growth-hormone-is-introduced-that-allows-dairy-farmer-to-offer-125-million-5144782.htm',
          'https://www.transtutors.com/questions/suppose-the-government-wants-to-reduce-the-total-pollution-emitted-by-three-firms-cu-5144781.htm',
          'https://www.transtutors.com/questions/suppose-the-government-imposes-a-payroll-tax-of-2-per-hour-of-work-and-collects-the--5144780.htm',
          'https://www.transtutors.com/questions/suppose-the-government-is-considering-increased-spending-on-maintaining-a-national--5144779.htm',
          'https://www.transtutors.com/questions/suppose-the-government-applies-a-specific-tax-to-a-good-where-the-demand-elasticity--5144778.htm',
          'https://www.transtutors.com/questions/suppose-you-are-given-the-following-information-about-a-natural-monopoly-p-10-2q-c-q-5144777.htm',
          'https://www.transtutors.com/questions/suppose-that-france-can-produce-9-000-potatoes-or-3-000-grapes-per-day-and-italy-can-5144776.htm',
          'https://www.transtutors.com/questions/suppose-the-following-transactions-occur-during-the-current-year-1-carlos-orders-30--5144775.htm',
          'https://www.transtutors.com/questions/suppose-the-following-table-that-characterizes-the-situation-of-monopsony-a-complete-5144774.htm',
          'https://www.transtutors.com/questions/suppose-that-all-firms-in-a-constant-cost-industry-have-the-following-long-run-cost--5144773.htm',
          'https://www.transtutors.com/questions/suppose-firm-t-s-utility-function-is-u-x-y-x0-4y0-6-the-firm-has-a-budget-of-100-and-5144772.htm',
          'https://www.transtutors.com/questions/suppose-a-firm-is-the-sole-producer-of-unique-type-of-surf-board-wax-the-wax-can-be--5144770.htm',
          'https://www.transtutors.com/questions/suppose-that-each-firm-that-sells-cases-of-jelly-beans-has-a-cost-function-of-c-q-25-5144769.htm',
          'https://www.transtutors.com/questions/suppose-that-each-firm-that-sells-cases-of-jelly-beans-has-a-cost-function-of-c-q-10-5144768.htm',
          'https://www.transtutors.com/questions/suppose-that-each-firm-that-sells-cases-of-jelly-beans-has-a-cost-function-of-c-q-10-5144767.htm',
          'https://www.transtutors.com/questions/suppose-a-firm-s-production-function-is-well-behaved-and-strictly-convex-additionall-5144766.htm',
          'https://www.transtutors.com/questions/suppose-a-firm-s-production-function-is-well-behaved-and-strictly-convex-additionall-5144765.htm',
          'https://www.transtutors.com/questions/suppose-that-a-firm-has-the-production-function-1-draw-an-isoquant-for-f-x1-x2-10-5--5144764.htm',
          'https://www.transtutors.com/questions/suppose-your-firm-has-the-following-production-function-q-kl-l2-assume-that-capital--5144763.htm',
          'https://www.transtutors.com/questions/suppose-that-the-federal-government-decides-to-reduce-the-tax-advantage-of-municipal-5144762.htm',
          'https://www.transtutors.com/questions/suppose-the-fed-sells-100-of-government-securities-if-the-desired-reserve-ratio-is-2-5144761.htm',
          'https://www.transtutors.com/questions/suppose-the-european-union-eu-is-investigating-a-proposed-merger-between-two-of-the--5144759.htm',
          'https://www.transtutors.com/questions/suppose-the-european-union-eu-is-investigating-a-proposed-merger-between-two-of-the--5144758.htm',
          'https://www.transtutors.com/questions/suppose-that-the-euro-is-trading-at-1-10-per-euro-in-the-foreign-exchange-market-nex-5144757.htm',
          'https://www.transtutors.com/questions/suppose-that-the-equilibrium-quantity-in-the-market-for-widgets-has-been-200-per-mon-5144756.htm',
          'https://www.transtutors.com/questions/suppose-the-equilibrium-price-for-medicinal-isopropyl-alcohol-is-7-per-pint-what-wou-5144755.htm',
          'https://www.transtutors.com/questions/suppose-that-an-economy-39-s-aggregate-demand-curve-is-y-1-000-1-000-where-y-is-shor-5144754.htm',
          'https://www.transtutors.com/questions/suppose-the-economic-model-is-c-20-0-75-y-t-i-380-g-500-t-0-2-y-y-c-i-g-1-calcula-5144753.htm',
          'https://www.transtutors.com/questions/suppose-eckerd-pharmacy-is-the-only-pharmacy-in-a-particular-market-but-cvs-pharmacy-5144752.htm',
          'https://www.transtutors.com/questions/suppose-there-is-an-earthquake-that-destroys-several-corn-canneries-which-of-the-fol-5144751.htm',
          'https://www.transtutors.com/questions/suppose-the-desired-reserve-ratio-is-10-percent-and-there-is-no-currency-drain-then--5144750.htm',
          'https://www.transtutors.com/questions/suppose-the-demand-for-french-bread-rises-3-hints-see-tyu-quot-problems-and-applicat-5144749.htm',
          'https://www.transtutors.com/questions/suppose-that-the-demand-curve-for-wheat-is-upper-q-superscript-d-baseline-equals-qd--5144748.htm',
          'https://www.transtutors.com/questions/a-suppose-the-demand-curve-for-product-x-is-given-by-q-485-0-05p2-0-04p3-what-is-th-5144747.htm',
          'https://www.transtutors.com/questions/suppose-that-the-demand-curve-for-chocolate-is-qd-6-p-and-the-supply-curve-is-qs-p-3-5144746.htm',
          'https://www.transtutors.com/questions/suppose-that-the-demand-curve-for-chocolate-is-q-d-6-p-and-the-supply-curve-is-q-s-p-5144745.htm',
          'https://www.transtutors.com/questions/suppose-that-the-cross-elasticity-of-demand-for-dell-computers-with-respect-to-hewle-5144744.htm',
          'https://www.transtutors.com/questions/suppose-the-cost-to-produce-a-blade-is-0-20-if-you-charge-0-35-for-a-blade-a-custome-5144743.htm',
          'https://www.transtutors.com/questions/suppose-that-the-cost-function-for-a-pickle-cannery-is-given-by-tc-9000-1000-info-i--5144742.htm',
          'https://www.transtutors.com/questions/suppose-that-the-cost-function-for-a-pickle-cannery-is-given-by-tc-9000-1000-info-i--5144741.htm',
          'https://www.transtutors.com/questions/suppose-consumers-suddenly-start-preferring-hamburgers-over-fish-how-does-this-chang-5144740.htm',
          'https://www.transtutors.com/questions/suppose-a-consumer-would-have-5-dental-visits-a-year-at-the-price-of-20-when-the-pri-5144739.htm',
          'https://www.transtutors.com/questions/suppose-that-a-consumer-has-preferences-over-bundles-of-non-negative-amounts-of-each-5144738.htm',
          'https://www.transtutors.com/questions/suppose-that-a-consumer-has-perfect-substitutes-preferences-over-bundles-of-non-nega-5144737.htm',
          'https://www.transtutors.com/questions/suppose-you-are-a-consultant-for-a-firm-that-is-perfectly-competitive-the-firm-is-wo-5144736.htm'],
 'project': ['trans'],
 'referring_link': ['https://www.transtutors.com/questions/economics/185/'],
 'spider': ['trans_links']}
2020-02-05 23:30:21 [scrapy.core.engine] DEBUG: Crawled (200) <GET https://www.transtutors.com/questions/economics/187/> (referer: https://www.google.com/) ['cached']
2020-02-05 23:30:21 [scrapy.core.scraper] DEBUG: Scraped from <200 https://www.transtutors.com/questions/economics/186/>
{'category': ['economy'],
 'date': [datetime.datetime(2020, 2, 5, 23, 30, 21, 548346)],
 'link': ['https://www.transtutors.com/questions/suppose-you-are-a-consultant-for-a-firm-that-is-perfectly-competitive-the-firm-is-wo-5144735.htm',
          'https://www.transtutors.com/questions/suppose-that-you-are-considering-investing-in-a-four-year-bond-that-has-a-face-value-5144734.htm',
          'https://www.transtutors.com/questions/suppose-you-are-considering-buying-fire-insurance-the-insurance-costs-300-and-has-a--5144733.htm',
          'https://www.transtutors.com/questions/suppose-that-a-computer-software-company-is-allowed-to-control-the-operating-system--5144732.htm',
          'https://www.transtutors.com/questions/suppose-that-comcast-has-a-cable-monopoly-in-philadelphia-the-following-table-gives--5144731.htm',
          'https://www.transtutors.com/questions/suppose-china-and-the-united-states-produce-both-textiles-and-electronics-use-the-ch-5144730.htm',
          'https://www.transtutors.com/questions/suppose-that-a-certain-product-has-the-following-demand-and-supply-functions-p-0-05q-5144729.htm',
          'https://www.transtutors.com/questions/suppose-the-central-bank-is-considering-two-alternative-policies-holding-the-money-s-5144728.htm',
          'https://www.transtutors.com/questions/suppose-a-cable-company-provides-cable-service-to-a-small-town-the-total-revenue-mar-5144727.htm',
          'https://www.transtutors.com/questions/suppose-that-in-the-basic-one-period-model-there-is-no-government-spending-and-no-ta-5144726.htm',
          'https://www.transtutors.com/questions/suppose-barefeet-is-a-manepolist-that-produces-och-boats-an-amazingly-trendy-brand-w-5144725.htm',
          'https://www.transtutors.com/questions/suppose-you-are-asked-to-analyze-a-competitive-market-with-identical-firms-for-the-g-5144724.htm',
          'https://www.transtutors.com/questions/once-supply-side-effects-are-taken-into-account-tax-cuts-for-labor-income-can-change-5144723.htm',
          'https://www.transtutors.com/questions/the-supply-of-luxury-boats-is-perfectly-elastic-the-demand-for-luxury-boats-is-unit--5144722.htm',
          'https://www.transtutors.com/questions/supply-demand-quantity-of-yellow-paint-a-you-observe-that-price-has-risen-and-quanti-5144721.htm',
          'https://www.transtutors.com/questions/when-the-supply-curve-shifts-from-s1-to-s2-how-would-consumer-and-producer-surplus-c-5144720.htm',
          'https://www.transtutors.com/questions/supply-of-cigarettes-tools-pre-tax-supply-pre-tax-post-tax-3-250-300-350-150-200-50--5144719.htm',
          'https://www.transtutors.com/questions/how-successfully-did-the-movie-big-short-depict-the-2008-crisis-give-examples-5144718.htm',
          'https://www.transtutors.com/questions/subject-engineering-economics-presentation-topic-feasibility-study-on-energy-saving--5144717.htm',
          'https://www.transtutors.com/questions/styles-paragraph-24-1-pt-use-the-graphs-below-to-answer-the-following-questions-45-d-5144716.htm',
          'https://www.transtutors.com/questions/a-study-indicates-that-18-to-24-year-olds-spend-a-mean-of-145-minutes-watching-video-5144715.htm',
          'https://www.transtutors.com/questions/the-study-of-human-capital-amount-to-a-waste-of-time-and-resources-do-you-agree-disc-5144714.htm',
          'https://www.transtutors.com/questions/money-banks-and-federal-reserve-student-id-section-money-banks-and-the-federal-reser-5144713.htm',
          'https://www.transtutors.com/questions/structure-com-courses-1475293-quizzes-2356160-take-questions-49161040-t-ime-the-time-5144712.htm',
          'https://www.transtutors.com/questions/a-straight-line-isoquant-a-would-indicate-that-the-firm-could-switch-from-one-output-5144711.htm',
          'https://www.transtutors.com/questions/when-the-stock-market-hit-bottom-in-the-great-depression-in-the-early-1930s-the-dow--5144710.htm',
          'https://www.transtutors.com/questions/stion-17-of-40-match-the-statements-to-the-appropriate-category-each-category-will-c-5144709.htm',
          'https://www.transtutors.com/questions/stion-13-0-out-of-5-points-an-engineer-received-a-bonus-of-12-000-that-he-will-inves-5144708.htm',
          'https://www.transtutors.com/questions/step-1-read-the-following-questions-and-use-what-you-have-learned-about-how-the-econ-5144707.htm',
          'https://www.transtutors.com/questions/for-each-statement-decide-whether-it-is-true-false-or-uncertain-and-explain-why-brie-5144706.htm',
          'https://www.transtutors.com/questions/how-can-a-state-respond-to-unfair-trade-practices-in-a-manner-consistent-with-wto-ru-5144705.htm',
          'https://www.transtutors.com/questions/started-jun-15-at-8-22pm-quiz-instructions-question-21-1-pts-in-country-z-the-prices-5144704.htm',
          'https://www.transtutors.com/questions/as-starbucks-39-regional-marketing-manager-of-the-asian-market-discuss-the-current-e-5144703.htm',
          'https://www.transtutors.com/questions/stackelberg-game-when-two-firms-have-the-same-constant-marginal-c-in-a-cost-which-pl-5144702.htm',
          'https://www.transtutors.com/questions/spring-2019-econ105b-principles-of-macroeconomics-navees-quiz-quiz-4-this-question-2-5144701.htm',
          'https://www.transtutors.com/questions/spring-2-quiz-quiz-4-23-of-46-21-complete-this-question-1-pt-suppose-jennifer-withdr-5144700.htm',
          'https://www.transtutors.com/questions/what-are-the-quot-spot-quot-rates-elaborate-on-the-factors-affecting-positively-or-n-5144699.htm',
          'https://www.transtutors.com/questions/spending-went-to-doctors-and-hospitals-excluding-about-what-percentage-of-total-heal-5144698.htm',
          'https://www.transtutors.com/questions/speculator-in-venezuela-have-recently-come-to-believe-that-venezuela-39-s-supply-of--5144697.htm',
          'https://www.transtutors.com/questions/i-need-some-help-with-all-three-parts-please-and-thank-you-specific-tax-to-a-good-wh-5144696.htm',
          'https://www.transtutors.com/questions/what-sorts-of-steps-can-you-take-to-prepare-for-the-ups-and-downs-of-the-american-ec-5144695.htm',
          'https://www.transtutors.com/questions/please-explain-the-data-thanks-in-advance-sony-39-s-total-revenue-from-2007-to-2018--5144694.htm',
          'https://www.transtutors.com/questions/sony-has-failed-to-meet-its-own-initial-operating-profit-forecast-what-are-three-thi-5144693.htm',
          'https://www.transtutors.com/questions/sometimes-word-of-mouth-and-expert-recommendations-cause-a-product-to-become-more-po-5144692.htm',
          'https://www.transtutors.com/questions/which-is-not-something-the-fed-can-do-to-conduct-monetary-policy-change-the-exchange-5144691.htm',
          'https://www.transtutors.com/questions/can-someone-provide-some-guidance-on-how-to-solve-this-problem-homework-7-1-myeconla-5144690.htm',
          'https://www.transtutors.com/questions/can-someone-please-solve-these-mc-t-f-questions-with-giving-reasons-for-each-answer--5144689.htm',
          'https://www.transtutors.com/questions/can-someone-please-provide-detailed-in-depth-explanation-to-this-so-i-can-understand-5144688.htm',
          'https://www.transtutors.com/questions/can-someone-please-please-help-me-write-a-conclusion-for-this-paper-i-did-try-to-try-5144687.htm',
          'https://www.transtutors.com/questions/can-someone-please-help-me-solve-the-problem-on-5-the-additional-information-on-part-5144686.htm'],
 'project': ['trans'],
 'referring_link': ['https://www.transtutors.com/questions/economics/186/'],
 'spider': ['trans_links']}
2020-02-05 23:30:21 [scrapy.core.engine] DEBUG: Crawled (200) <GET https://www.transtutors.com/questions/economics/188/> (referer: https://www.google.com/) ['cached']
2020-02-05 23:30:21 [scrapy.core.scraper] DEBUG: Scraped from <200 https://www.transtutors.com/questions/economics/187/>
{'category': ['economy'],
 'date': [datetime.datetime(2020, 2, 5, 23, 30, 21, 713344)],
 'link': ['https://www.transtutors.com/questions/can-someone-please-help-on-questions-3-i-must-show-my-work-thank-you-on-question-3-p-5144685.htm',
          'https://www.transtutors.com/questions/can-someone-please-help-me-on-question-4-i-39-m-not-good-at-graphs-and-i-must-show-m-5144684.htm',
          'https://www.transtutors.com/questions/can-someone-help-me-out-i-think-i-have-part-b-but-i-am-not-sure-part-a-and-c-i-am-no-5144683.htm',
          'https://www.transtutors.com/questions/if-someone-could-help-me-with-these-three-problems-it-would-be-so-greatly-appreciate-5144682.htm',
          'https://www.transtutors.com/questions/solve-for-the-unknown-quantity-shown-in-the-following-cash-flow-diagrams-the-marr-is-5144681.htm',
          'https://www.transtutors.com/questions/solve-for-the-optimal-amount-of-food-and-ping-pong-assume-that-prices-and-income-are-5144680.htm',
          'https://www.transtutors.com/questions/solulions-to-this-problem-set-am-due-the-next-time-we-meet-in-class-and-should-be-st-5144679.htm',
          'https://www.transtutors.com/questions/why-or-why-not-the-solow-model-and-the-romer-model-can-answer-to-the-question-of-sus-5144678.htm',
          'https://www.transtutors.com/questions/in-the-solow-model-if-a-country-increases-its-savings-rate-growth-increases-as-the-e-5144677.htm',
          'https://www.transtutors.com/questions/socialism-grew-in-popularity-by-individuals-acting-in-concert-to-win-over-people-to--5144676.htm',
          'https://www.transtutors.com/questions/soalan-question-3-a-bincangkan-bagaimana-firma-dalam-persaingan-monopoli-menentukan--5144675.htm',
          'https://www.transtutors.com/questions/soalan-2-question-2-pengurusan-di-syarikat-anda-berpendapat-bahawa-sudah-tiba-masany-5144674.htm',
          'https://www.transtutors.com/questions/soalan-1-question-1-a-sebuah-syarikat-kecil-elektronik-malaysia-yang-terletak-di-cyb-5144673.htm',
          'https://www.transtutors.com/questions/smelling-of-tulips-inc-a-perfume-company-estimated-its-short-run-costs-using-a-u-sha-5144672.htm',
          'https://www.transtutors.com/questions/how-can-a-small-to-medium-business-conduct-ebusiness-on-a-limited-budget--5144671.htm',
          'https://www.transtutors.com/questions/slope-variable-on-the-horizontal-axis-the-line-the-formula-for-slope-is-4-the-of-a-l-5144670.htm',
          'https://www.transtutors.com/questions/the-size-of-a-deadweight-loss-is-a-market-is-reduced-by-a-market-price-being-close-t-5144669.htm',
          'https://www.transtutors.com/questions/in-situations-of-sticky-prices-and-negative-demand-shocks-we-would-expect-firms-to-m-5144668.htm',
          'https://www.transtutors.com/questions/since-inflation-generally-leads-to-a-decline-in-purchasing-power-of-a-worker-39-s-wa-5144667.htm',
          'https://www.transtutors.com/questions/since-2008-the-u-s-labor-force-participation-rate-for-men-has-and-for-women-has--5144666.htm',
          'https://www.transtutors.com/questions/since-the-2007-financial-crisis-the-fed-s-portfolio-of-treasury-and-mortgage-backed--5144665.htm',
          'https://www.transtutors.com/questions/since-the-1990s-which-of-the-following-has-characterized-the-u-s-position-in-interna-5144664.htm',
          'https://www.transtutors.com/questions/showing-results-for-two-firms-each-have-the-option-of-polluting-during-production-of-5144663.htm',
          'https://www.transtutors.com/questions/show-graphs-and-explain-if-there-is-a-please-explain-why-temporary-contraction-in-wo-5144662.htm',
          'https://www.transtutors.com/questions/the-short-run-aggregate-supply-curve-only-shifts-when-there-are-changes-in-expectati-5144661.htm',
          'https://www.transtutors.com/questions/the-short-run-aggregate-supply-curve-to-shift-to-the-tax-increases-cause-d-select-on-5144660.htm',
          'https://www.transtutors.com/questions/shoes-500-225-u2-u1-150-300-175-200-computers-34-figure-a-country-39-s-before-and-af-5144659.htm',
          'https://www.transtutors.com/questions/shoas-500-225-u2-r-u1-150-d-300-175-200-computers-34-figure-a-country-39-s-before-an-5144658.htm',
          'https://www.transtutors.com/questions/set-up-a-table-or-spreadsheet-for-csi-that-illustrates-the-relationship-among-quanti-5144657.htm',
          'https://www.transtutors.com/questions/set-of-facts-lonny-runs-anc-baseball-cards-and-collectibles-he-has-been-in-the-busin-5144656.htm',
          'https://www.transtutors.com/questions/senator-dogood-is-pushing-for-the-construction-of-a-new-military-base-in-his-state-e-5144655.htm',
          'https://www.transtutors.com/questions/sells-its-product-at-the-price-set-by-the-government-o-sells-its-product-at-the-pric-5144654.htm',
          'https://www.transtutors.com/questions/when-selecting-a-company-for-a-research-project-you-have-to-make-sure-that-the-compa-5144653.htm',
          'https://www.transtutors.com/questions/select-a-common-ethical-issues-that-may-arise-in-the-international-business-setting--5144652.htm',
          'https://www.transtutors.com/questions/see-page-115-02-question-3points-the-table-below-shows-the-demand-schedule-for-a-pin-5144651.htm',
          'https://www.transtutors.com/questions/secure-https-online-hfcc-edu-mod-quiz-attempt-php-attempt-953288-cmid-911132-page1-t-5144650.htm',
          'https://www.transtutors.com/questions/in-this-section-we-study-properties-of-the-ols-estimator-using-monte-carlo-experimen-5144649.htm',
          'https://www.transtutors.com/questions/section-print-last-name-first-name-price-elasticity-of-demand-1-price-elasticity-of--5144648.htm',
          'https://www.transtutors.com/questions/section-ii-short-answer-type-questions-20-points-1-market-demand-and-market-supply-o-5144647.htm',
          'https://www.transtutors.com/questions/section-c-45-case-analysis-the-tips-in-questions-are-for-reference-they-are-not-spec-5144646.htm',
          'https://www.transtutors.com/questions/about-wto-section-a-35-short-answer-questions-1-compare-the-two-terms-quot-origin-of-5144645.htm',
          'https://www.transtutors.com/questions/the-second-question-in-a-is-either-demand-pull-or-cost-push-i-accidentally-selected--5144644.htm',
          'https://www.transtutors.com/questions/the-second-level-of-maslow-s-hierarchy-of-needs-pyramid-is-a-basic-psychological-nee-5144643.htm',
          'https://www.transtutors.com/questions/second-degree-price-discrimination-q2-hp-sells-printers-to-two-types-of-customers-wi-5144642.htm',
          'https://www.transtutors.com/questions/seale-economies-of-scales-minimum-efficient-scale-diseconomives-of-scale-66-firms-in-5144641.htm',
          'https://www.transtutors.com/questions/scenario-the-ta-shows-the-marginal-benefit-that-a-consumer-derives-by-consuming-diff-5144640.htm',
          'https://www.transtutors.com/questions/scenario-on-a-saturday-night-in-mid-october-dmitry-and-his-friend-misha-met-up-to-ex-5144639.htm',
          'https://www.transtutors.com/questions/scenario-consider-the-following-situation-molly-is-one-among-the-sixtyminusone-bidde-5144638.htm',
          'https://www.transtutors.com/questions/scenario-8-5-the-travel-to-work-time-for-residents-of-the-15-largest-cities-in-the-u-5144637.htm',
          'https://www.transtutors.com/questions/scenario-8-4-the-international-air-transport-association-surveys-business-travelers--5144636.htm'],
 'project': ['trans'],
 'referring_link': ['https://www.transtutors.com/questions/economics/187/'],
 'spider': ['trans_links']}
2020-02-05 23:30:21 [scrapy.core.engine] DEBUG: Crawled (200) <GET https://www.transtutors.com/questions/economics/189/> (referer: https://www.google.com/) ['cached']
2020-02-05 23:30:21 [scrapy.core.scraper] DEBUG: Scraped from <200 https://www.transtutors.com/questions/economics/188/>
{'category': ['economy'],
 'date': [datetime.datetime(2020, 2, 5, 23, 30, 21, 854792)],
 'link': ['https://www.transtutors.com/questions/scenario-8-3-for-the-next-6-questions-assume-you-have-a-t-distribution-with-16-degre-5144635.htm',
          'https://www.transtutors.com/questions/please-show-me-a-step-by-step-solution-scenario-7-1-tony-is-a-wheat-farmer-but-he-is-5144634.htm',
          'https://www.transtutors.com/questions/scenario-1-alan-and-brian-work-at-a-baseball-and-softball-manufacturing-plant-alan-c-5144633.htm',
          'https://www.transtutors.com/questions/say-st-08-usd-mxn-and-according-to-you-as-you-are-a-foreign-exchange-market-expert-a-5144632.htm',
          'https://www.transtutors.com/questions/why-do-you-say-that-the-real-meaning-of-quot-world-trade-quot-began-with-the-discove-5144631.htm',
          'https://www.transtutors.com/questions/if-you-saw-the-movie-heist-who-stole-the-american-dream-and-please-provide-a-summary-5144630.htm',
          'https://www.transtutors.com/questions/savings-and-investment-suppose-you-are-planning-for-retirement-and-need-to-decide-on-5144629.htm',
          'https://www.transtutors.com/questions/savings-deposits-2221-5b-demand-deposits-1880-6b-required-reserve-ratio-9-currency-i-5144628.htm',
          'https://www.transtutors.com/questions/saved-question-18-5-points-briefly-define-and-discuss-the-importance-of-considering--5144627.htm',
          'https://www.transtutors.com/questions/saved-a-demand-curve-slopes-downward-because-people-are-only-willing-to-buy-more-at--5144626.htm',
          'https://www.transtutors.com/questions/please-help-what-is-the-point-for-the-dot-saved-assignmenti-refer-to-the-graph-and-a-5144625.htm',
          'https://www.transtutors.com/questions/he-saved-actice-the-microeconomics-of-prod-i-cheeseburger-production-costs-quantity--5144624.htm',
          'https://www.transtutors.com/questions/sanbjupoaisn-la-a-1sou-ou-sesn-saos-pe-spoob-jo-uonpoid-o-lidod-o-poupou-ejsua-o-as--5144623.htm',
          'https://www.transtutors.com/questions/if-the-sample-size-is-614-the-sample-mean-is-6-738-and-the-sample-variance-is-368-71-5144622.htm',
          'https://www.transtutors.com/questions/sam-walton-chose-a-very-different-strategy-for-locating-his-walminusmart-discount-st-5144621.htm',
          'https://www.transtutors.com/questions/sam-walton-chose-a-very-different-strategy-for-locating-his-walminus-mart-discount-s-5144620.htm',
          'https://www.transtutors.com/questions/sally-enters-into-a-contract-with-john-to-purchase-john-s-2015-volvo-for-18-000-on-t-5144619.htm',
          'https://www.transtutors.com/questions/sales-and-advertising-expenditures-for-a-sample-of-seven-travel-agencies-firm-sales--5144618.htm',
          'https://www.transtutors.com/questions/it-is-safe-to-say-that-a-classical-liberalist-is-diametrically-opposed-to-the-collec-5144617.htm',
          'https://www.transtutors.com/questions/sa-zeth-invests-8000-each-year-starting-in-year-1-at-an-interest-rate-of-5-yr-in-yea-5144616.htm',
          'https://www.transtutors.com/questions/sa-17-14-13-8-0-120-135-142-quantity-of-labor-in-millions-refer-to-the-graph-of-the--5144615.htm',
          'https://www.transtutors.com/questions/s100-net-investment-depreciation-export-import-government-expenditure-house-hold-con-5144614.htm',
          'https://www.transtutors.com/questions/s-value-judgm-20-the-economy-can-grow-as-a-result-of-all-of-the-following-except-inc-5144613.htm',
          'https://www.transtutors.com/questions/s-table-4-product-quantity-price-in-base-year-2015-s-0-89th-s1-00h-530-00-price-in--5144612.htm',
          'https://www.transtutors.com/questions/s-panthersoft-session-expired-bnsecurex-bncollege-com-x-fiu-dashboard-nstructure-com-5144611.htm',
          'https://www.transtutors.com/questions/s-p-or-a-prce-cemg-ror-wnom-a-explain-why-economics-costs-and-accounting-cost-are-di-5144610.htm',
          'https://www.transtutors.com/questions/s-mark-t-if-the-sentence-is-true-and-f-if-the-sentence-is-false-20-points-in-regards-5144609.htm',
          'https://www.transtutors.com/questions/you-run-a-game-day-shuttle-service-for-parking-services-for-the-local-ball-club-your-5144608.htm',
          'https://www.transtutors.com/questions/if-rr-20-and-the-fed-sells-100-worth-of-bonds-a-the-money-supply-will-increase-by-up-5144607.htm',
          'https://www.transtutors.com/questions/rosa-is-considering-two-investment-strategies-the-first-strategy-involves-putting-al-5144606.htm',
          'https://www.transtutors.com/questions/what-role-does-innovation-play-in-making-businesses-successful--5144605.htm',
          'https://www.transtutors.com/questions/what-is-the-role-and-future-of-international-services-in-the-u-s-economy--5144604.htm',
          'https://www.transtutors.com/questions/in-the-rivoli-pietra-39-s-book-39-39-the-travels-of-the-t-shirt-in-the-global-econom-5144603.htm',
          'https://www.transtutors.com/questions/a-risk-neutral-individual-is-offered-a-gamble-that-promises-a-gain-of-1000-with-prob-5144602.htm',
          'https://www.transtutors.com/questions/the-reward-plusreward-plus-company-manufactures-windows-its-manufacturing-plant-has--5144601.htm',
          'https://www.transtutors.com/questions/review2-ecn-666-question-1-dreams-is-the-only-seller-monopoly-of-karak-at-zu-female--5144600.htm',
          'https://www.transtutors.com/questions/review-and-analysis-of-current-decision-making-theory-research-paper-students-will-d-5144599.htm',
          'https://www.transtutors.com/questions/revenue-curve-26-with-a-kinked-demand-curve-model-the-discontinuity-of-the-marginal--5144598.htm',
          'https://www.transtutors.com/questions/retaliation-has-been-the-number-one-filed-eeoc-complaint-now-since-2010-surpassing-r-5144597.htm',
          'https://www.transtutors.com/questions/as-a-result-of-the-community-reinvestment-act-1977-borrowing-standards-for-lending-t-5144596.htm',
          'https://www.transtutors.com/questions/respond-to-the-following-questions-with-a-yes-or-a-no-11-is-a-concave-function-one-s-5144595.htm',
          'https://www.transtutors.com/questions/with-respect-to-supply-which-of-the-following-is-correct-price-changes-in-the-good-i-5144594.htm',
          'https://www.transtutors.com/questions/research-the-most-recent-annual-budget-of-your-favorite-city-to-visit-or-a-not-for-p-5144592.htm',
          'https://www.transtutors.com/questions/research-the-annual-gdp-growth-rate-of-the-usa-since-the-year-2000-here-are-the-rate-5144591.htm',
          'https://www.transtutors.com/questions/requlred-information-an-electric-switch-manufacturing-company-is-trying-to-decide-be-5144590.htm',
          'https://www.transtutors.com/questions/i-was-reprimanded-yesterday-for-typing-in-a-homework-question-a-third-party-claim-th-5144589.htm',
          'https://www.transtutors.com/questions/rent-control-laws-dictate-a-minimum-rent-that-landlords-may-charge-tenants-a-true-b--5144588.htm',
          'https://www.transtutors.com/questions/remember-mb-s-and-mc-s-a-manager-hired-square-feet-identified-by-s-of-inventory-spac-5144587.htm',
          'https://www.transtutors.com/questions/the-relationship-between-price-p-and-monthly-demand-d-for-a-combustion-engine-compon-5144586.htm',
          'https://www.transtutors.com/questions/what-is-the-relationship-between-marginal-utility-and-the-demand-curve--5144585.htm'],
 'project': ['trans'],
 'referring_link': ['https://www.transtutors.com/questions/economics/188/'],
 'spider': ['trans_links']}
2020-02-05 23:30:22 [scrapy.core.engine] DEBUG: Crawled (200) <GET https://www.transtutors.com/questions/economics/190/> (referer: https://www.google.com/) ['cached']
2020-02-05 23:30:22 [scrapy.core.scraper] DEBUG: Scraped from <200 https://www.transtutors.com/questions/economics/189/>
{'category': ['economy'],
 'date': [datetime.datetime(2020, 2, 5, 23, 30, 22, 21902)],
 'link': ['https://www.transtutors.com/questions/related-to-the-making-the-connection-an-editorial-in-the-wall-street-joumal-argues-t-5144584.htm',
          'https://www.transtutors.com/questions/the-regional-federal-reserve-banks-question-options-are-not-allowed-to-make-loans-to-5144583.htm',
          'https://www.transtutors.com/questions/a-regional-airline-company-estimated-four-years-ago-that-each-pound-of-aircraft-weig-5144582.htm',
          'https://www.transtutors.com/questions/regarding-the-glass-ceiling-what-is-the-economic-impact-on-women-and-minorities-in-t-5144581.htm',
          'https://www.transtutors.com/questions/the-reform-government-in-new-zealand-found-that-1-government-spent-too-much-2-they-t-5144580.htm',
          'https://www.transtutors.com/questions/refer-to-the-table-shown-botswana-zimbabwe-gold-gold-nickel-nickel-0-300-0-90-60-200-5144579.htm',
          'https://www.transtutors.com/questions/refer-to-the-table-for-moola-given-below-to-answer-the-following-questions-potential-5144578.htm',
          'https://www.transtutors.com/questions/refer-to-the-table-above-both-source-a-and-source-b-currently-emit-20-tons-each-supp-5144577.htm',
          'https://www.transtutors.com/questions/refer-to-the-table-above-both-source-a-and-source-b-currently-emit-20-tons-each-supp-5144576.htm',
          'https://www.transtutors.com/questions/refer-to-the-table-below-according-to-the-table-pat-has-the-absolute-advantage-in-pi-5144575.htm',
          'https://www.transtutors.com/questions/refer-to-the-great-recession-with-data-charts-you-should-describe-how-the-great-rece-5144574.htm',
          'https://www.transtutors.com/questions/refer-to-the-great-recession-with-data-charts-you-will-choose-one-country-except-the-5144573.htm',
          'https://www.transtutors.com/questions/refer-to-the-graph-shown-saudi-arabia-united-states-wadgets-the-graph-demonstrates-s-5144572.htm',
          'https://www.transtutors.com/questions/refer-to-the-graph-shown-an-expansionary-fiscal-policy-would-be-most-appropriate-whe-5144571.htm',
          'https://www.transtutors.com/questions/refer-to-the-graph-shown-1-1-1-0-0-9-d-0-quantity-of-shekels-if-the-price-of-shekels-5144570.htm',
          'https://www.transtutors.com/questions/refer-to-the-following-table-quantity-bushels-q-total-total-marginal-marginal-profit-5144569.htm',
          'https://www.transtutors.com/questions/refer-to-the-following-graph-the-gini-coefficient-g-is-obtained-by-100-80-area-c-60--5144568.htm',
          'https://www.transtutors.com/questions/refer-to-the-following-figures-a-shift-of-the-economy-39-s-production-possibilities--5144567.htm',
          'https://www.transtutors.com/questions/refer-to-the-fiqure-below-if-this-restaurant-makes-75-salads-in-one-hour-then-what-3-5144566.htm',
          'https://www.transtutors.com/questions/refer-to-the-figure-that-shows-the-money-demand-and-supply-and-investment-demand-cur-5144565.htm',
          'https://www.transtutors.com/questions/refer-to-the-figure-above-the-demand-for-milkshakes-is-unit-elastic-at-point-c-if-a--5144564.htm',
          'https://www.transtutors.com/questions/refer-to-the-figure-above-the-demand-for-milkshakes-is-unit-elastic-at-point-c-if-a--5144563.htm',
          'https://www.transtutors.com/questions/refer-to-the-figure-above-assume-that-the-firm-is-facing-mac-1-and-that-it-has-adjus-5144562.htm',
          'https://www.transtutors.com/questions/refer-to-the-figure-above-assume-that-the-firm-is-facing-mac-1-and-that-it-has-adjus-5144561.htm',
          'https://www.transtutors.com/questions/refer-to-the-figure-below-which-arrow-represents-the-flow-of-spending-by-households--5144560.htm',
          'https://www.transtutors.com/questions/refer-to-exhibit-11-5-which-illustrates-the-profits-in-a-duopoly-game-between-firm-a-5144559.htm',
          'https://www.transtutors.com/questions/refer-to-exhibit-11-4-if-the-game-is-played-only-once-each-firm-will-price-so-that-e-5144558.htm',
          'https://www.transtutors.com/questions/refer-to-the-diagram-below-mc-mr5-p6-atc-avc-d-mr4-p5-c-mr3-p3-b-mr2-p2-a-mr1-p1-qua-5144557.htm',
          'https://www.transtutors.com/questions/refer-to-the-appendix-to-chapter-20-of-the-varian-text-p-380-of-the-9-edition-look-a-5144556.htm',
          'https://www.transtutors.com/questions/refer-to-the-accompanying-graph-what-is-the-price-elasticity-of-demand-at-point-a-d--5144555.htm',
          'https://www.transtutors.com/questions/a-reduction-in-unemployment-compensation-will-a-increase-the-amount-of-frictional-un-5144554.htm',
          'https://www.transtutors.com/questions/recommend-any-policy-method-or-opinions-for-the-current-u-s-unemployment-and-inflati-5144553.htm',
          'https://www.transtutors.com/questions/what-is-a-recessionary-gap-what-fiscal-policy-might-close-that-gap-show-with-a-graph-5144552.htm',
          'https://www.transtutors.com/questions/answer-a-recently-hired-chief-executive-officer-wants-to-reduce-future-production-co-5144551.htm',
          'https://www.transtutors.com/questions/in-recent-years-which-of-the-following-has-been-negative-a-wages-b-government-expend-5144550.htm',
          'https://www.transtutors.com/questions/during-the-most-recent-recession-the-fed-used-some-new-and-expanded-tools-can-you-fi-5144549.htm',
          'https://www.transtutors.com/questions/in-recent-months-the-trump-administration-has-imposed-and-threatened-to-impose-tarif-5144548.htm',
          'https://www.transtutors.com/questions/you-receive-an-increase-in-income-what-happens-to-the-demand-for-hot-dogs-if-you-con-5144547.htm',
          'https://www.transtutors.com/questions/recall-the-definition-of-a-normal-good-given-in-chapter-3-is-environmental-protectio-5144546.htm',
          'https://www.transtutors.com/questions/what-is-the-reason-that-marginal-cost-eventually-rises-as-output-increases-a-diminis-5144545.htm',
          'https://www.transtutors.com/questions/in-real-income-or-real-gdp-for-each-following-cases-17-2-pts-show-how-much-changes-a-5144544.htm',
          'https://www.transtutors.com/questions/the-readings-and-images-come-from-the-book-fiero-gloria-k-the-humanistic-tradition-7-5144543.htm',
          'https://www.transtutors.com/questions/i-was-reading-over-the-simultaneous-shifts-in-demand-and-supply-and-i-had-a-a-hard-t-5144542.htm',
          'https://www.transtutors.com/questions/after-reading-chapter-14-of-microeconomics-by-david-colander-10-answer-following-que-5144541.htm',
          'https://www.transtutors.com/questions/read-at-least-one-article-from-the-wall-street-journal-on-changes-to-the-retail-stor-5144540.htm',
          'https://www.transtutors.com/questions/read-eye-on-fiscal-stimulus-how-big-was-the-fiscal-stimulus-package-of-2008-2009-how-5144539.htm',
          'https://www.transtutors.com/questions/read-the-case-study-and-answer-the-questions-in-the-end-towards-a-diversified-knowle-5144538.htm',
          'https://www.transtutors.com/questions/read-analyze-and-discuss-in-terms-of-the-type-of-unemployment-suggested-by-the-artic-5144537.htm',
          'https://www.transtutors.com/questions/the-graph-depicts-a-market-where-a-tariff-is-introduced-pw-represents-the-world-quot-5144536.htm',
          'https://www.transtutors.com/questions/a-random-sample-of-4-workers-has-been-selected-the-following-table-lists-their-wage--5144535.htm'],
 'project': ['trans'],
 'referring_link': ['https://www.transtutors.com/questions/economics/189/'],
 'spider': ['trans_links']}
2020-02-05 23:30:22 [scrapy.core.engine] DEBUG: Crawled (200) <GET https://www.transtutors.com/questions/economics/191/> (referer: https://www.google.com/) ['cached']
2020-02-05 23:30:22 [scrapy.core.scraper] DEBUG: Scraped from <200 https://www.transtutors.com/questions/economics/190/>
{'category': ['economy'],
 'date': [datetime.datetime(2020, 2, 5, 23, 30, 22, 184813)],
 'link': ['https://www.transtutors.com/questions/ramo-homework-homework-2-score-0-of-1-pt-39-of-64-61-complete-3-4-14-when-a-person-h-5144534.htm',
          'https://www.transtutors.com/questions/if-you-raise-the-price-of-your-pies-by-10-and-your-sales-drop-by-40-calculate-the-el-5144533.htm',
          'https://www.transtutors.com/questions/rain-delays-to-u-s-planting-lift-corn-and-soybean-prices-price-dollars-per-bag-6-40--5144532.htm',
          'https://www.transtutors.com/questions/ra-9-the-interest-rate-on-unsecured-lcans-hetween-banks-is-callkd-the-a-discount-rat-5144531.htm',
          'https://www.transtutors.com/questions/ra-9-the-interest-rate-on-unsecured-lcans-hetween-banks-is-callkd-the-a-discount-rat-5144530.htm',
          'https://www.transtutors.com/questions/r-1-0-u-2-6-2-3-d-5-figure-1-game-a-6-consider-a-repeated-game-in-which-game-a-is-pl-5144529.htm',
          'https://www.transtutors.com/questions/quldtoieel-if-the-price-of-apple-pies-rose-to-100-per-pie-consumers-would-purchase-f-5144528.htm',
          'https://www.transtutors.com/questions/quiz-2-1-suppose-the-local-government-decides-to-reduce-traffic-congestion-on-a-brid-5144527.htm',
          'https://www.transtutors.com/questions/questions-please-post-them-to-the-ask-the-instructor-discussion-question-6-5-pts-wou-5144526.htm',
          'https://www.transtutors.com/questions/these-questions-are-about-international-trade-i-want-to-know-the-answers-questions-1-5144525.htm',
          'https://www.transtutors.com/questions/questions-39-and-40-refer-to-the-information-below-a-perfectly-competitive-firm-has--5144524.htm',
          'https://www.transtutors.com/questions/questions-33-35-are-based-on-the-following-information-wesley-wanda-are-taxed-on-the-5144523.htm',
          'https://www.transtutors.com/questions/questions-3-5-refer-to-the-following-for-many-years-keurig-held-a-patent-on-the-desi-5144522.htm',
          'https://www.transtutors.com/questions/questions-24-29-refer-to-the-information-below-dana-is-a-utility-maximizer-who-faces-5144521.htm',
          'https://www.transtutors.com/questions/questions-1-a-d-suppose-the-market-demand-and-supply-functions-are-qd-2450-10p-and-q-5144520.htm',
          'https://www.transtutors.com/questions/questions-1-consider-a-world-in-which-there-are-only-two-periods-period-0-and-period-5144519.htm',
          'https://www.transtutors.com/questions/question-two-40-marks-consider-a-consumer-whose-preferences-can-be-represented-by-th-5144518.htm',
          'https://www.transtutors.com/questions/question-two-30-2-1-define-the-following-economic-concepts-in-terms-of-utility-analy-5144517.htm',
          'https://www.transtutors.com/questions/question-three-25-3-1-distinguish-between-the-short-run-aggregate-supply-curve-sras--5144516.htm',
          'https://www.transtutors.com/questions/her-question-will-save-this-response-cost-of-a-car-part-to-increase-by-5-per-year-be-5144515.htm',
          'https://www.transtutors.com/questions/the-question-about-portal-is-a-puzzle-platform-video-game-developed-and-published-by-5144513.htm',
          'https://www.transtutors.com/questions/question-one-here-are-4-items-beer-chocolate-ice-cream-flowers-i-want-you-to-pick-2--5144512.htm',
          'https://www.transtutors.com/questions/question-one-30-1-1-explain-the-purpose-of-the-production-possibility-frontier-as-a--5144511.htm',
          'https://www.transtutors.com/questions/not-sure-how-they-got-this-answer-show-work-please-question-help-until-recently-hamb-5144510.htm',
          'https://www.transtutors.com/questions/better-picture-question-help-12-3-57-be-a-manufacturer-of-hospital-supplies-has-a-un-5144509.htm',
          'https://www.transtutors.com/questions/question-the-heat-loss-through-the-exterior-walls-of-a-processing-plant-is-estimated-5144508.htm',
          'https://www.transtutors.com/questions/question-four-15-economists-classify-unemployment-according-to-various-categories-li-5144507.htm',
          'https://www.transtutors.com/questions/question-determine-the-present-worth-of-a-geometric-gradient-series-with-a-cash-flow-5144506.htm',
          'https://www.transtutors.com/questions/question-completion-status-question-22-which-of-the-following-provides-the-best-meas-5144505.htm',
          'https://www.transtutors.com/questions/question-completion-status-if-income-decreases-by-20-and-in-response-the-quantity-of-5144504.htm',
          'https://www.transtutors.com/questions/question-completio1-3talus-question-1-price-elasticities-of-demand-are-especially-us-5144503.htm',
          'https://www.transtutors.com/questions/question-ali-wants-to-borrow-now-5000-from-the-bank-at-the-interest-rate-of-10-compo-5144502.htm',
          'https://www.transtutors.com/questions/question-aggregate-demand-stimulus-tarp-troubled-asset-relief-program-and-or-also-ca-5144501.htm',
          'https://www.transtutors.com/questions/expolain-how-to-get-the-answer-question-a9-a-bond-has-a-face-value-of-700-and-a-coup-5144500.htm',
          'https://www.transtutors.com/questions/question-a2-when-environmental-costs-due-to-trade-are-transborder-in-nature-addressi-5144499.htm',
          'https://www.transtutors.com/questions/explain-how-to-get-the-answer-question-a14-a-project-has-the-following-cash-flows-if-5144498.htm',
          'https://www.transtutors.com/questions/question-a1-the-production-of-widgets-by-a-us-company-requires-four-tasks-each-widge-5144497.htm',
          'https://www.transtutors.com/questions/question-9-table-lemonade-and-cookies-2016-2016-price-2017-2017-price-output-output--5144496.htm',
          'https://www.transtutors.com/questions/question-9-as-the-proportion-of-women-preparing-for-careers-as-professionals-increas-5144495.htm',
          'https://www.transtutors.com/questions/question-9-mechanical-contractor-has-four-employees-whose-combined-salaries-through--5144494.htm',
          'https://www.transtutors.com/questions/question-9-from-the-list-below-select-all-reasons-that-explain-why-the-division-of-l-5144493.htm',
          'https://www.transtutors.com/questions/question-9-the-demand-for-medical-care-is-usually-inelastic-because-consumers-have-e-5144492.htm',
          'https://www.transtutors.com/questions/question-9-what-is-comparative-advantage-a-comparative-advantage-is-when-a-country-c-5144491.htm',
          'https://www.transtutors.com/questions/question-9-assets-of-banks-include-a-money-market-mutual-funds-b-currency-in-the-han-5144490.htm',
          'https://www.transtutors.com/questions/question-9-8-points-suppose-the-adult-population-over-the-age-of-16-is-237-8-million-5144489.htm',
          'https://www.transtutors.com/questions/this-is-the-question-9-42-so-please-solve-for-the-question-9-42-as-i-write-it-in-the-5144488.htm',
          'https://www.transtutors.com/questions/question-9-1-point-what-are-the-contributing-factors-to-the-likelihood-that-compensa-5144487.htm',
          'https://www.transtutors.com/questions/question-9-0-75-pts-if-the-economy-is-in-long-run-equilibrium-and-there-is-a-negativ-5144486.htm',
          'https://www.transtutors.com/questions/question-8-other-things-the-same-an-increase-in-the-budget-deficit-a-shifts-the-dema-5144485.htm',
          'https://www.transtutors.com/questions/question-8-one-lagging-economic-indicator-is-the-averqage-duration-of-unemployment-o-5144484.htm'],
 'project': ['trans'],
 'referring_link': ['https://www.transtutors.com/questions/economics/190/'],
 'spider': ['trans_links']}
2020-02-05 23:30:22 [scrapy.core.engine] DEBUG: Crawled (200) <GET https://www.transtutors.com/questions/economics/192/> (referer: https://www.google.com/) ['cached']
2020-02-05 23:30:22 [scrapy.core.scraper] DEBUG: Scraped from <200 https://www.transtutors.com/questions/economics/191/>
{'category': ['economy'],
 'date': [datetime.datetime(2020, 2, 5, 23, 30, 22, 337937)],
 'link': ['https://www.transtutors.com/questions/question-8-1-pts-suppose-at-the-profit-maximizing-loss-minimizing-level-of-output-p--5144483.htm',
          'https://www.transtutors.com/questions/question-8-1-point-the-law-of-supply-is-also-based-on-the-law-of-the-constitution-th-5144482.htm',
          'https://www.transtutors.com/questions/question-8-1-point-compensating-wage-differential-is-the-wage-decrease-required-to-g-5144481.htm',
          'https://www.transtutors.com/questions/question-7-the-quantity-theory-of-money-assumes-that-a-the-money-supply-is-constant--5144480.htm',
          'https://www.transtutors.com/questions/question-7-a-positive-statement-is-concerned-primarily-with-o-some-goal-that-is-desi-5144479.htm',
          'https://www.transtutors.com/questions/question-7-explain-why-scarcity-leads-to-trade-offs-choose-all-correct-answers-ua-if-5144478.htm',
          'https://www.transtutors.com/questions/question-7-explain-why-scarcity-leads-to-trade-offs-choose-all-correct-answers-a-if--5144477.htm',
          'https://www.transtutors.com/questions/question-7-1-point-some-studies-show-that-the-estimated-effects-of-personality-on-pe-5144476.htm',
          'https://www.transtutors.com/questions/please-answer-both-q6-and-q7-question-6-x-3-0-a-8-5-y-x-4-6-w-b-2-1-6-4-c-7-3-2-cons-5144475.htm',
          'https://www.transtutors.com/questions/show-process-please-question-6-x-3-0-a-8-5-y-4-6-x-w-2-1-y-6-4-3-2-consider-the-exte-5144474.htm',
          'https://www.transtutors.com/questions/question-6-unemployment-15-points-1-in-the-steady-state-s-e-f-u-s-is-separation-rate-5144473.htm',
          'https://www.transtutors.com/questions/please-answer-both-questions-question-6-what-type-of-unemployment-cyclical-seasonal--5144472.htm',
          'https://www.transtutors.com/questions/question-6-true-or-false-an-oligopoly-is-a-market-where-there-are-a-handful-of-domin-5144471.htm',
          'https://www.transtutors.com/questions/question-6-the-quantity-theory-of-money-holds-that-the-quantity-of-money-in-the-econ-5144469.htm',
          'https://www.transtutors.com/questions/question-6-nominal-gross-domestic-product-gdp-increases-if-current-quantities-increa-5144468.htm',
          'https://www.transtutors.com/questions/question-6-all-of-the-following-are-investments-in-the-sense-of-the-term-used-by-mac-5144467.htm',
          'https://www.transtutors.com/questions/question-6-a-favorable-economic-outlook-is-shared-in-an-announcement-in-the-news-by--5144466.htm',
          'https://www.transtutors.com/questions/question-6-a-factor-that-would-increase-the-demand-for-physician-visits-for-allergie-5144465.htm',
          'https://www.transtutors.com/questions/question-6-7-points-when-you-take-your-first-job-you-decide-to-start-saving-right-aw-5144464.htm',
          'https://www.transtutors.com/questions/question-6-4-pts-if-the-unemployment-rate-in-2013-had-been-5-percent-instead-of-7-4--5144463.htm',
          'https://www.transtutors.com/questions/question-6-2-pts-one-last-time-consider-the-made-up-not-to-scale-attached-ppfs-for-j-5144462.htm',
          'https://www.transtutors.com/questions/question-6-10-points-saved-1-consider-the-following-scenario-assume-all-occurred-in--5144461.htm',
          'https://www.transtutors.com/questions/question-6-1-point-worker-characteristics-that-are-likely-to-have-a-positive-effect--5144460.htm',
          'https://www.transtutors.com/questions/question-6-1-point-saved-as-understood-in-economics-the-law-of-demand-refers-to-the--5144459.htm',
          'https://www.transtutors.com/questions/question-6-1-point-saved-non-monetary-considerations-tend-to-be-most-important-in-th-5144458.htm',
          'https://www.transtutors.com/questions/question-6-1-point-if-a-minimum-wage-is-set-above-the-free-market-equilibrium-wage-i-5144457.htm',
          'https://www.transtutors.com/questions/question-6-1-point-which-of-the-following-would-be-least-likely-to-earn-economic-ren-5144456.htm',
          'https://www.transtutors.com/questions/question-6-1-consider-the-following-scenario-assume-all-occurred-in-2016-canadian-or-5144455.htm',
          'https://www.transtutors.com/questions/question-5-consider-the-money-demand-function-that-takes-the-form-m-p-a-y-4i-where-m-5144454.htm',
          'https://www.transtutors.com/questions/question-5-3-3-points-the-following-factors-could-likely-cause-an-increase-in-the-cu-5144453.htm',
          'https://www.transtutors.com/questions/q5-question-5-30-points-chapter-7-consider-an-economy-that-is-characterized-by-the-s-5144452.htm',
          'https://www.transtutors.com/questions/question-5-2-pts-income-per-person-in-the-united-states-is-now-about-four-times-that-5144451.htm',
          'https://www.transtutors.com/questions/question-5-1-point-what-are-the-supply-side-factors-that-influence-gender-difference-5144450.htm',
          'https://www.transtutors.com/questions/question-5-0-75-pts-glven-the-information-from-the-previous-problem-where-the-increa-5144449.htm',
          'https://www.transtutors.com/questions/question-49-the-term-quot-other-things-equal-quot-means-that-a-number-of-relevant-va-5144448.htm',
          'https://www.transtutors.com/questions/question-49-from-society-39-s-point-of-view-the-economic-function-of-profits-and-los-5144447.htm',
          'https://www.transtutors.com/questions/question-49-than-a-money-market-mutual-fund-is-select-the-two-answers-below-that-cor-5144446.htm',
          'https://www.transtutors.com/questions/question-49-the-demand-curve-faced-by-a-monopolist-is-whereas-the-demand-curve-perce-5144445.htm',
          'https://www.transtutors.com/questions/question-45-if-the-marginal-product-of-labor-increases-because-of-a-shift-of-the-mar-5144444.htm',
          'https://www.transtutors.com/questions/question-41-the-following-table-contains-some-production-possibilities-for-an-econom-5144443.htm',
          'https://www.transtutors.com/questions/question-4-policy-is-when-the-government-changes-either-its-spending-or-tax-policy-t-5144442.htm',
          'https://www.transtutors.com/questions/question-4-which-of-the-following-statements-about-gdp-is-correct-a-nominal-gdp-valu-5144441.htm',
          'https://www.transtutors.com/questions/question-4-question-4-20-points-chapters-3-7-a-closed-economy-is-currently-in-its-st-5144440.htm',
          'https://www.transtutors.com/questions/question-4-2-pts-consider-one-last-time-the-case-of-shane-who-is-considering-selling-5144439.htm',
          'https://www.transtutors.com/questions/question-4-10-all-combinations-of-goods-and-services-that-provide-the-same-utility-a-5144438.htm',
          'https://www.transtutors.com/questions/question-4-1-pts-value-of-marginal-marginal-number-of-output-product-product-wage-wo-5144437.htm',
          'https://www.transtutors.com/questions/question-4-1-pts-areduction-in-the-minimum-wage-will-tend-to-cause-which-of-the-foll-5144436.htm',
          'https://www.transtutors.com/questions/question-4-1-point-whenever-there-is-a-shortage-in-a-market-a-there-is-downward-pres-5144435.htm',
          'https://www.transtutors.com/questions/question-4-1-point-suppose-in-country-a-that-39-pink-39-and-39-blue-39-collar-jobs-r-5144434.htm',
          'https://www.transtutors.com/questions/question-39-the-theory-of-rational-expectations-holds-that-select-the-correct-answer-5144433.htm'],
 'project': ['trans'],
 'referring_link': ['https://www.transtutors.com/questions/economics/191/'],
 'spider': ['trans_links']}
2020-02-05 23:30:22 [scrapy.core.engine] DEBUG: Crawled (200) <GET https://www.transtutors.com/questions/economics/193/> (referer: https://www.google.com/) ['cached']
2020-02-05 23:30:22 [scrapy.core.scraper] DEBUG: Scraped from <200 https://www.transtutors.com/questions/economics/192/>
{'category': ['economy'],
 'date': [datetime.datetime(2020, 2, 5, 23, 30, 22, 501574)],
 'link': ['https://www.transtutors.com/questions/question-39-in-order-to-have-an-impact-a-must-be-set-below-the-equilibrium-price-and-5144432.htm',
          'https://www.transtutors.com/questions/question-39-new-cars-are-normal-goods-what-will-happen-to-the-equilibrium-price-of-n-5144430.htm',
          'https://www.transtutors.com/questions/question-38-questions-38-39-refer-to-the-information-below-2-5-pts-the-soda-can-mark-5144429.htm',
          'https://www.transtutors.com/questions/question-38-banks-reduce-transaction-costs-by-select-the-correct-answer-below-not-ac-5144428.htm',
          'https://www.transtutors.com/questions/question-38-if-the-average-tax-rate-increases-as-income-increases-the-tax-is-a-oa-re-5144427.htm',
          'https://www.transtutors.com/questions/question-37-suppose-that-a-member-firm-in-an-to-raise-its-price-oligopoly-cartel-fac-5144426.htm',
          'https://www.transtutors.com/questions/question-35-the-coordination-argument-on-wage-cuts-implies-that-select-the-correct-a-5144425.htm',
          'https://www.transtutors.com/questions/question-32-production-possibilties-schedule-country-k-country-y-choice-coffee-sugar-5144424.htm',
          'https://www.transtutors.com/questions/question-32-which-of-the-following-events-must-result-in-a-higher-price-in-the-marke-5144423.htm',
          'https://www.transtutors.com/questions/question-32-the-employment-rate-equals-the-number-of-not-yet-answered-select-one-poi-5144422.htm',
          'https://www.transtutors.com/questions/question-32-3-points-lauren-owns-a-bakery-she-wants-to-increase-her-daily-production-5144421.htm',
          'https://www.transtutors.com/questions/question-30-1-pts-according-to-the-textbook-the-fully-completed-house-that-one-could-5144420.htm',
          'https://www.transtutors.com/questions/question-3-in-the-united-states-monetary-policy-is-controlled-by-a-the-president-d-t-5144419.htm',
          'https://www.transtutors.com/questions/question-3-how-do-you-think-globalization-might-have-affected-the-economy-over-the-p-5144418.htm',
          'https://www.transtutors.com/questions/question-3-southwest-airlines-differs-from-other-companies-such-as-american-airlines-5144417.htm',
          'https://www.transtutors.com/questions/question-3-refer-to-the-appendix-to-chapter-21-of-the-varian-text-p-394-of-the-9-edi-5144416.htm',
          'https://www.transtutors.com/questions/question-3-the-market-demand-for-a-public-good-is-the-vertical-sum-of-the-individual-5144415.htm',
          'https://www.transtutors.com/questions/wrong-answer-need-help-question-3-lower-interest-rates-cause-the-aggregate-demand-cu-5144414.htm',
          'https://www.transtutors.com/questions/question-3-which-of-the-following-refers-to-a-payment-to-make-up-for-the-risk-of-not-5144413.htm',
          'https://www.transtutors.com/questions/question-3-in-the-diagram-below-1-draw-a-point-that-depicts-the-unemployment-of-reso-5144412.htm',
          'https://www.transtutors.com/questions/question-3-china-was-the-largest-economy-for-centuries-because-everyone-had-the-same-5144411.htm',
          'https://www.transtutors.com/questions/question-3-bill-faces-the-standard-linear-budget-constraint-and-has-a-utility-functi-5144410.htm',
          'https://www.transtutors.com/questions/question-3-30-points-use-the-is-lm-pc-model-to-illustrate-how-the-economy-adjusts-in-5144409.htm',
          'https://www.transtutors.com/questions/question-3-15-points-suppose-the-market-for-cigarettes-is-characterized-by-the-follo-5144408.htm',
          'https://www.transtutors.com/questions/question-3-15-points-suppose-the-market-for-cigarettes-is-characterized-by-the-follo-5144407.htm',
          'https://www.transtutors.com/questions/question-3-1-pts-60l-l2-output-sells-for-2-and-the-cost-of-labor-is-20-per-hour-how--5144406.htm',
          'https://www.transtutors.com/questions/question-3-1-point-which-of-the-following-is-likely-to-happen-as-the-proportion-or-s-5144405.htm',
          'https://www.transtutors.com/questions/question-29-why-is-it-not-surprising-that-men-make-up-the-minority-of-college-gradaa-5144404.htm',
          'https://www.transtutors.com/questions/question-29-1-points-save-answ-alex-sees-that-his-neighbors-lawns-all-need-mowing-he-5144403.htm',
          'https://www.transtutors.com/questions/question-29-1-points-save-answ-alex-sees-that-his-neighbors-lawns-all-need-mowing-he-5144402.htm',
          'https://www.transtutors.com/questions/question-29-0-75-pts-which-of-the-following-is-an-example-of-a-financial-intermediar-5144401.htm',
          'https://www.transtutors.com/questions/question-28-the-federal-reserve-system-is-responsible-for-tracking-the-amounts-of-m1-5144400.htm',
          'https://www.transtutors.com/questions/question-28-3-points-an-increase-in-would-lead-to-an-increase-in-long-run-economic-g-5144399.htm',
          'https://www.transtutors.com/questions/question-274-pts-the-u-s-economy-is-more-market-oriented-than-it-is-a-command-econom-5144398.htm',
          'https://www.transtutors.com/questions/question-27-in-the-great-recession-of-2007-2009-the-us-economy-experienced-a-severe--5144397.htm',
          'https://www.transtutors.com/questions/question-26-with-a-vertical-long-run-as-curve-any-attempt-by-the-government-to-reduc-5144396.htm',
          'https://www.transtutors.com/questions/question-26-this-question-refers-to-information-from-the-problem-1-under-problems-an-5144395.htm',
          'https://www.transtutors.com/questions/question-26-3-points-if-your-income-increases-at-a-rate-of-2-percent-per-year-how-lo-5144394.htm',
          'https://www.transtutors.com/questions/question-25-whieh-of-the-following-is-true-about-those-graduating-with-college-degre-5144393.htm',
          'https://www.transtutors.com/questions/question-25-which-of-the-following-is-a-disadvantage-of-debt-investments-they-tend-t-5144392.htm',
          'https://www.transtutors.com/questions/question-25-distributive-efficiency-exists-in-the-economy-when-oa-everyone-receives--5144391.htm',
          'https://www.transtutors.com/questions/question-244-pts-please-examine-the-following-graph-illustrating-changes-in-the-hypo-5144390.htm',
          'https://www.transtutors.com/questions/question-24-productive-efficiency-exists-in-the-economy-when-oa-the-firm-is-able-to--5144389.htm',
          'https://www.transtutors.com/questions/question-24-a-person-s-said-to-be-risk-averse-if-ha-or-she-prefers-a-certain-amount--5144388.htm',
          'https://www.transtutors.com/questions/question-24-a-higher-price-for-batteries-would-result-in-an-o-ncrease-in-the-quantit-5144387.htm',
          'https://www.transtutors.com/questions/question-24-3-points-in-2010-real-gross-domestic-product-gdp-in-the-united-states-wa-5144386.htm',
          'https://www.transtutors.com/questions/question-24-1-pts-economic-mobility-refers-to-the-government-39-s-attempt-to-distrib-5144385.htm',
          'https://www.transtutors.com/questions/question-23-0-75-pts-this-question-is-based-on-the-following-figure-price-level-lras-5144384.htm',
          'https://www.transtutors.com/questions/question-23-0-5-pts-a-joint-frequency-distribution-gives-the-number-of-times-a-combi-5144383.htm',
          'https://www.transtutors.com/questions/question-22-on-the-chart-below-the-environment-case-for-the-jones-company-can-be-obs-5144382.htm'],
 'project': ['trans'],
 'referring_link': ['https://www.transtutors.com/questions/economics/192/'],
 'spider': ['trans_links']}
2020-02-05 23:30:22 [scrapy.core.engine] DEBUG: Crawled (200) <GET https://www.transtutors.com/questions/economics/194/> (referer: https://www.google.com/) ['cached']
2020-02-05 23:30:22 [scrapy.core.scraper] DEBUG: Scraped from <200 https://www.transtutors.com/questions/economics/193/>
{'category': ['economy'],
 'date': [datetime.datetime(2020, 2, 5, 23, 30, 22, 650790)],
 'link': ['https://www.transtutors.com/questions/question-22-3-points-annual-real-per-capita-gross-domestic-product-gdp-in-the-united-5144381.htm',
          'https://www.transtutors.com/questions/question-22-1-pts-which-of-the-following-is-no-longer-one-of-the-most-commonly-trade-5144380.htm',
          'https://www.transtutors.com/questions/question-22-1-points-save-answer-when-consumer-spending-goes-up-the-unemployment-rat-5144379.htm',
          'https://www.transtutors.com/questions/question-21-municipal-bonds-are-a-n-investment-guaranteed-tax-deferred-equity-tax-ex-5144378.htm',
          'https://www.transtutors.com/questions/question-21-2-5-pts-the-following-chart-shows-the-yearly-productivities-of-the-avera-5144377.htm',
          'https://www.transtutors.com/questions/question-20-if-the-price-of-butter-goes-up-relative-to-margarine-which-of-the-follow-5144376.htm',
          'https://www.transtutors.com/questions/question-20-1-pts-which-of-the-following-functions-is-considered-a-constant-elastici-5144375.htm',
          'https://www.transtutors.com/questions/please-could-you-solve-this-question-question-2-using-your-own-example-develop-a-wbs-5144374.htm',
          'https://www.transtutors.com/questions/question-2-from-the-standpoint-of-the-economy-as-a-whole-the-role-of-a-the-interest--5144373.htm',
          'https://www.transtutors.com/questions/question-2-macroeconomics-is-the-study-of-the-interaction-of-firms-and-households-in-5144372.htm',
          'https://www.transtutors.com/questions/question-2-a-drought-hits-the-market-for-wheat-if-the-equilibrium-price-of-wheat-ris-5144371.htm',
          'https://www.transtutors.com/questions/question-2-there-are-different-schools-of-thought-about-whether-a-corporation-can-be-5144370.htm',
          'https://www.transtutors.com/questions/please-answer-both-questions-question-2-what-is-deflation-oa-deflation-is-the-rise-i-5144369.htm',
          'https://www.transtutors.com/questions/question-2-a-consumer-has-100-dollars-to-spend-on-two-goods-price-of-a-sweater-is-10-5144368.htm',
          'https://www.transtutors.com/questions/question-2-ann-and-bob-are-x-bob-may-accept-or-reject-if-he-accepts-then-ann-receiv-5144367.htm',
          'https://www.transtutors.com/questions/please-answer-all-questions-question-2-9-5-points-save-answer-how-is-a-basket-of-goo-5144366.htm',
          'https://www.transtutors.com/questions/question-2-20-marks-nimbus-inc-makes-brooms-and-then-sells-them-door-to-door-below-y-5144365.htm',
          'https://www.transtutors.com/questions/question-2-20-marks-explain-the-following-stating-the-advantages-and-limitations-if--5144364.htm',
          'https://www.transtutors.com/questions/question-2-2-pts-shane-is-considering-selling-his-boat-he-paid-6000-for-the-boat-two-5144363.htm',
          'https://www.transtutors.com/questions/question-2-15-points-wilwaukee-has-two-optometrists-dr-alpha-a-and-dr-beta-b-each-op-5144362.htm',
          'https://www.transtutors.com/questions/question-2-15-points-wilwaukee-has-two-optometrists-dr-alpha-a-and-dr-beta-b-each-op-5144361.htm',
          'https://www.transtutors.com/questions/we-were-unable-to-transcribe-this-imagequestion-2-1-point-the-table-below-shows-the--5144360.htm',
          'https://www.transtutors.com/questions/question-2-1-point-when-we-consider-firm-specific-on-the-job-training-ojt-we-underst-5144359.htm',
          'https://www.transtutors.com/questions/question-1a-the-theory-of-rational-behavior-a-implies-that-people-will-always-take-t-5144358.htm',
          'https://www.transtutors.com/questions/question-194-pts-please-examine-the-data-below-describing-the-market-for-coffee-mugs-5144357.htm',
          'https://www.transtutors.com/questions/question-19-the-earnings-difference-between-men-who-have-never-been-married-and-wome-5144356.htm',
          'https://www.transtutors.com/questions/question-19-a-very-convenient-way-of-representing-simple-relationships-between-varia-5144355.htm',
          'https://www.transtutors.com/questions/question-19-1-point-the-concept-of-moral-hazard-was-publicly-discussed-in-the-contex-5144354.htm',
          'https://www.transtutors.com/questions/question-18-1-point-in-a-free-market-system-a-disequilibrium-in-one-market-produces--5144353.htm',
          'https://www.transtutors.com/questions/question-17-3-points-how-will-an-increase-in-supply-affect-equilibrium-price-assumin-5144352.htm',
          'https://www.transtutors.com/questions/question-17-1-pts-use-the-following-philips-curve-equation-to-answer-this-question-t-5144351.htm',
          'https://www.transtutors.com/questions/question-16-suppose-that-you-barrow-10-000-aed-at-1-compounded-interest-the-the-tota-5144350.htm',
          'https://www.transtutors.com/questions/question-16-how-can-you-produce-more-a-work-harder-work-more-b-specialize-in-what-yo-5144349.htm',
          'https://www.transtutors.com/questions/question-16-line-and-represents-units-of-measurement-abudget-constraint-model-differ-5144348.htm',
          'https://www.transtutors.com/questions/question-16-labor-force-participation-rates-among-teenagers-are-not-calculated-by-th-5144347.htm',
          'https://www.transtutors.com/questions/question-16-1-point-an-oligopolistic-firm-can-earn-positive-profits-because-there-ar-5144346.htm',
          'https://www.transtutors.com/questions/question-16-1-point-explicit-collusion-in-an-oligopolistic-industry-is-a-form-of-pre-5144345.htm',
          'https://www.transtutors.com/questions/question-16-1-point-so-you-diminish-other-people-39-s-possible-use-if-you-consume-so-5144344.htm',
          'https://www.transtutors.com/questions/question-16-1-point-which-auctioned-good-is-more-likely-to-have-different-private-va-5144343.htm',
          'https://www.transtutors.com/questions/question-16-1-point-which-auctioned-good-is-more-likely-to-have-different-private-va-5144342.htm',
          'https://www.transtutors.com/questions/question-16-0-4p-the-average-price-level-is-measured-by-any-real-variable-the-rate-o-5144341.htm',
          'https://www.transtutors.com/questions/question-15-this-question-refers-to-information-from-the-problem-1-under-problems-an-5144340.htm',
          'https://www.transtutors.com/questions/question-15-as-an-economy-grows-its-production-possibilities-line-oa-shifts-outward--5144339.htm',
          'https://www.transtutors.com/questions/question-15-we-can-only-consume-what-we-produce-o-true-false-5144338.htm',
          'https://www.transtutors.com/questions/question-15-and-the-aggregate-when-the-federal-reserve-reduces-the-money-supply-at-a-5144337.htm',
          'https://www.transtutors.com/questions/question-15-1-pts-since-1948-female-labor-force-participation-has-and-male-labor-for-5144336.htm',
          'https://www.transtutors.com/questions/question-15-1-point-which-of-the-following-is-true-about-the-gender-wage-gap-it-is-m-5144335.htm',
          'https://www.transtutors.com/questions/question-14-this-question-refers-to-information-from-the-problem-6-under-problems-an-5144334.htm',
          'https://www.transtutors.com/questions/question-14-please-examine-the-supply-and-demand-curves-for-a-hypothetical-bicycle-m-5144333.htm',
          'https://www.transtutors.com/questions/question-14-which-of-the-following-is-an-example-of-a-bank-diversification-select-th-5144332.htm'],
 'project': ['trans'],
 'referring_link': ['https://www.transtutors.com/questions/economics/193/'],
 'spider': ['trans_links']}
2020-02-05 23:30:22 [scrapy.core.engine] DEBUG: Crawled (200) <GET https://www.transtutors.com/questions/economics/195/> (referer: https://www.google.com/) ['cached']
2020-02-05 23:30:22 [scrapy.core.scraper] DEBUG: Scraped from <200 https://www.transtutors.com/questions/economics/194/>
{'category': ['economy'],
 'date': [datetime.datetime(2020, 2, 5, 23, 30, 22, 823032)],
 'link': ['https://www.transtutors.com/questions/question-14-for-a-country-to-function-at-a-point-on-the-production-possibilities-lin-5144331.htm',
          'https://www.transtutors.com/questions/question-14-in-the-circular-flow-diagram-model-households-receive-income-from-busine-5144330.htm',
          'https://www.transtutors.com/questions/question-14-1-point-from-the-economist-39-s-perspective-the-source-of-discrimination-5144329.htm',
          'https://www.transtutors.com/questions/question-13-real-money-balances-equal-the-a-sum-of-coin-currency-and-balances-in-che-5144328.htm',
          'https://www.transtutors.com/questions/question-13-for-the-questions-below-select-the-appropriate-answer-are-households-pri-5144327.htm',
          'https://www.transtutors.com/questions/question-13-1pts-suppose-that-the-labor-market-for-low-skill-jobs-in-california-is-c-5144326.htm',
          'https://www.transtutors.com/questions/question-13-10-points-save-answer-why-does-100-in-the-future-not-have-the-same-value-5144325.htm',
          'https://www.transtutors.com/questions/question-13-1-point-in-all-3-of-becker-39-s-models-employment-segregation-is-predict-5144324.htm',
          'https://www.transtutors.com/questions/question-13-0-75-pts-which-of-the-following-statements-indicates-long-run-equilibriu-5144323.htm',
          'https://www.transtutors.com/questions/question-12-resources-exist-in-limited-supply-and-as-a-result-economics-is-the-study-5144322.htm',
          'https://www.transtutors.com/questions/question-12-please-examine-the-supply-and-demand-curves-for-a-hypothetical-laptop-ma-5144321.htm',
          'https://www.transtutors.com/questions/question-12-1-pts-suppose-the-phillips-curve-is-represented-by-the-following-equatio-5144320.htm',
          'https://www.transtutors.com/questions/question-12-1-point-saved-the-market-equilibrium-price-seldom-lands-within-the-barga-5144319.htm',
          'https://www.transtutors.com/questions/question-12-1-point-in-becker-39-s-model-of-employer-discrimination-it-is-assumed-th-5144318.htm',
          'https://www.transtutors.com/questions/question-11-vaccinations-provide-positive-externalities-because-a-they-impose-costs--5144317.htm',
          'https://www.transtutors.com/questions/is-this-true-or-false-i-believe-it-is-false-but-need-some-reasoning-question-11-mone-5144316.htm',
          'https://www.transtutors.com/questions/question-11-where-can-an-economy-not-produce-inside-its-production-possibilities-fro-5144315.htm',
          'https://www.transtutors.com/questions/question-11-the-data-below-represents-inflation-and-unemployment-rates-over-a-period-5144314.htm',
          'https://www.transtutors.com/questions/question-11-10-pts-consider-a-bertrand-duopoly-where-each-firm-39-s-price-must-be-in-5144313.htm',
          'https://www.transtutors.com/questions/s-mc-a-po-d-mbo-mb1-quantity-figure-16-1-refer-to-figure-16-1-suppose-that-the-perfe-5144312.htm',
          'https://www.transtutors.com/questions/question-11-1-point-what-are-some-reasons-that-the-male-marriage-premium-might-exist-5144311.htm',
          'https://www.transtutors.com/questions/question-11-1-point-which-of-the-following-products-is-best-considered-a-differentia-5144310.htm',
          'https://www.transtutors.com/questions/question-10-the-table-below-represents-the-relationship-between-unemployment-rate-an-5144309.htm',
          'https://www.transtutors.com/questions/question-10-the-price-elasticity-of-demand-is-0-20-demand-is-o-elastic-o-unit-elasti-5144308.htm',
          'https://www.transtutors.com/questions/please-answer-all-questions-question-10-what-does-it-mean-if-the-price-level-in-year-5144307.htm',
          'https://www.transtutors.com/questions/question-10-the-intersection-of-the-saving-and-desired-investment-curves-shows-the-e-5144306.htm',
          'https://www.transtutors.com/questions/question-10-industry-output-is-efficient-when-o-mb-mc-for-each-firm-o-deadweight-los-5144305.htm',
          'https://www.transtutors.com/questions/question-10-which-of-the-following-is-correct-a-although-levels-of-real-gdp-per-pers-5144304.htm',
          'https://www.transtutors.com/questions/question-10-1pts-in-the-phillips-curve-equation-which-of-the-following-will-cause-a--5144303.htm',
          'https://www.transtutors.com/questions/question-10-1-point-the-standard-neoclassical-model-of-minimum-wage-predicts-that-an-5144302.htm',
          'https://www.transtutors.com/questions/question-10-0-out-of-10-points-an-engineer-wants-to-predict-the-completion-tme-per-u-5144301.htm',
          'https://www.transtutors.com/questions/question-1-us-census-data-quickfacts-do-not-summarize-data-at-the-various-state-leve-5144300.htm',
          'https://www.transtutors.com/questions/question-1-surplus-is-a-condition-of-supply-o-market-equilibrium-o-excess-excess-dem-5144299.htm',
          'https://www.transtutors.com/questions/question-1-suppose-you-are-a-consultant-for-a-monopolist-that-asks-for-its-policies--5144298.htm',
          'https://www.transtutors.com/questions/question-1-suppose-you-are-a-consultant-for-a-monopolist-that-asks-for-its-policies--5144297.htm',
          'https://www.transtutors.com/questions/question-1-state-as-either-a-positive-or-normative-statement-an-op-ed-piece-in-a-new-5144296.htm',
          'https://www.transtutors.com/questions/question-1-show-that-the-production-function-as-defined-in-equation-2-can-be-ex-yck--5144295.htm',
          'https://www.transtutors.com/questions/question-1-quick-and-decisive-china-39-s-economic-reforms-were-true-false-question-2-5144294.htm',
          'https://www.transtutors.com/questions/question-1-at-what-price-does-this-natural-monopoly-meet-demand-lrac-pt-pa-demand-4--5144293.htm',
          'https://www.transtutors.com/questions/question-1-one-possible-benefit-of-moderate-inflation-is-a-firms-like-to-change-pric-5144292.htm',
          'https://www.transtutors.com/questions/question-1-the-fundamental-accounting-equation-that-is-represented-on-a-balance-shee-5144291.htm',
          'https://www.transtutors.com/questions/question-1-which-of-the-following-would-shift-the-investment-demand-curve-to-the-rig-5144290.htm',
          'https://www.transtutors.com/questions/question-1-for-each-of-the-following-events-show-the-effect-on-the-demand-or-the-sup-5144289.htm',
          'https://www.transtutors.com/questions/question-1-demonstrate-your-knowledge-of-the-oligopolistic-market-structure-by-compl-5144288.htm',
          'https://www.transtutors.com/questions/question-1-consider-the-following-game-ann-chooses-rows-and-bob-chooses-columns-l-m-5144287.htm',
          'https://www.transtutors.com/questions/question-1-if-china-has-an-absolute-advantage-in-tea-it-necessarily-implies-that-chi-5144286.htm',
          'https://www.transtutors.com/questions/question-1-a-c-bookstores-in-a-large-city-would-seem-to-be-an-example-of-a-competiti-5144285.htm',
          'https://www.transtutors.com/questions/question-1-the-behavior-of-oligopolistic-firms-is-interdependent-one-way-of-demonstr-5144284.htm',
          'https://www.transtutors.com/questions/question-1-among-the-various-regulators-of-the-financial-system-is-the-securities-an-5144283.htm',
          'https://www.transtutors.com/questions/question-1-30-marks-indicate-whether-the-following-statements-are-true-false-or-ambi-5144282.htm'],
 'project': ['trans'],
 'referring_link': ['https://www.transtutors.com/questions/economics/194/'],
 'spider': ['trans_links']}
2020-02-05 23:30:23 [scrapy.core.engine] DEBUG: Crawled (200) <GET https://www.transtutors.com/questions/economics/196/> (referer: https://www.google.com/) ['cached']
2020-02-05 23:30:23 [scrapy.core.scraper] DEBUG: Scraped from <200 https://www.transtutors.com/questions/economics/195/>
{'category': ['economy'],
 'date': [datetime.datetime(2020, 2, 5, 23, 30, 22, 983511)],
 'link': ['https://www.transtutors.com/questions/question-1-15-points-chapters-2-done-the-following-tables-provide-the-economic-data--5144281.htm',
          'https://www.transtutors.com/questions/question-1-of-11-question-1-10-points-save-answer-as-a-principal-in-the-consulting-f-5144280.htm',
          'https://www.transtutors.com/questions/question-1-1-pts-suppose-that-fixed-investment-is-480-billion-and-total-investment-i-5144279.htm',
          'https://www.transtutors.com/questions/busniss-340-question-1-1-pts-slander-of-title-and-trade-libel-are-two-types-of-dispa-5144278.htm',
          'https://www.transtutors.com/questions/question-1-1-pts-from-the-following-data-time-ela-total-orders-q-of-workers-l-of-mac-5144277.htm',
          'https://www.transtutors.com/questions/question-1-1-point-a-two-firm-industry-is-characterized-by-cournot-competition-the-t-5144276.htm',
          'https://www.transtutors.com/questions/question-1-1-point-a-monopoly-faces-a-demand-curve-given-by-p-2-500-0-5q-and-has-mar-5144275.htm',
          'https://www.transtutors.com/questions/question-1-1-point-a-monopolist-is-engaging-in-perfect-price-discrimination-assume-p-5144274.htm',
          'https://www.transtutors.com/questions/question-1-1-point-in-a-lorenz-curve-diagram-the-size-of-the-area-between-the-lorenz-5144273.htm',
          'https://www.transtutors.com/questions/question-1-1-point-gender-differences-in-earnings-are-influenced-by-human-capital-in-5144272.htm',
          'https://www.transtutors.com/questions/question-1-1-point-which-of-the-following-is-the-best-definition-of-the-marginal-rev-5144271.htm',
          'https://www.transtutors.com/questions/question-1-1-point-cruise-the-world-no-specials-specials-8-10-specials-6-3-cruise-r--5144270.htm',
          'https://www.transtutors.com/questions/quection-21-the-hourly-earnings-of-full-time-working-women-were-a-little-more-than-w-5144269.htm',
          'https://www.transtutors.com/questions/quantity-total-cost-total-fixed-cost-total-variable-cost-average-fixed-cost-average--5144268.htm',
          'https://www.transtutors.com/questions/which-of-the-quantity-q-and-price-p-combinations-in-the-accompanying-figure-represen-5144267.htm',
          'https://www.transtutors.com/questions/which-of-the-quantity-q-and-price-p-combinations-in-the-accompanying-figure-represen-5144266.htm',
          'https://www.transtutors.com/questions/quantity-demanded-quantity-supplied-surplus-shortage-or-equilibrium-quanify-the-amou-5144265.htm',
          'https://www.transtutors.com/questions/quantity-demanded-output-total-cost-price-profit-tr-mr-mc-20-20-0-1-24-18-1-2-27-16--5144264.htm',
          'https://www.transtutors.com/questions/qn-1-john-has-a-weekly-allowance-of-360-which-he-plans-to-use-for-coffee-and-tea-the-5144263.htm',
          'https://www.transtutors.com/questions/i-need-help-with-all-the-questions-qi-suppose-that-a-monopoly-of-widgets-has-a-const-5144262.htm',
          'https://www.transtutors.com/questions/i-need-help-with-all-the-questions-q8-you-run-a-chain-of-movie-theaters-so-you-commi-5144261.htm',
          'https://www.transtutors.com/questions/q-7-10-points-acquirerco-agreed-to-buy-targetco-with-a-mix-of-cash-and-acquirerco-st-5144260.htm',
          'https://www.transtutors.com/questions/q5-i-what-would-a-central-bank-need-to-do-to-reverse-the-effects-of-a-favorable-supp-5144259.htm',
          'https://www.transtutors.com/questions/q4-there-are-two-firms-a-and-b-in-a-homogenous-product-industry-inverse-demand-is-p--5144258.htm',
          'https://www.transtutors.com/questions/q-4-2-5-points-merger-of-equals-on-average-tend-to-result-in-lower-merger-premium-at-5144257.htm',
          'https://www.transtutors.com/questions/q34-which-of-the-following-explains-why-a-production-possibilities-curve-is-often-re-5144256.htm',
          'https://www.transtutors.com/questions/solve-with-ror-equation-and-draw-cash-flow-q3-a-12-000-bond-with-5-interest-payable--5144255.htm',
          'https://www.transtutors.com/questions/q3-a-12-000-bond-with-5-interest-payable-quarterly-is-purchased-for-7000-if-the-bond-5144254.htm',
          'https://www.transtutors.com/questions/i-need-help-with-all-the-questions-q22-two-airlines-united-and-delta-are-deciding-to-5144253.htm',
          'https://www.transtutors.com/questions/q22-people-who-have-well-defined-goals-and-try-to-fulfill-those-goals-are-known-as-a-5144252.htm',
          'https://www.transtutors.com/questions/please-label-the-parts-to-your-answers-thank-you-q2-in-their-paper-titled-quot-super-5144251.htm',
          'https://www.transtutors.com/questions/q2-in-their-paper-quot-the-rewards-to-running-prize-structure-and-performance-in-pro-5144250.htm',
          'https://www.transtutors.com/questions/i-need-help-with-all-the-questions-q15-nokia-and-ericsson-plan-to-introduce-new-hand-5144249.htm',
          'https://www.transtutors.com/questions/q1-which-of-the-following-is-a-true-statement-a-the-fewer-substitutes-available-for--5144248.htm',
          'https://www.transtutors.com/questions/please-label-the-parts-to-your-answer-thank-you-q1-you-have-achieved-a-dream-job-wor-5144247.htm',
          'https://www.transtutors.com/questions/q-taking-as-an-example-the-free-trade-agreement-between-australia-and-china-a-explai-5144246.htm',
          'https://www.transtutors.com/questions/q-question-completion-status-er-to-tne-tollowing-figure-it-tnis-economy-aevotes-al-o-5144245.htm',
          'https://www.transtutors.com/questions/i-need-help-with-question-4a-the-graphs-and-where-to-draw-the-profit-rectangle-q-pro-5144244.htm',
          'https://www.transtutors.com/questions/q-for-each-of-the-following-observed-changes-in-wage-rates-and-migration-flows-from--5144243.htm',
          'https://www.transtutors.com/questions/how-does-purchasing-power-parity-influence-exchange-rate-movements-and-why-in-the-lo-5144242.htm',
          'https://www.transtutors.com/questions/purchased-and-placed-in-service-by-a-a-silicon-wafer-slicing-equipment-was-semicondu-5144241.htm',
          'https://www.transtutors.com/questions/puipose-of-a-arardh-popiua-5144240.htm',
          'https://www.transtutors.com/questions/answer-a-publicly-traded-construction-company-reported-that-it-just-paid-off-a-loan--5144239.htm',
          'https://www.transtutors.com/questions/this-is-question-16-30-he-public-sector-16-32-a-s-the-c-present-worth-analysis-d-int-5144238.htm',
          'https://www.transtutors.com/questions/all-provinces-impose-sales-taxes-on-gasoline-a-good-that-is-recognized-to-be-price-i-5144237.htm',
          'https://www.transtutors.com/questions/provide-a-workplace-or-personal-example-of-a-histogram-explain-how-the-information-o-5144236.htm',
          'https://www.transtutors.com/questions/provide-summary-for-illumination-solar-delivering-energy-poverty-solutions-and-why-i-5144235.htm',
          'https://www.transtutors.com/questions/provide-an-example-of-a-third-party-benefiting-from-a-prisoner-s-dilemma-outcome-whi-5144234.htm',
          'https://www.transtutors.com/questions/provide-an-example-of-at-least-one-obstacle-to-implementing-national-healthcare-in-t-5144233.htm',
          'https://www.transtutors.com/questions/provide-an-example-of-a-good-for-which-the-price-has-fallen-in-result-of-technologic-5144232.htm'],
 'project': ['trans'],
 'referring_link': ['https://www.transtutors.com/questions/economics/195/'],
 'spider': ['trans_links']}
2020-02-05 23:30:23 [scrapy.core.engine] DEBUG: Crawled (200) <GET https://www.transtutors.com/questions/economics/197/> (referer: https://www.google.com/) ['cached']
2020-02-05 23:30:23 [scrapy.core.scraper] DEBUG: Scraped from <200 https://www.transtutors.com/questions/economics/196/>
{'category': ['economy'],
 'date': [datetime.datetime(2020, 2, 5, 23, 30, 23, 162767)],
 'link': ['https://www.transtutors.com/questions/a-prospective-cohort-study-was-conducted-to-estimate-the-risk-relationship-between-a-5144231.htm',
          'https://www.transtutors.com/questions/as-a-proponent-of-either-aggregate-supply-based-growth-strategies-or-aggregate-deman-5144230.htm',
          'https://www.transtutors.com/questions/profit-function-correct-for-model-a-profit-function-correct-for-model-b-mini-project-5144229.htm',
          'https://www.transtutors.com/questions/professor-miller-is-teaching-business-law-at-pierce-college-several-times-during-the-5144228.htm',
          'https://www.transtutors.com/questions/the-productivity-of-capital-and-labor-are-as-shown-in-the-table-below-the-output-of--5144227.htm',
          'https://www.transtutors.com/questions/the-production-possibilities-frontiers-below-show-how-much-dave-and-sam-can-each-pro-5144226.htm',
          'https://www.transtutors.com/questions/on-a-production-possibilities-frontier-showing-possible-output-levels-of-good-a-and--5144225.htm',
          'https://www.transtutors.com/questions/the-production-possibilities-frontier-is-the-boundary-between-the-a-attainable-and-u-5144224.htm',
          'https://www.transtutors.com/questions/for-each-of-the-production-functions-below-calculate-the-corresponding-cost-function-5144223.htm',
          'https://www.transtutors.com/questions/production-function-can-be-used-to-express-the-relationship-between-and-gdp-gdp-per--5144222.htm',
          'https://www.transtutors.com/questions/the-production-function-q-4l1-2k1-2-exhibits-a-diminishing-returns-to-labor-b-dimini-5144221.htm',
          'https://www.transtutors.com/questions/production-function-is-f-l-k-2-a-4-points-does-this-production-function-have-con-5144220.htm',
          'https://www.transtutors.com/questions/product-tying-should-be-considered-per-se-illegal-which-of-the-following-statements--5144219.htm',
          'https://www.transtutors.com/questions/for-product-with-a-name-that-begins-with-the-first-letter-of-your-first-or-last-name-5144218.htm',
          'https://www.transtutors.com/questions/in-the-product-markets-of-the-circular-flow-model-businesses-provide-goods-and-servi-5144217.htm',
          'https://www.transtutors.com/questions/if-a-product-is-an-inferior-good-select-one-a-demand-is-directly-related-to-price-b--5144216.htm',
          'https://www.transtutors.com/questions/need-a-clear-answer-pls-why-is-product-carriers-generally-smaller-in-size-than-tanke-5144215.htm',
          'https://www.transtutors.com/questions/a-producer-of-synthetic-motor-oil-for-automobiles-and-light-trucks-has-made-the-foll-5144214.htm',
          'https://www.transtutors.com/questions/what-problems-arise-from-the-cpi-bias-choose-the-correct-statement-a-a-wage-contract-5144213.htm',
          'https://www.transtutors.com/questions/problems-8-land-grant-college-has-a-successful-football-ten-and-elb-ikes-na-p-has-sh-5144212.htm',
          'https://www.transtutors.com/questions/problem-turn-n-pleese-we-have-two-option-tor-presure-gauzes-pr-fo-pr-fo-purchese-cos-5144211.htm',
          'https://www.transtutors.com/questions/problem-set-8-monopoly-and-monopoly-versus-perfect-competition-done-5-figure-9-1-wha-5144210.htm',
          'https://www.transtutors.com/questions/problem-no1-there-are-two-firms-in-a-market-with-demand-given-by-p-q-8-q-firms-produ-5144209.htm',
          'https://www.transtutors.com/questions/problem-n1-there-are-two-firms-in-a-market-with-demand-given-by-p-q-12-q-firms-produ-5144208.htm',
          'https://www.transtutors.com/questions/problem-g-given-the-following-problem-answer-question-36-to-38-a-adams-is-turning-40-5144207.htm',
          'https://www.transtutors.com/questions/problem-d-given-the-following-problem-answer-questions-22-to-24-a-company-is-plannin-5144206.htm',
          'https://www.transtutors.com/questions/problem-3-in-the-real-world-the-market-structure-that-dominates-retailing-is--5144205.htm',
          'https://www.transtutors.com/questions/problem-3-the-people-in-stataland-spend-85-of-their-income-and-need-basic-consumptio-5144204.htm',
          'https://www.transtutors.com/questions/problem-3-the-people-in-stataland-spend-85-of-their-income-and-need-basic-consumptio-5144203.htm',
          'https://www.transtutors.com/questions/problem-3-30-points-joy-the-abandoned-restaurant-can-be-found-a-little-further-down--5144202.htm',
          'https://www.transtutors.com/questions/problem-2-suppose-the-basic-consumption-level-of-primaland-is-12-000-and-that-people-5144201.htm',
          'https://www.transtutors.com/questions/problem-2-consider-an-economy-that-last-for-t-5144200.htm',
          'https://www.transtutors.com/questions/problem-2-40-points-dilek-is-also-hiking-the-appalachian-trail-but-was-not-lucky-and-5144199.htm',
          'https://www.transtutors.com/questions/problem-2-40-points-dilek-is-also-hiking-the-appalachian-trail-but-was-not-lucky-and-5144198.htm',
          'https://www.transtutors.com/questions/problem-12-2-algorithmic-question-help-a-bridge-is-to-be-constructed-now-as-part-of--5144197.htm',
          'https://www.transtutors.com/questions/problem-12-12-algorithmic-question-help-the-tree-diagram-in-figure-below-describes-t-5144196.htm',
          'https://www.transtutors.com/questions/problem-1-the-following-graph-shows-the-market-demand-and-cost-of-production-in-the--5144195.htm',
          'https://www.transtutors.com/questions/problem-1-consider-a-simple-olg-type-economy-that-lasts-for-ever-populated-by-econom-5144194.htm',
          'https://www.transtutors.com/questions/problem-1-based-on-the-balance-sheet-and-income-statement-below-calculate-the-roa-ro-5144193.htm',
          'https://www.transtutors.com/questions/problem-1-30-points-kapi-and-manu-bumped-into-each-other-while-hiking-the-appalachia-5144192.htm',
          'https://www.transtutors.com/questions/problem-1-30-points-kapi-and-manu-bumped-into-each-other-while-hiking-the-appalachia-5144191.htm',
          'https://www.transtutors.com/questions/problem-1-30-points-kapi-and-manu-bumped-into-each-other-while-hiking-the-appalachia-5144190.htm',
          'https://www.transtutors.com/questions/problem-1-30-points-kapi-and-manu-bumped-into-each-other-while-hiking-the-appalachia-5144189.htm',
          'https://www.transtutors.com/questions/privilege-is-not-a-common-defense-to-which-of-the-following-intentional-torts--5144188.htm',
          'https://www.transtutors.com/questions/if-a-private-wage-contract-is-agreed-upon-with-a-cost-of-living-adjustment-such-that-5144187.htm',
          'https://www.transtutors.com/questions/prisoners-dilemma-the-purpose-of-this-assignment-is-to-assist-you-in-understanding-h-5144186.htm',
          'https://www.transtutors.com/questions/prisoners-dilemma-the-purpose-of-this-assignment-is-to-assist-you-in-understanding-h-5144185.htm',
          'https://www.transtutors.com/questions/in-the-prisoner-39-s-dilemma-game-watch-the-video-on-the-youtube-there-are-plenty-of-5144184.htm',
          'https://www.transtutors.com/questions/the-prices-that-firms-set-are-a-function-of-the-costs-they-incur-and-these-costs-in--5144183.htm',
          'https://www.transtutors.com/questions/15-price-please-examine-the-supply-and-demand-curves-for-a-hypothetical-bicycle-mark-5144182.htm'],
 'project': ['trans'],
 'referring_link': ['https://www.transtutors.com/questions/economics/196/'],
 'spider': ['trans_links']}
2020-02-05 23:30:23 [scrapy.core.engine] DEBUG: Crawled (200) <GET https://www.transtutors.com/questions/economics/198/> (referer: https://www.google.com/) ['cached']
2020-02-05 23:30:23 [scrapy.core.scraper] DEBUG: Scraped from <200 https://www.transtutors.com/questions/economics/197/>
{'category': ['economy'],
 'date': [datetime.datetime(2020, 2, 5, 23, 30, 23, 329532)],
 'link': ['https://www.transtutors.com/questions/if-the-price-of-a-minivan-is-40-000-find-the-price-and-quantity-of-a-passenger-car-t-5144181.htm',
          'https://www.transtutors.com/questions/price-the-market-for-unskilled-labor-supply-of-10-labor-e-c-s5-f-i-e-g-s3-demand-for-5144180.htm',
          'https://www.transtutors.com/questions/as-the-price-level-rises-firms-respond-in-the-short-run-to-the-change-in-the-real-wa-5144179.htm',
          'https://www.transtutors.com/questions/price-index-calculations-3-using-the-necessary-formulas-complete-the-table-below-ple-5144178.htm',
          'https://www.transtutors.com/questions/price-g-theu-g-one-kriste-kriste-kriste-g-which-econ-g-with-math-econ-econ-c-get-c-g-5144177.htm',
          'https://www.transtutors.com/questions/at-that-price-firms-in-the-industry-would-a-earn-a-positive-profit-b-operate-at-a-lo-5144176.htm',
          'https://www.transtutors.com/questions/the-price-of-an-etf-is-determined-once-a-day-when-the-market-closes-true-or-false-5144175.htm',
          'https://www.transtutors.com/questions/if-the-price-is-below-the-equilibrium-price-a-the-supply-curve-will-shift-leftward-b-5144174.htm',
          'https://www.transtutors.com/questions/price-discrimination-strategy-is-least-inherent-in-which-of-the-following-ebay-the-s-5144173.htm',
          'https://www.transtutors.com/questions/price-d-question-21-please-examine-the-following-graph-illustrating-the-hypothetical-5144172.htm',
          'https://www.transtutors.com/questions/if-the-price-of-a-bottle-of-orange-juice-is-0-75-the-total-consumer-surplus-received-5144171.htm',
          'https://www.transtutors.com/questions/price-of-bananas-decreases-by-10-and-the-quantity-supplied-decreases-by-20-what-is-t-5144170.htm',
          'https://www.transtutors.com/questions/the-price-of-apples-rises-from-1-00-per-pound-to-1-50-per-pound-as-a-result-the-quan-5144169.htm',
          'https://www.transtutors.com/questions/price-of-actual-exchange-rate-country-currency-big-macper-u-s-dollar-indonesia-italy-5144168.htm',
          'https://www.transtutors.com/questions/price-57-g-the-l-g-one-kriste-kriste-kriste-g-whic-eco-g-with-math-econ-econ-c-get-c-5144167.htm',
          'https://www.transtutors.com/questions/price-56-tools-48-op-price-flcor-32-24-16-8-d-0-30-60-90-120-150-180-210-240-270-300-5144166.htm',
          'https://www.transtutors.com/questions/price-100-s-90-80-70-60-50-40-30-20-10-d-0-500-400-600-100-300-700-900-200-800-1000--5144165.htm',
          'https://www.transtutors.com/questions/preblers-end-aeudications-05-should-cet-me-the-company-that-you-manage-has-iveted-5--5144164.htm',
          'https://www.transtutors.com/questions/please-answer-just-c-d-and-e-prebiem-2-50-poists-you-estimane-the-regron-thal-appear-5144163.htm',
          'https://www.transtutors.com/questions/do-the-practices-used-at-your-current-or-past-place-of-employment-1-properly-motivat-5144162.htm',
          'https://www.transtutors.com/questions/i-have-this-practice-question-for-my-upcoming-econ-exam-just-wondering-if-i-could-ge-5144161.htm',
          'https://www.transtutors.com/questions/pr-10-pe-s-i-120-cnd-md-e-opimal-bnde-ndacy-point-ma-o-find-udi-t-x-ento-vac-cplug-5144160.htm',
          'https://www.transtutors.com/questions/pplease-answer-the-following-questions-in-its-entirely-a-b-c-d-e-please-write-down-a-5144159.htm',
          'https://www.transtutors.com/questions/poverty-has-a-long-history-within-the-city-of-cleveland-how-does-the-geographic-conc-5144158.htm',
          'https://www.transtutors.com/questions/potential-gdp-is-the-value-of-real-gdp-when-all-the-economy-39-s-factors-of-producti-5144157.htm',
          'https://www.transtutors.com/questions/posting-1-what-are-mpc-and-mps-explain-them-in-the-context-of-a-person-and-in-the-co-5144156.htm',
          'https://www.transtutors.com/questions/while-there-is-a-positive-stimulus-to-the-overall-economy-from-the-trump-corporate-i-5144155.htm',
          'https://www.transtutors.com/questions/while-there-are-positive-impacts-for-households-in-the-short-run-what-does-the-brook-5144154.htm',
          'https://www.transtutors.com/questions/while-there-are-positive-impacts-for-households-in-the-short-run-what-does-the-brook-5144153.htm',
          'https://www.transtutors.com/questions/you-have-the-position-of-political-analyst-at-a-local-tv-station-in-view-of-upcom-in-5144152.htm',
          'https://www.transtutors.com/questions/pose-that-the-inflation-rate-is-3-5-and-the-recessionary-gap-is-3-however-the-reserv-5144151.htm',
          'https://www.transtutors.com/questions/as-a-policy-maker-would-you-prefer-the-strategies-of-aggregate-supply-based-economic-5144150.htm',
          'https://www.transtutors.com/questions/pls-think-carefully-i-got-wrong-the-expected-price-of-a-smartphone-next-year-falls-w-5144149.htm',
          'https://www.transtutors.com/questions/pls-carefully-review-choose-the-correct-statement-a-the-change-in-total-revenue-that-5144148.htm',
          'https://www.transtutors.com/questions/pls-carefully-examine-i-39-m-doing-this-multiple-times-i-choose-b-since-the-income-i-5144147.htm',
          'https://www.transtutors.com/questions/pls-answer-this-managerial-economics-question-and-provide-examples-and-necessary-gra-5144146.htm',
          'https://www.transtutors.com/questions/plot-the-graph-to-show-mary-39-s-equilibrium-2-question-two-a-distinguish-between-a--5144145.htm',
          'https://www.transtutors.com/questions/please-tell-me-why-the-rise-in-the-currency-to-deposit-ratio-would-lower-the-deposit-5144144.htm',
          'https://www.transtutors.com/questions/please-can-someone-help-me-to-answer-this-question-my-class-is-economics-of-health-a-5144143.htm',
          'https://www.transtutors.com/questions/please-can-somebody-help-me-to-answer-this-question-my-class-economics-of-health-and-5144142.htm',
          'https://www.transtutors.com/questions/please-show-all-work-yield-to-maturity-a-if-the-yield-to-maturity-on-1-month-t-bills-5144141.htm',
          'https://www.transtutors.com/questions/please-show-all-the-work-you-do-to-solve-a-problem-total-40-points-8-points-per-ques-5144140.htm',
          'https://www.transtutors.com/questions/please-show-all-the-steps-you-39-ve-done-to-reach-the-final-answer-i-am-trying-to-le-5144139.htm',
          'https://www.transtutors.com/questions/please-show-all-the-steps-you-39-ve-done-to-reach-the-final-answer-i-am-trying-to-le-5144138.htm',
          'https://www.transtutors.com/questions/please-show-all-the-steps-you-39-ve-done-to-reach-the-final-answer-i-am-trying-to-le-5144137.htm',
          'https://www.transtutors.com/questions/please-show-steps-this-question-has-already-been-answered-on-chegg-with-no-steps-so--5144136.htm',
          'https://www.transtutors.com/questions/please-reword-the-passage-in-a-better-way-the-health-care-industry-is-the-same-and-d-5144135.htm',
          'https://www.transtutors.com/questions/please-read-the-bloomberg-article-below-and-use-the-information-in-the-article-to-an-5144134.htm',
          'https://www.transtutors.com/questions/please-provide-a-detailed-response-so-that-i-may-understand-how-you-came-to-your-sol-5144133.htm',
          'https://www.transtutors.com/questions/please-provide-a-detailed-response-so-that-i-may-understand-how-you-came-to-your-sol-5144132.htm'],
 'project': ['trans'],
 'referring_link': ['https://www.transtutors.com/questions/economics/197/'],
 'spider': ['trans_links']}
2020-02-05 23:30:23 [scrapy.core.engine] DEBUG: Crawled (200) <GET https://www.transtutors.com/questions/economics/199/> (referer: https://www.google.com/) ['cached']
2020-02-05 23:30:23 [scrapy.core.scraper] DEBUG: Scraped from <200 https://www.transtutors.com/questions/economics/198/>
{'category': ['economy'],
 'date': [datetime.datetime(2020, 2, 5, 23, 30, 23, 505825)],
 'link': ['https://www.transtutors.com/questions/please-provide-a-detailed-response-so-that-i-may-understand-how-you-came-to-your-sol-5144131.htm',
          'https://www.transtutors.com/questions/please-provide-a-detailed-response-so-that-i-may-be-able-to-understand-how-you-came--5144130.htm',
          'https://www.transtutors.com/questions/please-malch-cach-scenario-to-the-inflation-term-it-best-cxcmplilies-inlation-dellat-5144129.htm',
          'https://www.transtutors.com/questions/please-look-carefully-i-did-not-understand-pls-10-supply-is-when-all-other-influence-5144128.htm',
          'https://www.transtutors.com/questions/please-ignore-the-first-topic-which-hot-coffe-i-need-answers-for-second-topic-oops-w-5144127.htm',
          'https://www.transtutors.com/questions/please-identify-market-failure-as-demand-or-supply-side-or-neither-public-benefit-of-5144126.htm',
          'https://www.transtutors.com/questions/please-help-me-with-this-series-of-questions-thank-you-very-much-they-are-all-based--5144125.htm',
          'https://www.transtutors.com/questions/please-help-me-with-the-last-one-and-confirm-that-i-got-the-first-two-correct-7-move-5144124.htm',
          'https://www.transtutors.com/questions/please-help-consider-a-one-good-model-of-trade-between-two-countries-demonstrate-gra-5144123.htm',
          'https://www.transtutors.com/questions/can-i-please-have-some-help-i-cannot-seem-to-understand-how-to-solve-this-problem-ho-5144122.htm',
          'https://www.transtutors.com/questions/please-give-an-example-please-don-39-t-use-names-if-it-would-violate-someone-39-s-pr-5144121.htm',
          'https://www.transtutors.com/questions/please-fill-in-the-fifteen-blank-cells-below-classical-neoclassical-marxism-keynesia-5144120.htm',
          'https://www.transtutors.com/questions/please-explain-these-two-questions-for-me-why-the-option-is-right-and-why-the-others-5144119.htm',
          'https://www.transtutors.com/questions/please-explain-the-relationship-among-currency-to-deposit-ratio-and-deposit-creation-5144118.htm',
          'https://www.transtutors.com/questions/please-explain-the-reason-of-this-answer-why-would-it-affect-the-bank-39-s-reserve-r-5144117.htm',
          'https://www.transtutors.com/questions/please-explain-this-question-to-me-and-tell-me-the-process-to-solve-it-thank-you-so--5144116.htm',
          'https://www.transtutors.com/questions/please-explain-the-purchasing-buying-decision-process-when-buying-a-new-car-in-a-b2c-5144115.htm',
          'https://www.transtutors.com/questions/please-explain-in-detail-how-ner-change-in-the-firms-profit-is-found-why-is-701-used-5144114.htm',
          'https://www.transtutors.com/questions/please-explain-the-apic-cycle-and-explain-what-it-is-used-for--5144113.htm',
          'https://www.transtutors.com/questions/please-explain-to-me-why-the-answer-is-b-please-type-down-your-process-and-explanati-5144112.htm',
          'https://www.transtutors.com/questions/please-examine-the-data-below-describing-the-market-for-tomatoes-based-on-this-data--5144111.htm',
          'https://www.transtutors.com/questions/please-examine-the-data-below-describing-the-market-for-oranges-if-the-price-of-oran-5144110.htm',
          'https://www.transtutors.com/questions/please-assist-me-with-answering-the-following-question-please-note-that-i-am-unable--5144109.htm',
          'https://www.transtutors.com/questions/please-answer-this-three-question-1-what-entry-barriers-exist-in-a-the-fast-food-ind-5144108.htm',
          'https://www.transtutors.com/questions/please-answer-all-questions-thanks-you-the-book-used-is-principles-of-economics-page-5144107.htm',
          'https://www.transtutors.com/questions/please-answer-this-question-in-its-entirely-please-explain-carefully-and-show-all-th-5144106.htm',
          'https://www.transtutors.com/questions/please-answer-this-question-in-its-entirely-please-explain-carefully-and-show-all-th-5144105.htm',
          'https://www.transtutors.com/questions/please-answer-the-following-question-on-the-bottom-thank-you-4-why-is-the-mix-of-out-5144104.htm',
          'https://www.transtutors.com/questions/please-answer-the-follow-questions-show-all-the-steps-in-detail-i-need-to-be-able-to-5144103.htm',
          'https://www.transtutors.com/questions/please-answer-asap-find-an-article-that-represents-a-situation-where-there-is-will-b-5144102.htm',
          'https://www.transtutors.com/questions/please-answer-asap-find-an-article-that-represents-a-situation-where-there-is-will-b-5144101.htm',
          'https://www.transtutors.com/questions/player-i-a-3-3-4-2-1-4-player-b-2-0-3-0-1-1-2-1-c-1-1-0-2-strategies-please-write-co-5144100.htm',
          'https://www.transtutors.com/questions/place-the-following-events-in-the-order-they-will-occur-starting-with-the-implementa-5144099.htm',
          'https://www.transtutors.com/questions/place-all-of-the-examples-in-the-most-appropriate-category-capital-flight-brain-drai-5144098.htm',
          'https://www.transtutors.com/questions/pl-this-test-40-pts-p-wws-cusuon-28-of-40-25-complet-suppose-he-price-of-tires-incre-5144097.htm',
          'https://www.transtutors.com/questions/picture-refer-to-the-diagram-in-the-p3p4-price-range-demand-is-of-unit-elasticity-re-5144096.htm',
          'https://www.transtutors.com/questions/personal-income-falls-as-spending-rises-personal-income-fell-0-1-in-august-after-inc-5144095.htm',
          'https://www.transtutors.com/questions/please-draw-the-graph-of-question-2-a-person-with-the-following-utility-function-u--5144094.htm',
          'https://www.transtutors.com/questions/a-person-with-the-following-utility-function-u-x-ln-x-faces-a-world-where-with-proba-5144093.htm',
          'https://www.transtutors.com/questions/a-person-with-the-following-utility-function-u-x-ln-x-faces-a-world-where-with-proba-5144092.htm',
          'https://www.transtutors.com/questions/a-person-with-the-following-utility-function-u-x-following-options-and-initial-wealt-5144091.htm',
          'https://www.transtutors.com/questions/a-person-with-the-following-utility-function-u-x-following-options-and-initial-wealt-5144090.htm',
          'https://www.transtutors.com/questions/a-person-with-the-following-utility-function-u-r-in-x-faces-a-world-where-with-proba-5144089.htm',
          'https://www.transtutors.com/questions/during-periods-of-hyperinflation-money-fails-to-function-as-a-medium-of-exchange-a-u-5144088.htm',
          'https://www.transtutors.com/questions/in-a-perfectly-competitive-industry-losses-result-in-exit-and-release-resources-to-f-5144087.htm',
          'https://www.transtutors.com/questions/under-perfectly-competitive-free-markets-welfare-is-maximized-and-resource-allocatio-5144086.htm',
          'https://www.transtutors.com/questions/under-perfect-competition-firms-39-earning-an-economic-profit-greater-than-zero-will-5144085.htm',
          'https://www.transtutors.com/questions/percentage-of-patients-suffering-from-medical-mistakes-or-errors-in-health-care-deli-5144084.htm',
          'https://www.transtutors.com/questions/as-a-percentage-of-gdp-government-spending-tends-to-increase-during-recessions-and-d-5144083.htm',
          'https://www.transtutors.com/questions/per-capita-gdp-is-per-capita-gdp-is-gdp-divided-by-the-population-gdp-divided-by-a-p-5144082.htm'],
 'project': ['trans'],
 'referring_link': ['https://www.transtutors.com/questions/economics/198/'],
 'spider': ['trans_links']}
2020-02-05 23:30:23 [scrapy.core.engine] DEBUG: Crawled (200) <GET https://www.transtutors.com/questions/economics/200/> (referer: https://www.google.com/) ['cached']
2020-02-05 23:30:23 [scrapy.core.scraper] DEBUG: Scraped from <200 https://www.transtutors.com/questions/economics/199/>
{'category': ['economy'],
 'date': [datetime.datetime(2020, 2, 5, 23, 30, 23, 668731)],
 'link': ['https://www.transtutors.com/questions/pepsi-and-coca-cola-are-choosing-new-flavors-to-introduce-both-consider-a-soda-with--5144081.htm',
          'https://www.transtutors.com/questions/why-do-people-often-hold-money-instead-of-bonds-of-the-two-only-money-is-a-store-of--5144080.htm',
          'https://www.transtutors.com/questions/at-peet-39-s-coffee-when-you-get-cup-of-coffee-for-two-1-bills-money-is-providing-wh-5144079.htm',
          'https://www.transtutors.com/questions/pause-and-solve-acme-delivery-is-considering-tracking-technology-the-system-has-an-e-5144078.htm',
          'https://www.transtutors.com/questions/patented-medicine-the-costs-of-production-4-a-drug-company-has-a-monopoly-of-the-med-5144077.htm',
          'https://www.transtutors.com/questions/for-parts-a-and-b-assume-that-p-1-2-a-show-that-there-does-not-exist-a-separating-pe-5144076.htm',
          'https://www.transtutors.com/questions/participation-in-statewide-pension-plans-by-local-government-employees-is-known-as-a-5144075.htm',
          'https://www.transtutors.com/questions/in-participating-in-the-transaction-between-employing-your-labor-that-is-selling-you-5144074.htm',
          'https://www.transtutors.com/questions/part-a-true-false-why-questions-1-through-5-1-say-that-we-are-looking-at-a-two-playe-5144073.htm',
          'https://www.transtutors.com/questions/part-a-true-false-why-questions-1-through-5-1-recall-that-the-backwards-induction-pr-5144072.htm',
          'https://www.transtutors.com/questions/part-a-true-false-why-questions-1-through-5-1-bob-is-playing-a-normal-form-game-agai-5144071.htm',
          'https://www.transtutors.com/questions/part-i-short-answer-questions-40-points-1-10-points-quality-improvements-in-laptops--5144070.htm',
          'https://www.transtutors.com/questions/in-part-the-increase-in-the-labor-force-participation-rate-in-the-united-states-over-5144069.htm',
          'https://www.transtutors.com/questions/when-part-of-a-bank-loan-does-not-return-to-the-banking-system-but-rather-remains-ou-5144068.htm',
          'https://www.transtutors.com/questions/the-parameter-x-represents-the-high-ability-workers-like-or-dislike-for-not-receivin-5144067.htm',
          'https://www.transtutors.com/questions/paragraph-styles-a-young-student-on-a-tight-budget-is-campaigning-for-a-seat-on-the--5144066.htm',
          'https://www.transtutors.com/questions/part-d-please-paragraph-course-in-florida-and-you-need-to-determine-how-many-golf-ca-5144065.htm',
          'https://www.transtutors.com/questions/what-is-the-paradox-of-thrift-and-why-is-it-relevant-to-economic-growth--5144064.htm',
          'https://www.transtutors.com/questions/paducig-ptodnt-adlhe-cpetitore-isekso-pcodacing-and-his-ptodaet-is-shbshituke-and-he-5144063.htm',
          'https://www.transtutors.com/questions/i-p2-16-jose-39-s-demand-for-good-1-is-given-by-xi-p-p2-1-true-false-or-cannot-be-de-5144062.htm',
          'https://www.transtutors.com/questions/p-take-a-test-neveen-rattu-google-chrome-https-www-mathad-com-student-playertestaspx-5144061.htm',
          'https://www.transtutors.com/questions/pls-help-this-is-hard-to-understand-p-international-treade-proble-5-pointe-osing-the-5144060.htm',
          'https://www.transtutors.com/questions/p-252-2-a-sometimes-our-discussion-of-marginal-cost-and-marginal-revenue-unintention-5144059.htm',
          'https://www.transtutors.com/questions/as-the-owner-of-a-hotel-you-have-decided-to-lower-the-price-for-all-rooms-this-month-5144058.htm',
          'https://www.transtutors.com/questions/output-will-be-the-quantity-4-consumer-surplus-is-maximized-when-price-equals-zero-w-5144057.htm',
          'https://www.transtutors.com/questions/stuck-on-these-problems-please-explain-in-detail-output-per-month-d-b-e-labor-per-mo-5144056.htm',
          'https://www.transtutors.com/questions/outp-er-mooch-16-refer-to-above-figure-which-of-the-following-statements-is-true-a-a-5144055.htm',
          'https://www.transtutors.com/questions/outline-the-duties-and-responsibilities-for-getting-a-new-business-venture-through-f-5144054.htm',
          'https://www.transtutors.com/questions/oty-supplied-millions-of-gals-qty-demanded-millions-of-gals-7-price-per-gallon-1-20--5144053.htm',
          'https://www.transtutors.com/questions/we-otme-suppay-demand-determined-level-of-output-lesson-2-7-absolute-and-relative-pr-5144052.htm',
          'https://www.transtutors.com/questions/ot-secure-eco-210-summer-2019-hybrid-quiz-chapter-5-quiz-graded-conomic-this-questio-5144051.htm',
          'https://www.transtutors.com/questions/in-order-to-close-a-deflationary-gap-the-government-should-use-question-2-options-1--5144050.htm',
          'https://www.transtutors.com/questions/oranges-total-utility-apples-total-utility-units-units-0-0-0-1-22-15-2-41-28-2-58-39-5144049.htm',
          'https://www.transtutors.com/questions/options-complement-or-substitute-recommend-marketing-with-splishy-splashes-yes-or-no-5144048.htm',
          'https://www.transtutors.com/questions/option-n-is-total-output-is-declining-with-each-additional-worker-not-sure-what-the--5144047.htm',
          'https://www.transtutors.com/questions/optimal-price-nice-bikes-inc-recently-reduced-their-prices-by-offering-rebates-of-3--5144046.htm',
          'https://www.transtutors.com/questions/the-optical-products-division-of-panasonic-is-planning-a-3-5-million-building-expans-5144045.htm',
          'https://www.transtutors.com/questions/opportunity-costs-are-very-relevant-and-need-to-be-considered-in-a-business-firm-sin-5144044.htm',
          'https://www.transtutors.com/questions/the-opportunity-cost-is-of-importance-and-valuable-benefits-that-should-be-used-in-b-5144043.htm',
          'https://www.transtutors.com/questions/in-your-opinion-was-terminatiom-well-intentioned-for-native-americans--5144042.htm',
          'https://www.transtutors.com/questions/in-your-opinion-what-imparted-products-or-outsourcing-services-should-be-made-or-pro-5144041.htm',
          'https://www.transtutors.com/questions/in-your-opinion-what-imparted-products-or-outsourcing-services-should-be-made-or-pro-5144040.htm',
          'https://www.transtutors.com/questions/open-question-long-written-answer-30-points-total-1-what-are-world-cities-how-do-th-5144039.htm',
          'https://www.transtutors.com/questions/an-open-economy-interacts-with-the-rest-of-the-world-through-its-involvement-in-worl-5144038.htm',
          'https://www.transtutors.com/questions/opec-deadlocked-on-oil-production-hike-price-dollars-per-barrel-120-oil-prices-excee-5144037.htm',
          'https://www.transtutors.com/questions/oor-tyler-just-wrecked-his-new-nissan-and-the-accident-was-his-fault-the-owner-of-th-5144036.htm',
          'https://www.transtutors.com/questions/ood-luck-question-14-4-pts-which-of-the-following-statements-is-not-correct-about-fr-5144035.htm',
          'https://www.transtutors.com/questions/one-would-suspect-that-new-home-construction-and-sales-depend-on-mortgage-interest-r-5144034.htm',
          'https://www.transtutors.com/questions/one-of-the-ways-that-initial-pollution-rights-can-be-allocated-in-a-cap-and-trade-pr-5144033.htm',
          'https://www.transtutors.com/questions/one-of-the-ways-that-initial-pollution-rights-can-be-allocated-in-a-cap-and-trade-pr-5144032.htm'],
 'project': ['trans'],
 'referring_link': ['https://www.transtutors.com/questions/economics/199/'],
 'spider': ['trans_links']}
2020-02-05 23:30:23 [scrapy.core.engine] DEBUG: Crawled (200) <GET https://www.transtutors.com/questions/economics/201/> (referer: https://www.google.com/) ['cached']
2020-02-05 23:30:23 [scrapy.core.scraper] DEBUG: Scraped from <200 https://www.transtutors.com/questions/economics/200/>
{'category': ['economy'],
 'date': [datetime.datetime(2020, 2, 5, 23, 30, 23, 842774)],
 'link': ['https://www.transtutors.com/questions/is-one-of-the-states-that-has-seen-a-decline-in-population-according-to-the-most-re-5144031.htm',
          'https://www.transtutors.com/questions/one-representative-perfectly-competitive-firm-has-a-long-run-cost-function-given-by--5144030.htm',
          'https://www.transtutors.com/questions/one-representative-perfectly-competitive-firm-has-a-long-run-cost-function-given-by--5144029.htm',
          'https://www.transtutors.com/questions/one-of-the-key-problems-leading-up-the-stock-market-crash-in-october-1929-and-subseq-5144028.htm',
          'https://www.transtutors.com/questions/if-no-one-is-interested-in-borrowing-from-a-bank-a-the-banks-excess-reserves-will-be-5144027.htm',
          'https://www.transtutors.com/questions/one-impact-of-an-import-quota-is-to-a-reduce-both-domestic-production-and-domestic-p-5144026.htm',
          'https://www.transtutors.com/questions/one-factor-that-contributed-to-the-growth-in-share-of-population-employed-in-the-u-s-5144025.htm',
          'https://www.transtutors.com/questions/one-of-the-economic-measures-the-federal-reserve-monitors-is-the-rate-of-inflation-o-5144024.htm',
          'https://www.transtutors.com/questions/oligopolistic-market-yi-each-firm-has-the-n-firms-compete-each-other-with-their-prod-5144023.htm',
          'https://www.transtutors.com/questions/please-help-me-to-answer-these-qu-tion-ofnnc-39-s-discuss-the-change-of-vnd-valus-ag-5144022.htm',
          'https://www.transtutors.com/questions/od-this-is-a-positive-statement-question-23-1-points-allocative-efficiency-exists-in-5144021.htm',
          'https://www.transtutors.com/questions/od-luck-question-23-in-perfect-competition-the-free-market-maximizes-equality-ofalse-5144020.htm',
          'https://www.transtutors.com/questions/od-luck-question-2-4-pts-the-united-states-recently-imposed-import-tariffs-on-foreig-5144019.htm',
          'https://www.transtutors.com/questions/objectives-the-purpose-of-the-assignments-is-to-assess-the-student-39-s-ability-to-a-5144018.htm',
          'https://www.transtutors.com/questions/some-objected-to-the-policy-of-the-u-s-government-quot-bailout-quot-of-the-banks-aig-5144017.htm',
          'https://www.transtutors.com/questions/oarty-emanded-of-apie-using-the-infprmation-plotted-above-what-type-of-relationship--5144016.htm',
          'https://www.transtutors.com/questions/o9-02-68148-take-test-chapter-1-quiz-sum2019-od-supply-oeequality-save-a-5-points-qu-5144015.htm',
          'https://www.transtutors.com/questions/o8-52-6-14-take-test-chapter-1-quiz-sum2019-question-11-a-local-retailer-calls-its--5144014.htm',
          'https://www.transtutors.com/questions/o8-52-6-14-take-test-chapter-1-quiz-sum2019-question-11-a-local-retailer-calls-its--5144013.htm',
          'https://www.transtutors.com/questions/i-need-help-with-all-the-questions-o22-two-airlines-united-and-delta-are-deciding-to-5144012.htm',
          'https://www.transtutors.com/questions/multiple-choices-o-sisu-fefault-surge-pue-sneap-queg-a8-massive-tempora-saaasuay-paj-5144011.htm',
          'https://www.transtutors.com/questions/o-a-productivity-efficiency-and-quality-leadership-o-b-differentiation-cost-leadersh-5144010.htm',
          'https://www.transtutors.com/questions/o-nj-refer-to-the-following-figure-if-this-economy-devotes-all-of-its-resources-to-t-5144009.htm',
          'https://www.transtutors.com/questions/the-npr-podcast-newark-budget-cuts-mean-less-police-presence-is-about-police-budget--5144008.htm',
          'https://www.transtutors.com/questions/note-show-all-of-your-work-to-arrive-at-a-final-result-1-using-the-amounts-in-the-ta-5144007.htm',
          'https://www.transtutors.com/questions/note-the-hypothetical-situation-and-graph-below-are-used-to-answer-questions-15-20-c-5144006.htm',
          'https://www.transtutors.com/questions/notable-economist-milton-friedman-once-said-inflation-is-always-and-everywhere-a-mon-5144005.htm',
          'https://www.transtutors.com/questions/for-normal-goods-the-substitution-and-income-effects-of-a-price-decrease-will-a-the--5144004.htm',
          'https://www.transtutors.com/questions/of-the-non-tariff-barriers-described-in-ch-5-which-one-s-would-you-prefer-the-u-s-pu-5144003.htm',
          'https://www.transtutors.com/questions/of-the-non-tariff-barriers-described-in-ch-5-which-one-s-would-you-prefer-the-u-s-pu-5144002.htm',
          'https://www.transtutors.com/questions/some-non-operating-expenses-for-a-pediatric-urgent-care-chart-with-the-weekly-amount-5144001.htm',
          'https://www.transtutors.com/questions/if-nominal-gdp-was-10-000-billion-in-2002-and-the-price-level-in-2002-was-103-8-then-5144000.htm',
          'https://www.transtutors.com/questions/nmn-1-desc-e-bit-the-o-1-of-saturat-des-and-actor-b-tempe-ns-1-16-management-of-modu-5143999.htm',
          'https://www.transtutors.com/questions/what-is-a-nirobic-package-hiw-it-will-effect-on-the-import-export-subsidies--5143998.htm',
          'https://www.transtutors.com/questions/a-nielsen-survey-estimated-in-the-year-2000-that-the-mean-number-of-hours-of-televis-5143997.htm',
          'https://www.transtutors.com/questions/for-the-next-two-questions-consider-the-made-up-not-to-scale-attached-ppfs-for-japan-5143996.htm',
          'https://www.transtutors.com/questions/the-next-eight-questions-are-based-on-the-following-table-labor-hours-needed-to-make-5143995.htm',
          'https://www.transtutors.com/questions/please-include-a-step-by-step-solution-the-next-3-questions-relate-to-the-following--5143994.htm',
          'https://www.transtutors.com/questions/new-zealand-s-per-capita-income-per-person-average-income-rose-between-the-1950s-and-5143993.htm',
          'https://www.transtutors.com/questions/new-production-technology-for-making-vitamins-is-invented-by-a-college-professor-who-5143992.htm',
          'https://www.transtutors.com/questions/in-the-new-keynesian-model-a-short-run-effect-of-the-fed-buying-bonds-in-the-open-ma-5143991.htm',
          'https://www.transtutors.com/questions/in-the-new-keynesian-model-assume-that-the-goal-of-the-fed-is-to-keep-unemployment-a-5143990.htm',
          'https://www.transtutors.com/questions/the-new-growth-theory-a-applies-to-only-very-poor-less-minus-developed-nations-b-eli-5143989.htm',
          'https://www.transtutors.com/questions/these-tables-may-be-helpful-to-answer-question-4b-on-your-new-graph-show-your-result-5143988.htm',
          'https://www.transtutors.com/questions/would-you-please-explain-all-steps-and-equations-used-thank-you-a-new-bulldbzer-for--5143987.htm',
          'https://www.transtutors.com/questions/in-network-industries-in-which-monopolies-can-be-created-if-network-effects-are-stro-5143986.htm',
          'https://www.transtutors.com/questions/from-neoclassical-theory-where-is-m-ky-seen-on-an-lm-curve-illustrate-and-explain--5143985.htm',
          'https://www.transtutors.com/questions/neha-has-opened-a-new-startup-company-in-web-design-within-the-first-month-of-busine-5143984.htm',
          'https://www.transtutors.com/questions/if-a-negative-real-shock-occurred-in-the-rbc-model-and-the-central-bank-increases-th-5143983.htm',
          'https://www.transtutors.com/questions/i-need-help-solving-this-please-thank-you-catherine-dohanyos-plans-to-retire-in-20-y-5143982.htm'],
 'project': ['trans'],
 'referring_link': ['https://www.transtutors.com/questions/economics/200/'],
 'spider': ['trans_links']}
2020-02-05 23:30:24 [scrapy.core.engine] DEBUG: Crawled (200) <GET https://www.transtutors.com/questions/economics/202/> (referer: https://www.google.com/) ['cached']
2020-02-05 23:30:24 [scrapy.core.scraper] DEBUG: Scraped from <200 https://www.transtutors.com/questions/economics/201/>
{'category': ['economy'],
 'date': [datetime.datetime(2020, 2, 5, 23, 30, 23, 998839)],
 'link': ['https://www.transtutors.com/questions/i-need-help-on-this-question-please-thanks-find-the-monthly-house-payments-necessary-5143981.htm',
          'https://www.transtutors.com/questions/i-need-help-on-this-question-please-thank-you-a-woman-deposits-9000-at-the-end-of-ea-5143980.htm',
          'https://www.transtutors.com/questions/i-need-help-on-this-question-please-thank-you-find-the-price-a-purchaser-should-be-w-5143979.htm',
          'https://www.transtutors.com/questions/i-need-help-on-this-question-please-thank-you-find-the-present-value-of-the-given-fu-5143978.htm',
          'https://www.transtutors.com/questions/i-need-help-on-this-question-please-thank-you-find-the-payment-made-by-the-ordinary--5143977.htm',
          'https://www.transtutors.com/questions/i-need-help-on-this-question-please-thank-you-find-the-future-value-of-the-annuity-d-5143976.htm',
          'https://www.transtutors.com/questions/i-need-help-on-this-question-please-thank-you-find-the-final-amount-in-the-following-5143975.htm',
          'https://www.transtutors.com/questions/i-need-help-on-this-question-please-thank-you-catherine-dohanyos-plans-to-retire-in--5143974.htm',
          'https://www.transtutors.com/questions/i-need-help-on-this-question-5-4-11-please-thank-you-find-the-payment-made-by-the-or-5143973.htm',
          'https://www.transtutors.com/questions/need-help-with-microeconomics-problem-a-common-belief-among-political-analysts-is-th-5143972.htm',
          'https://www.transtutors.com/questions/need-help-with-macroeconomics-questions-1-a-decrease-in-the-price-level-in-the-unite-5143971.htm',
          'https://www.transtutors.com/questions/need-help-answering-questions-12-the-black-hills-and-multiple-choice-questions-8-and-5143970.htm',
          'https://www.transtutors.com/questions/what-is-the-necessary-condition-for-the-pareto-efficient-coordination-of-consumption-5143969.htm',
          'https://www.transtutors.com/questions/the-natural-unemployment-rate-a-is-the-unemployment-rate-when-there-is-no-cyclical-u-5143968.htm',
          'https://www.transtutors.com/questions/the-national-recovery-act-had-many-of-the-hallmarks-of-fascism-in-that-it-dictated-h-5143967.htm',
          'https://www.transtutors.com/questions/the-national-debt-a-is-the-total-amount-of-government-debt-outstanding-b-decreases-w-5143966.htm',
          'https://www.transtutors.com/questions/the-national-accounts-of-parchment-paradise-are-kept-on-you-guessed-it-parchment-ite-5143965.htm',
          'https://www.transtutors.com/questions/nancy-and-bill-are-auto-mechanics-nancy-takes-8-hours-to-replace-a-clutch-and-6-hour-5143964.htm',
          'https://www.transtutors.com/questions/name-student-id-section-money-banks-and-the-federal-reserve-worksheet-2-below-you-ar-5143963.htm',
          'https://www.transtutors.com/questions/name-print-last-name-first-name-section-market-equilibrium-use-the-graph-below-to-an-5143962.htm',
          'https://www.transtutors.com/questions/name-print-last-name-first-name-section-ma-price-ceilings-and-price-floors-use-the-t-5143961.htm',
          'https://www.transtutors.com/questions/name-one-economic-issue-that-you-have-heard-discussed-by-your-friends-coworkers-or--5143960.htm',
          'https://www.transtutors.com/questions/name-one-economic-issue-that-you-have-heard-discussed-by-your-friends-coworkers-or-o-5143959.htm',
          'https://www.transtutors.com/questions/name-june-17-2019-international-economics-sum-mer-2019-total-score-40-part-i-true-or-5143958.htm',
          'https://www.transtutors.com/questions/name-homework-3-class-time-econ-i-if-you-do-not-write-your-name-above-you-will-lose--5143957.htm',
          'https://www.transtutors.com/questions/answer-question-two-please-name-homework-2-elements-of-microeconomics-summer-2019-qu-5143956.htm',
          'https://www.transtutors.com/questions/answer-question-one-please-name-homework-2-elements-of-microeconomics-summer-2019-qu-5143955.htm',
          'https://www.transtutors.com/questions/name-3-external-costs-of-smoking-if-smoking-generates-external-costs-should-smoking--5143954.htm',
          'https://www.transtutors.com/questions/n-six-packs-for-off-premises-consumption-bud-is-the-only-beer-retailer-with-in-town--5143953.htm',
          'https://www.transtutors.com/questions/what-does-the-n-period-constant-cost-efficient-inter-temporal-allocation-mean-the-n--5143952.htm',
          'https://www.transtutors.com/questions/n-4cha-y-mal-ly-iamaw-e-81131-dn57231-wew-mtpsvaohw-10-hours-question-5-the-table-be-5143951.htm',
          'https://www.transtutors.com/questions/there-are-multiple-parts-to-this-question-please-provide-your-answers-on-paper-and-t-5143950.htm',
          'https://www.transtutors.com/questions/multilateral-trade-negotiation-attempts-average-free-trade-area-2-trade-negotiations-5143949.htm',
          'https://www.transtutors.com/questions/multicollinearity-heteroscedasticity-what-are-the-effects-of-failing-to-obey-the-fou-5143948.htm',
          'https://www.transtutors.com/questions/how-much-money-should-be-deposited-annually-in-a-bank-account-for-five-years-if-you--5143947.htm',
          'https://www.transtutors.com/questions/how-much-money-should-be-deposited-annually-in-a-bank-account-for-five-years-if-you--5143946.htm',
          'https://www.transtutors.com/questions/for-much-of-the-last-20-years-china-39-s-gdp-has-grown-around-10-per-year-but-in-rec-5143945.htm',
          'https://www.transtutors.com/questions/a-moving-to-another-question-will-save-this-response-uestion-1-ahmed-deposits-828-to-5143944.htm',
          'https://www.transtutors.com/questions/a-moving-to-another-question-will-save-this-response-stion-7-the-cost-of-constructin-5143943.htm',
          'https://www.transtutors.com/questions/moving-to-another-question-will-save-this-response-stion-1-ahmed-deposits-828-today--5143942.htm',
          'https://www.transtutors.com/questions/a-moving-to-another-question-will-save-this-response-question-b-10-pants-manufacture-5143941.htm',
          'https://www.transtutors.com/questions/moving-to-another-question-will-save-this-response-question-9-mechanical-contractor--5143940.htm',
          'https://www.transtutors.com/questions/a-moving-to-another-question-will-save-this-response-question-7-which-of-the-followi-5143939.htm',
          'https://www.transtutors.com/questions/a-moving-to-another-question-will-save-this-response-question-7-the-amount-of-intere-5143938.htm',
          'https://www.transtutors.com/questions/a-moving-to-another-question-will-save-this-response-question-6-mechanical-contracto-5143937.htm',
          'https://www.transtutors.com/questions/a-moving-to-another-question-will-save-this-response-question-2-ahmed-deposits-558-t-5143936.htm',
          'https://www.transtutors.com/questions/a-moving-to-another-question-will-save-this-response-question-2-of-21-question-2-3-p-5143935.htm',
          'https://www.transtutors.com/questions/a-moving-to-another-question-will-save-this-response-question-17-in-3-years-from-now-5143934.htm',
          'https://www.transtutors.com/questions/a-moving-to-another-question-will-save-this-response-question-13-identify-the-follow-5143933.htm',
          'https://www.transtutors.com/questions/question-12-10-points-save-answer-price-floors-and-quot-aria-describedby-quot-avt-qu-5143932.htm'],
 'project': ['trans'],
 'referring_link': ['https://www.transtutors.com/questions/economics/201/'],
 'spider': ['trans_links']}
2020-02-05 23:30:24 [scrapy.core.engine] DEBUG: Crawled (200) <GET https://www.transtutors.com/questions/economics/203/> (referer: https://www.google.com/) ['cached']
2020-02-05 23:30:24 [scrapy.core.scraper] DEBUG: Scraped from <200 https://www.transtutors.com/questions/economics/202/>
{'category': ['economy'],
 'date': [datetime.datetime(2020, 2, 5, 23, 30, 24, 148504)],
 'link': ['https://www.transtutors.com/questions/moving-to-another-question-will-save-this-response-estion-2-what-compound-interest-r-5143931.htm',
          'https://www.transtutors.com/questions/a-moving-to-another-quesnon-w-ouestion-8-10-points-manufacture-of-tigon-tubing-wants-5143930.htm',
          'https://www.transtutors.com/questions/the-monthly-cost-function-in-dollars-for-a-coffee-maker-factory-is-c-x-where-x-is-th-5143929.htm',
          'https://www.transtutors.com/questions/monthly-commuting-time-partment-rent-hours-1-60-2-800-90-2-200-120-1-500-150-1-400-r-5143928.htm',
          'https://www.transtutors.com/questions/the-monopoly-39-s-profit-maximizing-quantity-is-thousand-units-the-profit-maximizing-5143927.htm',
          'https://www.transtutors.com/questions/a-monopolist-has-a-production-function-q-l-k-27-l-2-2-k-1-where-l-k-is-the-amount-of-5143926.htm',
          'https://www.transtutors.com/questions/a-monopolist-has-a-production-function-q-l-k-27-l-2-2-k-1-where-l-k-is-the-am-5143925.htm',
          'https://www.transtutors.com/questions/a-monopolist-has-a-production-function-27-l-2-k-1-q-l-k-where-l-kis-the-amount-of-la-5143924.htm',
          'https://www.transtutors.com/questions/a-monopolist-has-a-production-function-27-l-2-k-1-q-l-k-where-l-kis-the-amount-of-la-5143923.htm',
          'https://www.transtutors.com/questions/a-monopolist-can-produce-at-marginal-cost-of-mc-5-it-faces-a-market-demand-curve-giv-5143922.htm',
          'https://www.transtutors.com/questions/a-monopolist-can-produce-at-marginal-cost-of-mc-5-it-faces-a-market-demand-curve-giv-5143921.htm',
          'https://www.transtutors.com/questions/a-monopolist-faces-a-market-demand-curve-of-the-form-p-120-0-2q-this-monopolist-has--5143920.htm',
          'https://www.transtutors.com/questions/a-monopolist-is-engaging-in-perfect-price-discrimination-assume-p-600-2q-and-mc-q-wh-5143919.htm',
          'https://www.transtutors.com/questions/if-the-monopolist-engages-in-first-degree-price-discrimination-what-is-the-quantity--5143918.htm',
          'https://www.transtutors.com/questions/if-the-money-wage-rate-increased-from-40-00-to-49-20-an-hour-and-consumer-prices-ros-5143917.htm',
          'https://www.transtutors.com/questions/quot-money-is-more-important-in-keynesian-system-than-in-the-classical-system-quot--5143916.htm',
          'https://www.transtutors.com/questions/money-demand-in-an-economy-in-which-no-interest-is-paid-on-money-is-500-0-2-y-1000-i-5143915.htm',
          'https://www.transtutors.com/questions/monetary-policy-works-to-influence-the-economy-in-a-sequence-of-events-complete-the--5143914.htm',
          'https://www.transtutors.com/questions/the-monetary-policy-instrument-the-federal-reserve-choose-to-use-is-the-a-quantity-o-5143913.htm',
          'https://www.transtutors.com/questions/monetary-policy-you-are-a-governor-on-the-federal-reserve-board-now-indicate-to-the--5143912.htm',
          'https://www.transtutors.com/questions/monetary-policy-actions-and-their-impact-during-the-decade-of-2000-2010-powerpoint-p-5143911.htm',
          'https://www.transtutors.com/questions/the-monetary-base-is-equal-to-the-sum-of-coins-a-currency-and-banks-39-reserves-at-t-5143910.htm',
          'https://www.transtutors.com/questions/how-did-monetarists-prove-keynesians-were-wrong-and-monetarists-were-totally-right-a-5143909.htm',
          'https://www.transtutors.com/questions/how-do-monetarists-following-the-work-of-lucas-define-the-interest-rate-assume-a-dot-5143908.htm',
          'https://www.transtutors.com/questions/a-monapolistxcally-competitive-firm-oil-prod-uce-its-product-as-long-as-the-marginal-5143907.htm',
          'https://www.transtutors.com/questions/module-1-homework-i-save-exit-saved-help-submit-5-one-in-the-news-article-in-the-tex-5143906.htm',
          'https://www.transtutors.com/questions/a-minor-league-baseball-team-raised-the-average-price-of-its-tickets-from-8-to-8-70--5143905.htm',
          'https://www.transtutors.com/questions/minbpr4ce-c-have-caused-a-rise-in-prices-of-airlines-tickets-for-passenger-flights-d-5143904.htm',
          'https://www.transtutors.com/questions/milton-friedman-and-his-wife-anna-schwartz-concluded-that-the-massive-contraction-of-5143903.htm',
          'https://www.transtutors.com/questions/why-do-militant-attacks-in-nigeria-affect-the-price-of-gasoline-in-the-u-s--5143902.htm',
          'https://www.transtutors.com/questions/why-might-price-collusion-occur-in-oligopol-istic-industries-assess-the-economic-des-5143901.htm',
          'https://www.transtutors.com/questions/why-might-a-firm-set-prices-based-on-a-markup-above-average-cost-rather-than-equalis-5143900.htm',
          'https://www.transtutors.com/questions/a-midyear-burst-of-minimum-wage-increases-starts-on-july-1-on-july-1-2016-the-minimu-5143899.htm',
          'https://www.transtutors.com/questions/micro-economics-chap-6-consumer-choices-assignment-2-el-v1s-chais-mur66-your-name-pa-5143898.htm',
          'https://www.transtutors.com/questions/micro-economics-chap-6-coesumer-choices-assignment2-your-nme-flv1s-ca-mur-0-hee-39-s-5143897.htm',
          'https://www.transtutors.com/questions/the-mhs-uses-a-basic-workweek-of-40-hours-thus-one-full-time-employee-works-40-hrs-p-5143896.htm',
          'https://www.transtutors.com/questions/mgmt1iev-question-29-of-30-what-term-is-used-to-describe-the-outsourcing-of-logistic-5143895.htm',
          'https://www.transtutors.com/questions/mgmt-341-eden-s-garden-assignment-fill-in-each-of-the-blank-cells-by-following-the-s-5143894.htm',
          'https://www.transtutors.com/questions/mexico-39-s-gdp-per-capita-in-2018-was-200-000-mexican-pesos-1-pt-estimate-mexico-39-5143893.htm',
          'https://www.transtutors.com/questions/mergers-5-wave-part-1-are-symmetric-and-each-firm-i-has-a-cost-function-given-by-c-q-5143892.htm',
          'https://www.transtutors.com/questions/why-merchandise-trade-balance-and-the-current-account-balance-are-not-good-indicator-5143891.htm',
          'https://www.transtutors.com/questions/mental-imagery-helps-employees-to-select-one-o-a-forget-about-the-task-before-they-a-5143890.htm',
          'https://www.transtutors.com/questions/what-do-meeteren-and-bassens-mean-by-describing-world-cities-as-obligatory-passage-p-5143889.htm',
          'https://www.transtutors.com/questions/the-medicare-trust-fund-is-decreasing-due-to-continued-population-aging-and-declinin-5143888.htm',
          'https://www.transtutors.com/questions/medical-costs-are-once-again-rising-rapidly-forcing-health-care-back-into-political--5143887.htm',
          'https://www.transtutors.com/questions/when-measuring-the-risk-of-an-asset-3-multiple-choice-ints-one-must-measure-the-unce-5143886.htm',
          'https://www.transtutors.com/questions/what-measures-do-you-think-would-be-better-to-compare-the-well-being-of-different-co-5143885.htm',
          'https://www.transtutors.com/questions/measu-x-https-compass2g-illinois-edu-webapps-assessment-take-launchjsp-course-assess-5143884.htm',
          'https://www.transtutors.com/questions/what-is-the-meaning-of-the-supply-curve-is-lower-than-perfectly-elastic--5143883.htm',
          'https://www.transtutors.com/questions/mc-the-monopolist-39-s-marginal-cost-is-constan-10-9-suppose-a-monopoly-faces-the-de-5143882.htm'],
 'project': ['trans'],
 'referring_link': ['https://www.transtutors.com/questions/economics/202/'],
 'spider': ['trans_links']}
2020-02-05 23:30:24 [scrapy.core.engine] DEBUG: Crawled (200) <GET https://www.transtutors.com/questions/economics/204/> (referer: https://www.google.com/) ['cached']
2020-02-05 23:30:24 [scrapy.core.scraper] DEBUG: Scraped from <200 https://www.transtutors.com/questions/economics/203/>
{'category': ['economy'],
 'date': [datetime.datetime(2020, 2, 5, 23, 30, 24, 308022)],
 'link': ['https://www.transtutors.com/questions/what-may-shift-aggregate-supply-to-the-right-thoroughly-explain-its-process--5143881.htm',
          'https://www.transtutors.com/questions/mathxl-com-macroeconomic-principles-ecor-6-17-19-10-37-am-homework-chapter-8-save-hw-5143880.htm',
          'https://www.transtutors.com/questions/mathxl-com-6-17-19-10-34-am-macroeconomic-principles-eco-2013-sect-003-term-2-tr-1-1-5143879.htm',
          'https://www.transtutors.com/questions/mathxl-com-6-17-19-10-31-am-macroeconomic-principles-eco-2013-sect-003-term-2-tr-1-1-5143878.htm',
          'https://www.transtutors.com/questions/what-was-the-mathews-v-eldrige-case-about-was-the-final-result-fair-and-judicious-do-5143877.htm',
          'https://www.transtutors.com/questions/matching-the-concepts-with-their-explanations-a-model-shows-that-bilateral-trade-is--5143876.htm',
          'https://www.transtutors.com/questions/matching-the-concepts-with-their-explanations-a-model-shows-that-bilateral-trade-is--5143875.htm',
          'https://www.transtutors.com/questions/maslow-hierarchy-shows-select-one-a-degrees-of-market-demand-b-steps-in-competency-d-5143874.htm',
          'https://www.transtutors.com/questions/mary-has-decided-that-the-she-does-not-like-iowa-and-has-decided-to-quit-her-job-as--5143873.htm',
          'https://www.transtutors.com/questions/quot-martin-eden-quot-by-jack-london-questions-why-does-martin-eden-feel-uncomforta-5143872.htm',
          'https://www.transtutors.com/questions/how-and-why-did-the-marshall-court-establish-the-national-supremacy-of-the-united-st-5143871.htm',
          'https://www.transtutors.com/questions/the-market-for-wheat-consists-of-500-identical-firms-each-with-the-total-cost-functi-5143870.htm',
          'https://www.transtutors.com/questions/in-a-market-system-if-firms-in-an-industry-persistently-earn-total-revenues-that-are-5143869.htm',
          'https://www.transtutors.com/questions/in-the-market-for-pretzels-which-of-the-following-will-increase-demand-choose-one-or-5143868.htm',
          'https://www.transtutors.com/questions/market-power-refers-to-the-ability-of-a-a-firm-to-charge-a-price-higher-than-the-mar-5143867.htm',
          'https://www.transtutors.com/questions/in-the-market-for-orange-juice-shown-to-the-right-the-government-provides-a-subsidy--5143866.htm',
          'https://www.transtutors.com/questions/in-the-market-for-a-network-good-the-private-demand-curve-lies-to-the-right-of-the-s-5143865.htm',
          'https://www.transtutors.com/questions/market-equilibrium-occurs-when-a-buyers-get-the-lowest-possible-price-b-everyone-who-5143864.htm',
          'https://www.transtutors.com/questions/a-market-is-described-by-the-following-cost-structure-and-demand-equation-c-q-20q220-5143863.htm',
          'https://www.transtutors.com/questions/a-market-is-described-by-the-following-cost-structure-and-demand-equation-c-q-20q2-2-5143862.htm',
          'https://www.transtutors.com/questions/a-market-is-characterized-by-the-following-demand-and-marginal-cost-equations-qd-60--5143861.htm',
          'https://www.transtutors.com/questions/a-market-is-characterized-by-the-following-demand-and-marginal-cost-equations-60-p-2-5143860.htm',
          'https://www.transtutors.com/questions/the-market-for-cashews-is-perfectly-competitive-and-comprised-of-fifty-50-firms-with-5143859.htm',
          'https://www.transtutors.com/questions/need-help-thank-you-in-the-market-for-blue-shirts-if-people-now-prefer-yellow-shirts-5143858.htm',
          'https://www.transtutors.com/questions/by-mark-shenk-u-s-gasoline-use-rising-to-record-this-summer-on-low-prices-by-mark-sh-5143857.htm',
          'https://www.transtutors.com/questions/mark-launders-his-white-clothes-using-the-production-function-q-4b-g-where-b-is-the--5143856.htm',
          'https://www.transtutors.com/questions/maria-should-charge-a-price-of-maria-39-s-maximum-profit-is-b-the-5143855.htm',
          'https://www.transtutors.com/questions/what-is-marginal-revenue-what-is-marginal-cost-why-is-a-monopolist-39-s-marginal-rev-5143854.htm',
          'https://www.transtutors.com/questions/what-is-marginal-revenue-what-is-marginal-cost-why-is-a-monopolist-39-s-marginal-rev-5143853.htm',
          'https://www.transtutors.com/questions/what-is-your-marginal-rate-of-consumption-mpc-if-your-income-increased-1-000-per-mon-5143852.htm',
          'https://www.transtutors.com/questions/marginal-abatements-costs-ton-emissions-tons-week-firm-1-firm-2-firm-3-10-0-0-0-9-4--5143851.htm',
          'https://www.transtutors.com/questions/marginal-abatements-costs-ton-emissions-tons-week-firm-1-firm-2-firm-3-10-0-0-0-9-4--5143850.htm',
          'https://www.transtutors.com/questions/margaret-spends-all-of-her-income-on-t-shirts-x1-and-shoes-x2-her-preferences-can-be-5143849.htm',
          'https://www.transtutors.com/questions/on-march-11-2011-a-devastating-earthquake-and-subsequent-tsunami-struck-japan-causin-5143848.htm',
          'https://www.transtutors.com/questions/many-ways-to-blow-up-an-economy-excessive-stimulus-could-bring-inflation-in-the-unit-5143847.htm',
          'https://www.transtutors.com/questions/how-many-us-dollars-is-this-i-know-it-is-in-polish-zlotys-pln-but-i-am-unsure-what-t-5143846.htm',
          'https://www.transtutors.com/questions/there-are-many-potential-segmentation-variables-but-these-variables-can-be-grouped-i-5143845.htm',
          'https://www.transtutors.com/questions/too-many-mangoes-the-el-ni-o-dry-spell-has-yielded-a-bumper-harvest-of-mangoes-in-th-5143844.htm',
          'https://www.transtutors.com/questions/is-manufacturing-equipment-maintenance-variable-cost-or-fixed-cost--5143843.htm',
          'https://www.transtutors.com/questions/manufacturer-of-tigon-tubing-wants-to-have-3-000-000-avalable10-vears-from-now-so-th-5143842.htm',
          'https://www.transtutors.com/questions/in-the-mankiw-39-s-principles-of-economics-ch-21-consumer-theory-regarding-budget-co-5143841.htm',
          'https://www.transtutors.com/questions/the-manager-of-a-software-company-seeks-to-maximize-profits-by-producing-a-profit-ma-5143840.htm',
          'https://www.transtutors.com/questions/as-the-manager-of-a-monopoly-you-face-potential-government-regulation-your-inverse-d-5143839.htm',
          'https://www.transtutors.com/questions/maklumat-berikut-adalah-merujuk-kepada-fungsi-penggunaan-fungsi-2-a-cukai-fungsi-per-5143838.htm',
          'https://www.transtutors.com/questions/making-an-economic-profit-greater-than-zero-oinaking-an-economic-profit-equal-to-zer-5143837.htm',
          'https://www.transtutors.com/questions/what-makes-the-federal-reserve-so-unique-compared-to-other-central-banks-around-the--5143836.htm',
          'https://www.transtutors.com/questions/to-make-housing-more-affordable-for-residents-of-west-virginia-the-state-government--5143835.htm',
          'https://www.transtutors.com/questions/what-are-the-major-factors-that-determine-the-output-and-employment-level-in-classic-5143834.htm',
          'https://www.transtutors.com/questions/what-are-the-main-reasons-for-the-rapid-development-of-world-trade-since-the-second--5143833.htm',
          'https://www.transtutors.com/questions/what-are-the-main-effects-of-the-industrial-revolution-on-world-trade-what-are-the-m-5143832.htm'],
 'project': ['trans'],
 'referring_link': ['https://www.transtutors.com/questions/economics/203/'],
 'spider': ['trans_links']}
2020-02-05 23:30:24 [scrapy.core.engine] DEBUG: Crawled (200) <GET https://www.transtutors.com/questions/economics/205/> (referer: https://www.google.com/) ['cached']
2020-02-05 23:30:24 [scrapy.core.scraper] DEBUG: Scraped from <200 https://www.transtutors.com/questions/economics/204/>
{'category': ['economy'],
 'date': [datetime.datetime(2020, 2, 5, 23, 30, 24, 482227)],
 'link': ['https://www.transtutors.com/questions/write-a-discussion-of-what-you-see-6-3-2019-the-money-stock-3-909-9-m1-money-stock-m-5143831.htm',
          'https://www.transtutors.com/questions/m-what-is-the-main-objective-of-the-fed-when-implementing-39-tight-monetary-policy-3-5143830.htm',
          'https://www.transtutors.com/questions/has-the-lowest-intra-regional-has-the-highest-intra-regional-trade-and-9-trade-in-th-5143829.htm',
          'https://www.transtutors.com/questions/a-low-cost-airline-operates-a-point-to-point-domestic-air-passenger-network-while-th-5143828.htm',
          'https://www.transtutors.com/questions/lousy-cook-l-6-ann-wants-to-date-bob-ann-may-be-either-a-good-cook-g-or-a-ann-knows--5143826.htm',
          'https://www.transtutors.com/questions/looking-at-the-graph-above-a-how-many-low-skilled-workers-are-unemployed-when-the-mi-5143825.htm',
          'https://www.transtutors.com/questions/when-looking-at-a-country-as-a-market-or-investment-the-international-business-must--5143824.htm',
          'https://www.transtutors.com/questions/look-at-the-following-demand-and-supply-schedules-for-the-new-pepsi-product-just-bei-5143823.htm',
          'https://www.transtutors.com/questions/on-lonn-question-14-of-30-mgmt19126-1-pt-given-an-actual-demand-this-period-of-103-a-5143822.htm',
          'https://www.transtutors.com/questions/a-in-a-long-run-competitive-equilibrium-with-identical-firms-does-the-price-depend-o-5143821.htm',
          'https://www.transtutors.com/questions/the-long-run-aggregate-supply-curve-is-perfectly-vertical-to-both-the-rbc-and-new-ke-5143820.htm',
          'https://www.transtutors.com/questions/locate-a-recent-article-published-within-the-last-year-that-discusses-either-the-pri-5143819.htm',
          'https://www.transtutors.com/questions/local-tv-station-in-view-of-upcom-you-have-the-position-of-political-analyst-at-a-in-5143818.htm',
          'https://www.transtutors.com/questions/local-tv-station-in-view-of-upcom-you-have-the-position-of-political-analyst-at-a-in-5143817.htm',
          'https://www.transtutors.com/questions/a-loan-of-1-100-was-repaid-at-the-end-of-6-months-with-a-check-for-1-130-what-annual-5143816.htm',
          'https://www.transtutors.com/questions/loading-read-eye-on-the-fed-in-a-crisis-then-answer-the-following-question-what-are--5143815.htm',
          'https://www.transtutors.com/questions/lo2-exercises-egn-3203-engineering-economics-simple-and-compound-interest-11-if-a-co-5143814.htm',
          'https://www.transtutors.com/questions/is-lm-fx-model-with-floating-exchange-rate-20-points-3-for-each-of-the-following-sit-5143813.htm',
          'https://www.transtutors.com/questions/from-the-list-on-your-right-select-the-letter-that-contains-the-word-phrase-name-etc-5143812.htm',
          'https://www.transtutors.com/questions/list-the-four-tools-of-monetary-policy-and-briefly-describe-the-usefulness-and-limit-5143811.htm',
          'https://www.transtutors.com/questions/list-and-explain-the-two-different-approaches-used-to-measure-gdp-html-editor-5143810.htm',
          'https://www.transtutors.com/questions/list-and-briefly-explain-the-4-main-elements-we-use-in-marketing-to-carry-out-a-mark-5143809.htm',
          'https://www.transtutors.com/questions/there-are-linkages-between-the-microeconomic-decisions-made-by-managers-and-the-macr-5143808.htm',
          'https://www.transtutors.com/questions/what-is-the-most-likely-reason-neighboring-nations-engage-in-trade-a-labor-availabil-5143807.htm',
          'https://www.transtutors.com/questions/lets-look-at-drug-abuse-on-the-home-setting-what-are-some-of-the-impacts-that-drug-a-5143806.htm',
          'https://www.transtutors.com/questions/let-39-s-assume-that-the-economy-is-above-potential-gdp-if-a-government-uses-a-contr-5143805.htm',
          'https://www.transtutors.com/questions/let-b-be-the-number-of-bicycles-produced-from-f-frames-and-t-tires-every-bicycle-nee-5143804.htm',
          'https://www.transtutors.com/questions/lesson-1-4-specialization-and-trade-tony-can-produce-any-of-the-following-combinatio-5143803.htm',
          'https://www.transtutors.com/questions/please-answer-all-the-following-lesson-1-4-specialization-and-trade-tony-can-produce-5143802.htm',
          'https://www.transtutors.com/questions/leo-is-a-welfare-recipient-who-qualifies-for-two-means-tested-cash-benefit-programs--5143801.htm',
          'https://www.transtutors.com/questions/len-39-s-candle-factory-rents-equipment-for-making-candles-and-hires-students-total--5143800.htm',
          'https://www.transtutors.com/questions/when-the-legal-reserve-requirement-is-lowered-a-the-money-multiplier-increases-and-t-5143799.htm',
          'https://www.transtutors.com/questions/me-left-2-56-27-amal-aldohan-attempt-1-question-1-1-point-use-the-following-informat-5143798.htm',
          'https://www.transtutors.com/questions/what-is-the-law-of-demand-and-how-do-we-illustrate-it-the-law-of-demand-states-that--5143797.htm',
          'https://www.transtutors.com/questions/the-latest-japanese-toy-craze-to-hit-the-u-s-is-fluffy-puppy-and-friends-which-is-ma-5143796.htm',
          'https://www.transtutors.com/questions/in-late-2011-you-are-approached-by-the-hp-inc-cfo-he-is-asking-you-to-assist-with-a--5143795.htm',
          'https://www.transtutors.com/questions/last-year-you-earned-a-nominal-wage-of-10-per-hour-and-the-price-level-was-120-this--5143794.htm',
          'https://www.transtutors.com/questions/last-word-during-the-financial-crisis-of-2007-2008-mutple-choice-but-let-insolvent-f-5143793.htm',
          'https://www.transtutors.com/questions/a-large-electric-utility-company-spews-64-million-tons-of-greenhouse-gases-mostly-ca-5143792.htm',
          'https://www.transtutors.com/questions/does-lag-and-crowding-out-affect-the-explanation-of-the-keynesian-model--5143791.htm',
          'https://www.transtutors.com/questions/in-labour-market-economics-we-initially-assume-that-labour-markets-are-perfectly-com-5143790.htm',
          'https://www.transtutors.com/questions/why-do-labor-unions-in-the-u-s-generally-oppose-free-trade-agreements-a-increased-en-5143789.htm',
          'https://www.transtutors.com/questions/if-labor-39-s-share-of-the-total-cost-is-small-then-the-demand-for-labor-tends-to-be-5143788.htm',
          'https://www.transtutors.com/questions/labor-force-of-an-economy-nber-of-people-nillions-population-over-age-16-249-7-labor-5143787.htm',
          'https://www.transtutors.com/questions/l-m-r-3-4-0-u-5-1-0-0-0-1-d-12-4-0-figure-1-game-a-6-consider-a-repeated-game-in-whi-5143786.htm',
          'https://www.transtutors.com/questions/what-do-you-know-about-scarce-resources-can-you-name-a-few-scarce-resources-and-how--5143785.htm',
          'https://www.transtutors.com/questions/if-you-know-that-your-product-has-elastic-demand-and-you-want-to-increase-your-total-5143784.htm',
          'https://www.transtutors.com/questions/khalifa-has-two-payment-plans-to-buy-a-home-payment-plan-1-pay-aed-160-000-cash-now--5143783.htm',
          'https://www.transtutors.com/questions/khalifa-has-two-payment-plans-to-buy-a-home-payment-plan-1-pay-aed-160-000-cash-now--5143782.htm',
          'https://www.transtutors.com/questions/khalid-39-s-lottery-ticket-and-candy-bar-budget-is-18-a-week-quantity-lottery-ticket-5143781.htm'],
 'project': ['trans'],
 'referring_link': ['https://www.transtutors.com/questions/economics/204/'],
 'spider': ['trans_links']}
2020-02-05 23:30:24 [scrapy.core.engine] DEBUG: Crawled (200) <GET https://www.transtutors.com/questions/economics/206/> (referer: https://www.google.com/) ['cached']
2020-02-05 23:30:24 [scrapy.core.scraper] DEBUG: Scraped from <200 https://www.transtutors.com/questions/economics/205/>
{'category': ['economy'],
 'date': [datetime.datetime(2020, 2, 5, 23, 30, 24, 638188)],
 'link': ['https://www.transtutors.com/questions/from-a-keynesian-perspective-the-result-of-the-fed-39-s-action-will-be-a-an-increase-5143780.htm',
          'https://www.transtutors.com/questions/from-a-keynesian-perspective-the-result-of-the-fed-39-s-action-will-be-a-an-increase-5143779.htm',
          'https://www.transtutors.com/questions/what-are-some-of-the-key-factors-you-would-consider-as-a-manager-to-decide-on-multi--5143778.htm',
          'https://www.transtutors.com/questions/the-key-accounting-equation-on-which-balance-sheets-are-based-is-given-by-o-a-assets-5143777.htm',
          'https://www.transtutors.com/questions/keep-the-highest-9-attempts-7-unexplaited-gains-and-wasted-resaurces-aa-aa-the-follk-5143776.htm',
          'https://www.transtutors.com/questions/keep-the-highest-9-attempts-7-unexplaited-gains-and-wasted-resaurces-aa-aa-the-follk-5143775.htm',
          'https://www.transtutors.com/questions/keep-the-highest-4-attempts-6-the-opportunity-cost-of-shifting-production-choices-aa-5143774.htm',
          'https://www.transtutors.com/questions/keep-the-highest-4-attempts-4-total-and-average-revenue-of-a-monopolist-aa-aa-suppos-5143773.htm',
          'https://www.transtutors.com/questions/keep-the-highest-3-3-4-attempts-33-real-versus-nominal-gdp-consider-a-simple-economy-5143772.htm',
          'https://www.transtutors.com/questions/keep-the-highest-1-attempts-1-sources-of-monopoly-power-a-monopolist-unlike-a-compet-5143771.htm',
          'https://www.transtutors.com/questions/quot-keberkesanan-polisi-kewangan-dalam-ekonomi-yang-mengamalkan-aliran-modal-sempu-5143770.htm',
          'https://www.transtutors.com/questions/kate-runs-the-only-dress-shop-in-hooterville-to-make-a-dress-she-uses-1-worth-of-fab-5143769.htm',
          'https://www.transtutors.com/questions/k-question-11-4-pts-the-united-states-has-a-10-import-tariff-on-aluminum-if-the-gove-5143768.htm',
          'https://www.transtutors.com/questions/k-capita-question-hepe-initially-a-fms-wage-is-w-50-and-its-rental-cost-of-capital-i-5143767.htm',
          'https://www.transtutors.com/questions/on-june-19-2014-koala-inc-issued-a-10-year-bond-with-a-typical-1000-face-value-that--5143766.htm',
          'https://www.transtutors.com/questions/and-for-july-0-4-and-wt-2-0-1-ghts-wt-0-5-wt-1-chart-for-q-7-8-9-month-january-febru-5143765.htm',
          'https://www.transtutors.com/questions/julia-39-s-preferences-for-x-and-y-are-summarized-by-the-following-utility-function--5143764.htm',
          'https://www.transtutors.com/questions/please-explain-why-juice-e-mpts-1-of-b2-soda-15-18-25-the-above-figure-shows-bobby-3-5143763.htm',
          'https://www.transtutors.com/questions/joseph-and-his-wite-matilda-make-182-000-per-year-between-the-two-of-them-will-they--5143762.htm',
          'https://www.transtutors.com/questions/jomsub-jnok-paas-o-2015-1-2013-1-7-210-2014-11-anby-au-u-pajeasne-seod-pue-subnog-ou-5143761.htm',
          'https://www.transtutors.com/questions/john-and-sarah-apply-for-a-loan-and-each-one-gets-10-000-with-annual-interest-rate-o-5143760.htm',
          'https://www.transtutors.com/questions/john-decides-to-make-10-end-of-year-deposits-of-10-000-into-a-fund-starting-one-year-5143759.htm',
          'https://www.transtutors.com/questions/joey-david-tracy-and-surly-own-one-track-bicycle-apiece-and-they-39-ve-each-modified-5143758.htm',
          'https://www.transtutors.com/questions/joe-39-s-income-is-500-the-price-of-food-f-is-2-per-unit-and-the-price-of-shelter-s--5143757.htm',
          'https://www.transtutors.com/questions/joe-is-offered-a-quantity-discount-for-one-of-the-only-two-goods-he-consumes-namely--5143756.htm',
          'https://www.transtutors.com/questions/is-job-specialization-an-advantage-for-a-company-facing-a-stable-environment-explain-5143755.htm',
          'https://www.transtutors.com/questions/should-jim-sell-his-minivan-jim-39-s-1998-minivan-is-quite-functional-but-it-only-av-5143754.htm',
          'https://www.transtutors.com/questions/of-jelly-beans-has-a-cost-function-of-c-q-25-q2-q-and-that-1-suppose-that-each-firm--5143753.htm',
          'https://www.transtutors.com/questions/of-jelly-beans-has-a-cost-function-of-c-g-4-5-suppose-that-each-firm-that-sells-case-5143752.htm',
          'https://www.transtutors.com/questions/jeff-nelson-a-successful-dealer-of-fine-art-has-an-opportunity-to-acquire-an-origina-5143751.htm',
          'https://www.transtutors.com/questions/if-japan-must-give-up-the-production-of-75-computers-to-produce-25-additional-cellul-5143750.htm',
          'https://www.transtutors.com/questions/jane-is-willing-to-pay-4-for-the-first-cup-of-coffee-a-day-2-50-for-the-second-cup-a-5143749.htm',
          'https://www.transtutors.com/questions/jane-is-interested-g-lane-and-the-dealer-bargain-over-the-transaction-price-p-if-the-5143748.htm',
          'https://www.transtutors.com/questions/jack-washes-his-neighbor-tim-s-car-each-week-for-29-jack-s-opportunity-cost-is-21-an-5143747.htm',
          'https://www.transtutors.com/questions/2-macbook-air-ta-600-next-2-of-10-squeuuede-4auou-ea-paual-aq-jenpe-m-sun-auew-moh-4-5143746.htm',
          'https://www.transtutors.com/questions/iv-caleslat-the-inerest-rate-on-usecured-loans-between-bnks-is-called-the-do-1-adoum-5143745.htm',
          'https://www.transtutors.com/questions/iv-decide-what-should-be-done-io-d-here-are-some-recent-tweets-in-which-president-tr-5143744.htm',
          'https://www.transtutors.com/questions/item-billions-of-dollars-consumption-expenditure-7-500-1-300-investment-govenment-ex-5143743.htm',
          'https://www.transtutors.com/questions/on-the-issue-of-free-trade-economists-on-average-strongly-support-strongly-oppose-ar-5143742.htm',
          'https://www.transtutors.com/questions/the-iron-law-of-price-is-that-it-must-rise-before-it-can-fall-when-a-shortage-occurs-5143741.htm',
          'https://www.transtutors.com/questions/iopic-a-price-ceiling-in-the-kidney-market-just-as-some-people-want-to-buy-houses-co-5143740.htm',
          'https://www.transtutors.com/questions/an-investment-pays-1-500-half-of-the-time-and-500-half-of-the-time-its-expected-valu-5143739.htm',
          'https://www.transtutors.com/questions/investment-is-1-10000-0-1y-and-saving-is-s-4500-0-2-y-t-while-t-is-2500-and-the-budg-5143738.htm',
          'https://www.transtutors.com/questions/an-interventionist-believes-that-the-government-can-and-should-intervene-in-the-econ-5143737.htm',
          'https://www.transtutors.com/questions/why-have-international-stock-prices-fallen-as-a-result-of-the-subprime-crisis-in-the-5143736.htm',
          'https://www.transtutors.com/questions/international-economics-international-finance-prof-fabio-d-39-orlando-check-the-appr-5143735.htm',
          'https://www.transtutors.com/questions/international-economics-hw-h-o-model-suppose-that-the-spain-and-germany-have-the-fac-5143734.htm',
          'https://www.transtutors.com/questions/in-interactive-illustration1-channel-margins-circuit-store-sells-the-collarpop-pedom-5143733.htm',
          'https://www.transtutors.com/questions/instructure-com-courses-12838-quizzes-91608-take-question-9-a-decrease-in-market-dem-5143732.htm',
          'https://www.transtutors.com/questions/instructions-only-provide-your-opinions-when-specifically-called-for-in-all-other-ca-5143731.htm'],
 'project': ['trans'],
 'referring_link': ['https://www.transtutors.com/questions/economics/205/'],
 'spider': ['trans_links']}
2020-02-05 23:30:24 [scrapy.core.engine] DEBUG: Crawled (200) <GET https://www.transtutors.com/questions/economics/207/> (referer: https://www.google.com/) ['cached']
2020-02-05 23:30:24 [scrapy.core.scraper] DEBUG: Scraped from <200 https://www.transtutors.com/questions/economics/206/>
{'category': ['economy'],
 'date': [datetime.datetime(2020, 2, 5, 23, 30, 24, 782208)],
 'link': ['https://www.transtutors.com/questions/instructions-fill-in-the-answers-using-a-pen-or-pencil-scan-or-make-a-readable-high--5143730.htm',
          'https://www.transtutors.com/questions/instructions-1-study-the-differences-between-gdp-and-cpi-and-understand-how-the-inde-5143729.htm',
          'https://www.transtutors.com/questions/institutions-that-accept-deposits-from-individuals-and-organizations-against-which-d-5143728.htm',
          'https://www.transtutors.com/questions/inquizitive-chapter-4-elasticity-4-1-what-is-the-price-elasticity-of-demand-and-what-5143727.htm',
          'https://www.transtutors.com/questions/initially-a-firm-39-s-wage-is-wequals-48-and-its-rental-cost-of-capital-is-requals-4-5143726.htm',
          'https://www.transtutors.com/questions/inhabitants-of-pandora-use-stone-beads-as-money-on-average-every-stone-bead-is-used--5143725.htm',
          'https://www.transtutors.com/questions/ing-to-the-uncw-honor-code-and-will-not-utilize-outside-resources-d-luck-question-6-5143724.htm',
          'https://www.transtutors.com/questions/information-search-assignment-i-automobiles-ii-energy-drinks-iii-fast-food-restauran-5143723.htm',
          'https://www.transtutors.com/questions/information-search-assignment-i-automobiles-ii-energy-drinks-iii-fast-food-restauran-5143722.htm',
          'https://www.transtutors.com/questions/information-they-offer-for-the-dry-bullk-markets-l7-being-transported-10-what-are-th-5143721.htm',
          'https://www.transtutors.com/questions/info-i-got-from-answers-i-got-from-earlier-parts-of-this-question-mc-q-500-ac-q-1000-5143720.htm',
          'https://www.transtutors.com/questions/info-i-got-from-answers-i-got-from-earlier-parts-of-this-question-mc-q-500-ac-q-1000-5143719.htm',
          'https://www.transtutors.com/questions/info-i-got-from-answers-i-got-from-earlier-parts-of-this-question-mc-q-500-ac-q-1000-5143718.htm',
          'https://www.transtutors.com/questions/the-influence-of-expansionary-fiscal-policy-on-economy-o-a-alleviated-the-economic-d-5143717.htm',
          'https://www.transtutors.com/questions/inflation-presents-risk-because-1-multiple-choice-points-inflation-is-always-present-5143716.htm',
          'https://www.transtutors.com/questions/inflation-is-defined-as-multiple-choice-a-situation-where-all-prices-in-the-economy--5143715.htm',
          'https://www.transtutors.com/questions/infant-industry-protection-can-be-justified-in-theory-by-a-both-the-learning-by-doin-5143714.htm',
          'https://www.transtutors.com/questions/inequality-of-information-between-supply-and-demand-sides-in-health-care-leads-to-se-5143713.htm',
          'https://www.transtutors.com/questions/an-industry-has-three-firms-each-of-which-produces-output-at-a-constant-unit-cost-of-5143712.htm',
          'https://www.transtutors.com/questions/an-industry-has-three-firms-each-of-which-produces-output-at-a-constant-unit-cost-of-5143711.htm',
          'https://www.transtutors.com/questions/indicate-whether-each-of-the-following-changes-will-increase-or-decrease-the-equilib-5143710.htm',
          'https://www.transtutors.com/questions/indentify-if-the-following-statement-is-true-or-false-and-explain-if-consumption-is--5143709.htm',
          'https://www.transtutors.com/questions/an-incumbent-firm-fim-1-faces-a-potential-entrant-firm-2-with-a-lower-marginal-cost--5143708.htm',
          'https://www.transtutors.com/questions/increasing-the-independence-of-a-central-bank-loading-would-probably-a-allow-the-cen-5143707.htm',
          'https://www.transtutors.com/questions/an-increase-in-taxes-when-the-economy-is-above-full-employment-aggregate-demand-and--5143706.htm',
          'https://www.transtutors.com/questions/an-increase-in-the-supply-of-saving-curve-will-cause-the-equilibrium-interest-rate-t-5143705.htm',
          'https://www.transtutors.com/questions/increase-but-less-than-double-output-question-10-the-downward-sloping-portion-of-a-l-5143704.htm',
          'https://www.transtutors.com/questions/an-increase-in-the-investment-rate-results-in-a-lower-steady-state-capital-stock-and-5143703.htm',
          'https://www.transtutors.com/questions/an-increase-in-the-income-tax-potential-gdp-by-shifting-the-labor-curve--5143702.htm',
          'https://www.transtutors.com/questions/incorporation-clients-considering-structuring-their-new-business-as-a-corporation-ar-5143701.htm',
          'https://www.transtutors.com/questions/why-are-incomes-so-much-unequal-in-poor-nations-than-in-rich-nations-explain-your-an-5143700.htm',
          'https://www.transtutors.com/questions/income-1-use-the-blank-graph-to-draw-budget-constraint-bc1-using-the-following-infor-5143699.htm',
          'https://www.transtutors.com/questions/imported-goods-is-called-a-n-16-a-tax-on-a-luxury-tax-b-excise-tax-c-income-tax-tari-5143698.htm',
          'https://www.transtutors.com/questions/important-i-realize-that-bellow-there-is-a-walkthrough-of-the-problem-and-an-answer--5143697.htm',
          'https://www.transtutors.com/questions/important-i-realize-that-bellow-there-is-a-walkthrough-of-the-problem-and-an-answer--5143696.htm',
          'https://www.transtutors.com/questions/important-i-know-that-i-have-a-walkthrough-of-the-problem-as-well-as-the-answer-belo-5143695.htm',
          'https://www.transtutors.com/questions/important-i-know-that-i-have-a-problem-walkthrough-and-answers-below-but-there-39-s--5143694.htm',
          'https://www.transtutors.com/questions/important-i-know-that-mu-l-mu-k-mrts-i-also-know-that-mu-l-k-2-1-l-and-mu-k-2kl-howe-5143693.htm',
          'https://www.transtutors.com/questions/what-are-some-of-the-most-important-economic-indicators-and-what-does-each-one-tell--5143692.htm',
          'https://www.transtutors.com/questions/important-earlier-i-asked-how-the-person-in-the-walkthrough-bellow-figured-out-the-d-5143691.htm',
          'https://www.transtutors.com/questions/an-important-demographic-change-that-has-affected-labor-supply-over-the-last-three-d-5143690.htm',
          'https://www.transtutors.com/questions/what-will-be-the-impact-of-the-trade-war-with-china-in-2019-i-e-imposed-a-25-tariff--5143689.htm',
          'https://www.transtutors.com/questions/the-impact-of-oil-on-trade-is-immense-and-touches-the-economy-of-every-country-in-th-5143687.htm',
          'https://www.transtutors.com/questions/immigration-reduces-the-wages-of-native-born-american-workers-who-have-low-levels-of-5143686.htm',
          'https://www.transtutors.com/questions/immigration-has-been-an-issue-over-the-last-several-years-discuss-the-us-s-current-l-5143685.htm',
          'https://www.transtutors.com/questions/imagine-that-a-politician-has-been-asked-to-support-the-public-good-proposals-below--5143684.htm',
          'https://www.transtutors.com/questions/imagine-you-are-the-marketing-manager-for-a-u-s-food-product-company-that-is-conside-5143683.htm',
          'https://www.transtutors.com/questions/imagine-that-a-firm-expands-the-size-of-its-plant-doubling-its-total-cost-of-product-5143682.htm',
          'https://www.transtutors.com/questions/illustrating-the-reasons-why-the-firm-might-want-to-sell-the-information-goods-to-gr-5143681.htm',
          'https://www.transtutors.com/questions/illustrating-the-cost-characteristics-of-information-goods-how-these-characteristics-5143680.htm'],
 'project': ['trans'],
 'referring_link': ['https://www.transtutors.com/questions/economics/206/'],
 'spider': ['trans_links']}
2020-02-05 23:30:24 [scrapy.core.engine] DEBUG: Crawled (200) <GET https://www.transtutors.com/questions/economics/208/> (referer: https://www.google.com/) ['cached']
2020-02-05 23:30:24 [scrapy.core.scraper] DEBUG: Scraped from <200 https://www.transtutors.com/questions/economics/207/>
{'category': ['economy'],
 'date': [datetime.datetime(2020, 2, 5, 23, 30, 24, 932465)],
 'link': ['https://www.transtutors.com/questions/illustrating-the-basic-principles-for-designing-a-product-line-of-information-goods--5143679.htm',
          'https://www.transtutors.com/questions/illustrate-the-short-run-effect-and-long-run-effect-equilibrium-of-each-of-the-follo-5143678.htm',
          'https://www.transtutors.com/questions/il-t-mobile-wi-fi-3-05-am-49-attachment-done-monopoly-suppose-that-a-single-firm-fac-5143677.htm',
          'https://www.transtutors.com/questions/ignoring-any-supply-side-effects-suppose-the-government-is-considering-cutting-taxes-5143676.htm',
          'https://www.transtutors.com/questions/identify-several-bi-techniques-and-discuss-how-they-are-used-5143675.htm',
          'https://www.transtutors.com/questions/identify-the-following-statements-are-true-or-false-and-explain-with-mathematic-meth-5143674.htm',
          'https://www.transtutors.com/questions/identify-the-failed-mergers-between-bank-of-america-acquired-merrill-lynch-why-these-5143673.htm',
          'https://www.transtutors.com/questions/identify-each-example-of-a-cost-as-an-internal-cost-or-an-external-one-drag-each-ite-5143672.htm',
          'https://www.transtutors.com/questions/identify-and-discuss-two-u-s-firms-whose-key-characteristics-align-with-your-specifi-5143671.htm',
          'https://www.transtutors.com/questions/identify-some-benefits-and-costs-for-the-host-country-from-allowing-a-multinational--5143670.htm',
          'https://www.transtutors.com/questions/this-is-a-hypothetical-scenario-suppose-the-us-found-new-oil-resource-allowing-the-u-5143669.htm',
          'https://www.transtutors.com/questions/this-is-a-hypothetical-scenario-suppose-the-us-found-new-oil-resource-allowing-the-u-5143668.htm',
          'https://www.transtutors.com/questions/this-is-a-hypothetical-scenario-let-s-assume-that-the-economy-of-a-us-major-trading--5143667.htm',
          'https://www.transtutors.com/questions/hw-score-28-4-of-10-3-complete-score-0-of-1-pt-questio-concept-question-2-1-let-f-be-5143666.htm',
          'https://www.transtutors.com/questions/hw-10-explain-the-phillips-curve-illustrate-that-means-graph-how-the-curve-would-shi-5143665.htm',
          'https://www.transtutors.com/questions/you-hve-saved-7-000-toward-the-purchase-of-a-car-costing-24-000-how-long-will-the-7--5143664.htm',
          'https://www.transtutors.com/questions/human-errors-in-medicine-could-be-minimized-by-all-except-select-one-a-increase-the--5143663.htm',
          'https://www.transtutors.com/questions/hula-products-has-reintroduced-the-hula-hoop-to-the-world-and-faces-a-growing-demand-5143662.htm',
          'https://www.transtutors.com/questions/huitewurr-ch-12-2-taxes-paid-for-a-given-income-level-andrew-is-getting-ready-to-do--5143661.htm',
          'https://www.transtutors.com/questions/https-www-wto-org-english-res-e-statis-e-statis-bis-e-htm-solution-wto-amp-path-dash-5143660.htm',
          'https://www.transtutors.com/questions/https-ims-grantham-edu-webapps-assessment-take-launch-jsp-course-assessment-id-235-t-5143659.htm',
          'https://www.transtutors.com/questions/hr-min-sec-save-answer-stion-20-of-40-consider-the-labeled-areas-on-the-graph-price--5143658.htm',
          'https://www.transtutors.com/questions/homework-hw-6-chapter-7-5-of-10-3-complete-score-0-of-1-pt-text-question-2-11-a-chin-5143657.htm',
          'https://www.transtutors.com/questions/homework-chapter-8-save-14-of-17-11-complete-score-0-of-1-pt-hw-score-64-71-11-of-17-5143656.htm',
          'https://www.transtutors.com/questions/homework-ch-33-6-why-the-aggregate-supply-curve-slopes-upward-in-the-short-run-in-th-5143655.htm',
          'https://www.transtutors.com/questions/homework-ch-12-2-taxes-paid-for-a-given-income-level-shen-is-getting-ready-to-do-his-5143654.htm',
          'https://www.transtutors.com/questions/homework-ch-04-eack-to-aasign-keep-the-highest-05-11-aterepts-9-shilts-in-snsly-or-d-5143653.htm',
          'https://www.transtutors.com/questions/homework-ch-0-beck-to-aignmen-attemats-keep-the-highest-1-1-the-language-of-price-ce-5143652.htm',
          'https://www.transtutors.com/questions/homework-7-1-myeconlab-module-seven-homework-save-score-0-of-6-pts-hw-score-60-18-of-5143651.htm',
          'https://www.transtutors.com/questions/cani-please-have-some-help-with-this-problem-homework-2-1-myeconlab-module-two-homew-5143650.htm',
          'https://www.transtutors.com/questions/homework-help-please-help-i-can-39-t-solve-this-problem-homework-2-1-myeconlab-modul-5143649.htm',
          'https://www.transtutors.com/questions/homework-1-due-in-class-wednesday-june-19-the-development-office-and-the-registrar-h-5143648.htm',
          'https://www.transtutors.com/questions/homework-1-due-in-class-wednesday-june-19-the-development-office-and-the-registrar-h-5143647.htm',
          'https://www.transtutors.com/questions/homer-39-s-donut-shoppe-has-the-production-function-q-1ol-20l-5l-3-the-average-produ-5143646.htm',
          'https://www.transtutors.com/questions/homepage-slate-sheridan-lea-x-aboutblank-15269g-e-content-597320-viewcontent-8053758-5143645.htm',
          'https://www.transtutors.com/questions/home-sharing-businesses-such-as-airbnb-and-vrbo-allow-home-apartment-owners-to-rent--5143643.htm',
          'https://www.transtutors.com/questions/home-sharing-businesses-such-as-airbnb-and-vrbo-allow-home-apartment-owners-to-rent--5143642.htm',
          'https://www.transtutors.com/questions/a-home-mortgage-is-quot-under-water-when-the-amount-of-money-owed-on-it-is-much-grea-5143641.htm',
          'https://www.transtutors.com/questions/a-home-mortgage-is-quot-under-water-when-the-amount-of-money-owed-on-it-is-much-area-5143640.htm',
          'https://www.transtutors.com/questions/higher-profit-i-give-one-strategy-for-firm-2-to-threaten-firm-1-that-can-give-firm-2-5143639.htm',
          'https://www.transtutors.com/questions/high-barriers-to-entry-o-individual-firms-that-are-price-takers-question-2-if-a-firm-5143638.htm',
          'https://www.transtutors.com/questions/hicks-spends-only-shoes-and-bread-he-earns-1-000-and-spends-300-of-his-income-on-buy-5143637.htm',
          'https://www.transtutors.com/questions/hi-can-someone-help-me-sove-this-question-i-have-tried-attempting-it-but-not-sure-if-5143636.htm',
          'https://www.transtutors.com/questions/hi-i-got-a-question-about-the-relation-between-money-stock-and-the-interest-rate-i-3-5143635.htm',
          'https://www.transtutors.com/questions/hello-can-someone-please-help-me-with-this-queshtion-its-3-time-i-post-this-please-t-5143634.htm',
          'https://www.transtutors.com/questions/hello-i-need-an-implicit-cost-and-explicit-cost-introduction-and-outline-5143633.htm',
          'https://www.transtutors.com/questions/hello-i-need-help-with-this-question-bus-econ-5-4-53-please-thank-you-when-albertina-5143632.htm',
          'https://www.transtutors.com/questions/hello-can-i-get-help-with-this-queshtion-heres-the-article-it-39-s-one-queshtion-ask-5143631.htm',
          'https://www.transtutors.com/questions/helen-can-earn-3-interest-in-her-savings-account-her-daughter-roberta-is-11-years-ol-5143630.htm',
          'https://www.transtutors.com/questions/headquartered-in-plainfield-indiana-is-the-chimney-safety-institute-of-america-which-5143629.htm'],
 'project': ['trans'],
 'referring_link': ['https://www.transtutors.com/questions/economics/207/'],
 'spider': ['trans_links']}
2020-02-05 23:30:25 [scrapy.core.engine] DEBUG: Crawled (200) <GET https://www.transtutors.com/questions/economics/209/> (referer: https://www.google.com/) ['cached']
2020-02-05 23:30:25 [scrapy.core.scraper] DEBUG: Scraped from <200 https://www.transtutors.com/questions/economics/208/>
{'category': ['economy'],
 'date': [datetime.datetime(2020, 2, 5, 23, 30, 25, 89455)],
 'link': ['https://www.transtutors.com/questions/headquartered-in-plainfield-indiana-is-the-chimney-safety-institute-of-america-which-5143628.htm',
          'https://www.transtutors.com/questions/do-no-harm-3-attempts-5-working-with-numbers-and-graphs-q5-suppose-the-absolute-pric-5143627.htm',
          'https://www.transtutors.com/questions/what-happens-when-the-hot-handbag-trend-is-to-not-buy-a-new-one-sales-of-premium-han-5143626.htm',
          'https://www.transtutors.com/questions/ham-pork-the-above-figure-shows-larry-39-s-indifference-map-and-budget-lines-for-ham-5143625.htm',
          'https://www.transtutors.com/questions/h-u-x1-x2-x1-x2-1-for-each-of-the-utility-functions-above-nd-the-consumer-39-s-opti--5143624.htm',
          'https://www.transtutors.com/questions/h-u-x1-x2-x1-x2-1-for-each-of-the-utility-functions-above-nd-the-consumer-39-s-opti--5143623.htm',
          'https://www.transtutors.com/questions/use-two-graphs-to-answer-part-3-or-part-iii-guns-600-400-a-800-1200-butter-productio-5143622.htm',
          'https://www.transtutors.com/questions/how-does-gsk-s-guide-to-business-conduct-compare-favorably-unfavorably-to-the-indust-5143621.htm',
          'https://www.transtutors.com/questions/growth-in-gdp-is-another-economic-measure-monitored-by-the-federal-reserve-as-a-rule-5143620.htm',
          'https://www.transtutors.com/questions/has-growing-international-trade-on-balance-benefited-or-harmed-the-economies-of-the--5143619.htm',
          'https://www.transtutors.com/questions/to-grow-pumpkins-ann-leases-1-field-for-80-a-day-and-capital-for-120-a-day-she-hires-5143618.htm',
          'https://www.transtutors.com/questions/please-answer-q-2-3-4-thank-you-gross-domestic-product-transfer-payments-received-by-5143617.htm',
          'https://www.transtutors.com/questions/gross-domestic-product-was-designed-as-a-measure-of-economic-activity-specifically-a-5143616.htm',
          'https://www.transtutors.com/questions/gross-domestic-product-is-defined-to-be-the-market-value-of-all-the-final-goods-and--5143615.htm',
          'https://www.transtutors.com/questions/greenpeace-and-other-protesters-have-for-years-attempted-to-prevent-japanese-whalers-5143614.htm',
          'https://www.transtutors.com/questions/during-the-great-recession-the-u-s-government-took-partial-ownership-of-most-major-i-5143613.htm',
          'https://www.transtutors.com/questions/in-great-detail-describe-a-graph-that-illustrates-increase-in-demand-your-descriptio-5143612.htm',
          'https://www.transtutors.com/questions/the-graph-shows-the-loanable-funds-market-when-there-is-neither-a-government-budget--5143611.htm',
          'https://www.transtutors.com/questions/the-graph-shows-an-economy-below-full-employment-to-restore-full-employment-the-gove-5143610.htm',
          'https://www.transtutors.com/questions/the-graph-shows-the-consumption-function-consumption-expenditure-billions-of-2009-do-5143609.htm',
          'https://www.transtutors.com/questions/the-graph-to-the-right-illustrates-jessica-39-s-preferences-for-pizza-and-coke-using-5143608.htm',
          'https://www.transtutors.com/questions/the-graph-at-right-depicts-a-monopolistically-competitive-fim-in-the-long-run-assume-5143607.htm',
          'https://www.transtutors.com/questions/the-graph-to-the-right-depicts-the-average-total-cost-of-producing-retail-goods-for--5143606.htm',
          'https://www.transtutors.com/questions/graph-input-tool-market-for-labor-in-the-fast-food-industry-wage-dollars-per-hour-16-5143605.htm',
          'https://www.transtutors.com/questions/graph-input-tool-market-for-labor-in-the-fast-food-industry-20-18-wage-dollars-per-h-5143604.htm',
          'https://www.transtutors.com/questions/graph-input-tool-market-for-florida-oranges-50-price-dollars-per-box-15-45-supply-qu-5143603.htm',
          'https://www.transtutors.com/questions/graph-each-event-and-determine-what-happens-to-equilibrium-price-and-quantity-after--5143602.htm',
          'https://www.transtutors.com/questions/graph-each-event-and-determine-what-happens-to-equilibrium-price-and-quantity-after--5143601.htm',
          'https://www.transtutors.com/questions/the-graph-average-total-cost-and-marginal-cost-of-producing-electricity-suppose-the--5143600.htm',
          'https://www.transtutors.com/questions/after-graduating-from-college-you-are-hired-by-the-ford-automobile-company-as-an-eco-5143599.htm',
          'https://www.transtutors.com/questions/grade-it-now-scoring-options-averaging-the-score-that-is-reported-to-your-instructor-5143598.htm',
          'https://www.transtutors.com/questions/most-governments-local-as-well-as-national-will-have-regulations-in-place-to-make-su-5143597.htm',
          'https://www.transtutors.com/questions/if-government-tax-policy-requires-jasmin-to-pay-30-000-in-taxes-on-annual-income-of--5143596.htm',
          'https://www.transtutors.com/questions/if-the-government-quadrupled-the-tax-on-gasoline-i-e-increased-the-tax-by-a-factor-o-5143595.htm',
          'https://www.transtutors.com/questions/why-does-the-government-intervene-in-the-economy-should-they-and-what-would-the-impa-5143594.htm',
          'https://www.transtutors.com/questions/the-government-can-implement-in-the-form-of-to-decrease-the-level-of-aggregate-deman-5143593.htm',
          'https://www.transtutors.com/questions/good-without-any-close-substitutes-likely-to-have-relatively-demand-since-consumers--5143592.htm',
          'https://www.transtutors.com/questions/good-luck-question-8-guatemala-39-s-basket-market-is-shown-below-guatemala-ice-of-de-5143591.htm',
          'https://www.transtutors.com/questions/good-luck-question-20-4-pt-consumer-surplus-equals-the-oamount-received-by-sellers-m-5143590.htm',
          'https://www.transtutors.com/questions/if-you-were-going-to-establish-a-business-would-you-rather-operate-in-an-industry-th-5143589.htm',
          'https://www.transtutors.com/questions/if-the-goal-of-australian-policy-is-to-have-a-positive-impact-on-the-government-s-bu-5143588.htm',
          'https://www.transtutors.com/questions/when-you-go-shopping-i-am-sure-you-do-not-consciously-make-decisions-the-way-you-hav-5143587.htm',
          'https://www.transtutors.com/questions/when-you-go-shopping-i-am-sure-you-do-not-consciously-make-decisions-the-way-you-hav-5143586.htm',
          'https://www.transtutors.com/questions/go-to-the-bea-website-and-find-the-following-information-for-each-year-from-2005-201-5143585.htm',
          'https://www.transtutors.com/questions/answer-gnment-3-on-chapter-3-saved-find-the-present-worth-in-year-o-for-the-cash-flo-5143584.htm',
          'https://www.transtutors.com/questions/the-globalization-debate-many-influential-economists-politicians-and-business-leader-5143583.htm',
          'https://www.transtutors.com/questions/given-real-gdp-in-the-long-run-of-332-consumption-expenditures-of-112-govenment-expe-5143582.htm',
          'https://www.transtutors.com/questions/given-the-rate-per-compounding-period-find-r-the-annual-rate-1-per-month-r-round-to--5143581.htm',
          'https://www.transtutors.com/questions/given-the-quantity-and-total-cost-calculate-for-total-fixed-cost-total-variable-cost-5143580.htm',
          'https://www.transtutors.com/questions/given-the-quantity-and-total-cost-calculate-for-a-total-fixed-cost-the-total-variabl-5143579.htm'],
 'project': ['trans'],
 'referring_link': ['https://www.transtutors.com/questions/economics/208/'],
 'spider': ['trans_links']}
2020-02-05 23:30:25 [scrapy.core.engine] DEBUG: Crawled (200) <GET https://www.transtutors.com/questions/economics/210/> (referer: https://www.google.com/) ['cached']
2020-02-05 23:30:25 [scrapy.core.scraper] DEBUG: Scraped from <200 https://www.transtutors.com/questions/economics/209/>
{'category': ['economy'],
 'date': [datetime.datetime(2020, 2, 5, 23, 30, 25, 265448)],
 'link': ['https://www.transtutors.com/questions/given-the-profit-maximizing-choice-of-output-and-price-the-shop-is-making-negative-p-5143578.htm',
          'https://www.transtutors.com/questions/given-the-monetarists-assumptions-a-decrease-in-m-will-a-increase-v-b-increase-p-c-i-5143577.htm',
          'https://www.transtutors.com/questions/given-the-following-information-below-in-billions-net-domestic-product-is-expenditur-5143576.htm',
          'https://www.transtutors.com/questions/1-2-given-the-following-diagram-15-12-9-6-3-do-0-10-20-30-40-50-quantity-if-the-actu-5143575.htm',
          'https://www.transtutors.com/questions/you-are-given-the-following-data-for-your-firm-which-sells-the-only-commercially-ava-5143574.htm',
          'https://www.transtutors.com/questions/you-are-given-the-following-data-for-your-firm-which-sells-the-only-commercially-ava-5143573.htm',
          'https://www.transtutors.com/questions/you-are-given-the-following-cost-data-total-fixed-costs-are-30-tvc-0-0-1-25-2-50-88--5143572.htm',
          'https://www.transtutors.com/questions/can-you-please-answers-these-four-questions-as-aoin-as-possible-please-and-thank-you-5143571.htm',
          'https://www.transtutors.com/questions/give-an-example-of-how-marketers-analyze-and-interpret-secondary-data-for-internatio-5143570.htm',
          'https://www.transtutors.com/questions/get-a-prolessional-manlcure-question-19-jack-the-orchard-owner-finds-that-when-he-ke-5143569.htm',
          'https://www.transtutors.com/questions/can-i-get-some-feedback-on-how-to-complete-this-problem-homework-7-1-myeconlab-modul-5143568.htm',
          'https://www.transtutors.com/questions/get-dark-ms-nw-mac-ape-i-my-wellbeing-home-anatomy-chapter-3-https-earn-uncw-calculu-5143567.htm',
          'https://www.transtutors.com/questions/germany-and-japan-39-s-rapid-growth-following-the-end-of-world-war-ii-is-an-example--5143566.htm',
          'https://www.transtutors.com/questions/why-has-german-exported-cars-from-u-s-to-china-dropped-379-since-last-year-is-it-pos-5143565.htm',
          'https://www.transtutors.com/questions/george-bluth-the-inventor-and-manufacturer-of-the-wildly-successful-cornballer-machi-5143564.htm',
          'https://www.transtutors.com/questions/generally-serve-s-as-a-mechanism-for-collecting-combining-and-transmitting-informati-5143563.htm',
          'https://www.transtutors.com/questions/generall-13-convenience-samples-are-almost-always-biased-but-voluntary-response-samp-5143562.htm',
          'https://www.transtutors.com/questions/make-a-table-showing-the-following-data-gdp-unemployment-and-inflation-statistics-fo-5143561.htm',
          'https://www.transtutors.com/questions/gdp-does-not-include-gdp-does-not-include-business-investment-overseas-production-of-5143560.htm',
          'https://www.transtutors.com/questions/gasoline-prices-are-typically-higher-during-summer-when-a-lot-of-people-are-on-road--5143559.htm',
          'https://www.transtutors.com/questions/macr-is-gancally-mustrale-preul-poay-cexpanenuy-as-prce-as-ad-ewllenum-ad-athrt-y-yn-5143558.htm',
          'https://www.transtutors.com/questions/gamistan-is-a-small-impoverished-country-in-central-asia-gamistan-has-two-soviet-er-5143557.htm',
          'https://www.transtutors.com/questions/how-does-gamification-influence-consumers-motivation-to-interact-with-brands--5143556.htm',
          'https://www.transtutors.com/questions/which-game-does-not-describe-a-prisoner-39-s-dilemma-outcome-cartel-menbers-attempti-5143555.htm',
          'https://www.transtutors.com/questions/g-fill-in-the-blank-ken-owns-a-billion-dollar-company-and-has-a-wonderful-credit-his-5143554.htm',
          'https://www.transtutors.com/questions/g-edt-vis-window-heips-home-tools-homework-7pdf-3-4-32-000-10-000-nefit-seafch-toois-5143552.htm',
          'https://www.transtutors.com/questions/g-describe-three-ways-in-which-international-banks-can-improve-their-financial-posit-5143551.htm',
          'https://www.transtutors.com/questions/the-funes-from-dry-cleaners-can-contribute-to-air-pollution-suppose-the-following-di-5143550.htm',
          'https://www.transtutors.com/questions/function-of-units-produced-x-given-by-y-39-2-60x-9-marginal-cost-y-39-5x2-find-the-t-5143549.htm',
          'https://www.transtutors.com/questions/frozen-market-assignment-t-125-share-chart-text-shape-media-comment-table-zoom-inser-5143548.htm',
          'https://www.transtutors.com/questions/friedman-s-analysis-indicates-that-a-consequence-of-increased-government-spending-is-5143547.htm',
          'https://www.transtutors.com/questions/which-of-these-frameworks-will-be-used-to-study-firm-success-this-semester-power-and-5143546.htm',
          'https://www.transtutors.com/questions/a-foxm-of-yegulalion-thot-cantrols-a-fixm-39-s-prices-ci-and-profits-6ased-investmen-5143545.htm',
          'https://www.transtutors.com/questions/four-to-five-paragraph-with-proper-sources-and-citation-how-did-slave-systems-differ-5143544.htm',
          'https://www.transtutors.com/questions/the-formulas-for-income-elasticity-of-demand-cross-price-elasticity-of-demand-and-ot-5143543.htm',
          'https://www.transtutors.com/questions/of-all-the-forms-of-development-assistance-which-aid-is-one-of-the-least-efficient-a-5143542.htm',
          'https://www.transtutors.com/questions/ford-1-given-that-a-minor-league-baseball-monopolist-faces-a-market-demand-function--5143541.htm',
          'https://www.transtutors.com/questions/the-fomc-is-the-a-interest-rate-the-fed-most-directly-influences-b-report-the-fed-gi-5143540.htm',
          'https://www.transtutors.com/questions/the-follwing-are-correct-interpretations-about-an-appreciation-of-the-dollar-exchang-5143539.htm',
          'https://www.transtutors.com/questions/which-of-the-followling-is-the-recommended-guideline-for-the-maximum-amount-to-borra-5143538.htm',
          'https://www.transtutors.com/questions/a-the-followings-are-the-information-about-the-critical-activities-for-a-project-at--5143537.htm',
          'https://www.transtutors.com/questions/which-of-the-following-would-be-an-offer-for-a-unilateral-contract-quot-if-you-will--5143536.htm',
          'https://www.transtutors.com/questions/the-following-is-the-only-type-of-financial-instutions-considered-members-of-the-fed-5143535.htm',
          'https://www.transtutors.com/questions/which-of-the-following-is-not-true-of-state-legislative-policy-on-higher-education-s-5143534.htm',
          'https://www.transtutors.com/questions/which-of-the-following-is-true-for-any-risk-averse-person-the-utility-of-the-expecte-5143533.htm',
          'https://www.transtutors.com/questions/which-of-the-following-is-true-for-both-perfectly-competitive-and-monopolistically-c-5143532.htm',
          'https://www.transtutors.com/questions/which-of-the-following-is-true-oa-the-elasticity-of-supply-varies-only-along-upward--5143531.htm',
          'https://www.transtutors.com/questions/which-of-the-following-is-not-true-of-liquidated-damages-o-compensatory-damages-cann-5143530.htm',
          'https://www.transtutors.com/questions/all-of-the-following-are-true-of-duress-except-o-the-deprivation-of-a-meaningful-cho-5143529.htm',
          'https://www.transtutors.com/questions/the-following-table-shows-the-u-s-poverty-thresholds-for-2011-by-size-of-family-and--5143528.htm'],
 'project': ['trans'],
 'referring_link': ['https://www.transtutors.com/questions/economics/209/'],
 'spider': ['trans_links']}
2020-02-05 23:30:25 [scrapy.core.engine] DEBUG: Crawled (200) <GET https://www.transtutors.com/questions/economics/211/> (referer: https://www.google.com/) ['cached']
2020-02-05 23:30:25 [scrapy.core.scraper] DEBUG: Scraped from <200 https://www.transtutors.com/questions/economics/210/>
{'category': ['economy'],
 'date': [datetime.datetime(2020, 2, 5, 23, 30, 25, 438797)],
 'link': ['https://www.transtutors.com/questions/please-graph-computerized-with-clear-coordinations-the-following-table-shows-a-money-5143527.htm',
          'https://www.transtutors.com/questions/the-following-table-shows-madison-39-s-utility-from-consuming-popcorn-and-coke-suppo-5143526.htm',
          'https://www.transtutors.com/questions/the-following-table-represents-the-economic-structure-of-a-monopoly-a-complete-the-t-5143525.htm',
          'https://www.transtutors.com/questions/the-following-table-gives-the-joint-probability-distribution-of-the-speed-of-a-car-c-5143524.htm',
          'https://www.transtutors.com/questions/which-of-the-following-statements-is-true-about-sales-or-use-taxes-oa-clearly-the-pr-5143523.htm',
          'https://www.transtutors.com/questions/which-of-the-following-statements-is-true-of-an-increasing-cost-industry-a-the-entry-5143522.htm',
          'https://www.transtutors.com/questions/which-of-the-following-statements-is-true-a-when-a-firm-lowers-the-price-of-its-prod-5143521.htm',
          'https://www.transtutors.com/questions/which-of-the-following-statements-about-sulfur-dioxide-so2-is-true-it-is-a-main-prec-5143520.htm',
          'https://www.transtutors.com/questions/the-following-are-statements-consistent-with-the-segmented-markets-theory-of-the-ter-5143519.htm',
          'https://www.transtutors.com/questions/the-following-are-some-of-the-reasons-for-why-commercial-banking-has-been-negatively-5143518.htm',
          'https://www.transtutors.com/questions/do-the-following-production-functions-have-increasing-decreasing-or-constant-returns-5143517.htm',
          'https://www.transtutors.com/questions/which-of-the-following-production-functions-exhibits-constant-returns-to-scale-i-q-k-5143516.htm',
          'https://www.transtutors.com/questions/the-following-are-some-of-the-possible-contributing-factors-leading-to-the-us-financ-5143515.htm',
          'https://www.transtutors.com/questions/which-of-the-following-is-a-positive-economic-statement-a-too-much-government-spendi-5143514.htm',
          'https://www.transtutors.com/questions/which-of-the-following-are-policy-tools-used-by-the-federal-reserve-i-the-federal-pe-5143513.htm',
          'https://www.transtutors.com/questions/which-of-the-following-policies-follows-the-ability-to-pay-principle-o-a-the-u-s-inc-5143512.htm',
          'https://www.transtutors.com/questions/the-following-is-a-payoff-matrix-showing-profit-in-millions-of-dollars-when-two-comp-5143511.htm',
          'https://www.transtutors.com/questions/the-following-is-a-payoff-matrix-showing-a-profit-in-millions-of-dollars-when-two-co-5143510.htm',
          'https://www.transtutors.com/questions/the-following-is-a-payoff-matrix-showing-profit-in-millions-of-dollars-when-two-comp-5143509.htm',
          'https://www.transtutors.com/questions/the-following-are-multiple-choice-questions-1-suppose-nominal-gdp-increases-ina-give-5143508.htm',
          'https://www.transtutors.com/questions/the-following-monthly-demand-and-supply-equations-for-dvd-players-in-a-market-are-gi-5143507.htm',
          'https://www.transtutors.com/questions/the-following-monthly-demand-and-supply-equations-for-dvd-players-in-a-market-are-gi-5143506.htm',
          'https://www.transtutors.com/questions/which-of-the-following-might-occur-if-the-tariff-on-imported-cars-were-raised-the-do-5143505.htm',
          'https://www.transtutors.com/questions/which-of-the-following-might-be-a-goal-of-a-union-a-increasing-the-size-of-the-union-5143504.htm',
          'https://www.transtutors.com/questions/which-of-the-following-is-not-a-measure-of-the-value-of-the-firm-according-to-that-m-5143503.htm',
          'https://www.transtutors.com/questions/which-of-the-following-is-most-likely-to-be-a-counter-cyclic-good-the-dollar-store-a-5143502.htm',
          'https://www.transtutors.com/questions/which-of-the-following-is-most-likely-to-change-the-demand-curve-for-a-product-a-red-5143501.htm',
          'https://www.transtutors.com/questions/the-following-are-key-recent-trends-in-the-operation-and-structure-of-commercial-ban-5143500.htm',
          'https://www.transtutors.com/questions/the-following-are-key-recent-trends-in-the-operation-and-structure-of-commercial-ban-5143499.htm',
          'https://www.transtutors.com/questions/the-following-are-key-recent-trends-in-the-operation-and-structure-of-commercial-ban-5143498.htm',
          'https://www.transtutors.com/questions/from-the-following-information-on-costs-of-production-calculate-total-fixed-cost-tot-5143497.htm',
          'https://www.transtutors.com/questions/which-of-the-following-are-included-in-interest-income-i-payments-made-for-the-use-o-5143496.htm',
          'https://www.transtutors.com/questions/for-the-following-identify-the-effect-on-the-supply-and-the-demand-curve-and-on-the--5143495.htm',
          'https://www.transtutors.com/questions/for-the-following-identify-the-effect-on-the-supply-and-the-demand-curve-and-on-the--5143494.htm',
          'https://www.transtutors.com/questions/for-the-following-identify-the-effect-on-the-supply-and-the-demand-curve-and-on-the--5143493.htm',
          'https://www.transtutors.com/questions/for-the-following-identify-the-effect-on-the-supply-and-the-demand-curve-and-on-the--5143492.htm',
          'https://www.transtutors.com/questions/the-following-hypothetical-production-possibilities-tables-are-for-china-and-the-uni-5143491.htm',
          'https://www.transtutors.com/questions/we-were-unable-to-transcribe-this-imageon-the-following-graph-use-the-blue-points-ci-5143490.htm',
          'https://www.transtutors.com/questions/the-following-graph-shows-the-market-demand-and-cost-of-production-in-the-long-run-i-5143489.htm',
          'https://www.transtutors.com/questions/the-following-graph-shows-the-demand-marginal-private-benefits-or-mpb-and-supply-mar-5143488.htm',
          'https://www.transtutors.com/questions/the-following-graph-shows-the-demand-d-for-gas-services-in-a-particular-town-the-gra-5143487.htm',
          'https://www.transtutors.com/questions/the-following-graph-shows-the-demand-d-for-electricity-services-in-a-particular-town-5143486.htm',
          'https://www.transtutors.com/questions/the-following-graph-displays-four-demand-curves-ll-mm-nn-and-00-that-intersect-at-po-5143485.htm',
          'https://www.transtutors.com/questions/which-of-the-following-firms-would-be-able-to-price-discriminate-most-successfully-a-5143484.htm',
          'https://www.transtutors.com/questions/the-answer-is-b-please-explain-in-the-following-figure-consumer-surplus-associated-w-5143483.htm',
          'https://www.transtutors.com/questions/the-following-factors-will-tend-to-increase-the-expected-nominal-return-on-a-particu-5143482.htm',
          'https://www.transtutors.com/questions/the-following-factors-will-tend-to-increase-the-expected-nominal-return-on-a-particu-5143481.htm',
          'https://www.transtutors.com/questions/the-following-factors-will-tend-to-increase-the-expected-nominal-return-on-a-particu-5143480.htm',
          'https://www.transtutors.com/questions/which-of-the-following-factors-of-production-flow-the-least-freely-between-countries-5143479.htm',
          'https://www.transtutors.com/questions/the-following-factors-could-likely-cause-an-increase-in-the-current-total-demand-for-5143478.htm'],
 'project': ['trans'],
 'referring_link': ['https://www.transtutors.com/questions/economics/210/'],
 'spider': ['trans_links']}
2020-02-05 23:30:25 [scrapy.core.engine] DEBUG: Crawled (200) <GET https://www.transtutors.com/questions/economics/212/> (referer: https://www.google.com/) ['cached']
2020-02-05 23:30:25 [scrapy.core.scraper] DEBUG: Scraped from <200 https://www.transtutors.com/questions/economics/211/>
{'category': ['economy'],
 'date': [datetime.datetime(2020, 2, 5, 23, 30, 25, 595507)],
 'link': ['https://www.transtutors.com/questions/the-following-factors-could-lead-to-a-dollar-appreciation-in-the-long-run-except-que-5143477.htm',
          'https://www.transtutors.com/questions/the-following-factors-could-increase-the-money-multiplier-effect-of-banking-operatio-5143476.htm',
          'https://www.transtutors.com/questions/the-following-will-be-the-the-expected-short-term-impact-of-a-us-monetary-expansion--5143475.htm',
          'https://www.transtutors.com/questions/the-following-are-examples-of-financial-intermediaries-except-question-1-options-com-5143474.htm',
          'https://www.transtutors.com/questions/all-of-the-following-are-examples-of-the-costs-of-economic-growth-except-o-a-the-ski-5143473.htm',
          'https://www.transtutors.com/questions/which-of-the-following-is-an-example-of-protectionism-multiple-choice-the-intense-co-5143472.htm',
          'https://www.transtutors.com/questions/which-of-the-following-is-an-example-of-an-efficiency-wage-a-a-high-wage-paid-to-com-5143471.htm',
          'https://www.transtutors.com/questions/which-of-the-following-events-would-cause-a-rightward-shift-in-the-supply-curve-for--5143470.htm',
          'https://www.transtutors.com/questions/which-of-the-following-does-economics-not-predict-will-be-a-consequence-of-a-governm-5143469.htm',
          'https://www.transtutors.com/questions/the-following-diagram-shows-the-domestic-demand-and-domestic-supply-curves-in-a-mark-5143468.htm',
          'https://www.transtutors.com/questions/the-following-diagram-shows-the-cost-structure-of-a-monopoly-firm-explain-your-answe-5143467.htm',
          'https://www.transtutors.com/questions/from-the-following-data-total-orders-q-of-workers-l-of-machines-k-18-1-22-2-1-26-1-2-5143466.htm',
          'https://www.transtutors.com/questions/the-following-are-correct-statements-related-to-the-yield-curve-except-question-8-op-5143465.htm',
          'https://www.transtutors.com/questions/the-following-are-correct-interpretations-of-the-taylor-rule-except-question-21-opti-5143464.htm',
          'https://www.transtutors.com/questions/the-following-are-correct-interpretations-of-the-taylor-rule-except-question-21-opti-5143463.htm',
          'https://www.transtutors.com/questions/the-following-are-correct-descriptions-about-the-ytm-for-a-bond-except-ytm-yield-to--5143462.htm',
          'https://www.transtutors.com/questions/the-following-are-correct-descriptions-about-general-characteristics-of-bonds-except-5143461.htm',
          'https://www.transtutors.com/questions/which-of-the-following-is-correct-a-studies-of-the-effects-of-the-minimum-wage-typic-5143460.htm',
          'https://www.transtutors.com/questions/the-following-are-considered-part-of-the-benefits-generated-by-the-existence-of-fina-5143458.htm',
          'https://www.transtutors.com/questions/which-of-the-following-is-considered-a-quot-hard-quot-influence-tactic-providing-chi-5143457.htm',
          'https://www.transtutors.com/questions/which-of-the-following-is-not-a-condition-for-the-existence-of-perfect-competition-1-5143456.htm',
          'https://www.transtutors.com/questions/which-of-the-following-companies-is-most-likely-to-face-the-most-inelastic-demand-sh-5143455.htm',
          'https://www.transtutors.com/questions/which-of-the-following-is-a-common-response-to-currency-devaluation-a-nationalizatio-5143454.htm',
          'https://www.transtutors.com/questions/in-both-of-the-following-cases-identify-the-type-of-externality-that-led-policy-make-5143453.htm',
          'https://www.transtutors.com/questions/which-of-the-following-is-the-best-example-of-hyperinflation-oa-nation-stops-printin-5143452.htm',
          'https://www.transtutors.com/questions/which-of-the-following-best-describes-opportunity-costs-it-is-the-value-of-any-activ-5143451.htm',
          'https://www.transtutors.com/questions/which-of-the-following-is-an-assumption-used-when-drawing-a-production-possibilities-5143450.htm',
          'https://www.transtutors.com/questions/for-each-of-the-following-annuities-calculate-5-calculating-annuity-cash-flows-the-a-5143449.htm',
          'https://www.transtutors.com/questions/for-each-of-the-following-annuities-calculate-5-calculating-annuity-cash-flows-the-a-5143448.htm',
          'https://www.transtutors.com/questions/the-followin-ure-shows-an-individual-39-s-total-cost-of-renting-four-apartments-loca-5143447.htm',
          'https://www.transtutors.com/questions/the-folllwing-are-correct-descriptions-about-the-interest-rate-and-the-fisher-equati-5143446.htm',
          'https://www.transtutors.com/questions/the-folllwing-are-correct-descriptions-about-the-interest-rate-and-the-fisher-equati-5143445.htm',
          'https://www.transtutors.com/questions/focus-on-the-difference-between-feasible-alternatives-principle-2-l-insulated-concre-5143444.htm',
          'https://www.transtutors.com/questions/focus-on-the-difference-between-feasible-alternatives-principle-2-insulated-concrete-5143443.htm',
          'https://www.transtutors.com/questions/foce-completion-this-test-can-be-saved-and-lk-remaining-time-46-minutes-58-seconds-1-5143442.htm',
          'https://www.transtutors.com/questions/under-a-flexible-exchange-rate-regime-the-government-decides-to-conduct-expansionary-5143441.htm',
          'https://www.transtutors.com/questions/fiscal-policy-is-the-use-of-the-federal-budget-to-a-achieve-the-macroeconomic-object-5143440.htm',
          'https://www.transtutors.com/questions/what-is-the-leverage-ratio-of-the-national-bank-first-national-bank-assets-liabiliti-5143439.htm',
          'https://www.transtutors.com/questions/a-firms-production-is-represented-by-the-following-cobb-douglas-function-q-2k-1-3-l--5143438.htm',
          'https://www.transtutors.com/questions/please-indicated-each-statement-as-correct-or-incorrect-firms-are-able-to-price-disc-5143437.htm',
          'https://www.transtutors.com/questions/if-a-firm-triples-3x-in-size-and-output-triples-3x-what-is-the-returns-to-scale--5143436.htm',
          'https://www.transtutors.com/questions/a-firm-produces-output-according-to-the-following-function-q-f-l-k-l-1-2k-3-2-the-co-5143435.htm',
          'https://www.transtutors.com/questions/the-firm-can-offer-different-versions-to-different-groups-illustrating-the-dimension-5143434.htm',
          'https://www.transtutors.com/questions/a-firm-must-decide-which-of-four-alternatives-shown-below-should-be-adopted-to-expan-5143433.htm',
          'https://www.transtutors.com/questions/a-firm-with-market-power-has-an-individual-consumer-demand-of-q-20-4p-and-costs-of-c-5143432.htm',
          'https://www.transtutors.com/questions/should-a-firm-making-a-loss-in-the-short-run-always-leave-the-market-why-or-why-not--5143431.htm',
          'https://www.transtutors.com/questions/each-firm-faces-different-costs-so-reducing-pollution-is-more-difficult-for-some-fir-5143430.htm',
          'https://www.transtutors.com/questions/a-firm-experiences-diminishing-returns-because-all-factors-of-production-are-variabl-5143429.htm',
          'https://www.transtutors.com/questions/of-a-firm-had-complete-the-principal-agent-problem-would-not-occur-if-information-ab-5143428.htm',
          'https://www.transtutors.com/questions/firm-a-build-aircraft-don-39-t-build-i0-10-25-25-a-refer-to-the-payoff-matrix-gven-a-5143427.htm'],
 'project': ['trans'],
 'referring_link': ['https://www.transtutors.com/questions/economics/211/'],
 'spider': ['trans_links']}
2020-02-05 23:30:25 [scrapy.core.engine] DEBUG: Crawled (200) <GET https://www.transtutors.com/questions/economics/213/> (referer: https://www.google.com/) ['cached']
2020-02-05 23:30:25 [scrapy.core.scraper] DEBUG: Scraped from <200 https://www.transtutors.com/questions/economics/212/>
{'category': ['economy'],
 'date': [datetime.datetime(2020, 2, 5, 23, 30, 25, 747973)],
 'link': ['https://www.transtutors.com/questions/find-the-sum-of-the-given-finite-geometric-series-5-5-5-5-7-16-64-5-16384-the-sum-of-5143426.htm',
          'https://www.transtutors.com/questions/answer-find-the-present-worth-at-time-0-of-the-chrome-plating-costs-shown-in-the-cas-5143425.htm',
          'https://www.transtutors.com/questions/find-all-nash-equilibrium-s-of-the-following-game-boh-bob-a-l-4-6-m5-4-b-c-a-b-c-2-5-5143424.htm',
          'https://www.transtutors.com/questions/find-all-nash-equilibrium-s-of-the-following-game-boh-bob-a-l-4-6-m5-4-b-c-a-b-c-2-5-5143423.htm',
          'https://www.transtutors.com/questions/find-a-journal-article-online-about-managing-or-analyzing-long-term-debt-paying-abil-5143422.htm',
          'https://www.transtutors.com/questions/what-is-financial-stability-what-actions-has-the-fed-taken-since-2007-in-pursuit-of--5143421.htm',
          'https://www.transtutors.com/questions/what-is-financial-stability-what-actions-has-the-fed-taken-since-2007-in-pursuit-of--5143420.htm',
          'https://www.transtutors.com/questions/this-was-a-financial-innovation-that-has-allowed-banks-to-reduce-risk-in-the-issue-o-5143419.htm',
          'https://www.transtutors.com/questions/fill-in-the-blankss-to-make-the-following-statements-correct-monetary-equilibrium-de-5143418.htm',
          'https://www.transtutors.com/questions/fill-in-the-blanks-in-the-following-table-to-answer-the-questions-below-a-tb-tc-nb-m-5143417.htm',
          'https://www.transtutors.com/questions/fill-in-the-blanks-to-complete-the-explanation-of-how-inflation-and-deflation-affect-5143416.htm',
          'https://www.transtutors.com/questions/how-do-i-figure-out-if-the-firm-should-shut-down-or-produce-question-4-32-points-the-5143414.htm',
          'https://www.transtutors.com/questions/what-is-the-figure-of-the-entrepreneur-2-paragraphes-with-r-f-rence-please-5143412.htm',
          'https://www.transtutors.com/questions/figure-b-figure-a-price-price-p3-p1-d3-d3-p2-d2-d1-p1-d2-d1-q3-q2-quantity-q-quantit-5143411.htm',
          'https://www.transtutors.com/questions/figure-b-figure-a-price-price-p3-p-p2-d3-d3-d2-p-d2-q3-q2-q1-q1-quantity-quantity-re-5143410.htm',
          'https://www.transtutors.com/questions/figure-9-5-price-and-cost-mc-atc-avc-20-mr-15-14-11-1-100-1-350-quantity-750-1-800-f-5143409.htm',
          'https://www.transtutors.com/questions/figure-9-1-potential-gdp-45-6-000-c-i-x-im-5-000-4-000-3-000-2-000-3-000-4-000-5-000-5143408.htm',
          'https://www.transtutors.com/questions/figure-8-5-costs-e-per-unit-g-quantity-of-output-64-refer-to-figure-8-5-identify-the-5143407.htm',
          'https://www.transtutors.com/questions/figure-4-suppose-a-firm-operating-in-a-competitive-market-has-the-following-cost-cur-5143406.htm',
          'https://www.transtutors.com/questions/figure-4-6-price-per-pound-s-supply-a-p2-b-c-p-e-d-po-g-demand-quantity-of-granola-i-5143405.htm',
          'https://www.transtutors.com/questions/figure-4-25-price-e-c-pa-f-g-h-quantity-figure-4-25-after-the-tax-is-levied-producer-5143403.htm',
          'https://www.transtutors.com/questions/figure-3-suppose-a-firm-operating-in-a-competitive-market-has-the-following-cost-cur-5143402.htm',
          'https://www.transtutors.com/questions/figure-27-1-the-figure-shows-a-utility-function-0-wealth-400-600-800-refer-to-figure-5143401.htm',
          'https://www.transtutors.com/questions/figure-22-6-england-honduras-bananas-ba-as-from-the-graph-in-figure-22-6-the-opportu-5143400.htm',
          'https://www.transtutors.com/questions/figure-20-7-ae-ae2-ae-u-s-real-gdp-in-figure-20-7-there-are-three-aggregate-expendit-5143399.htm',
          'https://www.transtutors.com/questions/figure-20-6-as-as-e-g-ads-ad2-ad-u-s-gdp-in-figure-20-6-which-point-represents-equil-5143398.htm',
          'https://www.transtutors.com/questions/figure-2-15-sofe-1000-soea-700-s00-400-300-200-300-aoe-a00-300-00-s00-60e-ro0-e00-99-5143397.htm',
          'https://www.transtutors.com/questions/figure-2-15-sofas-100-sd-bluode-t-n-odt-900-a-800-700-600-c4-w-500-400-300-200-100-t-5143396.htm',
          'https://www.transtutors.com/questions/figure-17-8-e-unemployment-rate-in-figure-17-8-which-of-the-following-movements-refl-5143395.htm',
          'https://www.transtutors.com/questions/figure-17-8-b-unemployment-rate-in-figure-17-8-which-of-the-following-movements-illu-5143394.htm',
          'https://www.transtutors.com/questions/pls-help-me-answer-this-ques-as-soon-as-possible-a-figure-1-4-show-the-ev-earned-val-5143393.htm',
          'https://www.transtutors.com/questions/fest-naveen-rattu-google-chrome-s-www-mathod-com-student-playertest-aspx-testld-2017-5143392.htm',
          'https://www.transtutors.com/questions/how-do-you-feel-about-the-impact-of-the-trump-tax-cut-do-you-support-it-state-why-or-5143391.htm',
          'https://www.transtutors.com/questions/the-federal-tax-code-allows-businesses-but-not-individuals-to-deduct-the-cost-of-hea-5143390.htm',
          'https://www.transtutors.com/questions/if-the-federal-government-was-required-to-balance-its-budget-question-3-options-1-di-5143389.htm',
          'https://www.transtutors.com/questions/federal-funds-rate-percent-per-year-the-graph-shows-the-demand-curve-for-bank-reserv-5143388.htm',
          'https://www.transtutors.com/questions/the-fed-has-regulatory-power-and-can-change-the-reserve-ratio-requirement-for-banks--5143387.htm',
          'https://www.transtutors.com/questions/you-are-a-farmer-and-you-currently-produce-corn-on-your-land-the-price-of-wheat-incr-5143386.htm',
          'https://www.transtutors.com/questions/the-only-factor-that-can-directly-cause-a-change-in-the-quantity-demanded-of-a-good--5143385.htm',
          'https://www.transtutors.com/questions/facing-a-negative-aggregate-demand-shock-the-central-bank-of-guatemala-has-chosen-to-5143384.htm',
          'https://www.transtutors.com/questions/fa-company-is-all-equitty-financed-there-wouls-mdditional-funds-needed-quot-its-fanc-5143383.htm',
          'https://www.transtutors.com/questions/f-there-is-an-increase-in-the-risk-of-default-for-corporate-bonds-relative-to-us-tre-5143382.htm',
          'https://www.transtutors.com/questions/external-financing-by-in-industrialized-countries-because-information-about-private--5143381.htm',
          'https://www.transtutors.com/questions/exporting-is-usually-the-most-complicated-and-most-risky-method-of-global-marketing--5143380.htm',
          'https://www.transtutors.com/questions/explain-in-words-the-importance-of-the-mpc-to-the-multiplier-effect-of-an-increase-i-5143379.htm',
          'https://www.transtutors.com/questions/explain-how-you-can-use-arbitrage-in-the-foreign-exchange-markets-to-make-a-riskless-5143378.htm',
          'https://www.transtutors.com/questions/explain-a-s-a-p-in-your-own-words-with-reference-to-specific-examples-of-advanced-pr-5143377.htm',
          'https://www.transtutors.com/questions/explain-the-self-reinforcing-cycle-and-why-it-has-negative-implications-for-the-econ-5143376.htm',
          'https://www.transtutors.com/questions/explain-the-self-reinforcing-cycle-and-why-it-has-negative-implications-for-the-econ-5143375.htm',
          'https://www.transtutors.com/questions/explain-if-the-production-function-exhibits-either-decreasing-increasing-or-constant-5143374.htm'],
 'project': ['trans'],
 'referring_link': ['https://www.transtutors.com/questions/economics/212/'],
 'spider': ['trans_links']}
2020-02-05 23:30:25 [scrapy.core.engine] DEBUG: Crawled (200) <GET https://www.transtutors.com/questions/economics/214/> (referer: https://www.google.com/) ['cached']
2020-02-05 23:30:25 [scrapy.core.scraper] DEBUG: Scraped from <200 https://www.transtutors.com/questions/economics/213/>
{'category': ['economy'],
 'date': [datetime.datetime(2020, 2, 5, 23, 30, 25, 900991)],
 'link': ['https://www.transtutors.com/questions/explain-the-monopolist-describe-and-or-analyze-graphically-the-firm-s-profit-maximiz-5143373.htm',
          'https://www.transtutors.com/questions/explain-medical-care-markets-at-the-macroeconomic-level-using-a-production-possibili-5143372.htm',
          'https://www.transtutors.com/questions/explain-what-is-meant-by-market-power-as-defined-in-the-us-anti-trust-law-in-sherman-5143371.htm',
          'https://www.transtutors.com/questions/explain-why-a-marginal-rate-of-substitution-between-two-goods-must-equal-the-ratio-o-5143370.htm',
          'https://www.transtutors.com/questions/explain-why-a-marginal-rate-of-substitution-between-two-goods-must-equal-the-ratio-o-5143369.htm',
          'https://www.transtutors.com/questions/explain-why-many-organizations-require-arbitration-instead-of-litigation-300-words--5143368.htm',
          'https://www.transtutors.com/questions/explain-the-law-of-supply-or-what-is-the-relationship-between-price-and-quantity-sup-5143367.htm',
          'https://www.transtutors.com/questions/how-does-explain-the-great-recession-according-to-the-following-four-business-cycle--5143366.htm',
          'https://www.transtutors.com/questions/explain-why-free-trade-is-important-to-the-us-and-to-its-trading-partners-why-does-t-5143365.htm',
          'https://www.transtutors.com/questions/explain-how-to-forecast-the-long-run-exchange-rate-based-on-the-monetary-approach--5143364.htm',
          'https://www.transtutors.com/questions/explain-the-following-strategies-in-a-automaton-graphs-to-represent-the-strategies-1-5143363.htm',
          'https://www.transtutors.com/questions/explain-how-elasticity-impacts-any-given-market-in-other-words-how-would-the-analysi-5143362.htm',
          'https://www.transtutors.com/questions/explain-the-effect-of-each-of-the-following-events-on-mexico-39-s-aggregate-demand--5143361.htm',
          'https://www.transtutors.com/questions/explain-how-we-can-derive-the-demand-curve-from-the-consumers-optimum-concept-explai-5143360.htm',
          'https://www.transtutors.com/questions/explain-and-demonstrate-how-trade-yields-mutually-beneficial-outcomes-compare-and-co-5143359.htm',
          'https://www.transtutors.com/questions/explain-the-definition-of-exports-and-imports-how-does-comparative-advantage-relate--5143358.htm',
          'https://www.transtutors.com/questions/explain-how-the-changes-should-impact-pe-and-qe-classify-as-a-change-in-demand-or-a--5143357.htm',
          'https://www.transtutors.com/questions/explain-the-2-protective-mechanisms-against-inflation-discussed-in-the-class-html-ed-5143356.htm',
          'https://www.transtutors.com/questions/in-some-experiments-we-assign-subjective-probabilities-which-can-be-interpreted-as-o-5143354.htm',
          'https://www.transtutors.com/questions/exhibit-7-9-supply-pb-b-p-tax-ps-demand-quantity-refer-to-exhibit-7-9-the-total-welf-5143352.htm',
          'https://www.transtutors.com/questions/exhibit-7-10-supply-ps-subsidy-per-unit-produced-p-demand-q1-q2-quantity-refer-to-ex-5143351.htm',
          'https://www.transtutors.com/questions/0-and-c-2-0-demonstrate-that-the-monopolist-sets-quot-aria-describedby-quot-gnj-quot-5143350.htm',
          'https://www.transtutors.com/questions/2-eqi-let-each-firm-have-identical-t-quot-aria-describedby-quot-dh3-quot-gt-exercise-5143349.htm',
          'https://www.transtutors.com/questions/exercise-4-consider-two-lotteries-aa-and-ar-with-lottery-a-a-there-is-a-0-90-chance--5143348.htm',
          'https://www.transtutors.com/questions/exercise-4-consider-the-basic-solow-model-if-ko-5143347.htm',
          'https://www.transtutors.com/questions/exercise-3-find-the-nash-equilibrium-of-cournot-duopoly-in-which-the-inverse-demand--5143346.htm',
          'https://www.transtutors.com/questions/exercise-2-consider-the-linear-bertrand-duopoly-game-in-which-two-firms-produce-a-ho-5143345.htm',
          'https://www.transtutors.com/questions/exercise-1-equestion-help-suppose-the-demand-curve-for-a-product-is-gne-2p-41-160-f--5143344.htm',
          'https://www.transtutors.com/questions/exercise-1-11-points-the-figure-below-represents-the-concave-production-possibilitie-5143343.htm',
          'https://www.transtutors.com/questions/if-the-executives-of-the-u-s-silicon-chip-industry-lobby-congress-for-protection-fro-5143342.htm',
          'https://www.transtutors.com/questions/if-the-executives-of-the-u-s-silicon-chip-industry-lobby-congress-for-protection-fro-5143341.htm',
          'https://www.transtutors.com/questions/excluding-the-u-s-mention-one-country-in-the-world-that-you-think-looks-more-like-a--5143340.htm',
          'https://www.transtutors.com/questions/excluding-household-and-underground-production-leads-to-a-underestimation-of-real-gd-5143339.htm',
          'https://www.transtutors.com/questions/is-an-example-of-a-study-27-whose-goal-is-to-find-opportunities-or-to-identify-probl-5143338.htm',
          'https://www.transtutors.com/questions/for-each-example-decide-whether-it-is-a-reversible-or-irreversible-decision-buying-m-5143337.htm',
          'https://www.transtutors.com/questions/even-people-on-welfare-have-to-pay-for-food-o-the-cost-of-living-is-always-increasin-5143336.htm',
          'https://www.transtutors.com/questions/evaluate-whether-the-phillips-curve-can-still-validly-resolve-today-s-issue-of-unemp-5143335.htm',
          'https://www.transtutors.com/questions/evaluate-whether-developmental-assistance-from-world-developmental-agencies-such-as--5143334.htm',
          'https://www.transtutors.com/questions/evaluate-the-historical-relationship-between-unemployment-and-inflation-hint-you-may-5143333.htm',
          'https://www.transtutors.com/questions/evaluate-both-of-the-following-statements-as-true-or-false-and-explain-your-reasonin-5143332.htm',
          'https://www.transtutors.com/questions/evaluate-following-statement-and-provide-brief-reason-a-giffen-good-is-always-inferi-5143331.htm',
          'https://www.transtutors.com/questions/the-european-system-of-central-banks-39-primary-tool-for-conducting-monetary-policy--5143330.htm',
          'https://www.transtutors.com/questions/europe-39-s-new-gdpr-general-data-protection-regulation-law-how-does-this-affect-us--5143329.htm',
          'https://www.transtutors.com/questions/ethics-assignment-posted-on-wed-nesday-june-5-2019-7-10-33-pm-edt-due-june-18-the-un-5143328.htm',
          'https://www.transtutors.com/questions/what-are-some-of-the-ethical-benefits-and-challenges-of-a-more-globalized-world-how--5143327.htm',
          'https://www.transtutors.com/questions/estion-8-10-points-sa-during-a-recession-the-price-of-goods-and-services-goes-down-b-5143326.htm',
          'https://www.transtutors.com/questions/estion-32-of-40-suppose-the-french-government-levies-a-high-tariff-on-imported-ameri-5143325.htm',
          'https://www.transtutors.com/questions/equestion-help-27-2-question-21-algo-the-diagram-on-the-right-shows-the-demand-for-m-5143324.htm',
          'https://www.transtutors.com/questions/what-does-the-equation-of-exchange-state-a-what-is-spent-is-equal-to-what-is-bought--5143323.htm',
          'https://www.transtutors.com/questions/environmental-recovery-company-rexchem-partners-plans-to-finance-a-site-reclamation--5143322.htm'],
 'project': ['trans'],
 'referring_link': ['https://www.transtutors.com/questions/economics/213/'],
 'spider': ['trans_links']}
2020-02-05 23:30:26 [scrapy.core.engine] DEBUG: Crawled (200) <GET https://www.transtutors.com/questions/economics/215/> (referer: https://www.google.com/) ['cached']
2020-02-05 23:30:26 [scrapy.core.scraper] DEBUG: Scraped from <200 https://www.transtutors.com/questions/economics/214/>
{'category': ['economy'],
 'date': [datetime.datetime(2020, 2, 5, 23, 30, 26, 56979)],
 'link': ['https://www.transtutors.com/questions/enter-the-answers-as-whole-numbers-if-you-are-entering-any-negative-numbers-be-sure--5143321.htm',
          'https://www.transtutors.com/questions/employment-discrimination-is-a-source-of-a-shifting-production-possibilities-b-econo-5143320.htm',
          'https://www.transtutors.com/questions/emissions-tons-month-marginal-abatement-cost-total-abatement-cost-total-tax-bill-at--5143319.htm',
          'https://www.transtutors.com/questions/emissions-tons-month-marginal-abatement-cost-total-abatement-cost-total-tax-bill-at--5143318.htm',
          'https://www.transtutors.com/questions/emissions-tons-month-marginal-abatement-cost-total-abatement-cost-total-tax-bill-at--5143317.htm',
          'https://www.transtutors.com/questions/emissions-tons-month-marginal-abatement-cost-total-abatement-cost-total-tax-bill-at--5143316.htm',
          'https://www.transtutors.com/questions/emissions-tons-month-marginal-abatement-cost-total-abatement-cost-total-subsidy-at-1-5143315.htm',
          'https://www.transtutors.com/questions/all-else-equal-economists-would-generally-expect-the-relationship-between-the-price--5143314.htm',
          'https://www.transtutors.com/questions/elizabeth-wishes-to-buy-a-200-000-house-in-lexington-ky-she-can-afford-monthly-payme-5143313.htm',
          'https://www.transtutors.com/questions/eliminated-allocation-dollars-action-units-of-pollution-units-of-pollution-firm-515--5143312.htm',
          'https://www.transtutors.com/questions/elcbeaympotter-0081-mpts-score-1-chapter-se2em07r-section-07-problem-069-exhibit-7-6-5143311.htm',
          'https://www.transtutors.com/questions/if-the-elasticity-of-supply-is-4-and-the-quantity-supplied-has-increased-by-20-what--5143310.htm',
          'https://www.transtutors.com/questions/if-the-elasticity-of-demand-is-3-and-the-price-has-increased-by-10-what-is-the-perce-5143309.htm',
          'https://www.transtutors.com/questions/please-only-do-question-g-please-show-steps-elaine-is-a-typical-student-and-she-spen-5143308.htm',
          'https://www.transtutors.com/questions/if-elaine-can-produce-more-output-from-a-set-amount-of-resources-than-has-a-n-advant-5143307.htm',
          'https://www.transtutors.com/questions/the-most-effective-incentive-for-the-creation-of-new-ideas-or-technology-is-profit-s-5143306.htm',
          'https://www.transtutors.com/questions/the-effect-of-a-price-increase-is-decrease-in-supply-true-or-false-5143305.htm',
          'https://www.transtutors.com/questions/eculators-attack-a-currency-they-believe-is-overvalued-at-the-current-fixed-exchange-5143304.htm',
          'https://www.transtutors.com/questions/economy-z-is-facing-the-worst-drought-in-years-in-the-new-keynesian-model-if-the-cen-5143303.htm',
          'https://www.transtutors.com/questions/in-an-economy-without-money-economic-transactions-would-have-to-be-in-the-form-of-ba-5143302.htm',
          'https://www.transtutors.com/questions/an-economy-uses-only-labor-as-input-to-produce-two-goods-a-and-b-if-its-production-p-5143301.htm',
          'https://www.transtutors.com/questions/an-economy-has-two-workers-anne-and-bill-per-day-of-work-anne-can-pick-45-apples-or--5143300.htm',
          'https://www.transtutors.com/questions/when-an-economy-is-operating-inside-its-production-possibilities-frontier-we-know-th-5143298.htm',
          'https://www.transtutors.com/questions/an-economy-is-described-by-the-solow-model-it-has-he-following-production-function-y-5143297.htm',
          'https://www.transtutors.com/questions/an-economy-is-described-by-the-solow-model-it-has-he-following-production-function-y-5143296.htm',
          'https://www.transtutors.com/questions/economists-have-developed-models-of-risk-aversion-using-the-concept-of-question-3-ec-5143295.htm',
          'https://www.transtutors.com/questions/economists-construct-36-categories-of-economic-organization-are-56-to-help-in-their--5143294.htm',
          'https://www.transtutors.com/questions/economists-argue-that-the-clean-air-act-is-unlikely-to-be-efficient-or-cost-effectiv-5143293.htm',
          'https://www.transtutors.com/questions/economist-disagrees-about-the-likely-extent-of-moral-hazard-in-the-health-care-syste-5143292.htm',
          'https://www.transtutors.com/questions/economist-disagree-about-the-likely-extent-of-moral-hazard-in-the-health-care-system-5143291.htm',
          'https://www.transtutors.com/questions/economist-disagree-about-the-likely-extent-of-moral-hazard-in-the-health-care-system-5143290.htm',
          'https://www.transtutors.com/questions/economist-disagree-about-the-likely-extent-of-moral-hazard-in-the-health-care-system-5143289.htm',
          'https://www.transtutors.com/questions/economics-207-seclliun-olc-junmt-save-homework-homework-2-hw-score-64-06-41-of-64-pt-5143288.htm',
          'https://www.transtutors.com/questions/between-economic-profit-and-accounting-profit-which-is-the-one-that-will-be-used-to--5143287.htm',
          'https://www.transtutors.com/questions/economic-models-a-are-so-theoretical-that-they-are-almost-never-useful-in-making-bus-5143286.htm',
          'https://www.transtutors.com/questions/economic-growth-is-defined-as-an-increase-in-productivity-per-person-employed-discus-5143284.htm',
          'https://www.transtutors.com/questions/the-economic-expansion-of-the-1990s-was-the-outcome-of-a-the-economic-policies-of-ro-5143283.htm',
          'https://www.transtutors.com/questions/economic-community-of-west-african-states-ecowas-the-economic-community-of-west-afri-5143281.htm',
          'https://www.transtutors.com/questions/you-are-an-economic-analyst-and-have-been-asked-to-go-on-television-and-provide-an-a-5143280.htm',
          'https://www.transtutors.com/questions/econ-175-hw-is-hard-right-click-the-image-s-and-click-open-image-in-new-tab-to-view--5143279.htm',
          'https://www.transtutors.com/questions/earth-movers-shakers-operates-3-iron-ore-mines-the-table-below-shows-each-mine-39-s--5143278.htm',
          'https://www.transtutors.com/questions/earch-this-course-maria-homework-ch-11-eleanor-and-kyoko-are-considering-contributin-5143277.htm',
          'https://www.transtutors.com/questions/ear-wheeler-university-of-tennessee-martin-continuing-to-use-modular-cla-wselu-shoul-5143276.htm',
          'https://www.transtutors.com/questions/e-100-80-60-iv-40-d-20-40-60-20-80-100-percent-of-households-refer-to-the-figure-whi-5143275.htm',
          'https://www.transtutors.com/questions/durable-goods-q3-read-the-very-short-wikipedia-description-about-the-famous-antitrus-5143274.htm',
          'https://www.transtutors.com/questions/dr-shari-lyman-6-15-19-12-24-pm-new-hello-all-how-do-monopolistic-competition-firms--5143273.htm',
          'https://www.transtutors.com/questions/drop-down-choices-for-first-blank-drop-down-for-second-blank-choices-for-drop-down-8-5143272.htm',
          'https://www.transtutors.com/questions/drop-down-choice-for-last-statement-are-competitive-market-or-monopoly-5-monopoly-ou-5143271.htm',
          'https://www.transtutors.com/questions/drivers-of-globalization-since-world-war-ii-globalization-has-been-driven-by-two-maj-5143270.htm',
          'https://www.transtutors.com/questions/draw-a-well-presented-and-well-labelled-supply-and-demand-diagram-to-show-the-welfar-5143269.htm'],
 'project': ['trans'],
 'referring_link': ['https://www.transtutors.com/questions/economics/214/'],
 'spider': ['trans_links']}
2020-02-05 23:30:26 [scrapy.core.engine] DEBUG: Crawled (200) <GET https://www.transtutors.com/questions/economics/216/> (referer: https://www.google.com/) ['cached']
2020-02-05 23:30:26 [scrapy.core.scraper] DEBUG: Scraped from <200 https://www.transtutors.com/questions/economics/215/>
{'category': ['economy'],
 'date': [datetime.datetime(2020, 2, 5, 23, 30, 26, 219061)],
 'link': ['https://www.transtutors.com/questions/draw-a-graph-showing-the-impact-of-students-returning-to-campus-in-june-on-the-marke-5143268.htm',
          'https://www.transtutors.com/questions/draw-a-graph-and-explain-what-happens-in-a-market-when-the-market-price-is-either-ab-5143266.htm',
          'https://www.transtutors.com/questions/draw-a-demand-and-supply-graph-and-properly-label-it-then-explain-what-would-happen--5143265.htm',
          'https://www.transtutors.com/questions/draw-a-demand-and-supply-graph-and-properly-label-it-then-explain-what-would-happen--5143264.htm',
          'https://www.transtutors.com/questions/draw-a-demand-and-supply-graph-and-properly-label-it-what-would-happen-to-the-equili-5143263.htm',
          'https://www.transtutors.com/questions/draw-a-demand-and-supply-graph-to-graphically-show-and-verbally-explain-the-efficien-5143262.htm',
          'https://www.transtutors.com/questions/draw-the-aggregate-demand-and-aggregate-supply-model-make-sure-you-label-the-axes-an-5143261.htm',
          'https://www.transtutors.com/questions/i-don-39-t-know-what-the-question-wants-to-ask-and-please-help-explain-the-answer-39-5143260.htm',
          'https://www.transtutors.com/questions/the-only-dominant-strategy-in-this-game-is-for-alyssa-tim-to-choose-right-left-the-o-5143259.htm',
          'https://www.transtutors.com/questions/the-domestic-demand-for-portable-radios-is-given-by-q-5-000-100p-where-price-p-is-me-5143258.htm',
          'https://www.transtutors.com/questions/document3-3-osearch-help-view-review-mailings-references-layout-design-ee-e-aabbccl--5143257.htm',
          'https://www.transtutors.com/questions/distribution-of-income-in-the-united-states-percentage-of-households-1970-2008-lowes-5143256.htm',
          'https://www.transtutors.com/questions/distinguish-between-the-short-run-and-the-long-run-in-a-macroeconomic-analysis-why-i-5143255.htm',
          'https://www.transtutors.com/questions/this-is-a-discussion-threads-belongd-to-busniss-class-it-should-two-to-three-paragrp-5143254.htm',
          'https://www.transtutors.com/questions/discussion-9-describe-the-relationship-between-globalization-and-organizational-rule-5143253.htm',
          'https://www.transtutors.com/questions/discussion-2-effects-of-unemployment-and-inflation-this-discussion-focuses-on-how-to-5143252.htm',
          'https://www.transtutors.com/questions/we-have-discussed-the-importance-of-technology-and-how-it-contributes-to-cutting-edg-5143251.htm',
          'https://www.transtutors.com/questions/discuss-the-united-states-unemployment-situation-since-2001-how-is-it-calculated-and-5143250.htm',
          'https://www.transtutors.com/questions/discuss-three-online-marketing-strategies-that-mcdonalds-might-us-5143249.htm',
          'https://www.transtutors.com/questions/discuss-some-strategies-for-development-what-are-some-challenges-to-development-how--5143248.htm',
          'https://www.transtutors.com/questions/discuss-your-obligation-as-a-citizen-of-your-society-to-understand-the-history-behin-5143247.htm',
          'https://www.transtutors.com/questions/discuss-the-objectives-of-the-federal-reserve-banking-system-monetary-policy-tools-a-5143246.htm',
          'https://www.transtutors.com/questions/discuss-how-to-make-a-venture-team-work-effectively-and-constructing-a-solid-externa-5143245.htm',
          'https://www.transtutors.com/questions/discuss-all-major-business-ramification-s-that-good-and-efficient-nm-would-address--5143244.htm',
          'https://www.transtutors.com/questions/discuss-why-international-diversification-reduces-portfolio-risk--5143243.htm',
          'https://www.transtutors.com/questions/discuss-how-both-the-fiscal-and-monetary-policies-in-the-united-states-and-in-the-bi-5143242.htm',
          'https://www.transtutors.com/questions/discuss-how-both-the-fiscal-and-monetary-policies-in-the-united-states-and-in-the-bi-5143241.htm',
          'https://www.transtutors.com/questions/discuss-the-factors-that-you-would-consider-in-designing-an-islamic-tax-structure-de-5143240.htm',
          'https://www.transtutors.com/questions/discuss-the-ethical-issues-one-should-consider-when-creating-a-graph-from-data-provi-5143239.htm',
          'https://www.transtutors.com/questions/discuss-the-different-methods-that-are-used-to-forecast-exchange-rate-movements-whic-5143238.htm',
          'https://www.transtutors.com/questions/discuss-the-conclusions-you-can-draw-from-thinking-about-how-history-is-told-conside-5143237.htm',
          'https://www.transtutors.com/questions/discuss-the-collective-model-framework-of-chiappori-in-which-it-is-assumed-that-hous-5143236.htm',
          'https://www.transtutors.com/questions/discuss-briefly-with-examples-corporate-behavior-of-oligopoly-firms-in-united-states-5143234.htm',
          'https://www.transtutors.com/questions/discretionary-monetary-policy-is-defined-as-policy-for-which-a-the-policy-responds-t-5143233.htm',
          'https://www.transtutors.com/questions/what-is-the-diffrent-between-these-two-i-couldnt-solve-them-using-one-way-confusing--5143232.htm',
          'https://www.transtutors.com/questions/in-difficult-economic-times-it-is-common-to-see-advertisement-encouraging-consumers--5143231.htm',
          'https://www.transtutors.com/questions/why-is-it-so-difficult-to-change-the-healthcare-system-in-the-us-250-words--5143230.htm',
          'https://www.transtutors.com/questions/differentiate-between-the-firm-39-s-implicit-and-explicit-cost-and-discuss-the-firm--5143229.htm',
          'https://www.transtutors.com/questions/what-are-some-of-the-different-ways-in-which-the-cost-of-capturing-vimy-ridge-has-be-5143228.htm',
          'https://www.transtutors.com/questions/what-are-the-different-effects-between-aggregate-demand-based-growth-and-aggregate-s-5143227.htm',
          'https://www.transtutors.com/questions/differences-in-productivity-are-usually-the-major-force-behind-differences-in-wages--5143226.htm',
          'https://www.transtutors.com/questions/the-difference-between-standard-deviation-and-value-at-risk-is-multiple-choice-nothi-5143225.htm',
          'https://www.transtutors.com/questions/what-is-the-difference-between-a-progressive-tax-and-a-regressive-tax-give-an-exampl-5143224.htm',
          'https://www.transtutors.com/questions/what-is-the-difference-in-the-explanation-of-the-shape-of-the-aggregate-demand-curve-5143223.htm',
          'https://www.transtutors.com/questions/what-is-the-difference-between-a-change-in-quantity-supplied-and-a-change-in-supply-5143222.htm',
          'https://www.transtutors.com/questions/what-is-the-difference-between-a-change-in-quantity-supplied-and-a-change-in-supply--5143221.htm',
          'https://www.transtutors.com/questions/we-were-unable-to-transcribe-this-imagethe-diagram-below-shows-the-market-for-the-cu-5143219.htm',
          'https://www.transtutors.com/questions/in-the-diagram-below-what-is-the-opportunity-cost-of-moving-from-b-to-c-25-units-of--5143218.htm',
          'https://www.transtutors.com/questions/determine-whether-each-scenario-is-an-example-of-intertemporal-substitution-and-labe-5143217.htm',
          'https://www.transtutors.com/questions/determine-the-sum-of-the-first-four-terms-of-the-geometric-sequence-where-a-1-and-r--5143216.htm'],
 'project': ['trans'],
 'referring_link': ['https://www.transtutors.com/questions/economics/215/'],
 'spider': ['trans_links']}
2020-02-05 23:30:26 [scrapy.core.engine] DEBUG: Crawled (200) <GET https://www.transtutors.com/questions/economics/217/> (referer: https://www.google.com/) ['cached']
2020-02-05 23:30:26 [scrapy.core.scraper] DEBUG: Scraped from <200 https://www.transtutors.com/questions/economics/216/>
{'category': ['economy'],
 'date': [datetime.datetime(2020, 2, 5, 23, 30, 26, 380042)],
 'link': ['https://www.transtutors.com/questions/determine-the-size-of-your-investment-account-21-years-from-now-when-you-plan-to-ret-5143215.htm',
          'https://www.transtutors.com/questions/determine-the-perpetual-equivalent-annual-worth-in-years-1-through-infinity-of-an-in-5143214.htm',
          'https://www.transtutors.com/questions/determine-the-market-size-and-growth-rates-for-physical-therapy-in-odessa-tx-please--5143213.htm',
          'https://www.transtutors.com/questions/determine-the-aw-of-the-following-engineering-project-when-the-marr-15-per-year-is-t-5143212.htm',
          'https://www.transtutors.com/questions/how-to-design-a-balanced-scorecard-for-a-new-business-venture-5143211.htm',
          'https://www.transtutors.com/questions/describe-the-weaknesses-threats-and-controls-of-revenue-cycle-payrol-cycle-conversio-5143210.htm',
          'https://www.transtutors.com/questions/describe-the-roles-of-stakeholders-involved-in-the-venture-and-a-plan-for-legal-orga-5143209.htm',
          'https://www.transtutors.com/questions/describe-how-to-prioritize-stakeholder-claims-particularly-when-they-conflict-5143208.htm',
          'https://www.transtutors.com/questions/describe-a-multinational-corporation-and-foreign-direct-investment-fdi--5143207.htm',
          'https://www.transtutors.com/questions/describe-market-failure-describe-in-detail-four-common-forms-of-market-failures--5143205.htm',
          'https://www.transtutors.com/questions/describe-final-offer-arbitration-what-are-its-advantages-and-disadvantages-300-words-5143204.htm',
          'https://www.transtutors.com/questions/describe-federalism-separation-of-powers-independent-regulatory-commissions-and-agen-5143203.htm',
          'https://www.transtutors.com/questions/describe-and-discuss-ansoff-39-s-matrix-growth-strategy--5143202.htm',
          'https://www.transtutors.com/questions/describe-the-differences-between-arbitration-and-mediation-300-words--5143201.htm',
          'https://www.transtutors.com/questions/describe-the-characteristics-of-the-working-class-and-the-role-of-the-laborer-in-cap-5143200.htm',
          'https://www.transtutors.com/questions/department-of-industrial-engineering-question-v-20-points-kharouf-jadid-a-manufactur-5143199.htm',
          'https://www.transtutors.com/questions/dent-39-n-39-scratch-used-cars-and-trucks-employs-3-salesmen-data-for-their-sales-la-5143198.htm',
          'https://www.transtutors.com/questions/dent-39-n-39-scratch-used-cars-and-trucks-employs-3-salesmen-data-for-their-sales-la-5143197.htm',
          'https://www.transtutors.com/questions/does-the-demand-for-rmb-chinese-yuan-slope-up-or-down-when-a-company-based-in-the-us-5143196.htm',
          'https://www.transtutors.com/questions/demand-is-p-q-consider-a-modified-cournot-model-problem-no1-1-qwhere-q1-2-firms-have-5143195.htm',
          'https://www.transtutors.com/questions/demand-in-a-market-is-given-by-p-80-q-two-firms-have-a-marginal-cost-of-production-t-5143194.htm',
          'https://www.transtutors.com/questions/the-same-as-the-demand-for-the-industry-as-14-what-condition-must-be-met-for-positiv-5143193.htm',
          'https://www.transtutors.com/questions/for-the-demand-function-d-g-65e8-measured-in-dollars-at-what-price-is-the-elasticity-5143192.htm',
          'https://www.transtutors.com/questions/if-the-demand-faced-by-a-firm-is-elastic-selling-one-less-unit-of-output-will-a-incr-5143191.htm',
          'https://www.transtutors.com/questions/demand-curve-more-sensitive-to-price-why-media-analysis-question-in-today-39-s-econo-5143190.htm',
          'https://www.transtutors.com/questions/once-the-demand-curve-for-a-product-or-service-is-drawn-what-is-possible-it-can-shif-5143189.htm',
          'https://www.transtutors.com/questions/the-demand-curve-for-a-product-is-given-by-1-find-the-elasticity-of-demand-when-the--5143188.htm',
          'https://www.transtutors.com/questions/is-defined-as-a-time-period-such-that-the-producer-can-increase-all-factors-of-produ-5143187.htm',
          'https://www.transtutors.com/questions/define-two-2-of-the-following-terms-and-briefly-indicate-their-relevance-in-internat-5143186.htm',
          'https://www.transtutors.com/questions/define-the-term-monetary-policy-tools-explain-how-each-monetary-policy-tool-is-used--5143185.htm',
          'https://www.transtutors.com/questions/define-a-medical-care-market-at-the-microeconomic-level-in-terms-of-who-demands-medi-5143184.htm',
          'https://www.transtutors.com/questions/define-market-structure-in-economics-define-perfect-competition-define-imperfect-com-5143183.htm',
          'https://www.transtutors.com/questions/define-the-following-pairs-of-terms-and-explain-the-similarity-difference-or-relatio-5143182.htm',
          'https://www.transtutors.com/questions/define-the-factor-of-production-called-capital-different-from-those-in-the-chapter-d-5143181.htm',
          'https://www.transtutors.com/questions/define-and-draw-the-firm-s-production-function-6b-what-determinants-allow-a-firm-to--5143180.htm',
          'https://www.transtutors.com/questions/define-and-distinguish-a-trademark-trade-dress-and-trade-secret-provide-an-example-o-5143179.htm',
          'https://www.transtutors.com/questions/when-decreasing-oil-prices-cause-aggregate-supply-to-shift-to-the-right-then-unemplo-5143178.htm',
          'https://www.transtutors.com/questions/decoding-39-natural-39-rate-of-unemployment-unemployment-is-a-normal-feature-of-our--5143177.htm',
          'https://www.transtutors.com/questions/decades-of-overfishing-have-dramatically-reduced-the-world-supply-of-cod-a-type-of-w-5143176.htm',
          'https://www.transtutors.com/questions/by-day-7-submit-your-responses-to-the-following-prompts-using-the-definition-and-cha-5143175.htm',
          'https://www.transtutors.com/questions/date-saved-may-9-2019-time-saved-1-24-pm-part-b-suppose-the-marginal-cost-for-a-jord-5143174.htm',
          'https://www.transtutors.com/questions/d-variable-b-market-cmodel-d-trade-off-scenario-1-2-suppose-a-hat-manufacturer-curre-5143173.htm',
          'https://www.transtutors.com/questions/d-u-2-x1a-2b-1-a-1-for-each-of-the-utility-functions-above-find-the-consumer-39-s-op-5143172.htm',
          'https://www.transtutors.com/questions/d-teke-a-test-naveen-rattu-google-chrome-ahttps-www-mathxl-com-student-player-testas-5143171.htm',
          'https://www.transtutors.com/questions/d-suppose-instead-that-p-g-1-and-p-i-7-8-suppose-the-jury-observes-that-x-is-not-re-5143170.htm',
          'https://www.transtutors.com/questions/d-summarize-as-much-as-you-know-about-the-one-period-continuous-ultima-tum-game-wit-5143169.htm',
          'https://www.transtutors.com/questions/d-sp-b-p-the-market-for-steel-pp-d-qs-qp-the-preceding-figure-represents-an-example--5143168.htm',
          'https://www.transtutors.com/questions/d-s-the-market-for-elementary-education-d-in-the-preceding-fiqure-d-represents-the-p-5143167.htm',
          'https://www.transtutors.com/questions/d-if-the-once-ler-does-replant-the-brown-barbatloots-swamee-swans-and-humming-fish-w-5143166.htm',
          'https://www.transtutors.com/questions/d-the-imposition-of-import-restriction-such-as-the-us-tariffs-on-imported-steel-is-l-5143165.htm'],
 'project': ['trans'],
 'referring_link': ['https://www.transtutors.com/questions/economics/216/'],
 'spider': ['trans_links']}
2020-02-05 23:30:26 [scrapy.core.engine] DEBUG: Crawled (200) <GET https://www.transtutors.com/questions/economics/218/> (referer: https://www.google.com/) ['cached']
2020-02-05 23:30:26 [scrapy.core.scraper] DEBUG: Scraped from <200 https://www.transtutors.com/questions/economics/217/>
{'category': ['economy'],
 'date': [datetime.datetime(2020, 2, 5, 23, 30, 26, 603825)],
 'link': ['https://www.transtutors.com/questions/have-a-d-completed-would-appreciate-experience-q-a-for-e-g-1-suppose-that-the-privat-5143164.htm',
          'https://www.transtutors.com/questions/d-a-61-21-with-its-current-levels-of-input-use-a-firm-39-s-mrts-is-1-3-when-capital--5143163.htm',
          'https://www.transtutors.com/questions/a-cut-in-the-income-tax-rate-the-tax-wedge-and-employment-saving-and-investme-5143162.htm',
          'https://www.transtutors.com/questions/currently-a-monopolist-39-s-profit-maximizing-output-is-200-units-per-week-it-sells-5143161.htm',
          'https://www.transtutors.com/questions/what-is-the-current-value-of-u-s-gdp-u-s-government-debt-u-s-government-deficit--5143160.htm',
          'https://www.transtutors.com/questions/in-the-current-population-survey-a-person-is-considered-unemployed-if-the-person-a-i-5143159.htm',
          'https://www.transtutors.com/questions/cruise-the-world-specials-no-specials-8-10-specials-56-3-cruise-r-us-510-sa-no-speci-5143158.htm',
          'https://www.transtutors.com/questions/cruise-r-us-and-cruise-the-world-compete-in-the-cruise-line-industry-each-firm-needs-5143157.htm',
          'https://www.transtutors.com/questions/the-creation-of-deposits-5-points-step-1-excess-reserves-initial-deposit-required-re-5143156.htm',
          'https://www.transtutors.com/questions/courses-114519-pages-extra-credit-crack-the-code-module-item-id-9965754-extra-credi-5143155.htm',
          'https://www.transtutors.com/questions/course-cunl-x-take-test-ec-northern-ar-x-pay-for-no-c-question-introduc-in-economics-5143154.htm',
          'https://www.transtutors.com/questions/the-coupon-payments-on-your-bond-will-fall-b-the-market-price-of-your-bond-will-rise-5143153.htm',
          'https://www.transtutors.com/questions/the-coupon-payments-on-your-bond-will-fall-a-the-market-price-of-your-bond-will-rise-5143152.htm',
          'https://www.transtutors.com/questions/the-coupon-payments-on-your-bond-will-al-b-the-market-price-of-your-bond-will-rise-c-5143151.htm',
          'https://www.transtutors.com/questions/a-couple-wants-to-save-for-college-expenses-of-his-daughter-daughter-will-enter-coll-5143150.htm',
          'https://www.transtutors.com/questions/a-country-has-two-types-of-workers-skilled-and-unskilled-workers-can-produce-either--5143149.htm',
          'https://www.transtutors.com/questions/country-israel-explain-the-grading-associated-with-the-indices-by-synthesizing-your--5143148.htm',
          'https://www.transtutors.com/questions/country-israel-1-explain-the-categories-and-pillars-of-measuring-national-competitiv-5143147.htm',
          'https://www.transtutors.com/questions/the-country-with-the-highest-quot-effective-quot-incarceration-rates-in-the-world-is-5143146.htm',
          'https://www.transtutors.com/questions/country-a-has-most-favored-nation-mfn-trade-agreements-with-country-c-and-d-and-it-h-5143145.htm',
          'https://www.transtutors.com/questions/you-could-say-that-just-rules-ensure-the-right-to-property-and-transference-by-conse-5143144.htm',
          'https://www.transtutors.com/questions/could-you-help-me-figure-out-how-this-mathematical-transition-happened-i-can-39-t-qu-5143143.htm',
          'https://www.transtutors.com/questions/costs-go-down-from-plant-2-to-plant-3-because-of-economies-of-scale-associated-with--5143141.htm',
          'https://www.transtutors.com/questions/cosmetologists-in-many-states-face-substantially-heavier-training-requirements-than--5143140.htm',
          'https://www.transtutors.com/questions/corruption-generally-has-a-deeper-and-more-negative-effect-in-poor-countries-than-in-5143139.htm',
          'https://www.transtutors.com/questions/it-is-correct-that-gas-is-a-demand-inelastic-product-given-those-numbers-it-is-inela-5143138.htm',
          'https://www.transtutors.com/questions/coronado-corporation-inc-has-the-following-income-statement-in-millions-coronado-cor-5143137.htm',
          'https://www.transtutors.com/questions/at-its-corel-the-basic-problem-with-pollution-is-o-a-resource-exhaustion-o-b-the-ins-5143136.htm',
          'https://www.transtutors.com/questions/do-the-core-ideas-and-issues-behind-conservatism-stay-the-same-from-the-1930s-throug-5143135.htm',
          'https://www.transtutors.com/questions/under-the-more-conventional-fiscal-policy-response-to-the-great-recession-the-u-s-go-5143134.htm',
          'https://www.transtutors.com/questions/you-have-been-a-contributing-author-to-several-marketing-newsletters-and-you-have-be-5143133.htm',
          'https://www.transtutors.com/questions/contrast-stocks-and-bonds-as-a-source-of-funding-from-the-standpoint-of-a-business-o-5143132.htm',
          'https://www.transtutors.com/questions/in-contrast-to-southern-europe-northern-europe-especially-germany-exports-more-compl-5143131.htm',
          'https://www.transtutors.com/questions/consumers-are-uniformly-distributed-along-a-beach-that-is-1-km-long-ice-cream-seller-5143130.htm',
          'https://www.transtutors.com/questions/a-consumer-with-strictly-convex-preferences-for-consumption-today-and-consumption-to-5143129.htm',
          'https://www.transtutors.com/questions/consumer-preference-for-a-products-goes-up-while-supply-remains-unchanged-the-price--5143128.htm',
          'https://www.transtutors.com/questions/a-consumer-has-the-following-utility-function-for-goods-x-and-y-3-the-consumer-faces-5143127.htm',
          'https://www.transtutors.com/questions/the-consumer-is-in-equilibrium-when-o-a-mrt-mrs-o-b-p-py-mu-muy-c-the-budget-line-is-5143126.htm',
          'https://www.transtutors.com/questions/a-consulting-engineering-firm-is-considering-two-models-of-suvs-for-the-company-prin-5143125.htm',
          'https://www.transtutors.com/questions/construct-a-diagram-showing-the-effect-of-placing-a-tariff-on-an-import-when-the-cou-5143124.htm',
          'https://www.transtutors.com/questions/constitutional-law-you-will-use-one-of-the-websites-or-another-of-your-choosing-list-5143123.htm',
          'https://www.transtutors.com/questions/for-a-constant-cost-industry-that-is-perfectly-competitive-the-long-run-market-suppl-5143122.htm',
          'https://www.transtutors.com/questions/you-are-considering-purchasinga-facility-that-produces-high-quality-ice-cream-from-a-5143121.htm',
          'https://www.transtutors.com/questions/the-consideration-of-opportunity-costs-may-be-very-relevant-to-a-firm-because-opport-5143120.htm',
          'https://www.transtutors.com/questions/consider-the-war-over-the-new-format-for-high-definition-video-disks-between-two-pro-5143119.htm',
          'https://www.transtutors.com/questions/consider-two-open-economies-in-which-the-real-exchange-rate-is-fixed-and-equal-to-on-5143118.htm',
          'https://www.transtutors.com/questions/consider-two-firms-wheat-mill-and-great-buns-bakery-wheat-mill-produces-wheat-and-gr-5143117.htm',
          'https://www.transtutors.com/questions/consider-the-two-airline-companies-below-if-they-cooperate-and-collude-and-act-like--5143116.htm',
          'https://www.transtutors.com/questions/consider-a-stackelberg-leader-with-two-followers-the-leader-is-a-monopoly-that-prod-5143115.htm',
          'https://www.transtutors.com/questions/consider-a-small-island-country-whose-only-industry-is-weaving-the-following-table-s-5143114.htm'],
 'project': ['trans'],
 'referring_link': ['https://www.transtutors.com/questions/economics/217/'],
 'spider': ['trans_links']}
2020-02-05 23:30:26 [scrapy.core.engine] DEBUG: Crawled (200) <GET https://www.transtutors.com/questions/economics/219/> (referer: https://www.google.com/) ['cached']
2020-02-05 23:30:26 [scrapy.core.scraper] DEBUG: Scraped from <200 https://www.transtutors.com/questions/economics/218/>
{'category': ['economy'],
 'date': [datetime.datetime(2020, 2, 5, 23, 30, 26, 795716)],
 'link': ['https://www.transtutors.com/questions/consider-a-small-island-country-that-produces-and-consumes-only-two-goods-coconut-an-5143113.htm',
          'https://www.transtutors.com/questions/consider-a-small-country-that-imports-good-z-some-of-the-total-quantity-of-z-domesti-5143112.htm',
          'https://www.transtutors.com/questions/consider-a-small-country-that-imports-good-x-some-of-the-total-quantity-of-x-domesti-5143111.htm',
          'https://www.transtutors.com/questions/consider-the-situation-of-a-mass-layoff-i-e-a-factory-shuts-down-where-1-200-people--5143110.htm',
          'https://www.transtutors.com/questions/consider-a-ricardian-model-where-there-are-two-goods-apples-and-bananas-for-simplici-5143109.htm',
          'https://www.transtutors.com/questions/i-got-wrong-for-all-these-question-please-help-me-answer-these-question-consider-a-p-5143108.htm',
          'https://www.transtutors.com/questions/consider-the-problem-of-a-monopolist-who-is-selling-to-two-different-markets-and-can-5143107.htm',
          'https://www.transtutors.com/questions/consider-the-problem-of-a-monopolist-who-is-selling-to-two-different-markets-and-can-5143106.htm',
          'https://www.transtutors.com/questions/consider-the-problem-of-a-monopolist-who-is-selling-to-two-different-markets-and-can-5143105.htm',
          'https://www.transtutors.com/questions/consider-the-problem-of-a-monopolist-who-is-selling-to-two-different-markets-and-can-5143104.htm',
          'https://www.transtutors.com/questions/consider-a-price-competition-of-duopoly-a-la-stackelberg-firm-1-the-leader-sets-its--5143103.htm',
          'https://www.transtutors.com/questions/consider-the-polar-case-where-the-demand-curve-is-perfectly-elastic-use-the-line-dra-5143102.htm',
          'https://www.transtutors.com/questions/consider-a-perfectly-competitive-market-for-wheat-in-new-york-there-are-80-firms-in--5143101.htm',
          'https://www.transtutors.com/questions/consider-a-perfectly-competitive-market-in-the-short-run-market-demand-is-given-by-p-5143100.htm',
          'https://www.transtutors.com/questions/consider-the-neoclassical-closed-economy-model-y-coy-t-1-t-g-y-f-k-l-m-p-l-r-z-y-cy--5143099.htm',
          'https://www.transtutors.com/questions/consider-the-neoclassical-closed-economy-model-y-c-y-t-i-r-g-y-f-k-l-m-p-l-r-z-y-1-c-5143098.htm',
          'https://www.transtutors.com/questions/consider-the-mundel-fleming-small-open-economy-model-y-c-y-t-1-1-g-y-f-k-l-m-p-l-r-z-5143097.htm',
          'https://www.transtutors.com/questions/consider-the-money-demand-function-that-takes-the-form-m-p-a-ky-where-m-is-the-quant-5143096.htm',
          'https://www.transtutors.com/questions/consider-a-model-where-the-hecksher-ohlin-assumptions-apply-there-are-two-countries--5143095.htm',
          'https://www.transtutors.com/questions/consider-a-market-with-two-firms-target-and-wal-mart-that-sell-cds-in-their-music-de-5143094.htm',
          'https://www.transtutors.com/questions/consider-the-market-shown-below-the-government-has-imposed-a-price-ceiling-of-18-pri-5143093.htm',
          'https://www.transtutors.com/questions/consider-the-market-for-a-particular-type-of-financial-service-assume-1-all-firms-ar-5143092.htm',
          'https://www.transtutors.com/questions/consider-the-market-for-new-york-city-office-space-illustrated-in-the-figure-to-the--5143091.htm',
          'https://www.transtutors.com/questions/consider-the-market-for-lead-batteries-market-demand-is-described-by-the-inverse-dem-5143090.htm',
          'https://www.transtutors.com/questions/consider-the-market-illustrated-in-the-figure-to-the-right-supply-curve-s-represents-5143089.htm',
          'https://www.transtutors.com/questions/consider-the-market-illustrated-in-the-figure-to-the-right-for-fish-from-the-ocean-s-5143088.htm',
          'https://www.transtutors.com/questions/consider-the-market-for-ice-cream-a-illustrate-the-effect-that-soaring-summer-temper-5143087.htm',
          'https://www.transtutors.com/questions/consider-the-market-for-gasoline-illustrated-in-the-figure-to-the-right-5-00-the-equ-5143086.htm',
          'https://www.transtutors.com/questions/consider-the-market-for-gasoline-illustrated-the-figure-to-the-right-5-00-the-equili-5143085.htm',
          'https://www.transtutors.com/questions/consider-the-market-for-delta-airline-flights-suppose-pilots-39-wages-increase-and-t-5143084.htm',
          'https://www.transtutors.com/questions/consider-a-ma-ket-where-the-demand-curve-is-downward-sloping-and-the-supply-curve-is-5143083.htm',
          'https://www.transtutors.com/questions/consider-the-is-lm-model-economy-model-c-y-t-1-1-g-y-y-f-k-l-m-p-l-r-r-y-goods-money-5143082.htm',
          'https://www.transtutors.com/questions/consider-the-labor-market-illustrated-in-the-figure-to-the-right-where-the-market-eq-5143081.htm',
          'https://www.transtutors.com/questions/consider-the-information-about-the-economy-of-pakistan-note-that-the-currency-of-pak-5143080.htm',
          'https://www.transtutors.com/questions/now-we-consider-an-indirect-way-to-aggregate-preferences-into-a-group-decision-with--5143079.htm',
          'https://www.transtutors.com/questions/consider-a-game-in-which-player-1-moves-first-the-set-of-actions-available-to-player-5143078.htm',
          'https://www.transtutors.com/questions/nash-equilibrium-vs-subgame-perfect-equilibrium-consider-a-game-between-alice-and-bo-5143077.htm',
          'https://www.transtutors.com/questions/consider-a-game-between-alice-and-bob-alice-moves-first-choosing-any-xa-e-r-4-bob-fo-5143076.htm',
          'https://www.transtutors.com/questions/finitely-repeated-bertrand-competition-consider-a-game-between-alice-and-bob-alice-a-5143075.htm',
          'https://www.transtutors.com/questions/consider-a-game-between-alice-and-bob-alice-and-bob-are-firms-producing-widgets-and--5143074.htm',
          'https://www.transtutors.com/questions/consider-the-following-quot-utility-of-income-quot-graph-for-a-forestry-company-if-t-5143073.htm',
          'https://www.transtutors.com/questions/consider-the-following-two-person-static-game-where-player1-is-the-row-player-and-pl-5143072.htm',
          'https://www.transtutors.com/questions/consider-the-following-p-l-statement-complete-and-determine-if-you-should-or-should--5143071.htm',
          'https://www.transtutors.com/questions/consider-the-following-mutually-exclusive-alternatives-alternative-a-alternative-b-c-5143070.htm',
          'https://www.transtutors.com/questions/consider-the-following-mutually-exclusive-alternatives-alternative-a-alternative-b-c-5143069.htm',
          'https://www.transtutors.com/questions/consider-the-following-monthly-sales-data-corresponding-total-cost-information-is-al-5143068.htm',
          'https://www.transtutors.com/questions/consider-the-following-is-lm-model-c-co-c1yt-q-q-oq-p-p-assume-c-b--5143067.htm',
          'https://www.transtutors.com/questions/consider-the-following-is-lm-model-c-218-0-57yd-156-0-11y-1-002i-g-259-t-207-m-1-9y--5143066.htm',
          'https://www.transtutors.com/questions/consider-the-following-is-lm-model-c-190-0-50yd-154-0-12y-813i-g-386-t-309-d-m-1-6y--5143065.htm',
          'https://www.transtutors.com/questions/consider-the-following-information-for-a-simultaneous-move-one-shot-game-if-you-and--5143064.htm'],
 'project': ['trans'],
 'referring_link': ['https://www.transtutors.com/questions/economics/218/'],
 'spider': ['trans_links']}
2020-02-05 23:30:27 [scrapy.core.engine] DEBUG: Crawled (200) <GET https://www.transtutors.com/questions/economics/220/> (referer: https://www.google.com/) ['cached']
2020-02-05 23:30:27 [scrapy.core.scraper] DEBUG: Scraped from <200 https://www.transtutors.com/questions/economics/219/>
{'category': ['economy'],
 'date': [datetime.datetime(2020, 2, 5, 23, 30, 26, 986605)],
 'link': ['https://www.transtutors.com/questions/consider-the-following-graph-suppose-it-depicts-a-negative-production-externality-su-5143063.htm',
          'https://www.transtutors.com/questions/consider-the-following-game-theory-matrix-and-answer-the-following-questions-a-ident-5143062.htm',
          'https://www.transtutors.com/questions/consider-the-following-game-that-describes-the-milk-pricing-interaction-between-cole-5143061.htm',
          'https://www.transtutors.com/questions/consider-the-following-data-on-u-s-gdp-gdp-deflator-nominal-gdp-year-billions-of-dol-5143060.htm',
          'https://www.transtutors.com/questions/consider-the-following-data-that-identifies-real-gross-domestic-product-gdp-in-compa-5143059.htm',
          'https://www.transtutors.com/questions/a-consider-following-cost-curves-then-draw-each-of-them-on-the-graph-provided-on-th-5143058.htm',
          'https://www.transtutors.com/questions/consider-a-firm-with-a-short-run-total-cost-tc-given-by-tc-2000-1000q-40q-2-q-3-what-5143057.htm',
          'https://www.transtutors.com/questions/consider-a-firm-with-a-short-run-total-cost-tc-given-by-tc-2000-1000q-400-q-firms-ma-5143056.htm',
          'https://www.transtutors.com/questions/consider-a-firm-that-sells-the-product-that-it-produces-both-in-its-domestic-market--5143055.htm',
          'https://www.transtutors.com/questions/consider-a-firm-that-manufactures-a-single-output-from-two-inputs-when-market-prices-5143054.htm',
          'https://www.transtutors.com/questions/consider-a-fictional-price-index-the-college-student-price-index-cspi-based-on-a-typ-5143053.htm',
          'https://www.transtutors.com/questions/consider-an-economy-with-a-production-function-given-by-y-k-quot-n-1-a-where-a-1-3-a-5143052.htm',
          'https://www.transtutors.com/questions/consider-an-economy-where-the-lm-curve-can-be-represented-with-a1500-50000-i-0-03-m--5143051.htm',
          'https://www.transtutors.com/questions/consider-an-economy-that-is-initially-in-a-long-run-equilibrium-at-point-in-the-grap-5143050.htm',
          'https://www.transtutors.com/questions/consider-the-design-problem-of-the-omicron-company-they-manufacture-home-gardening-e-5143049.htm',
          'https://www.transtutors.com/questions/consider-the-demand-for-widgets-assume-that-we-can-represent-individuals-39-preferen-5143048.htm',
          'https://www.transtutors.com/questions/consider-country-z-a-country-with-an-economy-that-behaves-according-to-an-entirely-c-5143047.htm',
          'https://www.transtutors.com/questions/consider-a-consumer-whose-preferences-over-bundles-of-non-negative-amounts-of-each-o-5143046.htm',
          'https://www.transtutors.com/questions/consider-that-a-company-boughta-machine-for-52765-dollars-this-equipment-is-assumed--5143045.htm',
          'https://www.transtutors.com/questions/consider-that-a-company-bought-a-machine-for-57522-dollars-this-equipment-is-assumed-5143044.htm',
          'https://www.transtutors.com/questions/consider-a-buyer-and-seller-problem-an-item-for-sale-has-a-value-w-which-ranges-betw-5143043.htm',
          'https://www.transtutors.com/questions/consider-the-balance-sheet-for-the-wahoo-bank-as-presented-below-wahoo-bank-balance--5143042.htm',
          'https://www.transtutors.com/questions/consider-an-auction-for-co2-allowances-suppose-that-there-are-5-units-of-allowances--5143041.htm',
          'https://www.transtutors.com/questions/concord-store-had-a-balance-in-the-accounts-receivable-account-of-680000-at-the-begi-5143040.htm',
          'https://www.transtutors.com/questions/conceptual-overview-explore-the-amount-1-is-discounted-for-different-compound-intere-5143039.htm',
          'https://www.transtutors.com/questions/when-computing-the-cost-of-the-basket-of-goods-and-services-purchased-by-a-typical-c-5143038.htm',
          'https://www.transtutors.com/questions/completion-status-question-14-cigarettes-became-the-established-quot-currency-quot-i-5143037.htm',
          'https://www.transtutors.com/questions/question-9-of-40-to-the-citizens-of-the-country-of-merka-there-is-no-meal-bette-quot-5143036.htm',
          'https://www.transtutors.com/questions/complete-the-table-and-answer-the-following-questions-after-tax-before-tax-income-ta-5143035.htm',
          'https://www.transtutors.com/questions/complete-reading-the-2-articles-1-where-do-prices-come-from-by-russell-roberts-2-the-5143034.htm',
          'https://www.transtutors.com/questions/complete-reading-the-2-articles-1-where-do-prices-come-from-by-russell-roberts-2-the-5143033.htm',
          'https://www.transtutors.com/questions/complete-the-following-table-fill-all-the-empty-cells-1-fixed-variable-total-cost-ma-5143032.htm',
          'https://www.transtutors.com/questions/complete-the-following-sentence-if-as-paula-39-s-income-increases-her-demand-for-hot-5143031.htm',
          'https://www.transtutors.com/questions/in-a-competitive-market-for-transferable-discharge-permits-the-demand-curve-is-equal-5143030.htm',
          'https://www.transtutors.com/questions/in-a-competitive-market-the-current-equilibrium-price-is-10-per-unit-a-firm-that-pro-5143029.htm',
          'https://www.transtutors.com/questions/a-competitive-firm-has-the-following-production-function-f-x1-2-1-0-5-2-0-5-the-per--5143028.htm',
          'https://www.transtutors.com/questions/a-competitive-cost-minimizing-firm-has-the-production-function-f-x-y-min-x-2y-and-us-5143027.htm',
          'https://www.transtutors.com/questions/if-competition-pushes-economic-profit-to-0-this-means-that-eventually-everyone-is-ou-5143026.htm',
          'https://www.transtutors.com/questions/if-competition-pushes-economic-profit-to-0-this-means-that-eventually-everyone-is-ou-5143025.htm',
          'https://www.transtutors.com/questions/compared-to-china-the-fertility-rate-in-india-has-a-increased-with-the-rising-infant-5143024.htm',
          'https://www.transtutors.com/questions/compare-the-uae-agricultural-products-import-in-2010-and-2017-how-much-was-the-incre-5143023.htm',
          'https://www.transtutors.com/questions/when-we-compare-the-records-of-the-cpi-and-the-pcepi-over-time-the-a-pcepi-tends-to--5143022.htm',
          'https://www.transtutors.com/questions/to-compare-the-price-of-a-loaf-of-bread-produced-in-1993-with-the-price-of-a-loaf-pr-5143021.htm',
          'https://www.transtutors.com/questions/compare-monetary-policy-and-fiscal-policy-what-is-the-purpose-for-using-them-and-wha-5143020.htm',
          'https://www.transtutors.com/questions/compare-the-market-outcomes-and-economic-welfare-among-a-perfectly-competitive-firm--5143019.htm',
          'https://www.transtutors.com/questions/compare-the-liner-markets-with-the-charter-markets-what-are-the-main-contractual-ter-5143018.htm',
          'https://www.transtutors.com/questions/compare-the-effects-of-sanctions-on-the-global-economies-of-north-korea-and-cuba-cho-5143017.htm',
          'https://www.transtutors.com/questions/compare-and-contrast-the-price-elasticity-of-supply-and-price-elasticity-of-demand-a-5143016.htm',
          'https://www.transtutors.com/questions/compare-and-contrast-the-following-ways-in-which-u-s-governmental-entities-let-down--5143015.htm',
          'https://www.transtutors.com/questions/i-need-a-paragraph-including-those-thanks-compare-and-contrast-the-following-ways-in-5143014.htm'],
 'project': ['trans'],
 'referring_link': ['https://www.transtutors.com/questions/economics/219/'],
 'spider': ['trans_links']}
2020-02-05 23:30:27 [scrapy.core.engine] DEBUG: Crawled (200) <GET https://www.transtutors.com/questions/economics/221/> (referer: https://www.google.com/) ['cached']
2020-02-05 23:30:27 [scrapy.core.scraper] DEBUG: Scraped from <200 https://www.transtutors.com/questions/economics/220/>
{'category': ['economy'],
 'date': [datetime.datetime(2020, 2, 5, 23, 30, 27, 143865)],
 'link': ['https://www.transtutors.com/questions/compare-and-contrast-the-following-economic-systems-a-capitalism-b-communism-c-socia-5143013.htm',
          'https://www.transtutors.com/questions/compare-and-contrast-different-ways-that-training-for-erp-users-can-be-delivered-con-5143012.htm',
          'https://www.transtutors.com/questions/compare-and-contrast-business-and-public-interest-groups-what-are-some-of-the-tactic-5143011.htm',
          'https://www.transtutors.com/questions/a-company-publishes-the-only-text-book-on-a-particular-topic-and-believes-that-they--5143010.htm',
          'https://www.transtutors.com/questions/a-company-must-choose-between-two-products-and-use-an-8-year-period-to-make-a-decisi-5143009.htm',
          'https://www.transtutors.com/questions/please-explain-a-company-expects-to-make-an-extra-of-100-000-per-year-in-revenue-a-n-5143008.htm',
          'https://www.transtutors.com/questions/a-company-can-either-purchase-or-lease-a-new-press-the-revenue-they-hope-to-make-fro-5143007.htm',
          'https://www.transtutors.com/questions/a-company-is-considering-an-investment-at-time-0-in-a-machine-that-produces-large-pl-5143006.htm',
          'https://www.transtutors.com/questions/a-company-is-considering-investing-in-a-new-production-line-the-capacity-utilization-5143005.htm',
          'https://www.transtutors.com/questions/a-company-is-considering-investing-in-a-new-production-line-the-capacity-utilization-5143004.htm',
          'https://www.transtutors.com/questions/a-company-is-considering-investing-in-a-new-production-line-the-capacity-utilization-5143003.htm',
          'https://www.transtutors.com/questions/of-the-company-in-conformity-with-the-explain-the-reasons-separately-5-points-iv-lon-5143002.htm',
          'https://www.transtutors.com/questions/comp-m-9omp-xm-inouirer-mba690-summer-1-ramsey-points-12-c2006-capsim-management-sim-5143001.htm',
          'https://www.transtutors.com/questions/common-features-among-graph-objects-each-object-you-can-manipulate-rplace-on-the-gra-5143000.htm',
          'https://www.transtutors.com/questions/it-is-common-for-companies-that-are-starting-out-to-have-quot-opening-day-sales-quot-5142999.htm',
          'https://www.transtutors.com/questions/commodity-firm-metals-inc-is-based-in-china-and-mines-5m-in-metal-that-they-sell-ex-5142998.htm',
          'https://www.transtutors.com/questions/are-com-courses-12838-quizzes-91626-take-o-85-question-7-1-pts-marginal-cost-mc-is-o-5142997.htm',
          'https://www.transtutors.com/questions/collusion-consider-two-firms-producing-homogenous-goods-and-choosing-prices-in-each--5142996.htm',
          'https://www.transtutors.com/questions/collusion-2-consider-n-firms-producing-homogenous-goods-and-choosing-prices-in-each--5142995.htm',
          'https://www.transtutors.com/questions/close-window-s-apahse-uestion-19-question-15-o-21-the-cost-of-constructing-an-8000f--5142994.htm',
          'https://www.transtutors.com/questions/click-submit-to-complete-ths-s-nt-question-17-how-much-money-would-be-available-in-y-5142993.htm',
          'https://www.transtutors.com/questions/classify-each-of-the-statements-as-an-example-of-positive-or-normative-analysis-the--5142992.htm',
          'https://www.transtutors.com/questions/classify-the-following-pairs-of-goods-and-services-bottled-water-and-health-club-mem-5142991.htm',
          'https://www.transtutors.com/questions/classify-each-characteristic-according-to-whether-it-describes-positive-economics-or-5142990.htm',
          'https://www.transtutors.com/questions/when-classes-end-in-june-you-decide-to-take-an-internship-in-australia-you-decide-to-5142989.htm',
          'https://www.transtutors.com/questions/class-what-characteristic-of-the-market-for-epipens-prevents-it-from-operating-more--5142988.htm',
          'https://www.transtutors.com/questions/cla-mla-formatting-and-yle-guic-x-course-content-edu-ultra-courses-184720-1-cl-outli-5142987.htm',
          'https://www.transtutors.com/questions/cla-mla-formatting-and-yle-guic-x-course-content-edu-ultra-courses-184720-1-cl-outli-5142986.htm',
          'https://www.transtutors.com/questions/chrome-fle-edit-vew-history-bookmarks-people-window-help-57-4-sat-6-34p-whatsapp-unt-5142985.htm',
          'https://www.transtutors.com/questions/christine-has-utility-given-by-u-x1-x2-2-xj-4vx2-if-p-180-find-christine-39-s-optima-5142984.htm',
          'https://www.transtutors.com/questions/explain-why-it-is-b-you-are-choosing-from-the-following-independent-projects-and-you-5142983.htm',
          'https://www.transtutors.com/questions/i-choose-the-a-not-to-sure-about-it-if-u-are-not-sure-pls-let-me-know-complete-the-f-5142982.htm',
          'https://www.transtutors.com/questions/choose-the-correct-statement-a-we-measure-the-change-in-production-by-comparing-nomi-5142981.htm',
          'https://www.transtutors.com/questions/choice-select-the-best-answer-from-among-the-choices-provided-mnf-wastewater-dischar-5142980.htm',
          'https://www.transtutors.com/questions/a-chinese-high-technology-manufacturing-firm-has-a-production-function-of-q-11l08002-5142979.htm',
          'https://www.transtutors.com/questions/china-is-now-the-second-largest-economy-in-the-world-and-most-of-the-growth-has-occu-5142978.htm',
          'https://www.transtutors.com/questions/china-bau-restrict-bau-restrict-china-restrict-bau-ealra-impontaust-wq3-exercise-4-1-5142977.htm',
          'https://www.transtutors.com/questions/how-was-child-labor-reforms-carried-out-in-the-late-1800s-and-early-1900s--5142976.htm',
          'https://www.transtutors.com/questions/how-did-child-labor-of-the-late-1800s-and-late-1900s-affect-society--5142975.htm',
          'https://www.transtutors.com/questions/a-chemical-pesticide-producer-releases-wastes-into-the-klang-river-because-the-negat-5142974.htm',
          'https://www.transtutors.com/questions/checking-account-balances-are-included-m1-and-serve-as-a-medium-of-exchange-not-incl-5142973.htm',
          'https://www.transtutors.com/questions/hi-can-you-help-me-with-this-question-please-check-r-he-table-below-is-the-current-b-5142972.htm',
          'https://www.transtutors.com/questions/chapter-5-summary-elasticity-and-its-application-create-animated-video-to-summarize--5142971.htm',
          'https://www.transtutors.com/questions/chapter-2-you-should-know-what-a-quot-market-quot-is-and-how-markets-operate-referri-5142970.htm',
          'https://www.transtutors.com/questions/chapter-15-news-wire-about-saving-rates-notice-in-the-news-wire-in-your-chapter-15-t-5142969.htm',
          'https://www.transtutors.com/questions/in-chapter-10-of-international-economics-carbaugh-2011-asks-quot-can-the-united-stat-5142968.htm',
          'https://www.transtutors.com/questions/was-chairman-of-the-federal-reserve-during-the-2008-financial-collapse-and-is-5142967.htm',
          'https://www.transtutors.com/questions/the-chained-consumer-price-index-a-assumes-that-households-purchase-the-same-bundle--5142966.htm',
          'https://www.transtutors.com/questions/ch-23-back-to-anigment-attempts-keep-the-highest-1-4-measuring-gdp-the-following-ta-5142965.htm',
          'https://www.transtutors.com/questions/ceteris-paribus-which-of-the-following-might-result-in-a-rightward-shift-in-a-hypoth-5142964.htm'],
 'project': ['trans'],
 'referring_link': ['https://www.transtutors.com/questions/economics/220/'],
 'spider': ['trans_links']}
2020-02-05 23:30:27 [scrapy.core.engine] DEBUG: Crawled (200) <GET https://www.transtutors.com/questions/economics/222/> (referer: https://www.google.com/) ['cached']
2020-02-05 23:30:27 [scrapy.core.scraper] DEBUG: Scraped from <200 https://www.transtutors.com/questions/economics/221/>
{'category': ['economy'],
 'date': [datetime.datetime(2020, 2, 5, 23, 30, 27, 317558)],
 'link': ['https://www.transtutors.com/questions/on-a-certain-island-there-are-only-two-goods-wheat-and-milk-the-only-there-are-wheat-5142963.htm',
          'https://www.transtutors.com/questions/you-are-the-ceo-of-a-vacation-cruise-company-that-provides-cruise-service-between-se-5142962.htm',
          'https://www.transtutors.com/questions/central-bank-policy-requires-northern-bank-to-hold-10-of-its-deposits-as-reserves-no-5142961.htm',
          'https://www.transtutors.com/questions/if-the-central-bank-decreases-the-amount-of-reserves-banks-are-required-to-hold-from-5142960.htm',
          'https://www.transtutors.com/questions/if-a-ceiling-on-the-price-of-bread-leads-to-the-disappearance-of-higher-quality-spec-5142959.htm',
          'https://www.transtutors.com/questions/what-causes-dips-and-rises-in-the-economy-and-how-has-the-globalization-of-economic--5142958.htm',
          'https://www.transtutors.com/questions/in-the-case-of-a-taking-just-compensation-is-defined-as--5142956.htm',
          'https://www.transtutors.com/questions/case-study-apple-iphone-there-are-risks-and-rewards-for-all-in-a-global-economy-the--5142955.htm',
          'https://www.transtutors.com/questions/the-case-for-federal-reserve-independence-is-based-on-the-following-arguments-except-5142954.htm',
          'https://www.transtutors.com/questions/case-6-2-when-in-rome-do-as-the-romans-upon-graduation-you-take-a-position-with-an-o-5142953.htm',
          'https://www.transtutors.com/questions/case-5-starbucks-1-what-are-some-of-the-challenges-associated-with-starbucks-aggress-5142952.htm',
          'https://www.transtutors.com/questions/carl-has-a-limited-income-and-consumes-only-steak-and-chili-cheese-hotdogs-his-curre-5142951.htm',
          'https://www.transtutors.com/questions/capitaligea-cost-we-have-17-ironworker-anc-painters-working-maintenane-20-olaan-pain-5142950.htm',
          'https://www.transtutors.com/questions/capital-goods-question-41-1-poin-a-c-pp-pp-pp-consumer-goods-refer-to-the-diagram-wh-5142949.htm',
          'https://www.transtutors.com/questions/in-cap-and-trade-programs-where-the-damages-are-non-uniform-there-is-a-direct-trade--5142948.htm',
          'https://www.transtutors.com/questions/in-a-cap-and-trade-program-as-polluters-buy-and-sell-permits-they-move-to-a-situatio-5142947.htm',
          'https://www.transtutors.com/questions/cap-and-trade-policy-in-effect-makes-the-right-to-pollute-a-tradable-good-true-or-fa-5142946.htm',
          'https://www.transtutors.com/questions/canadian-ore-inc-extracts-4-200-worth-of-iron-ore-every-year-and-exports-it-to-ameri-5142944.htm',
          'https://www.transtutors.com/questions/the-canadian-dollar-will-most-likely-weaken-against-the-u-s-dollar-if-interest-rates-5142943.htm',
          'https://www.transtutors.com/questions/a-if-in-canada-the-working-age-population-is-30-million-18-million-are-employed-2-mi-5142942.htm',
          'https://www.transtutors.com/questions/why-does-a-campground-at-a-national-park-not-necessarily-count-as-a-public-good-corr-5142941.htm',
          'https://www.transtutors.com/questions/calendar-buy-aurora-cannabis-stock-ffacebook-a-marginal-cost-curve-can-b-structure-c-5142940.htm',
          'https://www.transtutors.com/questions/calendar-biy-auora-conabs-stodk-f-bok-structure-com-courses-12838-quizzes-91626-take-5142939.htm',
          'https://www.transtutors.com/questions/calculate-the-present-worth-of-18-uniform-payments-of-8-400-that-begin-1-year-from-n-5142938.htm',
          'https://www.transtutors.com/questions/how-to-calculate-mr-curve-and-draw-the-diagram-monopoly-elixir-spring-produces-a-uni-5142937.htm',
          'https://www.transtutors.com/questions/calculate-the-following-amounts-for-the-imaginary-economy-of-beta-please-make-sure-y-5142936.htm',
          'https://www.transtutors.com/questions/calculate-elasticity-using-standard-method-of-computing-the-percentage-change-going--5142935.htm',
          'https://www.transtutors.com/questions/calculate-consumer-and-producer-surplus-and-total-welfare-using-the-following-inform-5142934.htm',
          'https://www.transtutors.com/questions/ca-you-please-double-check-what-i-put-in-the-blanks-as-well-i-am-not-100-sure-if-i-e-5142933.htm',
          'https://www.transtutors.com/questions/c-option-allocative-efficiency-regulatory-efficiency-higher-expected-profit-levels-l-5142932.htm',
          'https://www.transtutors.com/questions/c-get-homework-help-with-chegg-st-on-x-iz-ctx-david-davis-0025-quiz-action-takequiz--5142931.htm',
          'https://www.transtutors.com/questions/a-c-g-0-t-quantity-of-labor-country-b-d-e-u-quantity-of-labor-country-a-in-the-accom-5142930.htm',
          'https://www.transtutors.com/questions/c-the-figure-below-shows-the-effect-of-an-improved-investment-climate-in-the-united--5142929.htm',
          'https://www.transtutors.com/questions/need-help-with-this-question-c-what-is-the-efficient-level-of-quantity-in-the-market-5142928.htm',
          'https://www.transtutors.com/questions/c-i-3-complete-the-table-below-a-average-product-ap-marginal-product-mp-3-with-daily-5142927.htm',
          'https://www.transtutors.com/questions/c-10-points-you-are-the-ceo-of-a-mid-sized-los-angeles-commercial-bank-you-are-curre-5142926.htm',
          'https://www.transtutors.com/questions/byob-is-a-monopollst-in-beer-production-and-distribution-in-a-small-country-suppose--5142925.htm',
          'https://www.transtutors.com/questions/questions-23-25-and-26-please-some-buyers-will-not-be-able-to-buy-any-of-the-product-5142924.htm',
          'https://www.transtutors.com/questions/buy-aurora-cannabis-siodk-f-aebook-e-com-courses-12838-quizzes-91626-take-ed-jun-17--5142923.htm',
          'https://www.transtutors.com/questions/businesses-employ-resources-to-use-in-the-production-and-sale-of-a-good-or-service-a-5142922.htm',
          'https://www.transtutors.com/questions/business-management-question-3-you-are-the-purchasing-manager-ofa-construction-busin-5142921.htm',
          'https://www.transtutors.com/questions/business-law-morgan-is-driving-on-i-5-when-his-car-just-stops-running-and-he-guides--5142920.htm',
          'https://www.transtutors.com/questions/the-burden-of-a-tax-system-comes-from-its-select-one-a-effect-on-marginal-incentives-5142918.htm',
          'https://www.transtutors.com/questions/britain-must-give-up-the-production-of-75-hats-to-produce-25-additional-sweaters-the-5142917.htm',
          'https://www.transtutors.com/questions/quot-briefly-describe-the-factors-affecting-collusion-in-pricing-games-quot--5142916.htm',
          'https://www.transtutors.com/questions/briefly-describe-the-different-methods-that-washington-and-colorado-used-to-achieve--5142915.htm',
          'https://www.transtutors.com/questions/brian-300-crystal-250-edison-4-200-a-hilary-200-b-150-kevin-maria-100-50-c-0-1-2-3-5-5142914.htm',
          'https://www.transtutors.com/questions/brady-and-sons-uses-accounts-receivable-as-collateral-to-borrow-money-for-operations-5142913.htm',
          'https://www.transtutors.com/questions/the-box-manufacturing-division-of-the-allied-paper-company-n-require-a-retun-of-7-ma-5142912.htm',
          'https://www.transtutors.com/questions/how-can-borrowing-money-as-an-alternative-to-foreign-investment-stimulate-the-long-t-5142911.htm'],
 'project': ['trans'],
 'referring_link': ['https://www.transtutors.com/questions/economics/221/'],
 'spider': ['trans_links']}
2020-02-05 23:30:27 [scrapy.core.engine] DEBUG: Crawled (200) <GET https://www.transtutors.com/questions/economics/223/> (referer: https://www.google.com/) ['cached']
2020-02-05 23:30:27 [scrapy.core.scraper] DEBUG: Scraped from <200 https://www.transtutors.com/questions/economics/222/>
{'category': ['economy'],
 'date': [datetime.datetime(2020, 2, 5, 23, 30, 27, 523146)],
 'link': ['https://www.transtutors.com/questions/bonus-5-pts-equipment-with-a-useful-life-of-13-years-has-the-following-costs-initial-5142910.htm',
          'https://www.transtutors.com/questions/bonus-5-points-some-lenders-charce-an-up-front-fee-on-a-loan-which-is-added-to-what--5142909.htm',
          'https://www.transtutors.com/questions/bob-thomason-produces-theorems-using-hours-of-labor-and-big-machines-in-the-short-ru-5142908.htm',
          'https://www.transtutors.com/questions/bob-thomason-produces-theorems-using-hours-of-labor-and-big-machines-in-the-short-ru-5142907.htm',
          'https://www.transtutors.com/questions/bob-thomason-produces-theorems-using-hours-of-labor-and-big-machines-in-the-short-ru-5142906.htm',
          'https://www.transtutors.com/questions/bob-sells-tires-he-knows-that-his-weekly-sales-drop-if-he-increases-the-unit-price-p-5142905.htm',
          'https://www.transtutors.com/questions/the-bls-survey-found-the-numbers-in-the-table-for-a-small-community-category-number--5142904.htm',
          'https://www.transtutors.com/questions/the-bls-survey-found-the-numbers-in-the-table-for-a-small-community-category-number--5142903.htm',
          'https://www.transtutors.com/questions/a-blackboard-umes-edu-google-economics-3-flas-econ-hw1-c04-microeconmics-fl-get-home-5142902.htm',
          'https://www.transtutors.com/questions/birth-rates-in-a-the-united-states-decline-diapers-factors-that-shift-demand-to-the--5142901.htm',
          'https://www.transtutors.com/questions/billy-joe-39-s-utility-function-is-given-by-u-x-y-inx-y-if-at-current-prices-and-inc-5142900.htm',
          'https://www.transtutors.com/questions/what-is-bigdota-and-business-intellgence-ond-how-compung-get-compecitive-advanitage--5142899.htm',
          'https://www.transtutors.com/questions/the-big-one-essential-mattress-pad-take-test-chapter-9-quiz-2100-119205-remaining-ti-5142898.htm',
          'https://www.transtutors.com/questions/a-bicycle-component-manufacturer-produces-hubs-for-bike-wheels-two-processes-are-pos-5142897.htm',
          'https://www.transtutors.com/questions/bf8-d900a00008-use-the-graph-input-tool-to-help-you-answer-the-following-questions-y-5142896.htm',
          'https://www.transtutors.com/questions/betty-consumes-good-x-and-good-y-if-the-price-of-x-3-and-the-price-of-y-4-then-oa-an-5142895.htm',
          'https://www.transtutors.com/questions/the-best-measure-of-economic-growth-is-the-growth-of-a-real-gdp-per-capita-b-nominal-5142894.htm',
          'https://www.transtutors.com/questions/the-best-capital-structure-is-found-20-points-what-does-39-capital-structure-39-mean-5142893.htm',
          'https://www.transtutors.com/questions/bertrand-model-q1-in-tuftsville-everyone-lives-along-main-street-that-is-10-miles-lo-5142892.htm',
          'https://www.transtutors.com/questions/benefits-of-free-trade-tend-to-be-highly-concentrated-where-is-the-costs-are-widely--5142891.htm',
          'https://www.transtutors.com/questions/belle-likes-to-wear-either-sandals-or-crocs-but-she-always-receives-3-times-the-marg-5142890.htm',
          'https://www.transtutors.com/questions/to-begin-review-the-module-resources-then-consider-the-difference-between-a-patient--5142889.htm',
          'https://www.transtutors.com/questions/if-you-became-a-member-of-a-task-force-to-improve-company-performance-on-the-followi-5142888.htm',
          'https://www.transtutors.com/questions/bb-montgomerycollege-blackboard-com-take-test-midterm-summer-micr-home-montgomerycol-5142887.htm',
          'https://www.transtutors.com/questions/only-about-bathing-suits-b-and-flip-flops-f-his-utility-function-is-5-suppose-that-k-5142886.htm',
          'https://www.transtutors.com/questions/basic-supply-and-demand-analysis-indicates-that-having-firms-rather-than-the-governm-5142885.htm',
          'https://www.transtutors.com/questions/based-on-your-reading-of-the-challenger-case-do-you-think-the-advocacy-or-inquiry-ap-5142884.htm',
          'https://www.transtutors.com/questions/based-on-the-following-information-calculate-public-saving-net-foreign-investment-an-5142883.htm',
          'https://www.transtutors.com/questions/based-on-comparative-advantage-two-people-who-live-in-two-different-islands-and-each-5142882.htm',
          'https://www.transtutors.com/questions/based-on-the-balance-sheet-below-answer-the-following-questions-capital-requirements-5142881.htm',
          'https://www.transtutors.com/questions/based-on-the-article-quot-syrup-makers-worry-warm-weather-will-sap-their-season-quot-5142880.htm',
          'https://www.transtutors.com/questions/based-on-the-article-quot-syrup-makers-worry-warm-weather-will-sap-their-season-quot-5142879.htm',
          'https://www.transtutors.com/questions/based-on-annual-before-tax-incomes-data-from-the-bureau-of-census-about-what-percent-5142878.htm',
          'https://www.transtutors.com/questions/base-on-the-following-information-answer-question-a-d-consider-a-model-with-two-coun-5142877.htm',
          'https://www.transtutors.com/questions/bary-aurora-canrabis-stodk-facebook-amaigal-cost-arve-ca-b-structure-com-courses-128-5142876.htm',
          'https://www.transtutors.com/questions/a-bank-is-operating-under-a-required-reserve-ratio-of-10-if-this-bank-has-excess-res-5142875.htm',
          'https://www.transtutors.com/questions/the-balanced-scorecard-provides-a-performance-review-tool-that-incorporates-financia-5142874.htm',
          'https://www.transtutors.com/questions/the-balance-of-power-in-the-workplace-has-shifted-from-the-employee-to-the-employer--5142873.htm',
          'https://www.transtutors.com/questions/the-quot-bailout-quot-of-the-banking-system-by-the-u-s-government-was-a-net-cost-to--5142872.htm',
          'https://www.transtutors.com/questions/back-to-assignment-attempts-do-no-harm-1-3-individual-problems-9-3-new-entry-ha-decr-5142870.htm',
          'https://www.transtutors.com/questions/b5-10-marks-using-the-supply-and-demand-analysis-of-the-market-for-reserves-indicate-5142869.htm',
          'https://www.transtutors.com/questions/how-to-do-this-question-b2-13-marks-consider-a-perfectly-competitive-industry-in-whi-5142868.htm',
          'https://www.transtutors.com/questions/b12xi3di-b4-x-x-d-in-the-regression-model-y-continuous-variable-and-d-is-a-dummy-var-5142867.htm',
          'https://www.transtutors.com/questions/b1-8-marks-the-demand-curve-and-supply-curve-for-one-year-discount-bonds-with-a-face-5142866.htm',
          'https://www.transtutors.com/questions/b-the-value-of-equilibrium-income-is-600-c-at-equilibrium-the-value-of-total-injecti-5142865.htm',
          'https://www.transtutors.com/questions/b-use-the-ultimatum-game-in-which-player-1-is-endowed-with-5-dollars-1-explain-the--5142864.htm',
          'https://www.transtutors.com/questions/b-total-revenue-is-represented-by-area-c-variable-cost-is-represented-by-area--5142863.htm',
          'https://www.transtutors.com/questions/is-a-and-b-right-and-how-do-you-solve-for-c-and-d-udoge-paused-bckod-do-y-4-business-5142862.htm',
          'https://www.transtutors.com/questions/b-a-project-has-an-original-budget-of-600-000-and-after-the-first-4-month-of-a-12-mo-5142861.htm',
          'https://www.transtutors.com/questions/b-persatuan-pelajar-kejuruteraan-universiti-malaya-sedang-merancang-lawatan-selama-e-5142860.htm'],
 'project': ['trans'],
 'referring_link': ['https://www.transtutors.com/questions/economics/222/'],
 'spider': ['trans_links']}
2020-02-05 23:30:27 [scrapy.core.engine] DEBUG: Crawled (200) <GET https://www.transtutors.com/questions/economics/224/> (referer: https://www.google.com/) ['cached']
2020-02-05 23:30:27 [scrapy.core.scraper] DEBUG: Scraped from <200 https://www.transtutors.com/questions/economics/223/>
{'category': ['economy'],
 'date': [datetime.datetime(2020, 2, 5, 23, 30, 27, 727439)],
 'link': ['https://www.transtutors.com/questions/b-it-is-against-the-law-to-accept-goods-or-services-without-paying-for-them-d-every--5142859.htm',
          'https://www.transtutors.com/questions/b-increasing-marginal-returns-c-economics-of-scale-d-all-of-the-above-9-if-two-diffe-5142858.htm',
          'https://www.transtutors.com/questions/b-d-s-p-the-market-for-elementary-education-in-the-preceding-figure-d-represents-the-5142857.htm',
          'https://www.transtutors.com/questions/b-if-we-currently-have-free-trade-and-the-world-price-is-4-what-is-the-dead-weight-l-5142856.htm',
          'https://www.transtutors.com/questions/b-all-the-cost-curves-shift-upward-c-only-the-average-variable-cost-and-average-tota-5142855.htm',
          'https://www.transtutors.com/questions/a-b-c-d-the-production-function-for-hamburgers-can-be-written-as-q-0-1x-0-1y-where--5142854.htm',
          'https://www.transtutors.com/questions/b-the-article-mentions-that-a-lot-of-spanish-wine-producers-rely-on-bulk-and-economi-5142853.htm',
          'https://www.transtutors.com/questions/b-6-years-2-2-marks-joe-can-invest-his-money-with-mucho-bank-at-6-5-compounded-month-5142852.htm',
          'https://www.transtutors.com/questions/the-average-tax-rate-is-the-o-a-total-amount-of-taxes-paid-by-an-individual-o-b-perc-5142851.htm',
          'https://www.transtutors.com/questions/if-the-average-productivity-of-labor-equals-the-marginal-product-then-o-a-the-averag-5142850.htm',
          'https://www.transtutors.com/questions/these-are-the-average-figures-for-a-town-in-west-virginia-family-income-per-month-15-5142849.htm',
          'https://www.transtutors.com/questions/average-5-6-attempts-8-bank-regulating-tools-a-report-on-the-operations-and-financia-5142848.htm',
          'https://www.transtutors.com/questions/average-14-attempts-4-interest-rate-spread-suppose-that-east-bank-currently-charges--5142847.htm',
          'https://www.transtutors.com/questions/ava-is-in-school-learning-to-be-a-welder-she-spends-long-hours-studying-and-drinking-5142846.htm',
          'https://www.transtutors.com/questions/automobile-repair-shops-typically-recommend-that-their-customers-change-their-oil-an-5142845.htm',
          'https://www.transtutors.com/questions/an-automobile-dealership-offers-to-fl-the-four-tires-of-your-new-car-with-100-nitrog-5142844.htm',
          'https://www.transtutors.com/questions/what-are-the-automatic-adjustment-mechanisms-in-the-balance-of-payments-that-returns-5142843.htm',
          'https://www.transtutors.com/questions/the-authors-distinguish-between-controllable-and-uncontrollable-factors-that-influen-5142842.htm',
          'https://www.transtutors.com/questions/in-austria-woman-can-get-up-to-48-months-of-pension-benefits-and-is-guaranteed-a-mat-5142841.htm',
          'https://www.transtutors.com/questions/australia-and-new-zealand-have-had-free-trade-with-each-other-for-many-years-under-t-5142840.htm',
          'https://www.transtutors.com/questions/attempts-keep-the-highest-2-8-property-rights-and-market-failures-loggers-are-much-m-5142839.htm',
          'https://www.transtutors.com/questions/attempts-do-no-harm-4-4-minimum-wage-legislation-the-following-graph-shows-the-labor-5142838.htm',
          'https://www.transtutors.com/questions/attempts-average-5-2-saving-and-investment-in-the-national-income-accounts-the-follo-5142837.htm',
          'https://www.transtutors.com/questions/attempts-average-3-3-productivity-and-growth-policies-consider-a-small-island-countr-5142836.htm',
          'https://www.transtutors.com/questions/attempts-average-1-3-the-meaning-of-saving-and-investment-classify-each-of-the-follo-5142835.htm',
          'https://www.transtutors.com/questions/attempts-average-1-2-4-computing-and-interpreting-average-tax-rates-in-a-hypothetica-5142834.htm',
          'https://www.transtutors.com/questions/in-an-attempt-to-strengthen-the-health-system-and-improve-health-service-delivery-za-5142833.htm',
          'https://www.transtutors.com/questions/ationn-com-tiow-conect-htm-ect-quiz-saved-help-save-exit-submit-assume-that-the-econ-5142832.htm',
          'https://www.transtutors.com/questions/assume-that-there-are-two-firms-in-the-market-supplying-a-new-health-sensation-deep--5142831.htm',
          'https://www.transtutors.com/questions/assume-that-the-twilio-amazon-stack-becomes-the-cloud-contact-center-market-leader-u-5142830.htm',
          'https://www.transtutors.com/questions/assume-that-the-transmission-mechanism-of-monetary-policy-implies-lags-the-interest--5142829.htm',
          'https://www.transtutors.com/questions/assume-that-it-takes-a-worker-three-hours-of-labor-time-to-paint-a-room-and-eight-ho-5142828.htm',
          'https://www.transtutors.com/questions/assume-the-short-run-variable-cost-function-for-japanese-beer-is-vcequals0-5q-supers-5142827.htm',
          'https://www.transtutors.com/questions/assume-that-the-quantty-theory-of-money-holds-and-that-velocty-is-constant-at-5-outp-5142826.htm',
          'https://www.transtutors.com/questions/assume-that-the-natural-rate-of-unemployment-in-ecoland-is-6-based-on-okun-39-s-law--5142825.htm',
          'https://www.transtutors.com/questions/assume-that-the-monopolist-has-a-cost-function-tc-2-suppose-the-monopolist-can-perfe-5142824.htm',
          'https://www.transtutors.com/questions/assume-that-the-market-for-freshly-cut-christmas-trees-in-the-town-of-podunk-is-perf-5142823.htm',
          'https://www.transtutors.com/questions/assume-that-laws-have-been-passed-that-require-the-federal-government-to-run-a-balan-5142822.htm',
          'https://www.transtutors.com/questions/assume-the-largest-city-in-malalia-a-fictitious-country-is-a-million-also-assume-tha-5142821.htm',
          'https://www.transtutors.com/questions/assume-that-a-hypothetical-economy-with-an-mpc-of-0-8-is-experiencing-severe-recessi-5142820.htm',
          'https://www.transtutors.com/questions/assume-that-a-hypothetical-economy-with-an-mpc-of-0-75-is-experiencing-severe-recess-5142819.htm',
          'https://www.transtutors.com/questions/assume-the-following-information-st-6-ars-eur-ft-1year-6-25-ars-eur-ieur-2-iars-7-ca-5142818.htm',
          'https://www.transtutors.com/questions/assume-the-following-information-st-1-50-usd-eur-ft-1year-1-48-usd-eur-ieur-5-50-ius-5142817.htm',
          'https://www.transtutors.com/questions/please-complete-all-missing-fields-assume-that-the-following-cost-data-are-for-a-pur-5142816.htm',
          'https://www.transtutors.com/questions/assume-the-following-i-the-public-holds-no-currency-ii-the-ratio-of-reserves-to-depo-5142815.htm',
          'https://www.transtutors.com/questions/assume-the-following-the-public-holds-no-currency-ii-the-ratio-of-reserves-to-deposi-5142814.htm',
          'https://www.transtutors.com/questions/assume-fhat-the-csa-incrrases-rts-interest-tate-kcr-re-fhe-nterest-rates-in-fhe-ast--5142813.htm',
          'https://www.transtutors.com/questions/assume-that-the-equilibrium-real-fed-funds-rate-is-2-and-that-an-appropriate-target--5142812.htm',
          'https://www.transtutors.com/questions/assume-that-the-most-efficient-production-technology-available-for-making-vitamin-pi-5142811.htm',
          'https://www.transtutors.com/questions/assume-the-economy-is-initially-represented-by-the-three-curves-in-the-figures-below-5142810.htm'],
 'project': ['trans'],
 'referring_link': ['https://www.transtutors.com/questions/economics/223/'],
 'spider': ['trans_links']}
2020-02-05 23:30:27 [scrapy.core.engine] DEBUG: Crawled (200) <GET https://www.transtutors.com/questions/economics/225/> (referer: https://www.google.com/) ['cached']
2020-02-05 23:30:27 [scrapy.core.scraper] DEBUG: Scraped from <200 https://www.transtutors.com/questions/economics/224/>
{'category': ['economy'],
 'date': [datetime.datetime(2020, 2, 5, 23, 30, 27, 886434)],
 'link': ['https://www.transtutors.com/questions/assume-the-economy-can-be-described-by-the-consumption-function-c-300-billion-0-9y-1-5142809.htm',
          'https://www.transtutors.com/questions/assume-that-you-are-an-economic-policy-adviser-and-the-government-has-asked-you-to-p-5142808.htm',
          'https://www.transtutors.com/questions/assume-that-the-diagram-below-represents-the-production-possibility-of-a-hypothetica-5142807.htm',
          'https://www.transtutors.com/questions/answer-assume-that-your-bank-balance-has-been-increasing-according-to-an-arithmetic--5142806.htm',
          'https://www.transtutors.com/questions/assume-a-1-per-unit-tax-is-imposed-on-a-market-2-hints-see-pp-165-171-in-the-chapter-5142805.htm',
          'https://www.transtutors.com/questions/assignmicmt-question-one-a-fill-in-the-below-table-and-sketch-a-graph-b-comment-gene-5142804.htm',
          'https://www.transtutors.com/questions/assignment-principles-of-microeconomics-using-the-graph-shown-for-cases-of-coke-calc-5142803.htm',
          'https://www.transtutors.com/questions/assignment-p-4-i-3-c-7-quantity-using-the-graph-calculate-the-elasticity-of-demand-e-5142802.htm',
          'https://www.transtutors.com/questions/assignment-p-4-i-3-c-7-quantity-using-the-graph-calculate-the-elasticity-of-demand-e-5142801.htm',
          'https://www.transtutors.com/questions/anyone-know-the-answer-please-help-thanks-assignment-i-help-saved-seve-e-che-require-5142800.htm',
          'https://www.transtutors.com/questions/assignment-government-price-controls-answer-the-following-questions-in-the-market-fo-5142799.htm',
          'https://www.transtutors.com/questions/assignment-details-scenario-while-reading-a-news-article-on-your-favorite-athletic-s-5142798.htm',
          'https://www.transtutors.com/questions/for-this-assignment-you-will-choose-to-focus-on-one-interest-group-healthcare-choose-5142797.htm',
          'https://www.transtutors.com/questions/b-assignment-4-measuring-the-cost-of-living-1-calculate-a-price-index-for-2005-2006--5142796.htm',
          'https://www.transtutors.com/questions/assigned-questions-use-the-graph-of-the-market-for-cigarettes-below-to-answer-the-fo-5142795.htm',
          'https://www.transtutors.com/questions/assessing-macroeconomic-performance-what-measuring-sticks-metrics-you-would-use-in-o-5142794.htm',
          'https://www.transtutors.com/questions/assess-the-recent-20-year-u-s-unemployment-and-inflation-data-do-the-current-u-s-une-5142793.htm',
          'https://www.transtutors.com/questions/between-assembly-chart-and-operaiions-p-ccs-2-what-would-be-the-objective-in-designi-5142792.htm',
          'https://www.transtutors.com/questions/arted-jun-17-at-6-01pm-uiz-instructions-1-pts-question-25-suppose-q-120l-2l2-output--5142791.htm',
          'https://www.transtutors.com/questions/an-arithmetic-cash-flow-gradient-series-equals-650-in-year-1-750-in-year-2-and-amoun-5142790.htm',
          'https://www.transtutors.com/questions/apps-assessment-do-content-assessment-action-modify-course-id-107758-1-content-id-80-5142789.htm',
          'https://www.transtutors.com/questions/what-is-the-most-appropriate-monetary-policy-for-our-economy-right-now--5142788.htm',
          'https://www.transtutors.com/questions/in-applying-for-a-job-what-does-it-mean-by-establishing-your-professional-brand--5142787.htm',
          'https://www.transtutors.com/questions/application-us-aggregate-demand-data-please-note-bea-updated-their-data-this-week-so-5142786.htm',
          'https://www.transtutors.com/questions/aples-of-economics-suppose-that-when-the-price-of-gasoline-is-3-per-gallon-the-total-5142785.htm',
          'https://www.transtutors.com/questions/apersanal-computer-salesperson-receves-a-base-salary-of-2000-per-month-and-a-commiss-5142784.htm',
          'https://www.transtutors.com/questions/apen-wo-uiea-ueo-saununoo-yog-39-saioua-aleos-pue-uonnaduo-escidouow-o-aasaud-ay-us--5142783.htm',
          'https://www.transtutors.com/questions/the-answers-are-filled-in-but-i-have-no-idea-how-to-work-can-you-walk-be-through-ste-5142781.htm',
          'https://www.transtutors.com/questions/the-answers-are-f-f-uncertain-t-please-give-explainations-for-c-and-d-1-5-points-eac-5142780.htm',
          'https://www.transtutors.com/questions/i-answered-that-the-peak-would-be-the-second-green-point-at-the-top-of-the-curve-the-5142779.htm',
          'https://www.transtutors.com/questions/answer-the-questions-use-the-lorenz-curve-diagram-shown-to-the-right-100-a-did-the-d-5142778.htm',
          'https://www.transtutors.com/questions/answer-the-question-based-on-the-following-data-price-quantity-demanded-per-per-unit-5142777.htm',
          'https://www.transtutors.com/questions/answer-the-following-questions-3-a-describe-how-the-price-specie-flow-mechanism-of-i-5142776.htm',
          'https://www.transtutors.com/questions/answer-the-following-questions-3-a-describe-how-the-price-specie-flow-mechanism-of-i-5142775.htm',
          'https://www.transtutors.com/questions/the-answer-is-false-but-i-m-having-trouble-understanding-why-please-explain-if-you-c-5142774.htm',
          'https://www.transtutors.com/questions/the-answer-i-chose-is-incorrect-please-give-me-the-exact-answer-and-i-will-definitel-5142773.htm',
          'https://www.transtutors.com/questions/answer-bank-along-a-particular-budget-line-the-prices-faced-by-the-consumer-and-the--5142772.htm',
          'https://www.transtutors.com/questions/answer-only-2-out-of-the-5-questions-31-32-33-34-and-35-below-31-consider-an-economy-5142771.htm',
          'https://www.transtutors.com/questions/the-annual-rate-of-inflation-is-the-a-price-level-b-consumer-price-index-c-annual-pe-5142770.htm',
          'https://www.transtutors.com/questions/ann-leases-a-farmer-39-s-field-for-40-a-day-and-grows-pumpkins-she-pays-students-100-5142769.htm',
          'https://www.transtutors.com/questions/ann-leases-a-farmer-39-s-field-for-100-a-day-and-grows-melons-she-pays-students-80-a-5142768.htm',
          'https://www.transtutors.com/questions/andorra-monaco-music-boxes-music-150-boxes-100-80-50-75-75-150-30-watches-watches-ma-5142767.htm',
          'https://www.transtutors.com/questions/analyze-why-the-recent-20-year-u-s-unemployment-and-inflation-data-approves-or-dispr-5142766.htm',
          'https://www.transtutors.com/questions/analyze-the-change-in-y-in-following-cases-when-central-bank-lowers-the-real-interes-5142765.htm',
          'https://www.transtutors.com/questions/analysts-have-suggested-that-the-cost-of-bras-is-related-to-trade-restrictions-on-te-5142764.htm',
          'https://www.transtutors.com/questions/analisiskan-perubahan-berikut-terhadap-keseimbangan-model-is-lm-b-analyze-the-follow-5142763.htm',
          'https://www.transtutors.com/questions/amoving-to-another-question-will-save-this-response-question-14-peter-takes-outa-loa-5142762.htm',
          'https://www.transtutors.com/questions/the-american-industrial-revolution-1770-1890-was-an-era-with-both-economic-growth-an-5142761.htm',
          'https://www.transtutors.com/questions/always-round-tire-tries-to-base-its-promotions-on-seniority-where-education-and-trai-5142760.htm',
          'https://www.transtutors.com/questions/an-aluminum-producer-acts-as-a-monopolist-who-sells-aluminum-to-an-airplane-manufact-5142759.htm'],
 'project': ['trans'],
 'referring_link': ['https://www.transtutors.com/questions/economics/224/'],
 'spider': ['trans_links']}
2020-02-05 23:30:28 [scrapy.core.engine] DEBUG: Crawled (200) <GET https://www.transtutors.com/questions/economics/226/> (referer: https://www.google.com/) ['cached']
2020-02-05 23:30:28 [scrapy.core.scraper] DEBUG: Scraped from <200 https://www.transtutors.com/questions/economics/225/>
{'category': ['economy'],
 'date': [datetime.datetime(2020, 2, 5, 23, 30, 28, 64703)],
 'link': ['https://www.transtutors.com/questions/although-governments-at-all-levels-sometimes-act-to-prevent-some-individuals-from-co-5142758.htm',
          'https://www.transtutors.com/questions/alqou-ayn-39-apou-joe-ds-ayi-ui-e-apen-wo-suie3-saemje-io1e-4-unbiased-economic-grow-5142757.htm',
          'https://www.transtutors.com/questions/alomg-with-an-earty-iovestmant-start-makes-a-big-diference-in-your-accumulated-retir-5142756.htm',
          'https://www.transtutors.com/questions/alice-consumes-bread-and-cheese-bread-is-sold-in-an-unusual-way-x1-units-of-bread-wi-5142755.htm',
          'https://www.transtutors.com/questions/alexander-and-vanessa-benefit-from-scientific-research-alexander-39-s-marginal-priva-5142754.htm',
          'https://www.transtutors.com/questions/alexander-hamilton-was-secretary-of-treasury-under-washington-and-some-say-he-was-on-5142753.htm',
          'https://www.transtutors.com/questions/alabama-food-prices-jump-in-may-alabama-farmers-federation-announced-that-food-pric-5142752.htm',
          'https://www.transtutors.com/questions/if-they-agree-to-how-much-will-with-without-each-person-gain-specialization-and-trad-5142751.htm',
          'https://www.transtutors.com/questions/the-aggregate-supply-aggregate-demand-diagram-assumes-the-short-run-aggregate-supply-5142749.htm',
          'https://www.transtutors.com/questions/what-does-the-aggregate-demand-aggregate-supply-curve-determine--5142748.htm',
          'https://www.transtutors.com/questions/afc-q-avc-q-tfc-tvc-dtc-dq-q-afc-tfc-avc-tvc-tc-mc-1-50-50-100-100-150-2-25-50-80-16-5142747.htm',
          'https://www.transtutors.com/questions/advanced-analysis-linear-equations-for-the-consumption-and-saving-schedules-take-the-5142746.htm',
          'https://www.transtutors.com/questions/help-stuck-on-this-economics-question-and-the-book-does-not-teach-this-formula-advan-5142745.htm',
          'https://www.transtutors.com/questions/adopting-a-tariff-on-vitamin-w-would-increase-total-american-consumption-of-vitamin--5142744.htm',
          'https://www.transtutors.com/questions/adinn-modris-new-college-of-business-of-department-of-economics-and-business-analyti-5142743.htm',
          'https://www.transtutors.com/questions/adi-aabbc-aabbccd-d-a-t-normal-title-t-no-spac-heading-1-heading-2-t-paragraph-style-5142742.htm',
          'https://www.transtutors.com/questions/additional-information-quantity-demanded-4400-100p-quantity-supplied-1000p-although--5142741.htm',
          'https://www.transtutors.com/questions/the-actual-cost-of-direct-labor-per-hour-is-16-00-and-the-standard-cost-of-direct-la-5142740.htm',
          'https://www.transtutors.com/questions/multiple-choices-actors-operating-from-these-places-power-allen-2010-draw-their-parm-5142739.htm',
          'https://www.transtutors.com/questions/active-learning-2-discussion-questions-in-each-of-the-following-situations-what-is-t-5142738.htm',
          'https://www.transtutors.com/questions/acme-widgets-is-a-monopolist-in-the-widget-market-the-widget-market-consists-of-60-a-5142737.htm',
          'https://www.transtutors.com/questions/acme-widgets-is-a-monopolist-in-the-widget-market-the-widget-market-consists-of-60-a-5142736.htm',
          'https://www.transtutors.com/questions/accounting-depreciation-for-an-asset-is-an-arbitrary-number-and-is-not-necessarily-r-5142735.htm',
          'https://www.transtutors.com/questions/according-to-the-solow-model-an-increase-in-the-fraction-of-output-that-is-saved-wil-5142734.htm',
          'https://www.transtutors.com/questions/according-to-ludwig-von-mises-given-the-fact-that-work-within-a-specific-situation-i-5142733.htm',
          'https://www.transtutors.com/questions/according-to-the-interest-parity-condition-the-following-factors-could-lead-to-a-dol-5142732.htm',
          'https://www.transtutors.com/questions/according-to-graph-1-1-as-the-economy-moves-from-point-a-to-point-b-to-point-c-to-po-5142731.htm',
          'https://www.transtutors.com/questions/according-to-the-above-figure-for-a-gasoline-market-a-decrease-in-the-price-from-2-t-5142730.htm',
          'https://www.transtutors.com/questions/according-to-those-who-advocate-free-markets-discrimination-on-the-basis-of-race-gen-5142729.htm',
          'https://www.transtutors.com/questions/if-the-absolute-value-of-the-slope-of-the-demand-curve-is-0-25-price-is-8-per-unit-a-5142728.htm',
          'https://www.transtutors.com/questions/aaquunu-ajoqm-saeau-aup-o-papunou-aqunu-e-se-jamsue-nok-zau-oso00-s-13foad-sp-p-o-p-5142727.htm',
          'https://www.transtutors.com/questions/9-suppose-the-economy-is-starting-from-a-situation-of-long-run-equilibrium-in-this-c-5142726.htm',
          'https://www.transtutors.com/questions/9-illustrating-the-difference-between-the-old-and-new-digital-economies--5142725.htm',
          'https://www.transtutors.com/questions/9-10-suppose-that-there-are-two-goods-ai-and-x2-let-the-price-of-good-1-be-denoted-b-5142724.htm',
          'https://www.transtutors.com/questions/9-suppose-that-a-monopolist-has-the-following-demand-curve-qd-50-0-5-p-and-the-firm--5142723.htm',
          'https://www.transtutors.com/questions/9-regulating-a-natural-monopoly-consider-the-local-telephone-company-a-natural-monop-5142722.htm',
          'https://www.transtutors.com/questions/9-regulating-a-natural-monopoly-consider-the-local-cable-company-a-natural-monopoly--5142721.htm',
          'https://www.transtutors.com/questions/9-monetary-policy-will-be-less-effective-at-offsetting-a-drops-in-velocity-b-decreas-5142720.htm',
          'https://www.transtutors.com/questions/9-factors-that-influence-standard-of-living-which-of-the-following-factors-explains--5142719.htm',
          'https://www.transtutors.com/questions/9-discuss-the-dry-bulk-markets-on-their-differences-and-similarities-in-structure-an-5142718.htm',
          'https://www.transtutors.com/questions/0-an-quot-aria-describedby-quot-gih-quot-style-quot-quot-gt-9-consider-competitive-i-5142717.htm',
          'https://www.transtutors.com/questions/9-consider-a-competitive-industry-with-a-large-number-of-firms-all-of-which-have-the-5142716.htm',
          'https://www.transtutors.com/questions/9-bank-leverage-use-the-information-presented-in-midwestern-mutual-bank-39-s-balance-5142715.htm',
          'https://www.transtutors.com/questions/9-under-the-assumption-that-consumers-39-preferences-are-well-behaved-what-is-the-fi-5142714.htm',
          'https://www.transtutors.com/questions/9-of-10-7-complete-score-0-5-of-1-pt-text-question-3-5-aus-elactronics-fim-is-consid-5142713.htm',
          'https://www.transtutors.com/questions/9-a-assume-that-demand-for-a-commodity-is-represented-by-the-equation-p-50-1qd-and-t-5142712.htm',
          'https://www.transtutors.com/questions/86-c-window-help-develop-bookmarks-a-delmar-instructure-com-ro-nacho-chips-soda-popc-5142711.htm',
          'https://www.transtutors.com/questions/8-two-firms-jack-co-and-vlado-ltd-only-large-enough-for-one-firm-the-order-of-moves-5142710.htm',
          'https://www.transtutors.com/questions/8-suppose-there-are-two-goods-x1-and-x2-the-consumer-39-s-preferences-are-represente-5142709.htm',
          'https://www.transtutors.com/questions/8-suppose-there-are-two-goods-x1-and-x2-the-consumer-39-s-preferences-are-represente-5142708.htm'],
 'project': ['trans'],
 'referring_link': ['https://www.transtutors.com/questions/economics/225/'],
 'spider': ['trans_links']}
2020-02-05 23:30:28 [scrapy.core.engine] DEBUG: Crawled (200) <GET https://www.transtutors.com/questions/economics/227/> (referer: https://www.google.com/) ['cached']
2020-02-05 23:30:28 [scrapy.core.scraper] DEBUG: Scraped from <200 https://www.transtutors.com/questions/economics/226/>
{'category': ['economy'],
 'date': [datetime.datetime(2020, 2, 5, 23, 30, 28, 218808)],
 'link': ['https://www.transtutors.com/questions/8-suppose-there-are-two-goods-x1-and-x2-the-consumer-39-s-preferences-are-represente-5142707.htm',
          'https://www.transtutors.com/questions/8-pts-daniel-considers-hotdog-and-hamburger-to-be-perfect-substitutes-at-a-rate-of-2-5142706.htm',
          'https://www.transtutors.com/questions/8-problems-and-applications-q8-there-are-four-consumers-willing-to-pay-the-following-5142705.htm',
          'https://www.transtutors.com/questions/8-in-order-to-produce-pencils-acme-corporation-needs-to-use-both-capital-k-and-labou-5142704.htm',
          'https://www.transtutors.com/questions/8-natural-monopoly-analysis-the-imaginary-town-of-utilityburg-the-graph-also-shows-t-5142703.htm',
          'https://www.transtutors.com/questions/8-natural-monopoly-analysis-the-following-graph-shows-the-demand-d-for-gas-services--5142702.htm',
          'https://www.transtutors.com/questions/8-an-increase-in-the-unemployment-rate-will-tend-to-be-associated-with-an-increase-i-5142701.htm',
          'https://www.transtutors.com/questions/8-the-decisions-of-firms-and-households-are-guided-by-prices-and-self-interest-in-a--5142700.htm',
          'https://www.transtutors.com/questions/8-consumer-surplus-using-utility-curves-suppose-becky-has-an-allowance-of-42-to-spen-5142699.htm',
          'https://www.transtutors.com/questions/8-a-company-had-a-revenue-of-550-000-last-year-the-expenses-were-400-000-and-the-com-5142698.htm',
          'https://www.transtutors.com/questions/8-as-the-buyers-how-to-minimize-lock-in-and-avoid-monopoly-exploitation-5142697.htm',
          'https://www.transtutors.com/questions/8-8-fish-vquestion-completion-status-question-9-10-points-save-answ-100-e-90-b-a-70--5142696.htm',
          'https://www.transtutors.com/questions/8-of-10-this-quiz-10-pts-possible-the-table-below-gives-national-income-figures-for--5142695.htm',
          'https://www.transtutors.com/questions/8-a-explain-briefly-why-a-10-increase-in-the-monetary-base-by-the-central-bank-will--5142694.htm',
          'https://www.transtutors.com/questions/7-utilize-the-following-graphs-to-answer-the-following-question-how-many-automobiles-5142693.htm',
          'https://www.transtutors.com/questions/in-75-words-economist-herman-daly-characterizes-neo-classical-economic-theory-as-bei-5142692.htm',
          'https://www.transtutors.com/questions/you-have-75-minutes-to-solve-the-exam-write-down-all-your-answers-in-the-bluebooks-a-5142691.htm',
          'https://www.transtutors.com/questions/70-if-a-bank-has-a-required-reserve-ratio-of-15-and-has-excess-reserves-of-300-000-0-5142690.htm',
          'https://www.transtutors.com/questions/7-using-the-macro-model-identity-function-y-c-i-g-ex-im-calculate-y-multiplier-m-an-5142689.htm',
          'https://www.transtutors.com/questions/7-use-of-the-hhi-in-merger-control-a-q-where-q-is-the-total-output-consider-an-indus-5142688.htm',
          'https://www.transtutors.com/questions/7-suppose-there-are-two-goods-pieces-of-meat-m-and-cups-of-rice-r-and-are-represente-5142687.htm',
          'https://www.transtutors.com/questions/7-suppose-a-firm-has-the-long-run-total-cost-function-tc-q8-40q-600q-1-mark-a-calcul-5142686.htm',
          'https://www.transtutors.com/questions/7-solving-for-dominant-strategies-and-the-nash-equilibrium-suppose-van-and-amy-are-p-5142685.htm',
          'https://www.transtutors.com/questions/7-short-run-supply-and-long-run-equilibrium-consider-the-competitive-market-for-stee-5142684.htm',
          'https://www.transtutors.com/questions/7-profit-maximization-in-the-cost-curve-diagram-aa-aa-consider-a-perfectly-competiti-5142683.htm',
          'https://www.transtutors.com/questions/7-for-the-production-function-q-min-k-4l-a-assume-that-capital-k-is-fixed-at-100-uni-5142682.htm',
          'https://www.transtutors.com/questions/7-for-the-production-function-q-min-k-4l-a-assume-that-capital-k-is-fixed-at-100-uni-5142681.htm',
          'https://www.transtutors.com/questions/7-outsourcing-leads-to-multiple-choice-3-points-increases-in-total-output-but-with-t-5142680.htm',
          'https://www.transtutors.com/questions/7-the-net-national-benefits-from-export-subsidies-are-always-negative-8-strategic-tr-5142679.htm',
          'https://www.transtutors.com/questions/7-the-issue-is-that-whether-or-not-the-government-should-mandate-inventors-authors-t-5142678.htm',
          'https://www.transtutors.com/questions/7-internal-trade-volume-between-what-nations-is-the-world-39-s-highest-a-canada-mexi-5142677.htm',
          'https://www.transtutors.com/questions/7-illustrating-the-primary-economic-patterns-leading-to-lock-in-and-the-impact-of-lo-5142676.htm',
          'https://www.transtutors.com/questions/7-which-of-the-following-statements-best-describes-a-production-function-a-the-maxim-5142675.htm',
          'https://www.transtutors.com/questions/7-firm-a-and-firm-b-are-chooses-re-0-1-2-10-i-a-b-firm-i-brings-the-innovation-to-p-5142674.htm',
          'https://www.transtutors.com/questions/7-a-firm-faces-a-demand-curve-of-q-10-p-the-firm-has-two-factories-available-one-wit-5142673.htm',
          'https://www.transtutors.com/questions/7-exercise-17-7-the-gordon-company-currently-pays-an-annual-common-stock-dividend-of-5142672.htm',
          'https://www.transtutors.com/questions/7-in-essence-cost-estimating-a-setting-a-selling-price-for-quoting-bidding-or-evalua-5142671.htm',
          'https://www.transtutors.com/questions/7-effect-of-a-tax-on-buyers-and-sellers-the-following-graph-shows-the-daily-market-f-5142670.htm',
          'https://www.transtutors.com/questions/7-draw-a-ppf-that-represents-increasing-opportunity-costs-this-means-that-as-we-prod-5142669.htm',
          'https://www.transtutors.com/questions/7-consumer-surplus-for-an-individual-and-a-market-the-following-graph-shows-becky-39-5142668.htm',
          'https://www.transtutors.com/questions/7-clyde-and-voshon-are-two-bullies-vying-for-control-of-the-playground-in-the-cours-5142667.htm',
          'https://www.transtutors.com/questions/7-bank-capital-which-of-the-following-was-the-goal-of-the-basel-accords-setting-dome-5142666.htm',
          'https://www.transtutors.com/questions/7-20-points-consider-the-extensive-form-game-represented-below-1-1-1-2-gf-0-0-i-q-r--5142665.htm',
          'https://www.transtutors.com/questions/61-why-does-the-federal-debt-tend-to-increase-during-recessions-a-economic-activity--5142664.htm',
          'https://www.transtutors.com/questions/if-there-were-60-firms-in-this-market-the-short-run-equilibrium-price-of-steel-would-5142663.htm',
          'https://www.transtutors.com/questions/60-50-45-4ding-34-30-25-20-15-10-5-demand-5-10-15-20-25-30-35-40-45-50-55-a-in-the-a-5142662.htm',
          'https://www.transtutors.com/questions/6-the-value-of-information-cho-wants-to-buy-her-mom-new-dress-for-her-birthday-cho-t-5142661.htm',
          'https://www.transtutors.com/questions/6-using-a-payoff-matrix-to-determine-the-equilibrium-outcome-suppose-there-are-only--5142660.htm',
          'https://www.transtutors.com/questions/6-using-a-payoff-matrix-to-determine-the-equilibrium-outcome-suppose-there-are-only--5142659.htm',
          'https://www.transtutors.com/questions/6-suppose-firms-in-a-perfectly-competitive-industry-are-experiencing-economic-profit-5142658.htm'],
 'project': ['trans'],
 'referring_link': ['https://www.transtutors.com/questions/economics/226/'],
 'spider': ['trans_links']}
2020-02-05 23:30:28 [scrapy.core.engine] DEBUG: Crawled (200) <GET https://www.transtutors.com/questions/economics/228/> (referer: https://www.google.com/) ['cached']
2020-02-05 23:30:28 [scrapy.core.scraper] DEBUG: Scraped from <200 https://www.transtutors.com/questions/economics/227/>
{'category': ['economy'],
 'date': [datetime.datetime(2020, 2, 5, 23, 30, 28, 361248)],
 'link': ['https://www.transtutors.com/questions/6-suppose-a-firm-has-the-production-function-q-12k05l05-a-calculate-the-g-144-isoqua-5142657.htm',
          'https://www.transtutors.com/questions/6-san-francisco-nov-13-2005-ebay-is-expected-to-announce-monday-that-it-is-ending-th-5142656.htm',
          'https://www.transtutors.com/questions/stuck-on-these-problems-please-explain-in-detail-6-q-25-000-5-3-q-20-000-2-q10-000-q-5142655.htm',
          'https://www.transtutors.com/questions/6-products-that-generate-external-costs-are-generally-or-a-over-produced-over-consum-5142654.htm',
          'https://www.transtutors.com/questions/6-problems-and-applications-q6-suppose-larry-is-the-only-seller-in-the-market-for-bo-5142653.htm',
          'https://www.transtutors.com/questions/6-while-prisoner-s-dilemma-outcomes-may-produce-worse-results-for-competing-companie-5142651.htm',
          'https://www.transtutors.com/questions/6-points-3-to-make-a-pizza-is-2-johnny-pays-his-employees-40-per-johnny-sells-pizza-5142650.htm',
          'https://www.transtutors.com/questions/6-points-a-is-the-market-for-search-engines-google-bing-etc-a-perfectly-competitive-5142649.htm',
          'https://www.transtutors.com/questions/6-when-monopolies-waste-resources-attempting-to-prevent-other-firms-from-competing-w-5142648.htm',
          'https://www.transtutors.com/questions/6-madison-sells-widgets-at-70-each-if-his-total-cost-to-produce-80-widgets-is-2500-a-5142647.htm',
          'https://www.transtutors.com/questions/6-lounchpad-tina-is-the-sole-owner-of-tina-39-s-lawn-mowing-incorporated-tlm-in-one--5142646.htm',
          'https://www.transtutors.com/questions/6-let-yi-y2-y-be-i-i-d-random-variables-with-mean-i-and-variance-o-consider-the-foll-5142645.htm',
          'https://www.transtutors.com/questions/6-the-income-expenditure-model-consider-a-small-economy-that-is-closed-to-trade-so-i-5142644.htm',
          'https://www.transtutors.com/questions/you-have-6-hours-to-study-for-2-exams-tomorrow-the-relationship-between-the-time-stu-5142643.htm',
          'https://www.transtutors.com/questions/6-funds-to-purchase-physical-capital-and-land-typically-are-supplied-to-new-firms-by-5142642.htm',
          'https://www.transtutors.com/questions/macroeconomics-intermediate-theory-calc-based-6-fiscal-debt-can-be-defined-as-shown--5142641.htm',
          'https://www.transtutors.com/questions/6-copyright-owners-continue-to-be-ambivalent-about-the-internet-on-the-one-hand-it-r-5142640.htm',
          'https://www.transtutors.com/questions/6-consider-a-representative-household-in-the-static-consumption-leisure-model-with-p-5142639.htm',
          'https://www.transtutors.com/questions/6-consider-the-following-constrained-maximization-problem-2-5-tu-x7y7-max-s-t-x-p-y-5142638.htm',
          'https://www.transtutors.com/questions/6-consider-the-cost-function-c-k-l-3k-4l-and-production-function-q-k-l-k2l-from-5-op-5142637.htm',
          'https://www.transtutors.com/questions/6-over-chapter-11-jun-18-at-11-41am-zinstructions-question-1-which-of-the-following--5142636.htm',
          'https://www.transtutors.com/questions/6-changes-in-taxes-the-following-graph-shows-the-aggregate-demand-curve-to-show-the--5142635.htm',
          'https://www.transtutors.com/questions/6-changes-in-taxes-the-following-graph-shows-the-aggregate-demand-curve-to-show-the--5142634.htm',
          'https://www.transtutors.com/questions/6-bank-regulation-in-the-united-states-which-of-the-following-is-an-accurate-descrip-5142633.htm',
          'https://www.transtutors.com/questions/6-some-have-argued-that-it-is-more-appropriate-to-analyze-the-socialist-economic-sys-5142632.htm',
          'https://www.transtutors.com/questions/6-6-marks-a-investor-can-make-four-annual-end-of-year-payments-of-20-000-which-will--5142631.htm',
          'https://www.transtutors.com/questions/please-create-this-identical-graph-using-microsoft-word-or-excel-6-5-4-2-1-x-11-920--5142630.htm',
          'https://www.transtutors.com/questions/6-35-your-plant-must-add-another-boiler-to-its-steam-generating-system-bids-have-bee-5142629.htm',
          'https://www.transtutors.com/questions/6-in-2004-us-bad-a-against-u-k-against-u-k-in-2018-u-s-had-a-a-trade-deficit-trade-d-5142628.htm',
          'https://www.transtutors.com/questions/6-20-points-10-points-each-suppose-the-market-demand-for-output-is-given-by-the-line-5142627.htm',
          'https://www.transtutors.com/questions/6-17-what-is-the-annual-effective-interest-rate-on-an-investment-that-has-earnings-i-5142626.htm',
          'https://www.transtutors.com/questions/54-if-the-marginal-propensity-increases-spending-by-300-billion-the-total-impact-to--5142625.htm',
          'https://www.transtutors.com/questions/53-figure-nail-polisb-externaliies-based-on-the-figure-mpc-rersents-the-privwte-supp-5142624.htm',
          'https://www.transtutors.com/questions/please-ignore-first-photo-answer-5-31-5-29-consider-the-following-cash-flows-and-com-5142623.htm',
          'https://www.transtutors.com/questions/5-29-consider-the-following-cash-flows-and-compute-the-equivalent-annual-worth-at-i--5142622.htm',
          'https://www.transtutors.com/questions/5-29-consider-the-following-cash-flows-and-compute-the-equivalent-annual-worth-at-i--5142621.htm',
          'https://www.transtutors.com/questions/graph-1-graph-2-500-475-450-425-400-375-350-325-300-275-250-225-tc-200-175-150-125-1-5142620.htm',
          'https://www.transtutors.com/questions/50-refer-to-the-following-table-taxable-income-x-rate-1-50-15-51-100-35-using-the-ta-5142619.htm',
          'https://www.transtutors.com/questions/5-a-vicious-cycle-occurs-when-a-network-good-does-not-reach-its-tipping-point-a-true-5142618.htm',
          'https://www.transtutors.com/questions/5-value-1-00-points-if-the-world-supply-curve-is-sw-domestic-supply-of-goods-po-swo--5142617.htm',
          'https://www.transtutors.com/questions/5-use-the-figure-below-to-calculate-question-parts-a-and-b-with-s-810-s-980-d-1310--5142616.htm',
          'https://www.transtutors.com/questions/5-true-or-false-explai-your-answer-a-suppose-that-in-the-short-run-capital-is-fixed--5142615.htm',
          'https://www.transtutors.com/questions/5-the-traditional-protections-offered-by-intellectual-property-law-seem-powerless-to-5142614.htm',
          'https://www.transtutors.com/questions/5-suppose-that-the-demand-curve-for-chocolate-is-qb-10-2-p-and-the-supply-curve-is-q-5142613.htm',
          'https://www.transtutors.com/questions/5-the-role-of-brand-names-and-advertising-which-of-the-following-statements-about-ex-5142612.htm',
          'https://www.transtutors.com/questions/5-if-the-reserve-ratio-requirement-in-the-banking-system-is-7-percent-what-is-the-mo-5142611.htm',
          'https://www.transtutors.com/questions/5-in-the-research-viard-studied-several-hundred-at-t-telephone-contracts-for-big-800-5142610.htm',
          'https://www.transtutors.com/questions/5-real-versus-nominal-gdp-consider-a-simple-economy-that-produces-two-goods-pencils--5142609.htm',
          'https://www.transtutors.com/questions/5-real-versus-nominal-gdp-consider-a-simple-economy-that-produces-two-goods-apples-a-5142608.htm',
          'https://www.transtutors.com/questions/5-profit-maximization-and-shutting-down-in-the-short-run-suppose-that-the-market-for-5142607.htm'],
 'project': ['trans'],
 'referring_link': ['https://www.transtutors.com/questions/economics/227/'],
 'spider': ['trans_links']}
2020-02-05 23:30:28 [scrapy.core.engine] DEBUG: Crawled (200) <GET https://www.transtutors.com/questions/economics/229/> (referer: https://www.google.com/) ['cached']
2020-02-05 23:30:28 [scrapy.core.scraper] DEBUG: Scraped from <200 https://www.transtutors.com/questions/economics/228/>
{'category': ['economy'],
 'date': [datetime.datetime(2020, 2, 5, 23, 30, 28, 533264)],
 'link': ['https://www.transtutors.com/questions/5-profit-maximization-and-shutting-down-in-the-short-run-suppose-that-the-market-for-5142606.htm',
          'https://www.transtutors.com/questions/5-profit-maximization-with-a-cost-table-aa-aa-suppose-patrick-runs-a-small-business--5142605.htm',
          'https://www.transtutors.com/questions/5-problems-and-applications-q5-cups-of-coffee-and-donuts-are-complements-assume-both-5142604.htm',
          'https://www.transtutors.com/questions/5-monopoly-outcome-versus-competition-outcome-consider-the-daily-market-for-hot-dogs-5142603.htm',
          'https://www.transtutors.com/questions/5-liquidity-risk-which-of-the-following-are-sources-of-liquidity-risk-check-all-that-5142602.htm',
          'https://www.transtutors.com/questions/5-inflation-is-running-at-about-2-pa-a-loaf-of-bread-now-costs-about-4-if-inflation--5142601.htm',
          'https://www.transtutors.com/questions/please-give-the-answer-the-as-per-the-given-picture-5-individual-problems-15-5-every-5142600.htm',
          'https://www.transtutors.com/questions/5-the-gravity-equation-uses-a-directly-on-a-wages-technology-b-size-of-gdp-geographi-5142599.htm',
          'https://www.transtutors.com/questions/is-this-correct-5-when-the-government-39-s-spending-is-less-than-tax-revenue-it-impl-5142598.htm',
          'https://www.transtutors.com/questions/5-fiscal-policy-is-enacted-through-changes-in-a-interest-rates-and-the-price-level-b-5142597.htm',
          'https://www.transtutors.com/questions/5-explain-the-difference-between-a-nash-equilibrium-and-a-dominant-strategies-equili-5142596.htm',
          'https://www.transtutors.com/questions/5-experiences-an-increase-in-demand-which-of-the-following-is-most-likely-to-occur-w-5142595.htm',
          'https://www.transtutors.com/questions/5-exercise-17-5-the-charlotte-bobcats-a-professional-basketball-team-has-been-offere-5142594.htm',
          'https://www.transtutors.com/questions/5-environmental-standards-versus-tradable-permits-aa-aa-suppose-the-government-wants-5142593.htm',
          'https://www.transtutors.com/questions/5-economic-growth-and-public-policy-suppose-yamahonda-a-japanese-owned-motorcycle-ma-5142592.htm',
          'https://www.transtutors.com/questions/macroeconomics-intermediate-theory-calc-based-5-consider-a-two-country-setting-where-5142591.htm',
          'https://www.transtutors.com/questions/5-bertrand-competition-27-points-consider-a-betrand-model-the-market-demand-is-p-400-5142590.htm',
          'https://www.transtutors.com/questions/please-help-5-6-5-assuming-that-the-inflation-rate-from-2015-through-2017-is-6-per-y-5142589.htm',
          'https://www.transtutors.com/questions/5-anya-has-utility-given-by-u-x2-x1-18x1-9x2-if-p1-5-p2-2-and-i-20-find-anya-s-optim-5142588.htm',
          'https://www.transtutors.com/questions/please-and-thanks-they-go-hand-and-hand-5-anya-has-utility-given-by-u-x1-x2-18x-9x2--5142587.htm',
          'https://www.transtutors.com/questions/5-in-addition-to-the-response-of-the-reserve-bank-to-inflation-the-aggregate-demand--5142586.htm',
          'https://www.transtutors.com/questions/5-69-a-firm-is-considering-three-mutually-exclusive-alternatives-as-part-of-a-produc-5142585.htm',
          'https://www.transtutors.com/questions/calculate-the-effective-annual-interest-rate-5-39-stan-slickum-has-a-used-car-that-c-5142584.htm',
          'https://www.transtutors.com/questions/5-25-points-mike-johnson-is-considering-two-investment-options-a-and-b-there-are-thr-5142583.htm',
          'https://www.transtutors.com/questions/5-20-points-consider-there-are-four-homogeneous-firms-with-cost-function-c-a-are-con-5142582.htm',
          'https://www.transtutors.com/questions/5-2-marks-a-new-automated-punch-press-costs-75-000-in-15-years-it-will-have-a-salvag-5142581.htm',
          'https://www.transtutors.com/questions/5-17-an-account-with-compounding-every-month-12-times-yearly-results-in-interest-ear-5142580.htm',
          'https://www.transtutors.com/questions/4-utilize-the-following-graphs-to-answer-the-following-question-after-the-u-s-and-so-5142579.htm',
          'https://www.transtutors.com/questions/4s-wiovingto-anodner-question-4-the-amount-of-money-that-would-be-accumulated-in-10--5142578.htm',
          'https://www.transtutors.com/questions/4g-t-av-egn3212-casestu-scanned-with-camscanner-simple-and-compound-intenest-i-how-m-5142577.htm',
          'https://www.transtutors.com/questions/4-al-went-to-the-movies-he-had-a-student-discount-his-driver-s-license-shows-he-was--5142576.htm',
          'https://www.transtutors.com/questions/48-48-refer-to-exercise-47-use-the-formula-for-c-x-to-show-directly-that-c-x-1-c-x--5142575.htm',
          'https://www.transtutors.com/questions/46-the-price-of-land-is-primarily-determined-by-shifts-in-a-demand-b-supply-c-o-dema-5142574.htm',
          'https://www.transtutors.com/questions/4330sp19-hk-m2-compatibility-mode-microsoft-word-view-review-mailings-references-pag-5142573.htm',
          'https://www.transtutors.com/questions/42-which-of-the-following-will-not-shift-the-labor-supply-curve-to-the-right-ceteris-5142572.htm',
          'https://www.transtutors.com/questions/42-which-of-the-following-economic-propositions-most-directly-and-plausibly-accordin-5142571.htm',
          'https://www.transtutors.com/questions/42-when-a-bond-39-s-rating-goes-from-aaa-to-c-this-means-that-the-price-of-the-bonds-5142570.htm',
          'https://www.transtutors.com/questions/42-when-a-bond-39-s-rating-goes-from-aaa-to-c-this-means-that-the-price-of-the-bonds-5142569.htm',
          'https://www.transtutors.com/questions/you-have-400-000-eur-of-disposable-income-to-spend-in-housing-and-all-other-goods-le-5142568.htm',
          'https://www.transtutors.com/questions/40-population-growth-is-often-modeled-using-a-simple-exponential-curve-the-file-pop-5142567.htm',
          'https://www.transtutors.com/questions/40-points-wayward-airfreight-inc-has-asked-you-to-recommend-whether-they-should-pur-5142566.htm',
          'https://www.transtutors.com/questions/40-free-health-insurance-offered-by-an-employer-is-referred-to-as-a-internal-payment-5142565.htm',
          'https://www.transtutors.com/questions/40-a-deflation-tax-is-a-tax-levied-on-the-fed-when-it-increases-the-money-supply-a-t-5142564.htm',
          'https://www.transtutors.com/questions/4-whenever-the-value-of-exports-is-less-than-the-value-of-imports-for-a-particular-n-5142563.htm',
          'https://www.transtutors.com/questions/4-using-the-is-lm-framework-forecast-what-you-would-anticipate-happening-to-interest-5142562.htm',
          'https://www.transtutors.com/questions/4-in-a-two-good-world-suppose-a-consumer-views-the-goods-as-perfect-substitutes-draw-5142561.htm',
          'https://www.transtutors.com/questions/4-what-is-total-revenue-and-how-is-it-calculated-formula-5-what-is-a-production-func-5142560.htm',
          'https://www.transtutors.com/questions/4-tom-and-john-burn-with-hatred-for-each-other-they-both-consume-corn-utility-functi-5142559.htm',
          'https://www.transtutors.com/questions/4-for-a-three-period-bargaining-game-starting-with-player-1-39-s-offer-assume-player-5142558.htm',
          'https://www.transtutors.com/questions/4-the-table-below-presents-macroeconomic-data-for-two-nations-raljon-and-kabukistan--5142557.htm'],
 'project': ['trans'],
 'referring_link': ['https://www.transtutors.com/questions/economics/228/'],
 'spider': ['trans_links']}
2020-02-05 23:30:28 [scrapy.core.engine] DEBUG: Crawled (200) <GET https://www.transtutors.com/questions/economics/230/> (referer: https://www.google.com/) ['cached']
2020-02-05 23:30:28 [scrapy.core.scraper] DEBUG: Scraped from <200 https://www.transtutors.com/questions/economics/229/>
{'category': ['economy'],
 'date': [datetime.datetime(2020, 2, 5, 23, 30, 28, 706320)],
 'link': ['https://www.transtutors.com/questions/4-now-suppose-the-relationship-between-price-p-and-demand-d-for-another-combustion-e-5142556.htm',
          'https://www.transtutors.com/questions/4-suppose-that-each-firm-that-sells-cases-of-jelly-beans-has-a-cost-function-of-c-q--5142555.htm',
          'https://www.transtutors.com/questions/4-suppose-that-each-firm-that-sells-cases-of-jelly-beans-has-a-cost-function-of-c-g--5142554.htm',
          'https://www.transtutors.com/questions/the-question-doesn-39-t-give-trs-4-suppose-a-firm-39-s-production-function-is-well-b-5142553.htm',
          'https://www.transtutors.com/questions/4-suppose-an-economy-has-the-following-phillips-curve-tt-1-0-5-u-0-06-q-1-what-is-th-5142552.htm',
          'https://www.transtutors.com/questions/4-strategies-to-global-expansion-organic-chain-acquisition-franchise-joint-venture-l-5142551.htm',
          'https://www.transtutors.com/questions/4-pts-question-18-dell-is-selling-20-000-units-in-europe-at-an-average-price-of-1-70-5142550.htm',
          'https://www.transtutors.com/questions/4-profit-maximization-and-loss-minimization-byob-is-a-monopolist-in-beer-production--5142549.htm',
          'https://www.transtutors.com/questions/drop-down-menu-choices-is-is-not-4-profit-maximization-and-loss-minimization-byob-is-5142548.htm',
          'https://www.transtutors.com/questions/4-profit-maximization-in-the-cost-curve-diagram-suppose-that-the-market-for-sports-w-5142547.htm',
          'https://www.transtutors.com/questions/4-private-solutions-to-externalities-aa-aa-consider-a-town-with-a-lake-the-town-has--5142546.htm',
          'https://www.transtutors.com/questions/4-p-question-7-allegra-is-one-of-several-second-generation-nonsedating-antihistamine-5142545.htm',
          'https://www.transtutors.com/questions/the-offer-curve-of-a-nation-show-4-the-offer-curve-of-a-nation-shous-a-the-supply-of-5142544.htm',
          'https://www.transtutors.com/questions/4-is-monopolistic-competition-efficient-suppose-that-a-firm-produces-wooden-train-en-5142543.htm',
          'https://www.transtutors.com/questions/4-minimum-wage-legislation-the-following-graph-shows-the-labor-market-in-the-fast-fo-5142542.htm',
          'https://www.transtutors.com/questions/4-let-xi-u-2-i-1-2-n-define-x-1x-consider-a-function-g-find-the-asymptotic-dist-5142541.htm',
          'https://www.transtutors.com/questions/4-let-f-z-be-the-production-function-for-a-price-taking-firm-that-produces-one-outpu-5142540.htm',
          'https://www.transtutors.com/questions/4-jody-39-s-frozen-yoghurt-shops-have-enjoyed-rapid-growth-in-eastern-part-of-the-is-5142539.htm',
          'https://www.transtutors.com/questions/4-individual-problems-17-4-your-company-has-a-customer-who-is-shutting-down-a-produc-5142538.htm',
          'https://www.transtutors.com/questions/need-the-last-part-with-the-graph-answered-please-thank-you-4-human-capital-accumula-5142537.htm',
          'https://www.transtutors.com/questions/4-given-the-production-function-q-96k3107-find-the-mpp-and-mpp-functions-is-mppk-a--5142536.htm',
          'https://www.transtutors.com/questions/4-game-theory-terminology-select-the-term-that-best-describes-each-definition-listed-5142535.htm',
          'https://www.transtutors.com/questions/4-even-though-oracle-has-the-second-market-share-in-the-database-industry-33-7-behin-5142534.htm',
          'https://www.transtutors.com/questions/4-effects-of-a-tariff-on-international-trade-the-following-graph-shows-the-domestic--5142533.htm',
          'https://www.transtutors.com/questions/4-effects-of-a-tariff-on-international-trade-the-following-graph-shows-the-domestic--5142532.htm',
          'https://www.transtutors.com/questions/4-what-is-the-effective-annual-interest-rate-for-10-percent-compounded-a-every-6-mon-5142531.htm',
          'https://www.transtutors.com/questions/4-what-is-the-effective-annual-interest-rate-for-10-percent-compounded-a-every-6-mon-5142530.htm',
          'https://www.transtutors.com/questions/4-the-demand-for-money-is-given-by-md-yl-i-where-l-i-3-10-i-y-120-and-the-supply-of--5142529.htm',
          'https://www.transtutors.com/questions/4-a-decision-at-the-margin-ahard-working-college-senior-one-tuesday-he-decides-to-wo-5142528.htm',
          'https://www.transtutors.com/questions/what-are-the-4-cs-when-looking-at-the-marketing-mix-from-the-customer-s-perspective--5142527.htm',
          'https://www.transtutors.com/questions/answer-to-5-only-show-step-by-step-calculations-4-consider-the-following-game-table--5142526.htm',
          'https://www.transtutors.com/questions/macroeconomics-intermediate-theory-calc-based-4-consider-an-economy-that-abides-by-a-5142525.htm',
          'https://www.transtutors.com/questions/macroeconomics-intermediate-theory-calc-based-4-consider-an-economy-that-abides-by-a-5142524.htm',
          'https://www.transtutors.com/questions/i-need-all-answers-please-its-an-economics-engineering-question-4-in-computing-the-p-5142523.htm',
          'https://www.transtutors.com/questions/4-a-company-provides-web-design-services-for-various-companies-in-the-field-ofe-comm-5142522.htm',
          'https://www.transtutors.com/questions/4-the-catch-up-effect-consider-the-economies-of-hermes-and-tralfamadore-both-of-whic-5142521.htm',
          'https://www.transtutors.com/questions/4-calculate-the-inflation-rate-for-the-following-time-periods-use-the-cpi-data-on-ww-5142520.htm',
          'https://www.transtutors.com/questions/4-52-a-assume-an-8-interest-rate-and-find-s-t-and-x--5142519.htm',
          'https://www.transtutors.com/questions/4-2-points-in-the-circular-flow-model-in-which-market-are-goods-and-services-bought--5142518.htm',
          'https://www.transtutors.com/questions/4-10-points-consider-the-game-represented-below-4-4-d-39-4-4-d-2-n-2-q-g-1-2-a-5142517.htm',
          'https://www.transtutors.com/questions/4-0-7-or-10-provide-an-example-of-product-differentiation-using-any-industry-you-wan-5142516.htm',
          'https://www.transtutors.com/questions/4-0-7-or-10-provide-an-example-of-product-differentiation-using-any-industry-you-wan-5142515.htm',
          'https://www.transtutors.com/questions/3-yahoo-said-people-who-subscribe-to-the-download-service-on-a-monthly-basis-will-se-5142514.htm',
          'https://www.transtutors.com/questions/3-yahoo-said-people-who-subscribe-to-the-download-service-on-a-monthly-basis-will-se-5142513.htm',
          'https://www.transtutors.com/questions/3-suppose-c50-0-8y-l-150-6r-g-100-the-tax-revenue-t-0-25y-the-money-demand-m-0-2y-2r-5142512.htm',
          'https://www.transtutors.com/questions/39-in-the-following-graph-showing-indiffference-curves-for-country-a-a-and-for-count-5142511.htm',
          'https://www.transtutors.com/questions/39-in-the-following-graph-showing-indifference-curves-for-country-a-aj-and-for-count-5142510.htm',
          'https://www.transtutors.com/questions/39-any-employer-39-s-demand-for-a-particular-type-of-labor-will-be-downward-sloping--5142509.htm',
          'https://www.transtutors.com/questions/38-you-have-recently-earned-an-cost-of-going-to-the-beach-rather-than-working-increa-5142508.htm',
          'https://www.transtutors.com/questions/375-300-225-150-75-200-400-600-1000-1200-800-if-y-represents-the-price-of-oil-in-dol-5142507.htm'],
 'project': ['trans'],
 'referring_link': ['https://www.transtutors.com/questions/economics/229/'],
 'spider': ['trans_links']}
2020-02-05 23:30:28 [scrapy.core.engine] DEBUG: Crawled (200) <GET https://www.transtutors.com/questions/economics/231/> (referer: https://www.google.com/) ['cached']
2020-02-05 23:30:28 [scrapy.core.scraper] DEBUG: Scraped from <200 https://www.transtutors.com/questions/economics/230/>
{'category': ['economy'],
 'date': [datetime.datetime(2020, 2, 5, 23, 30, 28, 852455)],
 'link': ['https://www.transtutors.com/questions/37-as-a-person-works-more-hours-and-leisure-time-declines-the-opportunity-cost-of-la-5142506.htm',
          'https://www.transtutors.com/questions/i-got-2-different-answers-please-i-need-the-correct-one-36-the-income-effect-for-lab-5142505.htm',
          'https://www.transtutors.com/questions/36-the-income-effect-for-labor-supply-states-that-people-work-a-less-as-wages-rise-b-5142504.htm',
          'https://www.transtutors.com/questions/36-the-income-effect-for-labor-supply-states-that-people-work-a-less-as-wages-rise-b-5142503.htm',
          'https://www.transtutors.com/questions/36-figre-a-country-39-s-before-and-after-trade-equilibria-the-trade-triangle-shows-t-5142502.htm',
          'https://www.transtutors.com/questions/36-an-annual-publication-that-lists-the-top-50-marketing-research-firms-based-in-u-s-5142501.htm',
          'https://www.transtutors.com/questions/34-most-households-39-supplies-of-labor-are-upward-sloping-because-required-to-work--5142500.htm',
          'https://www.transtutors.com/questions/suppose-that-a-natural-monopolist-was-required-by-law-to-charge-the-average-total-co-5142499.htm',
          'https://www.transtutors.com/questions/33-research-factors-a-causal-b-casual-c-descriptive-is-a-study-undertaken-to-describ-5142498.htm',
          'https://www.transtutors.com/questions/real-estate-please-no-hand-written-thanks-33-what-is-a-mortgage-3-pts-34-true-or-fal-5142497.htm',
          'https://www.transtutors.com/questions/33-hilarious-next-level-untitled-document-google-docs-x-hassignments-for-week-3-qui-5142496.htm',
          'https://www.transtutors.com/questions/33-hilarious-next-level-h-take-test-quiz2-hoassignments-for-week-3-quiz-2019-summe--5142495.htm',
          'https://www.transtutors.com/questions/33-hilarious-next-level-bassignments-for-week-3-quiz-h-take-test-quiz-2-2019-summe--5142494.htm',
          'https://www.transtutors.com/questions/33-which-of-the-following-is-the-best-example-of-a-perfectly-competitive-market-a-th-5142493.htm',
          'https://www.transtutors.com/questions/33-bruce-decides-to-go-to-the-weekend-markets-to-look-for-some-plants-for-his-garden-5142492.htm',
          'https://www.transtutors.com/questions/32-suppose-the-firm-wishes-to-produce-at-cost-144-how-much-capital-and-how-much-labo-5142491.htm',
          'https://www.transtutors.com/questions/32-suppose-the-firm-wishes-to-produce-at-cost-144-how-much-canital-and-how-much-labo-5142490.htm',
          'https://www.transtutors.com/questions/32-in-a-segmented-labor-market-as-shown-in-the-granh-the-wage-gap-between-the-two-ma-5142489.htm',
          'https://www.transtutors.com/questions/32-the-research-objective-that-helps-to-determine-terms-and-concepts-is-exploratory--5142488.htm',
          'https://www.transtutors.com/questions/32-i-explain-the-difference-between-nominal-and-real-interest-rate-how-does-the-rese-5142487.htm',
          'https://www.transtutors.com/questions/31-the-type-of-panel-used-to-determine-how-customers-feel-about-two-different-produc-5142486.htm',
          'https://www.transtutors.com/questions/31-consider-an-economy-described-by-the-following-equations-cd-2000-0-75-y-t-g-1000--5142485.htm',
          'https://www.transtutors.com/questions/30pts-we-want-to-study-how-to-aggregate-individual-preferences-environment-is-the-f-5142484.htm',
          'https://www.transtutors.com/questions/30-steaks-5-t-pork-chop-3-75-lb-budget-60-steaks-3-lt-pork-chop-750-lb-budget-60-25--5142483.htm',
          'https://www.transtutors.com/questions/30-a-panel-of-respondents-often-used-a-type-of-study-called-panels-a-omnibus-b-longi-5142482.htm',
          'https://www.transtutors.com/questions/30-an-example-of-a-common-good-is-a-cable-television-service-police-protection-b-how-5142481.htm',
          'https://www.transtutors.com/questions/3-voluntary-contributions-toward-a-public-good-latasha-and-rosa-are-considering-cont-5142480.htm',
          'https://www.transtutors.com/questions/3-using-the-macro-model-identity-function-y-c-i-g-ex-im-calculate-y-multiplier-m-an-5142479.htm',
          'https://www.transtutors.com/questions/3-using-the-information-below-graph-the-production-possibilities-curve-for-both-indi-5142478.htm',
          'https://www.transtutors.com/questions/3-using-the-following-regression-results-dependent-variable-q-for-a-monopolisticly-c-5142477.htm',
          'https://www.transtutors.com/questions/3-for-the-united-states-corporate-average-fuel-economy-standards-caf-provide-a-minim-5142476.htm',
          'https://www.transtutors.com/questions/3-types-of-unemployment-the-three-people-described-in-the-following-table-are-catego-5142475.htm',
          'https://www.transtutors.com/questions/3-trade-creation-and-trade-diversion-suppose-that-with-free-trade-the-cost-to-the-un-5142474.htm',
          'https://www.transtutors.com/questions/3-suppose-a-monopolist-faces-the-constant-price-elasticity-demand-curve-p-qe-where--5142473.htm',
          'https://www.transtutors.com/questions/3-suppose-the-demand-and-supply-of-chickens-is-given-by-qd-22-500-250p-qs-5-000-100p-5142472.htm',
          'https://www.transtutors.com/questions/stackelberg-model-3-stackelberg-model-with-ci-200-c200-and-p-1000-a-find-the-followi-5142471.htm',
          'https://www.transtutors.com/questions/3-single-price-monopoly-vs-perfectly-competitive-market-for-this-question-you-will-d-5142470.htm',
          'https://www.transtutors.com/questions/3-how-short-run-profit-or-losses-induce-entry-or-exit-fantastique-bikes-is-a-company-5142469.htm',
          'https://www.transtutors.com/questions/3-risk-and-insurance-premiums-suppose-eleanor-39-s-current-wealth-is-500-and-she-is--5142468.htm',
          'https://www.transtutors.com/questions/3-pts-consider-the-following-expression-representing-individual-demand-for-good-x-ti-5142467.htm',
          'https://www.transtutors.com/questions/3-pts-consider-the-following-expression-representing-individual-demand-for-good-x-ti-5142466.htm',
          'https://www.transtutors.com/questions/3-productivity-and-growth-policies-consider-a-small-island-country-whose-only-indust-5142465.htm',
          'https://www.transtutors.com/questions/3-problems-and-applications-q3-consider-the-market-for-gas-powered-small-cars-assume-5142464.htm',
          'https://www.transtutors.com/questions/3-price-index-calculations-using-the-necessary-formulas-complete-the-table-below-ple-5142463.htm',
          'https://www.transtutors.com/questions/if-a-3-percent-reduction-in-the-price-of-a-good-produces-a-5-percent-increase-in-the-5142462.htm',
          'https://www.transtutors.com/questions/3-nuw-s-s-m-uenanu-aliu-suppiy-dlect-equiiidrium-consider-the-market-for-pens-suppos-5142461.htm',
          'https://www.transtutors.com/questions/3-a-numerical-look-at-deadweight-loss-from-monopoly-aa-aa-jamal-works-as-a-private-t-5142460.htm',
          'https://www.transtutors.com/questions/there-are-3-main-cases-of-market-failure-market-power-monopoly-duopoly-oligopoly-ext-5142459.htm',
          'https://www.transtutors.com/questions/3-4-please-they-go-together-thanks-3-lyndsay-has-utility-given-by-u-x-x2-minf-if-p-1-5142458.htm',
          'https://www.transtutors.com/questions/3-let-39-s-say-that-there-are-190-million-adults-in-a-given-period-of-time-in-a-give-5142457.htm'],
 'project': ['trans'],
 'referring_link': ['https://www.transtutors.com/questions/economics/230/'],
 'spider': ['trans_links']}
2020-02-05 23:30:29 [scrapy.core.engine] DEBUG: Crawled (200) <GET https://www.transtutors.com/questions/economics/232/> (referer: https://www.google.com/) ['cached']
2020-02-05 23:30:29 [scrapy.core.scraper] DEBUG: Scraped from <200 https://www.transtutors.com/questions/economics/231/>
{'category': ['economy'],
 'date': [datetime.datetime(2020, 2, 5, 23, 30, 29, 23671)],
 'link': ['https://www.transtutors.com/questions/3-jefferson-states-that-quot-all-men-are-created-equal-quot-did-this-mean-women-slav-5142456.htm',
          'https://www.transtutors.com/questions/individual-and-market-demand-3-individual-and-market-demand-particular-market-the-fo-5142455.htm',
          'https://www.transtutors.com/questions/macroeconomics-intermediate-theory-calc-based-3-increase-in-m-suppose-that-the-us-ec-5142454.htm',
          'https://www.transtutors.com/questions/3-hypothesis-tests-about-a-population-mean-population-standard-deviation-unknown-aa--5142453.htm',
          'https://www.transtutors.com/questions/3-what-health-kick-young-americans-still-thirst-for-alcopops-sugary-high-alcohol-dri-5142452.htm',
          'https://www.transtutors.com/questions/3-the-following-table-represent-the-economic-structure-of-a-monopoly-tc-mc-q-p-tr-mr-5142451.htm',
          'https://www.transtutors.com/questions/3-which-of-the-following-entries-are-considered-to-be-u-s-exports-of-goods-not-servi-5142450.htm',
          'https://www.transtutors.com/questions/3-the-following-classical-type-table-shows-the-labor-requirements-in-the-production--5142449.htm',
          'https://www.transtutors.com/questions/3-explain-how-physician-induced-demand-undermines-efficiency-in-the-health-care-indu-5142448.htm',
          'https://www.transtutors.com/questions/3-the-expenditure-function-is-e-3ppu-demand-for-good-x-find-the-corresponding-marsha-5142447.htm',
          'https://www.transtutors.com/questions/3-any-example-from-real-life-any-recent-events-that-shifted-is-and-or-lm-curves--5142446.htm',
          'https://www.transtutors.com/questions/please-show-all-calculations-step-by-step-3-we-will-examine-the-idea-of-oligopolies--5142445.htm',
          'https://www.transtutors.com/questions/3-equilibrium-price-and-quantity-an-algebraic-approach-aa-aa-suppose-the-supply-of-a-5142444.htm',
          'https://www.transtutors.com/questions/3-draw-a-demand-and-supply-graph-and-properly-label-it-to-show-the-original-equilibr-5142443.htm',
          'https://www.transtutors.com/questions/3-a-country-called-dontthinkland-has-the-following-parameters-s-0-2-0-15-n-0-1-g-0-a-5142442.htm',
          'https://www.transtutors.com/questions/3-a-country-called-dontthinkland-has-the-following-parameters-0-15-s-0-2-n-0-1-g-0-a-5142441.htm',
          'https://www.transtutors.com/questions/3-cost-functions-consider-a-firm-that-faces-the-total-cost-function-5004q-6q2-tc-whe-5142440.htm',
          'https://www.transtutors.com/questions/3-consumer-surplus-for-a-group-of-consumers-the-following-graph-shows-the-demand-cur-5142439.htm',
          'https://www.transtutors.com/questions/3-consider-a-household-with-well-behaved-preferences-over-two-goods-represented-by-a-5142438.htm',
          'https://www.transtutors.com/questions/3-consider-the-following-production-function-q-k12-l2-r1-2-a-find-the-conditional-de-5142437.htm',
          'https://www.transtutors.com/questions/3-the-components-of-marginal-revenue-nthe-fictional-country-of-pyrotania-initially-s-5142436.htm',
          'https://www.transtutors.com/questions/3-complete-the-following-table-oxp-price-output-tr-mr-tc-110-180-240-atc-profit-dema-5142435.htm',
          'https://www.transtutors.com/questions/3-comparing-salaries-from-different-times-consider-golfers-who-led-the-professional--5142434.htm',
          'https://www.transtutors.com/questions/3-comparing-salaries-from-different-times-consider-golfers-who-led-the-professional--5142433.htm',
          'https://www.transtutors.com/questions/definite-thumbs-up-for-help-3-a-closed-economy-has-full-employment-level-of-output-y-5142432.htm',
          'https://www.transtutors.com/questions/1-2-3-categories-of-expenditures-swarthmore-pa-their-son-jake-owns-his-own-plumbing--5142431.htm',
          'https://www.transtutors.com/questions/3-calculating-gdp-from-raw-economic-data-the-following-table-shows-data-on-personal--5142430.htm',
          'https://www.transtutors.com/questions/3-breakdown-of-a-cartel-agreement-consider-a-town-in-which-only-two-residents-raphae-5142429.htm',
          'https://www.transtutors.com/questions/3-breakdown-of-a-cartel-agreement-consider-a-town-in-which-only-two-residents-edison-5142428.htm',
          'https://www.transtutors.com/questions/3-breakdown-of-a-cartel-agreement-consider-a-town-in-which-only-two-residents-edison-5142427.htm',
          'https://www.transtutors.com/questions/3-based-on-your-knowledge-of-the-definition-of-the-various-measures-of-short-run-cos-5142426.htm',
          'https://www.transtutors.com/questions/3-average-total-cost-is-100-for-a-given-output-total-fixed-cost-is-120-and-average-v-5142425.htm',
          'https://www.transtutors.com/questions/3-i-to-assist-in-ensuring-adequate-and-affordable-health-care-for-all-the-federal-go-5142424.htm',
          'https://www.transtutors.com/questions/3-answer-the-following-questions-based-on-the-graph-below-1-70-160-1-50-1-40-2-marks-5142423.htm',
          'https://www.transtutors.com/questions/would-you-please-explain-all-steps-and-equations-used-thank-you-3-to-annualy-erclusi-5142422.htm',
          'https://www.transtutors.com/questions/3-30-pts-the-following-equation-describes-the-evolution-of-capital-stock-in-the-econ-5142421.htm',
          'https://www.transtutors.com/questions/3-15-points-consider-the-following-game-with-nature-3-3-6-8-x-39-2-2-l-q-y-y-39-4-4--5142420.htm',
          'https://www.transtutors.com/questions/3-29-pdf-su-ic-cupaes-u-me-ge-pue-esple-e-pe-u-e-decrease-in-the-near-future-the-pei-5142419.htm',
          'https://www.transtutors.com/questions/3-2-marks-you-know-your-rich-uncle-is-leaving-you-10-000-in-his-will-if-the-interest-5142418.htm',
          'https://www.transtutors.com/questions/3-15-what-is-the-capital-recovery-in-year-3-using-an-interest-rate-of-8-0-of-an-asse-5142417.htm',
          'https://www.transtutors.com/questions/3-1-differentiate-x-in-x-2-2-differentiate-2-3-differentiate-3x-1--5142416.htm',
          'https://www.transtutors.com/questions/3-000-of-steel-is-imported-by-ford-ford-exports-10-000-worth-of-vehicle-chassis-to--5142415.htm',
          'https://www.transtutors.com/questions/3-0-or-10-are-you-an-econom-ic-liberal-or-conservative-with-respect-to-antitrust-and-5142414.htm',
          'https://www.transtutors.com/questions/2-suppose-the-mrs-of-an-indifference-curve-is-y-x-the-price-of-x-px-is-3-the-price-o-5142413.htm',
          'https://www.transtutors.com/questions/2-lf-ys-500-yd-600-500p-1-find-the-equilibrium-point-between-supply-and-demand-2-lf--5142412.htm',
          'https://www.transtutors.com/questions/i-hace-received-3-different-answers-please-i-need-the-correct-one-29-when-after-a-ga-5142411.htm',
          'https://www.transtutors.com/questions/29-when-after-a-game-ends-and-one-participant-39-s-gains-have-come-at-the-expense-of-5142410.htm',
          'https://www.transtutors.com/questions/29-databases-are-sometimes-packaged-together-a-data-base-packages-b-databanks-c-pack-5142409.htm',
          'https://www.transtutors.com/questions/please-answer-the-question-29-data-from-a-sample-of-100-single-family-houses-are-obt-5142408.htm',
          'https://www.transtutors.com/questions/28-which-list-has-market-structures-in-the-correct-order-from-the-most-to-the-least--5142407.htm'],
 'project': ['trans'],
 'referring_link': ['https://www.transtutors.com/questions/economics/231/'],
 'spider': ['trans_links']}
2020-02-05 23:30:29 [scrapy.core.engine] DEBUG: Crawled (200) <GET https://www.transtutors.com/questions/economics/233/> (referer: https://www.google.com/) ['cached']
2020-02-05 23:30:29 [scrapy.core.scraper] DEBUG: Scraped from <200 https://www.transtutors.com/questions/economics/232/>
{'category': ['economy'],
 'date': [datetime.datetime(2020, 2, 5, 23, 30, 29, 191570)],
 'link': ['https://www.transtutors.com/questions/28-by-definition-a-public-good-is-a-any-good-provided-by-the-government-to-the-gener-5142406.htm',
          'https://www.transtutors.com/questions/28-data-in-which-the-data-collected-and-or-the-process-of-collecting-the-data-are-st-5142405.htm',
          'https://www.transtutors.com/questions/27-3-question-28-algo-question-help-consider-the-graph-provided-on-the-right-which-o-5142404.htm',
          'https://www.transtutors.com/questions/27-3-question-27-algo-question-help-suppose-that-the-money-market-in-a-hypothetical--5142403.htm',
          'https://www.transtutors.com/questions/27-2-question-25-algo-if-the-annual-market-interest-rate-is-15-percent-the-annual-op-5142402.htm',
          'https://www.transtutors.com/questions/27-to-move-the-allocation-ofresources-closer-to-the-social-optimum-what-should-polic-5142401.htm',
          'https://www.transtutors.com/questions/27-given-the-following-ricardo-type-table-showing-the-labor-input-required-per-unit--5142400.htm',
          'https://www.transtutors.com/questions/27-given-the-following-ricardo-type-table-showing-the-labor-input-required-per-unit--5142398.htm',
          'https://www.transtutors.com/questions/26-still-with-the-same-data-on-macroland-a-closed-economy-with-no-government-sector--5142397.htm',
          'https://www.transtutors.com/questions/26-when-intervention-is-needed-to-resolve-negative-externalities-economists-typicall-5142396.htm',
          'https://www.transtutors.com/questions/26-given-the-following-ricardo-type-table-showing-the-labor-input-required-per-unit--5142395.htm',
          'https://www.transtutors.com/questions/26-consider-an-individual-with-preferences-given-by-the-formula-u-ly-suppose-the-tot-5142394.htm',
          'https://www.transtutors.com/questions/26-2-pts-what-is-the-multiplier-effect-to-the-initial-change-in-the-multiplier-is-si-5142393.htm',
          'https://www.transtutors.com/questions/2-5pts-question-2-if-the-demand-for-a-product-is-unit-elastic-then-a-rise-in-that-pr-5142392.htm',
          'https://www.transtutors.com/questions/25-two-goods-are-complements-when-a-decrease-in-the-price-of-one-good-a-decreases-t-5142391.htm',
          'https://www.transtutors.com/questions/please-and-thanks-24-trish-must-be-at-work-exactly-40-hours-week-where-she-earns-10--5142390.htm',
          'https://www.transtutors.com/questions/24-trish-must-be-at-work-exactly-40-hours-week-where-she-earns-10-hour-while-at-work-5142389.htm',
          'https://www.transtutors.com/questions/24-real-gdp-is-20-billion-nominal-gdp-is-25-billion-m1-is-6-billion-and-m3-is-8-bill-5142387.htm',
          'https://www.transtutors.com/questions/24-of-25-22-complete-this-question-4-pts-the-alternative-measure-of-the-standard-of--5142386.htm',
          'https://www.transtutors.com/questions/23-wu-39-s-job-pays-12-hour-and-requires-him-to-be-at-work-at-least-40-hours-week-he-5142385.htm',
          'https://www.transtutors.com/questions/please-and-thanks-23-wu-39-s-job-pays-12-hour-ankd-requires-him-to-be-at-work-at-lea-5142384.htm',
          'https://www.transtutors.com/questions/23-given-the-following-classical-type-table-showing-the-number-of-days-of-labor-inpu-5142383.htm',
          'https://www.transtutors.com/questions/23-given-the-following-classical-type-table-showing-the-number-of-days-of-labor-inpu-5142382.htm',
          'https://www.transtutors.com/questions/23-under-a-fixed-exchange-rate-regime-a-central-bank-can-m-ost-effectively-respond-t-5142381.htm',
          'https://www.transtutors.com/questions/22-when-a-monopolistically-competitive-firm-is-in-long-run-equilibrium-what-is-the-c-5142380.htm',
          'https://www.transtutors.com/questions/22-market-structure-is-determined-by-a-the-equilibrium-price-in-a-specific-market-b--5142379.htm',
          'https://www.transtutors.com/questions/22-a-firm-in-a-monopolistically-competitive-market-can-earn-positive-economic-profit-5142378.htm',
          'https://www.transtutors.com/questions/21-by-including-the-costs-from-negative-externalities-imposed-on-society-an-efficien-5142376.htm',
          'https://www.transtutors.com/questions/21-find-the-euaw-of-the-following-project-i-12-10-points-9-eoy-1-2-3-4-5-7-6-cash-fl-5142375.htm',
          'https://www.transtutors.com/questions/21-in-the-classical-ricardo-analysis-a-country-with-an-absolute-advantage-in-all-goo-5142374.htm',
          'https://www.transtutors.com/questions/21-bryan-consumes-only-goods-1-2-and-3-in-quantities-x-x2-and-x3-respectively-and-as-5142373.htm',
          'https://www.transtutors.com/questions/21-1-pt-explainwhy-n-upward-shift-in-the-consumption-schedule-typically-involves-an--5142372.htm',
          'https://www.transtutors.com/questions/2018-19-world-economic-geography-name-class-i-choose-the-right-answer-for-each-qu-5142371.htm',
          'https://www.transtutors.com/questions/in-2012-target-started-a-new-marketing-campaign-focusing-on-more-consumer-friendly-p-5142370.htm',
          'https://www.transtutors.com/questions/in-2012-an-estimated-7-8-million-mexican-born-immigrants-were-employed-in-the-united-5142369.htm',
          'https://www.transtutors.com/questions/during-the-2008-financial-crisis-banks-restricted-and-the-m2-money-multiplier-l-5142368.htm',
          'https://www.transtutors.com/questions/200-c2-200-and-p-1000-3-stackelberg-model-with-ci-qi-42-a-find-the-following-1-profi-5142367.htm',
          'https://www.transtutors.com/questions/20-which-of-these-is-a-characteristic-of-monopolistic-competition-product-differenti-5142366.htm',
          'https://www.transtutors.com/questions/20-5-pts-complete-the-accompanying-table-with-disposable-income-di-and-consumption-c-5142365.htm',
          'https://www.transtutors.com/questions/need-detailed-analysis-and-drawing-thx-2-within-the-classical-model-analyze-the-foll-5142364.htm',
          'https://www.transtutors.com/questions/2-using-the-theory-of-portfolio-choice-explain-with-diagrams-what-happens-to-demand--5142363.htm',
          'https://www.transtutors.com/questions/2-the-united-states-has-often-regarded-china-as-a-major-violator-of-intellectual-pro-5142362.htm',
          'https://www.transtutors.com/questions/2-two-travelers-david-and-mike-has-returned-home-from-a-trip-to-an-exotic-island-whe-5142361.htm',
          'https://www.transtutors.com/questions/is-this-correct-2-a-surplus-in-a-country-39-s-trade-balance-means-that-a-its-net-exp-5142360.htm',
          'https://www.transtutors.com/questions/2-suppose-a-worker-39-s-non-wage-income-decreases-using-effect-on-the-worker-39-s-la-5142359.htm',
          'https://www.transtutors.com/questions/2-suppose-you-are-given-the-following-information-about-consumers-reservation-prices-5142358.htm',
          'https://www.transtutors.com/questions/2-suppose-a-firm-has-the-following-production-function-q-k-1-4-l-1-4-and-that-the-re-5142357.htm',
          'https://www.transtutors.com/questions/2-suppose-the-demand-equation-for-a-product-is-p2-3p-q-1500-whereq-is-the-number-of--5142356.htm',
          'https://www.transtutors.com/questions/2-suppose-that-a-consumer-39-s-utility-function-can-be-written-u-x-y-x-y2-a-use-calc-5142355.htm',
          'https://www.transtutors.com/questions/2-suppose-you-are-a-consultant-for-a-firm-that-is-perfectly-competitive-the-fim-is-w-5142354.htm'],
 'project': ['trans'],
 'referring_link': ['https://www.transtutors.com/questions/economics/232/'],
 'spider': ['trans_links']}
2020-02-05 23:30:29 [scrapy.core.engine] DEBUG: Crawled (200) <GET https://www.transtutors.com/questions/economics/234/> (referer: https://www.google.com/) ['cached']
2020-02-05 23:30:29 [scrapy.core.scraper] DEBUG: Scraped from <200 https://www.transtutors.com/questions/economics/233/>
{'category': ['economy'],
 'date': [datetime.datetime(2020, 2, 5, 23, 30, 29, 384149)],
 'link': ['https://www.transtutors.com/questions/2-in-a-study-of-pleas-and-prison-sentences-it-is-found-that-45-of-the-subjects-studi-5142353.htm',
          'https://www.transtutors.com/questions/2-the-price-level-of-a-certain-economy-is-107-9-in-2000-111-5-in-2001-114-5-in-20012-5142352.htm',
          'https://www.transtutors.com/questions/2-pollution-control-there-are-three-coal-plants-eurrently-emitting-120-units-of-coal-5142351.htm',
          'https://www.transtutors.com/questions/2-pollution-control-there-are-three-coal-plants-currently-emitting-120-units-of-coal-5142350.htm',
          'https://www.transtutors.com/questions/2-pollution-control-there-are-three-coal-plants-currently-emitting-120-units-of-coal-5142349.htm',
          'https://www.transtutors.com/questions/2-perfectly-competitive-firm-a-draw-the-following-general-looking-short-run-cost-cur-5142348.htm',
          'https://www.transtutors.com/questions/2-part-question-question-224-pts-please-examine-the-following-graph-illustrating-cha-5142347.htm',
          'https://www.transtutors.com/questions/2-part-question-question-204-pts-please-examine-the-following-graph-illustrating-the-5142346.htm',
          'https://www.transtutors.com/questions/2-optimal-inputs-consider-a-firm-that-uses-labor-l-and-capital-k-to-produce-the-foll-5142345.htm',
          'https://www.transtutors.com/questions/2-for-each-ol-the-following-games-1-write-the-total-number-of-subgames-2-find-all-pu-5142344.htm',
          'https://www.transtutors.com/questions/2-money-supply-money-demand-and-adjustment-to-monetary-equili-brium-the-following-ta-5142343.htm',
          'https://www.transtutors.com/questions/2-marks-maintenance-costs-for-a-certain-machine-in-the-first-year-of-operation-are--5142342.htm',
          'https://www.transtutors.com/questions/2-a-manufacturing-company-has-an-annual-cash-flows-that-is-shown-in-the-table-below--5142341.htm',
          'https://www.transtutors.com/questions/2-you-manage-a-smaller-theater-you-know-that-the-demand-functions-for-young-viewers--5142340.htm',
          'https://www.transtutors.com/questions/2-let-r-be-a-continuous-random-variable-with-the-following-conditional-distribution--5142339.htm',
          'https://www.transtutors.com/questions/need-answer-to-part-d-please-2-inter-temporal-labor-supply-imagine-an-individual-who-5142338.htm',
          'https://www.transtutors.com/questions/need-answer-to-part-c-please-2-inter-temporal-labor-supply-imagine-an-individual-who-5142337.htm',
          'https://www.transtutors.com/questions/need-answer-to-part-b-please-2-inter-temporal-labor-supply-imagine-an-individual-who-5142336.htm',
          'https://www.transtutors.com/questions/2-inter-temporal-labor-supply-imagine-an-individual-who-lives-for-two-periods-t-1-2--5142335.htm',
          'https://www.transtutors.com/questions/2-inter-temporal-labor-supply-imagine-an-individual-who-lives-for-two-periods-t-1-2--5142334.htm',
          'https://www.transtutors.com/questions/2-individual-problems-17-2-you-39-re-a-contestant-on-a-tv-game-show-in-the-final-rou-5142333.htm',
          'https://www.transtutors.com/questions/2-individual-demand-and-consumer-surplus-consider-the-market-for-yachts-the-market-p-5142332.htm',
          'https://www.transtutors.com/questions/macroeconomics-intermediate-theory-calc-based-2-increase-in-the-foreign-exchange-rat-5142331.htm',
          'https://www.transtutors.com/questions/2-hypothesis-tests-about-a-population-mean-population-standard-deviation-known-aa-aa-5142330.htm',
          'https://www.transtutors.com/questions/2-given-the-cash-flow-table-below-determine-the-unknown-value-of-a-if-the-interest-r-5142329.htm',
          'https://www.transtutors.com/questions/2-which-of-the-following-transactions-or-events-will-be-recorded-in-the-gdp-accounts-5142328.htm',
          'https://www.transtutors.com/questions/2-for-each-of-the-following-games-1-write-the-total-number-of-subgames-2-find-all-pu-5142327.htm',
          'https://www.transtutors.com/questions/2-find-f-and-fy-from-the-following-2x-3y-c-f-x-y-a-x-y-x2-5xy-y-xy-x2-1-a-f-x-y--5142326.htm',
          'https://www.transtutors.com/questions/2-because-of-fears-of-deflation-i-e-that-inflation-could-turn-negative-the-federal-r-5142325.htm',
          'https://www.transtutors.com/questions/2-if-an-externality-exists-it-will-be-experienced-by-a-some-people-not-directly-invo-5142324.htm',
          'https://www.transtutors.com/questions/2-explain-using-the-model-of-monopolistic-competition-and-a-diagram-how-free-entry-i-5142323.htm',
          'https://www.transtutors.com/questions/2-explain-why-priorities-will-vary-based-upon-the-interest-and-power-of-the-stakehol-5142322.htm',
          'https://www.transtutors.com/questions/2-explain-why-for-millionaire-businessman-don-lambert-carbon-trading-is-an-example-o-5142321.htm',
          'https://www.transtutors.com/questions/i-just-need-a-brief-but-accurate-general-explanation-for-this-question-thanks-2-expl-5142320.htm',
          'https://www.transtutors.com/questions/2-the-expenditure-function-is-e-3pp-function-find-the-corresponding-indirect-utility-5142319.htm',
          'https://www.transtutors.com/questions/2-exercise-17-2-a-machine-that-costs-12-000-is-expected-to-operate-for-10-years-the--5142318.htm',
          'https://www.transtutors.com/questions/2-examples-a-what-will-happen-to-the-equilibrium-interest-rate-and-money-when-nomina-5142317.htm',
          'https://www.transtutors.com/questions/2-deviating-from-the-collusive-outcome-mays-and-mccovey-are-beer-brewing-companies-t-5142315.htm',
          'https://www.transtutors.com/questions/2-deviating-from-the-collusive-outcome-mays-and-mccovey-are-beer-brewing-companies-t-5142314.htm',
          'https://www.transtutors.com/questions/2-currently-the-world-39-s-largest-importer-of-merchandise-trade-in-dollar-volume-is-5142313.htm',
          'https://www.transtutors.com/questions/2-a-corporation-is-considering-the-following-project-for-investment-10-points-43-500-5142312.htm',
          'https://www.transtutors.com/questions/2-consider-two-firms-that-produce-a-homogeneous-good-both-firms-have-the-following-t-5142311.htm',
          'https://www.transtutors.com/questions/2-consider-two-bertrand-competitors-in-the-market-for-brie-jason-and-kayal-the-chees-5142310.htm',
          'https://www.transtutors.com/questions/2-consider-a-general-utility-function-u-ci-c2-that-is-twice-continuously-differentia-5142309.htm',
          'https://www.transtutors.com/questions/2-consider-the-following-two-countries-finland-and-nigeria-which-are-involved-in-th-5142308.htm',
          'https://www.transtutors.com/questions/2-with-which-city-did-the-company-had-to-file-its-business-license-provide-the-websi-5142307.htm',
          'https://www.transtutors.com/questions/2-for-the-cash-flow-diagram-shown-below-calculate-the-future-value-at-t-11-and-the-p-5142306.htm',
          'https://www.transtutors.com/questions/2-capital-per-person-changes-according-to-this-law-kt-1-k-is-8-n-g-k-k-1-derive-the--5142305.htm',
          'https://www.transtutors.com/questions/2-calculating-marginal-revenue-from-a-linear-demand-curve-the-blue-curve-on-the-foll-5142304.htm',
          'https://www.transtutors.com/questions/2-c-d-1-5-repeated-game-use-o-as-the-discount-factor-5-5-0-8-c-8-0-1-1-a-compare-the-5142303.htm'],
 'project': ['trans'],
 'referring_link': ['https://www.transtutors.com/questions/economics/233/'],
 'spider': ['trans_links']}
2020-02-05 23:30:29 [scrapy.core.engine] DEBUG: Crawled (200) <GET https://www.transtutors.com/questions/economics/235/> (referer: https://www.google.com/) ['cached']
2020-02-05 23:30:29 [scrapy.core.scraper] DEBUG: Scraped from <200 https://www.transtutors.com/questions/economics/234/>
{'category': ['economy'],
 'date': [datetime.datetime(2020, 2, 5, 23, 30, 29, 556017)],
 'link': ['https://www.transtutors.com/questions/if-a-2-billion-increase-in-investment-brings-about-a-5-billion-increase-in-equilibri-5142302.htm',
          'https://www.transtutors.com/questions/2-the-average-family-is-spending-20-of-its-budget-on-health-inputs-what-is-the-added-5142301.htm',
          'https://www.transtutors.com/questions/please-give-reasons-2-arturo-and-belen-consume-only-two-goods-x-and-y-they-have-stri-5142300.htm',
          'https://www.transtutors.com/questions/2-antidumping-duties-result-in-an-increase-in-consumer-surplus-a-true-b-false-3-unde-5142299.htm',
          'https://www.transtutors.com/questions/please-answer-c-using-the-conditions-from-a-2-60-points-total-consider-the-same-econ-5142298.htm',
          'https://www.transtutors.com/questions/2-4-points-construct-that-means-draw-them-out-production-possibility-frontiers-graph-5142297.htm',
          'https://www.transtutors.com/questions/2-26-points-suppose-vitamin-pills-should-be-cheap-to-consumers-such-a-policy-would-e-5142296.htm',
          'https://www.transtutors.com/questions/2-17-a-machine-purchased-for-122-000-has-an-estimated-salvage-value-of-7-000-at-the--5142295.htm',
          'https://www.transtutors.com/questions/2-15-points-consider-the-game-is-represented-below-4-4-4-4-d-39-d-2-2-p-q-g-1-2--5142294.htm',
          'https://www.transtutors.com/questions/2-10-points-dr-gebhardt-just-upgraded-her-phone-to-an-iphone-xs-she-previously-had-a-5142293.htm',
          'https://www.transtutors.com/questions/2-10-marks-suppose-the-australian-economy-has-positive-capital-depreciation-and-zero-5142292.htm',
          'https://www.transtutors.com/questions/2-1-a-normative-statement-is-one-which-is-which-of-the-following-is-most-likely-to-b-5142291.htm',
          'https://www.transtutors.com/questions/2-1-5-repcated-game-sc-as-the-discount-factor-5-5-0-8-8-0-1-1-a-comparethe-payolt-of-5142290.htm',
          'https://www.transtutors.com/questions/2-02-pm-fri-jun-14-lte-38-e-mathxl-com-apple-bing-google-yahoo-p-parkin-ma-e-course--5142289.htm',
          'https://www.transtutors.com/questions/2-0-7-or-10-what-is-an-sic-code-you-can-google-it-find-the-sic-code-of-any-u-s-compa-5142288.htm',
          'https://www.transtutors.com/questions/1-utilize-the-following-graphs-to-answer-the-following-question-when-the-usa-is-in-a-5142287.htm',
          'https://www.transtutors.com/questions/1-discuss-the-relevance-of-the-scarcity-concept-in-islamic-economics-describe-your-a-5142286.htm',
          'https://www.transtutors.com/questions/1a-suppose-a-1-per-barrel-tariff-in-the-market-for-oil-causes-the-number-of-imports--5142285.htm',
          'https://www.transtutors.com/questions/1990-salary-thousands-example-salary-856-3-indicates-salary-of-856-300-return-on-sal-5142284.htm',
          'https://www.transtutors.com/questions/19-if-f-x-y-z-3x2-2xyz-8y3z-vz-find-the-value-of-y-when-x-1-3d2-z-3d3--5142283.htm',
          'https://www.transtutors.com/questions/19-consider-the-payoff-matrix-associated-with-the-launch-of-satellites-for-two-onlin-5142282.htm',
          'https://www.transtutors.com/questions/19-consider-a-household-where-the-husband-can-earn-a-market-wage-of-15-per-hour-and--5142281.htm',
          'https://www.transtutors.com/questions/19-consider-the-following-solow-swan-model-in-which-output-per-capita-is-given-by-y--5142280.htm',
          'https://www.transtutors.com/questions/please-show-the-work-thanks-19-answer-the-following-questions-using-the-data-in-the--5142279.htm',
          'https://www.transtutors.com/questions/19-a-how-will-an-decrease-in-demand-with-a-constant-supply-affect-the-equilibrium-pr-5142278.htm',
          'https://www.transtutors.com/questions/18-in-an-open-economy-suppose-consumption-spending-is-200million-investment-spending-5142277.htm',
          'https://www.transtutors.com/questions/real-estate-please-no-hand-written-thanks-18-a-detailed-plan-of-a-plece-of-property--5142276.htm',
          'https://www.transtutors.com/questions/18-consider-the-keynesian-model-discussed-in-class-if-there-is-a-contractionary-gap--5142275.htm',
          'https://www.transtutors.com/questions/18-20-points-matt-39-s-utility-is-given-by-u-x1-x2-min-x1-x2-min-x3-x4-which-of-the--5142274.htm',
          'https://www.transtutors.com/questions/18-20-points-matt-39-s-utility-is-given-by-u-x-x2-min-x-x2-min-x3-x4-which-of-the-fo-5142273.htm',
          'https://www.transtutors.com/questions/17-temblador-corporation-purchased-a-machine-7-vears-ago-for-319-000-when-it-launche-5142272.htm',
          'https://www.transtutors.com/questions/17-problems-se-ed-help-save-exit-subnit-12-check-my-work-coffee-grown-in-guatemala-i-5142271.htm',
          'https://www.transtutors.com/questions/17-in-an-open-economy-suppose-consumption-spending-is-200million-investment-spending-5142270.htm',
          'https://www.transtutors.com/questions/16-when-an-airline-is-able-to-use-the-elasticity-of-demand-to-set-different-prices-f-5142269.htm',
          'https://www.transtutors.com/questions/15-if-we-measure-the-ratio-of-total-trade-to-gdp-which-one-of-the-following-nations--5142268.htm',
          'https://www.transtutors.com/questions/15-consider-an-economy-with-a-production-function-given-by-y-ak03l07-this-economy-39-5142267.htm',
          'https://www.transtutors.com/questions/15-calculating-rates-of-return-in-october-2011-the-average-house-price-in-the-was-24-5142266.htm',
          'https://www.transtutors.com/questions/15-bundling-bundling-is-not-always-superior-to-non-bundling-to-see-this-consider-bon-5142265.htm',
          'https://www.transtutors.com/questions/15-2-points-explain-how-the-production-possibilities-curve-can-be-used-to-illustrate-5142264.htm',
          'https://www.transtutors.com/questions/14-a-monopoly-market-is-characterized-by-the-inverse-demand-curve-p-maximizing-outpu-5142263.htm',
          'https://www.transtutors.com/questions/14-jack-in-the-box-recently-estimated-the-cross-price-elasticity-of-demand-for-large-5142262.htm',
          'https://www.transtutors.com/questions/please-and-thanks-they-go-together-14-jack-in-the-box-recently-estimated-the-cross-p-5142261.htm',
          'https://www.transtutors.com/questions/14-which-of-the-following-factors-reduces-the-volume-of-trade-a-wars-b-severe-econom-5142260.htm',
          'https://www.transtutors.com/questions/14-which-of-the-following-factors-reduces-the-volume-of-trade-a-b-wars-severe-econom-5142259.htm',
          'https://www.transtutors.com/questions/13-using-the-income-elasticity-of-demand-to-characterize-goods-data-collected-from-t-5142258.htm',
          'https://www.transtutors.com/questions/13-jack-in-the-box-recently-estimated-cross-price-elasticity-of-demand-for-large-dri-5142257.htm',
          'https://www.transtutors.com/questions/a-custom-union-that-allows-for-free-moment-of-labor-13-the-h-o-model-extend-tho-clas-5142256.htm',
          'https://www.transtutors.com/questions/13-which-of-the-following-is-relatively-inelastic-with-respect-to-demand-a-a-luxury--5142255.htm',
          'https://www.transtutors.com/questions/13-if-a-country-39-s-gdp-is-10-trillion-its-exports-is-3-trillion-and-its-imports-is-5142254.htm',
          'https://www.transtutors.com/questions/13-if-a-country-39-s-gdp-is-10-trillion-its-exports-is-3-trillion-and-its-imports-is-5142253.htm'],
 'project': ['trans'],
 'referring_link': ['https://www.transtutors.com/questions/economics/234/'],
 'spider': ['trans_links']}
2020-02-05 23:30:29 [scrapy.core.engine] DEBUG: Crawled (200) <GET https://www.transtutors.com/questions/economics/236/> (referer: https://www.google.com/) ['cached']
2020-02-05 23:30:29 [scrapy.core.scraper] DEBUG: Scraped from <200 https://www.transtutors.com/questions/economics/235/>
{'category': ['economy'],
 'date': [datetime.datetime(2020, 2, 5, 23, 30, 29, 703716)],
 'link': ['https://www.transtutors.com/questions/13-if-a-country-39-s-gdp-is-10-trillion-its-exports-is-3-trillion-and-its-imports-is-5142252.htm',
          'https://www.transtutors.com/questions/13-what-assumption-s-in-the-production-possibilities-model-may-lead-the-model-to-ove-5142251.htm',
          'https://www.transtutors.com/questions/13-15-spartanville-is-a-small-country-off-the-coast-of-western-canada-that-relies-h-5142250.htm',
          'https://www.transtutors.com/questions/13-12-100-110-50-quantity-sold-b-jawab-soalan-soalan-berikut-berdasarkan-rajah-di-at-5142249.htm',
          'https://www.transtutors.com/questions/13-1-point-if-country-a-can-produce-more-of-a-good-than-country-b-does-country-a-hav-5142248.htm',
          'https://www.transtutors.com/questions/12-jack-in-the-box-recently-estimated-own-price-elasticity-of-demand-for-large-drink-5142247.htm',
          'https://www.transtutors.com/questions/1-20-in-the-fall-of-2008-the-u-s-stock-market-plummeted-several-times-with-grave-con-5142246.htm',
          'https://www.transtutors.com/questions/12-use-the-following-graph-to-answer-the-questions-what-is-equilibrium-price-do-b-wh-5142245.htm',
          'https://www.transtutors.com/questions/12-unregulated-aissez-faire-markets-are-sald-to-be-all-of-the-following-except-a-efi-5142244.htm',
          'https://www.transtutors.com/questions/12-understanding-the-point-elasticity-of-demand-consider-the-demand-for-razors-shown-5142243.htm',
          'https://www.transtutors.com/questions/12-the-top-texas-export-in-2017-is-a-cotton-b-electric-machinery-c-nuclear-reactors--5142242.htm',
          'https://www.transtutors.com/questions/12-the-top-texas-export-in-2017-is-a-cotton-b-electric-machinery-c-nuclear-reactors--5142241.htm',
          'https://www.transtutors.com/questions/12-in-the-rbc-model-the-natural-disaster-in-11-ripples-through-the-macro-economy-and-5142240.htm',
          'https://www.transtutors.com/questions/12-perfect-competition-the-demand-for-a-media-art-is-given-by-q-1-500-80p-the-long-r-5142239.htm',
          'https://www.transtutors.com/questions/12-market-equilibrium-and-disequilibrium-the-following-graph-shows-the-monthly-deman-5142238.htm',
          'https://www.transtutors.com/questions/12-jack-in-the-box-recently-estimated-own-price-elasticity-of-demand-for-large-drink-5142237.htm',
          'https://www.transtutors.com/questions/please-and-thanks-12-jack-in-the-box-recently-estimated-own-price-elasticity-of-dema-5142236.htm',
          'https://www.transtutors.com/questions/12-illustrating-the-unpleasant-surprises-that-firms-operating-in-information-technol-5142235.htm',
          'https://www.transtutors.com/questions/12-the-graph-shows-an-economy-that-is-above-full-employment-to-restore-full-employme-5142234.htm',
          'https://www.transtutors.com/questions/12-10-8-6-4-b-2-10-12-14-16-18-8-6-4-2-quantity-units-per-day-in-the-above-figure-th-5142233.htm',
          'https://www.transtutors.com/questions/11-variable-cost-a-increases-on-a-per-unit-basis-as-the-number-of-units-produced-inc-5142232.htm',
          'https://www.transtutors.com/questions/11-a-production-possibilities-frontier-with-a-bowed-outward-shape-indicates-the-poss-5142231.htm',
          'https://www.transtutors.com/questions/11-problems-and-applications-q11-high-inflation-imposes-various-costs-on-sodiety-wha-5142230.htm',
          'https://www.transtutors.com/questions/11-problems-and-applications-q11-consider-how-health-insurance-affects-the-quantity--5142229.htm',
          'https://www.transtutors.com/questions/11-illustrating-the-basic-marketplace-tactics-when-the-firms-are-pursuing-in-a-stand-5142228.htm',
          'https://www.transtutors.com/questions/11-which-of-the-following-statement-s-is-false-a-a-monopoly-s-profit-maximising-pric-5142227.htm',
          'https://www.transtutors.com/questions/11-the-following-classical-type-table-shows-the-labor-requirements-in-the-production-5142226.htm',
          'https://www.transtutors.com/questions/11-calculating-present-values-you-have-just-received-notification-that-you-have-won--5142225.htm',
          'https://www.transtutors.com/questions/11-46-moodle-suno-edu-use-the-following-data-to-determine-a-hypothetical-economy-39--5142224.htm',
          'https://www.transtutors.com/questions/11-20-points-penny-spends-i-48-on-cigarettes-is-p-4-pack-and-the-before-tax-face-a-q-5142223.htm',
          'https://www.transtutors.com/questions/10-illustrating-the-direct-externality-indirect-externality-and-cross-group-external-5142222.htm',
          'https://www.transtutors.com/questions/10802100bs11-8-6-a-firm-uses-labor-and-machines-to-produce-output-according-to-the-p-5142221.htm',
          'https://www.transtutors.com/questions/an-101210035-2018-2019-the-coupom-2017-b-the-mark-the-mare-the-pan-n--5142220.htm',
          'https://www.transtutors.com/questions/if-1-00-u-s-bought-1-40-canadian-dollars-in-2002-and-in-2005-it-bought-1-60-canadian-5142219.htm',
          'https://www.transtutors.com/questions/100-s-315-25-fvan-pmt-0-050-future-value-of-annuity-500-400-300-200-100-0-1-2-perio-5142218.htm',
          'https://www.transtutors.com/questions/100-80-60-40-20-0-100-200-300-400-500-600-quantity-of-health-care-refer-to-the-grap-5142217.htm',
          'https://www.transtutors.com/questions/100-4q-4-30-points-two-homogeneous-firms-1-and-2-facing-where-q-is-output-q-42-and-p-5142216.htm',
          'https://www.transtutors.com/questions/for-more-than-10-years-you-have-been-a-human-resources-manager-at-a-welding-and-mach-5142215.htm',
          'https://www.transtutors.com/questions/text-page-questions-number-7-and-8-are-shown-in-second-photo-10-a-how-would-you-show-5142214.htm',
          'https://www.transtutors.com/questions/10-utilize-the-following-graphs-to-answer-the-following-question-how-many-automobile-5142213.htm',
          'https://www.transtutors.com/questions/10-u-s-exported-a-petroleum-and-other-mineral-products-b-computer-and-electronic-pro-5142212.htm',
          'https://www.transtutors.com/questions/10-if-u-x-x2-4x-x2-what-is-the-value-of-mrs-2-8-don-39-t-forget-to-include-the-minus-5142211.htm',
          'https://www.transtutors.com/questions/its-an-economics-engineering-question-10-what-two-conditions-must-be-met-to-qualify--5142210.htm',
          'https://www.transtutors.com/questions/10-suppose-qd-12-p-and-qs-3-p-what-is-the-price-cap-that-would-produce-the-same-amou-5142209.htm',
          'https://www.transtutors.com/questions/10-after-reading-the-article-reflect-on-the-idea-and-purpose-of-regulation-how-might-5142208.htm',
          'https://www.transtutors.com/questions/10-questionable-business-practices-according-to-antitrust-agencies-complete-the-foll-5142207.htm',
          'https://www.transtutors.com/questions/10-pts-christine-spends-all-of-her-income-on-earrings-e-and-bracelets-b-christine-39-5142206.htm',
          'https://www.transtutors.com/questions/10-problems-and-applications-q10-friend-of-yours-is-considering-two-cell-phone-servi-5142205.htm',
          'https://www.transtutors.com/questions/10-as-a-principal-in-the-consulting-fi-rm-where-you-have-worked-for-20-years-you-hav-5142204.htm',
          'https://www.transtutors.com/questions/10-price-elasticity-of-supply-in-the-short-run-and-long-run-the-following-graph-show-5142203.htm'],
 'project': ['trans'],
 'referring_link': ['https://www.transtutors.com/questions/economics/235/'],
 'spider': ['trans_links']}
2020-02-05 23:30:29 [scrapy.core.engine] DEBUG: Crawled (200) <GET https://www.transtutors.com/questions/economics/237/> (referer: https://www.google.com/) ['cached']
2020-02-05 23:30:29 [scrapy.core.scraper] DEBUG: Scraped from <200 https://www.transtutors.com/questions/economics/236/>
{'category': ['economy'],
 'date': [datetime.datetime(2020, 2, 5, 23, 30, 29, 861258)],
 'link': ['https://www.transtutors.com/questions/10-points-seve-answer-during-a-recession-the-price-of-goods-and-services-goes-down-b-5142202.htm',
          'https://www.transtutors.com/questions/10-points-save-answe-an-engineer-received-a-bonus-of-12-000-that-he-will-invest-now--5142201.htm',
          'https://www.transtutors.com/questions/10-points-patricia-and-david-are-thinking-about-opening-a-small-pie-business-here-ar-5142200.htm',
          'https://www.transtutors.com/questions/10-point-question-42-true-false-please-determine-whether-the-following-sentence-is-t-5142199.htm',
          'https://www.transtutors.com/questions/10-in-a-perfectly-competitive-market-economic-profits-cannot-persist-in-the-long-run-5142198.htm',
          'https://www.transtutors.com/questions/a-10-percent-increase-in-income-increases-the-quantity-of-orange-juice-demanded-from-5142197.htm',
          'https://www.transtutors.com/questions/a-10-percent-increase-in-income-increases-the-quantity-of-apple-juice-demanded-from--5142196.htm',
          'https://www.transtutors.com/questions/10-ossie-enters-a-convenience-store-and-points-a-gun-at-the-clerk-pico-ossie-forces--5142195.htm',
          'https://www.transtutors.com/questions/10-what-were-the-major-causes-for-the-decline-of-the-u-s-economy-in-the-1970s--5142194.htm',
          'https://www.transtutors.com/questions/explanations-10-an-australian-currency-speculator-believes-that-the-new-zealand-doll-5142193.htm',
          'https://www.transtutors.com/questions/10-9-wendy-borrows-25-000-at-12-compounded-annually-she-plans-on-paying-off-the-loa-5142192.htm',
          'https://www.transtutors.com/questions/10-in-the-1970s-quot-great-inflation-quot-inflation-was-increased-because-policy-mak-5142191.htm',
          'https://www.transtutors.com/questions/10-in-the-1970s-quot-great-inflation-quot-inflation-was-increased-because-policy-mak-5142190.htm',
          'https://www.transtutors.com/questions/10-calculate-the-consumer-surplus-cs-producer-surplus-ps-and-the-deadweight-loss-fo-5142189.htm',
          'https://www.transtutors.com/questions/1-white-cloud-toilet-tissue-provides-substantial-trade-discounts-to-retailers-with-t-5142188.htm',
          'https://www.transtutors.com/questions/hi-can-someone-help-me-answer-this-question-please-and-thanks-1-welfare-effects-of-f-5142187.htm',
          'https://www.transtutors.com/questions/1-how-does-the-way-a-company-is-managed-affect-its-competitive-advantage-2-explain-t-5142186.htm',
          'https://www.transtutors.com/questions/1-which-variables-are-ordinal-which-are-nominal-nominal-variables-and-ordinal-variab-5142185.htm',
          'https://www.transtutors.com/questions/1-valuation-of-a-statistical-life-the-valuation-of-a-statistical-life-is-a-method-fo-5142184.htm',
          'https://www.transtutors.com/questions/1-in-a-two-good-world-let-bundle-x-3-loaves-of-bread-and-0-apples-bundle-y-0-loaves--5142183.htm',
          'https://www.transtutors.com/questions/1-two-firms-compete-in-a-linear-city-of-length-1-unit-consumers-are-uniformly-locate-5142182.htm',
          'https://www.transtutors.com/questions/1-two-firms-compete-in-a-linear-city-of-length-1-unit-consumers-are-uniformly-locate-5142181.htm',
          'https://www.transtutors.com/questions/1-trump-pledged-to-impose-a-from-mexico-until-mexico-does-more-to-stop-the-movement--5142180.htm',
          'https://www.transtutors.com/questions/1-trump-pledged-to-impose-from-mexico-until-mexico-does-more-to-stop-the-movement-of-5142179.htm',
          'https://www.transtutors.com/questions/1-suppose-the-united-states-faces-domestic-inflation-and-a-current-account-surplus-s-5142178.htm',
          'https://www.transtutors.com/questions/1-suppose-there-are-only-two-2-firms-producing-identical-pens-at-a-constant-marginal-5142177.htm',
          'https://www.transtutors.com/questions/1-suppose-the-supply-and-demand-for-milk-is-described-by-the-following-equations-qp--5142176.htm',
          'https://www.transtutors.com/questions/1-suppose-a-market-for-a-good-is-described-by-the-following-demand-and-supply-functi-5142175.htm',
          'https://www.transtutors.com/questions/1-suppose-a-market-for-a-good-is-described-by-the-following-demand-and-supply-functi-5142174.htm',
          'https://www.transtutors.com/questions/1-suppose-a-market-for-a-good-is-described-by-the-following-demand-and-supply-functi-5142173.htm',
          'https://www.transtutors.com/questions/please-show-detailed-work-step-by-step-thank-you-so-much-1-suppose-you-are-intereste-5142172.htm',
          'https://www.transtutors.com/questions/how-do-i-solve-this-i-am-not-good-with-graphs-at-all-thank-you-1-suppose-during-the--5142171.htm',
          'https://www.transtutors.com/questions/1-supply-demand-2-left-right-3-greater-less-4-increase-decrease-5-sell-buy-6-have-to-5142170.htm',
          'https://www.transtutors.com/questions/1-for-each-statement-decide-whether-it-is-true-false-or-uncertain-and-explain-why-br-5142169.htm',
          'https://www.transtutors.com/questions/macroeconomics-intermediate-theory-calc-based-1-solving-of-y-and-r-in-the-mundell-fl-5142168.htm',
          'https://www.transtutors.com/questions/1-for-small-countries-free-trade-results-in-a-higher-level-of-national-welfare-than--5142167.htm',
          'https://www.transtutors.com/questions/please-help-me-answer-this-question-1-a-show-that-when-all-consumers-and-producers-a-5142166.htm',
          'https://www.transtutors.com/questions/1-a-show-that-when-all-consumers-and-producers-are-price-takers-a-competitive-equili-5142165.htm',
          'https://www.transtutors.com/questions/1-a-shortage-of-a-product-will-arise-when-price-is-above-equilibrium-with-the-result-5142164.htm',
          'https://www.transtutors.com/questions/1-to-select-one-of-the-following-cars-to-buy-provide-a-weighted-scoring-model-car-1--5142163.htm',
          'https://www.transtutors.com/questions/1-you-see-a-news-report-about-taxes-inflation-or-other-economic-issues-and-wonder-wh-5142162.htm',
          'https://www.transtutors.com/questions/1-which-sales-promotion-method-is-typically-the-worst-way-to-build-brand-loyalty-a-b-5142161.htm',
          'https://www.transtutors.com/questions/1-safeguard-protection-the-escape-clause-applies-to-permanent-protection-provided-to-5142160.htm',
          'https://www.transtutors.com/questions/1-returns-to-scale-consider-the-following-production-function-2k2li-b-does-this-prod-5142159.htm',
          'https://www.transtutors.com/questions/1-the-result-of-normal-trade-relations-the-most-favored-nation-clause-is-a-an-increa-5142158.htm',
          'https://www.transtutors.com/questions/1-research-different-cultural-aspects-of-brazil-japan-and-iran-how-do-these-differ-f-5142157.htm',
          'https://www.transtutors.com/questions/1-relationship-between-total-and-marginal-revenue-aa-aa-in-a-situation-of-pure-monop-5142156.htm',
          'https://www.transtutors.com/questions/i-need-help-answering-questions-1-2-and-3-1-refer-to-the-table-below-profit-tr-tc-qu-5142155.htm',
          'https://www.transtutors.com/questions/1-in-the-rbc-model-if-we-start-at-a-point-of-long-run-equilibrium-and-the-fed-undert-5142154.htm',
          'https://www.transtutors.com/questions/1-the-range-of-prices-where-consumers-have-incentive-to-buy-and-sellers-have-incenti-5142153.htm'],
 'project': ['trans'],
 'referring_link': ['https://www.transtutors.com/questions/economics/236/'],
 'spider': ['trans_links']}
2020-02-05 23:30:30 [scrapy.core.engine] DEBUG: Crawled (200) <GET https://www.transtutors.com/questions/economics/238/> (referer: https://www.google.com/) ['cached']
2020-02-05 23:30:30 [scrapy.core.scraper] DEBUG: Scraped from <200 https://www.transtutors.com/questions/economics/237/>
{'category': ['economy'],
 'date': [datetime.datetime(2020, 2, 5, 23, 30, 30, 27574)],
 'link': ['https://www.transtutors.com/questions/1-question-resolve-the-representative-intermediate-goods-firm-39-s-profit-maximisati-5142152.htm',
          'https://www.transtutors.com/questions/1-pts-two-projects-a-and-b-are-being-considered-a-initial-cost-300-uniform-annual-be-5142151.htm',
          'https://www.transtutors.com/questions/1-pts-question-8-e-budget-constraint-of-lesley-when-she-is-faced-with-twogoods-burge-5142150.htm',
          'https://www.transtutors.com/questions/1-pts-question-2-0-or-ly-ky-kx-k-1-0-k-yb-ya-ox-7-0-1-7-lx-consider-a-small-open-eco-5142149.htm',
          'https://www.transtutors.com/questions/1-pts-question-12-the-great-recession-was-most-similar-to-which-of-the-following-dow-5142148.htm',
          'https://www.transtutors.com/questions/1-present-value-and-multiple-cash-flows-rooster-co-has-identified-an-investment-proj-5142147.htm',
          'https://www.transtutors.com/questions/1-pois-question-42-which-of-the-following-will-enable-a-nation-to-obtain-a-combinati-5142146.htm',
          'https://www.transtutors.com/questions/1-point-part-1-suppose-the-cost-of-writing-music-increases-how-will-this-affect-the-5142145.htm',
          'https://www.transtutors.com/questions/please-circle-the-answer-1-point-a-company-manufactures-x-units-of-one-item-and-y-un-5142144.htm',
          'https://www.transtutors.com/questions/1-outsourcing-has-becoming-an-increasingly-popular-way-for-organizations-to-streamli-5142143.htm',
          'https://www.transtutors.com/questions/1-nominal-gdp-is-measured-in-prices-and-real-gdp-is-measured-in-prices-a-current-bas-5142142.htm',
          'https://www.transtutors.com/questions/1-the-new-york-state-health-department-reports-a-10-rate-of-the-hiv-virus-for-the-qu-5142141.htm',
          'https://www.transtutors.com/questions/1-name-one-example-of-a-new-trade-barrier-that-the-u-s-a-has-enacted-on-another-coun-5142140.htm',
          'https://www.transtutors.com/questions/1-microsoft-word-is-often-available-as-a-student-edition-at-a-lower-price-but-with-l-5142139.htm',
          'https://www.transtutors.com/questions/1-when-marketing-a-new-energy-drink-what-is-product-positioning-a-shelf-locations-in-5142138.htm',
          'https://www.transtutors.com/questions/1-what-are-the-main-assumptions-of-the-perfection-competition-model-using-a-diagram-5142137.htm',
          'https://www.transtutors.com/questions/1-lucy-has-current-wealth-of-100-000-she-has-just-been-sent-a-notice-to-pay-500-for--5142136.htm',
          'https://www.transtutors.com/questions/1-liz-has-utility-given-by-u-x-x2-x-x2-if-p-10-p2-20-and-i-150-find-liz-39-s-optim-5142135.htm',
          'https://www.transtutors.com/questions/question-1-2-as-you-need-quesiton-1-to-answer-question-2-please-and-thank-you-1-liz--5142134.htm',
          'https://www.transtutors.com/questions/1-list-and-explain-the-three-ways-in-which-there-can-be-market-failure-2-define-exte-5142133.htm',
          'https://www.transtutors.com/questions/1-led-light-bulbs-by-ge-are-marketed-to-many-americans-who-have-embraced-values-arou-5142132.htm',
          'https://www.transtutors.com/questions/1-laurie-owns-and-operates-a-daycare-center-quot-the-whiz-academy-quot-that-competes-5142131.htm',
          'https://www.transtutors.com/questions/1-why-knowledge-of-the-demand-law-is-so-important-to-know-for-us-consumers-2-does-qd-5142129.htm',
          'https://www.transtutors.com/questions/1-kari-and-lillian-who-are-citizens-of-mississippi-are-involved-in-a-case-related-to-5142128.htm',
          'https://www.transtutors.com/questions/1-a-how-is-the-interplay-between-the-us-immigration-and-naturalization-act-1965-pres-5142127.htm',
          'https://www.transtutors.com/questions/1-the-is-an-international-organization-that-establishes-codes-of-conduct-for-interna-5142126.htm',
          'https://www.transtutors.com/questions/1-if-the-interest-rate-is-7-and-an-asset-pays-100-per-year-for-5-years-starting-now--5142125.htm',
          'https://www.transtutors.com/questions/1-inote-that-ac-in-the-figure-below-is-atc-for-the-following-perfectly-competitive--5142124.htm',
          'https://www.transtutors.com/questions/1-ineffective-marketing-managers-select-market-targets-that-are-a-of-adequate-size-g-5142123.htm',
          'https://www.transtutors.com/questions/1-individual-problems-15-1-mr-ward-and-mrs-ward-typically-vote-oppositely-in-electio-5142122.htm',
          'https://www.transtutors.com/questions/1-the-income-elasticity-for-most-staple-foods-such-as-wheat-is-known-to-be-between-z-5142121.htm',
          'https://www.transtutors.com/questions/1-an-import-tariff-will-worsen-the-terms-of-trade-for-a-quot-small-quot-country-but--5142120.htm',
          'https://www.transtutors.com/questions/0-and-nx-with-explanation-please-1-for-a-hypothetical-economy-let-ki-capital-inflow--5142119.htm',
          'https://www.transtutors.com/questions/1-in-a-hunter-gatherer-society-lives-2-people-adam-and-eva-adam-is-a-hunter-and-cat-5142118.htm',
          'https://www.transtutors.com/questions/1-because-of-the-huge-fixed-cost-of-running-pipe-to-everyone-s-home-natural-gas-is-a-5142117.htm',
          'https://www.transtutors.com/questions/1-the-government-is-considering-raising-revenues-by-taxing-visits-to-the-doctor-they-5142116.htm',
          'https://www.transtutors.com/questions/1-the-government-is-considering-raising-revenues-by-taxing-visits-to-the-doctor-they-5142115.htm',
          'https://www.transtutors.com/questions/1-goods-generating-positive-externalities-are-over-produced-or-over-consumed-a-true--5142114.htm',
          'https://www.transtutors.com/questions/1-a-quot-golongan-klasikal-mengandaikan-bahawa-kadar-upah-dan-kadar-bunga-adalah-fle-5142113.htm',
          'https://www.transtutors.com/questions/1-giving-the-following-cfd-find-the-present-worth-using-i-12-per-year-g-150-pa-2-000-5142112.htm',
          'https://www.transtutors.com/questions/1-give-the-four-major-reasons-according-to-the-author-why-planning-is-important-2-di-5142111.htm',
          'https://www.transtutors.com/questions/1-which-of-the-following-is-not-a-way-to-influence-a-consumers-perception-of-value-a-5142110.htm',
          'https://www.transtutors.com/questions/1-which-of-the-following-goverment-policies-could-be-used-to-shift-ad-to-full-employ-5142109.htm',
          'https://www.transtutors.com/questions/1-for-each-of-the-following-goods-indicate-whether-you-expect-demand-to-be-inelastic-5142108.htm',
          'https://www.transtutors.com/questions/please-answer-all-3-questions-1-which-of-the-following-best-defines-opportunity-cost-5142107.htm',
          'https://www.transtutors.com/questions/1-figure-the-labour-market-refer-to-the-accompanying-figure-on-the-labour-market-wha-5142106.htm',
          'https://www.transtutors.com/questions/1-an-external-reference-price-is-a-what-customers-think-they-should-pay-given-their--5142105.htm',
          'https://www.transtutors.com/questions/1-explain-what-we-would-expect-to-happen-to-the-money-supply-if-the-federal-reserve--5142104.htm',
          'https://www.transtutors.com/questions/1-explain-2-reasons-why-the-supply-of-physician-services-is-highly-inelastic-in-the--5142103.htm',
          'https://www.transtutors.com/questions/1-explain-2-reasons-why-the-supply-of-physician-services-is-highly-inelastic-in-the--5142102.htm'],
 'project': ['trans'],
 'referring_link': ['https://www.transtutors.com/questions/economics/237/'],
 'spider': ['trans_links']}
2020-02-05 23:30:30 [scrapy.core.engine] DEBUG: Crawled (200) <GET https://www.transtutors.com/questions/economics/239/> (referer: https://www.google.com/) ['cached']
2020-02-05 23:30:30 [scrapy.core.scraper] DEBUG: Scraped from <200 https://www.transtutors.com/questions/economics/238/>
{'category': ['economy'],
 'date': [datetime.datetime(2020, 2, 5, 23, 30, 30, 189496)],
 'link': ['https://www.transtutors.com/questions/1-exercise-17-1-a-firm-has-the-opportunity-to-invest-in-a-project-having-an-initial--5142101.htm',
          'https://www.transtutors.com/questions/1-estimate-each-market-s-current-demand-function-for-gbc-microbrew-note-your-demand-5142100.htm',
          'https://www.transtutors.com/questions/1-as-an-economy-recovers-from-a-recession-the-observed-level-of-labor-productivity-t-5142099.htm',
          'https://www.transtutors.com/questions/1-as-an-economy-recovers-from-a-recession-the-observed-level-of-labor-productivity-t-5142098.htm',
          'https://www.transtutors.com/questions/1-when-economists-refer-to-land-as-a-productive-input-for-a-firm-they-are-not-only-t-5142097.htm',
          'https://www.transtutors.com/questions/1-economic-growth-around-the-world-the-following-table-reports-real-income-per-perso-5142096.htm',
          'https://www.transtutors.com/questions/1-economic-growth-around-the-world-the-following-table-reports-real-income-per-perso-5142095.htm',
          'https://www.transtutors.com/questions/1-domestic-content-requirements-applied-to-autos-would-tend-to-a-lower-auto-prices-f-5142094.htm',
          'https://www.transtutors.com/questions/1-discuss-the-determinants-of-the-four-components-of-aggregate-expenditure-and-defin-5142093.htm',
          'https://www.transtutors.com/questions/1-describe-the-features-of-a-perfectly-competitive-market-2-complete-the-following-t-5142092.htm',
          'https://www.transtutors.com/questions/1-the-demand-curve-for-a-perfectly-competitive-firm-is-a-a-downward-sloping-line-typ-5142091.htm',
          'https://www.transtutors.com/questions/1-the-cpi-for-the-houston-woodlands-sugarland-mls-is-released-monthly-find-the-last--5142090.htm',
          'https://www.transtutors.com/questions/1-if-you-could-pick-only-1-focus-should-policy-makers-focus-on-minimizing-inflation--5142089.htm',
          'https://www.transtutors.com/questions/1-cost-curves-short-run-long-run-and-the-relationship-between-them-a-suppose-you-hav-5142088.htm',
          'https://www.transtutors.com/questions/1-a-consumer-values-a-good-bike-at-50-and-a-poor-one-at-30-unfortunately-prior-to-pu-5142087.htm',
          'https://www.transtutors.com/questions/1-consider-these-two-machines-alternatives-12-points-b-a-5000-1750-700-8200-1850-500-5142086.htm',
          'https://www.transtutors.com/questions/1-consider-two-cournot-duopolists-each-firm-sells-a-homogenous-product-and-has-a-mc--5142085.htm',
          'https://www.transtutors.com/questions/1-consider-two-cournot-duopolists-each-firm-sells-a-homogenous-product-and-has-a-mc--5142084.htm',
          'https://www.transtutors.com/questions/1-consider-two-cournot-duopolists-each-firm-sells-a-homogenous-product-and-has-a-mc--5142083.htm',
          'https://www.transtutors.com/questions/please-show-the-process-1-consider-two-cournot-duopolists-each-firm-sells-a-homogeno-5142082.htm',
          'https://www.transtutors.com/questions/1-consider-the-production-function-f-l-6l2-where-l-is-the-amount-of-labour-used-by-t-5142081.htm',
          'https://www.transtutors.com/questions/1-consider-a-market-for-mid-size-sedan-with-two-players-toyota-and-kia-each-company--5142080.htm',
          'https://www.transtutors.com/questions/1-consider-the-following-utility-functions-u-ci-c2-cfc-a-cobb-douglas-39-utility-fun-5142079.htm',
          'https://www.transtutors.com/questions/1-consider-a-consumer-ann-in-a-2-good-economy-who-has-an-endowment-of-x-7-y-6-she-fa-5142078.htm',
          'https://www.transtutors.com/questions/1-conditions-for-monopolistic-competition-consider-the-monopolistically-competitive--5142077.htm',
          'https://www.transtutors.com/questions/1-concept-a-write-the-definition-for-spne-show-the-relationship-between-ne-and-spne--5142076.htm',
          'https://www.transtutors.com/questions/1-compared-to-an-import-quota-an-equivalent-tariff-may-provide-a-less-certain-amount-5142075.htm',
          'https://www.transtutors.com/questions/1-compare-fixed-and-floating-exchange-rate-regimes-in-terms-of-their-ability-to-shie-5142074.htm',
          'https://www.transtutors.com/questions/1-you-collect-the-following-production-data-for-your-firm-241-l-189-459-64-l-102-1-5-5142073.htm',
          'https://www.transtutors.com/questions/1-classify-each-of-the-following-items-as-a-final-good-or-service-or-an-intermediate-5142072.htm',
          'https://www.transtutors.com/questions/1-characteristics-of-oligopoly-an-oligopolistic-market-structure-is-distinguished-by-5142071.htm',
          'https://www.transtutors.com/questions/1-the-most-challenging-element-of-the-marketing-mix-to-get-right-when-putting-togeth-5142070.htm',
          'https://www.transtutors.com/questions/1-for-a-capital-investment-of-5-million-year-0-a-small-mine-returns-an-annual-profit-5142069.htm',
          'https://www.transtutors.com/questions/1-calculating-inflation-using-a-simple-price-index-consider-a-fictional-price-index--5142068.htm',
          'https://www.transtutors.com/questions/1-the-bureau-of-labor-statistics-bls-compiles-information-about-employment-by-a-cont-5142067.htm',
          'https://www.transtutors.com/questions/engineering-economics-equestion-1-are-you-better-off-investing-15-000-for-5-years-in-5142066.htm',
          'https://www.transtutors.com/questions/1-based-on-the-figure-above-a-what-is-the-maximum-price-consumers-are-willing-to-pay-5142065.htm',
          'https://www.transtutors.com/questions/1-how-do-barriers-to-entry-benefit-a-monopoly-2-what-benefit-does-society-derive-by--5142064.htm',
          'https://www.transtutors.com/questions/1-what-are-the-assumptions-conditions-of-perfectly-competitive-capital-markets-we-as-5142063.htm',
          'https://www.transtutors.com/questions/1-assuming-that-factors-to-production-are-held-fixed-explain-how-investment-is-affec-5142062.htm',
          'https://www.transtutors.com/questions/1-assume-the-interest-rate-in-britain-is-9-the-interest-rate-in-canada-is-6-r-t-2-7--5142061.htm',
          'https://www.transtutors.com/questions/1-assume-the-economy-can-be-described-by-the-consumption-function-c-300-billion-0-9y-5142060.htm',
          'https://www.transtutors.com/questions/1-assume-the-economy-is-on-ad2-the-gdp-gap-is-units-of-output-and-the-ad-is--5142059.htm',
          'https://www.transtutors.com/questions/1-arguably-the-primary-objective-of-a-for-profit-business-is-to-make-money-might-a-c-5142058.htm',
          'https://www.transtutors.com/questions/1-angie-has-12-cookies-and-a-marginal-value-curve-described-by-p-45-3qa-while-benny--5142057.htm',
          'https://www.transtutors.com/questions/1-6pts-suppose-that-the-sales-of-a-particular-product-are-given-by-the-function-f-x--5142056.htm',
          'https://www.transtutors.com/questions/please-give-reasons-1-6-pointe-each-indicate-whether-ench-of-the-following-statement-5142055.htm',
          'https://www.transtutors.com/questions/dr-means-discount-rate-and-rr-reserve-ratio-1-37-points-fill-in-the-following-table--5142054.htm',
          'https://www.transtutors.com/questions/1-20-pts-consider-the-following-production-function-y-4k-ni-a-and-assume-that-a-a-is-5142053.htm',
          'https://www.transtutors.com/questions/1-20-marks-suppose-the-australian-economy-starts-in-long-run-equilibrium-but-trade-w-5142052.htm'],
 'project': ['trans'],
 'referring_link': ['https://www.transtutors.com/questions/economics/238/'],
 'spider': ['trans_links']}
2020-02-05 23:30:30 [scrapy.core.engine] DEBUG: Crawled (200) <GET https://www.transtutors.com/questions/economics/240/> (referer: https://www.google.com/) ['cached']
2020-02-05 23:30:30 [scrapy.core.scraper] DEBUG: Scraped from <200 https://www.transtutors.com/questions/economics/239/>
{'category': ['economy'],
 'date': [datetime.datetime(2020, 2, 5, 23, 30, 30, 356471)],
 'link': ['https://www.transtutors.com/questions/1-2-u-x1-2-a-for-the-utility-function-above-find-the-consumer-39-s-optimal-consumpti-5142051.htm',
          'https://www.transtutors.com/questions/1-2-points-think-about-the-concept-of-scarcity-as-it-relates-to-the-state-of-califor-5142050.htm',
          'https://www.transtutors.com/questions/1-2-marks-a-student-borrows-4-000-from-her-parents-she-is-to-repay-them-5-000-what-i-5142049.htm',
          'https://www.transtutors.com/questions/1-2-2-x-3-3-3-1-o-3-o-1-2-1-4-4-o-3-2-2-2-3-1-2-o-1-1-consider-the-game-in-extensive-5142048.htm',
          'https://www.transtutors.com/questions/1-17-what-is-the-equivalent-uniform-annual-operating-cost-for-the-machine-with-opera-5142047.htm',
          'https://www.transtutors.com/questions/please-do-problem-4-5-thank-you-1-15-points-the-fixed-costs-lease-utilities-insuranc-5142046.htm',
          'https://www.transtutors.com/questions/please-do-problem-1-3-so-i-can-verify-my-work-please-provide-explanation-as-well-1-1-5142045.htm',
          'https://www.transtutors.com/questions/1-a-10-increase-in-the-price-of-pizza-causes-a-20-drop-in-the-quantity-of-pizza-purc-5142044.htm',
          'https://www.transtutors.com/questions/1-0-or-10-if-it-would-be-cheaper-for-the-u-s-to-give-each-steelworker-375-000-per-ye-5142043.htm',
          'https://www.transtutors.com/questions/1-0-or-10-if-it-would-be-cheaper-for-the-u-s-to-give-each-steelworker-375-000-per-ye-5142042.htm',
          'https://www.transtutors.com/questions/1-a-define-positive-externality-and-negative-externality-b-using-a-diagram-with-marg-5142041.htm',
          'https://www.transtutors.com/questions/09-08-6a14b-take-test-chapter-1-quiz-sum2019-a-business-39-efforts-to-sustain-the-pl-5142040.htm',
          'https://www.transtutors.com/questions/08-50-6a14b-take-test-chapter-1-quiz-sum2019-question-1-during-which-phase-of-the-bu-5142039.htm',
          'https://www.transtutors.com/questions/0-75-pts-question-17-suppose-the-economy-is-experiencing-an-inflationary-gap-in-this-5142038.htm',
          'https://www.transtutors.com/questions/03-28-completed-13-out-of-40-bmit-all-questions-resources-save-tion-14-of-40-sort-ea-5142037.htm',
          'https://www.transtutors.com/questions/03-21-submit-all-questions-completed-17-out-of-40-resources-save-answe-mnse-question-5142036.htm',
          'https://www.transtutors.com/questions/02-dubai-penguin-company-acquired-its-factory-building-about-20-years-ago-for-a-numb-5142035.htm',
          'https://www.transtutors.com/questions/0-1-points-saved-question-19-gasoline-rationing-during-world-war-i-allocative-effici-5142034.htm',
          'https://www.transtutors.com/questions/0-1pts-question-1-ue-y-a-b-c-d-x-p-consider-two-identical-countries-save-for-h-impos-5142033.htm',
          'https://www.transtutors.com/questions/0-1pts-incorrect-question-6-which-of-the-following-statement-is-incorrect-the-correl-5142032.htm',
          'https://www.transtutors.com/questions/0-1pts-ct-question-9-increases-by-one-unit-with-x-and-x-held-constant-the-y-on-avera-5142031.htm',
          'https://www.transtutors.com/questions/0-1-pts-t-question-3-a-google-marketer-wants-to-determine-how-google-adverting-sales-5142030.htm',
          'https://www.transtutors.com/questions/0-1-pts-incorrect-question-2-if-the-coefficient-of-determination-is-81-in-a-simple-r-5142029.htm',
          'https://www.transtutors.com/questions/a-suppose-the-general-demand-function-for-cars-is-qd-f-p-m-pas-pe-n-such-that-m-aver-5142028.htm',
          'https://www.transtutors.com/questions/suppose-that-chile-and-argentina-ourrently-do-not-trade-with-each-other-each-has-1--5142027.htm',
          'https://www.transtutors.com/questions/there-were-several-eras-discussed-in-the-case-study-from-three-of-these-different-e-5142026.htm',
          'https://www.transtutors.com/questions/price-discrimination-what-is-price-discrimination-why-does-a-monopolist-want-to-pra-5142025.htm',
          'https://www.transtutors.com/questions/a-norm-and-linda-are-married-file-a-joint-return-and-have-one-5-year-old-child-their-5142024.htm',
          'https://www.transtutors.com/questions/a-imagine-that-you-are-studying-a-hypothetical-nation-that-faces-the-production-poss-5142023.htm',
          'https://www.transtutors.com/questions/a-imagine-that-you-are-studying-a-hypothetical-nation-that-faces-the-production-poss-5142022.htm',
          'https://www.transtutors.com/questions/i-given-u-s-total-exports-323-personal-consumption-expenditures-875-u-s-total-import-5142021.htm',
          'https://www.transtutors.com/questions/if-the-fed-sells-u-s-government-securities-to-banks-the-federal-funds-rate-and-bank-5142020.htm',
          'https://www.transtutors.com/questions/a-explain-one-thing-that-will-shift-the-supply-curve-b-which-direction-will-the-sup-5142019.htm',
          'https://www.transtutors.com/questions/a-explain-one-thing-that-will-shift-the-demand-curve-b-which-direction-will-the-dema-5142018.htm',
          'https://www.transtutors.com/questions/a-evaluate-the-following-statement-using-graphical-analysis-quot-the-price-of-gas-an-5142017.htm',
          'https://www.transtutors.com/questions/a-draw-every-subgame-in-this-game-how-many-subgames-are-there-b-give-2-examples-of-s-5142016.htm',
          'https://www.transtutors.com/questions/a-differentiate-between-the-micro-environment-and-the-macro-environment-and-list-the-5142015.htm',
          'https://www.transtutors.com/questions/a-decline-in-investment-will-shift-the-ad-curve-to-the-a-left-by-a-multiple-of-the--5142014.htm',
          'https://www.transtutors.com/questions/a-b-c-a-quantative-reasoning-approach-chapter-3d-44-using-the-table-below-answer-a-b-5142013.htm',
          'https://www.transtutors.com/questions/assume-the-following-information-st-8-usd-cad-st-1-40-usd-gbp-st-2-cad-gbp-can-you--5142012.htm',
          'https://www.transtutors.com/questions/a-the-article-notes-that-spanish-and-italian-wine-were-exported-for-the-same-price-i-5142011.htm',
          'https://www.transtutors.com/questions/a-who-has-an-absolute-advantage-in-ice-cream-how-about-in-cake-explain-b-who-has-a-c-5142010.htm',
          'https://www.transtutors.com/questions/30pts-we-want-to-study-how-to-aggregate-individual-preferences-environment-is-the-f-5142009.htm',
          'https://www.transtutors.com/questions/a-what-are-the-3-functions-of-money-b-the-one-dollar-bill-in-your-pocket-purse-is-a--5142008.htm',
          'https://www.transtutors.com/questions/a-0-b-4-c-40-d-160-27-if-a-competitive-firm-maximizes-short-run-profits-by-producing-5142007.htm',
          'https://www.transtutors.com/questions/country-a-has-1200-units-of-labor-available-it-can-produce-two-goods-apples-and-bana-5141883.htm',
          'https://www.transtutors.com/questions/for-this-box-you-will-analyze-different-measures-of-inflation-inflation-is-the-incre-5141842.htm',
          'https://www.transtutors.com/questions/suppose-the-risk-free-rate-is-6-3-and-the-market-portfolio-has-an-expected-rate-of-r-5133353.htm',
          'https://www.transtutors.com/questions/streiber-publishing-company-an-all-equity-firm-generates-perpetual-earning-before-an-5133352.htm',
          'https://www.transtutors.com/questions/2c-find-the-elasticity-of-money-demand-with-respect-to-real-output-at-the-equilibriu-5133346.htm'],
 'project': ['trans'],
 'referring_link': ['https://www.transtutors.com/questions/economics/239/'],
 'spider': ['trans_links']}
2020-02-05 23:30:30 [scrapy.core.engine] DEBUG: Crawled (200) <GET https://www.transtutors.com/questions/economics/241/> (referer: https://www.google.com/) ['cached']
2020-02-05 23:30:30 [scrapy.core.scraper] DEBUG: Scraped from <200 https://www.transtutors.com/questions/economics/240/>
{'category': ['economy'],
 'date': [datetime.datetime(2020, 2, 5, 23, 30, 30, 525679)],
 'link': ['https://www.transtutors.com/questions/does-m-s-have-a-future-the-country-s-most-famous-retailer-marks-spencer-s-big-store--5133314.htm',
          'https://www.transtutors.com/questions/what-encourages-firms-to-enter-markets-a-no-firms-in-the-industry-can-experience-los-5133268.htm',
          'https://www.transtutors.com/questions/briefly-describe-the-impact-of-stigma-discrimination-negative-stereotyping-and-cultu-5133265.htm',
          'https://www.transtutors.com/questions/2-10-advice-for-a-firm-you-ve-been-hired-as-an-economic-consultant-by-a-price-taking-5133240.htm',
          'https://www.transtutors.com/questions/37-firms-in-a-competitive-labor-market-will-employ-labor-up-to-the-point-where--5128773.htm',
          'https://www.transtutors.com/questions/1-the-bramwell-corporation-has-estimated-its-demand-function-and-total-cost-function-5128753.htm',
          'https://www.transtutors.com/questions/suppose-a-country-imposed-tariffs-on-computer-chips-to-protect-its-chip-making-indus-5128677.htm',
          'https://www.transtutors.com/questions/choose-a-product-and-obtain-sales-for-that-product-as-well-as-associated-price-data--5128635.htm',
          'https://www.transtutors.com/questions/draw-hypothetical-supply-and-demand-graphs-for-native-born-workers-and-immigrants-to-5125239.htm',
          'https://www.transtutors.com/questions/in-this-box-you-will-work-with-the-hp-filter-this-is-a-procedure-to-decompose-econom-5124476.htm',
          'https://www.transtutors.com/questions/analysis-of-national-health-indicators-between-saudi-arabia-and-united-kingdom--5122070.htm',
          'https://www.transtutors.com/questions/1-explain-how-a-sustained-increase-in-the-growth-rate-of-the-money-supply-gm-at-a-pa-5120646.htm',
          'https://www.transtutors.com/questions/assess-the-performance-of-the-current-economic-expansion-which-began-in-june-2009-re-5112055.htm',
          'https://www.transtutors.com/questions/jiffy-pol-consultants-is-paid-1-000-000-for-each-percentage-of-the-vote-that-senator-5111456.htm',
          'https://www.transtutors.com/questions/briefly-explain-what-caused-the-great-depression-according-to-1-friedrich-hayek-2-jo-5107695.htm',
          'https://www.transtutors.com/questions/explain-how-the-composition-of-aggregate-output-can-change-due-to-a-targeted-increas-5107693.htm',
          'https://www.transtutors.com/questions/origin-px-is-120-and-py-is-80-if-px-increases-by-18-and-py-increases-by-12-the-new-b-5103362.htm',
          'https://www.transtutors.com/questions/1-what-output-will-maximize-total-revenue-if-tr-250q-2q-2-2-if-a-firm-faces-the-dema-5103341.htm',
          'https://www.transtutors.com/questions/consider-an-economy-with-two-firms-and-two-consumers-firm-1-is-entirely-owned-by-con-5103299.htm',
          'https://www.transtutors.com/questions/consider-an-economy-in-which-there-are-two-nonproduced-factors-of-production-land-an-5103290.htm',
          'https://www.transtutors.com/questions/use-the-hp-filter-to-calculate-the-trend-of-the-three-variables-for-the-whole-period-5103278.htm',
          'https://www.transtutors.com/questions/grade-gambles-two-students-1-and-2-took-a-course-with-a-professor-who-decided-to-all-5103277.htm',
          'https://www.transtutors.com/questions/consider-a-sales-associate-who-is-working-for-a-clothing-retailer-for-each-unit-of-e-5103250.htm',
          'https://www.transtutors.com/questions/suppose-a-person-who-buys-only-wine-and-cheese-is-given-1-000-in-food-stamps-to-supp-5103243.htm',
          'https://www.transtutors.com/questions/suppose-your-elasticity-of-demand-for-your-parking-lot-spaces-is-2-and-price-is-8-pe-5103216.htm',
          'https://www.transtutors.com/questions/how-many-book-stores-the-city-of-bookburg-initially-allows-only-one-book-store-which-5103198.htm',
          'https://www.transtutors.com/questions/guns-and-crime-some-u-s-states-have-enacted-laws-that-allow-citizens-to-carry-concea-5103174.htm',
          'https://www.transtutors.com/questions/why-does-the-quantity-of-salt-demanded-tend-to-be-unresponsive-to-changes-in-it-s-pr-5103143.htm',
          'https://www.transtutors.com/questions/1-the-cash-flow-diagram-below-of-a-shifted-series-calculate-the-present-worth-p0--5103090.htm',
          'https://www.transtutors.com/questions/pc-connection-and-cdw-are-two-online-retailers-that-compete-inan-internet-market-for-5103085.htm',
          'https://www.transtutors.com/questions/suppose-joanna-ferris-receives-10-000-from-her-friend-ethel-and-deposits-the-money-i-5103076.htm',
          'https://www.transtutors.com/questions/calculate-survival-probabilities-for-men-and-women-players-at-the-sample-mean--5090822.htm',
          'https://www.transtutors.com/questions/suppose-the-mg-mini-sells-on-the-french-market-at-a-price-of-15-000-initially-the-eu-5083560.htm',
          'https://www.transtutors.com/questions/1-the-cash-flow-diagram-below-of-a-shifted-series-calculate-the-present-worth-p0--5075660.htm',
          'https://www.transtutors.com/questions/is-the-neoclassical-free-market-theory-necessarily-incompatible-with-dependence-theo-5070802.htm',
          'https://www.transtutors.com/questions/draw-a-graph-showing-a-supply-and-demand-curve-for-wine-indicate-clearly-the-equilib-5065093.htm',
          'https://www.transtutors.com/questions/ef-5070-financial-econometrics-describe-one-test-statistics-that-can-be-used-to-eval-5064345.htm',
          'https://www.transtutors.com/questions/draw-a-graph-showing-a-supply-and-demand-curve-for-suvs-indicate-clearly-the-equilib-5047572.htm',
          'https://www.transtutors.com/questions/draw-a-showing-a-supply-and-demand-curve-for-wine-the-equilibrium-and-quantity-suppo-5047463.htm',
          'https://www.transtutors.com/questions/imagine-that-you-are-part-of-the-marketing-team-of-the-product-x-at-company-abc-whic-5035890.htm',
          'https://www.transtutors.com/questions/cost-of-production-below-you-will-find-10-different-definitions-labelled-1-to-10-and-5033891.htm',
          'https://www.transtutors.com/questions/a-college-football-coach-says-that-given-any-two-linemen-a-and-b-he-always-prefers-t-5032152.htm',
          'https://www.transtutors.com/questions/your-organization-located-in-manitoba-will-be-enhancing-the-group-benefits-plan-offe-5026418.htm',
          'https://www.transtutors.com/questions/would-you-expect-marginal-utility-to-rise-or-fall-with-additional-consumption-of-a-g-5023139.htm',
          'https://www.transtutors.com/questions/derive-the-total-revenue-average-revenue-and-marginal-revenue-schedules-from-q-0-to--5014476.htm',
          'https://www.transtutors.com/questions/what-are-the-possibilities-advantages-and-disadvantages-of-export-promotion-in-devel-5010484.htm',
          'https://www.transtutors.com/questions/suppose-an-amusement-park-is-being-built-in-a-city-with-a-population-of-100-voluntar-5010351.htm',
          'https://www.transtutors.com/questions/an-insurance-agent-interviewed-in-jonathan-clements-dare-to-live-dangerously-passing-5001778.htm',
          'https://www.transtutors.com/questions/if-1-orchard-7-workers-and-3-tons-of-fertilizer-yield-1-000-bushels-of-peaches-while-5001646.htm',
          'https://www.transtutors.com/questions/a-suppose-that-the-loss-is-4-000-if-an-old-car-is-in-an-accident-during-the-six-mont-5001631.htm'],
 'project': ['trans'],
 'referring_link': ['https://www.transtutors.com/questions/economics/240/'],
 'spider': ['trans_links']}
2020-02-05 23:30:30 [scrapy.core.engine] DEBUG: Crawled (200) <GET https://www.transtutors.com/questions/economics/242/> (referer: https://www.google.com/) ['cached']
2020-02-05 23:30:30 [scrapy.core.scraper] DEBUG: Scraped from <200 https://www.transtutors.com/questions/economics/241/>
{'category': ['economy'],
 'date': [datetime.datetime(2020, 2, 5, 23, 30, 30, 689565)],
 'link': ['https://www.transtutors.com/questions/warren-buffet-said-that-investors-would-have-been-better-off-if-the-wright-brothers--5001570.htm',
          'https://www.transtutors.com/questions/discuss-what-the-inelasticity-of-demand-for-medical-care-and-retail-electricity-serv-5001105.htm',
          'https://www.transtutors.com/questions/what-is-inflation-and-explain-20-sources-of-inflation-inflation-affect-many-companie-4985088.htm',
          'https://www.transtutors.com/questions/construct-a-scatter-plot-of-m1-against-real-gdp-for-the-period-1959-2018-a-is-there--4981406.htm',
          'https://www.transtutors.com/questions/in-this-box-you-will-analyze-the-cyclical-properties-of-household-expenditure-on-non-4976465.htm',
          'https://www.transtutors.com/questions/identify-the-negative-macroeconomic-outcomes-that-a-government-risks-when-it-continu-4971665.htm',
          'https://www.transtutors.com/questions/consider-the-daily-returns-of-the-caterpillar-stock-from-january-2-2011-to-nov-15-20-4970601.htm',
          'https://www.transtutors.com/questions/suppose-there-are-two-firms-in-a-market-who-each-simultaneously-choose-aquantity-fir-4962124.htm',
          'https://www.transtutors.com/questions/suppose-a-public-referendum-is-being-held-on-whether-or-not-to-levy-a-tax-on-cigaret-4962115.htm',
          'https://www.transtutors.com/questions/hidden-attributes-identify-the-hidden-attributes-in-the-following-markets-and-how-th-4961047.htm',
          'https://www.transtutors.com/questions/excise-taxes-on-tobacco-and-alcohol-and-state-sales-taxes-are-often-criticized-for-b-4959996.htm',
          'https://www.transtutors.com/questions/explain-the-effects-of-an-increase-in-income-levels-to-levels-of-demand-and-supply-4957584.htm',
          'https://www.transtutors.com/questions/compare-the-cost-of-leisure-time-in-industrially-advanced-countries-relative-to-thos-4953542.htm',
          'https://www.transtutors.com/questions/1-why-do-many-economists-expect-income-convergence-between-developed-and-developing--4953528.htm',
          'https://www.transtutors.com/questions/1-what-are-the-peculiar-nature-of-developing-countries-economy-that-differ-from-deve-4953524.htm',
          'https://www.transtutors.com/questions/why-is-the-government-sometimes-a-part-of-the-problem-of-coordination-failure-rather-4953518.htm',
          'https://www.transtutors.com/questions/designing-viable-strategies-for-a-firm-requires-a-thorough-understanding-of-the-firm-4953389.htm',
          'https://www.transtutors.com/questions/can-you-think-of-an-example-of-o-ring-production-from-everyday-life-do-you-think-you-4953253.htm',
          'https://www.transtutors.com/questions/assume-the-cross-price-elasticity-of-demand-for-white-grapes-with-respect-to-black-g-4952626.htm',
          'https://www.transtutors.com/questions/gasoline-prices-at-the-pump-go-up-and-down-and-oil-costs-per-barrel-go-up-or-down-bu-4952618.htm',
          'https://www.transtutors.com/questions/based-on-your-own-life-observations-identify-one-personal-and-one-social-consequence-4952586.htm',
          'https://www.transtutors.com/questions/identify-the-challenges-and-opportunities-involved-in-mixed-farming-to-understand-th-4952575.htm',
          'https://www.transtutors.com/questions/find-the-effectiveness-condition-for-this-version-of-the-u-s-ussr-brinkmanship-game--4952554.htm',
          'https://www.transtutors.com/questions/consider-the-perfectly-competitive-market-of-quinoa-a-type-of-grain-in-the-country-o-4952487.htm',
          'https://www.transtutors.com/questions/topic-impact-of-business-intelligence-data-analytics-on-human-resources--4952481.htm',
          'https://www.transtutors.com/questions/consider-the-perfectly-competitive-market-of-quinoa-a-type-of-grain-in-the-country-o-4952469.htm',
          'https://www.transtutors.com/questions/imagine-you-are-a-barber-in-a-world-without-money-explain-why-it-would-be-tricky-to--4952467.htm',
          'https://www.transtutors.com/questions/demand-supply-and-the-determination-of-market-price-for-a-particular-week-in-june-th-4950950.htm',
          'https://www.transtutors.com/questions/bb-limited-makes-three-components-s-t-and-u-the-following-costs-have-been-recorded--4950583.htm',
          'https://www.transtutors.com/questions/assume-an-output-production-function-y-t-a-t-1-al-l-t-and-a-production-function-of-n-4950435.htm',
          'https://www.transtutors.com/questions/dane-enterprises-ltd-is-a-small-manufacturing-company-making-plastic-cutlery-for-the-4950345.htm',
          'https://www.transtutors.com/questions/assume-that-the-reserve-requirement-is-10-percent-also-assume-that-banks-do-not-hold-4948949.htm',
          'https://www.transtutors.com/questions/why-does-redistribution-cause-efficiency-losses-why-might-society-choose-to-redistri-4945328.htm',
          'https://www.transtutors.com/questions/the-central-bank-increases-the-money-supply-from-350-billion-to-375-billion-bankers--4936425.htm',
          'https://www.transtutors.com/questions/a-calculate-the-dollar-cost-of-the-annual-interest-on-the-government-s-total-debt-as-4936028.htm',
          'https://www.transtutors.com/questions/1-the-next-table-represents-supply-and-demand-for-good-a-price-demand-supply-3000-50-4935653.htm',
          'https://www.transtutors.com/questions/suppose-first-main-street-bank-second-republic-bank-and-third-fidelity-bank-all-have-4934537.htm',
          'https://www.transtutors.com/questions/a-thug-wants-the-contents-of-a-safe-and-is-threateningthe-owner-the-only-person-who--4933465.htm',
          'https://www.transtutors.com/questions/macropoland-a-country-that-is-a-natural-gas-and-oil-importer-has-a-natural-rate-of-u-4933441.htm',
          'https://www.transtutors.com/questions/when-the-income-elasticity-of-demand-is-independent-of-price-so-that--4932943.htm',
          'https://www.transtutors.com/questions/select-one-of-the-stock-series-from-the-capm-xls-excel-file-construct-a-set-of-conti-4932292.htm',
          'https://www.transtutors.com/questions/using-your-knowledge-of-economics-evaluate-the-extent-to-which-governments-should-in-4931490.htm',
          'https://www.transtutors.com/questions/ef-5070-financial-econometrics-consider-the-daily-vix-index-vix-calculated-and-publi-4930359.htm',
          'https://www.transtutors.com/questions/evaluating-the-prospect-of-entry-an-entrant-may-fear-that-engaging-in-head-to-head-c-4930323.htm',
          'https://www.transtutors.com/questions/what-question-are-you-trying-to-answer-why-is-it-important-or-why-is-it-interesting--4930303.htm',
          'https://www.transtutors.com/questions/consider-an-asset-that-costs-130-today-you-are-going-to-hold-it-for-1-year-and-then--4930045.htm',
          'https://www.transtutors.com/questions/you-will-analyze-the-2006-2016-period-these-are-the-years-that-have-the-same-unemplo-4929955.htm',
          'https://www.transtutors.com/questions/if-farmer-jones-plants-no-seeds-on-his-farm-he-gets-no-harvest-if-he-plants-1-bag-of-4925954.htm',
          'https://www.transtutors.com/questions/problem-1-nonlinear-specification-take-the-same-the-data-set-on-guns-that-you-have-u-4925886.htm',
          'https://www.transtutors.com/questions/a-cross-sectional-study-in-2017-uses-a-sample-of-1678-auto-dealers-to-estimate-the-p-4920987.htm'],
 'project': ['trans'],
 'referring_link': ['https://www.transtutors.com/questions/economics/241/'],
 'spider': ['trans_links']}
2020-02-05 23:30:30 [scrapy.core.engine] DEBUG: Crawled (200) <GET https://www.transtutors.com/questions/economics/243/> (referer: https://www.google.com/) ['cached']
2020-02-05 23:30:30 [scrapy.core.scraper] DEBUG: Scraped from <200 https://www.transtutors.com/questions/economics/242/>
{'category': ['economy'],
 'date': [datetime.datetime(2020, 2, 5, 23, 30, 30, 846531)],
 'link': ['https://www.transtutors.com/questions/suppose-you-make-jewelry-if-the-price-of-gold-falls-then-we-would-expect-you-to-a-fa-4920979.htm',
          'https://www.transtutors.com/questions/cardinalist-and-ordinalist-schools-of-thought-perceived-utility-differently-discuss--4920928.htm',
          'https://www.transtutors.com/questions/what-contribution-does-a-movie-like-the-social-network-make-to-coping-with-scarcity--4920910.htm',
          'https://www.transtutors.com/questions/plot-a-graph-of-a-demand-curve-of-a-normal-good-plot-also-a-price-level-into-your-gr-4920890.htm',
          'https://www.transtutors.com/questions/1-plot-a-graph-of-a-demand-curve-of-a-normal-good-plot-also-a-price-level-into-your--4920888.htm',
          'https://www.transtutors.com/questions/consider-an-overlapping-generation-model-where-housing-is-the-only-asset-representat-4918062.htm',
          'https://www.transtutors.com/questions/suppose-that-the-market-demand-for-baseball-players-is-perfectly-inelastic-vertical--4914745.htm',
          'https://www.transtutors.com/questions/what-does-gdp-of-a-country-shows-and-why-it-is-important-of-national-economy-how-it--4914028.htm',
          'https://www.transtutors.com/questions/consider-the-data-file-beauty-dta-and-description-file-beauty-des-this-data-set-is-a-4910608.htm',
          'https://www.transtutors.com/questions/1-let-s-figure-out-gdp-for-robinson-crusoe-a-initially-he-is-stuck-on-an-island-with-4910602.htm',
          'https://www.transtutors.com/questions/1-let-s-figure-out-gdp-for-robinson-crusoe-a-initially-he-is-stuck-on-an-island-with-4910600.htm',
          'https://www.transtutors.com/questions/using-the-data-in-rdchem-raw-the-following-equation-was-obtained-by-ols-rdintens-5-2-4910595.htm',
          'https://www.transtutors.com/questions/discuss-at-least-two-self-interested-reasons-that-a-top-earner-might-favor-policies--4907000.htm',
          'https://www.transtutors.com/questions/the-principle-agent-problem-to-manage-incentive-you-have-to-understand-motivation-wh-4906090.htm',
          'https://www.transtutors.com/questions/would-you-expect-the-price-elasticity-of-demand-to-be-larger-in-the-market-for-all-i-4904109.htm',
          'https://www.transtutors.com/questions/there-are-5-competing-petrol-stations-over-a-100-mile-stretch-of-road-shell-bp-texac-4898016.htm',
          'https://www.transtutors.com/questions/discuss-the-different-types-of-international-trade-policies-4897336.htm',
          'https://www.transtutors.com/questions/the-global-financial-crisis-gfc-of-2008-to-2010-resulted-in-a-downturn-in-many-econo-4897328.htm',
          'https://www.transtutors.com/questions/a-road-between-fairbanks-and-nome-alaska-will-have-a-most-likely-construction-cost-o-4897323.htm',
          'https://www.transtutors.com/questions/the-government-has-been-considering-doing-away-with-minting-pennies-because-they-are-4897309.htm',
          'https://www.transtutors.com/questions/the-demand-for-ice-cream-is-given-by-qd-20-2p-measured-in-gallons-of-ice-cream-the-s-4897304.htm',
          'https://www.transtutors.com/questions/san-francisco-s-restaurant-industry-faces-perilous-future-sf-minimum-wage-law-excess-4897295.htm',
          'https://www.transtutors.com/questions/evaluate-a-company-s-recent-within-the-last-year-actions-dealing-with-risk-and-uncer-4888457.htm',
          'https://www.transtutors.com/questions/consider-two-markets-the-la-la-land-l-and-the-gotham-city-g-with-the-following-marke-4881858.htm',
          'https://www.transtutors.com/questions/determine-the-rule-of-thumb-price-when-the-monopolist-has-a-marginal-cost-of-25-and--4873019.htm',
          'https://www.transtutors.com/questions/understanding-of-the-implementation-of-monetary-policy-fiscal-policy-and-other-uncon-4872412.htm',
          'https://www.transtutors.com/questions/decision-by-blades-inc-to-invest-in-thailand-since-ben-holt-blades-chief-financial--4872226.htm',
          'https://www.transtutors.com/questions/a-financial-institution-is-willing-to-lend-you-800-however-you-must-repay-802-at-the-4872190.htm',
          'https://www.transtutors.com/questions/purell-announced-that-the-new-chemical-formula-for-its-hand-sanitizer-was-so-effecti-4859016.htm',
          'https://www.transtutors.com/questions/identify-cultural-issues-in-a-variety-of-contexts-and-make-recommendations-for-impro-4858974.htm',
          'https://www.transtutors.com/questions/you-are-an-economist-for-the-vanda-laye-corporation-which-produces-and-distributes-o-4858970.htm',
          'https://www.transtutors.com/questions/4-consider-how-the-following-situations-would-affect-the-economy-s-monetary-system-a-4851943.htm',
          'https://www.transtutors.com/questions/suppose-suppose-you-have-a-team-of-two-workers-one-is-a-baker-and-one-is-a-chief-exp-4841284.htm',
          'https://www.transtutors.com/questions/phoebe-keeps-a-bee-farm-next-door-to-an-apple-orchard-she-chooses-her-optimal-number-4838886.htm',
          'https://www.transtutors.com/questions/suppose-that-a-coffee-producing-firm-estimated-the-following-regression-of-the-deman-4832158.htm',
          'https://www.transtutors.com/questions/discuss-whether-gdp-is-a-good-measure-of-progress-in-this-case--4832132.htm',
          'https://www.transtutors.com/questions/using-excel-1-copy-the-second-sheet-in-qmb3200-homework-8data-xlsx-called-top-50-mba-4832110.htm',
          'https://www.transtutors.com/questions/using-excel-copy-the-first-sheet-in-qmb3200-homework-8data-xlsx-called-homeprices-to-4832109.htm',
          'https://www.transtutors.com/questions/copy-the-first-sheet-in-qmb3200-homework-8data-xlsx-called-homeprices-to-your-file-t-4832108.htm',
          'https://www.transtutors.com/questions/saudi-arabia-s-cabinet-passed-the-e-commerce-law-in-july-2019-to-regulate-the-relati-4832107.htm',
          'https://www.transtutors.com/questions/distinguish-between-market-failure-and-government-failure-does-rent-seeking-behavior-4832103.htm',
          'https://www.transtutors.com/questions/explain-why-a-profit-maximization-monopolist-will-never-operate-on-the-inelastic-seg-4824774.htm',
          'https://www.transtutors.com/questions/the-following-graph-represents-the-market-for-wheat-the-equilibrium-price-is-20-per--4822261.htm',
          'https://www.transtutors.com/questions/similarly-to-other-developed-countries-the-us-has-experienced-a-sharp--4821803.htm',
          'https://www.transtutors.com/questions/elastic-goods-have-no-substitutes-true-or-false--4813828.htm',
          'https://www.transtutors.com/questions/its-all-about-the-basic-concepts-of-the-microeconomics-how-demand-and-supply-works-h-4803447.htm',
          'https://www.transtutors.com/questions/eco10001-in-2018-a-newspaper-article-reported-more-and-more-aussie--4803428.htm',
          'https://www.transtutors.com/questions/econ-590-what-is-the-equilibrium-quantity-and-price-if-there-is-no-health-insurance--4798930.htm',
          'https://www.transtutors.com/questions/critical-thinking-trade-agreements-and-transborder-flows-of-labor-and-culture-and-le-4798800.htm',
          'https://www.transtutors.com/questions/usury-laws-place-a-ceiling-on-interest-rates-that-lenders-such-as-banks-can-charge-b-4797714.htm'],
 'project': ['trans'],
 'referring_link': ['https://www.transtutors.com/questions/economics/242/'],
 'spider': ['trans_links']}
2020-02-05 23:30:31 [scrapy.core.engine] DEBUG: Crawled (200) <GET https://www.transtutors.com/questions/economics/244/> (referer: https://www.google.com/) ['cached']
2020-02-05 23:30:31 [scrapy.core.scraper] DEBUG: Scraped from <200 https://www.transtutors.com/questions/economics/243/>
{'category': ['economy'],
 'date': [datetime.datetime(2020, 2, 5, 23, 30, 30, 989536)],
 'link': ['https://www.transtutors.com/questions/a-team-working-on-a-project-consists-of-n-individuals-each-individual-must-choose-ef-4796650.htm',
          'https://www.transtutors.com/questions/managementthe-people-focus-human-resources-at-alaska-airlines-video-case-with-thousa-4793785.htm',
          'https://www.transtutors.com/questions/bus202-in-the-first-part-of-your-report-you-must-review-recent--4787524.htm',
          'https://www.transtutors.com/questions/john-cassidy-a-writer-for-the-new-yorker-magazine-wrote-a-blog-post-arguing-against--4779160.htm',
          'https://www.transtutors.com/questions/determine-the-price-elasticity-of-demand-if-in-response-to-an-increase-in-price-of-1-4768010.htm',
          'https://www.transtutors.com/questions/when-apple-raised-the-price-of-itunes-from-0-990-99to-1-291-29-gs-boyz-stanky-legg-s-4768000.htm',
          'https://www.transtutors.com/questions/when-apple-raised-the-price-of-itunes-from-0-990-99to-1-291-29-gs-boyz-stanky-legg-s-4767998.htm',
          'https://www.transtutors.com/questions/eco10001-in-2018-a-newspaper-article-reported-more-and-more-aussie-drinkers--4767980.htm',
          'https://www.transtutors.com/questions/a-university-spent-1-3-million-to-install-solar-panels-atop-a-parking-garage-these-p-4763776.htm',
          'https://www.transtutors.com/questions/what-role-do-you-think-international-trade-and-foreign-investment-can-play-in-solvin-4752301.htm',
          'https://www.transtutors.com/questions/two-towns-each-with-three-members-are-deciding-whether-to-put-on-a-fireworks-display-4732150.htm',
          'https://www.transtutors.com/questions/consider-a-hypothetical-economy-in-which-the-marginal-propensity-to-consume-mpc-is-0-4726624.htm',
          'https://www.transtutors.com/questions/distinction-between-ecology-and-economic-growth-as-pointed-out-by-w-beekerman-robert-4721276.htm',
          'https://www.transtutors.com/questions/ecology-and-economic-growth-what-are-the-differences--4721190.htm',
          'https://www.transtutors.com/questions/state-the-nature-of-bioeconomics-and-spatial-economics-4721140.htm',
          'https://www.transtutors.com/questions/nature-of-ecological-economics--4721046.htm',
          'https://www.transtutors.com/questions/imagine-you-have-some-workers-and-some-handheld-computers-that-you-can-use-to-take-i-4698233.htm',
          'https://www.transtutors.com/questions/what-are-the-different-types-of-natural-resources--4697103.htm',
          'https://www.transtutors.com/questions/kang-keep-track-of-bual-majors-starting-salaries-does-taking-kang-s-predictive-model-4687978.htm',
          'https://www.transtutors.com/questions/if-an-increase-in-industry-demand-led-to-an-outward-shift-in-each-firm-s-demand-curv-4687509.htm',
          'https://www.transtutors.com/questions/show-the-trade-off-between-emission-and-economic-activity--4684653.htm',
          'https://www.transtutors.com/questions/what-are-the-consequences-of-environmental-degradation-as-pointed-out-by-lester-brow-4684461.htm',
          'https://www.transtutors.com/questions/ef-5070-what-is-the-mean-of-the-simple-daily-log-return-of-this-stock--4682534.htm',
          'https://www.transtutors.com/questions/suppose-that-there-were-25-people-who-had-a-reservation-price-of-500-and-the-26th-pe-4662238.htm',
          'https://www.transtutors.com/questions/a-competitive-refining-industry-produces-one-unit-of-waste-for-each-unit-of-refined--4661728.htm',
          'https://www.transtutors.com/questions/the-government-is-considering-among-alternative-environmental-projects-project-a-wou-4652392.htm',
          'https://www.transtutors.com/questions/a-country-concerned-about-climate-change-is-exploring-the-nuclear-power-alternative--4649406.htm',
          'https://www.transtutors.com/questions/1-the-government-is-considering-among-alternative-environmental-projects-project-a-w-4649367.htm',
          'https://www.transtutors.com/questions/bechtold-construction-is-in-the-process-of-installing-power-lines-to-a-large-housing-4628159.htm',
          'https://www.transtutors.com/questions/determine-whether-the-statement-is-always-true-never-true--4619916.htm',
          'https://www.transtutors.com/questions/an-amusement-park-whose-customer-set-is-made-up-of-two-markets-adults-and-children-h-4619876.htm',
          'https://www.transtutors.com/questions/you-are-a-manager-at-glass-inc-a-mirror-and-window-supplier-recently-you-conducteda--4619748.htm',
          'https://www.transtutors.com/questions/agri30040-one-2000-word-assignment-focusing-on-agribusiness-marketing-or-value-creat-4619689.htm',
          'https://www.transtutors.com/questions/agri30040-one-2000-word-assignment-focusing-on-agribusiness-marketing--4619688.htm',
          'https://www.transtutors.com/questions/douglas-fur-is-a-small-manufacturer-of-fake-fur-boots-in-detroit-the-following-table-4619629.htm',
          'https://www.transtutors.com/questions/consider-a-market-transaction-that-you-have-undertaken-or-considering--4619628.htm',
          'https://www.transtutors.com/questions/2-taxes-and-welfare-dismiss-all-please-wait-please-wait-consider-the-market-for-desi-4619573.htm',
          'https://www.transtutors.com/questions/there-must-be-a-title-page-consists-of-the-title-and-number-of-the-assignment--4619529.htm',
          'https://www.transtutors.com/questions/last-semester-he-just-completed-a-class-on-how-1-answer-below-jose-reyes-is-a-comput-4619450.htm',
          'https://www.transtutors.com/questions/a-profit-maximizing-firm-is-producing-one-output-y-with-pricep-the-firm-uses-one-var-4619417.htm',
          'https://www.transtutors.com/questions/the-domestic-conditions-and-external-and-foreign-conditions-which-will-cause-the-cas-4600022.htm',
          'https://www.transtutors.com/questions/critical-analyze-this-question-does-the-rome-1-regulation-contributes-to-certainty-a-4595978.htm',
          'https://www.transtutors.com/questions/consider-two-consumers-with-the-following-demand-functions-for-a-public-good-p1-10-1-4587110.htm',
          'https://www.transtutors.com/questions/i-am-doing-master-of-business-in-information-system-i-want-to-make-an-assignment-ofm-4566077.htm',
          'https://www.transtutors.com/questions/fqdhwhqtw-fhtqrecqykqjyfcq-kwrqrwerwqwfwf--4533129.htm',
          'https://www.transtutors.com/questions/two-flight-guidance-systems-are-being-evaluated-for-a-backup-control-tower-at-a-loca-4523029.htm',
          'https://www.transtutors.com/questions/if-you-were-alive-in-the-1600s-as-a-migrant-what-would-be-the-greater-appeal-of-the--4522505.htm',
          'https://www.transtutors.com/questions/as-noted-in-the-lecture-philosopher-george-santayana-notably-said-those-who-cannot-r-4522504.htm',
          'https://www.transtutors.com/questions/the-conflicts-and-exploration-of-the-early-19th-century-helped-shape-the-philosophie-4522503.htm',
          'https://www.transtutors.com/questions/review-the-following-article-sotelo-j-a-m-a-block-w-e-2014-indifference-curve--4522501.htm'],
 'project': ['trans'],
 'referring_link': ['https://www.transtutors.com/questions/economics/243/'],
 'spider': ['trans_links']}
2020-02-05 23:30:31 [scrapy.core.engine] DEBUG: Crawled (200) <GET https://www.transtutors.com/questions/economics/245/> (referer: https://www.google.com/) ['cached']
2020-02-05 23:30:31 [scrapy.core.scraper] DEBUG: Scraped from <200 https://www.transtutors.com/questions/economics/244/>
{'category': ['economy'],
 'date': [datetime.datetime(2020, 2, 5, 23, 30, 31, 134300)],
 'link': ['https://www.transtutors.com/questions/after-rereading-the-opening-case-identify-all-of-the-effactive-or-smart-moves-zac-sc-4522260.htm',
          'https://www.transtutors.com/questions/1-problem-1-empirical-exercise-download-the-data-set-on-guns-with-n-1-173-observatio-4521612.htm',
          'https://www.transtutors.com/questions/on-one-set-of-axes-sketch-nation-1-s-supply-of-exports-of-commodity-x-so-that-the-qu-4517094.htm',
          'https://www.transtutors.com/questions/what-is-the-most-important-economic-principle-you-learned-from-the-course-how-did-th-4517027.htm',
          'https://www.transtutors.com/questions/the-native-american-ten-commandments-and-the-christian-ten-commandments-without-comp-4509186.htm',
          'https://www.transtutors.com/questions/task-6-gdp-economic-growth-unemployment-and-inflation-mr-lee-is-a-previously-self-em-4498151.htm',
          'https://www.transtutors.com/questions/mr-lee-is-a-previously-self-employed-man-with-an-income-of-4500-he-decided-to-become-4498108.htm',
          'https://www.transtutors.com/questions/suppose-that-an-individual-with-income-i-cares-about-two-goods-x-and-y-the-price-of--4480726.htm',
          'https://www.transtutors.com/questions/econ6001-economic-principles-the-global-financial-crisis-gfc-of-2008-to-2010-resulte-4480719.htm',
          'https://www.transtutors.com/questions/the-kingdom-of-tonga-and-the-republic-of-sri-lanka-each-produce-coconuts-using-land--4480715.htm',
          'https://www.transtutors.com/questions/2-define-the-equilibrium-price-and-equilibrium-quantity-use-the-diagram-to-show-them-4480681.htm',
          'https://www.transtutors.com/questions/for-fill-in-the-blank-questions-if-your-answer-is-in-decimal-form-round-to-2-decimal-4480665.htm',
          'https://www.transtutors.com/questions/in-this-exercise-we-will-analyze-the-demand-curve-in-the-market-of-tomat--4480610.htm',
          'https://www.transtutors.com/questions/suppose-ana-consumes-only-baguettes-vegetables-and-chocolates-let-x-denote-her--4480589.htm',
          'https://www.transtutors.com/questions/suppose-chocolates-are-not-avjailable-in-the-summer-due-to-the-heat--4480540.htm',
          'https://www.transtutors.com/questions/elaborate-on-the-two-main-components-of-money-based-on-the-narrowest-definition-of-m-4480465.htm',
          'https://www.transtutors.com/questions/ecmt6002-econometric-applications-state-the-research-question-addressed-in-levitt-19-4441658.htm',
          'https://www.transtutors.com/questions/using-your-2-company-data-develop-regressions-for-both-companies-choosing-one-depend-4441657.htm',
          'https://www.transtutors.com/questions/using-your-2-company-data-develop-regressions-for-both-companies-choosing-one-depend-4441643.htm',
          'https://www.transtutors.com/questions/81-developing-economies-a-generally-allow-their-citizens-to-buy-and-sell-foreign-cur-4441554.htm',
          'https://www.transtutors.com/questions/171-in-2002-the-euro-replaced-the-currencies-of-most-of-the-members-of-the-european--4441553.htm',
          'https://www.transtutors.com/questions/101-contractionary-monetary-policy-affects-domestic-income-in-a-way-that-causes-a-ex-4441552.htm',
          'https://www.transtutors.com/questions/71-considering-only-its-direct-effect-on-income-contractionary-fiscal-policy-tends-t-4441551.htm',
          'https://www.transtutors.com/questions/111-it-is-possible-to-purchase-diplomas-from-diploma-mills-the-situation-in-which-th-4441550.htm',
          'https://www.transtutors.com/questions/151-suppose-a-mcdonald-39-s-big-mac-costs-30-pesos-in-argentina-at-the-same-time-sup-4441549.htm',
          'https://www.transtutors.com/questions/91-the-purpose-of-the-international-monetary-fund-is-to-a-providedeveloping-countrie-4441548.htm',
          'https://www.transtutors.com/questions/21-if-the-u-s-treasury-buys-dollars-with-yen-to-support-the-value-of-the-dollar-this-4441547.htm',
          'https://www.transtutors.com/questions/51-generally-speaking-central-banks-in-developing-economies-are-a-completely-indepen-4441546.htm',
          'https://www.transtutors.com/questions/161-the-actual-exchange-rate-of-the-real-brazil-39-s-currency-is-2-50-real-per-u-s-d-4441545.htm',
          'https://www.transtutors.com/questions/true-false-questions-1-the-balance-of-payments-is-made-up-of-three-accounts-the-merc-4441544.htm',
          'https://www.transtutors.com/questions/51-international-goals-become-primary-goals-when-a-there-is-international-pressure-b-4441543.htm',
          'https://www.transtutors.com/questions/71-in-2009-some-chinese-policymakers-called-for-a-reserve-currency-in-place-of-the-u-4441542.htm',
          'https://www.transtutors.com/questions/11-the-euro-was-adopted-solely-for-economic-reasons-the-euro-was-adopted-partly-to-p-4441541.htm',
          'https://www.transtutors.com/questions/61-considering-only-its-direct-effect-on-income-an-expansionary-monetary-policy-tend-4441540.htm',
          'https://www.transtutors.com/questions/true-false-questions-1-about-75-percent-of-the-world-39-s-population-lives-in-develo-4441539.htm',
          'https://www.transtutors.com/questions/21-the-purchasing-power-parity-ppp-consists-of-a-method-of-comparing-the-a-labor-for-4441538.htm',
          'https://www.transtutors.com/questions/101-the-problem-of-political-instability-has-been-greatest-in-which-continent-a-sout-4441537.htm',
          'https://www.transtutors.com/questions/41-since-1970-the-u-s-trade-balance-has-a-been-in-surplus-in-almost-every-year-b-bee-4441536.htm',
          'https://www.transtutors.com/questions/141-currency-stabilization-policy-is-a-always-successful-b-is-successful-only-if-the-4441535.htm',
          'https://www.transtutors.com/questions/131-the-buying-of-a-currency-by-a-government-to-maintain-its-value-above-its-long-ru-4441534.htm',
          'https://www.transtutors.com/questions/true-false-questions-1-a-higher-exchange-rate-value-of-the-dollar-reduces-inflation--4441533.htm',
          'https://www.transtutors.com/questions/91-in-1999-brazil-decided-to-reduce-the-value-of-its-currency-the-real-in-order-to-b-4441532.htm',
          'https://www.transtutors.com/questions/81-suppose-the-united-states-is-entering-a-recession-at-the-same-time-that-it-has-ag-4441531.htm',
          'https://www.transtutors.com/questions/61-in-dealing-with-their-financing-needs-developing-countries-have-found-that-the-in-4441530.htm',
          'https://www.transtutors.com/questions/31-developing-countries-have-different-institutional-priorities-than-developed-count-4441529.htm',
          'https://www.transtutors.com/questions/31-a-rising-exchange-rate-raises-u-s-living-standards-by-a-causing-a-balance-of-trad-4441528.htm',
          'https://www.transtutors.com/questions/multiple-choice-questions-11-roughly-what-percentage-of-the-world-39-s-population-li-4441527.htm',
          'https://www.transtutors.com/questions/71-if-inflation-is-3-percent-last-year-and-2-percent-this-year-and-the-economist-39--4441526.htm',
          'https://www.transtutors.com/questions/11-when-the-euro-rose-relative-to-the-dollar-in-the-early-2000s-it-a-encouraged-euro-4441525.htm',
          'https://www.transtutors.com/questions/21-a-trade-deficit-allows-a-country-to-a-consume-more-than-it-produces-b-produce-mor-4441524.htm'],
 'project': ['trans'],
 'referring_link': ['https://www.transtutors.com/questions/economics/244/'],
 'spider': ['trans_links']}
2020-02-05 23:30:31 [scrapy.core.engine] DEBUG: Crawled (200) <GET https://www.transtutors.com/questions/economics/246/> (referer: https://www.google.com/) ['cached']
2020-02-05 23:30:31 [scrapy.core.scraper] DEBUG: Scraped from <200 https://www.transtutors.com/questions/economics/245/>
{'category': ['economy'],
 'date': [datetime.datetime(2020, 2, 5, 23, 30, 31, 321529)],
 'link': ['https://www.transtutors.com/questions/101-when-a-country-internationalizes-its-debt-it-a-reduces-current-consumption-but-i-4441523.htm',
          'https://www.transtutors.com/questions/71-in-the-early-2000s-ecuador-replaced-its-currency-the-sucre-with-the-u-s-dollar-as-4441522.htm',
          'https://www.transtutors.com/questions/181-which-of-the-following-statements-about-international-reserve-currencies-is-fals-4441521.htm',
          'https://www.transtutors.com/questions/41-which-of-the-following-countries-is-least-likely-to-have-a-dual-economy-a-brazil--4441520.htm',
          'https://www.transtutors.com/questions/true-false-questions-1-when-gasoline-prices-rose-in-the-early-2000s-this-reduced-the-4441519.htm',
          'https://www.transtutors.com/questions/31-richard-voith-estimated-the-price-elasticity-of-demand-for-round-trip-rail-fare-t-4441518.htm',
          'https://www.transtutors.com/questions/151-since-deregulation-airfares-have-declined-by-30-percent-deregulation-is-an-examp-4441517.htm',
          'https://www.transtutors.com/questions/21-the-short-run-elasticity-of-demand-for-gasoline-sold-at-gasoline-stations-is-0-20-4441516.htm',
          'https://www.transtutors.com/questions/13-1-natural-monopoly-1-which-of-the-following-is-not-an-example-of-natural-monopoly-4441515.htm',
          'https://www.transtutors.com/questions/21-if-the-price-of-movies-on-dvd-rises-while-the-price-of-movies-purchased-on-demand-4441514.htm',
          'https://www.transtutors.com/questions/151-it-is-estimated-that-a-3-percent-drop-in-the-price-of-asian-and-european-autos-w-4441513.htm',
          'https://www.transtutors.com/questions/11-when-the-demand-curve-is-highly-inelastic-there-is-a-strong-incentive-for-supplie-4441512.htm',
          'https://www.transtutors.com/questions/21-at-a-chicago-bulls-game-20-000-tickets-were-sold-at-30-apiece-the-game-was-sold-o-4441511.htm',
          'https://www.transtutors.com/questions/25-consider-a-cable-tv-company-which-is-subject-to-an-average-cost-pricing-regulatio-4441510.htm',
          'https://www.transtutors.com/questions/171-if-the-quantity-of-arizona-green-teas-demanded-falls-from-4-0-million-to-3-0-mil-4441509.htm',
          'https://www.transtutors.com/questions/141-for-normal-goods-income-elasticity-is-a-greater-than-0-b-greater-than-1-c-less-t-4441508.htm',
          'https://www.transtutors.com/questions/181-if-supply-is-highly-elastic-and-demand-shifts-to-the-left-a-price-will-fall-sign-4441507.htm',
          'https://www.transtutors.com/questions/131-suppose-that-the-market-labor-supply-and-labor-demand-equations-are-given-by-qs--4441506.htm',
          'https://www.transtutors.com/questions/true-false-questions-1-when-the-market-is-in-equilibrium-total-surplus-is-maximized--4441505.htm',
          'https://www.transtutors.com/questions/31-one-possible-benefit-from-a-merger-is-that-the-new-firm-could-consolidate-product-4441504.htm',
          'https://www.transtutors.com/questions/match-each-country-with-its-capital-a-colombia-b-peru-c-bolivia-d-cuba-e-chile-f-par-4441503.htm',
          'https://www.transtutors.com/questions/true-false-questions-78-approximately-two-thirds-of-the-world-39-s-population-goes-t-4441502.htm',
          'https://www.transtutors.com/questions/91-a-policy-in-which-the-marginal-costs-of-undertaking-the-policy-equal-the-marginal-4441501.htm',
          'https://www.transtutors.com/questions/161-a-person-who-has-auto-insurance-is-likely-to-drive-a-little-less-safely-and-to-t-4441500.htm',
          'https://www.transtutors.com/questions/61-workers-in-education-health-care-and-government-sectors-have-a-seen-their-incomes-4441499.htm',
          'https://www.transtutors.com/questions/22-under-a-price-leadership-agreement-a-one-firm-is-implicitly-designated-the-leader-4441498.htm',
          'https://www.transtutors.com/questions/51-the-well-being-of-ldcs-as-measured-by-per-capita-real-gdp-is-probably-overstated--4441497.htm',
          'https://www.transtutors.com/questions/41-which-of-the-following-would-not-be-counted-as-part-of-u-s-gdp-a-a-mazda-mx6-prod-4441496.htm',
          'https://www.transtutors.com/questions/108-without-increasing-opportunity-costs-a-production-possibilities-curve-will-be-a--4441495.htm',
          'https://www.transtutors.com/questions/31-in-the-flint-hills-area-of-kansas-proposals-to-build-wind-turbines-to-generate-el-4441494.htm',
          'https://www.transtutors.com/questions/141-in-economics-the-term-quot-signaling-quot-refers-to-a-way-of-lessening-the-probl-4441493.htm',
          'https://www.transtutors.com/questions/true-false-questions-1-externalities-can-be-either-positive-or-negative-positive-ext-4441492.htm',
          'https://www.transtutors.com/questions/31-if-mary-ann-decides-to-swim-in-the-lagoon-in-the-afternoon-instead-of-working-she-4441491.htm',
          'https://www.transtutors.com/questions/71-the-text-mentions-10-sources-of-u-s-comparative-advantage-which-of-the-following--4441490.htm',
          'https://www.transtutors.com/questions/61-if-10-units-of-food-must-be-given-up-to-produce-an-additional-unit-of-education-w-4441489.htm',
          'https://www.transtutors.com/questions/11-moral-hazard-problems-can-occur-when-insured-individuals-change-their-behavior-to-4441488.htm',
          'https://www.transtutors.com/questions/41-if-a-nation-has-a-comparative-advantage-in-the-production-of-good-x-then-a-it-can-4441487.htm',
          'https://www.transtutors.com/questions/121-the-unwillingness-of-individuals-to-share-in-the-cost-of-a-public-good-is-called-4441486.htm',
          'https://www.transtutors.com/questions/multiple-choice-questions-1-the-fundamental-economic-problem-is-a-inflation-b-that-r-4441485.htm',
          'https://www.transtutors.com/questions/88-gdp-measures-the-market-value-of-all-final-goods-and-services-produced-within-an--4441484.htm',
          'https://www.transtutors.com/questions/118-a-broad-based-education-is-generally-ineffective-in-improving-the-quality-of-a-c-4441483.htm',
          'https://www.transtutors.com/questions/51-the-loss-of-jobs-due-to-international-trade-is-often-a-more-visible-than-the-decl-4441482.htm',
          'https://www.transtutors.com/questions/21-if-there-is-a-complete-set-of-markets-that-are-perfectly-competitive-a-the-margin-4441481.htm',
          'https://www.transtutors.com/questions/151-if-medical-insurers-could-use-information-contained-in-dna-to-predict-the-likeli-4441480.htm',
          'https://www.transtutors.com/questions/98-inefficiency-exists-whenever-the-economy-39-s-output-combination-lies-inside-its--4441479.htm',
          'https://www.transtutors.com/questions/30-explain-the-underlying-assumptions-of-the-price-leadership-model-what-conclusions-4441478.htm',
          'https://www.transtutors.com/questions/81-which-of-the-following-methods-of-reducing-the-amount-of-trash-society-generates--4441477.htm',
          'https://www.transtutors.com/questions/119-the-rate-of-technological-growth-in-the-u-s-economy-is-higher-today-than-it-was--4441476.htm',
          'https://www.transtutors.com/questions/86-an-equilibrium-level-of-national-income-implies-the-economy-is-operating-at-full--4441475.htm',
          'https://www.transtutors.com/questions/61-the-interest-rate-on-an-adjustable-rate-mortgage-arm-is-a-set-to-equal-the-fed-fu-4441474.htm'],
 'project': ['trans'],
 'referring_link': ['https://www.transtutors.com/questions/economics/245/'],
 'spider': ['trans_links']}
2020-02-05 23:30:31 [scrapy.core.engine] DEBUG: Crawled (200) <GET https://www.transtutors.com/questions/economics/247/> (referer: https://www.google.com/) ['cached']
2020-02-05 23:30:31 [scrapy.core.scraper] DEBUG: Scraped from <200 https://www.transtutors.com/questions/economics/246/>
{'category': ['economy'],
 'date': [datetime.datetime(2020, 2, 5, 23, 30, 31, 497601)],
 'link': ['https://www.transtutors.com/questions/71-with-private-property-rights-the-decision-about-how-to-use-resources-are-made-by--4441473.htm',
          'https://www.transtutors.com/questions/multiple-choice-questions-1-a-person-is-considered-unemployed-if-the-person-is-a-see-4441472.htm',
          'https://www.transtutors.com/questions/116-a-homeowner-whose-house-is-worth-500-000-but-who-owes-600-000-on-their-mortgage--4441471.htm',
          'https://www.transtutors.com/questions/true-false-questions-76-commercial-banks-are-financial-intermediaries-but-insurance--4441470.htm',
          'https://www.transtutors.com/questions/41-the-circular-flow-of-economic-activity-developed-in-the-text-is-a-model-of-the-a--4441469.htm',
          'https://www.transtutors.com/questions/multiple-choice-questions-1-which-of-the-following-is-consistent-with-economic-growt-4441468.htm',
          'https://www.transtutors.com/questions/106-the-federal-reserve-open-market-committee-s-primary-function-is-to-open-new-bank-4441467.htm',
          'https://www.transtutors.com/questions/100-since-resources-are-sent-out-of-the-country-international-trade-generally-result-4441466.htm',
          'https://www.transtutors.com/questions/71-the-longest-sustained-period-of-economic-growth-in-modern-u-s-history-occurred-du-4441465.htm',
          'https://www.transtutors.com/questions/86-in-the-u-s-banking-system-the-ratio-of-a-bank-39-s-reserves-and-its-outstanding-d-4441464.htm',
          'https://www.transtutors.com/questions/71-what-have-researchers-concluded-about-the-net-effect-of-nafta-on-the-number-of-jo-4441463.htm',
          'https://www.transtutors.com/questions/129-in-economics-the-past-is-a-very-poor-predictor-of-the-future-130-the-slowdown-in-4441462.htm',
          'https://www.transtutors.com/questions/21-which-group-is-responsible-for-announcing-the-dates-for-each-phase-of-a-u-s-busin-4441461.htm',
          'https://www.transtutors.com/questions/multiple-choice-questions-1-commercial-banks-operate-a-by-attracting-deposits-and-ma-4441460.htm',
          'https://www.transtutors.com/questions/11-what-term-is-used-to-describe-an-erratic-short-run-fluctuation-in-economic-activi-4441459.htm',
          'https://www.transtutors.com/questions/41-which-of-the-following-is-cited-as-contributing-to-the-recent-slowdown-in-economi-4441458.htm',
          'https://www.transtutors.com/questions/99-economists-have-agreed-upon-one-widely-accepted-theory-to-explain-business-cycle--4441457.htm',
          'https://www.transtutors.com/questions/31-if-inflation-causes-the-demand-for-houses-to-increase-more-rapidly-than-the-deman-4441456.htm',
          'https://www.transtutors.com/questions/11-the-financial-crisis-of-2008-affected-a-only-commercial-banks-b-only-investment-b-4441455.htm',
          'https://www.transtutors.com/questions/109-investments-in-capital-goods-increase-an-economy-39-s-ability-to-produce-consume-4441454.htm',
          'https://www.transtutors.com/questions/96-the-discount-rate-is-the-ratio-of-demand-deposits-to-reserves-that-banks-have-to--4441453.htm',
          'https://www.transtutors.com/questions/11-not-practicing-limit-pricing-and-allowing-entry-can-hurt-an-incumbent-firm-39-s-p-4441452.htm',
          'https://www.transtutors.com/questions/110-all-forms-of-international-trade-restrictions-result-in-higher-prices-and-lower--4441451.htm',
          'https://www.transtutors.com/questions/116-during-inflation-some-prices-may-be-rising-and-some-may-be-falling-117-the-effec-4441450.htm',
          'https://www.transtutors.com/questions/true-false-questions-79-economic-growth-is-necessary-to-create-new-jobs-increase-inc-4441449.htm',
          'https://www.transtutors.com/questions/31-what-is-the-result-of-a-growing-labor-force-a-lower-rates-of-interest-in-the-capi-4441448.htm',
          'https://www.transtutors.com/questions/90-everyone-in-the-economy-benefits-from-free-trade-91-for-many-years-u-s-citizens-h-4441447.htm',
          'https://www.transtutors.com/questions/120-there-is-more-international-trade-today-than-at-any-time-in-the-past-121-since-t-4441446.htm',
          'https://www.transtutors.com/questions/21-when-general-motors-lays-workers-off-because-of-a-decrease-in-aggregate-demand-it-4441445.htm',
          'https://www.transtutors.com/questions/51-the-value-of-money-varies-a-directly-with-the-interest-rate-b-directly-with-the-p-4441444.htm',
          'https://www.transtutors.com/questions/true-false-questions-80-protectionists-want-to-reduce-foreign-competition-with-u-s-g-4441443.htm',
          'https://www.transtutors.com/questions/31-if-d-and-s-are-the-relevant-supply-and-demand-curves-an-increase-in-nigerian-trav-4441442.htm',
          'https://www.transtutors.com/questions/51-a-tariff-leads-to-a-leftward-shift-of-the-curve-resulting-in-prices-and--4441441.htm',
          'https://www.transtutors.com/questions/11-a-farmer-who-has-lost-his-farm-due-to-increased-agricultural-productivity-is-cons-4441440.htm',
          'https://www.transtutors.com/questions/106-an-increase-in-the-federal-budget-deficit-will-increase-unemployment-107-an-incr-4441439.htm',
          'https://www.transtutors.com/questions/89-every-business-cycle-has-four-distinct-phases-expansion-peak-contraction-and-trou-4441438.htm',
          'https://www.transtutors.com/questions/61-what-do-you-call-it-when-producers-sell-abroad-at-a-price-below-their-cost-of-pro-4441437.htm',
          'https://www.transtutors.com/questions/31-m2-includes-a-m1-plus-savings-and-time-deposits-of-small-denomination-and-money-m-4441436.htm',
          'https://www.transtutors.com/questions/96-all-unemployed-workers-are-unemployed-for-the-same-reason-97-cyclical-unemploymen-4441435.htm',
          'https://www.transtutors.com/questions/21-the-gramm-leach-bliley-act-allows-banks-to-a-sell-insurance-b-underwrite-insuranc-4441434.htm',
          'https://www.transtutors.com/questions/21-columbus-thought-he-had-arrived-in-however-he-actually-had-arrived-in-the-caribbe-4441433.htm',
          'https://www.transtutors.com/questions/41-a-nation-that-enjoys-a-lower-opportunity-cost-in-the-production-of-goods-relative-4441432.htm',
          'https://www.transtutors.com/questions/88-the-u-s-minimum-wage-did-not-change-throughout-the-1980s-and-1990s-89-all-u-s-wor-4441431.htm',
          'https://www.transtutors.com/questions/83-today-social-security-is-financed-under-a-pay-as-you-go-financial-system-84-all-c-4441430.htm',
          'https://www.transtutors.com/questions/multiple-choice-questions-1-which-of-the-following-descriptions-fits-the-american-ec-4441429.htm',
          'https://www.transtutors.com/questions/87-surpluses-tend-to-drive-competitive-prices-downward-toward-equilibrium-and-shorta-4441428.htm',
          'https://www.transtutors.com/questions/41-if-a-program-39-s-benefits-are-funded-out-of-current-payments-it-is-which-type-of-4441427.htm',
          'https://www.transtutors.com/questions/115-there-are-currently-14-tax-brackets-ranging-from-11-to-50-116-the-federal-govern-4441426.htm',
          'https://www.transtutors.com/questions/11-given-the-way-social-security-is-financed-which-of-the-following-is-true-a-social-4441425.htm',
          'https://www.transtutors.com/questions/31-the-results-of-the-wealth-substitution-effect-are-illustrated-on-the-graph-as-a-m-4441424.htm'],
 'project': ['trans'],
 'referring_link': ['https://www.transtutors.com/questions/economics/246/'],
 'spider': ['trans_links']}
2020-02-05 23:30:31 [scrapy.core.engine] DEBUG: Crawled (200) <GET https://www.transtutors.com/questions/economics/248/> (referer: https://www.google.com/) ['cached']
2020-02-05 23:30:31 [scrapy.core.scraper] DEBUG: Scraped from <200 https://www.transtutors.com/questions/economics/247/>
{'category': ['economy'],
 'date': [datetime.datetime(2020, 2, 5, 23, 30, 31, 651564)],
 'link': ['https://www.transtutors.com/questions/61-the-single-most-important-source-of-tax-revenue-for-the-local-governments-in-the--4441423.htm',
          'https://www.transtutors.com/questions/58-the-government-weighs-the-potential-cost-savings-resulting-from-a-merger-against--4441422.htm',
          'https://www.transtutors.com/questions/51-if-the-ratio-of-tax-collections-to-income-rises-as-income-rises-then-the-tax-rate-4441421.htm',
          'https://www.transtutors.com/questions/71-the-economy-of-the-people-s-republic-of-china-operated-as-a-command-economy-a-fro-4441420.htm',
          'https://www.transtutors.com/questions/multiple-choice-questions-1-government-programs-that-guarantee-citizens-financial-be-4441419.htm',
          'https://www.transtutors.com/questions/118-evidence-indicates-the-supply-curve-of-labor-is-positively-sloped-119-a-surplus--4441418.htm',
          'https://www.transtutors.com/questions/true-false-questions-73-social-insurance-is-private-insurance-purchased-by-the-gover-4441417.htm',
          'https://www.transtutors.com/questions/98-rent-controls-create-profit-incentives-to-increase-the-supply-of-rental-housing-9-4441416.htm',
          'https://www.transtutors.com/questions/103-the-most-important-factor-explaining-the-growth-in-personal-health-care-expendit-4441415.htm',
          'https://www.transtutors.com/questions/11-if-a-consumer-always-eats-cheese-with-macaroni-then-for-that-consumer-macaroni-an-4441414.htm',
          'https://www.transtutors.com/questions/41-government-borrowing-is-argued-to-have-the-effect-of-raising-interest-rates-the--4441413.htm',
          'https://www.transtutors.com/questions/113-the-amount-a-patient-must-pay-above-the-deductible-is-known-as-co-insurance-114--4441412.htm',
          'https://www.transtutors.com/questions/true-false-questions-78-in-a-mixed-economy-markets-adjust-freely-and-all-markets-are-4441411.htm',
          'https://www.transtutors.com/questions/61-which-of-the-following-would-cause-a-shift-from-s-1-to-s-0-a-a-decrease-in-resour-4441410.htm',
          'https://www.transtutors.com/questions/105-horizontal-equity-means-that-people-in-identical-economic-positions-should-pay-e-4441409.htm',
          'https://www.transtutors.com/questions/multiple-choice-questions-1-the-fears-of-people-concerning-the-size-of-government-ar-4441408.htm',
          'https://www.transtutors.com/questions/85-the-major-tax-source-of-the-federal-government-is-the-highly-regressive-sales-tax-4441407.htm',
          'https://www.transtutors.com/questions/97-an-increase-in-consumer-income-can-either-increase-or-decrease-demand-for-a-good--4441406.htm',
          'https://www.transtutors.com/questions/true-false-questions-76-unemployment-affects-both-the-current-and-future-production--4441405.htm',
          'https://www.transtutors.com/questions/117-command-economies-introduce-incentives-for-efficient-production-118-under-the-gr-4441404.htm',
          'https://www.transtutors.com/questions/true-false-questions-77-mao-zedong-started-china-39-s-transition-to-a-market-economy-4441403.htm',
          'https://www.transtutors.com/questions/61-suppose-the-united-auto-workers-union-successfully-lobbies-congress-to-enact-an-i-4441402.htm',
          'https://www.transtutors.com/questions/multiple-choice-questions-1-in-a-market-economy-if-the-market-supply-of-a-product-de-4441401.htm',
          'https://www.transtutors.com/questions/true-false-questions-75-the-fears-that-people-have-concerning-government-are-related-4441400.htm',
          'https://www.transtutors.com/questions/93-the-income-effect-of-social-security-taxes-causes-some-people-to-work-less-hours--4441399.htm',
          'https://www.transtutors.com/questions/51-an-increase-in-consumer-income-will-have-what-effect-on-the-equilibrium-price-and-4441398.htm',
          'https://www.transtutors.com/questions/31-if-rent-is-controlled-at-600-the-quantity-of-rental-housing-supplied-will-be-a-0--4441397.htm',
          'https://www.transtutors.com/questions/108-if-all-units-of-a-firm-39-s-output-sell-for-10-each-marginal-revenue-is-constant-4441396.htm',
          'https://www.transtutors.com/questions/107-an-increase-in-the-supply-of-a-good-will-increase-the-price-of-the-good-other-th-4441395.htm',
          'https://www.transtutors.com/questions/41-if-the-market-starts-in-equilibrium-with-d-1-and-s-1-and-more-consumers-develop-a-4441394.htm',
          'https://www.transtutors.com/questions/95-the-tax-reform-act-of-1986-increased-the-highest-marginal-tax-rate-to-50-from-38--4441393.htm',
          'https://www.transtutors.com/questions/89-pollution-did-not-exist-in-any-appreciable-amounts-prior-to-the-industrial-revolu-4441392.htm',
          'https://www.transtutors.com/questions/99-new-learning-technologies-will-increase-the-cost-of-providing-k-12-education-100--4441391.htm',
          'https://www.transtutors.com/questions/true-false-questions-79-a-college-education-does-not-improve-earnings-over-a-high-sc-4441390.htm',
          'https://www.transtutors.com/questions/11-since-1960-income-inequality-has-a-stayed-the-same-b-fallen-then-risen-c-steadily-4441389.htm',
          'https://www.transtutors.com/questions/71-which-of-the-following-will-increase-the-implicit-costs-of-committing-a-crime-a-d-4441388.htm',
          'https://www.transtutors.com/questions/89-the-marginal-benefit-of-education-increases-as-a-student-completes-more-years-of--4441387.htm',
          'https://www.transtutors.com/questions/multiple-choice-questions-1-pollution-a-like-air-and-water-pollution-became-an-issue-4441386.htm',
          'https://www.transtutors.com/questions/21-which-of-the-following-results-in-differences-in-labor-resource-ownership-a-prefe-4441385.htm',
          'https://www.transtutors.com/questions/41-critics-have-claimed-that-the-eitc-a-creates-an-incentive-for-families-to-have-fe-4441384.htm',
          'https://www.transtutors.com/questions/71-research-suggests-that-as-the-minimum-wage-is-increased-by-10-the-associated-incr-4441383.htm',
          'https://www.transtutors.com/questions/multiple-choice-questions-1-the-government-39-s-method-of-calculating-the-official-p-4441382.htm',
          'https://www.transtutors.com/questions/99-the-economic-cost-of-crime-prevention-is-the-value-of-the-goods-and-services-that-4441381.htm',
          'https://www.transtutors.com/questions/31-which-of-the-following-will-decrease-the-equilibrium-quantity-of-education-in-a-m-4441380.htm',
          'https://www.transtutors.com/questions/61-centralized-planning-leads-to-which-of-the-following-a-limited-consumer-choice-b--4441379.htm',
          'https://www.transtutors.com/questions/61-economics-explains-the-decision-to-participate-in-criminal-activities-most-often--4441378.htm',
          'https://www.transtutors.com/questions/112-relative-poverty-will-always-exist-in-a-market-based-economy-113-even-though-the-4441377.htm',
          'https://www.transtutors.com/questions/99-implicit-costs-are-opportunity-costs-100-explicit-costs-are-equal-to-the-value-of-4441376.htm',
          'https://www.transtutors.com/questions/recall-the-application-about-how-microsoft-responds-to-the-threat-of-potential-compe-4441375.htm',
          'https://www.transtutors.com/questions/92-the-poverty-problem-in-this-country-is-mainly-one-of-low-production-93-the-distri-4441374.htm'],
 'project': ['trans'],
 'referring_link': ['https://www.transtutors.com/questions/economics/247/'],
 'spider': ['trans_links']}
2020-02-05 23:30:31 [scrapy.core.engine] DEBUG: Crawled (200) <GET https://www.transtutors.com/questions/economics/249/> (referer: https://www.google.com/) ['cached']
2020-02-05 23:30:31 [scrapy.core.scraper] DEBUG: Scraped from <200 https://www.transtutors.com/questions/economics/248/>
{'category': ['economy'],
 'date': [datetime.datetime(2020, 2, 5, 23, 30, 31, 809720)],
 'link': ['https://www.transtutors.com/questions/109-markets-ration-education-based-on-a-price-quality-trade-off-110-public-schools-r-4441373.htm',
          'https://www.transtutors.com/questions/51-the-socially-optimal-level-of-education-is-a-0-b-between-0-and-e-1-c-e-1-d-e-2-e--4441372.htm',
          'https://www.transtutors.com/questions/102-during-the-last-few-decades-the-income-shares-of-the-low-middle-and-high-income--4441371.htm',
          'https://www.transtutors.com/questions/21-suppose-the-total-social-benefits-of-crime-protection-increase-from-800-000-to-90-4441370.htm',
          'https://www.transtutors.com/questions/11-when-a-benefit-of-an-action-falls-on-other-than-the-person-or-persons-responsible-4441369.htm',
          'https://www.transtutors.com/questions/61-the-efficient-level-of-pollution-is-zero-only-if-the-a-marginal-cost-of-pollution-4441368.htm',
          'https://www.transtutors.com/questions/21-for-which-year-of-education-is-the-family-39-s-mpb-a-0-years-b-1-year-c-e-1-years-4441367.htm',
          'https://www.transtutors.com/questions/31-the-supplemental-social-insurance-ssi-program-is-not-available-to-a-households-wi-4441366.htm',
          'https://www.transtutors.com/questions/119-higher-teacher-salaries-do-not-change-student-achievement-120-the-achievement-of-4441365.htm',
          'https://www.transtutors.com/questions/89-thanks-to-the-data-collecting-activities-of-the-u-s-department-of-justice-we-now--4441364.htm',
          'https://www.transtutors.com/questions/109-governmental-regulations-requiring-anti-pollution-devices-on-automobiles-result--4441363.htm',
          'https://www.transtutors.com/questions/109-trafficking-in-illegal-goods-and-services-adds-to-the-well-being-of-consumers-11-4441362.htm',
          'https://www.transtutors.com/questions/119-when-pollution-rights-markets-are-used-the-overall-level-of-pollution-is-reduced-4441361.htm',
          'https://www.transtutors.com/questions/51-explain-why-the-government-broke-up-the-standard-oil-trust-52-name-three-industri-4441360.htm',
          'https://www.transtutors.com/questions/true-false-questions-79-murder-is-both-illegal-and-immoral-80-current-reports-on-cri-4441359.htm',
          'https://www.transtutors.com/questions/multiple-choice-questions-1-according-to-the-census-bureau-high-school-graduates-can-4441358.htm',
          'https://www.transtutors.com/questions/82-poverty-is-more-widespread-among-black-families-than-among-white-families-83-the--4441357.htm',
          'https://www.transtutors.com/questions/true-false-questions-79-pollution-occurs-when-the-environment-cannot-recycle-all-the-4441356.htm',
          'https://www.transtutors.com/questions/11-a-characteristic-of-a-public-good-or-service-is-a-that-no-individual-can-identify-4441355.htm',
          'https://www.transtutors.com/questions/71-a-market-for-pollution-rights-is-an-efficient-approach-to-pollution-control-becau-4441354.htm',
          'https://www.transtutors.com/questions/71-public-schools-must-pay-for-which-of-the-following-expenses-that-private-schools--4441353.htm',
          'https://www.transtutors.com/questions/multiple-choice-questions-1-an-immoral-act-is-a-easy-to-define-b-always-illegal-c-di-4441352.htm',
          'https://www.transtutors.com/questions/51-one-aspect-of-structural-adjustment-programs-is-usually-to-remove-tariffs-and-oth-4441351.htm',
          'https://www.transtutors.com/questions/119-the-legalization-of-marijuana-would-cause-a-big-increase-in-the-demand-for-the-d-4441350.htm',
          'https://www.transtutors.com/questions/51-in-a-monopsony-the-difference-between-the-marginal-revenue-product-of-labor-and-t-4441349.htm',
          'https://www.transtutors.com/questions/11-a-resource-market-with-only-one-buyer-of-a-factor-of-production-is-called-a-n-a-i-4441348.htm',
          'https://www.transtutors.com/questions/111-free-agency-increases-the-monopsony-power-that-professional-sports-teams-exert-o-4441347.htm',
          'https://www.transtutors.com/questions/157-what-does-it-mean-when-economists-assume-that-people-act-quot-as-if-quot-they-ar-4441346.htm',
          'https://www.transtutors.com/questions/61-if-a-cartel-discovers-that-its-marginal-revenue-is-greater-than-its-marginal-cost-4441345.htm',
          'https://www.transtutors.com/questions/55-the-average-cost-pricing-policy-provides-a-greater-incentive-for-a-regulated-mono-4441344.htm',
          'https://www.transtutors.com/questions/61-the-major-piece-of-legislation-that-makes-it-illegal-to-discriminate-in-the-labor-4441343.htm',
          'https://www.transtutors.com/questions/81-a-cartel-is-a-quot-shared-monopoly-quot-82-prices-and-output-are-greater-with-a-c-4441342.htm',
          'https://www.transtutors.com/questions/true-false-questions-71-professional-sports-clubs-are-businesses-operated-for-profit-4441341.htm',
          'https://www.transtutors.com/questions/91-a-firm-can-maximize-its-economic-position-by-hiring-workers-up-to-the-point-where-4441340.htm',
          'https://www.transtutors.com/questions/recall-the-application-about-advertising-in-the-milk-industry-to-answer-the-followin-4441339.htm',
          'https://www.transtutors.com/questions/103-some-monopolists-block-entry-into-their-markets-through-their-control-of-the-raw-4441338.htm',
          'https://www.transtutors.com/questions/101-most-economists-argue-that-professional-sports-teams-should-be-used-as-an-econom-4441337.htm',
          'https://www.transtutors.com/questions/41-professional-baseball-enjoys-an-exemption-from-laws-that-make-cartels-illegal-in--4441336.htm',
          'https://www.transtutors.com/questions/11-to-maximize-profits-a-monopolist-produces-the-output-level-at-which-a-its-total-r-4441335.htm',
          'https://www.transtutors.com/questions/51-from-the-point-of-view-of-economics-discrimination-a-results-in-an-actual-gdp-tha-4441334.htm',
          'https://www.transtutors.com/questions/true-false-questions-83-firms-with-monopoly-power-yield-higher-than-average-returns--4441333.htm',
          'https://www.transtutors.com/questions/123-the-capture-theory-suggests-that-regulators-may-end-up-working-for-the-interests-4441332.htm',
          'https://www.transtutors.com/questions/161-why-do-economists-always-mean-quot-opportunity-cost-quot-even-when-they-just-ref-4441331.htm',
          'https://www.transtutors.com/questions/93-sellers-in-a-competitive-market-must-take-into-account-what-buyers-will-do-and-th-4441330.htm',
          'https://www.transtutors.com/questions/multiple-choice-questions-1-professional-sports-clubs-differ-from-most-other-busines-4441329.htm',
          'https://www.transtutors.com/questions/113-in-addition-to-reducing-production-and-raising-prices-monopoly-decreases-product-4441328.htm',
          'https://www.transtutors.com/questions/153-what-is-economics-and-what-does-it-try-to-do-154-distinguish-between-scarcity-an-4441326.htm',
          'https://www.transtutors.com/questions/true-false-questions-72-the-incidence-of-poverty-as-it-is-officially-defined-in-the--4441325.htm',
          'https://www.transtutors.com/questions/71-increasing-output-beyond-q-0-will-cause-the-firm-to-experience-a-economies-of-sca-4441324.htm',
          'https://www.transtutors.com/questions/41-at-the-profit-maximizing-quantity-the-firm-39-s-total-revenue-equals-a-10-b-15-c--4441323.htm'],
 'project': ['trans'],
 'referring_link': ['https://www.transtutors.com/questions/economics/248/'],
 'spider': ['trans_links']}
2020-02-05 23:30:32 [scrapy.core.engine] DEBUG: Crawled (200) <GET https://www.transtutors.com/questions/economics/250/> (referer: https://www.google.com/) ['cached']
2020-02-05 23:30:32 [scrapy.core.scraper] DEBUG: Scraped from <200 https://www.transtutors.com/questions/economics/249/>
{'category': ['economy'],
 'date': [datetime.datetime(2020, 2, 5, 23, 30, 31, 983695)],
 'link': ['https://www.transtutors.com/questions/31-if-this-labor-market-is-competitive-how-many-workers-will-be-hired-a-0-b-10-c-12--4441322.htm',
          'https://www.transtutors.com/questions/1-fiscal-policy-refers-to-the-a-manipulation-of-the-money-supply-so-as-to-increase-t-4441321.htm',
          'https://www.transtutors.com/questions/11-which-function-of-money-allows-people-to-specialize-in-areas-in-which-they-have-a-4441320.htm',
          'https://www.transtutors.com/questions/108-what-are-the-various-time-lags-that-affect-discretionary-fiscal-policy-and-what--4441319.htm',
          'https://www.transtutors.com/questions/21-camels-have-been-used-as-money-which-function-of-money-would-this-type-of-money-p-4441318.htm',
          'https://www.transtutors.com/questions/81-if-there-are-5-million-in-excess-reserves-in-the-canadian-banking-system-and-the--4441317.htm',
          'https://www.transtutors.com/questions/81-the-net-export-effect-occurs-when-a-increased-government-spending-is-used-to-buy--4441316.htm',
          'https://www.transtutors.com/questions/91-the-cdic-was-created-because-a-banks-failed-to-create-money-the-way-the-bank-of-c-4441315.htm',
          'https://www.transtutors.com/questions/105-what-are-direct-expenditure-offsets-and-what-are-their-effects-on-the-effectiven-4441314.htm',
          'https://www.transtutors.com/questions/31-suppose-the-economy-is-at-a-short-run-equilibrium-and-is-beyond-the-economy-39-s--4441313.htm',
          'https://www.transtutors.com/questions/51-in-figure-11-1-assume-that-the-economy-is-originally-at-e1-if-the-government-impo-4441312.htm',
          'https://www.transtutors.com/questions/101-what-are-reserves-discuss-the-various-types-of-reserves-used-in-the-canadian-ban-4441311.htm',
          'https://www.transtutors.com/questions/101-explain-how-fiscal-policy-can-correct-a-contractionary-gap-102-explain-what-fisc-4441310.htm',
          'https://www.transtutors.com/questions/21-in-table-13-4-the-bank-of-wealth-can-make-additional-loans-up-to-a-25-000-b-10-00-4441309.htm',
          'https://www.transtutors.com/questions/41-the-reason-we-are-willing-to-accept-money-with-no-intrinsic-value-is-that-a-paper-4441308.htm',
          'https://www.transtutors.com/questions/109-why-did-the-federal-government-set-up-cdic-110-what-is-the-difference-between-ad-4441307.htm',
          'https://www.transtutors.com/questions/41-a-bank-with-deposits-of-200-million-keeps-20-million-in-cash-in-its-vault-15-mill-4441306.htm',
          'https://www.transtutors.com/questions/106-if-you-have-50-in-cash-a-balance-of-635-in-your-chequing-account-at-the-royal-ba-4441305.htm',
          'https://www.transtutors.com/questions/31-suppose-that-the-desired-reserve-ratio-is-20-percent-and-that-a-bank-is-just-meet-4441304.htm',
          'https://www.transtutors.com/questions/21-which-of-the-following-statements-about-fiscal-policy-is-false-a-real-gdp-can-be--4441303.htm',
          'https://www.transtutors.com/questions/71-suppose-the-government-lowered-marginal-tax-rates-from-50-percent-to-30-percent-t-4441302.htm',
          'https://www.transtutors.com/questions/101-what-are-the-functions-of-money-102-what-is-barter-what-is-a-double-coincidence--4441301.htm',
          'https://www.transtutors.com/questions/1-in-a-barter-system-we-would-expect-to-see-a-many-different-units-of-money-b-money--4441300.htm',
          'https://www.transtutors.com/questions/51-if-a-bank-has-zero-excess-reserves-the-required-reserve-ratio-is-20-percent-and-a-4441299.htm',
          'https://www.transtutors.com/questions/81-which-of-the-following-is-true-of-m2-a-it-is-larger-than-m1-b-it-excludes-savings-4441298.htm',
          'https://www.transtutors.com/questions/106-what-forces-can-make-the-money-multiplier-smaller-than-the-reciprocal-of-the-req-4441297.htm',
          'https://www.transtutors.com/questions/1-fractional-reserve-banking-refers-to-a-banking-system-in-which-a-bank-deposits-are-4441296.htm',
          'https://www.transtutors.com/questions/71-suppose-the-income-tax-rate-is-0-on-the-first-20-000-20-percent-on-the-next-20-00-4441295.htm',
          'https://www.transtutors.com/questions/56-what-are-tie-in-sales-57-give-an-example-of-a-tie-in-sale-58-what-is-predatory-pr-4441293.htm',
          'https://www.transtutors.com/questions/11-in-table-13-1-suppose-that-10-000-in-new-deposits-is-received-by-the-bank-if-ther-4441292.htm',
          'https://www.transtutors.com/questions/71-credit-cards-a-are-not-a-part-of-the-money-supply-because-they-are-not-a-deferred-4441291.htm',
          'https://www.transtutors.com/questions/table-1-amount-component-millions-of-dollars-currency-200-coins35-demand-deposits570-4441290.htm',
          'https://www.transtutors.com/questions/126-if-corporate-income-taxes-are-collected-on-a-firm-39-s-economic-profit-rather-th-4441289.htm',
          'https://www.transtutors.com/questions/91-the-process-by-which-financial-institutions-accept-deposits-and-then-lend-those-d-4441288.htm',
          'https://www.transtutors.com/questions/31-the-cost-of-holding-money-is-best-described-as-a-the-cost-of-printing-money-b-the-4441287.htm',
          'https://www.transtutors.com/questions/51-even-when-a-particular-monetary-asset-is-not-performing-one-of-the-functions-of-m-4441286.htm',
          'https://www.transtutors.com/questions/112-explain-along-with-an-appropriate-graphical-representation-what-a-fiscal-policy--4441285.htm',
          'https://www.transtutors.com/questions/11-a-contractionary-gap-is-a-the-difference-between-aggregate-supply-and-aggregate-d-4441284.htm',
          'https://www.transtutors.com/questions/112-describe-monetary-standards-and-how-they-relate-in-the-canadian-context-113-desc-4441283.htm',
          'https://www.transtutors.com/questions/1-which-of-the-following-is-the-largest-of-the-european-peninsulas-a-balkan-peninsul-4441282.htm',
          'https://www.transtutors.com/questions/112-using-t-accounts-create-an-example-of-your-own-to-show-how-banks-create-deposits-4441281.htm',
          'https://www.transtutors.com/questions/117-how-is-the-bank-of-canada-organized-118-what-are-the-functions-of-the-bank-of-ca-4441280.htm',
          'https://www.transtutors.com/questions/51-the-transaction-demand-for-money-is-the-demand-to-hold-money-to-a-make-regular-ex-4441279.htm',
          'https://www.transtutors.com/questions/71-assume-the-bank-of-canada-initiates-an-expansionary-monetary-policy-that-is-corre-4441278.htm',
          'https://www.transtutors.com/questions/61-in-figure-15-4-if-c-is-the-initial-equilibrium-point-and-there-is-an-unanticipate-4441277.htm',
          'https://www.transtutors.com/questions/41-refer-to-table-16-4-suppose-there-are-1-000-workers-in-the-canada-and-1-800-worke-4441276.htm',
          'https://www.transtutors.com/questions/113-explain-what-the-phillips-curve-is-and-how-it-is-used-in-practical-applications--4441275.htm',
          'https://www.transtutors.com/questions/51-refer-to-table-16-7-suppose-there-are-1-000-workers-in-canada-and-100-workers-in--4441274.htm',
          'https://www.transtutors.com/questions/81-real-business-cycle-theory-is-an-extension-of-a-keynesian-theory-b-monetary-theor-4441272.htm',
          'https://www.transtutors.com/questions/61-during-the-great-depression-many-industrial-countries-tried-protecting-domestic-j-4441271.htm'],
 'project': ['trans'],
 'referring_link': ['https://www.transtutors.com/questions/economics/249/'],
 'spider': ['trans_links']}
2020-02-05 23:30:32 [scrapy.core.engine] DEBUG: Crawled (200) <GET https://www.transtutors.com/questions/economics/251/> (referer: https://www.google.com/) ['cached']
2020-02-05 23:30:32 [scrapy.core.scraper] DEBUG: Scraped from <200 https://www.transtutors.com/questions/economics/250/>
{'category': ['economy'],
 'date': [datetime.datetime(2020, 2, 5, 23, 30, 32, 144776)],
 'link': ['https://www.transtutors.com/questions/108-what-are-the-criticisms-of-supply-side-economics-109-describe-new-keynesian-econ-4441270.htm',
          'https://www.transtutors.com/questions/1-of-the-countries-below-the-country-with-the-lowest-imports-to-gdp-ratio-is-a-germa-4441269.htm',
          'https://www.transtutors.com/questions/41-the-transactions-demand-for-money-will-increase-when-a-the-rate-of-interest-incre-4441268.htm',
          'https://www.transtutors.com/questions/1-a-country-39-s-balance-of-payments-shows-a-a-detailed-record-of-the-import-and-exp-4441267.htm',
          'https://www.transtutors.com/questions/21-suppose-that-the-opportunity-cost-of-producing-goods-differs-between-two-nations--4441266.htm',
          'https://www.transtutors.com/questions/21-open-market-operations-are-a-the-buying-of-existing-corporate-securities-in-secon-4441265.htm',
          'https://www.transtutors.com/questions/128-discuss-the-bank-of-canada-and-its-organizational-structure-129-what-are-the-too-4441264.htm',
          'https://www.transtutors.com/questions/31-the-primary-tool-the-bank-of-canada-uses-to-control-the-money-supply-is-a-open-ma-4441263.htm',
          'https://www.transtutors.com/questions/101-distinguish-between-absolute-advantage-and-comparative-advantage-102-explain-why-4441262.htm',
          'https://www.transtutors.com/questions/1-the-natural-rate-of-unemployment-is-defined-as-the-rate-of-unemployment-that-a-pre-4441261.htm',
          'https://www.transtutors.com/questions/31-the-nonaccelerating-inflation-rate-of-unemployment-nairu-is-a-discretionary-polic-4441260.htm',
          'https://www.transtutors.com/questions/124-what-is-the-equation-of-exchange-how-can-the-equation-of-exchange-be-converted-i-4441259.htm',
          'https://www.transtutors.com/questions/11-the-natural-rate-of-unemployment-is-a-zero-b-the-unemployment-rate-when-there-is--4441258.htm',
          'https://www.transtutors.com/questions/91-a-policy-that-has-the-effect-of-reducing-the-quantity-supplied-and-raising-price--4441257.htm',
          'https://www.transtutors.com/questions/71-if-the-desired-reserve-ratio-is-25-percent-the-maximum-money-multiplier-is-a-1-b--4441256.htm',
          'https://www.transtutors.com/questions/104-quot-everybody-has-a-comparative-advantage-in-something-quot-do-you-agree-or-dis-4441255.htm',
          'https://www.transtutors.com/questions/120-how-can-the-bank-of-canada-direct-the-money-supply-121-what-are-three-reasons-pe-4441254.htm',
          'https://www.transtutors.com/questions/31-absolute-advantage-is-defined-as-a-the-ability-to-produce-more-output-of-one-good-4441253.htm',
          'https://www.transtutors.com/questions/11-when-the-principle-of-comparative-advantage-is-used-to-guide-trade-then-a-country-4441252.htm',
          'https://www.transtutors.com/questions/101-what-is-meant-by-the-natural-rate-of-unemployment-102-since-1945-the-natural-rat-4441251.htm',
          'https://www.transtutors.com/questions/105-explain-the-rational-expectations-hypothesis-106-describe-and-explain-the-policy-4441250.htm',
          'https://www.transtutors.com/questions/81-if-v-5-p-3-and-q-50-then-the-money-supply-equals-a-10-b-30-c-150-d-300-82--4441249.htm',
          'https://www.transtutors.com/questions/81-a-quota-is-a-a-tariff-imposed-on-goods-that-are-dumped-in-the-country-b-a-law-tha-4441248.htm',
          'https://www.transtutors.com/questions/110-why-was-the-wto-formerly-gatt-created-111-construct-a-descriptive-example-of-you-4441247.htm',
          'https://www.transtutors.com/questions/35-an-oligopolistic-industry-has-barriers-to-entry-36-many-cartels-exist-in-the-u-s--4441246.htm',
          'https://www.transtutors.com/questions/61-a-decrease-in-the-desired-reserve-ratio-will-a-cause-the-money-supply-to-decrease-4441245.htm',
          'https://www.transtutors.com/questions/1-the-board-of-directors-of-the-bank-of-canada-is-a-elected-by-the-general-public-b--4441244.htm',
          'https://www.transtutors.com/questions/114-compare-and-contrast-quotas-and-tariffs-does-quot-one-size-fit-all-quot-115-what-4441243.htm',
          'https://www.transtutors.com/questions/107-what-must-a-government-know-for-the-infant-industry-argument-to-be-a-valid-reaso-4441242.htm',
          'https://www.transtutors.com/questions/71-industries-that-cannot-compete-with-foreign-competitors-at-this-point-in-time-but-4441241.htm',
          'https://www.transtutors.com/questions/111-if-firms-anticipate-that-a-rise-in-demand-is-likely-to-last-for-a-long-time-does-4441240.htm',
          'https://www.transtutors.com/questions/71-in-figure-14-1-suppose-the-economy-is-at-a-short-run-equilibrium-at-point-b-and-t-4441239.htm',
          'https://www.transtutors.com/questions/131-describe-the-adjustments-that-take-place-in-the-short-run-and-long-run-with-rega-4441238.htm',
          'https://www.transtutors.com/questions/91-according-to-the-new-keynesian-theory-a-only-fiscal-policy-is-an-effective-stabil-4441237.htm',
          'https://www.transtutors.com/questions/11-when-the-bank-of-canada-wants-to-undertake-open-market-operations-it-a-can-requir-4441236.htm',
          'https://www.transtutors.com/questions/31-if-there-is-a-negative-sign-in-front-of-transfers-for-canada-then-a-canada-import-4441235.htm',
          'https://www.transtutors.com/questions/11-an-example-of-a-transaction-that-will-be-a-surplus-item-on-the-canadian-balance-o-4441234.htm',
          'https://www.transtutors.com/questions/132-using-a-ppc-graph-explain-what-we-can-tell-about-whether-a-particular-point-on-t-4441233.htm',
          'https://www.transtutors.com/questions/129-use-adam-smith-39-s-pin-factory-example-to-explain-how-the-division-of-labour-wi-4441232.htm',
          'https://www.transtutors.com/questions/81-with-a-pure-gold-standard-a-a-nation-may-not-pursue-an-independent-monetary-polic-4441231.htm',
          'https://www.transtutors.com/questions/61-which-of-the-following-will-lead-to-an-appreciation-of-the-canadian-dollar-agains-4441230.htm',
          'https://www.transtutors.com/questions/41-a-merger-is-a-process-in-which-two-or-more-firms-combine-their-operations-42-tie--4441229.htm',
          'https://www.transtutors.com/questions/114-does-canada-39-s-frequent-current-account-deficit-mean-it-has-a-weak-economy-115-4441228.htm',
          'https://www.transtutors.com/questions/101-how-are-deficit-and-surplus-items-determined-in-the-balance-of-payments-102-defi-4441227.htm',
          'https://www.transtutors.com/questions/167-briefly-explain-the-determinants-of-demand-for-a-good-or-service-other-than-its--4441226.htm',
          'https://www.transtutors.com/questions/110-explain-the-differences-between-a-dirty-float-exchange-rate-crawling-peg-exchang-4441225.htm',
          'https://www.transtutors.com/questions/91-hedge-is-a-a-financial-strategy-that-reduces-the-chance-of-suffering-losses-arisi-4441224.htm',
          'https://www.transtutors.com/questions/recall-the-application-about-the-british-experience-with-private-water-companies-in--4441223.htm',
          'https://www.transtutors.com/questions/134-explain-why-comparative-advantage-rather-than-absolute-advantage-lies-behind-the-4441222.htm',
          'https://www.transtutors.com/questions/164-explain-the-difference-between-wanting-a-pizza-and-demanding-it-165-explain-the--4441221.htm'],
 'project': ['trans'],
 'referring_link': ['https://www.transtutors.com/questions/economics/250/'],
 'spider': ['trans_links']}
2020-02-05 23:30:32 [scrapy.core.engine] DEBUG: Crawled (200) <GET https://www.transtutors.com/questions/economics/252/> (referer: https://www.google.com/) ['cached']
2020-02-05 23:30:32 [scrapy.core.scraper] DEBUG: Scraped from <200 https://www.transtutors.com/questions/economics/251/>
{'category': ['economy'],
 'date': [datetime.datetime(2020, 2, 5, 23, 30, 32, 302758)],
 'link': ['https://www.transtutors.com/questions/1-the-long-run-trend-in-business-activity-is-a-downward-b-constant-c-upward-d-such-t-4441220.htm',
          'https://www.transtutors.com/questions/21-refer-to-table-17-2-the-balance-of-trade-is-a-1-000-b-665-c-335-d-155-22-refer--4441219.htm',
          'https://www.transtutors.com/questions/126-quot-the-united-states-can-39-t-gain-from-trading-with-canada-because-their-econ-4441218.htm',
          'https://www.transtutors.com/questions/71-if-there-is-an-outward-shift-canadian-demand-for-french-goods-the-result-will-be--4441217.htm',
          'https://www.transtutors.com/questions/121-define-productive-efficiency-explain-why-being-productively-efficient-does-not-n-4441216.htm',
          'https://www.transtutors.com/questions/51-if-the-exchange-rate-is-such-that-1-equal-5-euros-then-the-price-of-a-euro-is-a-5-4441215.htm',
          'https://www.transtutors.com/questions/106-what-does-it-mean-when-the-dollar-appreciates-what-does-it-mean-when-the-dollar--4441213.htm',
          'https://www.transtutors.com/questions/41-the-price-of-foreign-currency-in-terms-of-domestic-currency-is-a-the-balance-of-t-4441212.htm',
          'https://www.transtutors.com/questions/123-explain-the-relationship-between-productive-efficiency-and-allocative-efficiency-4441211.htm',
          'https://www.transtutors.com/questions/recall-the-application-about-the-1998-merger-between-penzoil-and-quaker-state-to-ans-4441210.htm',
          'https://www.transtutors.com/questions/11-the-belief-that-the-physical-attributes-of-places-can-be-analyzed-and-manipulated-4441209.htm',
          'https://www.transtutors.com/questions/11-dividing-the-number-unemployed-by-the-number-of-people-in-the-labour-force-yields-4441208.htm',
          'https://www.transtutors.com/questions/113-provide-a-discussion-on-the-costs-and-benefits-of-economic-growth-explain-fully--4441207.htm',
          'https://www.transtutors.com/questions/91-when-the-relative-prices-of-american-made-goods-go-up-the-result-is-a-an-increase-4441206.htm',
          'https://www.transtutors.com/questions/101-what-is-the-shape-of-the-long-run-aggregate-supply-curve-why-102-what-is-the-lon-4441205.htm',
          'https://www.transtutors.com/questions/110-quot-world-population-will-be-close-to-9-3-billion-by-2050-close-to-a-30-increas-4441204.htm',
          'https://www.transtutors.com/questions/108-where-does-profit-enter-in-the-circular-flow-why-109-define-and-explain-gross-do-4441203.htm',
          'https://www.transtutors.com/questions/109-who-is-harmed-by-inflation-and-who-benefits-how-can-banks-and-workers-protect-th-4441202.htm',
          'https://www.transtutors.com/questions/106-what-is-the-real-balance-effect-of-an-increase-in-the-price-level-107-how-does-a-4441201.htm',
          'https://www.transtutors.com/questions/1-the-observation-that-goods-and-services-flow-in-one-direction-and-money-payments-f-4441200.htm',
          'https://www.transtutors.com/questions/11-the-circular-flow-model-shows-that-consumer-goods-and-services-produced-by-busine-4441199.htm',
          'https://www.transtutors.com/questions/111-describe-in-detail-how-the-labour-market-interacts-with-the-long-run-aggregate-s-4441198.htm',
          'https://www.transtutors.com/questions/81-if-all-factors-that-affect-total-planned-real-expenditures-are-unchanged-so-that--4441197.htm',
          'https://www.transtutors.com/questions/119-we-always-hear-about-individual-and-contractors-working-quot-under-the-table-quo-4441196.htm',
          'https://www.transtutors.com/questions/105-quot-unemployment-rates-are-at-an-all-time-high-for-canada-13-nationally-quot-gi-4441195.htm',
          'https://www.transtutors.com/questions/41-one-reason-that-the-aggregate-demand-curve-slopes-downward-is-because-a-higher-pr-4441194.htm',
          'https://www.transtutors.com/questions/61-if-exports-were-to-rise-and-imports-to-fall-leading-to-an-increase-in-quantity-de-4441193.htm',
          'https://www.transtutors.com/questions/31-which-of-the-following-is-an-example-of-the-gross-private-domestic-investment-com-4441192.htm',
          'https://www.transtutors.com/questions/101-what-is-the-human-development-index-hdi-and-what-does-it-measure-102-explain-the-4441191.htm',
          'https://www.transtutors.com/questions/91-the-transformation-of-something-new-such-as-an-invention-into-something-that-bene-4441190.htm',
          'https://www.transtutors.com/questions/preferred-budgets-in-millions-5-6-7-8-9-10-11-number-of-voters-in-thousands-6-10-16--4441189.htm',
          'https://www.transtutors.com/questions/91-if-the-actual-inflation-rate-is-less-than-the-anticipated-inflation-rate-then-the-4441188.htm',
          'https://www.transtutors.com/questions/71-which-of-the-following-measures-gives-the-earliest-warning-of-increasing-inflatio-4441187.htm',
          'https://www.transtutors.com/questions/21-in-figure-6-1-a-movement-from-point-a-to-point-b-can-be-explained-by-a-an-increas-4441186.htm',
          'https://www.transtutors.com/questions/100-inflation-can-cause-a-misallocation-of-resources-because-101-with-the-aid-of-a-d-4441185.htm',
          'https://www.transtutors.com/questions/106-would-a-new-growth-theorist-expect-economic-growth-to-be-very-rapid-in-one-of-th-4441184.htm',
          'https://www.transtutors.com/questions/112-describe-the-pattern-of-business-cycles-explain-fully-and-comment-on-the-positio-4441183.htm',
          'https://www.transtutors.com/questions/101-suppose-gdp-is-equal-to-440-billion-in-two-countries-and-that-country-a-has-100--4441182.htm',
          'https://www.transtutors.com/questions/61-according-to-table-5-4-net-domestic-product-is-a-3-100-b-3-750-c-3-200-d-3-465-62-4441181.htm',
          'https://www.transtutors.com/questions/51-if-all-other-factors-are-held-constant-an-increase-in-imports-a-causes-an-increas-4441180.htm',
          'https://www.transtutors.com/questions/91-to-determine-how-well-an-economy-is-doing-it-is-better-to-use-a-nominal-gdp-figur-4441179.htm',
          'https://www.transtutors.com/questions/recall-the-application-about-the-unisex-pricing-policy-for-automobile-insurance-in-t-4441178.htm',
          'https://www.transtutors.com/questions/1-an-increase-in-growth-rates-will-cause-the-production-possibilities-curve-to-a-shi-4441177.htm',
          'https://www.transtutors.com/questions/31-the-labour-force-participation-rate-shows-the-percentage-of-a-people-not-working--4441176.htm',
          'https://www.transtutors.com/questions/112-explain-the-two-main-methods-used-to-measure-gdp-113-how-is-interest-measured-wh-4441175.htm',
          'https://www.transtutors.com/questions/61-last-year-a-cd-had-a-price-of-12-and-this-year-it-is-15-which-of-the-following-do-4441174.htm',
          'https://www.transtutors.com/questions/41-calculating-gdp-by-the-expenditure-approach-requires-summing-the-value-of-a-all-i-4441173.htm',
          'https://www.transtutors.com/questions/81-suppose-net-domestic-product-is-4-8-million-government-and-business-transfer-paym-4441172.htm',
          'https://www.transtutors.com/questions/81-the-development-of-a-strain-of-wheat-that-will-yield-two-crops-per-year-rather-th-4441171.htm',
          'https://www.transtutors.com/questions/21-in-table-7-2-which-country-had-the-highest-growth-rate-of-real-gdp-from-1999-to-2-4441170.htm'],
 'project': ['trans'],
 'referring_link': ['https://www.transtutors.com/questions/economics/251/'],
 'spider': ['trans_links']}
2020-02-05 23:30:32 [scrapy.core.engine] DEBUG: Crawled (200) <GET https://www.transtutors.com/questions/economics/253/> (referer: https://www.google.com/) ['cached']
2020-02-05 23:30:32 [scrapy.core.scraper] DEBUG: Scraped from <200 https://www.transtutors.com/questions/economics/252/>
{'category': ['economy'],
 'date': [datetime.datetime(2020, 2, 5, 23, 30, 32, 469517)],
 'link': ['https://www.transtutors.com/questions/1-the-long-run-aggregate-supply-curve-is-a-horizontal-at-the-full-employment-level-o-4441169.htm',
          'https://www.transtutors.com/questions/51-which-of-the-following-is-a-factor-which-determines-the-shape-of-the-aggregate-de-4441168.htm',
          'https://www.transtutors.com/questions/recall-the-application-about-labor-agreements-and-salaries-in-the-nba-to-answer-the--4441167.htm',
          'https://www.transtutors.com/questions/51-a-recession-causes-a-decrease-in-the-demand-for-housing-resulting-in-substantial--4441166.htm',
          'https://www.transtutors.com/questions/81-unanticipated-negative-inflation-will-create-a-losses-for-creditors-and-gains-for-4441165.htm',
          'https://www.transtutors.com/questions/21-the-unemployment-rate-will-decrease-when-a-the-duration-of-unemployment-increases-4441164.htm',
          'https://www.transtutors.com/questions/115-what-is-the-difference-between-gdp-and-gnp-if-canadians-generate-the-same-income-4441163.htm',
          'https://www.transtutors.com/questions/71-because-we-have-full-employment-at-the-level-of-potential-output-a-aggregate-dema-4441162.htm',
          'https://www.transtutors.com/questions/71-non-income-expense-items-included-in-the-gdp-calculation-include-a-depreciation-a-4441161.htm',
          'https://www.transtutors.com/questions/21-which-of-the-following-is-included-in-gdp-a-the-buying-and-selling-of-securities--4441160.htm',
          'https://www.transtutors.com/questions/table-7-1-1996200019962000-real-gdpreal-gdppopulationpopulation--4441159.htm',
          'https://www.transtutors.com/questions/41-which-one-of-the-following-individuals-would-be-classified-as-structurally-unempl-4441158.htm',
          'https://www.transtutors.com/questions/31-if-other-factors-are-held-constant-an-increase-in-the-price-level-a-causes-the-qu-4441157.htm',
          'https://www.transtutors.com/questions/21-in-figure-9-1-line-ebd-is-called-a-the-45-degree-line-b-the-consumption-function--4441156.htm',
          'https://www.transtutors.com/questions/101-distinguish-between-the-short-run-and-long-run-aggregate-supply-curves-102-what--4441155.htm',
          'https://www.transtutors.com/questions/11-as-the-cost-of-automobile-insurance-rises-good-drivers-might-reduce-their-coverag-4441154.htm',
          'https://www.transtutors.com/questions/71-in-figure-9-4-at-an-income-level-of-y1-and-planned-expenditures-of-c-i-1-the-leve-4441153.htm',
          'https://www.transtutors.com/questions/110-how-can-a-country-experience-economic-growth-and-stable-prices-111-derive-the-sr-4441152.htm',
          'https://www.transtutors.com/questions/129-in-your-own-words-explain-the-multiplier-process-under-what-conditions-would-the-4441151.htm',
          'https://www.transtutors.com/questions/41-whenever-average-output-produced-per-worker-during-a-specific-time-period-decreas-4441150.htm',
          'https://www.transtutors.com/questions/91-if-equilibrium-income-is-400-billion-mpc-0-9-and-autonomous-investment-increases--4441149.htm',
          'https://www.transtutors.com/questions/121-explain-the-relationship-between-real-national-income-and-planned-expenditures-w-4441148.htm',
          'https://www.transtutors.com/questions/1-short-run-changes-in-the-price-level-can-affect-real-output-because-a-supply-curve-4441147.htm',
          'https://www.transtutors.com/questions/41-in-table-9-3-savings-equal-zero-when-real-disposable-income-equals-a-0-b-200-c-30-4441146.htm',
          'https://www.transtutors.com/questions/91-if-the-aggregate-demand-curve-in-figure-8-5-is-d5-the-economy-will-be-experiencin-4441145.htm',
          'https://www.transtutors.com/questions/71-the-less-certain-property-rights-are-a-the-more-people-need-to-invest-in-educatio-4441144.htm',
          'https://www.transtutors.com/questions/1-which-of-the-following-statements-is-false-a-disposable-income-saving-consumption--4441143.htm',
          'https://www.transtutors.com/questions/117-what-are-the-simplifying-assumptions-that-are-made-in-the-keynesian-model-118-wh-4441142.htm',
          'https://www.transtutors.com/questions/51-productivity-is-if-we-produce-less-output-with-the-same-labour-hours-a-increasing-4441141.htm',
          'https://www.transtutors.com/questions/41-the-protection-of-the-earth-39-s-ozone-layer-is-an-example-of-a-public-good-42-fo-4441140.htm',
          'https://www.transtutors.com/questions/65-the-text-describes-three-different-quot-degrees-quot-of-price-discrimination-of-t-4441139.htm',
          'https://www.transtutors.com/questions/51-the-long-run-aggregate-supply-curve-will-shift-to-the-right-when-a-population-inc-4441138.htm',
          'https://www.transtutors.com/questions/125-what-effect-does-a-higher-aggregate-price-level-have-on-tpe-and-aggregate-demand-4441137.htm',
          'https://www.transtutors.com/questions/106-suppose-real-gdp-is-equal-to-potential-gdp-explain-what-happens-if-the-aggregate-4441136.htm',
          'https://www.transtutors.com/questions/21-the-price-level-is-measured-on-the-vertical-axis-of-the-a-aggregate-demand-curve--4441135.htm',
          'https://www.transtutors.com/questions/101-if-the-marginal-propensity-to-consume-is-0-8-the-multiplier-will-be-a-0-8-b-1-c--4441134.htm',
          'https://www.transtutors.com/questions/31-the-positive-relationship-between-the-short-run-aggregate-supply-function-and-the-4441133.htm',
          'https://www.transtutors.com/questions/51-the-arithmetic-value-of-1-mpc-equals-a-apc-b-mps-c-aps-d-nnp-52-the-ratio-of-the--4441132.htm',
          'https://www.transtutors.com/questions/31-with-economic-growth-there-is-a-a-movement-along-the-production-possibilities-cur-4441131.htm',
          'https://www.transtutors.com/questions/61-a-higher-rate-of-savings-should-lead-to-a-higher-current-consumption-b-less-growt-4441130.htm',
          'https://www.transtutors.com/questions/73-suppose-that-your-local-government-provides-drinking-water-and-charges-a-10-cent--4441129.htm',
          'https://www.transtutors.com/questions/51-compared-to-the-united-states-canada-s-government-has-been-far-more-inclined-to-g-4441128.htm',
          'https://www.transtutors.com/questions/111-if-the-aggregate-supply-curve-is-upward-sloping-then-increases-in-aggregate-dema-4441127.htm',
          'https://www.transtutors.com/questions/51-the-labor-force-is-100-million-and-the-unemployment-rate-is-5-percent-one-million-4441126.htm',
          'https://www.transtutors.com/questions/102-using-the-foreign-exchange-market-diagram-graphically-illustrate-and-explain-the-4441125.htm',
          'https://www.transtutors.com/questions/89-you-have-the-following-information-on-personal-consumption-expenditures-c-and-dis-4441124.htm',
          'https://www.transtutors.com/questions/82-u-s-import-spending-is-not-affected-by-u-s-real-income-but-is-influenced-by-the-e-4441123.htm',
          'https://www.transtutors.com/questions/98-the-labor-force-in-country-xyz-is-10-000-000-and-the-number-of-employed-is-7-000--4441122.htm',
          'https://www.transtutors.com/questions/59-the-increase-in-income-generated-by-the-additional-government-expenditure-decreas-4441121.htm',
          'https://www.transtutors.com/questions/69-federal-spending-and-taxation-both-affect-and-are-influenced-by-the-overall-level-4441120.htm'],
 'project': ['trans'],
 'referring_link': ['https://www.transtutors.com/questions/economics/252/'],
 'spider': ['trans_links']}
2020-02-05 23:30:32 [scrapy.core.engine] DEBUG: Crawled (200) <GET https://www.transtutors.com/questions/economics/254/> (referer: https://www.google.com/) ['cached']
2020-02-05 23:30:32 [scrapy.core.scraper] DEBUG: Scraped from <200 https://www.transtutors.com/questions/economics/253/>
{'category': ['economy'],
 'date': [datetime.datetime(2020, 2, 5, 23, 30, 32, 616342)],
 'link': ['https://www.transtutors.com/questions/95-the-following-data-summarize-the-expenditures-for-the-country-of-xyz-during-2003--4441119.htm',
          'https://www.transtutors.com/questions/102-you-are-given-the-following-information-on-the-macroeconomy-in-millions-dollars--4441118.htm',
          'https://www.transtutors.com/questions/60-gdp-may-be-computed-using-the-expenditure-or-value-added-approaches-61-u-s-gdp-ex-4441117.htm',
          'https://www.transtutors.com/questions/80-the-bls-obtains-employment-information-from-a-monthly-survey-of-a-sample-of-appro-4441116.htm',
          'https://www.transtutors.com/questions/74-real-demand-for-money-is-positively-related-to-the-level-of-real-income-in-the-ec-4441115.htm',
          'https://www.transtutors.com/questions/table-11-1-durable-goods-consumption-expenditures-350-nondurable-goods-consumption-e-4441114.htm',
          'https://www.transtutors.com/questions/recall-the-application-about-the-free-agent-market-for-professional-baseball-pitcher-4441113.htm',
          'https://www.transtutors.com/questions/95-what-factors-will-shift-the-aggregate-expenditure-function-for-a-given-level-of-r-4441112.htm',
          'https://www.transtutors.com/questions/79-the-horizontal-portion-of-the-short-run-aggregate-supply-curve-reflects-the-keyne-4441111.htm',
          'https://www.transtutors.com/questions/98-in-the-summer-of-2013-many-news-commentators-started-to-raise-concern-over-a-pote-4441110.htm',
          'https://www.transtutors.com/questions/70-the-largest-expenditure-component-in-the-u-s-is-investment-expenditures-71-change-4441109.htm',
          'https://www.transtutors.com/questions/72-business-investment-is-usually-more-volatile-than-overall-economic-growth-73-a-fi-4441108.htm',
          'https://www.transtutors.com/questions/21-consider-a-market-in-which-some-high-quality-goods-are-sold-but-not-as-many-as-if-4441107.htm',
          'https://www.transtutors.com/questions/62-potential-gdp-measures-the-capacity-of-the-economy-in-terms-of-the-actual-goods-a-4441106.htm',
          'https://www.transtutors.com/questions/81-define-the-three-functions-of-money-82-describe-the-fractional-reserve-banking-sy-4441105.htm',
          'https://www.transtutors.com/questions/88-in-the-context-of-the-money-market-graphically-illustrate-and-explain-the-impact--4441104.htm',
          'https://www.transtutors.com/questions/86-equilibrium-in-the-foreign-exchange-market-implies-equilibrium-in-the-balance-of--4441103.htm',
          'https://www.transtutors.com/questions/64-open-market-sale-of-government-securities-by-the-fed-decreases-the-federal-funds--4441102.htm',
          'https://www.transtutors.com/questions/54-credit-cards-do-not-fulfill-the-three-functions-of-money-55-a-subway-token-does-n-4441101.htm',
          'https://www.transtutors.com/questions/56-quot-demand-quot-refers-to-the-relationship-between-the-price-of-a-good-and-the-q-4441100.htm',
          'https://www.transtutors.com/questions/86-define-the-concept-of-demand-and-explain-on-an-intuitive-level-why-the-demand-cur-4441099.htm',
          'https://www.transtutors.com/questions/106-what-is-the-difference-between-a-sterilized-and-non-sterilized-central-bank-inte-4441098.htm',
          'https://www.transtutors.com/questions/34-mcdonald-39-s-can-offset-the-decline-in-demand-by-influencing-the-different-varia-4441097.htm',
          'https://www.transtutors.com/questions/93-the-demand-and-supply-functions-for-sweatshirts-the-basic-grey-kind-are-as-follow-4441096.htm',
          'https://www.transtutors.com/questions/83-over-time-the-price-of-personal-computers-has-fallen-dramatically-all-else-consta-4441095.htm',
          'https://www.transtutors.com/questions/recall-the-application-about-the-relationship-between-consumer-search-and-income-to--4441094.htm',
          'https://www.transtutors.com/questions/63-observations-of-consumer-behavior-suggest-that-when-the-price-of-gasoline-rose-ab-4441093.htm',
          'https://www.transtutors.com/questions/83-all-else-constant-if-the-use-of-historic-costs-understates-the-opportunity-costs--4441092.htm',
          'https://www.transtutors.com/questions/76-all-else-constant-an-increase-in-the-incomes-of-consumers-in-the-market-for-diamo-4441091.htm',
          'https://www.transtutors.com/questions/36-reliance-on-expert-opinion-to-predict-consumer-behavior-has-the-advantage-of-bein-4441090.htm',
          'https://www.transtutors.com/questions/66-a-trade-surplus-exists-if-export-spending-is-less-than-import-spending-67-an-inde-4441089.htm',
          'https://www.transtutors.com/questions/56-briefly-describe-the-three-key-points-managers-must-consider-when-using-expert-op-4441088.htm',
          'https://www.transtutors.com/questions/73-the-total-revenue-from-the-sale-of-a-good-or-service-is-calculated-by-multiplying-4441087.htm',
          'https://www.transtutors.com/questions/109-calculate-the-arc-price-elasticity-of-demand-for-wheat-in-the-two-situations-bel-4441086.htm',
          'https://www.transtutors.com/questions/24-mcdonalds-kept-its-u-s-based-menu-when-entering-the-chinese-market-25-multination-4441085.htm',
          'https://www.transtutors.com/questions/93-based-on-empirical-evidence-the-quot-farm-problem-quot-that-has-confronted-u-s-po-4441084.htm',
          'https://www.transtutors.com/questions/46-the-overall-predictive-power-of-the-estimated-regression-equation-is-measured-by--4441083.htm',
          'https://www.transtutors.com/questions/66-the-supply-of-a-good-is-a-function-of-price-and-the-demand-for-the-good-67-all-el-4441082.htm',
          'https://www.transtutors.com/questions/17-insurance-policies-in-which-each-firm-pays-a-different-price-for-medical-insuranc-4441081.htm',
          'https://www.transtutors.com/questions/103-provide-a-simple-definition-of-the-price-elasticity-of-demand-and-explain-why-kn-4441080.htm',
          'https://www.transtutors.com/questions/97-florence-is-considering-going-into-business-for-herself-and-has-developed-the-fol-4441079.htm',
          'https://www.transtutors.com/questions/76-if-net-capital-flow-were-zero-for-a-country-then-exports-would-not-equal-imports--4441078.htm',
          'https://www.transtutors.com/questions/20-governments-require-immunizations-of-school-children-and-offer-immunization-shots-4441077.htm',
          'https://www.transtutors.com/questions/41-in-2008-how-many-russians-lived-below-the-poverty-level-a-50-b-14-c-2-d-80-e-30-4-4441076.htm',
          'https://www.transtutors.com/questions/scenario-2-below-is-a-multiple-regression-in-which-the-dependent-variable-is-market--4441075.htm',
          'https://www.transtutors.com/questions/92-the-proposed-merger-between-staples-and-office-depot-and-the-ftc-39-s-opposition--4441074.htm',
          'https://www.transtutors.com/questions/41-the-justice-department-is-most-likely-to-oppose-a-proposed-merger-on-the-basis-of-4441073.htm',
          'https://www.transtutors.com/questions/63-a-firm-39-s-production-function-is-the-relationship-between-the-factors-of-produc-4441072.htm',
          'https://www.transtutors.com/questions/15-2-private-goods-with-external-benefits-1-the-benefit-from-a-good-experienced-by-p-4441071.htm',
          'https://www.transtutors.com/questions/105-assume-the-production-technology-changes-for-a-good-that-is-currently-produced-i-4441070.htm'],
 'project': ['trans'],
 'referring_link': ['https://www.transtutors.com/questions/economics/253/'],
 'spider': ['trans_links']}
2020-02-05 23:30:32 [scrapy.core.engine] DEBUG: Crawled (200) <GET https://www.transtutors.com/questions/economics/255/> (referer: https://www.google.com/) ['cached']
2020-02-05 23:30:32 [scrapy.core.scraper] DEBUG: Scraped from <200 https://www.transtutors.com/questions/economics/254/>
{'category': ['economy'],
 'date': [datetime.datetime(2020, 2, 5, 23, 30, 32, 759601)],
 'link': ['https://www.transtutors.com/questions/62-according-to-the-kinked-demand-curve-model-regardless-of-whether-a-firm-increases-4441069.htm',
          'https://www.transtutors.com/questions/scenario-3-total-product-q-01-2-3-4-5-6-total-cost-tc-50-80-105-125-155-195-250-51--4441068.htm',
          'https://www.transtutors.com/questions/31-the-term-quot-network-externality-quot-refers-to-a-barrier-to-entry-that-exists-b-4441067.htm',
          'https://www.transtutors.com/questions/85-an-isoquant-identifies-all-of-the-combinations-of-two-inputs-that-result-in-the-s-4441066.htm',
          'https://www.transtutors.com/questions/preferred-budgets-in-millions-4-5-6-7-8-9-10-number-of-voters-in-thousands-5-16-25-3-4441064.htm',
          'https://www.transtutors.com/questions/72-consumers-lose-when-a-market-is-served-by-a-monopolist-to-the-extent-that-units-o-4441063.htm',
          'https://www.transtutors.com/questions/90-assume-a-firm-is-producing-1000-units-of-a-good-by-using-two-inputs-capital-and-l-4441062.htm',
          'https://www.transtutors.com/questions/92-explain-the-essential-difference-between-games-in-which-moves-are-simultaneous-an-4441061.htm',
          'https://www.transtutors.com/questions/105-the-sherman-act-and-the-clayton-act-were-passed-into-law-more-than-100-years-ago-4441060.htm',
          'https://www.transtutors.com/questions/87-what-is-the-significance-of-the-mutual-interdependence-among-the-firms-in-an-olig-4441059.htm',
          'https://www.transtutors.com/questions/65-evidence-suggests-that-as-the-amount-of-market-power-possessed-by-the-firms-in-an-4441058.htm',
          'https://www.transtutors.com/questions/63-as-the-case-study-in-the-text-illustrates-individual-firms-in-the-potato-industry-4441057.htm',
          'https://www.transtutors.com/questions/73-for-a-typical-short-run-production-function-so-long-as-marginal-product-is-increa-4441056.htm',
          'https://www.transtutors.com/questions/96-summarize-the-characteristics-of-a-perfectly-competitive-market-97-what-assumptio-4441055.htm',
          'https://www.transtutors.com/questions/62-any-firm-that-operates-in-an-imperfectly-competitive-market-faces-a-downward-slop-4441054.htm',
          'https://www.transtutors.com/questions/73-when-a-firm-decides-to-shut-down-in-the-short-run-its-losses-are-limited-to-its-f-4441053.htm',
          'https://www.transtutors.com/questions/96-explain-how-quot-learning-by-doing-quot-and-transportation-costs-each-affect-the--4441052.htm',
          'https://www.transtutors.com/questions/55-in-the-long-run-production-function-all-of-the-inputs-to-the-production-process-a-4441051.htm',
          'https://www.transtutors.com/questions/101-compare-and-contrast-the-outcomes-with-respect-to-price-and-output-in-a-monopoli-4441050.htm',
          'https://www.transtutors.com/questions/11-health-insurance-companies-are-often-at-an-advantage-because-they-must-pick-from--4441049.htm',
          'https://www.transtutors.com/questions/21-which-of-the-following-is-not-a-barrier-to-entry-that-is-created-by-government-a--4441048.htm',
          'https://www.transtutors.com/questions/52-because-each-firm-has-a-relatively-large-share-of-the-market-the-actions-of-one-f-4441047.htm',
          'https://www.transtutors.com/questions/51-which-of-the-arguments-staples-and-office-depot-made-in-defense-of-their-proposed-4441046.htm',
          'https://www.transtutors.com/questions/75-one-of-the-primary-sources-of-diseconomies-of-scale-is-the-inefficiencies-associa-4441045.htm',
          'https://www.transtutors.com/questions/83-assume-the-firms-in-a-perfectly-competitive-market-are-initially-incurring-econom-4441044.htm',
          'https://www.transtutors.com/questions/68-public-goods-are-always-provided-by-the-government-because-private-markets-do-not-4441043.htm',
          'https://www.transtutors.com/questions/82-studies-suggest-that-brand-loyalty-is-based-primarily-on-real-differences-among-c-4441042.htm',
          'https://www.transtutors.com/questions/72-assume-that-in-an-effort-to-discourage-competitors-firm-x-has-lowered-its-price-b-4441041.htm',
          'https://www.transtutors.com/questions/recall-the-application-about-the-benefits-generated-when-one-country-gathers-informa-4441040.htm',
          'https://www.transtutors.com/questions/21-what-is-the-dominant-religion-in-latin-america-a-catholic-b-protestant-c-islam-d--4441039.htm',
          'https://www.transtutors.com/questions/31-one-reason-that-the-aggregate-demand-curve-has-a-negative-slope-is-that-when-the--4441038.htm',
          'https://www.transtutors.com/questions/118-higher-resource-prices-shift-the-a-long-run-aggregate-supply-curve-leftward-decr-4441037.htm',
          'https://www.transtutors.com/questions/recall-the-application-about-the-free-agent-market-for-professional-baseball-pitcher-4441036.htm',
          'https://www.transtutors.com/questions/79-the-marginal-propensity-to-consume-is-a-the-slope-of-the-savings-function-b-never-4441035.htm',
          'https://www.transtutors.com/questions/78-the-land-of-ur-increases-its-capital-stock-as-a-result-the-long-run-aggregate-sup-4441034.htm',
          'https://www.transtutors.com/questions/60-in-a-change-to-immigration-policy-during-2012-quot-people-younger-than-30-who-cam-4441033.htm',
          'https://www.transtutors.com/questions/88-an-increase-in-the-money-wage-rate-a-increases-the-long-run-aggregate-supply-b-de-4441032.htm',
          'https://www.transtutors.com/questions/recall-the-application-about-how-having-car-insurance-affects-driving-behavior-to-an-4441031.htm',
          'https://www.transtutors.com/questions/20-what-happens-if-the-economy-is-at-its-long-run-equilibrium-and-aggregate-demand-i-4441030.htm',
          'https://www.transtutors.com/questions/47-which-of-the-following-issues-prominent-in-the-presidential-election-of-2012-shif-4441029.htm',
          'https://www.transtutors.com/questions/14-3-adverse-selection-for-sellers-insurance-1-health-insurance-companies-face-an-as-4441028.htm',
          'https://www.transtutors.com/questions/89-the-size-of-the-marginal-propensity-to-save-a-is-negative-if-dissaving-is-present-4441027.htm',
          'https://www.transtutors.com/questions/disposable-income-thousands-of-dollars-consumption-expenditure-thousands-of-dollars--4441026.htm',
          'https://www.transtutors.com/questions/33-along-a-short-run-aggregate-supply-curve-a-decrease-in-the-price-level-means-that-4441025.htm',
          'https://www.transtutors.com/questions/17-explain-the-relationships-between-real-gdp-aggregate-planned-expenditure-induced--4441024.htm',
          'https://www.transtutors.com/questions/31-if-real-disposable-income-increases-by-1500-consumption-expenditures-will-a-stay--4441023.htm',
          'https://www.transtutors.com/questions/59-the-vertical-distance-between-the-45-degree-line-and-the-consumption-line-represe-4441022.htm',
          'https://www.transtutors.com/questions/14-4-insurance-and-moral-hazard-1-a-situation-in-which-one-side-of-an-economic-relat-4441021.htm',
          'https://www.transtutors.com/questions/real-gdp-trillions-of-2005-dollars-aggregate-expenditure-trillions-of-2005-dollars-0-4441020.htm',
          'https://www.transtutors.com/questions/8-numeric-and-graphing-questions-disposable-income-trillions-of-2005-dollars-consump-4441019.htm'],
 'project': ['trans'],
 'referring_link': ['https://www.transtutors.com/questions/economics/254/'],
 'spider': ['trans_links']}
2020-02-05 23:30:32 [scrapy.core.engine] DEBUG: Crawled (200) <GET https://www.transtutors.com/questions/economics/256/> (referer: https://www.google.com/) ['cached']
2020-02-05 23:30:32 [scrapy.core.scraper] DEBUG: Scraped from <200 https://www.transtutors.com/questions/economics/255/>
{'category': ['economy'],
 'date': [datetime.datetime(2020, 2, 5, 23, 30, 32, 936037)],
 'link': ['https://www.transtutors.com/questions/69-the-marginal-propensity-to-consume-refers-to-a-the-additional-saving-that-occurs--4441018.htm',
          'https://www.transtutors.com/questions/22-if-unplanned-inventory-changes-are-positive-what-is-the-relationship-between-aggr-4441017.htm',
          'https://www.transtutors.com/questions/49-when-disposable-income-equals-800-billion-planned-consumption-expenditure-equals--4441016.htm',
          'https://www.transtutors.com/questions/32-what-is-the-relationship-between-the-mpc-and-the-slope-of-the-ae-curve-33-what-is-4441015.htm',
          'https://www.transtutors.com/questions/21-which-of-the-following-leads-to-a-rightward-shift-in-the-short-run-phillips-curve-4441014.htm',
          'https://www.transtutors.com/questions/27-how-does-the-economy-adjust-so-that-aggregate-planned-expenditure-equals-real-gdp-4441013.htm',
          'https://www.transtutors.com/questions/31-this-was-the-predominant-economic-system-in-europe-before-1500-a-feudalism-b-capi-4441012.htm',
          'https://www.transtutors.com/questions/38-quot-if-the-income-tax-rate-is-high-enough-the-multiplier-can-be-negative-quot-is-4441011.htm',
          'https://www.transtutors.com/questions/39-if-taxes-exactly-equaled-government-outlays-the-a-federal-government-debt-would-b-4441010.htm',
          'https://www.transtutors.com/questions/18-which-of-the-following-is-not-a-potential-start-of-a-demand-pull-inflation-a-an-i-4441009.htm',
          'https://www.transtutors.com/questions/49-the-sum-of-past-budget-deficits-minus-the-sum-of-past-budget-surpluses-refers-to--4441008.htm',
          'https://www.transtutors.com/questions/17-quot-the-long-run-phillips-curve-is-downward-sloping-quot-is-the-previous-stateme-4441007.htm',
          'https://www.transtutors.com/questions/component-dollars-billion-personal-income-taxes-500-social-security-taxes-400-corpor-4441006.htm',
          'https://www.transtutors.com/questions/year-government-tax-revenues-billions-of-dollars-government-expenditures-billions-of-4441005.htm',
          'https://www.transtutors.com/questions/14-5-the-economics-of-consumer-search-1-when-john-in-searching-for-a-particular-prod-4441004.htm',
          'https://www.transtutors.com/questions/22-when-the-expected-inflation-rate-changes-what-happens-to-the-short-run-phillips-c-4441003.htm',
          'https://www.transtutors.com/questions/6-essay-questions-1-why-does-the-fed-pursue-price-stability-as-its-ultimate-goal-2-d-4441002.htm',
          'https://www.transtutors.com/questions/discovered-price-120-105-110-probability-of-discovering-a-lower-price-in-next-visit--4441001.htm',
          'https://www.transtutors.com/questions/21-increasing-a-tariff-will-the-domestic-quantity-consumed-of-the-good-while-the-4441000.htm',
          'https://www.transtutors.com/questions/39-u-s-tariffs-in-the-peaked-in-a-1992-b-1961-c-1940-d-1933-40-since-1930-tariff-lev-4440999.htm',
          'https://www.transtutors.com/questions/49-an-import-quota-protects-domestic-producers-by-a-setting-a-limit-on-the-amount-of-4440998.htm',
          'https://www.transtutors.com/questions/recall-the-application-about-federal-quality-standards-in-the-market-for-kiwifruit-t-4440997.htm',
          'https://www.transtutors.com/questions/11-people-who-are-the-most-willing-to-pay-high-interest-rates-for-loans-may-have-bad-4440996.htm',
          'https://www.transtutors.com/questions/recall-the-application-about-federal-quality-standards-in-the-market-for-kiwifruit-t-4440995.htm',
          'https://www.transtutors.com/questions/11-this-natural-water-body-is-steadily-shrinking-as-a-result-of-diversion-of-water-f-4440994.htm',
          'https://www.transtutors.com/questions/41-government-can-support-agricultural-prices-by-a-subsidizing-imports-of-a-particul-4440993.htm',
          'https://www.transtutors.com/questions/59-a-difference-between-a-quota-and-a-tariff-is-that-with-a-quota-the-a-person-who-h-4440992.htm',
          'https://www.transtutors.com/questions/12-why-does-the-marginal-benefit-curve-have-a-negative-slope-13-explain-the-differen-4440991.htm',
          'https://www.transtutors.com/questions/18-what-is-a-command-and-control-policy-19-list-two-reasons-why-command-and-control--4440990.htm',
          'https://www.transtutors.com/questions/recall-the-application-about-the-external-cost-of-young-drivers-to-answer-the-follow-4440989.htm',
          'https://www.transtutors.com/questions/7-explain-the-connection-between-opportunity-cost-and-the-ppf-8-explain-why-the-prod-4440988.htm',
          'https://www.transtutors.com/questions/28-what-is-the-effect-on-the-price-and-quantity-of-a-product-if-both-the-demand-and--4440987.htm',
          'https://www.transtutors.com/questions/item-millions-of-dollars-personal-consumption-expenditure-80-government-expenditure--4440986.htm',
          'https://www.transtutors.com/questions/24-how-does-the-income-approach-measure-gdp-25-what-must-be-done-to-net-domestic-pro-4440985.htm',
          'https://www.transtutors.com/questions/16-5-external-costs-from-automobiles-1-in-the-u-s-automobile-pollution-is-regulated--4440984.htm',
          'https://www.transtutors.com/questions/39-quot-if-country-a-has-a-higher-level-of-real-gdp-per-person-than-country-b-then-p-4440983.htm',
          'https://www.transtutors.com/questions/7-what-are-the-categories-of-total-expenditure-8-how-do-firms-and-households-interac-4440982.htm',
          'https://www.transtutors.com/questions/34-list-and-explain-the-two-phases-and-two-turning-points-of-the-business-cycle-35-w-4440981.htm',
          'https://www.transtutors.com/questions/102-an-indirect-tax-is-exemplified-by-a-an-income-tax-b-a-sales-tax-c-a-subsidy-d-no-4440980.htm',
          'https://www.transtutors.com/questions/16-4-marketable-pollution-permits-1-which-of-the-following-is-a-way-of-how-the-gover-4440979.htm',
          'https://www.transtutors.com/questions/quot-life-expectancy-is-exceptionally-high-in-japan-scores-for-political-freedom-an-4440978.htm',
          'https://www.transtutors.com/questions/sulfur-dioxide-discharged-tons-firm-a-firm-b-10-8-000-9-000-9-10-000-12-000-8-15-000-4440977.htm',
          'https://www.transtutors.com/questions/13-what-is-the-relationship-between-gross-investment-net-investment-and-depreciation-4440976.htm',
          'https://www.transtutors.com/questions/28-is-it-possible-for-nominal-gdp-to-increase-while-real-gdp-does-not-change-29-can--4440975.htm',
          'https://www.transtutors.com/questions/government-purchases-of-goods-and-services-240-depreciation-240-gross-private-domest-4440974.htm',
          'https://www.transtutors.com/questions/item-billions-of-dollars-compensation-of-employees-80-net-interest-and-rental-income-4440973.htm',
          'https://www.transtutors.com/questions/5-essay-questions-1-define-and-discuss-gdp-2-how-does-the-production-of-a-u-s-firm-l-4440972.htm',
          'https://www.transtutors.com/questions/19-how-are-changes-in-inventory-treated-in-gdp-20-quot-to-calculate-gdp-economists-b-4440971.htm',
          'https://www.transtutors.com/questions/26-what-is-an-external-cost-27-what-role-can-the-government-play-in-correcting-for-e-4440970.htm',
          'https://www.transtutors.com/questions/61-the-central-region-accounts-for-about-25-of-the-russian-federation-39-s-textile-m-4440969.htm'],
 'project': ['trans'],
 'referring_link': ['https://www.transtutors.com/questions/economics/255/'],
 'spider': ['trans_links']}
2020-02-05 23:30:33 [scrapy.core.engine] DEBUG: Crawled (200) <GET https://www.transtutors.com/questions/economics/257/> (referer: https://www.google.com/) ['cached']
2020-02-05 23:30:33 [scrapy.core.scraper] DEBUG: Scraped from <200 https://www.transtutors.com/questions/economics/256/>
{'category': ['economy'],
 'date': [datetime.datetime(2020, 2, 5, 23, 30, 33, 90683)],
 'link': ['https://www.transtutors.com/questions/person-a-now-that-the-kids-are-in-school-for-a-full-day-this-person-is-looking-for-w-4440968.htm',
          'https://www.transtutors.com/questions/119-marginally-attached-workers-fall-into-which-of-the-following-population-categori-4440967.htm',
          'https://www.transtutors.com/questions/additional-application-for-the-first-seven-months-of-2006-stockholm-sweden-has-been--4440966.htm',
          'https://www.transtutors.com/questions/total-population-millions-currently-employed-millions-not-working-and-looking-for-wo-4440965.htm',
          'https://www.transtutors.com/questions/recall-the-application-about-the-response-of-new-york-city-cab-drivers-to-an-increas-4440964.htm',
          'https://www.transtutors.com/questions/component-number-of-people-millions-total-population-246-working-age-population-207--4440963.htm',
          'https://www.transtutors.com/questions/16-explain-the-difference-between-frictional-and-structural-unemployment-17-give-an--4440962.htm',
          'https://www.transtutors.com/questions/category-number-of-people-millions-total-population-246-working-age-population-207-l-4440961.htm',
          'https://www.transtutors.com/questions/22-what-is-the-relationship-between-the-natural-unemployment-rate-the-unemployment-r-4440960.htm',
          'https://www.transtutors.com/questions/49-gross-domestic-product-gdp-is-a-the-value-of-all-final-goods-and-services-produce-4440959.htm',
          'https://www.transtutors.com/questions/59-gross-investment-is-equal-to-a-depreciation-minus-net-investment-b-net-investment-4440958.htm',
          'https://www.transtutors.com/questions/73-the-percentage-of-people-employed-aged-16-years-and-older-divided-by-the-working--4440957.htm',
          'https://www.transtutors.com/questions/92-suppose-the-labor-force-in-tiny-town-is-100-people-if-the-in-tiny-town-is-150-peo-4440956.htm',
          'https://www.transtutors.com/questions/recall-the-application-about-how-the-price-of-pollution-permits-is-determined-to-ans-4440955.htm',
          'https://www.transtutors.com/questions/47-which-of-the-following-statements-is-correct-a-when-the-real-wage-increases-the-l-4440954.htm',
          'https://www.transtutors.com/questions/real-wage-rate-2005-dollars-per-hour-quantity-of-labor-demanded-billions-of-hours-pe-4440953.htm',
          'https://www.transtutors.com/questions/70-which-of-the-following-are-included-in-the-supply-of-loanable-funds-i-private-sav-4440952.htm',
          'https://www.transtutors.com/questions/recall-the-application-about-determining-the-optimal-level-of-methane-abatement-to-a-4440951.htm',
          'https://www.transtutors.com/questions/11-the-aggregate-production-function-a-measures-the-productivity-of-labor-as-leisure-4440950.htm',
          'https://www.transtutors.com/questions/27-which-of-the-following-statements-are-true-regarding-the-demand-for-labor-i-the-q-4440949.htm',
          'https://www.transtutors.com/questions/component-amount-billions-of-dollars-money-market-mutual-fund-deposits-4-400-time-de-4440948.htm',
          'https://www.transtutors.com/questions/99-credit-cards-are-a-money-but-are-not-a-large-part-of-the-money-supply-b-not-money-4440947.htm',
          'https://www.transtutors.com/questions/89-an-individual-wanting-the-most-liquid-asset-possible-will-hold-a-currency-b-a-sav-4440946.htm',
          'https://www.transtutors.com/questions/37-if-the-price-level-increases-but-workers-39-money-wage-rates-remain-constant-whic-4440945.htm',
          'https://www.transtutors.com/questions/recall-the-application-about-pollution-tax-variations-in-rural-and-urban-areas-to-an-4440944.htm',
          'https://www.transtutors.com/questions/90-which-of-the-following-will-shift-the-supply-of-loanable-funds-curve-leftward-a-a-4440943.htm',
          'https://www.transtutors.com/questions/real-wage-rate-2005-dollars-per-hour-quantity-of-labor-demanded-billions-of-hours-pe-4440942.htm',
          'https://www.transtutors.com/questions/real-wage-rate-2005-dollars-per-hour-quantity-of-labor-demanded-billions-of-hours-pe-4440941.htm',
          'https://www.transtutors.com/questions/80-which-of-the-following-is-correct-a-as-disposable-income-increases-the-real-inter-4440940.htm',
          'https://www.transtutors.com/questions/61-the-plight-of-internally-displaced-persons-idps-is-better-than-refugees-because-t-4440939.htm',
          'https://www.transtutors.com/questions/50-what-is-the-equation-of-exchange-suppose-that-real-gdp-and-velocity-are-constant--4440938.htm',
          'https://www.transtutors.com/questions/48-an-increase-in-the-currency-drain-a-leads-to-an-increase-in-excess-reserves-b-dec-4440937.htm',
          'https://www.transtutors.com/questions/7-are-checks-money-8-quot-credit-cards-are-considered-money-because-they-serve-to-pu-4440936.htm',
          'https://www.transtutors.com/questions/24-quot-because-monetary-policy-must-be-approved-by-the-president-of-the-united-stat-4440935.htm',
          'https://www.transtutors.com/questions/assets-liabilities-reserves-100-loans-600-total-700-deposits-400-net-worth-300-total-4440934.htm',
          'https://www.transtutors.com/questions/7-a-bank-has-reserves-of-50-deposits-of-100-loans-of-20-and-government-securities-of-4440933.htm',
          'https://www.transtutors.com/questions/19-briefly-describe-the-federal-reserve-system-how-it-is-governed-and-its-roles-in-t-4440932.htm',
          'https://www.transtutors.com/questions/29-quot-when-the-fed-buys-securities-from-a-bank-the-quantity-of-money-eventually-de-4440931.htm',
          'https://www.transtutors.com/questions/8-essay-questions-1-define-money-and-list-its-functions-2-what-are-the-three-functio-4440930.htm',
          'https://www.transtutors.com/questions/16-1-the-optimal-level-of-pollution-1-if-while-producing-goods-and-services-a-factor-4440929.htm',
          'https://www.transtutors.com/questions/13-quot-by-definition-all-parts-of-m2-are-money-quot-is-the-previous-statement-corre-4440928.htm',
          'https://www.transtutors.com/questions/38-a-bank-can-only-make-a-loan-if-it-has-a-excess-reserves-b-a-creditworthy-customer-4440927.htm',
          'https://www.transtutors.com/questions/58-if-an-increase-in-the-monetary-base-of-8-billion-increases-the-quantity-of-money--4440926.htm',
          'https://www.transtutors.com/questions/21-give-an-example-where-individuals-quot-vote-with-their-feet-quot-in-choosing-amon-4440925.htm',
          'https://www.transtutors.com/questions/component-amount-billions-of-dollars-investment-i-700-net-taxes-t-1-300-government-e-4440924.htm',
          'https://www.transtutors.com/questions/investor-expected-future-value-of-a-dollar-francs-per-dollar-investor-a-120-investor-4440923.htm',
          'https://www.transtutors.com/questions/100-a-net-exports-deficit-or-surplus-equals-a-taxes-minus-savings-plus-public-and-pr-4440922.htm',
          'https://www.transtutors.com/questions/38-the-dollar-is-regarded-as-the-quot-safe-haven-quot-currency-investors-flock-to-it-4440921.htm',
          'https://www.transtutors.com/questions/5-news-based-questions-1-when-the-u-s-government-buys-aircraft-from-bae-a-british-co-4440920.htm',
          'https://www.transtutors.com/questions/70-suppose-this-year-angola-borrows-100-million-from-foreign-countries-while-it-lend-4440919.htm'],
 'project': ['trans'],
 'referring_link': ['https://www.transtutors.com/questions/economics/256/'],
 'spider': ['trans_links']}
2020-02-05 23:30:33 [scrapy.core.engine] DEBUG: Crawled (200) <GET https://www.transtutors.com/questions/economics/258/> (referer: https://www.google.com/) ['cached']
2020-02-05 23:30:33 [scrapy.core.scraper] DEBUG: Scraped from <200 https://www.transtutors.com/questions/economics/257/>
{'category': ['economy'],
 'date': [datetime.datetime(2020, 2, 5, 23, 30, 33, 274077)],
 'link': ['https://www.transtutors.com/questions/5-name-three-factors-in-the-foreign-exchange-market-that-affect-either-the-quantity--4440918.htm',
          'https://www.transtutors.com/questions/64-the-demand-for-mexican-tomatoes-by-an-american-food-grocery-chain-creates-a-a-dem-4440917.htm',
          'https://www.transtutors.com/questions/74-a-factor-determining-the-supply-of-u-s-dollars-in-the-foreign-exchange-market-is--4440916.htm',
          'https://www.transtutors.com/questions/60-when-we-have-a-negative-current-account-we-are-a-borrowing-from-the-rest-of-the-w-4440915.htm',
          'https://www.transtutors.com/questions/21-today-the-dollar-is-worth-1-15-euros-due-to-changes-in-economic-conditions-in-one-4440914.htm',
          'https://www.transtutors.com/questions/item-billions-of-dollars-exports-of-goods-and-services-x-imports-of-goods-and-servic-4440913.htm',
          'https://www.transtutors.com/questions/90-the-current-account-balance-is-equal-to-a-net-exports-net-interest-income-net-tra-4440912.htm',
          'https://www.transtutors.com/questions/80-a-country-that-borrows-more-from-the-rest-of-the-world-than-it-lends-to-it-in-a-y-4440911.htm',
          'https://www.transtutors.com/questions/currency-2007-exchange-rate-per-u-s-dollar-2008-exchange-rate-per-u-s-dollar-euro-0--4440910.htm',
          'https://www.transtutors.com/questions/48-a-factor-helping-determine-demand-for-the-dollar-in-the-foreign-exchange-market-i-4440909.htm',
          'https://www.transtutors.com/questions/21-command-and-control-policies-are-desirable-because-their-tough-pollution-reductio-4440908.htm',
          'https://www.transtutors.com/questions/21-which-of-the-following-is-defined-as-a-loose-usually-black-robe-worn-by-muslim-wo-4440907.htm',
          'https://www.transtutors.com/questions/5-what-does-the-slope-of-a-straight-line-equal-how-is-the-slope-of-a-curved-line-cal-4440906.htm',
          'https://www.transtutors.com/questions/27-if-there-is-an-inverse-relationship-between-two-variables-the-graph-of-this-relat-4440905.htm',
          'https://www.transtutors.com/questions/32-if-an-average-cost-pricing-rule-is-imposed-on-the-firm-in-the-figure-above-the-fi-4440904.htm',
          'https://www.transtutors.com/questions/x-variable-on-the-horizontal-axis-y-variable-on-the-vertical-axis-8-14-10-18-12-22-3-4440903.htm',
          'https://www.transtutors.com/questions/14-appendix-essay-questions-1-why-do-economists-use-graphs-2-what-are-the-two-differ-4440902.htm',
          'https://www.transtutors.com/questions/technique-capital-units-labor-units-w-25-30-x-35-10-y-25-25-z-45-5-28-the-table-abov-4440901.htm',
          'https://www.transtutors.com/questions/method-labor-required-person-hours-capital-required-machine-hours-t-1-200-100-t-2-15-4440900.htm',
          'https://www.transtutors.com/questions/techniques-for-making-100-pizzas-options-labor-workers-capital-units-1-23-2-2-10-5-3-4440899.htm',
          'https://www.transtutors.com/questions/58-diminishing-marginal-returns-occur-when-a-the-average-product-of-the-variable-inp-4440898.htm',
          'https://www.transtutors.com/questions/jefferson-39-s-cleaners-labor-workers-total-product-suits-cleaned-per-day-0-0-1-12-2-4440897.htm',
          'https://www.transtutors.com/questions/technique-labor-hours-capital-units-a-120-10-b-80-21-c-60-20-d-30-22-e-20-30-3-faste-4440896.htm',
          'https://www.transtutors.com/questions/firm-sales-thousands-of-galleons-nimbus-inc-57-5-cleansweep-inc-33-3-bogey-inc-12-6--4440895.htm',
          'https://www.transtutors.com/questions/decent-donuts-labor-workers-total-product-dozens-of-donuts-per-day-0-0-1-12-2-26-3-4-4440894.htm',
          'https://www.transtutors.com/questions/labor-workers-per-day-quantity-t-shirts-per-day-0-0-1-10-2-22-3-30-4-34-5-35-89-the--4440893.htm',
          'https://www.transtutors.com/questions/company-sales-thousands-of-dollars-a-750-b-500-c-250-d-125-e-125-f-125-g-125-h-125-i-4440892.htm',
          'https://www.transtutors.com/questions/99-when-the-marginal-product-of-labor-is-greater-than-the-average-product-of-labor-t-4440891.htm',
          'https://www.transtutors.com/questions/41-the-is-the-dominant-group-in-china-a-hui-b-han-c-manchu-d-wu-e-none-of-the-above--4440890.htm',
          'https://www.transtutors.com/questions/167-which-of-the-following-shifts-the-avc-curve-upward-at-barney-39-s-bagel-bakery-a-4440889.htm',
          'https://www.transtutors.com/questions/157-the-marginal-cost-curve-passes-through-the-points-of-the-cost-curve-and-the--4440888.htm',
          'https://www.transtutors.com/questions/6-this-month-the-local-widget-factory-produced-100-widgets-the-total-variable-cost-o-4440887.htm',
          'https://www.transtutors.com/questions/33-a-firm-increases-both-its-plant-and-its-labor-force-by-the-same-percentage-and-it-4440886.htm',
          'https://www.transtutors.com/questions/12-jake-is-a-corn-farmer-in-nebraska-he-rents-his-land-on-a-long-term-lease-for-250--4440885.htm',
          'https://www.transtutors.com/questions/109-if-a-firm-39-s-marginal-product-of-labor-is-greater-than-its-average-product-of--4440884.htm',
          'https://www.transtutors.com/questions/24-explain-how-new-technologies-which-increase-productivity-affect-the-average-varia-4440883.htm',
          'https://www.transtutors.com/questions/29-what-is-the-long-run-average-cost-curve-what-are-the-three-ranges-of-output-and-i-4440882.htm',
          'https://www.transtutors.com/questions/18-quot-marginal-cost-is-the-increase-in-total-cost-that-results-from-a-one-unit-inc-4440881.htm',
          'https://www.transtutors.com/questions/22-what-is-the-relationship-between-the-price-p-and-the-average-total-cost-atc-for-a-4440880.htm',
          'https://www.transtutors.com/questions/additional-application-paying-landowners-to-host-wolves-we-can-apply-the-concepts-of-4440879.htm',
          'https://www.transtutors.com/questions/recall-the-application-about-the-salaries-paid-in-major-league-baseball-to-answer-th-4440878.htm',
          'https://www.transtutors.com/questions/32-during-the-first-half-of-the-2000s-the-price-of-pork-rose-after-that-within-a-cou-4440877.htm',
          'https://www.transtutors.com/questions/17-define-the-shutdown-point-explain-why-the-firm-shuts-down-in-the-short-run-if-the-4440876.htm',
          'https://www.transtutors.com/questions/quantity-cones-per-day-total-cost-dollars-per-day-0-100-100-250-200-350-300-500-400--4440875.htm',
          'https://www.transtutors.com/questions/1-the-in-east-asia-is-humid-and-subtropical-a-northern-regime-b-southern-regime-c--4440874.htm',
          'https://www.transtutors.com/questions/7-essay-questions-1-what-are-the-conditions-that-define-a-monopoly-2-describe-the-ge-4440873.htm',
          'https://www.transtutors.com/questions/23-list-and-discuss-the-three-key-factors-that-explain-the-differences-in-market-inc-4440872.htm',
          'https://www.transtutors.com/questions/34-what-is-price-discrimination-can-a-perfectly-competitive-firm-price-discriminate--4440871.htm',
          'https://www.transtutors.com/questions/7-what-is-a-natural-monopoly-8-a-monopolist-unlike-a-perfect-competitor-has-total-co-4440870.htm',
          'https://www.transtutors.com/questions/29-suppose-the-government-breaks-up-a-single-price-monopoly-and-turns-it-into-a-perf-4440869.htm'],
 'project': ['trans'],
 'referring_link': ['https://www.transtutors.com/questions/economics/257/'],
 'spider': ['trans_links']}
2020-02-05 23:30:33 [scrapy.core.engine] DEBUG: Crawled (200) <GET https://www.transtutors.com/questions/economics/259/> (referer: https://www.google.com/) ['cached']
2020-02-05 23:30:33 [scrapy.core.scraper] DEBUG: Scraped from <200 https://www.transtutors.com/questions/economics/258/>
{'category': ['economy'],
 'date': [datetime.datetime(2020, 2, 5, 23, 30, 33, 450365)],
 'link': ['https://www.transtutors.com/questions/64-the-difference-in-wages-between-college-graduates-and-high-school-graduates-a-has-4440868.htm',
          'https://www.transtutors.com/questions/13-quot-a-profit-maximizing-monopoly-never-produces-an-output-in-the-inelastic-range-4440867.htm',
          'https://www.transtutors.com/questions/18-why-will-a-profit-maximizing-single-price-monopolist-not-produce-the-amount-of-ou-4440866.htm',
          'https://www.transtutors.com/questions/40-why-do-some-firms-practice-price-discrimination-relate-your-answer-to-the-common--4440865.htm',
          'https://www.transtutors.com/questions/23-quot-a-single-price-monopolist-charges-a-higher-price-and-produces-more-output-th-4440864.htm',
          'https://www.transtutors.com/questions/11-recall-the-application-about-positive-and-negative-effects-from-immigration-of-lo-4440863.htm',
          'https://www.transtutors.com/questions/5-essay-questions-1-list-four-characteristics-of-monopolistic-competition-2-quot-one-4440862.htm',
          'https://www.transtutors.com/questions/12-explain-why-firms-in-monopolistic-competition-have-excess-capacity-in-the-long-ru-4440861.htm',
          'https://www.transtutors.com/questions/7-how-does-a-firm-in-monopolistic-competition-determine-its-price-and-quantity-what--4440860.htm',
          'https://www.transtutors.com/questions/quantity-units-price-dollars-marginal-revenue-dollars-marginal-cost-dollars-1-22-20--4440859.htm',
          'https://www.transtutors.com/questions/51-st-petersburg-was-peter-the-great-s-planned-capital-for-russia-52-in-1904-most-of-4440858.htm',
          'https://www.transtutors.com/questions/quantity-hours-per-day-marginal-cost-dollars-per-hour-marginal-benefit-for-pooh-doll-4440857.htm',
          'https://www.transtutors.com/questions/sears-lower-prices-don-39-t-lower-prices-lower-prices-s-5-million-w-5-million-s-1-mi-4440856.htm',
          'https://www.transtutors.com/questions/28-if-sony-required-all-its-retailers-not-to-sell-televisions-from-other-companies-s-4440855.htm',
          'https://www.transtutors.com/questions/62-the-principle-of-minimum-differentiation-suggests-that-competitors-a-try-to-disti-4440854.htm',
          'https://www.transtutors.com/questions/90-name-two-factors-that-will-increase-the-demand-for-labor-and-two-factors-that-wil-4440853.htm',
          'https://www.transtutors.com/questions/7-you-are-studying-with-a-friend-and-your-friend-says-quot-private-goods-are-excluda-4440852.htm',
          'https://www.transtutors.com/questions/13-quot-the-principle-of-increasing-marginal-cost-does-not-apply-to-public-goods-quo-4440851.htm',
          'https://www.transtutors.com/questions/bob-confess-don-39-t-confess-confess-b-10-years-j-10-years-b-20-years-j-1-year-joe-d-4440850.htm',
          'https://www.transtutors.com/questions/firm-a-r-d-no-r-d-r-d-a-25-b-15-a-3-b-60-firm-b-no-r-d-a-60-b-3-a-50-b-35-30--4440849.htm',
          'https://www.transtutors.com/questions/daily-output-of-russia-and-panama-russia-panama-gloves-40-240-hats-120-180-table-18--4440848.htm',
          'https://www.transtutors.com/questions/24-what-is-the-tragedy-of-the-commons-25-quot-the-problem-with-a-common-resource-is--4440847.htm',
          'https://www.transtutors.com/questions/16-if-a-nonrenewable-natural-resource-39-s-price-is-expected-to-increase-at-a-rate-f-4440846.htm',
          'https://www.transtutors.com/questions/85-in-the-united-states-the-unionization-rate-of-private-sector-workers-is-much-high-4440845.htm',
          'https://www.transtutors.com/questions/31-the-crescent-shaped-dunes-of-the-semi-desert-and-desert-zone-of-russia-are-called-4440844.htm',
          'https://www.transtutors.com/questions/37-list-four-reasons-why-the-supply-of-labor-in-a-particular-occupation-may-be-small-4440843.htm',
          'https://www.transtutors.com/questions/34-raising-the-minimum-wage-would-a-help-some-workers-while-hurting-others-b-help-al-4440842.htm',
          'https://www.transtutors.com/questions/19-what-factors-explain-why-high-skilled-workers-are-paid-more-than-low-skilled-work-4440841.htm',
          'https://www.transtutors.com/questions/125-over-the-past-decade-the-incomes-of-the-top-1-percent-have-increased-while-the-i-4440840.htm',
          'https://www.transtutors.com/questions/115-which-household-characteristic-has-the-largest-effect-on-household-income-distri-4440839.htm',
          'https://www.transtutors.com/questions/105-sue-has-human-capital-worth-500-000-and-nonhuman-capital-of-100-000-todd-has-hum-4440838.htm',
          'https://www.transtutors.com/questions/21-beth-is-a-college-student-looking-for-summer-employment-she-has-two-options-firm--4440837.htm',
          'https://www.transtutors.com/questions/blue-violet-39-ssweet-pansy-39-s-production-possibilitiesproduction-possibilities-te-4440836.htm',
          'https://www.transtutors.com/questions/68-at-one-point-along-a-ppf-10-pizzas-and-7-sandwiches-can-be-produced-at-another-po-4440835.htm',
          'https://www.transtutors.com/questions/31-teenagers-may-benefit-from-minimum-wage-laws-32-if-the-market-wage-rate-is-below--4440834.htm',
          'https://www.transtutors.com/questions/58-opportunity-cost-is-best-defined-as-a-the-amount-of-money-that-an-individual-is-w-4440833.htm',
          'https://www.transtutors.com/questions/56-to-obtain-the-gains-available-from-comparative-advantage-individuals-or-countries-4440832.htm',
          'https://www.transtutors.com/questions/20-explain-what-means-tested-programs-are-and-how-they-affect-the-poverty-rate-in-th-4440831.htm',
          'https://www.transtutors.com/questions/41-the-cost-advantages-that-accure-to-individual-firms-because-of-their-location-amo-4440830.htm',
          'https://www.transtutors.com/questions/17-what-leads-to-a-decrease-in-the-quantity-supplied-of-a-good-or-service-18-what-is-4440829.htm',
          'https://www.transtutors.com/questions/42-the-demand-curve-for-labor-will-slope-downward-because-of-a-the-input-substitutio-4440828.htm',
          'https://www.transtutors.com/questions/recall-the-application-about-the-impact-chinese-imports-have-on-u-s-labor-markets-to-4440827.htm',
          'https://www.transtutors.com/questions/23-when-the-demand-for-blue-jeans-increases-what-happens-next-24-why-does-an-increas-4440826.htm',
          'https://www.transtutors.com/questions/44-if-the-number-of-people-with-the-skills-necessary-to-perform-a-job-decreases-labo-4440825.htm',
          'https://www.transtutors.com/questions/the-table-below-shows-the-maximum-amount-of-money-you-would-be-willing-to-pay-for-in-4440824.htm',
          'https://www.transtutors.com/questions/13-if-a-decrease-in-price-increases-total-revenue-what-can-you-determine-about-the-e-4440823.htm',
          'https://www.transtutors.com/questions/82-if-the-demand-for-a-good-is-elastic-the-price-elasticity-of-demand-is-a-greater-t-4440822.htm',
          'https://www.transtutors.com/questions/49-suppose-belgium-produces-only-two-goods-chocolate-and-lace-if-belgium-has-a-compa-4440821.htm',
          'https://www.transtutors.com/questions/7-what-does-a-horizontal-demand-curve-indicate-about-the-price-elasticity-of-demand--4440820.htm',
          'https://www.transtutors.com/questions/134-quot-last-october-due-to-an-early-frost-the-price-of-a-pumpkin-increased-by-10-p-4440819.htm'],
 'project': ['trans'],
 'referring_link': ['https://www.transtutors.com/questions/economics/258/'],
 'spider': ['trans_links']}
2020-02-05 23:30:33 [scrapy.core.engine] DEBUG: Crawled (200) <GET https://www.transtutors.com/questions/economics/260/> (referer: https://www.google.com/) ['cached']
2020-02-05 23:30:33 [scrapy.core.scraper] DEBUG: Scraped from <200 https://www.transtutors.com/questions/economics/259/>
{'category': ['economy'],
 'date': [datetime.datetime(2020, 2, 5, 23, 30, 33, 612372)],
 'link': ['https://www.transtutors.com/questions/19-what-factors-determine-the-magnitude-of-the-price-elasticity-of-demand-20-quot-th-4440818.htm',
          'https://www.transtutors.com/questions/154-a-university-conducts-a-survey-of-students-which-shows-that-a-10-percent-tuition-4440817.htm',
          'https://www.transtutors.com/questions/11-for-welfare-recipients-the-larger-the-benefit-reduction-rate-for-market-income-is-4440816.htm',
          'https://www.transtutors.com/questions/144-suppose-sandy-39-s-candies-wants-to-increase-its-total-revenues-if-sandy-increas-4440815.htm',
          'https://www.transtutors.com/questions/51-the-ultimate-destination-for-the-tigris-and-euphrates-rivers-is-the-persian-gulf--4440814.htm',
          'https://www.transtutors.com/questions/164-this-summer-the-lobster-catch-in-maine-has-been-especially-large-but-instead-of--4440813.htm',
          'https://www.transtutors.com/questions/the-table-below-shows-the-maximum-amount-of-money-you-would-be-willing-to-pay-for-in-4440812.htm',
          'https://www.transtutors.com/questions/72-marvin-loves-chocolate-truffles-as-the-price-of-a-chocolate-truffle-increases-fro-4440811.htm',
          'https://www.transtutors.com/questions/95-why-do-college-graduates-earn-higher-wages-than-non-graduates-96-what-is-featherb-4440810.htm',
          'https://www.transtutors.com/questions/quantity-dvds-per-week-marginal-social-benefit-dollars-per-dvd-marginal-social-cost--4440809.htm',
          'https://www.transtutors.com/questions/the-table-below-shows-the-supply-schedules-for-fred-39-s-pizza-and-johnny-39-s-pizza-4440808.htm',
          'https://www.transtutors.com/questions/67-explain-why-long-run-labor-demand-curves-slope-downward-using-the-concepts-of-the-4440807.htm',
          'https://www.transtutors.com/questions/20-explain-how-the-invisible-hand-delivers-an-efficient-market-outcome-21-quot-if-th-4440806.htm',
          'https://www.transtutors.com/questions/54-lower-wages-for-women-relative-to-those-for-men-constitute-wage-discrimination-if-4440805.htm',
          'https://www.transtutors.com/questions/67-which-of-the-following-represents-the-marginal-cost-of-a-soda-i-the-opportunity-c-4440804.htm',
          'https://www.transtutors.com/questions/24-quot-a-price-floor-that-is-less-than-the-equilibrium-price-leads-to-a-shortage-of-4440803.htm',
          'https://www.transtutors.com/questions/price-dollars-per-pound-bart-39-s-quantity-demanded-pounds-lisa-39-s-quantity-demand-4440802.htm',
          'https://www.transtutors.com/questions/63-a-soft-pretzel-shop-can-sell-as-many-pretzels-as-it-wishes-at-a-price-of-2-the-pr-4440801.htm',
          'https://www.transtutors.com/questions/19-we-know-that-the-minimum-wage-causes-unemployment-so-why-does-the-government-impo-4440800.htm',
          'https://www.transtutors.com/questions/38-from-the-perspective-of-consumers-a-quota-is-preferred-to-a-tariff-39-a-restricti-4440799.htm',
          'https://www.transtutors.com/questions/recall-the-application-about-the-impact-tariffs-have-on-lower-income-households-to-a-4440798.htm',
          'https://www.transtutors.com/questions/1-the-russian-plain-extends-from-in-the-west-to-the-ural-mountains-in-the-east-a--4440797.htm',
          'https://www.transtutors.com/questions/51-corn-and-poultry-prices-are-typically-linked-because-a-they-are-alternative-outpu-4440796.htm',
          'https://www.transtutors.com/questions/35-when-the-smiths-were-shopping-for-their-present-home-the-asking-price-from-the-pr-4440795.htm',
          'https://www.transtutors.com/questions/44-keesha-consumes-only-milkshakes-and-burgers-once-at-her-consumer-equilibrium-what-4440794.htm',
          'https://www.transtutors.com/questions/30-outsourcing-occurs-when-a-firm-produces-components-of-their-good-or-service-in-an-4440793.htm',
          'https://www.transtutors.com/questions/quantity-of-videos-total-utility-from-videos-quantity-of-cds-total-utility-from-cds--4440792.htm',
          'https://www.transtutors.com/questions/applestacos-quantity-total-utility-quantity-total-utility-1-5-1-10-2-9-2-18-3-12-3-2-4440791.htm',
          'https://www.transtutors.com/questions/quantity-of-dvds-marginal-utility-from-dvds-quantity-of-pizza-marginal-utility-from--4440790.htm',
          'https://www.transtutors.com/questions/58-list-four-protectionist-policies-59-explain-how-an-import-tariff-results-in-an-im-4440789.htm',
          'https://www.transtutors.com/questions/chipssodas-quantity-total-utility-quantity-total-utility-0-0-0-0-1-60-1-200-2-100-2--4440788.htm',
          'https://www.transtutors.com/questions/6-essay-questions-1-define-comparative-advantage-and-discuss-its-role-in-internation-4440787.htm',
          'https://www.transtutors.com/questions/9-if-a-consumer-is-consuming-a-combination-of-goods-and-services-on-his-budget-line--4440786.htm',
          'https://www.transtutors.com/questions/64-joe-consumes-pizza-and-movies-he-is-currently-spending-his-entire-income-and-his--4440785.htm',
          'https://www.transtutors.com/questions/54-bobby-consumes-only-chocolate-ice-cream-and-vanilla-ice-cream-he-is-spending-all--4440784.htm',
          'https://www.transtutors.com/questions/74-suppose-hank-spends-his-entire-budget-buying-2-bagels-and-3-cups-of-coffee-each-d-4440783.htm',
          'https://www.transtutors.com/questions/7-how-does-a-tariff-affect-the-government-39-s-revenue-how-does-an-import-quota-affe-4440782.htm',
          'https://www.transtutors.com/questions/86-the-magnitude-of-the-slope-of-the-budget-line-is-equal-to-the-or-of-the-good--4440781.htm',
          'https://www.transtutors.com/questions/8-what-does-the-slope-of-the-budget-line-equal-9-if-the-price-of-a-good-rises-and-th-4440780.htm',
          'https://www.transtutors.com/questions/box-of-doughnuts-homer-39-s-total-utility-1-30-2-55-3-75-4-90-5-100-6-103-57-the-abo-4440779.htm',
          'https://www.transtutors.com/questions/14-quot-if-ivan-says-he-is-indifferent-between-the-consumption-of-a-new-pair-of-jean-4440778.htm',
          'https://www.transtutors.com/questions/recall-application-2-quot-what-have-been-the-local-effects-of-chinese-imports-quot-t-4440777.htm',
          'https://www.transtutors.com/questions/9-extended-problems-quantity-per-year-utility-from-cds-units-utility-from-dvds-units-4440776.htm',
          'https://www.transtutors.com/questions/19-why-does-your-marginal-rate-of-substitution-between-chocolate-and-vanilla-ice-cre-4440775.htm',
          'https://www.transtutors.com/questions/5-essay-questions-1-quot-consumption-possibilities-are-limited-by-total-utility-quot-4440774.htm',
          'https://www.transtutors.com/questions/quantity-magazines-per-year-utility-from-magazines-units-quantity-gallons-of-ice-cre-4440773.htm',
          'https://www.transtutors.com/questions/41-which-of-the-following-is-the-most-widely-scattered-diasporic-population-in-the-w-4440772.htm',
          'https://www.transtutors.com/questions/11-what-is-meant-by-the-term-dynamic-incentives-in-the-context-of-making-loans-to-mi-4440771.htm',
          'https://www.transtutors.com/questions/multiple-choice-1-countries-tend-to-be-classified-as-more-or-less-developed-based-o-4440770.htm',
          'https://www.transtutors.com/questions/11-which-of-the-following-is-not-a-rationale-for-development-planning-a-capital-mark-4440769.htm'],
 'project': ['trans'],
 'referring_link': ['https://www.transtutors.com/questions/economics/259/'],
 'spider': ['trans_links']}
2020-02-05 23:30:33 [scrapy.core.engine] DEBUG: Crawled (200) <GET https://www.transtutors.com/questions/economics/261/> (referer: https://www.google.com/) ['cached']
2020-02-05 23:30:33 [scrapy.core.scraper] DEBUG: Scraped from <200 https://www.transtutors.com/questions/economics/260/>
{'category': ['economy'],
 'date': [datetime.datetime(2020, 2, 5, 23, 30, 33, 786274)],
 'link': ['https://www.transtutors.com/questions/sample-questions-short-answer-1-what-are-the-main-differences-between-the-linear-st-4440768.htm',
          'https://www.transtutors.com/questions/11-why-may-the-debt-crisis-be-only-sleeping-rather-than-dead-12-provide-a-definition-4440767.htm',
          'https://www.transtutors.com/questions/76-suppose-the-price-of-chocolate-chip-cookies-is-4-00-per-pound-and-the-price-of-a--4440766.htm',
          'https://www.transtutors.com/questions/sample-questions-short-answer-1-what-three-factors-distinguish-models-of-endogenous-4440765.htm',
          'https://www.transtutors.com/questions/6-what-is-the-role-of-input-output-analysis-in-development-planning-what-are-the-str-4440764.htm',
          'https://www.transtutors.com/questions/sample-questions-short-answer-1-suppose-an-mnc-subsidiary-buys-100-input-units-from-4440763.htm',
          'https://www.transtutors.com/questions/8-is-a-coordination-failure-a-type-of-market-failure-explain-9-explain-the-basic-ide-4440762.htm',
          'https://www.transtutors.com/questions/6-does-it-matter-how-much-a-developing-country-saves-explain-why-or-why-not-discuss--4440761.htm',
          'https://www.transtutors.com/questions/11-international-resources-shared-by-all-countries-such-as-oceans-and-air-are-known--4440760.htm',
          'https://www.transtutors.com/questions/11-state-at-least-two-major-benefits-of-promoting-non-governmental-organizations-in--4440759.htm',
          'https://www.transtutors.com/questions/7-does-it-follow-from-the-false-paradigm-model-that-world-bank-economists-are-intent-4440758.htm',
          'https://www.transtutors.com/questions/sample-questions-short-answer-1-explain-what-is-meant-by-market-failure-2-in-the-ha-4440757.htm',
          'https://www.transtutors.com/questions/6-explain-how-the-devaluation-of-a-developing-country-s-currency-is-supposed-to-redu-4440756.htm',
          'https://www.transtutors.com/questions/16-what-is-meant-by-petrodollar-recycling-explain-the-mechanism-by-which-this-phenom-4440755.htm',
          'https://www.transtutors.com/questions/6-why-does-investment-by-multinational-corporations-not-necessarily-help-to-close-th-4440754.htm',
          'https://www.transtutors.com/questions/sample-questions-short-answer-1-provide-a-concise-statement-on-the-relationship-bet-4440753.htm',
          'https://www.transtutors.com/questions/11-describe-the-costs-of-water-pollution-12-compare-and-contrast-the-path-of-economi-4440752.htm',
          'https://www.transtutors.com/questions/10-how-does-the-washington-consensus-differ-from-the-santiago-consensus-11-what-econ-4440751.htm',
          'https://www.transtutors.com/questions/7-it-has-been-said-that-underdevelopment-is-a-state-of-mind-comment-8-do-you-think-i-4440750.htm',
          'https://www.transtutors.com/questions/6-what-are-the-three-main-indicators-that-make-up-the-human-development-index-7-if-c-4440749.htm',
          'https://www.transtutors.com/questions/21-state-and-explain-three-or-some-other-number-chosen-by-the-instructor-reasons-why-4440748.htm',
          'https://www.transtutors.com/questions/6-evaluate-critically-the-following-statement-in-light-of-the-experience-of-the-last-4440747.htm',
          'https://www.transtutors.com/questions/6-describe-the-basic-issues-involved-in-setting-up-a-system-of-national-accounts-tha-4440746.htm',
          'https://www.transtutors.com/questions/short-answer-1-discuss-the-relationship-between-poverty-growth-and-the-environment-2-4440745.htm',
          'https://www.transtutors.com/questions/short-answer-1-explain-how-low-levels-of-living-can-turn-into-a-vicious-cycle-in-dev-4440744.htm',
          'https://www.transtutors.com/questions/66-john-has-40-to-spend-on-pizza-and-tacos-pizza-costs-10-each-and-tacos-are-1-per-t-4440743.htm',
          'https://www.transtutors.com/questions/16-taiwan-and-jamaica-are-both-islands-that-have-pursued-export-oriented-development-4440742.htm',
          'https://www.transtutors.com/questions/11-explain-briefly-the-vent-for-surplus-theory-of-international-trade-what-is-the-re-4440741.htm',
          'https://www.transtutors.com/questions/11-the-debt-service-ratio-is-the-ratio-of-a-external-debt-to-the-size-of-the-service-4440740.htm',
          'https://www.transtutors.com/questions/sample-questions-short-answer-1-provide-a-definition-of-development-economics-justi-4440739.htm',
          'https://www.transtutors.com/questions/sample-questions-short-answer-1-compare-and-contrast-the-workings-of-the-organized--4440738.htm',
          'https://www.transtutors.com/questions/11-women-bear-a-disproportionate-burden-in-the-agrarian-system-of-sub-saharan-africa-4440737.htm',
          'https://www.transtutors.com/questions/short-answer-1-explain-the-concept-goals-and-methods-of-integrated-rural-development-4440736.htm',
          'https://www.transtutors.com/questions/6-distinguish-between-economic-growth-by-modern-sector-enlargement-modern-sector-enr-4440735.htm',
          'https://www.transtutors.com/questions/short-answer-1-about-how-many-people-are-living-in-extreme-poverty-in-the-world-whic-4440734.htm',
          'https://www.transtutors.com/questions/6-compare-the-relative-effectiveness-of-the-balsakhi-program-to-the-computer-assiste-4440733.htm',
          'https://www.transtutors.com/questions/11-what-is-the-difference-between-physical-capital-and-human-capital-12-what-is-the--4440732.htm',
          'https://www.transtutors.com/questions/11-in-developing-countries-higher-educational-facilities-have-tended-to-expand-to-th-4440731.htm',
          'https://www.transtutors.com/questions/6-describe-briefly-five-major-characteristics-or-problems-of-developing-countries-ag-4440730.htm',
          'https://www.transtutors.com/questions/9-are-developing-country-cities-too-large-too-small-or-about-right-in-size-justify-y-4440729.htm',
          'https://www.transtutors.com/questions/11-what-are-the-characteristics-of-the-poor-be-specific-12-why-are-about-100-million-4440728.htm',
          'https://www.transtutors.com/questions/short-answer-1-write-an-essay-on-the-economic-relationship-of-greatest-concern-for-d-4440727.htm',
          'https://www.transtutors.com/questions/11-in-a-world-of-perfect-certainty-sharecropping-would-be-less-efficient-than-a-farm-4440726.htm',
          'https://www.transtutors.com/questions/recall-application-4-quot-trade-consumption-and-inequality-quot-to-answer-the-follow-4440725.htm',
          'https://www.transtutors.com/questions/16-discuss-some-policies-or-strategies-that-would-give-firms-an-incentive-to-substit-4440724.htm',
          'https://www.transtutors.com/questions/short-answer-1-provide-a-concise-statement-about-the-relationship-between-population-4440723.htm',
          'https://www.transtutors.com/questions/16-what-is-educational-inequality-and-how-is-it-measured-why-is-it-important-to-meas-4440722.htm',
          'https://www.transtutors.com/questions/11-quot-the-distribution-of-income-should-be-determined-by-the-government-quot-is-an-4440721.htm',
          'https://www.transtutors.com/questions/41-in-a-centrally-planned-economy-the-government-decides-how-economic-resources-will-4440720.htm',
          'https://www.transtutors.com/questions/41-from-1860-to-1920-the-predominant-migration-pattern-within-the-u-s-was-a-rural-to-4440719.htm'],
 'project': ['trans'],
 'referring_link': ['https://www.transtutors.com/questions/economics/260/'],
 'spider': ['trans_links']}
2020-02-05 23:30:33 [scrapy.core.engine] DEBUG: Crawled (200) <GET https://www.transtutors.com/questions/economics/262/> (referer: https://www.google.com/) ['cached']
2020-02-05 23:30:33 [scrapy.core.scraper] DEBUG: Scraped from <200 https://www.transtutors.com/questions/economics/261/>
{'category': ['economy'],
 'date': [datetime.datetime(2020, 2, 5, 23, 30, 33, 952321)],
 'link': ['https://www.transtutors.com/questions/7-why-might-improvements-in-children-s-public-health-care-services-lower-fertility-8-4440718.htm',
          'https://www.transtutors.com/questions/21-refer-to-figure-10-5-if-the-consumer-has-240-to-spend-on-dvds-and-cds-what-is-the-4440717.htm',
          'https://www.transtutors.com/questions/30-sparkle-one-of-many-firms-in-the-market-for-toothpaste-is-in-long-run-equilibrium-4440716.htm',
          'https://www.transtutors.com/questions/21-the-market-demand-curve-in-a-perfectly-competitive-market-is-downward-sloping-22--4440714.htm',
          'https://www.transtutors.com/questions/11-refer-to-table-11-1-what-is-the-average-product-of-labor-when-the-orchard-employs-4440713.htm',
          'https://www.transtutors.com/questions/65-what-is-yield-management-how-is-yield-management-being-used-in-the-airline-indust-4440712.htm',
          'https://www.transtutors.com/questions/51-natural-resource-cartels-such-as-opec-are-inherently-unstable-because-their-membe-4440711.htm',
          'https://www.transtutors.com/questions/31-refer-to-figure-16-3-the-owners-of-the-lizard-lounge-are-considering-the-followin-4440710.htm',
          'https://www.transtutors.com/questions/61-your-text-refers-to-airlines-as-quot-the-kings-of-price-discrimination-quot-why-i-4440709.htm',
          'https://www.transtutors.com/questions/11-refer-to-figure-15-3-the-monopolist-39-s-total-cost-is-a-1-116-b-1-240-c-1-660-d--4440708.htm',
          'https://www.transtutors.com/questions/11-refer-to-table-14-1-does-baine-have-a-dominant-strategy-and-if-so-what-is-it-a-ye-4440707.htm',
          'https://www.transtutors.com/questions/21-refer-to-figure-15-7-which-of-the-following-would-be-true-if-government-regulator-4440706.htm',
          'https://www.transtutors.com/questions/30-why-are-demand-and-marginal-revenue-represented-by-the-same-curve-for-a-firm-in-a-4440705.htm',
          'https://www.transtutors.com/questions/51-a-perfectly-competitive-firm-cannot-practice-price-discrimination-because-a-a-fir-4440704.htm',
          'https://www.transtutors.com/questions/16-rather-than-go-out-to-eat-by-yourself-you-decide-to-stay-at-home-and-fix-dinner-f-4440703.htm',
          'https://www.transtutors.com/questions/41-who-lived-in-maroon-communities-a-escaped-and-liberated-slaves-b-people-of-mixed--4440702.htm',
          'https://www.transtutors.com/questions/41-clarissa-kessler-operates-a-store-that-sells-recorded-music-her-business-suffered-4440701.htm',
          'https://www.transtutors.com/questions/31-the-gdp-deflator-is-a-measure-of-the-price-level-which-is-calculated-as-nominal-g-4440700.htm',
          'https://www.transtutors.com/questions/21-to-make-the-calculation-of-real-gdp-more-accurate-in-1996-the-bea-switched-to-usi-4440699.htm',
          'https://www.transtutors.com/questions/31-refer-to-figure-16-1-suppose-chantal-charges-all-her-customers-a-uniform-price-of-4440698.htm',
          'https://www.transtutors.com/questions/18-3-what-are-the-rationales-for-protectionist-policies-1-which-of-the-following-is--4440697.htm',
          'https://www.transtutors.com/questions/41-an-increase-in-the-supply-of-capital-which-is-a-substitute-to-labor-will-lead-to--4440696.htm',
          'https://www.transtutors.com/questions/11-national-income-is-derived-from-gross-domestic-product-by-a-subtracting-retained--4440695.htm',
          'https://www.transtutors.com/questions/chapter-17-the-markets-for-labor-and-other-factors-of-production-17-1-the-demand-for-4440694.htm',
          'https://www.transtutors.com/questions/48-the-complexity-of-the-u-s-federal-income-tax-system-results-in-significant-annual-4440693.htm',
          'https://www.transtutors.com/questions/36-when-president-jefferson-declared-a-self-imposed-embargo-on-international-shippin-4440692.htm',
          'https://www.transtutors.com/questions/table-18-2-f-oreign-aid-post-secondary-education-roads-and-bridges-t-om-3rd-1st-2nd--4440691.htm',
          'https://www.transtutors.com/questions/19-if-the-government-raises-the-tax-on-cigarettes-what-is-the-effect-on-people-39-s--4440690.htm',
          'https://www.transtutors.com/questions/11-refer-to-table-19-5-what-is-nominal-gdp-in-2006-a-3-320-b-3-690-c-6-360-d-7-035-1-4440689.htm',
          'https://www.transtutors.com/questions/11-when-a-recession-ends-a-interest-rates-decrease-b-households-decrease-spending-on-4440688.htm',
          'https://www.transtutors.com/questions/11-you-agree-to-lend-1-000-for-one-year-at-a-nominal-interest-rate-of-10-you-anticip-4440687.htm',
          'https://www.transtutors.com/questions/51-in-2003-congress-passed-a-tax-cut-that-included-a-reduction-in-the-marginal-tax-r-4440686.htm',
          'https://www.transtutors.com/questions/31-inflation-usually-increases-during-a-recession-and-decreases-during-an-expansion--4440685.htm',
          'https://www.transtutors.com/questions/11-the-problem-with-inflation-is-that-as-prices-rise-consumers-can-no-longer-afford--4440684.htm',
          'https://www.transtutors.com/questions/66-suppose-there-are-only-2-nations-a-and-b-and-only-two-goods-x-and-y-if-nation-a-p-4440683.htm',
          'https://www.transtutors.com/questions/41-refer-to-figure-21-1-the-market-is-in-equilibrium-if-the-government-budget-defici-4440682.htm',
          'https://www.transtutors.com/questions/11-what-are-the-three-main-kinds-of-unemployment-a-frictional-seasonal-and-cyclical--4440681.htm',
          'https://www.transtutors.com/questions/55-how-does-a-decrease-in-the-tax-rate-on-income-earned-on-saving-affect-saving-inve-4440680.htm',
          'https://www.transtutors.com/questions/31-the-basis-for-trade-is-absolute-advantage-not-comparative-advantage-32-if-a-count-4440679.htm',
          'https://www.transtutors.com/questions/31-the-labor-force-participation-rates-of-men-have-gradually-increased-since-1948-32-4440678.htm',
          'https://www.transtutors.com/questions/11-to-obtain-real-average-hourly-earnings-nominal-average-hourly-earnings-are-multip-4440677.htm',
          'https://www.transtutors.com/questions/42-which-of-the-following-trade-policies-raises-prices-for-domestic-consumers-a-impo-4440676.htm',
          'https://www.transtutors.com/questions/21-the-ppi-is-the-a-price-parity-index-b-prime-producer-index-c-producer-price-index-4440675.htm',
          'https://www.transtutors.com/questions/21-refer-to-table-2-4-what-is-finland-39-s-opportunity-cost-of-producing-one-cell-ph-4440674.htm',
          'https://www.transtutors.com/questions/57-explain-and-show-graphically-how-a-decrease-in-household-saving-affects-the-equil-4440673.htm',
          'https://www.transtutors.com/questions/11-if-the-cpi-rises-from-206-7-to-212-7-between-two-consecutive-years-by-how-much-ha-4440672.htm',
          'https://www.transtutors.com/questions/47-describe-briefly-how-the-final-value-of-an-iphone-must-be-equal-to-the-sum-of-inc-4440671.htm',
          'https://www.transtutors.com/questions/61-would-consumers-benefit-more-from-a-tariff-or-a-quota-on-imports-explain-62-suppo-4440670.htm',
          'https://www.transtutors.com/questions/1-which-of-the-following-religions-was-born-in-the-middle-east-and-north-africa-regi-4440669.htm',
          'https://www.transtutors.com/questions/61-to-increase-gas-mileage-automobile-manufacturers-make-cars-small-and-light-large--4440668.htm'],
 'project': ['trans'],
 'referring_link': ['https://www.transtutors.com/questions/economics/261/'],
 'spider': ['trans_links']}
2020-02-05 23:30:34 [scrapy.core.engine] DEBUG: Crawled (200) <GET https://www.transtutors.com/questions/economics/263/> (referer: https://www.google.com/) ['cached']
2020-02-05 23:30:34 [scrapy.core.scraper] DEBUG: Scraped from <200 https://www.transtutors.com/questions/economics/262/>
{'category': ['economy'],
 'date': [datetime.datetime(2020, 2, 5, 23, 30, 34, 122371)],
 'link': ['https://www.transtutors.com/questions/11-which-of-the-following-is-an-example-of-foreign-direct-investment-a-you-purchase--4440667.htm',
          'https://www.transtutors.com/questions/11-economists-and-industry-analysts-pay-close-attention-to-the-volume-of-air-cargo-s-4440666.htm',
          'https://www.transtutors.com/questions/11-gdp-in-a-country-grew-from-10-billion-to-14-billion-over-the-span-of-5-years-the--4440665.htm',
          'https://www.transtutors.com/questions/20-would-a-larger-multiplier-lead-to-longer-and-more-severe-recessions-or-shorter-an-4440664.htm',
          'https://www.transtutors.com/questions/50-given-table-23-3-below-fill-in-the-values-for-saving-assume-there-are-no-taxes-ta-4440663.htm',
          'https://www.transtutors.com/questions/50-one-of-the-results-of-paul-romer-39-s-new-growth-theory-is-that-investment-in-res-4440662.htm',
          'https://www.transtutors.com/questions/11-refer-to-table-21-1-using-the-table-above-what-is-the-approximate-average-annual--4440661.htm',
          'https://www.transtutors.com/questions/21-unemployment-insurance-is-usually-available-to-workers-in-for-a-shorter-period-of-4440660.htm',
          'https://www.transtutors.com/questions/21-at-each-of-the-three-points-in-the-following-graph-indicate-whether-planned-aggre-4440659.htm',
          'https://www.transtutors.com/questions/21-workers-in-high-income-countries-have-to-work-with-than-do-workers-in-low-income--4440658.htm',
          'https://www.transtutors.com/questions/21-most-economic-growth-in-the-world-occurred-between-1-000-000-b-c-and-1300-a-d-22--4440657.htm',
          'https://www.transtutors.com/questions/41-the-easiest-way-for-a-country-to-obtain-access-to-technology-is-through-a-subsidi-4440656.htm',
          'https://www.transtutors.com/questions/21-if-the-federal-budget-has-an-actual-budget-surplus-of-75-billion-but-a-cyclically-4440655.htm',
          'https://www.transtutors.com/questions/25-2-how-is-money-measured-in-the-united-states-today-1-in-the-united-states-currenc-4440654.htm',
          'https://www.transtutors.com/questions/11-the-fed-can-use-contractionary-monetary-policy-in-an-attempt-to-keep-inflation-fr-4440653.htm',
          'https://www.transtutors.com/questions/11-a-farm-worker-gets-paid-today-in-money-but-plans-to-spend-the-money-next-week-thi-4440652.htm',
          'https://www.transtutors.com/questions/31-refer-to-figure-24-1-ceteris-paribus-an-increase-in-firms-39-expectations-of-the--4440651.htm',
          'https://www.transtutors.com/questions/21-fiat-money-is-generally-issued-by-a-private-banks-b-central-banks-c-brokerage-fir-4440650.htm',
          'https://www.transtutors.com/questions/11-raising-taxes-on-interest-and-dividend-income-will-increase-the-level-of-investme-4440649.htm',
          'https://www.transtutors.com/questions/match-the-example-with-its-economic-activity-a-secondary-activities-b-tertiary-activ-4440648.htm',
          'https://www.transtutors.com/questions/21-an-increase-in-the-price-of-mp3-players-will-result-in-a-a-smaller-quantity-of-mp-4440647.htm',
          'https://www.transtutors.com/questions/19-if-you-know-that-a-country-39-s-net-foreign-investment-is-positive-what-does-that-4440646.htm',
          'https://www.transtutors.com/questions/11-if-new-yorkers-decrease-their-purchases-of-french-champagne-assuming-all-else-rem-4440645.htm',
          'https://www.transtutors.com/questions/31-an-increase-in-the-level-of-structural-unemployment-will-shift-the-long-run-phill-4440644.htm',
          'https://www.transtutors.com/questions/29-what-does-it-mean-to-say-that-workers-and-firms-have-rational-expectations-30-use-4440643.htm',
          'https://www.transtutors.com/questions/11-ceteris-paribus-an-increase-in-the-government-39-s-budget-deficit-will-increase-t-4440642.htm',
          'https://www.transtutors.com/questions/11-if-the-federal-reserve-chooses-to-fight-high-unemployment-with-expansionary-monet-4440641.htm',
          'https://www.transtutors.com/questions/21-a-relationship-that-depends-on-the-basic-behavior-of-consumers-and-firms-and-rema-4440640.htm',
          'https://www.transtutors.com/questions/11-according-to-the-short-run-phillips-curve-if-unemployment-is-2-4-and-inflation-is-4440639.htm',
          'https://www.transtutors.com/questions/21-when-a-central-bank-works-makes-joint-decisions-with-the-government-39-s-treasury-4440638.htm',
          'https://www.transtutors.com/questions/a-at-this-point-in-time-what-is-canon-39-s-marginal-cost-of-introducing-the-new-prod-4440637.htm',
          'https://www.transtutors.com/questions/11-if-national-saving-increases-assume-that-the-capital-account-is-zero-and-net--4440636.htm',
          'https://www.transtutors.com/questions/21-what-impact-does-expansionary-monetary-policy-have-on-the-short-run-phillips-curv-4440635.htm',
          'https://www.transtutors.com/questions/21-refer-to-figure-3-1-an-increase-in-the-price-of-a-complement-would-be-represented-4440634.htm',
          'https://www.transtutors.com/questions/11-monetary-policy-has-a-effect-on-aggregate-demand-in-a-n-economy-and-fiscal--4440633.htm',
          'https://www.transtutors.com/questions/48-what-is-the-difference-between-a-quot-change-in-demand-quot-and-a-quot-change-in--4440632.htm',
          'https://www.transtutors.com/questions/11-refer-to-figure-3-2-a-decrease-in-the-price-of-inputs-would-be-represented-by-a-m-4440631.htm',
          'https://www.transtutors.com/questions/11-limits-on-the-flow-of-foreign-exchange-and-financial-investment-across-countries--4440630.htm',
          'https://www.transtutors.com/questions/31-which-of-the-following-is-a-possible-solution-when-a-scarce-resource-is-subject-t-4440629.htm',
          'https://www.transtutors.com/questions/109-a-bowed-outward-production-possibilities-frontier-occurs-when-a-opportunity-cost-4440628.htm',
          'https://www.transtutors.com/questions/21-u-s-currency-continues-to-be-backed-by-the-gold-standard-to-this-day-22-exchange--4440627.htm',
          'https://www.transtutors.com/questions/41-aging-baby-boomers-are-expected-to-have-an-effect-on-the-housing-market-because-a-4440626.htm',
          'https://www.transtutors.com/questions/24-explain-whether-the-statement-quot-hillary-clinton-was-elected-president-of-the-u-4440625.htm',
          'https://www.transtutors.com/questions/11-why-is-mexico-city-especially-vulnerable-to-earthquakes-a-it-is-near-the-ocean-b--4440624.htm',
          'https://www.transtutors.com/questions/21-refer-to-figure-5-8-how-much-is-bree-willing-to-pay-to-have-4-street-lights-insta-4440623.htm',
          'https://www.transtutors.com/questions/39-how-might-a-company-that-offers-to-handle-all-paperwork-involved-with-a-health-in-4440622.htm',
          'https://www.transtutors.com/questions/33-when-an-economy-produces-at-its-allocatively-efficient-production-point-a-scarcit-4440621.htm',
          'https://www.transtutors.com/questions/21-which-of-the-following-statements-is-true-a-the-supply-of-oil-is-very-elastic-ove-4440620.htm',
          'https://www.transtutors.com/questions/51-a-consumer-maximizes-her-total-utility-from-a-bundle-of-goods-when-her-marginal-u-4440619.htm',
          'https://www.transtutors.com/questions/21-refer-to-figure-10-6-suppose-the-price-of-pilates-sessions-rise-to-30-while-incom-4440618.htm'],
 'project': ['trans'],
 'referring_link': ['https://www.transtutors.com/questions/economics/262/'],
 'spider': ['trans_links']}
2020-02-05 23:30:34 [scrapy.core.engine] DEBUG: Crawled (200) <GET https://www.transtutors.com/questions/economics/264/> (referer: https://www.google.com/) ['cached']
2020-02-05 23:30:34 [scrapy.core.scraper] DEBUG: Scraped from <200 https://www.transtutors.com/questions/economics/263/>
{'category': ['economy'],
 'date': [datetime.datetime(2020, 2, 5, 23, 30, 34, 283092)],
 'link': ['https://www.transtutors.com/questions/23-susan-likes-to-drink-sodas-the-soda-susan-drinks-the-of-the-last-soda-a--4440617.htm',
          'https://www.transtutors.com/questions/51-slave-imports-to-latin-america-from-africa-totaled-20-million-people-during-the-c-4440616.htm',
          'https://www.transtutors.com/questions/13-marginal-cost-curves-slope-a-upward-because-of-increasing-opportunity-cost-b-upwa-4440615.htm',
          'https://www.transtutors.com/questions/11-a-firm-might-prefer-a-commission-system-of-compensation-when-the-nature-of-the-wo-4440614.htm',
          'https://www.transtutors.com/questions/99-a-ppf-bows-outward-because-a-not-all-resources-are-equally-productive-in-all-acti-4440613.htm',
          'https://www.transtutors.com/questions/41-what-is-odd-pricing-why-do-some-merchants-use-odd-pricing-42-many-book-publishers-4440612.htm',
          'https://www.transtutors.com/questions/21-refer-to-table-14-2-is-the-current-strategy-in-which-each-firm-charges-the-low-pr-4440611.htm',
          'https://www.transtutors.com/questions/11-the-success-of-walt-disney-39-s-animated-film-the-lion-king-in-1994-increased-pro-4440610.htm',
          'https://www.transtutors.com/questions/21-consider-the-following-pieces-of-information-a-according-to-bonnie-reyes-presiden-4440609.htm',
          'https://www.transtutors.com/questions/61-french-is-an-official-language-in-canada-62-canada-is-second-only-to-saudi-arabia-4440608.htm',
          'https://www.transtutors.com/questions/11-refer-to-figure-18-2-if-the-government-imposes-an-excise-tax-of-1-00-on-every-uni-4440607.htm',
          'https://www.transtutors.com/questions/30-japan-experienced-periods-of-deflation-a-declining-price-level-during-the-1990s-d-4440606.htm',
          'https://www.transtutors.com/questions/21-explain-the-effect-of-price-elasticities-of-supply-and-demand-on-tax-incidence-22-4440605.htm',
          'https://www.transtutors.com/questions/31-knowledge-capital-is-nonrival-in-the-sense-that-a-two-people-can-use-the-same-kno-4440604.htm',
          'https://www.transtutors.com/questions/31-the-labor-force-participation-rates-of-women-have-rapidly-increased-since-1948-32-4440603.htm',
          'https://www.transtutors.com/questions/41-technological-change-is-the-key-to-sustaining-economic-growth-42-one-drawback-of--4440602.htm',
          'https://www.transtutors.com/questions/11-refer-to-figure-22-1-using-the-per-worker-production-function-in-the-figure-above-4440601.htm',
          'https://www.transtutors.com/questions/31-explain-how-unemployment-changes-over-the-business-cycle-why-do-these-changes-occ-4440600.htm',
          'https://www.transtutors.com/questions/11-the-rate-of-growth-of-productivity-in-the-united-states-was-positive-during-the-2-4440599.htm',
          'https://www.transtutors.com/questions/31-who-became-the-leader-of-the-chinese-communist-party-during-the-chinese-long-marc-4440598.htm',
          'https://www.transtutors.com/questions/31-if-firms-are-more-optimistic-that-future-profits-will-rise-and-remain-strong-for--4440597.htm',
          'https://www.transtutors.com/questions/31-refer-to-figure-24-1-ceteris-paribus-a-decrease-in-firms-39-expectations-of-the-f-4440596.htm',
          'https://www.transtutors.com/questions/11-how-can-tax-simplification-be-beneficial-to-the-economy-simplifying-the-tax-code--4440595.htm',
          'https://www.transtutors.com/questions/21-some-economists-and-lawmakers-believe-the-fed-lost-some-of-its-independence-when--4440594.htm',
          'https://www.transtutors.com/questions/suppose-there-are-only-two-signals-available-s1-15-and-s2-3-describe-a-separating--4440593.htm',
          'https://www.transtutors.com/questions/1-in-the-mining-districts-of-the-bolivian-and-peruvian-andes-what-was-the-most-impor-4440592.htm',
          'https://www.transtutors.com/questions/multiple-choice-1-the-labor-force-participation-rate-for-women-16-and-over-has-a-inc-4440591.htm',
          'https://www.transtutors.com/questions/production-pointpizza-producedcds-produced-a-0and42-b-4and40-c-8and36-d-12and30-e-16-4440590.htm',
          'https://www.transtutors.com/questions/71-a-depreciation-of-a-country-39-s-currency-always-lowers-the-domestic-firm-39-s-pr-4440589.htm',
          'https://www.transtutors.com/questions/41-discuss-the-correct-and-incorrect-economic-analysis-in-the-following-statements-q-4440588.htm',
          'https://www.transtutors.com/questions/11-while-the-federal-reserve-has-kept-interest-rates-at-historic-lows-many-foreign-c-4440587.htm',
          'https://www.transtutors.com/questions/4-5-appendix-quantitative-demand-and-supply-analysis-1-the-following-equations-repre-4440586.htm',
          'https://www.transtutors.com/questions/40-quot-when-it-comes-to-public-goods-individuals-do-not-reveal-their-true-preferenc-4440585.htm',
          'https://www.transtutors.com/questions/21-explain-the-relationship-between-price-elasticity-of-demand-and-total-revenue-if--4440584.htm',
          'https://www.transtutors.com/questions/31-refer-to-figure-5-3-the-private-profit-maximizing-output-level-is-a-q-m-b-q-n-c-q-4440583.htm',
          'https://www.transtutors.com/questions/61-the-dutch-muslim-population-of-between-five-and-six-million-is-the-largest-in-wes-4440582.htm',
          'https://www.transtutors.com/questions/21-what-is-autarky-22-the-simple-trade-model-demonstrates-that-countries-can-expand--4440581.htm',
          'https://www.transtutors.com/questions/39-suppose-you-see-a-2006-scion-xb-sport-wagon-advertised-in-the-local-newspaper-for-4440580.htm',
          'https://www.transtutors.com/questions/11-what-is-the-congressional-act-enacted-in-1933-and-repealed-in-1999-which-prevente-4440579.htm',
          'https://www.transtutors.com/questions/11-refer-to-table-12-2-3-which-gives-the-total-cost-schedule-for-brenda-39-s-balloon-4440578.htm',
          'https://www.transtutors.com/questions/31-which-of-these-is-true-of-the-world-s-kurds-a-they-are-non-arabic-b-they-do-not-h-4440577.htm',
          'https://www.transtutors.com/questions/21-mrs-smith-39-s-bakery-shop-is-a-firm-in-monopolistic-competition-if-in-the-short--4440576.htm',
          'https://www.transtutors.com/questions/41-the-distribution-of-annual-income-a-understates-the-degree-of-inequality-because--4440574.htm',
          'https://www.transtutors.com/questions/61-confucianism-deals-with-one-god-and-an-afterlife-62-japan-is-similar-to-europe-an-4440573.htm',
          'https://www.transtutors.com/questions/31-refer-to-figure-26-3-3-b-you-might-expect-the-government-to-a-do-nothing-except-m-4440572.htm',
          'https://www.transtutors.com/questions/31-approximately-how-far-from-the-mainland-of-the-united-states-is-hawai-39-i-a-2000-4440571.htm',
          'https://www.transtutors.com/questions/1-the-demand-curve-for-knobs-is-p-75-6-q-d-and-the-supply-curve-for-knobs-is-p-35-2--4440570.htm',
          'https://www.transtutors.com/questions/54-if-tom-and-di-specialize-in-producing-the-goods-in-which-he-and-she-have-a-compar-4440569.htm',
          'https://www.transtutors.com/questions/11-approximately-half-of-current-migrants-to-canada-come-from-a-asia-b-great-britain-4440568.htm',
          'https://www.transtutors.com/questions/31-refer-to-figure-9-1-2-which-budget-line-has-the-lowest-relative-price-for-carrots-4440567.htm'],
 'project': ['trans'],
 'referring_link': ['https://www.transtutors.com/questions/economics/263/'],
 'spider': ['trans_links']}
2020-02-05 23:30:34 [scrapy.core.engine] DEBUG: Crawled (200) <GET https://www.transtutors.com/questions/economics/265/> (referer: https://www.google.com/) ['cached']
2020-02-05 23:30:34 [scrapy.core.scraper] DEBUG: Scraped from <200 https://www.transtutors.com/questions/economics/264/>
{'category': ['economy'],
 'date': [datetime.datetime(2020, 2, 5, 23, 30, 34, 448568)],
 'link': ['https://www.transtutors.com/questions/70-for-several-years-the-u-s-unemployment-rate-has-been-below-the-european-unemploym-4440566.htm',
          'https://www.transtutors.com/questions/51-the-principal-human-impact-in-east-asia-has-been-the-clearing-of-land-for-farming-4440565.htm',
          'https://www.transtutors.com/questions/21-one-of-the-largest-and-most-successful-growth-centers-within-metropolitan-paris-i-4440564.htm',
          'https://www.transtutors.com/questions/27-in-the-market-for-bicycles-explain-what-happens-to-the-supply-and-demand-curves-w-4440563.htm',
          'https://www.transtutors.com/questions/145-explain-how-the-fed-increases-the-money-supply-when-it-buys-bonds-in-the-open-ma-4440562.htm',
          'https://www.transtutors.com/questions/140-what-are-reserves-discuss-the-various-types-of-reserves-used-in-the-u-s-banking--4440561.htm',
          'https://www.transtutors.com/questions/21-zambia-is-most-noted-for-exports-of-a-copper-b-diamonds-c-petroleum-d-uranium-e-c-4440560.htm',
          'https://www.transtutors.com/questions/a-4-1-b-3-7-c-1-0-d-0-002-12-the-more-sensitive-people-are-to-a-change-in-price-the--4440559.htm',
          'https://www.transtutors.com/questions/18-what-is-the-difference-between-quantity-supplied-and-supply-19-explain-how-price--4440558.htm',
          'https://www.transtutors.com/questions/a-nothing-since-you-can-go-back-to-bed-later-b-sleep-d-the-money-you-spend-on-coffee-4440557.htm',
          'https://www.transtutors.com/questions/21-which-dynasty-extended-the-great-wall-westward-a-han-b-sui-c-xia-d-ming-e-none-of-4440556.htm',
          'https://www.transtutors.com/questions/31-the-price-of-a-magazine-is-2-the-price-of-a-paperback-book-is-5-and-the-consumer--4440555.htm',
          'https://www.transtutors.com/questions/61-refer-to-the-above-table-what-is-the-marginal-utility-for-the-3rd-unit-for-michel-4440554.htm',
          'https://www.transtutors.com/questions/51-suppose-the-price-of-pizza-is-2-and-the-consumer-optimum-is-reached-when-mu-p-3-t-4440553.htm',
          'https://www.transtutors.com/questions/chapter-6-the-united-states-and-canada-1-the-western-coastal-formation-of-north-amer-4440552.htm',
          'https://www.transtutors.com/questions/multiple-choice-1-land-owned-by-an-individual-or-a-group-of-individuals-is-an-exampl-4440551.htm',
          'https://www.transtutors.com/questions/90-explain-how-you-can-calculate-average-physical-product-and-marginal-physical-prod-4440550.htm',
          'https://www.transtutors.com/questions/44-while-studying-with-your-friend-your-friend-states-quot-our-leisure-time-increase-4440549.htm',
          'https://www.transtutors.com/questions/83-the-five-categories-of-income-used-in-the-income-approach-to-the-measurement-of-g-4440548.htm',
          'https://www.transtutors.com/questions/14-explain-the-relationship-among-the-capital-stock-gross-investment-net-investment--4440547.htm',
          'https://www.transtutors.com/questions/41-what-would-happen-to-measured-gdp-if-more-people-started-hiring-workers-to-do-hou-4440546.htm',
          'https://www.transtutors.com/questions/51-a-firm-should-continue-producing-until-a-the-cost-of-producing-the-output-equals--4440545.htm',
          'https://www.transtutors.com/questions/80-what-is-the-short-run-shutdown-price-using-a-graph-and-a-market-price-of-p-show-t-4440544.htm',
          'https://www.transtutors.com/questions/31-according-to-the-above-table-at-what-usage-of-labor-does-diminishing-marginal-pro-4440543.htm',
          'https://www.transtutors.com/questions/31-which-of-the-following-is-are-true-of-liberation-theology-a-it-focused-on-the-poo-4440542.htm',
          'https://www.transtutors.com/questions/38-explain-how-our-economic-welfare-depends-upon-our-level-of-real-gdp-per-person-bu-4440541.htm',
          'https://www.transtutors.com/questions/5-essay-questions-1-define-and-discuss-gdp-2-how-does-the-production-of-a-u-s-firm-l-4440540.htm',
          'https://www.transtutors.com/questions/7-what-are-the-categories-of-total-expenditure-8-how-do-firms-and-households-interac-4440539.htm',
          'https://www.transtutors.com/questions/26-several-adjustments-must-be-made-to-net-domestic-product-at-factor-cost-in-order--4440538.htm',
          'https://www.transtutors.com/questions/17-quot-when-a-company-39-s-depreciation-is-larger-than-its-gross-investment-net-inv-4440537.htm',
          'https://www.transtutors.com/questions/11-the-boers-were-southern-african-colonists-from-which-european-nation-a-great-brit-4440536.htm',
          'https://www.transtutors.com/questions/23-explain-how-gdp-is-measured-according-to-the-expenditure-and-income-approaches-24-4440535.htm',
          'https://www.transtutors.com/questions/103-which-of-the-following-best-represents-an-indirect-tax-a-federal-income-tax-b-st-4440534.htm',
          'https://www.transtutors.com/questions/2-the-table-above-gives-the-values-of-different-expenditures-in-the-united-states-du-4440533.htm',
          'https://www.transtutors.com/questions/32-explain-the-relationship-between-potential-gdp-and-real-gdp-in-the-united-states--4440532.htm',
          'https://www.transtutors.com/questions/41-the-civil-war-in-the-late-1990s-in-liberia-spread-to-the-neighboring-country-of-a-4440531.htm',
          'https://www.transtutors.com/questions/29-can-nominal-gdp-ever-be-less-than-real-gdp-30-what-is-the-relationship-between-ac-4440530.htm',
          'https://www.transtutors.com/questions/4-is-every-product-produced-in-the-united-states-included-in-u-s-gross-domestic-prod-4440529.htm',
          'https://www.transtutors.com/questions/93-the-largest-component-of-national-income-is-a-compensation-of-employees-b-rental--4440528.htm',
          'https://www.transtutors.com/questions/60-what-is-the-age-earnings-cycle-what-is-the-typical-age-earnings-profile-for-a-u-s-4440527.htm',
          'https://www.transtutors.com/questions/35-what-is-a-recession-36-explain-the-business-cycle-by-describing-the-phases-and-tu-4440526.htm',
          'https://www.transtutors.com/questions/31-the-total-population-of-sub-saharan-africa-is-estimated-to-reach-approximately-by-4440525.htm',
          'https://www.transtutors.com/questions/113-nominal-gdp-is-a-real-gdp-adjusted-for-price-changes-b-gdp-valued-at-prices-of-t-4440524.htm',
          'https://www.transtutors.com/questions/20-quot-to-calculate-gdp-economists-begin-with-total-income-earned-and-then-subtract-4440523.htm',
          'https://www.transtutors.com/questions/2006-2007-consumption84-00089-000-government-expenditure24-00026-000-investment48-00-4440522.htm',
          'https://www.transtutors.com/questions/6-numeric-and-graphing-questions-item-billions-of-dollars-consumption-expenditure-6--4440521.htm',
          'https://www.transtutors.com/questions/21-the-original-industrial-base-of-russia-s-central-region-was-a-food-processing-b-s-4440520.htm',
          'https://www.transtutors.com/questions/55-in-china-suppose-that-the-price-level-was-100-in-2011-110-in-2012-and-120-in-2013-4440519.htm',
          'https://www.transtutors.com/questions/16-explain-the-difference-between-frictional-and-structural-unemployment-17-give-an--4440518.htm',
          'https://www.transtutors.com/questions/65-an-example-of-the-new-goods-bias-in-the-cpi-is-the-a-introduction-of-higher-quali-4440517.htm'],
 'project': ['trans'],
 'referring_link': ['https://www.transtutors.com/questions/economics/264/'],
 'spider': ['trans_links']}
2020-02-05 23:30:34 [scrapy.core.engine] DEBUG: Crawled (200) <GET https://www.transtutors.com/questions/economics/266/> (referer: https://www.google.com/) ['cached']
2020-02-05 23:30:34 [scrapy.core.scraper] DEBUG: Scraped from <200 https://www.transtutors.com/questions/economics/265/>
{'category': ['economy'],
 'date': [datetime.datetime(2020, 2, 5, 23, 30, 34, 600216)],
 'link': ['https://www.transtutors.com/questions/20-explain-what-type-of-unemployment-changes-with-the-business-cycle-and-how-it-chan-4440516.htm',
          'https://www.transtutors.com/questions/37-explain-the-cpi-bias-and-how-it-can-distort-private-contracts-and-increase-govern-4440515.htm',
          'https://www.transtutors.com/questions/102-the-relationship-between-the-unemployment-rate-and-the-natural-unemployment-rate-4440514.htm',
          'https://www.transtutors.com/questions/chapter-5-sub-saharan-africa-1-is-famous-for-diamonds-in-sub-saharan-africa-a-nigeri-4440513.htm',
          'https://www.transtutors.com/questions/62-a-recession-causes-a-decrease-in-the-demand-for-housing-resulting-in-substantial--4440512.htm',
          'https://www.transtutors.com/questions/4-the-current-u-s-population-is-about-300-million-yet-the-current-u-s-labor-force-is-4440511.htm',
          'https://www.transtutors.com/questions/3-a-typical-household-in-orangeland-consumes-only-orange-juice-and-shorts-last-year--4440510.htm',
          'https://www.transtutors.com/questions/34-quot-the-new-goods-bias-puts-a-downward-bias-into-the-cpi-and-its-measure-of-the--4440509.htm',
          'https://www.transtutors.com/questions/11-spain-and-used-gold-and-silver-from-the-americas-to-increase-their-wealth-during--4440508.htm',
          'https://www.transtutors.com/questions/45-in-2012-consumers-in-dexter-consumed-only-books-and-pens-the-prices-and-quantitie-4440507.htm',
          'https://www.transtutors.com/questions/52-cyclical-unemployment-a-is-due-mainly-to-job-leavers-b-may-increase-or-decrease-d-4440506.htm',
          'https://www.transtutors.com/questions/107-what-is-the-aggregate-demand-curve-and-what-does-it-represent-108-quot-the-aggre-4440505.htm',
          'https://www.transtutors.com/questions/113-an-individual-who-has-stopped-looking-for-a-job-because-he-is-convinced-that-he--4440504.htm',
          'https://www.transtutors.com/questions/28-what-are-the-three-stages-of-constructing-the-cpi-29-quot-the-market-basket-used--4440503.htm',
          'https://www.transtutors.com/questions/11-unlike-most-of-the-middle-east-this-country-has-no-areas-of-desert-a-lebanon-b-sy-4440502.htm',
          'https://www.transtutors.com/questions/92-the-natural-unemployment-rate-is-the-unemployment-rate-that-exists-when-there-is--4440501.htm',
          'https://www.transtutors.com/questions/5-essay-questions-1-why-is-unemployment-a-problem-2-how-does-the-current-population--4440500.htm',
          'https://www.transtutors.com/questions/77-what-is-discretionary-fiscal-policy-and-what-is-its-purpose-78-explain-how-fiscal-4440499.htm',
          'https://www.transtutors.com/questions/8-what-is-a-quot-marginally-attached-worker-quot-9-what-is-a-discouraged-worker-how--4440498.htm',
          'https://www.transtutors.com/questions/61-the-ethnic-divisions-between-the-tutsi-and-hutu-were-created-or-exacerbated-by-be-4440497.htm',
          'https://www.transtutors.com/questions/72-mike-has-just-been-laid-off-from-his-construction-job-because-consumers-are-not-p-4440496.htm',
          'https://www.transtutors.com/questions/24-consider-the-following-statement-quot-real-gdp-and-potential-gdp-are-always-equal-4440495.htm',
          'https://www.transtutors.com/questions/31-what-is-inflation-and-how-is-it-measured-using-the-consumer-price-index-32-list-t-4440494.htm',
          'https://www.transtutors.com/questions/11-the-tables-above-give-the-purchases-of-an-average-consumer-in-a-small-economy-the-4440493.htm',
          'https://www.transtutors.com/questions/82-when-the-economy-is-at-full-employment-the-a-natural-unemployment-rate-is-equal-t-4440492.htm',
          'https://www.transtutors.com/questions/51-loess-is-a-fine-grained-extremely-fertile-soil-52-the-first-wave-of-european--4440491.htm',
          'https://www.transtutors.com/questions/102-what-kinds-of-unemployment-are-associated-with-the-natural-rate-of-unemployment--4440490.htm',
          'https://www.transtutors.com/questions/51-use-the-above-figure-which-graph-depicts-substitute-goods-a-a-b-b-c-c-d-d-52-if-t-4440489.htm',
          'https://www.transtutors.com/questions/21-new-growth-theory-claims-that-economic-growth-occurs-because-firms-reap-profits-f-4440488.htm',
          'https://www.transtutors.com/questions/real-wage-rate-2005-dollars-labor-demand-billions-of-hours-per-year-labor-supply-bil-4440487.htm',
          'https://www.transtutors.com/questions/35-briefly-explain-why-people-make-choices-36-briefly-explain-the-concept-of-opportu-4440486.htm',
          'https://www.transtutors.com/questions/91-refer-to-the-above-table-if-the-price-of-good-x-is-2-the-price-of-good-y-is-2-and-4440485.htm',
          'https://www.transtutors.com/questions/a-coffee-b-oil-palm-c-rubber-d-all-of-these-plants-are-native-to-southeast-asia-e-no-4440484.htm',
          'https://www.transtutors.com/questions/19-what-are-the-basic-arguments-of-the-neoclassical-growth-theory-20-quot-according--4440483.htm',
          'https://www.transtutors.com/questions/12-what-is-minimum-efficient-scale-why-is-it-important-13-for-an-industry-in-which-a-4440482.htm',
          'https://www.transtutors.com/questions/7-explain-how-the-labor-market-and-the-production-function-determine-potential-gdp-8-4440481.htm',
          'https://www.transtutors.com/questions/61-legal-or-governmental-restrictions-that-give-monopolistic-advantages-to-a-firm-in-4440480.htm',
          'https://www.transtutors.com/questions/7-essay-questions-1-how-has-u-s-real-gdp-per-person-changed-over-the-last-100-years--4440479.htm',
          'https://www.transtutors.com/questions/4-discuss-the-aggregate-production-function-how-does-the-aggregate-production-functi-4440478.htm',
          'https://www.transtutors.com/questions/13-what-factors-raise-the-productivity-of-labor-14-list-and-explain-the-factors-that-4440477.htm',
          'https://www.transtutors.com/questions/10-with-no-change-in-labor-productivity-what-would-happen-to-the-real-wage-rate-and--4440476.htm',
          'https://www.transtutors.com/questions/65-what-does-it-mean-for-a-firm-to-be-a-price-taker-in-the-labor-market-66-what-is-t-4440475.htm',
          'https://www.transtutors.com/questions/57-how-does-social-regulation-differ-from-economic-regulation-58-suppose-osha-requir-4440474.htm',
          'https://www.transtutors.com/questions/1-before-joining-the-rest-of-asia-by-way-of-plate-movement-south-asia-was-attached-t-4440473.htm',
          'https://www.transtutors.com/questions/66-suppose-a-union-negotiates-for-its-members-a-wage-that-is-above-the-market-cleari-4440472.htm',
          'https://www.transtutors.com/questions/21-the-relationship-between-quantity-supplied-and-the-price-of-output-is-such-that-a-4440471.htm',
          'https://www.transtutors.com/questions/13-explain-how-each-of-the-following-events-affect-the-supply-of-loanable-funds-curv-4440470.htm',
          'https://www.transtutors.com/questions/assets-liabilities-reserves-400-loans-800-total-1-200-deposits-1-200-total-1-200-61--4440469.htm',
          'https://www.transtutors.com/questions/89-explain-why-economists-consider-it-to-be-one-of-the-economic-functions-of-governm-4440468.htm',
          'https://www.transtutors.com/questions/5-6-collective-decision-making-the-theory-of-public-choice-1-one-of-the-most-importa-4440467.htm'],
 'project': ['trans'],
 'referring_link': ['https://www.transtutors.com/questions/economics/265/'],
 'spider': ['trans_links']}
2020-02-05 23:30:34 [scrapy.core.engine] DEBUG: Crawled (200) <GET https://www.transtutors.com/questions/economics/267/> (referer: https://www.google.com/) ['cached']
2020-02-05 23:30:34 [scrapy.core.scraper] DEBUG: Scraped from <200 https://www.transtutors.com/questions/economics/266/>
{'category': ['economy'],
 'date': [datetime.datetime(2020, 2, 5, 23, 30, 34, 748339)],
 'link': ['https://www.transtutors.com/questions/6-essay-questions-1-begin-with-the-formula-showing-how-households-can-divide-their-i-4440466.htm',
          'https://www.transtutors.com/questions/31-kashmir-has-a-predominately-population-a-muslim-b-hindu-c-buddhist-d-christian-e--4440465.htm',
          'https://www.transtutors.com/questions/4-quot-an-increase-in-the-real-interest-rate-increases-the-quantity-of-investment-qu-4440464.htm',
          'https://www.transtutors.com/questions/7-what-are-the-factors-that-change-investment-demand-and-shift-the-demand-for-loanab-4440463.htm',
          'https://www.transtutors.com/questions/43-economists-assume-that-people-are-motivated-by-a-a-desire-to-please-others-b-the--4440462.htm',
          'https://www.transtutors.com/questions/53-economic-theory-predicts-that-people-make-choices-in-a-manner-that-a-makes-them-w-4440461.htm',
          'https://www.transtutors.com/questions/3-one-major-assumption-of-economics-is-that-people-a-act-as-if-they-systematically-p-4440460.htm',
          'https://www.transtutors.com/questions/33-a-politician-says-that-the-government-should-tax-behavior-they-want-less-of-and-s-4440459.htm',
          'https://www.transtutors.com/questions/23-which-of-the-following-is-a-true-statement-about-the-economic-assumption-of-ratio-4440457.htm',
          'https://www.transtutors.com/questions/13-the-potential-rewards-that-are-available-to-an-individual-if-a-particular-activit-4440456.htm',
          'https://www.transtutors.com/questions/1-9-appendix-a-graphing-numbers-in-a-table-1-the-relationship-between-beers-consumed-4440455.htm',
          'https://www.transtutors.com/questions/10-what-is-the-relationship-between-the-real-interest-rate-the-supply-of-loanable-fu-4440454.htm',
          'https://www.transtutors.com/questions/51-the-tropical-monsoon-climate-is-characterized-by-warm-temperatures-year-round-wit-4440453.htm',
          'https://www.transtutors.com/questions/21-contracts-are-typically-necessary-when-the-agreed-upon-exchange-occurs-a-at-a-dif-4440452.htm',
          'https://www.transtutors.com/questions/10-are-checks-and-credit-cards-money-explain-why-or-why-not-11-what-makes-up-m1-is-m-4440451.htm',
          'https://www.transtutors.com/questions/42-describe-how-financial-innovation-has-affected-the-demand-for-money-43-explain-ho-4440450.htm',
          'https://www.transtutors.com/questions/16-a-permanent-reduction-in-international-trade-barriers-would-a-decrease-long-run-a-4440449.htm',
          'https://www.transtutors.com/questions/16-suppose-there-are-two-economies-that-are-identical-in-every-way-with-the-followin-4440448.htm',
          'https://www.transtutors.com/questions/16-to-the-extent-that-the-political-process-of-moving-legislation-through-congress-i-4440446.htm',
          'https://www.transtutors.com/questions/3-in-the-traditional-keynesian-model-an-increase-in-current-taxes-a-increases-dispos-4440445.htm',
          'https://www.transtutors.com/questions/11-a-bank-receives-new-deposits-equal-to-200-000-and-the-desired-reserve-ratio-is-10-4440444.htm',
          'https://www.transtutors.com/questions/57-if-the-currency-drain-increases-how-can-the-fed-adjust-the-monetary-base-to-offse-4440443.htm',
          'https://www.transtutors.com/questions/5-explain-which-of-the-following-count-as-money-a-a-check-in-ann-39-s-checkbook-b-cu-4440442.htm',
          'https://www.transtutors.com/questions/21-are-the-members-of-the-board-of-governors-of-the-federal-reserve-system-elected-o-4440441.htm',
          'https://www.transtutors.com/questions/141-as-far-as-reserves-and-deposits-are-concerned-describe-the-assets-and-liabilitie-4440440.htm',
          'https://www.transtutors.com/questions/3-in-the-economy-of-briskland-the-commercial-banks-have-deposits-of-500-billion-thei-4440439.htm',
          'https://www.transtutors.com/questions/11-the-main-competitor-of-the-british-east-india-company-and-the-dutch-east-india-co-4440438.htm',
          'https://www.transtutors.com/questions/16-when-government-inefficiencies-exist-a-a-country-tends-to-grow-at-a-slower-rate-b-4440437.htm',
          'https://www.transtutors.com/questions/8-essay-questions-1-define-money-and-list-its-functions-2-what-are-the-three-functio-4440436.htm',
          'https://www.transtutors.com/questions/16-the-theory-of-new-keynesian-inflation-dynamics-suggests-that-a-fall-in-aggregate--4440435.htm',
          'https://www.transtutors.com/questions/48-discuss-the-quantity-theory-of-money-be-sure-to-mention-the-velocity-of-circulati-4440434.htm',
          'https://www.transtutors.com/questions/11-extended-problems-1-the-commercial-banks-in-fundland-have-reserves-500-million-lo-4440433.htm',
          'https://www.transtutors.com/questions/91-briefly-explain-the-difference-between-the-concepts-of-scarcity-and-shortage-92-b-4440431.htm',
          'https://www.transtutors.com/questions/5-fisheria-is-a-country-in-which-the-quantity-theory-of-money-operates-the-country-h-4440430.htm',
          'https://www.transtutors.com/questions/21-quot-because-resources-are-scarce-the-production-of-more-capital-goods-means-that-4440429.htm',
          'https://www.transtutors.com/questions/35-what-factors-affect-the-demand-for-money-36-how-are-the-nominal-and-real-demands--4440428.htm',
          'https://www.transtutors.com/questions/8-generally-specialization-leads-to-a-constant-opportunity-costs-b-greater-productiv-4440427.htm',
          'https://www.transtutors.com/questions/38-when-adam-smith-39-s-ten-pin-workers-specialized-they-were-able-to-increase-outpu-4440426.htm',
          'https://www.transtutors.com/questions/51-how-has-growth-in-m2-minus-the-growth-in-real-gdp-compared-to-the-inflation-rate--4440425.htm',
          'https://www.transtutors.com/questions/28-division-of-labor-a-increases-the-amount-of-capital-in-the-economy-b-leads-to-an--4440424.htm',
          'https://www.transtutors.com/questions/101-efficiency-is-defined-as-a-the-maximum-consumption-of-goods-b-the-production-of--4440423.htm',
          'https://www.transtutors.com/questions/18-tiger-woods-a-professional-golfer-pays-a-garage-mechanic-to-change-the-motor-oil--4440422.htm',
          'https://www.transtutors.com/questions/48-which-of-the-following-is-true-with-respect-to-specialization-a-adam-smith-in-the-4440421.htm',
          'https://www.transtutors.com/questions/191-what-is-a-normal-rate-of-return-192-discuss-the-advantages-and-disadvantages-of--4440420.htm',
          'https://www.transtutors.com/questions/18-how-do-banks-create-liquidity-19-briefly-describe-the-federal-reserve-system-how--4440419.htm',
          'https://www.transtutors.com/questions/38-why-is-the-nominal-interest-rate-the-opportunity-cost-of-holding-money-39-what-ef-4440418.htm',
          'https://www.transtutors.com/questions/21-refer-to-the-above-table-the-table-represents-information-on-the-costs-for-ajax-c-4440417.htm',
          'https://www.transtutors.com/questions/16-quot-stocks-and-bonds-quot-are-collectively-known-as-a-securities-b-equities-c-re-4440416.htm',
          'https://www.transtutors.com/questions/14-quot-banks-make-a-profit-by-paying-depositors-a-high-rate-to-attract-funds-and-ma-4440415.htm',
          'https://www.transtutors.com/questions/45-in-the-short-run-how-is-the-interest-rate-determined-if-the-interest-rate-is-less-4440413.htm'],
 'project': ['trans'],
 'referring_link': ['https://www.transtutors.com/questions/economics/266/'],
 'spider': ['trans_links']}
2020-02-05 23:30:34 [scrapy.core.engine] DEBUG: Crawled (200) <GET https://www.transtutors.com/questions/economics/268/> (referer: https://www.google.com/) ['cached']
2020-02-05 23:30:34 [scrapy.core.scraper] DEBUG: Scraped from <200 https://www.transtutors.com/questions/economics/267/>
{'category': ['economy'],
 'date': [datetime.datetime(2020, 2, 5, 23, 30, 34, 898701)],
 'link': ['https://www.transtutors.com/questions/16-a-situation-in-which-the-price-charged-is-less-than-society-39-s-opportunity-cost-4440412.htm',
          'https://www.transtutors.com/questions/21-in-a-long-run-monopolistically-competitive-equilibrium-a-p-atc-and-atc-is-not-at--4440411.htm',
          'https://www.transtutors.com/questions/14-according-to-the-text-government-licensing-frequently-enables-monopoly-in-a-agric-4440410.htm',
          'https://www.transtutors.com/questions/33-what-is-the-relationship-between-net-exports-the-government-sector-surplus-or-def-4440409.htm',
          'https://www.transtutors.com/questions/24-all-of-the-following-are-considered-a-barrier-to-entry-into-a-market-except-a-own-4440408.htm',
          'https://www.transtutors.com/questions/44-which-of-the-following-is-not-true-about-a-tariff-a-it-is-a-barrier-to-entry-in-a-4440407.htm',
          'https://www.transtutors.com/questions/64-a-monopolist-is-producing-at-an-output-level-at-which-mr-6-and-mc-9-it-could-incr-4440406.htm',
          'https://www.transtutors.com/questions/54-which-of-the-following-would-most-likely-be-classified-as-a-natural-monopoly-a-a--4440405.htm',
          'https://www.transtutors.com/questions/4-to-be-able-to-engage-in-profit-maximizing-price-searching-a-monopoly-firm-must-be--4440404.htm',
          'https://www.transtutors.com/questions/16-a-possible-market-solution-that-a-reputable-firm-can-engage-in-when-faced-with-th-4440403.htm',
          'https://www.transtutors.com/questions/46-the-sherman-antitrust-act-was-enforced-in-1906-by-a-ruling-of-the-supreme-court-r-4440402.htm',
          'https://www.transtutors.com/questions/15-which-antitrust-act-was-passed-to-protect-independent-retailers-from-quot-unfair--4440401.htm',
          'https://www.transtutors.com/questions/16-the-type-of-mergers-that-the-federal-trade-commission-will-most-likely-challenge--4440400.htm',
          'https://www.transtutors.com/questions/21-what-are-the-main-components-of-the-current-account-what-has-been-the-recent-u-s--4440399.htm',
          'https://www.transtutors.com/questions/16-which-of-the-following-statements-describes-the-long-run-effects-of-global-outsou-4440398.htm',
          'https://www.transtutors.com/questions/5-name-three-factors-in-the-foreign-exchange-market-that-affect-either-the-quantity--4440397.htm',
          'https://www.transtutors.com/questions/16-sometimes-unions-can-raise-wages-above-what-productivity-increases-would-permit-w-4440395.htm',
          'https://www.transtutors.com/questions/21-in-a-tropical-deciduous-forest-the-trees-drop-their-leaves-in-response-to-a-a-dry-4440394.htm',
          'https://www.transtutors.com/questions/15-quot-fluctuations-in-exchange-rates-other-things-remaining-the-same-creates-a-sit-4440393.htm',
          'https://www.transtutors.com/questions/82-the-short-run-aggregate-supply-curve-shifts-because-of-changes-in-all-of-the-foll-4440392.htm',
          'https://www.transtutors.com/questions/16-the-eu-emission-trading-scheme-created-a-market-for-a-permits-to-emit-greenhouse--4440391.htm',
          'https://www.transtutors.com/questions/31-the-government-imposes-a-tax-on-an-industry-that-produces-goods-creating-a-negati-4440390.htm',
          'https://www.transtutors.com/questions/30-when-a-nation-has-no-funds-to-finance-economic-development-how-can-it-acquire-the-4440389.htm',
          'https://www.transtutors.com/questions/27-looking-at-the-u-s-balance-of-payments-for-the-last-two-decades-how-have-the-curr-4440388.htm',
          'https://www.transtutors.com/questions/17-when-the-government-establishes-a-minimum-price-for-an-agricultural-product-above-4440387.htm',
          'https://www.transtutors.com/questions/91-explain-why-public-goods-can-be-classified-as-market-failure-explain-what-problem-4440385.htm',
          'https://www.transtutors.com/questions/4-12-appendix-b-price-controls-and-gains-from-trade-1-if-the-government-imposes-a-pr-4440384.htm',
          'https://www.transtutors.com/questions/18-if-the-fed-wants-to-lower-the-u-s-exchange-rate-what-action-should-it-take-in-the-4440383.htm',
          'https://www.transtutors.com/questions/21-what-region-was-described-as-the-breadbasket-of-india-a-punjab-and-haryana-b-utta-4440382.htm',
          'https://www.transtutors.com/questions/6-essay-questions-1-give-an-example-of-currency-depreciation-and-appreciation-2-in-t-4440381.htm',
          'https://www.transtutors.com/questions/4-inflation-is-best-described-as-a-situation-in-which-a-relative-prices-are-changing-4440380.htm',
          'https://www.transtutors.com/questions/43-when-income-is-15-000-the-amount-of-income-taxes-owed-is-2-000-when-income-increa-4440379.htm',
          'https://www.transtutors.com/questions/23-under-a-progressive-income-tax-system-the-marginal-income-tax-rate-paid-by-taxpay-4440378.htm',
          'https://www.transtutors.com/questions/13-an-example-of-a-regressive-tax-is-the-a-corporate-income-tax-b-personal-income-ta-4440377.htm',
          'https://www.transtutors.com/questions/3-the-marginal-income-tax-rate-applies-to-a-all-income-earned-by-a-family-b-the-inco-4440376.htm',
          'https://www.transtutors.com/questions/8-why-do-people-and-firms-in-the-united-states-supply-dollars-to-the-foreign-exchang-4440375.htm',
          'https://www.transtutors.com/questions/54-if-all-prices-in-the-economy-go-up-from-one-year-to-the-next-the-cpi-index-using--4440374.htm',
          'https://www.transtutors.com/questions/34-inflation-refers-to-the-situation-when-a-the-prices-of-necessities-increase-b-the-4440373.htm',
          'https://www.transtutors.com/questions/111-given-the-following-data-calculate-the-gdp-a-gdp-11-400-b-gdp-12-000-c-gdp-12-40-4440372.htm',
          'https://www.transtutors.com/questions/a-the-united-states-b-japan-c-france-d-the-united-kingdom-e-australia-a-new-guinea-b-4440371.htm',
          'https://www.transtutors.com/questions/51-if-you-were-going-to-contract-a-facility-by-removing-10-of-the-older-seats-but-th-4440370.htm',
          'https://www.transtutors.com/questions/44-a-firm-produces-a-good-and-generates-5-million-in-receipts-wages-are-3-million-re-4440369.htm',
          'https://www.transtutors.com/questions/16-there-has-been-some-concern-in-the-united-states-that-people-are-not-saving-enoug-4440368.htm',
          'https://www.transtutors.com/questions/multiple-choice-1-the-author-of-the-text-defines-economics-as-the-a-science-of-effic-4440367.htm',
          'https://www.transtutors.com/questions/7-explain-why-the-ceteris-paribus-assumption-is-essential-when-assessing-an-economic-4440366.htm',
          'https://www.transtutors.com/questions/essay-1-describe-at-least-three-of-the-key-concepts-in-economics-introduced-in-chapt-4440365.htm',
          'https://www.transtutors.com/questions/81-which-of-the-following-statements-is-true-a-oil-is-classified-in-the-resource-cat-4440364.htm',
          'https://www.transtutors.com/questions/91-deciding-at-the-margin-is-an-all-or-nothing-decision-a-consistent-with-b-inconsis-4440363.htm',
          'https://www.transtutors.com/questions/11-to-an-economist-the-terms-factor-and-resource-are-synonyms-12-according-to-econom-4440362.htm',
          'https://www.transtutors.com/questions/exhibit-1-3-point-x-y-a-58-b-106-c-154-d-202-115-refer-to-exhibit-1-3-according-to-t-4440361.htm'],
 'project': ['trans'],
 'referring_link': ['https://www.transtutors.com/questions/economics/267/'],
 'spider': ['trans_links']}
2020-02-05 23:30:35 [scrapy.core.engine] DEBUG: Crawled (200) <GET https://www.transtutors.com/questions/economics/269/> (referer: https://www.google.com/) ['cached']
2020-02-05 23:30:35 [scrapy.core.scraper] DEBUG: Scraped from <200 https://www.transtutors.com/questions/economics/268/>
{'category': ['economy'],
 'date': [datetime.datetime(2020, 2, 5, 23, 30, 35, 41769)],
 'link': ['https://www.transtutors.com/questions/125-a-three-word-synonym-for-the-term-ceteris-paribus-is-a-quot-nothing-else-changes-4440360.htm',
          'https://www.transtutors.com/questions/true-false-1-the-branch-of-economics-that-studies-the-decisions-made-by-individuals--4440359.htm',
          'https://www.transtutors.com/questions/4-define-crowding-out-give-a-hypothetical-numerical-example-to-show-the-difference-b-4440358.htm',
          'https://www.transtutors.com/questions/51-the-question-of-how-a-tax-change-might-impact-u-s-economic-output-is-most-closely-4440357.htm',
          'https://www.transtutors.com/questions/11-suppose-aggregate-demand-is-too-low-to-bring-about-the-natural-real-gdp-level-a-k-4440356.htm',
          'https://www.transtutors.com/questions/52-here-is-a-consumption-function-c-c-0-mpc-y-d-if-mpc-is-0-80-then-we-know-that-a-a-4440355.htm',
          'https://www.transtutors.com/questions/121-there-are-no-idle-resources-the-multiplier-is-operative-and-autonomous-spending--4440354.htm',
          'https://www.transtutors.com/questions/47-between-the-data-lag-and-the-legislative-lag-falls-the-lag-a-effectiveness--4440353.htm',
          'https://www.transtutors.com/questions/7-numeric-and-graphing-questions-price-level-gdp-deflator-2005-100-quantity-of-real--4440352.htm',
          'https://www.transtutors.com/questions/6-explain-how-the-keynesian-view-differs-from-the-classical-view-with-respect-to-sav-4440351.htm',
          'https://www.transtutors.com/questions/essay-1-list-and-describe-three-of-the-five-different-lags-that-can-occur-which-may--4440350.htm',
          'https://www.transtutors.com/questions/31-in-all-cases-microeconomics-deals-with-a-what-is-b-what-should-be-c-relatively-sm-4440349.htm',
          'https://www.transtutors.com/questions/91-the-more-firms-that-pay-efficiency-wages-the-a-more-likely-the-economy-will-get-s-4440348.htm',
          'https://www.transtutors.com/questions/11-it-usually-takes-less-time-to-buy-a-six-pack-of-7-up-a-loaf-of-bread-and-a-half-g-4440347.htm',
          'https://www.transtutors.com/questions/67-if-an-economist-recommends-that-the-government-reduce-the-tax-rate-in-order-to-in-4440346.htm',
          'https://www.transtutors.com/questions/57-to-eliminate-a-recessionary-gap-keynesian-theory-indicates-that-government-should-4440345.htm',
          'https://www.transtutors.com/questions/128-suppose-the-economy-is-in-a-recessionary-gap-if-government-expenditures-are-curr-4440344.htm',
          'https://www.transtutors.com/questions/exhibit-10-8-disposable-income-consumption-0-300-500675-1-0001-050-1-5001-425-2-0001-4440343.htm',
          'https://www.transtutors.com/questions/21-some-economists-argue-that-a-rise-in-the-interest-rate-brought-about-by-a-rise-in-4440342.htm',
          'https://www.transtutors.com/questions/multiple-choice-1-to-an-economist-money-is-a-synonym-for-which-of-the-following-a-in-4440341.htm',
          'https://www.transtutors.com/questions/131-given-that-the-economy-is-operating-in-the-horizontal-section-of-the-aggregate-s-4440340.htm',
          'https://www.transtutors.com/questions/multiple-choice-1-according-to-keynes-what-households-plan-to-save-a-always-equals-w-4440339.htm',
          'https://www.transtutors.com/questions/101-if-consumption-is-1-230-when-disposable-income-is-1-420-and-consumption-is-1-400-4440338.htm',
          'https://www.transtutors.com/questions/71-which-of-the-following-statements-is-false-a-to-an-economist-the-resource-land-in-4440337.htm',
          'https://www.transtutors.com/questions/exhibit-10-9-marginal-propensity-to-consume-mpc-marginal-propensity-to-save-mps-mult-4440336.htm',
          'https://www.transtutors.com/questions/61-if-variable-x-goes-down-as-variable-y-goes-down-then-x-and-y-are-a-directly-relat-4440335.htm',
          'https://www.transtutors.com/questions/42-which-of-the-following-statements-is-false-a-keynes-believed-that-monopolistic-el-4440334.htm',
          'https://www.transtutors.com/questions/exhibit-11-4-taxable-income-taxes-0-23-00015-of-taxable-income-23-001-42-000-3-450-2-4440333.htm',
          'https://www.transtutors.com/questions/essay-1-explain-the-sequence-of-events-that-occurs-in-the-economy-once-total-product-4440332.htm',
          'https://www.transtutors.com/questions/62-when-the-mpc-0-9-the-multiplier-is-a-0-20-b-1-25-c-2-50-d-5-00-e-10-00-63-when-th-4440331.htm',
          'https://www.transtutors.com/questions/97-which-of-the-following-is-an-example-of-automatic-fiscal-policy-a-the-government--4440330.htm',
          'https://www.transtutors.com/questions/77-the-economy-is-in-a-recessionary-gap-wages-are-inflexible-downward-and-there-is-c-4440329.htm',
          'https://www.transtutors.com/questions/multiple-choice-1-a-balanced-budget-occurs-when-a-the-national-debt-is-reduced-to-ze-4440328.htm',
          'https://www.transtutors.com/questions/87-if-checkable-deposits-rise-it-follows-that-the-a-required-reserve-ratio-will-fall-4440327.htm',
          'https://www.transtutors.com/questions/87-income-tax-revenues-rise-as-income-tax-rates-fall-it-follows-that-the-a-percentag-4440326.htm',
          'https://www.transtutors.com/questions/32-according-to-the-efficiency-wage-model-firms-tend-to-pay-workers-a-the-market-cle-4440324.htm',
          'https://www.transtutors.com/questions/11-a-consumption-function-is-a-statement-that-shows-the-relationship-between-interes-4440323.htm',
          'https://www.transtutors.com/questions/21-the-condition-in-an-economy-that-makes-a-quot-rationing-device-quot-a-necessity-i-4440322.htm',
          'https://www.transtutors.com/questions/107-the-unique-feature-of-a-progressive-income-tax-is-that-the-higher-one-39-s-incom-4440321.htm',
          'https://www.transtutors.com/questions/41-in-economics-scarcity-implies-a-disutility-b-utility-c-choice-d-inefficiency-e-a--4440320.htm',
          'https://www.transtutors.com/questions/11-a-quot-flat-tax-quot-is-another-term-for-a-regressive-tax-12-the-united-states-cu-4440319.htm',
          'https://www.transtutors.com/questions/111-which-of-the-following-is-true-a-if-mpc-0-50-then-the-multiplier-is-2-00-b-if-mp-4440318.htm',
          'https://www.transtutors.com/questions/77-bank-deposits-at-the-federal-reserve-40-billion-vault-cash-2-billion-the-required-4440317.htm',
          'https://www.transtutors.com/questions/true-false-1-keynes-believed-that-saving-is-more-responsive-to-changes-in-income-tha-4440316.htm',
          'https://www.transtutors.com/questions/51-compared-to-the-australian-aborigines-the-maori-of-new-zealand-have-more-power-an-4440315.htm',
          'https://www.transtutors.com/questions/true-false-1-a-federal-budget-surplus-occurs-when-government-expenditures-exceed-tax-4440314.htm',
          'https://www.transtutors.com/questions/11-controlling-the-nation-39-s-money-supply-is-the-most-important-duty-of-the-federa-4440313.htm',
          'https://www.transtutors.com/questions/84-suppose-a-constant-money-growth-rate-rule-of-3-percent-is-being-considered-if-it--4440312.htm',
          'https://www.transtutors.com/questions/essay-1-describe-the-difference-between-the-simple-quantity-theory-of-money-and-the--4440311.htm',
          'https://www.transtutors.com/questions/74-to-eliminate-a-recessionary-gap-the-fed-typically-uses-monetary-policy-and-to--4440310.htm'],
 'project': ['trans'],
 'referring_link': ['https://www.transtutors.com/questions/economics/268/'],
 'spider': ['trans_links']}
2020-02-05 23:30:35 [scrapy.core.engine] DEBUG: Crawled (200) <GET https://www.transtutors.com/questions/economics/270/> (referer: https://www.google.com/) ['cached']
2020-02-05 23:30:35 [scrapy.core.scraper] DEBUG: Scraped from <200 https://www.transtutors.com/questions/economics/269/>
{'category': ['economy'],
 'date': [datetime.datetime(2020, 2, 5, 23, 30, 35, 235531)],
 'link': ['https://www.transtutors.com/questions/41-which-of-the-following-will-decrease-the-money-supply-a-an-increase-in-the-discou-4440309.htm',
          'https://www.transtutors.com/questions/51-the-store-of-value-function-of-money-refers-to-the-ability-of-money-to-a-facilita-4440308.htm',
          'https://www.transtutors.com/questions/true-false-1-to-an-economist-the-terms-quot-money-quot-and-quot-wealth-quot-are-syno-4440307.htm',
          'https://www.transtutors.com/questions/multiple-choice-1-the-demand-for-money-curve-illustrates-the-relationship-between-th-4440306.htm',
          'https://www.transtutors.com/questions/31-in-the-history-of-banking-warehouse-receipts-refer-to-receipts-a-that-goldsmiths--4440305.htm',
          'https://www.transtutors.com/questions/124-there-is-an-increase-in-the-money-supply-and-the-interest-rate-does-not-change-t-4440304.htm',
          'https://www.transtutors.com/questions/101-if-the-fed-lowers-the-required-reserve-ratio-in-the-banking-system-will-remain--4440303.htm',
          'https://www.transtutors.com/questions/81-the-major-policy-making-group-within-the-fed-is-the-committee-a-federal-reserve-t-4440302.htm',
          'https://www.transtutors.com/questions/71-which-of-the-following-fed-actions-will-decrease-the-money-supply-a-an-open-marke-4440301.htm',
          'https://www.transtutors.com/questions/78-in-the-monetarist-version-of-the-ad-as-framework-starting-from-long-run-equilibri-4440300.htm',
          'https://www.transtutors.com/questions/41-monetarists-believe-that-a-velocity-changes-in-a-predictable-way-b-aggregate-supp-4440299.htm',
          'https://www.transtutors.com/questions/51-ceteris-paribus-the-greater-the-increase-in-the-money-supply-the-the-inflation--4440298.htm',
          'https://www.transtutors.com/questions/143-suppose-that-the-fed-undertakes-an-open-market-sale-selling-1-million-worth-of-s-4440297.htm',
          'https://www.transtutors.com/questions/6-explain-the-difference-between-the-discount-rate-and-the-federal-funds-rate-if-the-4440296.htm',
          'https://www.transtutors.com/questions/multiple-choice-1-the-federal-reserve-system-is-the-a-federal-government-agency-that-4440295.htm',
          'https://www.transtutors.com/questions/31-suppose-the-economy-starts-off-producing-natural-real-gdp-next-aggregate-demand-r-4440294.htm',
          'https://www.transtutors.com/questions/21-the-original-boundaries-for-the-federal-reserve-districts-were-determined-based-o-4440293.htm',
          'https://www.transtutors.com/questions/essay-1-list-and-describe-the-three-major-monetary-policy-tools-the-federal-reserve--4440292.htm',
          'https://www.transtutors.com/questions/11-which-of-the-following-statements-is-false-a-money-is-the-only-good-that-can-or-d-4440291.htm',
          'https://www.transtutors.com/questions/11-the-existence-and-use-of-the-internet-has-lowered-the-transaction-costs-of-making-4440290.htm',
          'https://www.transtutors.com/questions/true-false-1-the-board-of-governors-of-the-federal-reserve-serves-on-a-larger-policy-4440289.htm',
          'https://www.transtutors.com/questions/21-quot-the-money-supply-multiplied-by-velocity-must-equal-gdp-quot-is-a-statement-o-4440288.htm',
          'https://www.transtutors.com/questions/94-one-criticism-of-monetary-policy-based-on-a-predetermined-steady-growth-rate-in-m-4440287.htm',
          'https://www.transtutors.com/questions/21-when-the-fed-was-created-its-governing-body-was-called-the-federal-reserve-board--4440286.htm',
          'https://www.transtutors.com/questions/18-suppose-that-during-2009-the-actual-real-gdp-of-chile-was-3-5-billion-pesos-at-th-4440285.htm',
          'https://www.transtutors.com/questions/124-raising-the-required-reserve-ratio-the-simple-deposit-multiplier-which-will--4440284.htm',
          'https://www.transtutors.com/questions/114-the-economy-is-in-a-recessionary-gap-and-there-is-evidence-that-the-economy-is-i-4440283.htm',
          'https://www.transtutors.com/questions/exhibit-1-balance-sheet-bank-a-millions-assets-liabilities-required-reserves-20check-4440282.htm',
          'https://www.transtutors.com/questions/91-the-president-of-the-holds-a-permanent-seat-on-the-fomc-a-united-states-4440281.htm',
          'https://www.transtutors.com/questions/61-bank-a-has-checkable-deposits-of-10-million-and-total-reserves-of-1-million-the-r-4440280.htm',
          'https://www.transtutors.com/questions/104-the-economy-is-in-the-horizontal-portion-of-the-as-curve-there-is-a-liquidity-tr-4440279.htm',
          'https://www.transtutors.com/questions/31-if-banks-are-currently-holding-zero-excess-reserves-and-the-fed-lowers-the-requir-4440278.htm',
          'https://www.transtutors.com/questions/11-the-fed-a-can-examine-the-books-of-a-member-bank-without-warning-b-can-examine-th-4440277.htm',
          'https://www.transtutors.com/questions/exhibit-13-2-federal-reserve-action-effect-on-the-money-supply-raise-the-required-re-4440276.htm',
          'https://www.transtutors.com/questions/true-false-1-the-equation-of-exchange-is-an-economic-theory-2-in-the-simple-quantity-4440275.htm',
          'https://www.transtutors.com/questions/exhibit-13-1-bank-increase-in-checkable-deposits-new-required-reservesnew-checkable--4440274.htm',
          'https://www.transtutors.com/questions/61-in-the-federal-funds-market-a-banks-make-loans-to-the-fed-b-banks-make-loans-to-o-4440273.htm',
          'https://www.transtutors.com/questions/essay-1-describe-the-circumstances-under-which-the-m1-money-supply-could-fall-while--4440272.htm',
          'https://www.transtutors.com/questions/51-when-a-bank-obtains-a-loan-from-the-fed-it-follows-that-the-a-simple-deposit-mult-4440271.htm',
          'https://www.transtutors.com/questions/41-bank-a-has-checkable-deposits-of-800-000-and-total-reserves-of-200-000-if-the-req-4440270.htm',
          'https://www.transtutors.com/questions/68-which-of-the-following-variables-is-capable-of-continually-increasing-aggregate-d-4440269.htm',
          'https://www.transtutors.com/questions/21-a-quot-money-market-deposit-account-quot-is-a-n-a-checking-account-that-pays-no-i-4440268.htm',
          'https://www.transtutors.com/questions/multiple-choice-1-monetarists-can-be-described-as-a-group-of-macroeconomists-who-a-e-4440267.htm',
          'https://www.transtutors.com/questions/11-in-the-equation-of-exchange-the-average-number-of-times-a-dollar-is-used-to-purch-4440266.htm',
          'https://www.transtutors.com/questions/88-which-of-the-following-statements-is-false-a-the-exchange-equation-assumes-that-v-4440265.htm',
          'https://www.transtutors.com/questions/true-false-1-the-keynesian-transmission-mechanism-could-be-blocked-by-either-interes-4440264.htm',
          'https://www.transtutors.com/questions/essay-1-describe-the-keynesian-transmission-mechanism-for-a-decrease-in-the-money-su-4440263.htm',
          'https://www.transtutors.com/questions/51-economist-a-believes-the-economy-is-self-regulating-economist-b-believes-that-wag-4440262.htm',
          'https://www.transtutors.com/questions/exhibit-17-1-production-function-real-gdp-t-l-k-such-that-real-gdp-t-l-k-assume-that-4440261.htm',
          'https://www.transtutors.com/questions/multiple-choice-1-quot-absolute-real-economic-growth-quot-is-defined-as-an-increase--4440260.htm'],
 'project': ['trans'],
 'referring_link': ['https://www.transtutors.com/questions/economics/269/'],
 'spider': ['trans_links']}
2020-02-05 23:30:35 [scrapy.core.engine] DEBUG: Crawled (200) <GET https://www.transtutors.com/questions/economics/271/> (referer: https://www.google.com/) ['cached']
2020-02-05 23:30:35 [scrapy.core.scraper] DEBUG: Scraped from <200 https://www.transtutors.com/questions/economics/270/>
{'category': ['economy'],
 'date': [datetime.datetime(2020, 2, 5, 23, 30, 35, 392578)],
 'link': ['https://www.transtutors.com/questions/multiple-choice-1-elasticity-of-investment-measures-the-responsiveness-of-a-interest-4440259.htm',
          'https://www.transtutors.com/questions/a-full-employment-below-full-employment-above-full-employment-b-below-full-employmen-4440258.htm',
          'https://www.transtutors.com/questions/21-if-the-average-tax-rate-falls-by-20-and-as-a-result-the-tax-base-rises-by-20-tax--4440257.htm',
          'https://www.transtutors.com/questions/48-economist-jones-favors-a-constant-money-growth-rate-rule-she-says-that-if-the-ann-4440256.htm',
          'https://www.transtutors.com/questions/107-as-the-price-level-rises-real-wage-and-people-choose-to-work-a-rises--4440255.htm',
          'https://www.transtutors.com/questions/11-technological-advances-make-it-possible-to-a-produce-goods-without-using-any-reso-4440254.htm',
          'https://www.transtutors.com/questions/41-economist-b-says-all-of-the-following-the-economy-needs-expansionary-fiscal-polic-4440253.htm',
          'https://www.transtutors.com/questions/44-according-to-new-keynesian-theory-if-policy-is-correctly-anticipated-increases-in-4440252.htm',
          'https://www.transtutors.com/questions/exhibit-15-4-state-of-the-money-market-state-of-the-bond-market-shortage-a-surplus-b-4440251.htm',
          'https://www.transtutors.com/questions/multiple-choice-1-a-w-phillips-collected-data-on-the-rate-of-change-in-money-wages-a-4440250.htm',
          'https://www.transtutors.com/questions/21-if-real-gdp-is-6-billion-and-the-population-is-300-000-per-capita-real-gdp-is-a-3-4440249.htm',
          'https://www.transtutors.com/questions/true-false-1-if-the-value-of-a-bank-s-assets-is-rising-a-high-leverage-ratio-increas-4440248.htm',
          'https://www.transtutors.com/questions/essay-1-list-and-describe-four-factors-that-can-contribute-to-economic-growth-2-desc-4440247.htm',
          'https://www.transtutors.com/questions/41-as-a-bank-approaches-insolvency-it-is-likely-to-a-decrease-its-lending-activities-4440246.htm',
          'https://www.transtutors.com/questions/34-new-keynesian-theorists-argue-that-a-price-and-wage-adjustments-in-response-to-po-4440245.htm',
          'https://www.transtutors.com/questions/essay-1-describe-the-policy-ineffectiveness-proposition-pip-be-sure-to-state-which-e-4440244.htm',
          'https://www.transtutors.com/questions/74-the-samuelson-and-solow-phillips-curve-suggested-a-n-relationship-between-the-rat-4440243.htm',
          'https://www.transtutors.com/questions/31-a-subprime-mortgage-loan-is-a-loan-granted-to-persons-who-a-have-unusually-good-c-4440242.htm',
          'https://www.transtutors.com/questions/11-as-the-interest-rate-falls-the-quantity-supplied-of-money-falls-and-the-quantity--4440241.htm',
          'https://www.transtutors.com/questions/essay-1-define-the-terms-financial-sector-and-real-sector-describe-the-processes-by--4440240.htm',
          'https://www.transtutors.com/questions/5-using-the-labor-market-the-production-function-real-gdp-t-l-k-and-the-lras-curve-d-4440239.htm',
          'https://www.transtutors.com/questions/11-the-keynesian-transmission-mechanism-might-get-blocked-if-a-investment-is-insensi-4440238.htm',
          'https://www.transtutors.com/questions/21-the-federal-national-mortgage-association-fnma-also-known-as-fannie-mae-was-estab-4440237.htm',
          'https://www.transtutors.com/questions/true-false-1-if-the-annual-growth-rate-in-real-gdp-is-2-percent-then-it-will-take-50-4440236.htm',
          'https://www.transtutors.com/questions/31-economist-b-believes-that-the-economy-can-get-stuck-in-a-recessionary-gap-this-ec-4440235.htm',
          'https://www.transtutors.com/questions/51-when-a-production-function-is-graphed-with-real-gdp-on-the-vertical-axis-and-labo-4440234.htm',
          'https://www.transtutors.com/questions/8-what-is-the-effect-on-the-aggregate-demand-curve-from-an-increase-in-the-price-lev-4440233.htm',
          'https://www.transtutors.com/questions/64-under-new-keynesian-theory-a-correctly-anticipated-decrease-in-aggregate-demand-w-4440232.htm',
          'https://www.transtutors.com/questions/multiple-choice-1-insolvency-is-a-condition-where-a-firm-s-a-liabilities-are-greater-4440231.htm',
          'https://www.transtutors.com/questions/64-the-quantity-demanded-of-money-is-a-inversely-related-to-the-interest-rate-b-dire-4440230.htm',
          'https://www.transtutors.com/questions/11-the-terms-rational-expectations-and-adaptive-expectations-are-two-different-names-4440229.htm',
          'https://www.transtutors.com/questions/11-suppose-that-a-bank-has-500-million-in-asset-x-400-million-in-asset-y-and-200-mil-4440228.htm',
          'https://www.transtutors.com/questions/11-which-of-the-following-is-true-a-when-income-tax-rates-fall-it-is-possible-for-ta-4440227.htm',
          'https://www.transtutors.com/questions/21-suppose-the-money-market-is-in-the-liquidity-trap-and-the-fed-increases-the-suppl-4440226.htm',
          'https://www.transtutors.com/questions/38-a-decrease-in-the-money-supply-will-shift-the-aggregate-curve-to-the--4440225.htm',
          'https://www.transtutors.com/questions/31-in-contrast-to-neoclassical-growth-theory-new-growth-theory-lays-more-emphasis-on-4440224.htm',
          'https://www.transtutors.com/questions/102-if-the-mpc-equals-0-75-then-a-for-every-100-increase-in-consumption-expenditure--4440223.htm',
          'https://www.transtutors.com/questions/true-false-1-if-stagflation-is-present-the-short-run-phillips-curve-is-vertical-2-ac-4440222.htm',
          'https://www.transtutors.com/questions/31-if-the-price-of-good-a-decreases-by-10-percent-and-the-quantity-demanded-of-good--4440221.htm',
          'https://www.transtutors.com/questions/true-false-1-if-dan-39-s-marginal-utility-from-eating-one-apple-is-100-utils-and-jor-4440220.htm',
          'https://www.transtutors.com/questions/true-false-1-price-elasticity-of-demand-is-the-ratio-of-the-percentage-change-in-pri-4440219.htm',
          'https://www.transtutors.com/questions/5-explain-the-difference-between-price-elasticity-of-demand-and-the-slope-of-a-deman-4440218.htm',
          'https://www.transtutors.com/questions/116-suppose-that-there-are-two-cities-that-are-alike-in-every-way-except-that-one-ci-4440217.htm',
          'https://www.transtutors.com/questions/11-if-quantity-demanded-is-completely-unresponsive-to-changes-in-price-demand-is-a-i-4440216.htm',
          'https://www.transtutors.com/questions/133-if-the-seller-of-good-x-raises-the-price-of-good-x-it-follows-that-the-total-rev-4440215.htm',
          'https://www.transtutors.com/questions/essay-1-give-a-definition-of-an-advance-in-technology-suppose-that-you-are-drawing-a-4440214.htm',
          'https://www.transtutors.com/questions/21-vernon-spends-the-following-percentages-of-his-budget-on-the-following-goods-23-p-4440213.htm',
          'https://www.transtutors.com/questions/essay-1-according-to-the-standard-textbook-keynesian-analysis-which-is-greater-the-t-4440212.htm',
          'https://www.transtutors.com/questions/exhibit-2-8-maria-maya-good-xgood-ygood-xgood-y-900600-60304010-30602020-090030-121--4440211.htm',
          'https://www.transtutors.com/questions/87-the-price-elasticity-of-demand-indicates-a-a-buyer-39-s-responsiveness-to-price-c-4440210.htm'],
 'project': ['trans'],
 'referring_link': ['https://www.transtutors.com/questions/economics/270/'],
 'spider': ['trans_links']}
2020-02-05 23:30:35 [scrapy.core.engine] DEBUG: Crawled (200) <GET https://www.transtutors.com/questions/economics/272/> (referer: https://www.google.com/) ['cached']
2020-02-05 23:30:35 [scrapy.core.scraper] DEBUG: Scraped from <200 https://www.transtutors.com/questions/economics/271/>
{'category': ['economy'],
 'date': [datetime.datetime(2020, 2, 5, 23, 30, 35, 558184)],
 'link': ['https://www.transtutors.com/questions/115-michael-can-produce-the-following-combinations-of-x-and-y-10x-and-10y-5x-and-15y-4440209.htm',
          'https://www.transtutors.com/questions/123-the-price-elasticity-of-demand-for-a-given-good-is-2-3-this-implies-that-if-pric-4440208.htm',
          'https://www.transtutors.com/questions/essay-1-list-and-describe-four-factors-that-are-relevant-to-the-determination-of-pri-4440207.htm',
          'https://www.transtutors.com/questions/exhibit-2-9-alex-adam-good-agood-bgood-agood-b-03000160-2522530120-501506080-7575904-4440206.htm',
          'https://www.transtutors.com/questions/86-the-diamond-water-paradox-holds-that-often-things-that-have-high-have-a--4440205.htm',
          'https://www.transtutors.com/questions/true-false-1-it-is-a-fact-that-the-government-spending-multiplier-is-always-greater--4440204.htm',
          'https://www.transtutors.com/questions/143-if-the-demand-for-good-x-is-inelastic-in-the-short-run-then-it-will-be-in-the-lo-4440203.htm',
          'https://www.transtutors.com/questions/32-over-time-in-a-growing-economy-the-long-run-aggregate-supply-curve-will-a-become--4440202.htm',
          'https://www.transtutors.com/questions/11-a-ppf-can-a-shift-outward-but-not-inward-b-shift-inward-but-not-outward-c-shift-i-4440201.htm',
          'https://www.transtutors.com/questions/41-if-for-good-z-income-elasticity-is-greater-than-1-then-demand-for-good-z-is-incom-4440200.htm',
          'https://www.transtutors.com/questions/multiple-choice-1-price-elasticity-of-demand-is-a-measure-of-the-responsiveness-of-q-4440199.htm',
          'https://www.transtutors.com/questions/105-the-economy-was-at-point-a-producing-100x-and-200y-it-moved-to-point-b-where-it--4440198.htm',
          'https://www.transtutors.com/questions/97-if-the-demand-for-a-product-is-perfectly-elastic-a-tax-of-1-per-unit-imposed-on-s-4440197.htm',
          'https://www.transtutors.com/questions/true-false-1-a-decrease-in-unemployment-causes-the-ppf-to-shift-outward-to-the-right-4440196.htm',
          'https://www.transtutors.com/questions/11-from-the-sellers-39-perspective-it-is-most-desirable-for-a-product-to-be-perfectl-4440195.htm',
          'https://www.transtutors.com/questions/exhibit-21-4-units-of-good-consumed-total-utility-utils-marginal-utility-utils-15050-4440194.htm',
          'https://www.transtutors.com/questions/multiple-choice-1-the-diamond-water-paradox-is-the-observation-that-a-those-things-t-4440193.htm',
          'https://www.transtutors.com/questions/95-an-economy-can-produce-either-of-these-two-combinations-of-goods-x-and-y-1-000x-a-4440192.htm',
          'https://www.transtutors.com/questions/multiple-choice-1-points-outside-or-beyond-the-ppf-are-a-attainable-b-unattainable-c-4440191.htm',
          'https://www.transtutors.com/questions/153-as-the-price-of-a-good-falls-from-5-to-3-the-quantity-supplied-of-the-good-falls-4440190.htm',
          'https://www.transtutors.com/questions/96-the-mu-p-ratio-for-good-x-is-greater-than-the-mu-p-ratio-for-good-y-to-achieve-co-4440189.htm',
          'https://www.transtutors.com/questions/69-the-price-elasticity-of-demand-is-a-always-positive-b-usually-negative-but-could--4440188.htm',
          'https://www.transtutors.com/questions/21-a-decrease-in-the-quantity-of-resources-a-shifts-the-ppf-leftward-b-shifts-the-pp-4440187.htm',
          'https://www.transtutors.com/questions/exhibit-20-3-price-of-good-a-quantity-demanded-of-good-a-quantity-supplied-of-good-a-4440186.htm',
          'https://www.transtutors.com/questions/80-in-long-run-equilibrium-the-perfectly-competitive-firm-earns-economic-profits--4440185.htm',
          'https://www.transtutors.com/questions/situation-22-4-joe-is-the-owner-operator-of-joe-39-s-haircuts-unlimited-last-year-he-4440184.htm',
          'https://www.transtutors.com/questions/11-in-the-theory-of-perfect-competition-a-the-market-demand-curve-is-horizontal-b-th-4440183.htm',
          'https://www.transtutors.com/questions/exhibit-22-8-units-of-labor-units-of-output-00-150-2110-3155-4185-5205-116-exhibit-2-4440182.htm',
          'https://www.transtutors.com/questions/6-describe-the-difference-between-market-coordination-and-managerial-coordination-gi-4440181.htm',
          'https://www.transtutors.com/questions/170-economies-of-scale-are-relevant-to-the-whereas-the-law-of-diminishing-marginal--4440180.htm',
          'https://www.transtutors.com/questions/exhibit-22-12-variable-input-fixed-input-quantity-of-output-marginal-physical-produc-4440179.htm',
          'https://www.transtutors.com/questions/51-the-theory-of-consumer-choice-assumes-that-consumers-attempt-to-maximize-a-the-di-4440178.htm',
          'https://www.transtutors.com/questions/103-the-data-in-the-above-table-indicate-that-the-economy-will-be-in-a-short-run-mac-4440177.htm',
          'https://www.transtutors.com/questions/11-an-unrecoverable-cost-that-should-be-disregarded-in-any-current-or-future-decisio-4440176.htm',
          'https://www.transtutors.com/questions/exhibit-22-2-1-2-3-4-5-variable-input-total-variable-cost-total-fixed-cost-output-ma-4440175.htm',
          'https://www.transtutors.com/questions/essay-1-what-is-the-typical-shape-of-the-afc-curve-explain-why-it-is-shaped-this-way-4440174.htm',
          'https://www.transtutors.com/questions/160-which-of-the-following-is-correct-a-changes-in-marginal-productivity-change-marg-4440173.htm',
          'https://www.transtutors.com/questions/11-adam-smith-observed-that-often-things-that-have-the-greatest-value-in-use-or-are--4440172.htm',
          'https://www.transtutors.com/questions/21-which-of-the-following-statements-is-false-a-a-millionaire-definitely-receives-le-4440171.htm',
          'https://www.transtutors.com/questions/true-false-1-as-marginal-cost-rises-average-variable-cost-necessarily-rises-2-accoun-4440170.htm',
          'https://www.transtutors.com/questions/141-in-long-run-competitive-equilibrium-sratc-lratc-because-if-sratc-gt-lratc-at-the-4440169.htm',
          'https://www.transtutors.com/questions/21-if-the-world-economy-expands-so-that-foreign-demand-for-u-s-made-goods-increases--4440168.htm',
          'https://www.transtutors.com/questions/multiple-choice-1-which-of-the-following-is-not-an-assumption-of-the-theory-of-perfe-4440167.htm',
          'https://www.transtutors.com/questions/121-for-a-perfectly-competitive-firm-a-price-equals-marginal-revenue-only-for-the-fi-4440166.htm',
          'https://www.transtutors.com/questions/44-if-the-average-variable-cost-curve-is-falling-a-the-mc-curve-must-be-below-it-b-m-4440165.htm',
          'https://www.transtutors.com/questions/210-which-of-the-following-situations-would-prompt-individuals-to-try-to-form-a-team-4440164.htm',
          'https://www.transtutors.com/questions/essay-1-explain-the-difference-between-total-utility-and-marginal-utility-give-a-hyp-4440163.htm',
          'https://www.transtutors.com/questions/exhibit-23-10-output-q-total-revenue-total-cost-0-0-10-1-25-40-2-50-60-3-75-70-4-100-4440162.htm',
          'https://www.transtutors.com/questions/21-at-100-units-of-output-total-cost-is-22-000-and-total-variable-cost-is-14-000-at--4440161.htm',
          'https://www.transtutors.com/questions/151-the-long-run-industry-supply-curve-is-the-graphic-representation-of-the-quantity-4440160.htm'],
 'project': ['trans'],
 'referring_link': ['https://www.transtutors.com/questions/economics/271/'],
 'spider': ['trans_links']}
2020-02-05 23:30:35 [scrapy.core.engine] DEBUG: Crawled (200) <GET https://www.transtutors.com/questions/economics/273/> (referer: https://www.google.com/) ['cached']
2020-02-05 23:30:35 [scrapy.core.scraper] DEBUG: Scraped from <200 https://www.transtutors.com/questions/economics/272/>
{'category': ['economy'],
 'date': [datetime.datetime(2020, 2, 5, 23, 30, 35, 717444)],
 'link': ['https://www.transtutors.com/questions/exhibit-22-3-variable-input-fixed-input-output-marginal-physical-product-of-variable-4440159.htm',
          'https://www.transtutors.com/questions/11-economies-of-scale-are-exclusively-a-long-run-phenomenon-while-the-law-of-diminis-4440158.htm',
          'https://www.transtutors.com/questions/140-which-of-the-following-is-true-of-average-fixed-costs-in-the-long-run-a-average--4440157.htm',
          'https://www.transtutors.com/questions/11-the-perfectly-competitive-firm-39-s-short-run-supply-curve-is-that-portion-of-its-4440156.htm',
          'https://www.transtutors.com/questions/true-false-1-for-a-perfectly-competitive-firm-the-demand-curve-is-horizontal-at-the--4440155.htm',
          'https://www.transtutors.com/questions/exhibit-22-11-quantity-of-output-total-cost-0-100-1-170-2-220-3-280-4-355-5-445-6-54-4440154.htm',
          'https://www.transtutors.com/questions/72-which-of-the-following-is-probably-not-an-acceptable-solution-to-the-problem-of-d-4440153.htm',
          'https://www.transtutors.com/questions/exhibit-22-1-1-2-3-4-variable-input-fixed-input-quantity-of-output-mpp-of-variable-i-4440152.htm',
          'https://www.transtutors.com/questions/exhibit-21-1-units-of-plums-total-utility-of-plums-utils-122-234-344-452-557-61-refe-4440151.htm',
          'https://www.transtutors.com/questions/150-the-owner-of-a-firm-signs-a-binding-one-year-lease-on-a-factory-for-10-000-rent--4440150.htm',
          'https://www.transtutors.com/questions/5-in-the-short-run-if-price-p-is-less-than-average-total-cost-atc-will-a-perfectly-c-4440149.htm',
          'https://www.transtutors.com/questions/131-equilibrium-price-is-10-in-a-perfectly-competitive-market-for-a-perfectly-compet-4440148.htm',
          'https://www.transtutors.com/questions/41-suppose-a-consumer-is-purchasing-coke-c-and-pretzels-p-in-quantities-such-that-he-4440147.htm',
          'https://www.transtutors.com/questions/essay-1-explain-the-difference-between-resource-allocative-efficiency-and-productive-4440146.htm',
          'https://www.transtutors.com/questions/31-dan-is-currently-consuming-10-cokes-and-5-slices-of-pizza-per-week-such-that-the--4440145.htm',
          'https://www.transtutors.com/questions/situation-22-1-diane-39-s-donuts-will-begin-selling-donuts-next-week-diane-figures-t-4440144.htm',
          'https://www.transtutors.com/questions/exhibit-21-3-apples-oranges-unitstotal-utilityunitstotal-utility-0000-115122-228241--4440143.htm',
          'https://www.transtutors.com/questions/200-an-economist-might-say-quot-the-market-guides-and-coordinates-individuals-39-act-4440142.htm',
          'https://www.transtutors.com/questions/11-suppose-you-are-eating-buffalo-wings-at-a-local-happy-hour-the-total-utils-from-d-4440141.htm',
          'https://www.transtutors.com/questions/multiple-choice-1-a-cost-that-is-incurred-when-an-actual-monetary-payment-is-made-is-4440140.htm',
          'https://www.transtutors.com/questions/60-is-it-possible-for-a-perfectly-competitive-firm-to-be-maximizing-profits-but-not--4440139.htm',
          'https://www.transtutors.com/questions/multiple-choice-1-which-of-the-following-is-an-assumption-of-the-theory-of-monopoly--4440138.htm',
          'https://www.transtutors.com/questions/31-if-a-perfectly-competitive-firm-and-a-monopolistic-competitor-in-long-run-equilib-4440137.htm',
          'https://www.transtutors.com/questions/88-suppose-an-industry-is-made-up-of-16-firms-three-firms-each-sell-12-percent-of-th-4440136.htm',
          'https://www.transtutors.com/questions/103-the-act-that-set-up-a-commission-to-deal-with-quot-unfair-methods-of-competition-4440135.htm',
          'https://www.transtutors.com/questions/133-in-the-past-it-was-theorized-that-firms-were-the-most-likely-to-innovate-in-rece-4440134.htm',
          'https://www.transtutors.com/questions/41-perfect-price-discrimination-is-discrimination-among-a-units-b-quantities-c-buyer-4440133.htm',
          'https://www.transtutors.com/questions/multiple-choice-1-which-of-the-following-is-not-an-assumption-of-the-theory-of-monop-4440132.htm',
          'https://www.transtutors.com/questions/11-the-prisoner-39-s-dilemma-can-be-used-to-help-analyze-such-diverse-topics-as-the--4440131.htm',
          'https://www.transtutors.com/questions/multiple-choice-1-the-sherman-act-of-1890-was-passed-with-the-intent-of-a-establishi-4440130.htm',
          'https://www.transtutors.com/questions/6-what-does-the-demand-curve-faced-by-a-monopolistic-competitive-firm-look-like-expl-4440129.htm',
          'https://www.transtutors.com/questions/93-modern-justice-department-guidelines-evaluate-mergers-according-to-how-they-would-4440128.htm',
          'https://www.transtutors.com/questions/71-the-monopolistic-competitive-firm-will-most-likely-earn-a-normal-profit-in-the-lo-4440127.htm',
          'https://www.transtutors.com/questions/true-false-1-the-excess-capacity-theorem-states-that-in-equilibrium-a-monopolistic-c-4440126.htm',
          'https://www.transtutors.com/questions/21-which-of-the-following-statements-is-true-a-a-monopolist-can-charge-whatever-pric-4440125.htm',
          'https://www.transtutors.com/questions/exhibit-24-9-quantity-sold-price-units-total-cost-1010-80-920-100-830130-740170-6502-4440124.htm',
          'https://www.transtutors.com/questions/21-if-a-perfectly-competitive-firm-and-a-monopolistic-competitive-firm-face-the-same-4440123.htm',
          'https://www.transtutors.com/questions/50-why-must-profits-be-zero-in-long-run-competitive-equilibrium-a-if-profits-are-not-4440122.htm',
          'https://www.transtutors.com/questions/125-a-single-price-monopolist-a-must-lower-price-on-all-previous-units-to-sell-an-ad-4440121.htm',
          'https://www.transtutors.com/questions/123-marginal-cost-regulatory-pricing-turns-out-to-be-the-same-as-output-regulation-f-4440120.htm',
          'https://www.transtutors.com/questions/70-at-the-quantity-where-total-revenue-equals-total-cost-a-profit-is-zero-b-cost-is--4440119.htm',
          'https://www.transtutors.com/questions/exhibit-24-8-quantity-total-revenue-total-cost-2-200-150-3-270-175-4-328-206-5-375-2-4440118.htm',
          'https://www.transtutors.com/questions/11-one-of-the-conditions-necessary-for-price-discrimination-is-that-the-seller-be-a--4440117.htm',
          'https://www.transtutors.com/questions/essay-1-list-and-describe-the-three-defining-assumptions-of-the-theory-of-monopolist-4440116.htm',
          'https://www.transtutors.com/questions/exhibit-23-1-1-2-3-price-quantity-sold-marginal-revenue-12100-12101-a-12102-b-12103--4440114.htm',
          'https://www.transtutors.com/questions/11-a-right-granted-to-a-firm-by-government-that-permits-the-firm-to-provide-a-partic-4440113.htm',
          'https://www.transtutors.com/questions/11-which-of-the-following-is-an-example-of-a-monopolistic-competitor-a-general-motor-4440112.htm',
          'https://www.transtutors.com/questions/51-suppose-johnny-seven-years-old-is-selling-lemonade-and-he-sells-each-of-his-buyer-4440111.htm',
          'https://www.transtutors.com/questions/135-one-difference-between-a-perfectly-competitive-firm-and-a-monopoly-firm-is-a-a-p-4440110.htm',
          'https://www.transtutors.com/questions/68-barriers-to-entry-include-all-of-the-following-except-a-exclusive-ownership-of-a--4440109.htm'],
 'project': ['trans'],
 'referring_link': ['https://www.transtutors.com/questions/economics/272/'],
 'spider': ['trans_links']}
2020-02-05 23:30:35 [scrapy.core.engine] DEBUG: Crawled (200) <GET https://www.transtutors.com/questions/economics/274/> (referer: https://www.google.com/) ['cached']
2020-02-05 23:30:35 [scrapy.core.scraper] DEBUG: Scraped from <200 https://www.transtutors.com/questions/economics/273/>
{'category': ['economy'],
 'date': [datetime.datetime(2020, 2, 5, 23, 30, 35, 858523)],
 'link': ['https://www.transtutors.com/questions/41-an-industry-is-composed-of-20-firms-all-with-equal-sales-the-eight-firm-concentra-4440108.htm',
          'https://www.transtutors.com/questions/51-which-of-the-following-is-not-a-condition-of-a-contestable-market-a-there-is-easy-4440107.htm',
          'https://www.transtutors.com/questions/98-because-of-one-assumption-in-the-theory-of-monopolistic-competition-the-excess-ca-4440106.htm',
          'https://www.transtutors.com/questions/true-false-1-by-definition-monopolists-sell-a-product-for-which-there-are-absolutely-4440105.htm',
          'https://www.transtutors.com/questions/113-the-market-shares-in-percentage-terms-for-the-12-firms-that-comprise-an-industry-4440104.htm',
          'https://www.transtutors.com/questions/31-a-monopolist-maximizes-profits-at-the-output-at-which-a-total-revenue-is-at-its-g-4440103.htm',
          'https://www.transtutors.com/questions/essay-1-define-price-discrimination-what-three-conditions-must-exist-before-a-firm-c-4440102.htm',
          'https://www.transtutors.com/questions/61-concentration-ratios-are-used-to-determine-a-the-number-of-firms-in-an-industry-b-4440101.htm',
          'https://www.transtutors.com/questions/138-which-of-the-following-can-change-the-supply-of-labor-in-say-labor-market-a-a-a--4440100.htm',
          'https://www.transtutors.com/questions/63-suppose-it-has-just-been-discovered-that-working-for-long-periods-of-time-at-a-co-4440099.htm',
          'https://www.transtutors.com/questions/11-all-economists-assert-that-the-national-collegiate-athletic-association-ncaa-is-a-4440098.htm',
          'https://www.transtutors.com/questions/67-the-herfindahl-index-a-measures-the-degree-of-concentration-in-an-industry-b-is-t-4440097.htm',
          'https://www.transtutors.com/questions/multiple-choice-1-which-of-the-following-is-a-possible-objective-of-labor-unions-a-e-4440096.htm',
          'https://www.transtutors.com/questions/11-an-quot-interlocking-directorate-quot-is-a-an-arrangement-whereby-the-leaders-of--4440095.htm',
          'https://www.transtutors.com/questions/essay-1-maria-and-lourdes-work-for-the-same-company-if-maria-earns-more-than-lourdes-4440094.htm',
          'https://www.transtutors.com/questions/true-false-1-the-clayton-act-of-1914-makes-price-discrimination-exclusive-dealers-ty-4440093.htm',
          'https://www.transtutors.com/questions/essay-1-how-does-the-four-firm-concentration-ratio-differ-from-the-herfindahl-index--4440092.htm',
          'https://www.transtutors.com/questions/exhibit-28-12-1-2-3-number-of-workers-wage-rate-marginal-revenue-product-1-20-45-2-2-4440091.htm',
          'https://www.transtutors.com/questions/essay-1-what-relationship-exists-between-marginal-factor-cost-mfc-and-wage-for-a-mon-4440090.htm',
          'https://www.transtutors.com/questions/situation-27-1-a-company-is-trying-to-decide-whether-it-should-produce-good-x-in-the-4440089.htm',
          'https://www.transtutors.com/questions/83-if-a-labor-union-specifies-that-certain-jobs-can-only-be-done-by-certain-people-f-4440088.htm',
          'https://www.transtutors.com/questions/multiple-choice-1-a-firm-that-is-a-price-taker-in-a-factor-market-faces-a-n-supply-c-4440087.htm',
          'https://www.transtutors.com/questions/12-what-are-fiscal-and-monetary-policies-do-they-have-an-immediate-effect-on-the-ad--4440086.htm',
          'https://www.transtutors.com/questions/53-which-of-the-following-is-a-reason-why-wage-rates-differ-a-in-the-short-run-deman-4440085.htm',
          'https://www.transtutors.com/questions/multiple-choice-1-which-of-the-following-statements-is-true-a-the-people-that-make-u-4440084.htm',
          'https://www.transtutors.com/questions/exhibit-27-5-units-of-labor-quantity-of-output-marginal-revenue-00-6-1100-6-2180-6-3-4440083.htm',
          'https://www.transtutors.com/questions/21-which-of-the-following-was-not-given-as-a-reason-for-income-differences-in-the-te-4440082.htm',
          'https://www.transtutors.com/questions/148-the-supply-of-labor-in-labor-market-x-is-a-function-of-or-depends-upon-a-wage-ra-4440081.htm',
          'https://www.transtutors.com/questions/19-suppose-a-factor-price-taker-purchases-one-unit-of-factor-x-for-10-at-what-price--4440080.htm',
          'https://www.transtutors.com/questions/118-marginal-revenue-product-is-a-the-additional-cost-of-employing-a-factor-b-the-ad-4440079.htm',
          'https://www.transtutors.com/questions/exhibit-27-1-1-2-3-4-units-of-factor-x-quantity-of-output-product-price-marginal-rev-4440078.htm',
          'https://www.transtutors.com/questions/82-the-value-of-marginal-product-vmp-is-a-equal-to-the-product-price-multiplied-by-t-4440077.htm',
          'https://www.transtutors.com/questions/21-the-justice-department-considers-a-herfindahl-index-that-is-to-be--4440076.htm',
          'https://www.transtutors.com/questions/exhibit-26-2-firms-market-shares-year-1-year-2-year-3-year-4-year-5-a35-50-30-25-20--4440075.htm',
          'https://www.transtutors.com/questions/93-which-of-the-following-is-false-a-for-the-monopsonist-marginal-factor-cost-decrea-4440074.htm',
          'https://www.transtutors.com/questions/41-the-lorenz-curve-is-a-graph-of-the-of-the-population-a-age-distribution-b-income--4440073.htm',
          'https://www.transtutors.com/questions/true-false-1-the-market-demand-curve-for-labor-is-the-horizontal-summation-of-the-fi-4440072.htm',
          'https://www.transtutors.com/questions/57-the-sherman-act-of-1890-a-made-interlocking-directorates-illegal-b-set-up-the-fed-4440071.htm',
          'https://www.transtutors.com/questions/37-the-traditional-or-orthodox-view-of-labor-unions-is-that-they-a-positively-impact-4440070.htm',
          'https://www.transtutors.com/questions/true-false-1-it-is-unlikely-that-very-many-pure-monopsony-firms-exist-today-given-th-4440069.htm',
          'https://www.transtutors.com/questions/128-factor-x-is-used-in-the-production-of-good-y-which-of-the-following-will-increas-4440068.htm',
          'https://www.transtutors.com/questions/true-false-1-based-on-the-income-data-presented-for-the-u-s-in-your-text-the-gini-co-4440067.htm',
          'https://www.transtutors.com/questions/essay-1-list-and-describe-the-four-conditions-necessary-for-everyone-to-receive-equa-4440066.htm',
          'https://www.transtutors.com/questions/11-the-gini-coefficient-is-a-number-between-a-0-and-1-b-1-and-10-c-0-and-100-d-1-and-4440065.htm',
          'https://www.transtutors.com/questions/15-what-two-variables-are-determined-in-an-aggregate-supply-aggregate-demand-figure--4440064.htm',
          'https://www.transtutors.com/questions/43-elasticity-of-demand-for-labor-measures-the-percentage-change-in-quantity-demande-4440063.htm',
          'https://www.transtutors.com/questions/133-one-point-on-a-market-supply-curve-represents-4-and-100-units-quantity-supplied--4440062.htm',
          'https://www.transtutors.com/questions/113-if-price-is-on-the-vertical-axis-and-quantity-demanded-is-on-the-horizontal-axis-4440061.htm',
          'https://www.transtutors.com/questions/21-the-term-quot-roundabout-methods-of-production-quot-refers-to-a-firm-a-purchasing-4440060.htm',
          'https://www.transtutors.com/questions/4-describe-how-nineteenth-century-economist-david-ricardo-viewed-the-relationship-be-4440059.htm'],
 'project': ['trans'],
 'referring_link': ['https://www.transtutors.com/questions/economics/273/'],
 'spider': ['trans_links']}
2020-02-05 23:30:36 [scrapy.core.engine] DEBUG: Crawled (200) <GET https://www.transtutors.com/questions/economics/275/> (referer: https://www.google.com/) ['cached']
2020-02-05 23:30:36 [scrapy.core.scraper] DEBUG: Scraped from <200 https://www.transtutors.com/questions/economics/274/>
{'category': ['economy'],
 'date': [datetime.datetime(2020, 2, 5, 23, 30, 36, 1415)],
 'link': ['https://www.transtutors.com/questions/141-if-the-demand-for-investment-loans-rises-this-could-be-the-result-of-a-the-disco-4440058.htm',
          'https://www.transtutors.com/questions/61-country-a-has-a-gini-coefficient-of-0-5-and-country-b-has-a-gini-coefficient-of-0-4440057.htm',
          'https://www.transtutors.com/questions/true-false-1-the-terms-interest-and-interest-rate-are-synonyms-2-a-person-with-a-hig-4440056.htm',
          'https://www.transtutors.com/questions/31-ceteris-paribus-the-more-risk-associated-with-a-loan-a-the-lower-the-interest-rat-4440055.htm',
          'https://www.transtutors.com/questions/82-a-negative-externality-is-internalized-when-until-the-socially-optimum-level-of--4440054.htm',
          'https://www.transtutors.com/questions/171-karen-earned-a-large-income-by-buying-houses-when-they-were-selling-for-relative-4440053.htm',
          'https://www.transtutors.com/questions/11-another-term-for-excess-supply-is-shortage-12-a-simultaneous-decrease-in-the-dema-4440052.htm',
          'https://www.transtutors.com/questions/multiple-choice-1-the-law-of-demand-states-that-price-and-quantity-demanded-are-a-di-4440051.htm',
          'https://www.transtutors.com/questions/essay-1-explain-the-difference-between-a-change-in-supply-and-a-change-in-quantity-s-4440050.htm',
          'https://www.transtutors.com/questions/151-a-firm-is-considering-the-purchase-of-a-capital-good-that-will-generate-an-addit-4440049.htm',
          'https://www.transtutors.com/questions/true-false-1-when-the-price-of-toyota-corollas-rises-ceteris-paribus-the-demand-for--4440048.htm',
          'https://www.transtutors.com/questions/multiple-choice-1-market-failure-is-a-situation-in-which-a-the-market-does-not-provi-4440047.htm',
          'https://www.transtutors.com/questions/82-pure-economic-rent-is-a-the-payment-to-factors-owned-by-entrepreneurs-b-economic--4440046.htm',
          'https://www.transtutors.com/questions/exhibit-30-2-loan-amount-borrowed-today-amount-to-be-paid-back-one-year-from-today-1-4440045.htm',
          'https://www.transtutors.com/questions/123-in-year-1-the-average-price-of-x-is-10-and-in-year-2-the-average-price-of-x-is-2-4440044.htm',
          'https://www.transtutors.com/questions/163-resource-x-is-necessary-to-the-production-of-good-y-if-the-price-of-resource-x-f-4440043.htm',
          'https://www.transtutors.com/questions/exhibit-30-3-year-nominal-interest-rate-percent-expected-inflation-rate-percent-15-1-4440042.htm',
          'https://www.transtutors.com/questions/131-a-change-in-the-expected-rate-of-inflation-from-3-percent-to-5-percent-will-a-in-4440041.htm',
          'https://www.transtutors.com/questions/exhibit-3-14-price-of-good-xquantity-demandedquantity-supplied-1040060-1136070-12310-4440040.htm',
          'https://www.transtutors.com/questions/exhibit-3-11-units-of-good-xmaximum-buying-price-minimum-selling-price-result-1st-12-4440039.htm',
          'https://www.transtutors.com/questions/153-if-the-producers-surplus-is-50-and-the-consumers-surplus-is-40-then-what-is-the--4440038.htm',
          'https://www.transtutors.com/questions/21-oil-producers-expect-that-oil-prices-next-year-will-be-lower-than-oil-prices-this-4440037.htm',
          'https://www.transtutors.com/questions/51-a-winner-take-all-market-a-is-one-in-which-the-top-producer-or-performer-in-the-m-4440036.htm',
          'https://www.transtutors.com/questions/72-many-years-ago-someone-developed-an-item-that-was-simply-a-small-rock-inside-a-bo-4440035.htm',
          'https://www.transtutors.com/questions/161-the-english-economist-who-said-that-grain-prices-weren-39-t-high-because-rents-w-4440034.htm',
          'https://www.transtutors.com/questions/51-if-you-place-10-000-in-a-savings-account-that-pays-3-percent-interest-per-year-an-4440033.htm',
          'https://www.transtutors.com/questions/11-if-the-interest-rate-increases-then-a-households-will-decrease-their-level-of-sav-4440032.htm',
          'https://www.transtutors.com/questions/58-given-that-frozen-yogurt-and-ice-cream-are-substitutes-a-shift-in-preferences-in--4440031.htm',
          'https://www.transtutors.com/questions/113-prices-in-stores-and-restaurants-in-tokyo-are-high-because-a-land-rents-are-high-4440030.htm',
          'https://www.transtutors.com/questions/multiple-choice-1-the-two-ways-in-which-the-word-quot-interest-quot-is-used-in-econo-4440029.htm',
          'https://www.transtutors.com/questions/6-explain-why-the-price-of-a-good-tends-to-fall-when-there-is-a-surplus-of-the-good--4440028.htm',
          'https://www.transtutors.com/questions/11-as-the-price-of-good-a-rises-the-demand-for-good-b-rises-therefore-goods-a-and-b--4440027.htm',
          'https://www.transtutors.com/questions/143-in-year-1-the-price-of-good-x-is-10-and-100-units-are-bought-and-sold-in-year-2--4440026.htm',
          'https://www.transtutors.com/questions/41-suppose-a-bank-makes-a-1-000-loan-to-you-at-5-percent-interest-when-the-expected--4440025.htm',
          'https://www.transtutors.com/questions/essay-1-describe-the-three-theories-of-where-profit-comes-from-2-a-new-delivery-van--4440024.htm',
          'https://www.transtutors.com/questions/62-asymmetric-information-exists-when-a-both-parties-to-an-exchange-have-all-relevan-4440023.htm',
          'https://www.transtutors.com/questions/30-rational-ignorance-is-a-a-result-of-our-educational-system-b-the-curtain-or-wall--4440022.htm',
          'https://www.transtutors.com/questions/essay-1-explain-why-the-socially-optimal-output-is-not-always-the-same-as-the-market-4440021.htm',
          'https://www.transtutors.com/questions/essay-1-list-and-describe-three-arguments-that-help-to-explain-why-nations-sometimes-4440019.htm',
          'https://www.transtutors.com/questions/143-if-fewer-cigarettes-are-consumed-with-symmetric-information-than-asymmetric-info-4440018.htm',
          'https://www.transtutors.com/questions/25-samantha-is-given-a-flu-shot-by-her-doctor-this-reduces-the-probability-that-she--4440017.htm',
          'https://www.transtutors.com/questions/31-a-man-moves-from-a-large-city-to-a-small-town-in-the-small-town-he-seems-like-a-v-4440016.htm',
          'https://www.transtutors.com/questions/multiple-choice-1-two-major-exports-for-the-united-states-are-a-clothing-and-office--4440014.htm',
          'https://www.transtutors.com/questions/true-false-1-consumers-receive-more-consumers-39-surplus-when-tariffs-exist-than-whe-4440013.htm',
          'https://www.transtutors.com/questions/situation-33-1-suppose-that-the-equation-that-represents-the-expected-benefits-of-bu-4440012.htm',
          'https://www.transtutors.com/questions/exhibit-34-10-time-to-clean-house-time-to-mow-the-lawn-danielle-60-minutes120-minute-4440011.htm',
          'https://www.transtutors.com/questions/essay-1-why-do-many-prospective-voters-choose-to-watch-sports-on-television-rather-t-4440010.htm',
          'https://www.transtutors.com/questions/79-in-the-median-voter-model-we-assume-that-a-voters-will-vote-for-the-friendlier-of-4440009.htm',
          'https://www.transtutors.com/questions/11-moral-hazard-occurs-when-the-parties-on-once-side-of-the-market-who-have-informat-4440008.htm',
          'https://www.transtutors.com/questions/11-alexander-hamilton-used-the-infant-industry-argument-to-support-trade-restriction-4440007.htm'],
 'project': ['trans'],
 'referring_link': ['https://www.transtutors.com/questions/economics/274/'],
 'spider': ['trans_links']}
2020-02-05 23:30:36 [scrapy.core.engine] DEBUG: Crawled (200) <GET https://www.transtutors.com/questions/economics/276/> (referer: https://www.google.com/) ['cached']
2020-02-05 23:30:36 [scrapy.core.scraper] DEBUG: Scraped from <200 https://www.transtutors.com/questions/economics/275/>
{'category': ['economy'],
 'date': [datetime.datetime(2020, 2, 5, 23, 30, 36, 150306)],
 'link': ['https://www.transtutors.com/questions/133-if-jamal-successfully-and-completely-internalizes-a-negative-externality-it-foll-4440006.htm',
          'https://www.transtutors.com/questions/11-a-political-candidate-running-in-a-two-person-race-is-likely-to-occupy-a-an-extre-4440005.htm',
          'https://www.transtutors.com/questions/89-simple-majority-rule-can-generate-inefficient-outcomes-because-a-it-does-not-regi-4440004.htm',
          'https://www.transtutors.com/questions/situation-32-1-in-the-early-1980s-the-u-s-automobile-industry-managed-to-influence-t-4440003.htm',
          'https://www.transtutors.com/questions/exhibit-34-9-country-x-country-y-good-agood-bgood-agood-b-3000600-200104030-10020206-4440002.htm',
          'https://www.transtutors.com/questions/41-a-person-who-lives-in-a-good-climate-city-says-it-s-expensive-to-live-here-but-at-4440001.htm',
          'https://www.transtutors.com/questions/52-the-coase-theorem-is-significant-because-it-a-implies-that-no-transaction-costs-a-4440000.htm',
          'https://www.transtutors.com/questions/99-logrolling-consists-of-a-exchanging-votes-to-gain-support-for-legislation-b-sprea-4439999.htm',
          'https://www.transtutors.com/questions/true-false-1-when-a-negative-externality-exists-the-market-is-said-to-underproduce-t-4439998.htm',
          'https://www.transtutors.com/questions/42-an-externality-is-internalized-if-a-the-person-s-or-group-that-generated-the-exte-4439997.htm',
          'https://www.transtutors.com/questions/5-how-do-changes-in-the-money-wage-rate-affect-the-las-and-sas-curves-explain-your-a-4439996.htm',
          'https://www.transtutors.com/questions/true-false-1-a-theory-is-a-perfect-description-of-reality-2-theories-should-be-judge-4439995.htm',
          'https://www.transtutors.com/questions/123-if-a-negative-externality-exists-then-there-is-a-when-society-produces-the-marke-4439994.htm',
          'https://www.transtutors.com/questions/multiple-choice-1-public-choice-refers-to-a-the-decisions-and-decision-making-proces-4439993.htm',
          'https://www.transtutors.com/questions/21-economists-often-evaluate-a-theory-in-terms-of-how-consistently-and-accurately-it-4439992.htm',
          'https://www.transtutors.com/questions/multiple-choice-1-theories-should-be-judged-based-upon-how-a-well-they-explain-thing-4439991.htm',
          'https://www.transtutors.com/questions/true-false-1-most-voters-choose-not-to-be-informed-about-political-and-governmental--4439990.htm',
          'https://www.transtutors.com/questions/72-according-to-the-coase-theorem-externalities-a-must-usually-be-internalized-by-ta-4439989.htm',
          'https://www.transtutors.com/questions/exhibit-31-3-costs-of-eliminating-firm-a-firm-b-firm-c-1st-ton-of-pollution-30-50-60-4439988.htm',
          'https://www.transtutors.com/questions/11-under-certain-circumstances-a-congressional-district-may-be-a-special-interest-gr-4439987.htm',
          'https://www.transtutors.com/questions/103-which-of-the-following-is-definitely-not-a-nonexcludable-public-good-a-national--4439986.htm',
          'https://www.transtutors.com/questions/40-logrolling-a-is-vote-trading-among-elected-officials-b-eliminates-the-influence-o-4439985.htm',
          'https://www.transtutors.com/questions/essay-1-explain-what-it-means-to-say-that-a-theory-is-falsifiable-or-refutable-give--4439984.htm',
          'https://www.transtutors.com/questions/84-the-answer-is-quot-a-tax-on-imports-quot-what-is-the-question-a-what-is-comparati-4439983.htm',
          'https://www.transtutors.com/questions/94-the-infant-industry-argument-for-trade-protectionism-holds-that-a-new-industries--4439982.htm',
          'https://www.transtutors.com/questions/exhibit-32-1-1-2-3-individual-dollar-benefits-to-individual-tax-levied-on-individual-4439981.htm',
          'https://www.transtutors.com/questions/113-insurance-deductibles-the-problem-of-insurance-coverage-a-are-meant-to--4439980.htm',
          'https://www.transtutors.com/questions/50-rational-ignorance-refers-to-voter-citizens-choosing-to-be-uninformed-about-polit-4439979.htm',
          'https://www.transtutors.com/questions/92-when-disposable-income-increases-from-7-trillion-to-7-5-trillion-consumption-expe-4439978.htm',
          'https://www.transtutors.com/questions/21-one-of-the-objectives-of-the-health-care-reform-bills-passed-in-march-2010-was-to-4439977.htm',
          'https://www.transtutors.com/questions/21-the-j-curve-summarizes-the-phenomenon-that-occurs-when-import-spending-initially--4439976.htm',
          'https://www.transtutors.com/questions/61-dollar-depreciation-lowers-united-states-real-gdp-when-the-shift-of-the-sras-curv-4439975.htm',
          'https://www.transtutors.com/questions/true-false-1-the-issuer-of-a-bond-is-a-lender-2-when-an-investor-buys-shares-of-stoc-4439974.htm',
          'https://www.transtutors.com/questions/46-consider-a-setting-in-which-there-is-a-positive-externality-but-no-negative-exter-4439973.htm',
          'https://www.transtutors.com/questions/49-which-of-the-following-is-false-a-for-bond-buyers-the-higher-the-yield-the-better-4439972.htm',
          'https://www.transtutors.com/questions/true-false-1-if-japanese-real-interest-rates-fall-relative-to-real-interest-rates-in-4439971.htm',
          'https://www.transtutors.com/questions/16-quot-aggregate-planned-expenditure-is-the-sum-of-planned-consumption-expenditure--4439970.htm',
          'https://www.transtutors.com/questions/44-if-there-is-no-comparative-advantage-in-the-production-of-either-of-the-two-goods-4439969.htm',
          'https://www.transtutors.com/questions/22-the-national-defense-argument-for-trade-restriction-holds-that-a-the-president-sh-4439968.htm',
          'https://www.transtutors.com/questions/81-if-the-united-states-buys-inputs-from-france-and-the-dollar-appreciates-relative--4439967.htm',
          'https://www.transtutors.com/questions/51-suppose-united-states-net-exports-are-50-billion-then-the-dollar-depreciates-in-t-4439966.htm',
          'https://www.transtutors.com/questions/multiple-choice-1-which-of-the-following-statements-is-true-a-a-person-who-buys-a-bo-4439965.htm',
          'https://www.transtutors.com/questions/91-in-a-two-country-world-many-economists-argue-that-an-increase-in-the-real-interes-4439964.htm',
          'https://www.transtutors.com/questions/41-suppose-a-case-of-french-wine-has-a-price-of-1-500-euros-to-a-u-s-wine-importer-i-4439963.htm',
          'https://www.transtutors.com/questions/exhibit-38-1-bond-face-value-of-bond-price-of-the-bond-annual-coupon-payment-a-1-000-4439962.htm',
          'https://www.transtutors.com/questions/11-which-of-the-following-exchange-rates-between-the-dollar-and-the-peso-would-an-am-4439961.htm',
          'https://www.transtutors.com/questions/essay-1-describe-the-type-of-international-monetary-system-that-is-currently-in-use--4439960.htm',
          'https://www.transtutors.com/questions/multiple-choice-1-suppose-that-for-jim-the-marginal-benefit-mb-of-producing-is-60-an-4439959.htm',
          'https://www.transtutors.com/questions/true-false-1-in-the-case-of-externalities-government-can-use-taxes-and-subsidies-to--4439958.htm',
          'https://www.transtutors.com/questions/11-a-stock-is-purchased-either-for-the-expected-gain-in-the-price-of-the-stock-for-t-4439957.htm'],
 'project': ['trans'],
 'referring_link': ['https://www.transtutors.com/questions/economics/275/'],
 'spider': ['trans_links']}
2020-02-05 23:30:36 [scrapy.core.engine] DEBUG: Crawled (200) <GET https://www.transtutors.com/questions/economics/277/> (referer: https://www.google.com/) ['cached']
2020-02-05 23:30:36 [scrapy.core.scraper] DEBUG: Scraped from <200 https://www.transtutors.com/questions/economics/276/>
{'category': ['economy'],
 'date': [datetime.datetime(2020, 2, 5, 23, 30, 36, 312439)],
 'link': ['https://www.transtutors.com/questions/71-an-american-good-with-a-price-tag-of-89-costs-809-pesos-the-exchange-rate-must-be-4439956.htm',
          'https://www.transtutors.com/questions/multiple-choice-1-globalization-a-is-the-growing-integration-of-the-national-economi-4439955.htm',
          'https://www.transtutors.com/questions/essay-1-describe-three-factors-that-have-led-to-the-recent-push-toward-globalization-4439954.htm',
          'https://www.transtutors.com/questions/41-if-under-a-fixed-exchange-rate-system-the-dollar-price-of-mexican-pesos-is-below--4439953.htm',
          'https://www.transtutors.com/questions/21-in-2000-the-top-100-transnational-companies-produced-about-percent-of-the-entire--4439952.htm',
          'https://www.transtutors.com/questions/essay-1-explain-the-differences-between-a-corporate-bond-a-municipal-bond-and-a-trea-4439951.htm',
          'https://www.transtutors.com/questions/31-if-an-economy-s-exports-are-800-billion-and-its-imports-are-750-billion-its-net-e-4439950.htm',
          'https://www.transtutors.com/questions/exhibit-34-4-country-1-country-2-good-agood-bgood-agood-b-2000750-160206015-12040453-4439949.htm',
          'https://www.transtutors.com/questions/21-if-the-equilibrium-exchange-rate-between-u-s-dollars-and-japanese-yen-is-0-007-1--4439948.htm',
          'https://www.transtutors.com/questions/11-the-cold-war-a-hampered-globalization-because-it-created-a-political-barrier-betw-4439947.htm',
          'https://www.transtutors.com/questions/28-the-acronym-nasdaq-one-of-the-stock-exchanges-stands-for-a-national-academy-of-st-4439946.htm',
          'https://www.transtutors.com/questions/31-suppose-the-current-exchange-rate-between-the-u-s-dollar-and-the-mexican-peso-is--4439945.htm',
          'https://www.transtutors.com/questions/true-false-1-with-globalization-the-world-is-moving-from-hundreds-of-national-econom-4439944.htm',
          'https://www.transtutors.com/questions/51-if-the-income-of-u-s-citizens-falls-relative-to-the-income-of-japanese-citizens-t-4439943.htm',
          'https://www.transtutors.com/questions/essay-1-list-and-describe-the-three-different-types-of-transfers-discussed-in-this-c-4439942.htm',
          'https://www.transtutors.com/questions/61-when-the-equilibrium-dollar-price-of-a-foreign-currency-decreases-due-to-changes--4439941.htm',
          'https://www.transtutors.com/questions/71-which-of-the-following-is-not-an-affect-of-a-higher-federal-government-budget-def-4439940.htm',
          'https://www.transtutors.com/questions/28-a-country-reports-that-it-has-an-unplanned-inventory-increase-of-1-0-trillion-dis-4439939.htm',
          'https://www.transtutors.com/questions/81-to-know-whether-the-dollar-is-overvalued-we-need-to-know-a-what-foreign-currency--4439938.htm',
          'https://www.transtutors.com/questions/multiple-choice-1-when-exports-of-american-goods-increase-this-the-demand-for-u-s--4439937.htm',
          'https://www.transtutors.com/questions/11-in-the-case-of-nonexcludable-goods-economists-contend-that-the-market-produce-the-4439936.htm',
          'https://www.transtutors.com/questions/18-the-coupon-rate-is-equal-to-the-annual-coupon-payment-a-divided-by-the-face-value-4439935.htm',
          'https://www.transtutors.com/questions/56-economist-a-believes-that-the-case-for-government-is-a-strong-one-but-she-doesn-t-4439934.htm',
          'https://www.transtutors.com/questions/12-one-country-has-a-comparative-advantage-over-another-country-in-the-production-of-4439933.htm',
          'https://www.transtutors.com/questions/exhibit-38-2-stock-high-low-close-net-chg-dasher17-2516-7517-00-a-dancer34-8534-25-b-4439932.htm',
          'https://www.transtutors.com/questions/11-all-economists-agree-that-the-worldwide-benefits-of-globalization-are-likely-to-b-4439931.htm',
          'https://www.transtutors.com/questions/97-a-potato-farmer-who-signs-a-futures-contract-is-a-speculating-on-the-future-price-4439930.htm',
          'https://www.transtutors.com/questions/82-of-all-the-categories-of-unemployment-most-unemployed-persons-fall-into-the-categ-4439929.htm',
          'https://www.transtutors.com/questions/multiple-choice-1-the-cpi-was-238-in-one-year-and-244-the-following-year-how-much-di-4439928.htm',
          'https://www.transtutors.com/questions/multiple-choice-1-colleges-and-universities-use-such-things-as-grade-point-averages--4439927.htm',
          'https://www.transtutors.com/questions/essay-1-explain-how-nonrecourse-loans-operate-and-how-they-help-to-support-crop-pric-4439926.htm',
          'https://www.transtutors.com/questions/essay-1-explain-in-detail-how-the-legalization-of-marijuana-would-be-expected-to-imp-4439925.htm',
          'https://www.transtutors.com/questions/true-false-1-under-a-target-price-system-the-government-can-adjust-the-deficiency-pa-4439924.htm',
          'https://www.transtutors.com/questions/28-to-an-economist-freeway-congestion-is-a-sign-that-the-price-to-drive-on-the-freew-4439923.htm',
          'https://www.transtutors.com/questions/107-if-income-elasticity-of-demand-for-food-is-1-75-it-follows-that-a-a-10-percent-r-4439922.htm',
          'https://www.transtutors.com/questions/42-refer-to-exhibit-6-2-the-employment-rate-in-year-3-is-a-12-1-2-percent-b-33-1-3-p-4439921.htm',
          'https://www.transtutors.com/questions/11-if-the-demand-curve-for-tickets-to-a-television-show-taping-intersects-the-supply-4439920.htm',
          'https://www.transtutors.com/questions/41-if-the-price-of-good-x-is-90-and-the-price-of-good-y-is-30-it-follows-that-the-re-4439919.htm',
          'https://www.transtutors.com/questions/59-you-turn-to-the-treasury-bond-market-page-of-a-newspaper-and-look-under-the-colum-4439918.htm',
          'https://www.transtutors.com/questions/essay-1-what-condition-is-necessary-for-a-price-ceiling-to-have-an-impact-on-a-marke-4439917.htm',
          'https://www.transtutors.com/questions/exhibit-6-2-civilian-civilian-employed-noninstitutional-labor-force-persons-year-pop-4439916.htm',
          'https://www.transtutors.com/questions/61-an-increase-in-productivity-in-the-agricultural-sector-in-conjunction-with-an-inc-4439915.htm',
          'https://www.transtutors.com/questions/11-when-news-reports-state-that-the-cost-of-living-has-changed-they-are-usually-refe-4439914.htm',
          'https://www.transtutors.com/questions/21-which-combination-of-factors-would-lead-to-large-price-and-total-revenue-changes--4439913.htm',
          'https://www.transtutors.com/questions/true-false-1-in-order-for-a-price-floor-to-have-an-impact-on-a-market-it-must-be-set-4439912.htm',
          'https://www.transtutors.com/questions/exhibit-4-9-price-of-good-x-quantity-demanded-quantity-supplied-1022090-11200100-121-4439911.htm',
          'https://www.transtutors.com/questions/essay-1-when-making-historical-comparison-s-of-one-s-income-is-it-better-to-use-real-4439910.htm',
          'https://www.transtutors.com/questions/62-a-market-basket-is-made-up-of-three-goods-10x-12y-and-18z-the-prices-in-the-base--4439909.htm',
          'https://www.transtutors.com/questions/52-in-an-economy-with-a-population-of-100-million-persons-50-million-hold-civilian-j-4439908.htm',
          'https://www.transtutors.com/questions/true-false-1-if-new-legislation-allowed-patients-to-sue-their-health-maintenance-org-4439907.htm'],
 'project': ['trans'],
 'referring_link': ['https://www.transtutors.com/questions/economics/276/'],
 'spider': ['trans_links']}
2020-02-05 23:30:36 [scrapy.core.engine] DEBUG: Crawled (200) <GET https://www.transtutors.com/questions/economics/278/> (referer: https://www.google.com/) ['cached']
2020-02-05 23:30:36 [scrapy.core.scraper] DEBUG: Scraped from <200 https://www.transtutors.com/questions/economics/277/>
{'category': ['economy'],
 'date': [datetime.datetime(2020, 2, 5, 23, 30, 36, 486459)],
 'link': ['https://www.transtutors.com/questions/25-if-a-person-is-waiting-to-be-called-back-to-a-job-from-which-she-has-been-laid-of-4439906.htm',
          'https://www.transtutors.com/questions/exhibit-6-1-year-cpi-1217-2220-3225-4231-5240-15-refer-to-exhibit-6-1-prices-rose-by-4439905.htm',
          'https://www.transtutors.com/questions/92-suppose-there-are-65-million-employed-persons-5-million-unemployed-persons-and-35-4439904.htm',
          'https://www.transtutors.com/questions/22-if-unplanned-inventory-changes-are-positive-what-is-the-relationship-between-aggr-4439903.htm',
          'https://www.transtutors.com/questions/true-false-1-the-sum-of-the-unemployment-rate-and-the-employment-rate-always-equals--4439902.htm',
          'https://www.transtutors.com/questions/31-which-of-the-following-increases-the-quantity-supplied-of-agricultural-goods-a-ac-4439901.htm',
          'https://www.transtutors.com/questions/exhibit-38-3-stock-p-e-abc18-xyz55-72-refer-to-exhibit-38-3-which-of-the-two-stocks--4439900.htm',
          'https://www.transtutors.com/questions/multiple-choice-1-during-the-twentieth-century-the-u-s-farm-sector-experienced-a-lar-4439899.htm',
          'https://www.transtutors.com/questions/11-suppose-farmers-get-together-and-decide-to-be-less-productive-they-want-to-do-thi-4439898.htm',
          'https://www.transtutors.com/questions/10-what-is-the-relationship-between-u-s-real-gdp-and-u-s-imports-11-discuss-the-link-4439897.htm',
          'https://www.transtutors.com/questions/21-which-colonial-power-claimed-van-dieman-s-land-in-1642-which-was-later-named-tasm-4439896.htm',
          'https://www.transtutors.com/questions/164-suppose-that-c-700-i-200-g-200-nx-100-and-that-the-money-supply-is-equal-to--4439895.htm',
          'https://www.transtutors.com/questions/94-suppose-that-nondurable-goods-spending-is-200-billion-durable-goods-spending-is-4-4439894.htm',
          'https://www.transtutors.com/questions/101-which-of-the-following-statements-represents-a-correct-and-sequentially-accurate-4439893.htm',
          'https://www.transtutors.com/questions/126-if-the-natural-unemployment-rate-is-5-5-percent-then-the-economy-is-in-a-recessi-4439892.htm',
          'https://www.transtutors.com/questions/essay-1-assume-that-the-economy-is-currently-in-short-run-equilibrium-then-the-u-s-d-4439891.htm',
          'https://www.transtutors.com/questions/91-a-fall-in-the-price-level-changes-the-purchasing-power-of-money-this-is-relevant--4439890.htm',
          'https://www.transtutors.com/questions/exhibit-7-3-durable-goods-3-000-services-6-000-business-purchases-of-capital-goods-4-4439889.htm',
          'https://www.transtutors.com/questions/81-in-a-two-country-world-a-decrease-in-foreign-input-prices-ceteris-paribus-a-shift-4439888.htm',
          'https://www.transtutors.com/questions/64-which-of-the-following-does-gdp-omit-a-jack-purchases-2-300-worth-of-stock-in-com-4439887.htm',
          'https://www.transtutors.com/questions/41-an-appreciation-of-the-u-s-dollar-tends-to-u-s-net-exports-and-shift-the-u-s-ad--4439886.htm',
          'https://www.transtutors.com/questions/multiple-choice-1-gross-domestic-product-gdp-is-the-total-market-value-of-all-a-fina-4439885.htm',
          'https://www.transtutors.com/questions/11-which-of-the-following-is-a-nonmarket-good-a-the-corn-you-grow-in-your-home-garde-4439884.htm',
          'https://www.transtutors.com/questions/81-if-the-economy-is-self-regulating-and-current-real-gdp-is-less-than-natural-real--4439883.htm',
          'https://www.transtutors.com/questions/11-corporate-profits-is-the-largest-category-of-national-income-12-for-economists-tr-4439882.htm',
          'https://www.transtutors.com/questions/exhibit-7-2-goods-1990-quantities-1990-prices-2012-quantities-2012-prices-papayas10--4439881.htm',
          'https://www.transtutors.com/questions/84-what-is-the-proper-sequence-of-the-phases-of-a-business-cycle-a-peak-contraction--4439880.htm',
          'https://www.transtutors.com/questions/71-the-structural-unemployment-rate-is-2-3-percent-the-frictional-unemployment-rate--4439879.htm',
          'https://www.transtutors.com/questions/21-investment-is-equal-to-all-purchases-of-newly-produced-capital-goods-a-minus-chan-4439878.htm',
          'https://www.transtutors.com/questions/121-starting-from-short-run-equilibrium-the-following-occurs-personal-income-taxes-a-4439877.htm',
          'https://www.transtutors.com/questions/essay-1-list-and-explain-the-two-different-approaches-used-to-measure-gdp-2-draw-an--4439876.htm',
          'https://www.transtutors.com/questions/multiple-choice-1-an-aggregate-demand-ad-curve-shows-the-a-amount-of-a-particular-go-4439875.htm',
          'https://www.transtutors.com/questions/71-a-decrease-in-the-price-of-machinery-a-shifts-the-sras-curve-to-the-right-b-shift-4439874.htm',
          'https://www.transtutors.com/questions/72-look-at-the-following-data-the-frictional-unemployment-rate-is-3-percent-the-natu-4439873.htm',
          'https://www.transtutors.com/questions/multiple-choice-1-when-the-economy-is-at-its-full-employment-real-gdp-the-unemployme-4439872.htm',
          'https://www.transtutors.com/questions/111-wage-rates-fall-this-increases-and-the-curve-shifts-rightward--4439871.htm',
          'https://www.transtutors.com/questions/exhibit-7-1-consumption-expenditures-4-150-federal-government-purchases-of-goods-and-4439870.htm',
          'https://www.transtutors.com/questions/exhibit-8-2-given-change-in-economic-factor-real-gdp-price-level-increase-in-foreign-4439869.htm',
          'https://www.transtutors.com/questions/61-a-rise-in-aggregate-demand-and-a-rise-in-short-run-aggregate-supply-will-definite-4439868.htm',
          'https://www.transtutors.com/questions/74-increases-in-import-spending-a-raise-gdp-b-lower-gdp-c-are-always-balanced-off-in-4439867.htm',
          'https://www.transtutors.com/questions/48-if-in-the-process-of-calculating-gdp-the-market-value-of-all-intermediate-goods-i-4439866.htm',
          'https://www.transtutors.com/questions/31-as-the-interest-rate-rises-businesses-invest-and-the-ad-curve-shifts-to-the--4439865.htm',
          'https://www.transtutors.com/questions/11-in-the-long-run-changes-in-aggregate-demand-will-affect-the-level-of-real-gdp-but-4439864.htm',
          'https://www.transtutors.com/questions/31-net-domestic-product-is-the-total-value-of-a-all-final-goods-and-services-produce-4439863.htm',
          'https://www.transtutors.com/questions/131-if-the-nominal-wage-is-12-per-hour-and-the-price-level-as-measured-by-a-price-in-4439862.htm',
          'https://www.transtutors.com/questions/141-there-is-a-rise-in-labor-productivity-in-the-economy-as-a-result-in-the-short-ru-4439861.htm',
          'https://www.transtutors.com/questions/11-suppose-consumption-increases-at-each-price-level-as-a-result-aggregate-demand-an-4439860.htm',
          'https://www.transtutors.com/questions/true-false-1-when-foreign-real-national-income-rises-domestic-real-gdp-falls-ceteris-4439859.htm',
          'https://www.transtutors.com/questions/101-in-order-for-say-39-s-law-to-hold-in-a-money-economy-a-there-must-be-more-than-f-4439858.htm',
          'https://www.transtutors.com/questions/5-define-the-term-subprime-loan-give-a-brief-history-of-how-the-incidence-of-subprim-4439857.htm'],
 'project': ['trans'],
 'referring_link': ['https://www.transtutors.com/questions/economics/277/'],
 'spider': ['trans_links']}
2020-02-05 23:30:36 [scrapy.core.engine] DEBUG: Crawled (200) <GET https://www.transtutors.com/questions/economics/279/> (referer: https://www.google.com/) ['cached']
2020-02-05 23:30:36 [scrapy.core.scraper] DEBUG: Scraped from <200 https://www.transtutors.com/questions/economics/278/>
{'category': ['economy'],
 'date': [datetime.datetime(2020, 2, 5, 23, 30, 36, 646461)],
 'link': ['https://www.transtutors.com/questions/true-false-1-if-the-economy-is-in-long-run-equilibrium-the-actual-unemployment-rate--4439856.htm',
          'https://www.transtutors.com/questions/91-a-person-who-believes-the-economy-is-self-regulating-also-believes-that-a-when-th-4439855.htm',
          'https://www.transtutors.com/questions/21-if-investment-changes-because-of-a-change-in-the-price-level-then-the-a-economy-m-4439854.htm',
          'https://www.transtutors.com/questions/51-if-the-price-level-remains-constant-but-the-wage-rate-increases-then-there-will-b-4439853.htm',
          'https://www.transtutors.com/questions/5-given-that-gdp-is-a-measure-of-what-is-produced-in-a-country-explain-how-the-expen-4439852.htm',
          'https://www.transtutors.com/questions/11-an-adverse-supply-shock-results-in-an-increase-in-the-price-level-and-an-increase-4439851.htm',
          'https://www.transtutors.com/questions/exhibit-9-8-suppose-that-at-a-given-price-level-the-following-values-exist-in-a-hypo-4439850.htm',
          'https://www.transtutors.com/questions/37-how-do-imports-and-income-taxes-affect-the-multiplier-why-do-they-have-this-effec-4439849.htm',
          'https://www.transtutors.com/questions/true-false-1-disposable-income-equals-national-income-minus-personal-taxes-2-an-exam-4439848.htm',
          'https://www.transtutors.com/questions/61-suppose-ad-and-sras-intersect-to-the-right-of-lras-which-of-the-following-is-true-4439847.htm',
          'https://www.transtutors.com/questions/30-demonstrating-how-an-economic-variable-changes-from-one-year-to-the-next-is-best--4439846.htm',
          'https://www.transtutors.com/questions/33-when-there-is-an-inflationary-gap-actual-real-gdp-is-natural-real-gdp-and-the--4439845.htm',
          'https://www.transtutors.com/questions/40-which-of-the-following-statements-is-correct-a-when-a-line-slopes-downwards-movin-4439844.htm',
          'https://www.transtutors.com/questions/essay-1-if-the-economy-is-self-regulating-explain-the-correct-sequence-of-events-tha-4439843.htm',
          'https://www.transtutors.com/questions/11-the-long-run-aggregate-supply-lras-curve-is-a-horizontal-b-vertical-c-positively--4439842.htm',
          'https://www.transtutors.com/questions/6-what-are-the-two-different-types-of-relationships-that-variables-can-have-explain--4439841.htm',
          'https://www.transtutors.com/questions/7-what-is-the-marginal-propensity-to-consume-why-it-is-an-important-concept-8-what-i-4439840.htm',
          'https://www.transtutors.com/questions/1-what-is-the-difference-between-microeconomics-and-macroeconomics-2-what-is-an-oppo-4439839.htm',
          'https://www.transtutors.com/questions/96-if-the-real-interest-rate-falls-other-things-being-the-same-the-quantity-of-loana-4439838.htm',
          'https://www.transtutors.com/questions/57-in-2008-the-fall-in-the-value-of-the-stock-market-decreased-people-39-s-wealth-as-4439837.htm',
          'https://www.transtutors.com/questions/11-a-commercial-bank-39-s-reserves-are-equal-to-the-amount-of-a-the-bank-39-s-deposi-4439836.htm',
          'https://www.transtutors.com/questions/31-what-happens-to-the-demand-for-loanable-funds-curve-when-the-economy-enters-a-rec-4439834.htm',
          'https://www.transtutors.com/questions/67-the-supply-of-loanable-funds-curve-has-a-slope-and-the-demand-for-loanable-funds--4439833.htm',
          'https://www.transtutors.com/questions/47-increasing-savings-and-go-hand-in-hand-because-they-both-a-decreasing--4439832.htm',
          'https://www.transtutors.com/questions/36-suppose-the-government-has-a-budget-deficit-of-2-billion-if-there-is-no-ricardo-b-4439831.htm',
          'https://www.transtutors.com/questions/6-what-is-the-crowding-out-effect-and-how-does-it-operate-what-is-its-relationship-t-4439830.htm',
          'https://www.transtutors.com/questions/33-what-is-the-relationship-between-the-slope-of-the-aggregate-expenditure-curve-and-4439829.htm',
          'https://www.transtutors.com/questions/28-suppose-the-quantity-of-money-and-real-gdp-do-not-change-if-velocity-increases-th-4439828.htm',
          'https://www.transtutors.com/questions/12-2-money-the-price-level-and-inflation-1-in-the-long-run-money-market-equilibrium--4439827.htm',
          'https://www.transtutors.com/questions/48-suppose-that-real-gdp-grows-by-3-percent-a-year-the-quantity-of-money-grows-5-per-4439826.htm',
          'https://www.transtutors.com/questions/19-if-the-currency-drain-ratio-increases-how-can-the-fed-adjust-the-monetary-base-to-4439825.htm',
          'https://www.transtutors.com/questions/42-discuss-the-relationship-between-the-business-cycle-and-changes-in-autonomous-exp-4439824.htm',
          'https://www.transtutors.com/questions/18-the-average-number-of-times-in-a-year-each-dollar-is-used-to-buy-goods-and-servic-4439823.htm',
          'https://www.transtutors.com/questions/7-essay-questions-1-list-the-four-components-of-aggregate-expenditure-explain-the-tw-4439822.htm',
          'https://www.transtutors.com/questions/9-if-the-fed-sells-100-million-of-u-s-government-securities-what-happens-to-the-quan-4439821.htm',
          'https://www.transtutors.com/questions/71-in-december-2009-currency-was-400-billion-traveler-39-s-checks-were-5-billion-che-4439820.htm',
          'https://www.transtutors.com/questions/40-list-and-explain-factors-that-determine-the-size-of-the-multiplier-in-the-aggrega-4439819.htm',
          'https://www.transtutors.com/questions/38-if-velocity-does-not-change-and-if-real-gdp-and-the-quantity-of-money-grow-at-the-4439818.htm',
          'https://www.transtutors.com/questions/58-with-a-large-and-growing-deficit-the-fed-may-face-pressure-from-the-government-to-4439817.htm',
          'https://www.transtutors.com/questions/13-how-can-a-new-deposit-of-10-000-at-one-bank-create-other-new-deposits-at-other-ba-4439816.htm',
          'https://www.transtutors.com/questions/6-quot-because-monetary-policy-must-be-approved-by-the-president-of-the-united-state-4439815.htm',
          'https://www.transtutors.com/questions/51-the-harappan-culture-flourished-between-3000-and-2000-b-c-52-the-taj-mahal-is-the-4439814.htm',
          'https://www.transtutors.com/questions/16-what-is-a-quot-currency-drain-quot-how-and-why-does-it-affect-the-money-multiplie-4439813.htm',
          'https://www.transtutors.com/questions/3-when-audrey-39-s-disposable-income-is-40-000-her-consumption-expenditure-is-39-000-4439812.htm',
          'https://www.transtutors.com/questions/7-what-effect-does-an-increase-in-the-price-level-have-on-the-demand-for-money-and-t-4439811.htm',
          'https://www.transtutors.com/questions/7-in-the-long-run-the-real-interest-rate-is-3-percent-real-gdp-grows-at-4-percent-ve-4439810.htm',
          'https://www.transtutors.com/questions/16-in-the-short-run-how-does-the-fed-change-the-nominal-interest-rate-17-suppose-in--4439809.htm',
          'https://www.transtutors.com/questions/12-how-is-the-price-of-a-financial-asset-such-as-government-bonds-related-to-the-int-4439808.htm',
          'https://www.transtutors.com/questions/14-8-essay-equilibrium-expenditure-1-what-is-the-difference-between-induced-and-auto-4439807.htm',
          'https://www.transtutors.com/questions/25-does-aggregate-planned-expenditure-always-equal-real-gdp-26-suppose-that-firms-fi-4439806.htm'],
 'project': ['trans'],
 'referring_link': ['https://www.transtutors.com/questions/economics/278/'],
 'spider': ['trans_links']}
2020-02-05 23:30:36 [scrapy.core.engine] DEBUG: Crawled (200) <GET https://www.transtutors.com/questions/economics/280/> (referer: https://www.google.com/) ['cached']
2020-02-05 23:30:36 [scrapy.core.scraper] DEBUG: Scraped from <200 https://www.transtutors.com/questions/economics/279/>
{'category': ['economy'],
 'date': [datetime.datetime(2020, 2, 5, 23, 30, 36, 820361)],
 'link': ['https://www.transtutors.com/questions/11-to-find-aggregate-planned-expenditures-which-of-the-following-must-be-added-to-co-4439805.htm',
          'https://www.transtutors.com/questions/6-what-is-unplanned-investment-how-does-it-occur-7-if-unplanned-inventory-changes-ar-4439804.htm',
          'https://www.transtutors.com/questions/9-list-and-explain-factors-that-determine-the-size-of-the-expenditure-multiplier-in--4439803.htm',
          'https://www.transtutors.com/questions/38-when-aggregate-planned-expenditure-is-less-than-gdp-a-firms-increase-production-u-4439802.htm',
          'https://www.transtutors.com/questions/50-during-2013-exports-increase-from-1-0-trillion-to-1-5-trillion-if-the-slope-of-th-4439801.htm',
          'https://www.transtutors.com/questions/60-the-expenditure-multiplier-is-larger-than-one-because-a-an-increase-in-autonomous-4439800.htm',
          'https://www.transtutors.com/questions/28-if-aggregate-planned-expenditures-equal-real-gdp-then-a-inventories-increase-abov-4439799.htm',
          'https://www.transtutors.com/questions/47-when-joe-39-s-disposable-income-is-50-000-his-consumption-expenditure-is-45-000-a-4439798.htm',
          'https://www.transtutors.com/questions/64-when-the-economy-enters-an-expansion-of-a-business-cycle-households-become-more-o-4439797.htm',
          'https://www.transtutors.com/questions/48-if-aggregate-planned-expenditure-exceeds-real-gdp-then-a-unplanned-inventory-chan-4439796.htm',
          'https://www.transtutors.com/questions/45-an-increase-in-the-price-level-shifts-the-aggregate-expenditure-curve-downward-an-4439795.htm',
          'https://www.transtutors.com/questions/9-what-is-okun-39-s-law-10-a-country-reports-a-potential-gdp-of-6-trillion-a-natural-4439794.htm',
          'https://www.transtutors.com/questions/6-when-the-expected-inflation-rate-changes-what-happens-to-the-short-run-phillips-cu-4439793.htm',
          'https://www.transtutors.com/questions/11-when-tax-revenues-outlays-is-negative-then-the-government-has-a-budget-a--4439792.htm',
          'https://www.transtutors.com/questions/16-an-economy-is-experiencing-a-recession-and-policy-makers-are-considering-using-di-4439791.htm',
          'https://www.transtutors.com/questions/28-if-tax-revenues-are-230-billion-and-the-government-39-s-outlays-are-235-billion-t-4439790.htm',
          'https://www.transtutors.com/questions/54-when-the-natural-unemployment-rate-increases-a-both-the-long-run-phillips-curve-a-4439789.htm',
          'https://www.transtutors.com/questions/137-the-marginal-propensity-to-import-is-the-that-is-spent-on-imports-a-fraction-of--4439788.htm',
          'https://www.transtutors.com/questions/12-if-the-government-increases-expenditure-by-40-billion-and-increases-tax-revenues--4439787.htm',
          'https://www.transtutors.com/questions/9-ignoring-any-supply-side-effects-how-does-the-magnitude-of-the-government-expendit-4439786.htm',
          'https://www.transtutors.com/questions/5-what-are-automatic-stabilizers-how-do-they-help-stabilize-real-gdp-6-explain-how-t-4439785.htm',
          'https://www.transtutors.com/questions/30-explain-why-the-multiplier-is-greater-than-1-31-what-effect-does-an-increase-in-t-4439784.htm',
          'https://www.transtutors.com/questions/87-when-the-fed-lowers-the-federal-funds-rate-which-of-the-following-economic-variab-4439783.htm',
          'https://www.transtutors.com/questions/77-when-the-fed-fears-inflation-the-fed-government-securities-so-that-the-federal-fu-4439782.htm',
          'https://www.transtutors.com/questions/19-quot-if-aggregate-planned-expenditure-exceeds-real-gdp-then-real-gdp-will-increas-4439781.htm',
          'https://www.transtutors.com/questions/45-a-change-in-monetary-policy-affects-a-consumption-expenditure-government-expendit-4439780.htm',
          'https://www.transtutors.com/questions/17-7-essay-monetary-policy-transmission-1-quot-the-federal-open-market-committee-fom-4439779.htm',
          'https://www.transtutors.com/questions/35-the-fomc-is-concerned-about-inflation-and-has-the-federal-funds-rate-due-to--4439778.htm',
          'https://www.transtutors.com/questions/55-if-the-fed-fears-a-recession-it-a-sells-government-securities-b-decreases-the-qua-4439777.htm',
          'https://www.transtutors.com/questions/4-what-is-the-difference-between-movements-along-the-consumption-function-and-shifts-4439776.htm',
          'https://www.transtutors.com/questions/5-list-and-briefly-explain-the-steps-in-how-monetary-policy-affects-real-gdp-in-the--4439775.htm',
          'https://www.transtutors.com/questions/13-define-induced-expenditure-and-autonomous-expenditure-which-expenditure-items-are-4439774.htm',
          'https://www.transtutors.com/questions/25-if-the-fed-lowers-the-federal-funds-rate-which-of-the-following-occurs-a-investme-4439773.htm',
          'https://www.transtutors.com/questions/8-numeric-and-graphing-questions-disposable-income-trillions-of-2005-dollars-consump-4439772.htm',
          'https://www.transtutors.com/questions/91-the-government-sector-balance-equals-a-saving-plus-investment-b-saving-minus-inve-4439771.htm',
          'https://www.transtutors.com/questions/63-for-most-of-the-years-since-1981-the-united-states-has-had-a-a-current-account-de-4439770.htm',
          'https://www.transtutors.com/questions/92-according-to-the-real-business-cycle-rbc-theory-during-a-recession-the-demand-for-4439769.htm',
          'https://www.transtutors.com/questions/6-in-the-foreign-exchange-market-how-does-a-change-in-expected-future-u-s-exchange-r-4439768.htm',
          'https://www.transtutors.com/questions/11-what-are-the-quot-deep-quot-factors-that-change-exchange-rate-expectations-12--4439767.htm',
          'https://www.transtutors.com/questions/73-a-country-reports-exports-minus-imports-of-300-billion-net-interest-income-of-30--4439766.htm',
          'https://www.transtutors.com/questions/10-quot-the-short-run-phillips-curve-is-vertical-at-the-natural-unemployment-rate-qu-4439765.htm',
          'https://www.transtutors.com/questions/19-6-essay-the-exchange-rate-1-in-the-foreign-exchange-market-how-will-each-of-the-f-4439764.htm',
          'https://www.transtutors.com/questions/53-in-2014-in-the-united-states-the-sum-of-the-balance-of-all-three-of-the-balance-o-4439763.htm',
          'https://www.transtutors.com/questions/10-when-a-nation-has-no-funds-to-finance-economic-development-how-can-it-acquire-the-4439762.htm',
          'https://www.transtutors.com/questions/9-what-is-the-difference-between-the-functional-and-the-personal-distribution-of-inc-4439761.htm',
          'https://www.transtutors.com/questions/28-what-is-the-factor-that-leads-to-business-cycles-in-the-new-classical-cycle-theor-4439760.htm',
          'https://www.transtutors.com/questions/3-10-essay-specialization-and-trade-1-what-is-comparative-advantage-give-an-example--4439759.htm',
          'https://www.transtutors.com/questions/14-quot-as-the-economy-moves-upward-along-its-short-run-aggregate-supply-curve-the-e-4439758.htm',
          'https://www.transtutors.com/questions/26-consider-a-production-possibility-frontier-with-jeans-on-the-vertical-axis-and-sh-4439757.htm',
          'https://www.transtutors.com/questions/36-a-bowed-out-ppf-reflects-which-of-the-following-ideas-i-increasing-opportunity-co-4439756.htm'],
 'project': ['trans'],
 'referring_link': ['https://www.transtutors.com/questions/economics/279/'],
 'spider': ['trans_links']}
2020-02-05 23:30:36 [scrapy.core.engine] DEBUG: Crawled (200) <GET https://www.transtutors.com/questions/economics/281/> (referer: https://www.google.com/) ['cached']
2020-02-05 23:30:36 [scrapy.core.scraper] DEBUG: Scraped from <200 https://www.transtutors.com/questions/economics/280/>
{'category': ['economy'],
 'date': [datetime.datetime(2020, 2, 5, 23, 30, 36, 968469)],
 'link': ['https://www.transtutors.com/questions/72-the-theory-that-regards-random-fluctuations-in-productivity-as-the-main-source-of-4439755.htm',
          'https://www.transtutors.com/questions/59-if-a-nation-has-an-absolute-advantage-in-producing-a-good-then-it-a-will-have-a-c-4439754.htm',
          'https://www.transtutors.com/questions/49-gains-from-trade-a-occur-when-one-party-to-the-trade-has-an-absolute-advantage-in-4439753.htm',
          'https://www.transtutors.com/questions/3-8-essay-opportunity-cost-1-moving-on-a-bowed-out-ppf-what-happens-to-the-opportuni-4439752.htm',
          'https://www.transtutors.com/questions/4-6-essay-supply-1-what-leads-to-a-decrease-in-the-quantity-supplied-of-a-good-or-se-4439751.htm',
          'https://www.transtutors.com/questions/20-recently-the-government-made-adjustments-to-how-gdp-is-calculated-that-included-p-4439750.htm',
          'https://www.transtutors.com/questions/30-the-sum-of-all-the-income-categories-listed-in-the-national-income-and-product-ac-4439749.htm',
          'https://www.transtutors.com/questions/75-kiwis-and-strawberries-are-substitutes-for-consumers-an-increase-in-the-price-of--4439748.htm',
          'https://www.transtutors.com/questions/4-4-integrative-questions-1-consider-the-market-for-bread-if-the-price-of-wheat-rise-4439747.htm',
          'https://www.transtutors.com/questions/31-suppose-over-the-next-several-years-the-productivity-of-firms-producing-electric--4439746.htm',
          'https://www.transtutors.com/questions/90-a-worker-is-considered-part-time-if-the-worker-a-usually-works-less-than-40-hours-4439745.htm',
          'https://www.transtutors.com/questions/5-2-measuring-u-s-gdp-1-in-order-to-measure-gross-domestic-product-we-can-follow-a-o-4439744.htm',
          'https://www.transtutors.com/questions/10-several-adjustments-must-be-made-to-net-domestic-product-at-factor-cost-in-order--4439743.htm',
          'https://www.transtutors.com/questions/61-in-the-1990s-the-most-distinctive-aspect-of-the-quot-brain-drain-quot-from-south--4439742.htm',
          'https://www.transtutors.com/questions/80-suppose-that-mel-who-is-27-is-not-working-but-looked-for-a-job-as-recently-as-2-m-4439741.htm',
          'https://www.transtutors.com/questions/76-if-the-cpi-this-year-is-240-and-the-cpi-in-the-previous-year-was-200-what-is-the--4439740.htm',
          'https://www.transtutors.com/questions/32-what-is-the-intertemporal-substitution-effect-and-what-role-does-it-play-in-the-r-4439739.htm',
          'https://www.transtutors.com/questions/96-the-period-for-which-the-consumer-price-index-is-defined-to-equal-100-is-called-t-4439738.htm',
          'https://www.transtutors.com/questions/17-quot-the-long-run-phillips-curve-is-downward-sloping-quot-is-the-previous-stateme-4439737.htm',
          'https://www.transtutors.com/questions/86-looking-at-the-annual-inflation-rates-in-the-united-states-from-2000-to-2013-we-s-4439736.htm',
          'https://www.transtutors.com/questions/4-what-was-the-u-s-experience-with-demand-pull-inflation-during-the-1960s-and-early--4439735.htm',
          'https://www.transtutors.com/questions/31-in-2013-the-reference-base-period-for-the-cpi-for-the-nation-of-webot-a-typical-c-4439734.htm',
          'https://www.transtutors.com/questions/22-the-population-in-the-current-year-is-31-5-million-and-the-real-gdp-is-814-millio-4439733.htm',
          'https://www.transtutors.com/questions/9-5-integrative-questions-1-economic-growth-in-cuba-has-been-slow-what-can-best-expl-4439732.htm',
          'https://www.transtutors.com/questions/8-what-is-job-rationing-and-how-does-it-relate-to-unemployment-what-factors-can-lead-4439731.htm',
          'https://www.transtutors.com/questions/112-which-of-the-following-is-the-factor-that-leads-to-business-cycles-in-the-keynes-4439730.htm',
          'https://www.transtutors.com/questions/25-what-is-the-factor-that-leads-to-business-cycles-in-the-keynesian-cycle-theory-26-4439729.htm',
          'https://www.transtutors.com/questions/46-the-annual-growth-rate-of-an-economy-is-10-percent-the-economy-39-s-gdp-will-doub-4439728.htm',
          'https://www.transtutors.com/questions/7-what-is-the-phillips-curve-discuss-both-the-short-run-and-long-run-phillips-curve--4439727.htm',
          'https://www.transtutors.com/questions/41-what-is-the-security-of-a-bonded-loan-in-traditional-indian-society-a-the-borrowe-4439726.htm',
          'https://www.transtutors.com/questions/6-for-spring-break-melanie-will-either-stay-home-or-go-to-daytona-beach-at-home-mela-4439725.htm',
          'https://www.transtutors.com/questions/11-discuss-what-is-necessary-to-make-rational-decisions-be-sure-to-mention-opportuni-4439724.htm',
          'https://www.transtutors.com/questions/102-in-real-business-cycle-models-in-order-to-increase-real-gdp-after-a-negative-tec-4439723.htm',
          'https://www.transtutors.com/questions/82-the-key-ripple-effect-in-real-business-cycle-theory-is-the-decision-and-it-depend-4439722.htm',
          'https://www.transtutors.com/questions/31-in-terms-of-average-income-which-of-the-following-is-different-from-the-other-thr-4439721.htm',
          'https://www.transtutors.com/questions/62-consider-the-u-s-data-for-inflation-and-the-unemployment-rate-for-the-last-five-d-4439720.htm',
          'https://www.transtutors.com/questions/20-distinguish-between-the-short-run-and-long-run-phillips-curves-21-explain-how-the-4439719.htm',
          'https://www.transtutors.com/questions/5-what-are-economies-of-scale-what-is-the-main-source-of-economies-of-scale-6-what-a-4439718.htm',
          'https://www.transtutors.com/questions/5-essay-questions-1-what-is-demand-pull-inflation-2-what-are-sources-that-can-start--4439717.htm',
          'https://www.transtutors.com/questions/13-quot-when-the-fed-is-concerned-with-inflation-it-buys-government-securities-quot--4439716.htm',
          'https://www.transtutors.com/questions/62-what-is-the-amount-of-the-surplus-or-deficit-incurred-in-year-5-by-the-government-4439715.htm',
          'https://www.transtutors.com/questions/6-quot-a-single-price-monopoly-will-always-charge-a-price-that-is-on-the-elastic-ran-4439714.htm',
          'https://www.transtutors.com/questions/7-how-has-the-federal-government-debt-as-a-percentage-of-gdp-changed-since-the-end-o-4439713.htm',
          'https://www.transtutors.com/questions/5-assume-the-fed-is-concerned-with-a-possible-recession-so-it-wants-to-lower-the-int-4439712.htm',
          'https://www.transtutors.com/questions/6-essay-questions-1-why-does-the-fed-pursue-price-stability-as-its-ultimate-goal-2-d-4439711.htm',
          'https://www.transtutors.com/questions/16-why-do-some-utilities-have-an-incentive-to-exaggerate-their-costs-of-production-1-4439710.htm',
          'https://www.transtutors.com/questions/11-quot-when-electric-utilities-are-regulated-using-an-average-cost-pricing-rule-the-4439708.htm',
          'https://www.transtutors.com/questions/31-intel-and-amd-are-a-duopoly-that-produce-cpu-chips-intel-and-amd-can-conduct-r-d--4439707.htm',
          'https://www.transtutors.com/questions/61-cambodia-has-the-highest-rate-of-aids-hiv-deaths-in-southeast-asia-62-in-southeas-4439706.htm',
          'https://www.transtutors.com/questions/18-7-essay-what-is-oligopoly-1-describe-the-characteristics-of-an-oligopoly-2-quot-b-4439705.htm'],
 'project': ['trans'],
 'referring_link': ['https://www.transtutors.com/questions/economics/280/'],
 'spider': ['trans_links']}
2020-02-05 23:30:37 [scrapy.core.engine] DEBUG: Crawled (200) <GET https://www.transtutors.com/questions/economics/282/> (referer: https://www.google.com/) ['cached']
2020-02-05 23:30:37 [scrapy.core.scraper] DEBUG: Scraped from <200 https://www.transtutors.com/questions/economics/281/>
{'category': ['economy'],
 'date': [datetime.datetime(2020, 2, 5, 23, 30, 37, 144605)],
 'link': ['https://www.transtutors.com/questions/10-why-do-baseball-players-make-so-much-money-while-kindergarten-teachers-in-private-4439704.htm',
          'https://www.transtutors.com/questions/6-why-are-cartels-among-firms-usually-kept-secret-7-what-is-the-legal-status-of-a-ca-4439703.htm',
          'https://www.transtutors.com/questions/10-if-the-government-raises-taxes-on-labor-income-and-interest-income-explain-how-po-4439702.htm',
          'https://www.transtutors.com/questions/13-what-is-the-government-expenditure-multiplier-14-what-is-needs-tested-spending-an-4439701.htm',
          'https://www.transtutors.com/questions/6-why-does-an-increase-in-supply-lead-to-lower-prices-7-smart-phones-are-becoming-le-4439700.htm',
          'https://www.transtutors.com/questions/4-7-essay-market-equilibrium-1-when-does-a-shortage-occur-2-when-does-a-surplus-occu-4439699.htm',
          'https://www.transtutors.com/questions/62-an-increase-in-government-expenditure-shifts-the-ad-curve-and-an-increase-in-taxe-4439698.htm',
          'https://www.transtutors.com/questions/26-if-the-price-of-suntan-lotion-increases-from-6-to-8-per-bottle-and-quantity-deman-4439697.htm',
          'https://www.transtutors.com/questions/8-discuss-how-the-fed-raising-the-federal-funds-rate-ripples-through-the-different-s-4439696.htm',
          'https://www.transtutors.com/questions/10-suppose-the-economy-is-in-recession-write-a-letter-to-the-brand-new-chairman-of-t-4439695.htm',
          'https://www.transtutors.com/questions/1-two-thirds-of-australia-is-occupied-by-this-mass-of-old-shield-rocks-a-eastern-hig-4439694.htm',
          'https://www.transtutors.com/questions/6-10-essay-cost-price-and-producer-surplus-1-explain-the-difference-between-the-word-4439693.htm',
          'https://www.transtutors.com/questions/32-the-largest-source-of-revenue-for-the-federal-government-is-and-the-largest-outla-4439692.htm',
          'https://www.transtutors.com/questions/6-quot-if-there-is-an-inefficient-level-of-nursing-care-in-south-america-a-deadweigh-4439691.htm',
          'https://www.transtutors.com/questions/6-how-does-the-elasticity-of-demand-for-labor-affect-the-deadweight-loss-from-an-inc-4439690.htm',
          'https://www.transtutors.com/questions/7-7-essay-price-floors-1-explain-why-a-price-floor-set-below-the-equilibrium-price-i-4439689.htm',
          'https://www.transtutors.com/questions/11-the-brutal-quot-death-march-quot-out-of-phnom-penh-in-1975-76-that-killed-at-leas-4439688.htm',
          'https://www.transtutors.com/questions/4-depending-on-the-relative-size-of-the-federal-government-39-s-outlays-and-tax-rece-4439687.htm',
          'https://www.transtutors.com/questions/9-10-essay-the-case-against-protection-1-three-arguments-used-to-promote-trade-barri-4439686.htm',
          'https://www.transtutors.com/questions/6-currently-the-united-states-has-a-quota-on-the-amount-of-sugar-that-is-allowed-to--4439685.htm',
          'https://www.transtutors.com/questions/6-essay-questions-1-what-is-fiscal-policy-and-what-are-its-purposes-2-what-does-the--4439684.htm',
          'https://www.transtutors.com/questions/1-3-appendix-making-and-using-graphs-1-the-horizontal-axis-in-a-graph-a-measures-tim-4439683.htm',
          'https://www.transtutors.com/questions/5-the-figure-above-shows-the-price-of-a-dvd-player-from-1996-to-2000-a-what-type-of--4439682.htm',
          'https://www.transtutors.com/questions/10-the-figure-above-shows-how-the-relationship-between-the-number-of-hours-per-week--4439681.htm',
          'https://www.transtutors.com/questions/51-a-graph-shows-the-price-of-a-pound-of-cucumbers-on-the-vertical-axis-and-the-quan-4439680.htm',
          'https://www.transtutors.com/questions/7-what-is-the-difference-between-a-positive-and-a-negative-relationship-8-a-graph-of-4439679.htm',
          'https://www.transtutors.com/questions/101-the-figure-above-shows-the-relationship-between-the-time-a-student-spends-studyi-4439678.htm',
          'https://www.transtutors.com/questions/61-as-a-curve-approaches-a-maximum-point-the-slope-will-a-be-positive-and-then-negat-4439677.htm',
          'https://www.transtutors.com/questions/121-ceteris-paribus-when-graphing-a-relationship-refers-to-a-letting-all-the-variabl-4439676.htm',
          'https://www.transtutors.com/questions/111-the-figure-above-shows-the-relationship-between-the-price-of-a-dozen-roses-and-t-4439675.htm',
          'https://www.transtutors.com/questions/71-the-graph-shows-a-a-positive-relationship-that-becomes-less-steep-b-negative-rela-4439674.htm',
          'https://www.transtutors.com/questions/6-for-spring-break-melanie-will-either-stay-home-or-go-to-daytona-beach-at-home-mela-4439673.htm',
          'https://www.transtutors.com/questions/91-the-above-figure-shows-the-relationship-between-the-price-of-a-slice-of-pizza-and-4439672.htm',
          'https://www.transtutors.com/questions/31-among-the-two-most-important-methods-economists-use-to-identify-illegal-discrimin-4439671.htm',
          'https://www.transtutors.com/questions/11-4-regulating-the-quantity-of-money-1-new-money-is-created-in-the-u-s-economy-by-a-4439670.htm',
          'https://www.transtutors.com/questions/7-does-an-open-market-operation-in-which-the-fed-buys-securities-from-the-general-pu-4439669.htm',
          'https://www.transtutors.com/questions/6-quot-to-count-as-required-reserves-the-reserves-must-be-on-deposit-at-the-bank-39--4439668.htm',
          'https://www.transtutors.com/questions/11-riley-deposits-4-000-cash-in-her-checkable-deposit-at-fershur-bank-if-the-desired-4439667.htm',
          'https://www.transtutors.com/questions/6-quot-because-monetary-policy-must-be-approved-by-the-president-of-the-united-state-4439666.htm',
          'https://www.transtutors.com/questions/41-when-the-fed-buys-100-million-of-securities-from-a-commercial-bank-the-a-monetary-4439665.htm',
          'https://www.transtutors.com/questions/31-the-desired-reserve-ratio-is-3-percent-robert-deposits-3-000-in-bank-america-bank-4439664.htm',
          'https://www.transtutors.com/questions/11-7-essay-the-banking-system-1-what-are-the-institutions-that-make-up-the-nation-39-4439663.htm',
          'https://www.transtutors.com/questions/101-if-the-monetary-base-does-not-change-and-the-desired-reserve-ratio-increases-the-4439662.htm',
          'https://www.transtutors.com/questions/12-if-a-bank-receives-an-additional-deposit-of-50-000-and-the-desired-reserve-ratio--4439661.htm',
          'https://www.transtutors.com/questions/11-what-assets-are-included-in-m1-in-m2-is-all-of-m1-and-m2-money-if-some-assets-of--4439660.htm',
          'https://www.transtutors.com/questions/11-8-essay-the-federal-reserve-system-1-the-federal-reserve-is-the-nation-39-s-centr-4439659.htm',
          'https://www.transtutors.com/questions/11-the-federal-reserve-system-is-organized-into-federal-reserve-districts-a-6-b-10-c-4439658.htm',
          'https://www.transtutors.com/questions/21-when-we-use-money-to-purchase-goods-and-services-we-are-using-money-as-a-a-unit-o-4439657.htm',
          'https://www.transtutors.com/questions/31-the-required-reserve-ratio-is-10-percent-and-charlie-deposits-3-000-in-her-checki-4439656.htm',
          'https://www.transtutors.com/questions/11-1-what-is-money-1-which-statement-about-money-is-most-correct-a-money-is-a-new-in-4439655.htm'],
 'project': ['trans'],
 'referring_link': ['https://www.transtutors.com/questions/economics/281/'],
 'spider': ['trans_links']}
2020-02-05 23:30:37 [scrapy.core.engine] DEBUG: Crawled (200) <GET https://www.transtutors.com/questions/economics/283/> (referer: https://www.google.com/) ['cached']
2020-02-05 23:30:37 [scrapy.core.scraper] DEBUG: Scraped from <200 https://www.transtutors.com/questions/economics/282/>
{'category': ['economy'],
 'date': [datetime.datetime(2020, 2, 5, 23, 30, 37, 304631)],
 'link': ['https://www.transtutors.com/questions/21-which-of-the-following-is-a-thrift-institution-i-a-credit-union-ii-the-fed-iii-a--4439654.htm',
          'https://www.transtutors.com/questions/51-the-fed-sells-300-million-u-s-government-securities-to-commercial-banks-this-acti-4439653.htm',
          'https://www.transtutors.com/questions/11-3-the-federal-reserve-system-1-a-public-authority-that-provides-banking-services--4439652.htm',
          'https://www.transtutors.com/questions/51-the-monetary-base-is-equal-to-a-banks-39-assets-plus-liabilities-b-federal-reserv-4439651.htm',
          'https://www.transtutors.com/questions/91-if-the-fed-buys-10-million-of-government-securities-when-the-desired-reserve-rati-4439650.htm',
          'https://www.transtutors.com/questions/61-at-any-point-in-time-a-single-bank-can-loan-an-amount-equal-to-a-its-excess-reser-4439649.htm',
          'https://www.transtutors.com/questions/10-6-essay-financial-institutions-and-markets-1-what-is-the-difference-if-any-betwee-4439648.htm',
          'https://www.transtutors.com/questions/21-the-federal-open-market-committee-consists-of-a-12-members-all-of-whom-are-the-pr-4439647.htm',
          'https://www.transtutors.com/questions/81-which-of-the-following-best-defines-what-money-is-now-and-what-it-has-been-in-the-4439646.htm',
          'https://www.transtutors.com/questions/10-list-the-fed-39-s-main-policy-tools-and-briefly-explain-each-one-answer-the-fed-3-4439645.htm',
          'https://www.transtutors.com/questions/21-when-grayce-deposits-4-000-cash-in-her-checkable-deposit-at-the-beach-bank-and-th-4439644.htm',
          'https://www.transtutors.com/questions/75-which-of-the-following-is-a-microeconomic-topic-a-the-unemployment-rate-of-the-un-4439643.htm',
          'https://www.transtutors.com/questions/4-the-desired-reserve-ratio-is-10-percent-fly-by-night-bank-has-deposits-of-250-000--4439642.htm',
          'https://www.transtutors.com/questions/11-the-functions-of-money-are-a-medium-of-exchange-unit-of-account-and-store-of-valu-4439641.htm',
          'https://www.transtutors.com/questions/41-open-market-operations-are-when-the-fed-buys-or-sells-a-government-securities-fro-4439640.htm',
          'https://www.transtutors.com/questions/81-if-the-currency-drain-ratio-is-zero-which-of-the-following-situations-leads-to-th-4439639.htm',
          'https://www.transtutors.com/questions/11-6-essay-what-is-money-1-define-money-and-list-its-functions-answer-money-is-any-c-4439638.htm',
          'https://www.transtutors.com/questions/11-5-integrative-questions-1-money-market-mutual-funds-a-are-included-in-m2-but-not--4439637.htm',
          'https://www.transtutors.com/questions/11-2-the-banking-system-1-a-commercial-bank-is-defined-as-a-any-institution-that-acc-4439636.htm',
          'https://www.transtutors.com/questions/11-9-essay-regulating-the-quantity-of-money-1-describe-how-actual-reserves-are-calcu-4439635.htm',
          'https://www.transtutors.com/questions/18-explain-how-the-currency-drain-ratio-affects-the-size-of-the-money-multiplier-in--4439634.htm',
          'https://www.transtutors.com/questions/12-8-essay-the-cost-of-inflation-1-quot-inflation-acts-as-a-tax-because-the-governme-4439633.htm',
          'https://www.transtutors.com/questions/51-in-the-figure-above-the-shift-in-the-aggregate-demand-curve-from-ad-1-to-ad-2-cou-4439632.htm',
          'https://www.transtutors.com/questions/15-quot-if-the-currency-drain-ratio-increases-the-monetary-base-decreases-quot-expla-4439631.htm',
          'https://www.transtutors.com/questions/4-if-the-fed-makes-the-quantity-of-money-grow-at-the-same-rate-as-the-growth-rate-of-4439630.htm',
          'https://www.transtutors.com/questions/51-credit-cards-are-a-a-form-of-money-used-to-make-purchases-b-a-special-id-card-tha-4439629.htm',
          'https://www.transtutors.com/questions/35-microeconomics-is-the-study-of-a-the-behavior-of-the-economy-as-a-whole-b-how-ris-4439628.htm',
          'https://www.transtutors.com/questions/41-which-of-the-following-is-an-example-of-money-a-currency-in-your-wallet-b-currenc-4439627.htm',
          'https://www.transtutors.com/questions/3-what-are-the-costs-of-inflation-briefly-explain-each-4-explain-the-quot-shoe-leath-4439626.htm',
          'https://www.transtutors.com/questions/61-m1-is-defined-as-a-measure-of-money-including-in-part-a-checkable-deposits-and-cu-4439625.htm',
          'https://www.transtutors.com/questions/45-one-topic-of-study-for-a-microeconomist-would-be-the-a-causes-of-inflation-b-caus-4439624.htm',
          'https://www.transtutors.com/questions/11-if-the-growth-rate-of-the-quantity-of-money-is-4-percent-per-year-potential-gdp-a-4439623.htm',
          'https://www.transtutors.com/questions/31-when-money-is-used-to-compare-the-relative-price-of-a-burrito-and-a-taco-money-is-4439622.htm',
          'https://www.transtutors.com/questions/7-according-to-the-quantity-theory-of-money-what-is-the-effect-of-an-increase-in-the-4439621.htm',
          'https://www.transtutors.com/questions/1-what-sea-or-ocean-flooded-the-land-bridge-from-the-southeast-asian-islands-to-main-4439620.htm',
          'https://www.transtutors.com/questions/12-what-is-demand-pull-inflation-13-what-are-sources-that-can-start-a-demand-pull-in-4439619.htm',
          'https://www.transtutors.com/questions/15-what-is-a-cost-push-inflation-16-what-factors-can-start-a-cost-push-inflation-wha-4439618.htm',
          'https://www.transtutors.com/questions/4-based-on-the-table-above-a-what-is-the-equilibrium-price-level-and-real-gdp-b-if-p-4439617.htm',
          'https://www.transtutors.com/questions/13-7-essay-aggregate-demand-1-what-is-the-effect-on-the-aggregate-demand-curve-from--4439616.htm',
          'https://www.transtutors.com/questions/16-because-wage-rates-are-so-low-in-africa-why-don-39-t-microsoft-cisco-and-other-ma-4439615.htm',
          'https://www.transtutors.com/questions/3-explain-the-difference-between-a-movement-along-the-aggregate-demand-curve-and-a-s-4439614.htm',
          'https://www.transtutors.com/questions/6-give-examples-of-factors-that-decrease-aggregate-demand-which-way-does-the-aggrega-4439613.htm',
          'https://www.transtutors.com/questions/25-economics-is-the-study-of-a-the-allocation-of-scarce-resources-to-satisfy-unlimit-4439612.htm',
          'https://www.transtutors.com/questions/81-in-the-figure-above-if-real-gdp-is-12-trillion-aggregate-planned-expenditure-is-1-4439611.htm',
          'https://www.transtutors.com/questions/5-in-economics-items-that-are-used-to-produce-goods-and-services-are-known-as-a-want-4439610.htm',
          'https://www.transtutors.com/questions/51-the-shift-of-the-short-run-phillips-curve-in-the-figure-above-is-the-result-of-a--4439609.htm',
          'https://www.transtutors.com/questions/6-if-the-short-run-phillips-curve-shifts-rightward-what-happens-to-the-trade-off-bet-4439608.htm',
          'https://www.transtutors.com/questions/14-8-essay-equilibrium-expenditure-1-what-is-the-difference-between-induced-and-auto-4439607.htm',
          'https://www.transtutors.com/questions/3-list-the-components-of-aggregate-expenditure-and-describe-how-each-of-them-change--4439606.htm',
          'https://www.transtutors.com/questions/7-briefly-describe-how-imports-and-taxes-affect-the-size-of-the-expenditure-multipli-4439605.htm'],
 'project': ['trans'],
 'referring_link': ['https://www.transtutors.com/questions/economics/282/'],
 'spider': ['trans_links']}
2020-02-05 23:30:37 [scrapy.core.engine] DEBUG: Crawled (200) <GET https://www.transtutors.com/questions/economics/284/> (referer: https://www.google.com/) ['cached']
2020-02-05 23:30:37 [scrapy.core.scraper] DEBUG: Scraped from <200 https://www.transtutors.com/questions/economics/283/>
{'category': ['economy'],
 'date': [datetime.datetime(2020, 2, 5, 23, 30, 37, 470566)],
 'link': ['https://www.transtutors.com/questions/54-in-2012-the-united-states-government-tightened-the-import-quota-on-sugar-by-decre-4439604.htm',
          'https://www.transtutors.com/questions/5-quot-aggregate-planned-expenditure-is-the-sum-of-planned-consumption-expenditure-i-4439603.htm',
          'https://www.transtutors.com/questions/10-quot-a-country-39-s-expenditure-multiplier-is-constant-over-time-quot-explain-whe-4439602.htm',
          'https://www.transtutors.com/questions/85-an-example-of-a-microeconomic-decision-is-a-situation-in-which-a-the-federal-rese-4439601.htm',
          'https://www.transtutors.com/questions/7-when-the-text-refers-to-rational-self-interest-it-means-a-your-looking-out-for-wha-4439600.htm',
          'https://www.transtutors.com/questions/6-explain-how-tax-revenue-can-be-both-an-automatic-fiscal-policy-and-a-discretionary-4439599.htm',
          'https://www.transtutors.com/questions/12-an-income-tax-hike-potential-gdp-by-a-increases-not-crowding-out-investment-4439598.htm',
          'https://www.transtutors.com/questions/55-macroeconomics-is-concerned-with-studying-the-a-behavior-of-individual-decision-m-4439597.htm',
          'https://www.transtutors.com/questions/6-if-u-s-official-reserves-increase-is-the-official-settlements-account-balance-posi-4439596.htm',
          'https://www.transtutors.com/questions/51-the-above-figure-shows-the-u-s-market-for-wheat-with-no-international-trade-the-p-4439595.htm',
          'https://www.transtutors.com/questions/9-quot-in-the-foreign-exchange-market-if-the-demand-for-the-u-s-dollar-increases-the-4439594.htm',
          'https://www.transtutors.com/questions/3-why-do-people-and-firms-in-the-united-states-supply-dollars-to-the-foreign-exchang-4439593.htm',
          'https://www.transtutors.com/questions/65-microeconomics-studies-a-decisions-made-by-individual-consumers-and-firms-b-the-c-4439592.htm',
          'https://www.transtutors.com/questions/6-what-is-quot-rent-seeking-quot-how-does-it-apply-to-restricting-imports-7-economic-4439591.htm',
          'https://www.transtutors.com/questions/11-the-united-states-is-best-known-as-a-a-pure-price-system-b-dictatorship-c-command-4439590.htm',
          'https://www.transtutors.com/questions/81-the-current-account-balance-is-a-100-billion-b-100-billion-c-200-billion-d-200--4439589.htm',
          'https://www.transtutors.com/questions/3-what-is-dumping-4-because-wage-rates-are-so-low-in-africa-why-don-39-t-microsoft-c-4439588.htm',
          'https://www.transtutors.com/questions/6-in-the-foreign-exchange-market-how-does-a-change-in-expected-future-u-s-exchange-r-4439587.htm',
          'https://www.transtutors.com/questions/31-which-of-the-following-is-a-major-income-source-for-pacific-islands-a-tourism-b-m-4439586.htm',
          'https://www.transtutors.com/questions/11-suppose-puerto-rico-and-hawaii-currently-have-the-same-production-possibilities-s-4439585.htm',
          'https://www.transtutors.com/questions/41-if-the-production-possibilities-frontier-between-two-goods-were-a-straight-line-t-4439584.htm',
          'https://www.transtutors.com/questions/5-essay-questions-1-define-comparative-advantage-and-discuss-its-role-in-internation-4439583.htm',
          'https://www.transtutors.com/questions/3-3-economic-growth-1-which-of-the-following-is-the-best-definition-of-economic-grow-4439582.htm',
          'https://www.transtutors.com/questions/3-4-specialization-and-trade-1-if-wendy-can-produce-more-of-all-goods-than-tommy-in--4439581.htm',
          'https://www.transtutors.com/questions/6-what-effect-if-any-will-a-good-college-education-have-on-your-human-capital-explai-4439580.htm',
          'https://www.transtutors.com/questions/21-if-the-economy-is-at-potential-gdp-and-the-fed-makes-an-open-market-purchase-of-g-4439579.htm',
          'https://www.transtutors.com/questions/21-for-country-north-the-opportunity-cost-incurred-when-3-tractors-are-produced-is-2-4439578.htm',
          'https://www.transtutors.com/questions/3-6-integrative-questions-1-as-technology-advances-a-all-opportunity-costs-decrease--4439577.htm',
          'https://www.transtutors.com/questions/7-the-united-states-imposes-a-tariff-on-foreign-limes-how-does-the-tariff-affect-the-4439576.htm',
          'https://www.transtutors.com/questions/31-deb-and-pete-have-volunteered-to-help-their-favorite-charity-mail-out-fundraiser--4439575.htm',
          'https://www.transtutors.com/questions/51-the-figure-above-illustrates-a-small-country-39-s-production-possibilities-fronti-4439574.htm',
          'https://www.transtutors.com/questions/41-using-the-figure-above-if-jack-and-jill-specialize-and-gain-from-trade-then-a-jac-4439573.htm',
          'https://www.transtutors.com/questions/3-identify-the-four-factors-of-production-and-tell-what-type-of-income-is-earned-by--4439572.htm',
          'https://www.transtutors.com/questions/11-the-figure-above-shows-prakash-39-s-and-gail-39-s-production-possibilities-fronti-4439571.htm',
          'https://www.transtutors.com/questions/11-the-table-above-shows-a-nation-39-s-production-possibilities-frontier-if-the-nati-4439570.htm',
          'https://www.transtutors.com/questions/5-what-is-the-relationship-between-the-bowed-out-shape-of-the-production-possibiliti-4439569.htm',
          'https://www.transtutors.com/questions/31-the-figure-above-shows-the-production-possibilities-frontier-for-a-country-a-comb-4439568.htm',
          'https://www.transtutors.com/questions/14-how-can-a-nation-that-is-at-an-absolute-disadvantage-gain-from-trade-15-why-do-na-4439567.htm',
          'https://www.transtutors.com/questions/8-soft-drinks-and-milk-are-substitutes-for-consumers-draw-a-graph-showing-the-effect-4439566.htm',
          'https://www.transtutors.com/questions/6-suppose-that-the-productivity-used-to-produce-computers-advances-how-does-this-cha-4439565.htm',
          'https://www.transtutors.com/questions/4-during-2010-as-oil-and-gas-prices-continued-to-increase-a-growing-number-of-americ-4439564.htm',
          'https://www.transtutors.com/questions/9-the-figure-above-represents-the-production-possibilities-frontier-for-a-country-a--4439563.htm',
          'https://www.transtutors.com/questions/3-2-opportunity-cost-1-in-a-production-possibilities-frontier-graph-the-cost-of-prod-4439562.htm',
          'https://www.transtutors.com/questions/7-the-united-states-can-use-all-of-its-resources-to-produce-50-computers-or-4-000-sh-4439561.htm',
          'https://www.transtutors.com/questions/15-economics-is-concerned-with-choices-a-that-involve-the-wants-of-individuals-b-tha-4439560.htm',
          'https://www.transtutors.com/questions/14-the-figure-above-shows-a-nation-39-s-production-possibilities-frontier-for-apples-4439559.htm',
          'https://www.transtutors.com/questions/21-production-efficiency-occurs-a-anywhere-inside-or-on-the-production-possibilities-4439558.htm',
          'https://www.transtutors.com/questions/5-8-essay-the-use-and-limitations-of-real-gdp-1-explain-how-our-standard-of-living-d-4439557.htm',
          'https://www.transtutors.com/questions/14-the-above-table-gives-the-demand-and-supply-schedules-for-cat-food-what-is-the-eq-4439556.htm',
          'https://www.transtutors.com/questions/61-the-table-above-gives-the-production-and-prices-for-a-small-nation-that-produces--4439555.htm'],
 'project': ['trans'],
 'referring_link': ['https://www.transtutors.com/questions/economics/283/'],
 'spider': ['trans_links']}
2020-02-05 23:30:37 [scrapy.core.engine] DEBUG: Crawled (200) <GET https://www.transtutors.com/questions/economics/285/> (referer: https://www.google.com/) ['cached']
2020-02-05 23:30:37 [scrapy.core.scraper] DEBUG: Scraped from <200 https://www.transtutors.com/questions/economics/284/>
{'category': ['economy'],
 'date': [datetime.datetime(2020, 2, 5, 23, 30, 37, 624618)],
 'link': ['https://www.transtutors.com/questions/5-7-essay-measuring-u-s-gdp-1-quot-to-calculate-gdp-economists-begin-with-total-inco-4439554.htm',
          'https://www.transtutors.com/questions/9-what-must-be-done-to-net-domestic-product-at-factor-cost-in-order-to-transform-it--4439553.htm',
          'https://www.transtutors.com/questions/11-explain-how-gdp-is-measured-according-to-the-expenditure-and-income-approaches-12-4439552.htm',
          'https://www.transtutors.com/questions/6-quot-the-amount-of-new-stocks-and-bonds-issued-in-a-year-adds-to-the-country-39-s--4439551.htm',
          'https://www.transtutors.com/questions/17-in-the-figure-above-if-the-price-is-8-a-unit-is-there-a-shortage-or-surplus-and-w-4439550.htm',
          'https://www.transtutors.com/questions/11-the-table-gives-data-for-a-nation-the-value-of-the-country-39-s-net-exports-of-go-4439549.htm',
          'https://www.transtutors.com/questions/10-currently-the-united-states-has-a-quota-on-the-amount-of-sugar-that-is-allowed-to-4439548.htm',
          'https://www.transtutors.com/questions/11-in-early-2012-the-price-of-computer-hard-disc-drives-rose-in-a-demand-and-supply--4439547.htm',
          'https://www.transtutors.com/questions/6-explain-how-the-purchases-of-used-goods-and-of-financial-assets-affect-gdp-7-expla-4439546.htm',
          'https://www.transtutors.com/questions/6-5-essay-labor-market-indicators-1-how-does-the-current-population-survey-determine-4439545.htm',
          'https://www.transtutors.com/questions/4-in-1995-the-cpi-was-152-5-and-the-price-of-an-economics-textbook-was-70-00-and-a-m-4439544.htm',
          'https://www.transtutors.com/questions/7-why-is-there-unemployment-even-when-the-economy-is-at-quot-full-employment-quot-8--4439543.htm',
          'https://www.transtutors.com/questions/4-explain-the-difference-between-frictional-and-structural-unemployment-5-define-and-4439542.htm',
          'https://www.transtutors.com/questions/10-consider-the-following-statement-quot-real-gdp-and-potential-gdp-are-always-equal-4439541.htm',
          'https://www.transtutors.com/questions/61-from-the-table-above-which-gives-data-about-the-u-s-labor-market-in-1933-the-unem-4439540.htm',
          'https://www.transtutors.com/questions/9-the-table-above-gives-the-cpi-market-basket-for-2010-and-2011-suppose-that-2010-is-4439539.htm',
          'https://www.transtutors.com/questions/71-in-1970-the-cpi-was-39-and-in-2000-it-was-172-a-local-phone-call-cost-0-10-in-197-4439538.htm',
          'https://www.transtutors.com/questions/7-for-each-of-the-following-values-of-nominal-gdp-and-real-gdp-calculate-the-gdp-pri-4439537.htm',
          'https://www.transtutors.com/questions/91-briefly-explain-the-difference-between-the-concepts-of-scarcity-and-shortage-92-b-4439536.htm',
          'https://www.transtutors.com/questions/9-the-first-table-above-gives-the-labor-demand-and-labor-supply-schedules-for-a-nati-4439535.htm',
          'https://www.transtutors.com/questions/5-explain-how-some-structural-changes-can-increase-the-natural-unemployment-rate-whi-4439534.htm',
          'https://www.transtutors.com/questions/7-the-first-table-above-gives-the-labor-demand-and-labor-supply-schedules-for-a-nati-4439533.htm',
          'https://www.transtutors.com/questions/10-what-is-an-efficiency-wage-and-what-effect-does-it-have-in-the-labor-market-11-di-4439532.htm',
          'https://www.transtutors.com/questions/8-what-is-job-rationing-and-how-does-it-relate-to-unemployment-what-factors-can-lead-4439531.htm',
          'https://www.transtutors.com/questions/8-6-essay-the-natural-unemployment-rate-1-looking-over-the-last-six-decades-since-19-4439530.htm',
          'https://www.transtutors.com/questions/101-the-uncertainty-that-results-from-inflation-causes-changes-in-a-consumption-but--4439529.htm',
          'https://www.transtutors.com/questions/6-define-labor-productivity-discuss-the-relationship-between-labor-productivity-huma-4439528.htm',
          'https://www.transtutors.com/questions/essay-questions-147-discuss-the-reason-why-economists-prescribe-a-low-but-not-a-zero-4439527.htm',
          'https://www.transtutors.com/questions/41-investment-refers-to-all-of-the-following-except-a-an-increase-in-business-invent-4439526.htm',
          'https://www.transtutors.com/questions/21-a-decline-in-an-economy-39-s-level-of-output-can-lead-to-a-a-lower-standard-of-li-4439525.htm',
          'https://www.transtutors.com/questions/91-ceteris-paribus-means-a-leave-the-market-alone-b-noninterference-by-the-governmen-4439524.htm',
          'https://www.transtutors.com/questions/essay-questions-134-explain-opportunity-cost-give-one-example-of-an-opportunity-cost-4439523.htm',
          'https://www.transtutors.com/questions/multiple-choice-questions-1-the-study-of-aggregate-economic-behavior-is-referred-to--4439522.htm',
          'https://www.transtutors.com/questions/multiple-choice-questions-1-the-central-problem-of-economics-is-the-a-distribution-o-4439521.htm',
          'https://www.transtutors.com/questions/61-the-market-mechanism-a-works-through-central-planning-by-the-government-b-elimina-4439520.htm',
          'https://www.transtutors.com/questions/true-false-questions-113-economics-is-the-study-of-how-to-allocate-scarce-resources--4439519.htm',
          'https://www.transtutors.com/questions/123-more-resources-and-better-technology-shift-the-production-possibilities-curve-in-4439518.htm',
          'https://www.transtutors.com/questions/37-shelley-39-s-grandmother-gave-her-a-sweater-for-her-birthday-but-shelley-wanted-a-4439517.htm',
          'https://www.transtutors.com/questions/71-karl-marx-wrote-a-das-kapital-which-was-used-as-the-rationale-for-centrally-plann-4439516.htm',
          'https://www.transtutors.com/questions/61-which-of-the-following-is-an-example-of-structural-unemployment-a-shelly-is-looki-4439515.htm',
          'https://www.transtutors.com/questions/11-if-society-lacks-enough-resources-to-satisfy-all-the-desired-uses-of-the-resource-4439514.htm',
          'https://www.transtutors.com/questions/81-during-a-period-of-inflation-a-all-prices-will-rise-b-people-who-have-borrowed-mo-4439513.htm',
          'https://www.transtutors.com/questions/91-if-an-economy-is-experiencing-a-recession-the-classical-approach-to-achieving-ful-4439512.htm',
          'https://www.transtutors.com/questions/130-the-production-of-goods-and-services-in-the-u-s-has-risen-steadily-since-1929-13-4439511.htm',
          'https://www.transtutors.com/questions/7-economists-develop-models-to-a-capture-every-detail-of-the-real-world-b-make-their-4439510.htm',
          'https://www.transtutors.com/questions/91-suppose-that-at-the-start-of-this-year-you-got-a-salary-increase-of-10-percent-fr-4439509.htm',
          'https://www.transtutors.com/questions/true-false-questions-121-macroeconomics-focuses-on-individual-firms-and-industries--4439508.htm',
          'https://www.transtutors.com/questions/71-if-an-increase-in-the-price-of-some-goods-outweighs-other-prices-that-remain-cons-4439507.htm',
          'https://www.transtutors.com/questions/140-if-relative-prices-change-then-the-inflation-rate-must-change-141-everyone-is-ma-4439506.htm',
          'https://www.transtutors.com/questions/81-if-an-economy-is-experiencing-a-recession-the-keynesian-approach-to-achieving-ful-4439505.htm'],
 'project': ['trans'],
 'referring_link': ['https://www.transtutors.com/questions/economics/284/'],
 'spider': ['trans_links']}
2020-02-05 23:30:37 [scrapy.core.engine] DEBUG: Crawled (200) <GET https://www.transtutors.com/questions/economics/286/> (referer: https://www.google.com/) ['cached']
2020-02-05 23:30:37 [scrapy.core.scraper] DEBUG: Scraped from <200 https://www.transtutors.com/questions/economics/285/>
{'category': ['economy'],
 'date': [datetime.datetime(2020, 2, 5, 23, 30, 37, 773657)],
 'link': ['https://www.transtutors.com/questions/51-after-quitting-one-job-some-people-with-marketable-skills-find-that-it-takes-seve-4439504.htm',
          'https://www.transtutors.com/questions/111-if-a-market-basket-of-goods-cost-100-in-the-base-year-and-143-in-a-later-year-th-4439503.htm',
          'https://www.transtutors.com/questions/11-business-cycles-in-the-united-states-a-are-similar-in-length-but-vary-greatly-in--4439502.htm',
          'https://www.transtutors.com/questions/5-u-s-real-gdp-per-person-grew-rapidly-in-the-early-1960s-the-table-above-has-u-s-re-4439501.htm',
          'https://www.transtutors.com/questions/multiple-choice-questions-1-which-of-the-following-is-not-included-in-the-study-of-m-4439500.htm',
          'https://www.transtutors.com/questions/41-the-population-of-australia-new-zealand-and-the-south-pacific-is-approximately-a--4439499.htm',
          'https://www.transtutors.com/questions/81-government-intervention-designed-to-address-market-failure-a-may-either-improve-o-4439498.htm',
          'https://www.transtutors.com/questions/31-which-of-the-following-will-occur-if-aggregate-demand-is-below-full-employment-gd-4439497.htm',
          'https://www.transtutors.com/questions/61-which-of-the-following-is-definitely-true-if-the-economy-is-in-macro-equilibrium--4439496.htm',
          'https://www.transtutors.com/questions/essay-questions-146-what-is-monetary-policy-and-why-is-the-monetary-policy-lever-imp-4439495.htm',
          'https://www.transtutors.com/questions/11-which-of-the-following-concepts-is-not-consistent-with-classical-theory-a-self-ad-4439494.htm',
          'https://www.transtutors.com/questions/134-according-to-the-interest-rate-effect-if-the-price-level-falls-then-people-will--4439493.htm',
          'https://www.transtutors.com/questions/11-when-money-is-used-to-pay-for-goods-and-services-it-is-functioning-as-a-a-store-o-4439492.htm',
          'https://www.transtutors.com/questions/71-what-is-the-total-impact-on-aggregate-demand-because-of-a-fiscal-stimulus-a-the-a-4439491.htm',
          'https://www.transtutors.com/questions/21-during-the-great-depression-classical-theorists-believed-that-a-wages-would-rise--4439490.htm',
          'https://www.transtutors.com/questions/true-false-questions-123-during-the-great-depression-the-primary-reason-why-unemploy-4439489.htm',
          'https://www.transtutors.com/questions/essay-questions-148-what-is-the-cornerstone-of-keynes-39-theory-149-discuss-the-vari-4439488.htm',
          'https://www.transtutors.com/questions/133-fiscal-policy-is-rarely-used-since-aggregate-demand-is-typically-at-the-appropri-4439487.htm',
          'https://www.transtutors.com/questions/true-false-questions-120-barter-is-the-direct-exchange-of-one-good-for-another-witho-4439486.htm',
          'https://www.transtutors.com/questions/71-which-of-the-following-would-cause-the-aggregate-demand-curve-to-decrease-ceteris-4439485.htm',
          'https://www.transtutors.com/questions/11-which-of-the-following-is-not-a-component-of-aggregate-demand-a-consumption-b-net-4439484.htm',
          'https://www.transtutors.com/questions/81-the-money-multiplier-represents-a-the-lending-capacity-of-the-banking-system-b-th-4439483.htm',
          'https://www.transtutors.com/questions/57-high-gasoline-prices-give-people-all-of-the-following-incentives-except-a-to-driv-4439482.htm',
          'https://www.transtutors.com/questions/41-deposit-creation-occurs-when-a-a-person-puts-cash-in-a-bank-and-the-bank-holds-al-4439481.htm',
          'https://www.transtutors.com/questions/130-transactions-accounts-make-up-almost-one-third-of-the-basic-money-supply-131-the-4439480.htm',
          'https://www.transtutors.com/questions/140-the-money-multiplier-is-equal-to-1-divided-by-the-required-reserve-ratio-141-if--4439479.htm',
          'https://www.transtutors.com/questions/81-disposable-income-is-a-the-after-tax-income-of-consumers-b-directly-increased-by--4439478.htm',
          'https://www.transtutors.com/questions/true-false-questions-121-monetary-policy-involves-the-use-of-money-and-credit-contro-4439477.htm',
          'https://www.transtutors.com/questions/143-fiscal-restraint-may-be-an-appropriate-policy-if-inflation-is-a-threat-144-a-tax-4439476.htm',
          'https://www.transtutors.com/questions/31-the-aggregate-demand-curve-shows-the-relationship-between-the-volume-of-purchases-4439475.htm',
          'https://www.transtutors.com/questions/51-if-an-economy-has-a-gdp-gap-such-that-equilibrium-output-is-less-than-full-employ-4439474.htm',
          'https://www.transtutors.com/questions/111-constraints-on-deposit-creation-include-all-of-the-following-except-a-an-increas-4439473.htm',
          'https://www.transtutors.com/questions/71-suppose-a-bank-has-1-500-000-in-deposits-a-minimum-reserve-requirement-of-20-perc-4439472.htm',
          'https://www.transtutors.com/questions/true-false-questions-124-macroeconomics-is-the-study-of-individual-businesses-and-go-4439471.htm',
          'https://www.transtutors.com/questions/61-if-consumers-spend-85-cents-out-of-every-extra-dollar-received-the-a-mpc-is-0-85--4439470.htm',
          'https://www.transtutors.com/questions/41-if-the-value-of-the-dollar-plummets-in-international-currency-markets-initially-t-4439469.htm',
          'https://www.transtutors.com/questions/51-one-explanation-for-why-production-costs-tend-to-rise-as-output-increases-is-that-4439468.htm',
          'https://www.transtutors.com/questions/61-suppose-a-bank-has-50-000-in-transactions-accounts-and-a-minimum-reserve-requirem-4439467.htm',
          'https://www.transtutors.com/questions/81-according-to-the-keynesian-view-of-aggregate-supply-an-increase-in-the-money-supp-4439466.htm',
          'https://www.transtutors.com/questions/multiple-choice-questions-1-during-the-great-depression-keynes-advocated-the-use-of--4439465.htm',
          'https://www.transtutors.com/questions/21-the-basic-money-supply-includes-a-currency-transactions-accounts-and-traveler-39--4439464.htm',
          'https://www.transtutors.com/questions/multiple-choice-questions-1-which-of-the-following-is-often-described-as-the-most-po-4439463.htm',
          'https://www.transtutors.com/questions/21-all-of-the-following-represent-government-spending-as-a-part-of-aggregate-demand--4439462.htm',
          'https://www.transtutors.com/questions/31-most-market-transactions-are-made-using-a-cash-b-transactions-accounts-c-credit-c-4439461.htm',
          'https://www.transtutors.com/questions/essay-questions-148-in-2012-the-output-of-the-u-s-was-almost-16-trillion-dollars-dis-4439460.htm',
          'https://www.transtutors.com/questions/41-when-the-u-s-price-level-increases-relative-to-the-price-level-in-foreign-economi-4439459.htm',
          'https://www.transtutors.com/questions/essay-questions-147-how-do-banks-create-money-148-why-are-people-willing-to-accept-p-4439458.htm',
          'https://www.transtutors.com/questions/51-the-term-fractional-reserves-refers-to-a-the-fact-that-reserves-are-split-among-m-4439457.htm',
          'https://www.transtutors.com/questions/91-the-aggregate-demand-curve-shifts-to-the-left-when-a-government-purchases-are-dec-4439456.htm',
          'https://www.transtutors.com/questions/131-ceteris-paribus-the-amount-of-required-reserves-decreases-when-the-dollar-volume-4439455.htm'],
 'project': ['trans'],
 'referring_link': ['https://www.transtutors.com/questions/economics/285/'],
 'spider': ['trans_links']}
2020-02-05 23:30:37 [scrapy.core.engine] DEBUG: Crawled (200) <GET https://www.transtutors.com/questions/economics/287/> (referer: https://www.google.com/) ['cached']
2020-02-05 23:30:37 [scrapy.core.scraper] DEBUG: Scraped from <200 https://www.transtutors.com/questions/economics/286/>
{'category': ['economy'],
 'date': [datetime.datetime(2020, 2, 5, 23, 30, 37, 914963)],
 'link': ['https://www.transtutors.com/questions/multiple-choice-questions-1-barter-a-makes-market-transactions-easier-and-less-time--4439454.htm',
          'https://www.transtutors.com/questions/61-which-of-the-following-is-not-a-source-of-productivity-gain-a-an-increase-in-popu-4439453.htm',
          'https://www.transtutors.com/questions/128-there-is-an-inverse-relationship-between-the-growth-rate-of-capital-and-the-grow-4439452.htm',
          'https://www.transtutors.com/questions/31-excess-reserves-are-a-bank-reserves-in-excess-of-required-reserves-b-legal-reserv-4439451.htm',
          'https://www.transtutors.com/questions/essay-questions-137-discuss-the-reason-labor-productivity-increases-when-more-units--4439450.htm',
          'https://www.transtutors.com/questions/81-which-of-the-following-is-most-likely-to-increase-aggregate-supply-a-an-increase--4439449.htm',
          'https://www.transtutors.com/questions/81-tariffs-tend-to-reduce-the-volume-of-imports-because-they-a-set-maximum-allowable-4439448.htm',
          'https://www.transtutors.com/questions/91-which-of-the-following-is-not-true-about-macroeconomic-models-a-they-are-based-on-4439447.htm',
          'https://www.transtutors.com/questions/21-assume-the-economy-is-in-a-recession-ceteris-paribus-as-the-economy-begins-to-exp-4439446.htm',
          'https://www.transtutors.com/questions/41-comparative-advantage-refers-to-a-country-39-s-a-ability-to-produce-a-specific-go-4439445.htm',
          'https://www.transtutors.com/questions/67-in-constructing-models-economists-a-include-all-independent-variables-b-include-a-4439444.htm',
          'https://www.transtutors.com/questions/21-the-chairman-of-the-federal-reserve-board-of-governors-a-is-elected-by-u-s-voters-4439443.htm',
          'https://www.transtutors.com/questions/31-economic-growth-is-a-n-process-a-constant-b-exponential-c-arithmetic-d-linear--4439442.htm',
          'https://www.transtutors.com/questions/101-expansionary-monetary-and-fiscal-policies-are-designed-to-move-the-economy-in-fi-4439441.htm',
          'https://www.transtutors.com/questions/21-which-of-the-following-measures-the-actual-quantity-of-goods-and-services-produce-4439440.htm',
          'https://www.transtutors.com/questions/true-false-questions-120-fiscal-policy-is-the-use-of-taxes-and-government-spending-t-4439439.htm',
          'https://www.transtutors.com/questions/true-false-questions-108-when-an-economy-moves-from-a-point-inside-its-production-po-4439438.htm',
          'https://www.transtutors.com/questions/11-fiscal-policy-is-determined-by-a-the-federal-reserve-system-b-congress-through-go-4439437.htm',
          'https://www.transtutors.com/questions/61-aggregate-demand-is-the-a-total-quantity-of-output-demanded-at-alternative-price--4439436.htm',
          'https://www.transtutors.com/questions/essay-questions-147-discuss-the-policy-tools-that-economic-policy-makers-have-availa-4439435.htm',
          'https://www.transtutors.com/questions/47-it-is-assumed-in-economics-that-people-make-decisions-based-upon-a-altruism-b-rat-4439434.htm',
          'https://www.transtutors.com/questions/61-a-fiscal-policy-cure-for-inflation-includes-a-patience-b-an-increase-in-the-reser-4439433.htm',
          'https://www.transtutors.com/questions/51-if-the-fed-wishes-to-decrease-the-money-supply-it-can-a-raise-the-discount-rate-b-4439432.htm',
          'https://www.transtutors.com/questions/41-supply-side-policy-is-designed-to-shift-the-production-possibilities-curve-a-inwa-4439431.htm',
          'https://www.transtutors.com/questions/140-all-economic-policy-decisions-involve-opportunity-costs-141-macroeconomic-foreca-4439430.htm',
          'https://www.transtutors.com/questions/31-the-alternative-combinations-of-goods-and-services-that-can-be-produced-in-a-give-4439429.htm',
          'https://www.transtutors.com/questions/31-those-who-advocate-the-use-of-monetary-policy-believe-that-an-increase-in-the-mon-4439428.htm',
          'https://www.transtutors.com/questions/41-suppose-the-banks-in-the-federal-reserve-system-have-100-million-in-transactions--4439427.htm',
          'https://www.transtutors.com/questions/37-the-hypothesis-that-people-are-nearly-but-not-fully-rational-cannot-possibly-full-4439426.htm',
          'https://www.transtutors.com/questions/multiple-choice-questions-1-goods-and-services-purchased-by-americans-from-foreign-s-4439425.htm',
          'https://www.transtutors.com/questions/multiple-choice-questions-1-over-the-last-decade-the-world-has-experienced-a-decreas-4439424.htm',
          'https://www.transtutors.com/questions/71-supply-side-policy-tools-to-deal-with-stagflation-include-a-a-reduction-in-govern-4439423.htm',
          'https://www.transtutors.com/questions/136-since-world-resources-are-limited-when-two-countries-trade-one-country-is-better-4439422.htm',
          'https://www.transtutors.com/questions/51-according-to-modern-keynesians-which-of-the-following-is-an-appropriate-policy-du-4439421.htm',
          'https://www.transtutors.com/questions/true-false-questions-126-exports-are-the-goods-and-services-bought-from-foreign-sour-4439420.htm',
          'https://www.transtutors.com/questions/21-a-trade-surplus-occurs-when-a-the-dollar-value-of-exports-exceeds-the-dollar-valu-4439419.htm',
          'https://www.transtutors.com/questions/130-during-a-recession-keynesians-are-in-favor-of-tax-cuts-or-spending-increases-to--4439418.htm',
          'https://www.transtutors.com/questions/118-gdp-per-capita-is-used-to-measure-the-standard-of-living-119-gdp-per-capita-meas-4439417.htm',
          'https://www.transtutors.com/questions/multiple-choice-questions-1-alternating-periods-of-economic-growth-and-contraction-a-4439416.htm',
          'https://www.transtutors.com/questions/11-which-of-the-following-is-responsible-for-holding-bank-reserves-a-the-federal-res-4439415.htm',
          'https://www.transtutors.com/questions/41-growth-in-gdp-per-capita-can-only-occur-if-the-growth-in-a-output-is-greater-than-4439414.htm',
          'https://www.transtutors.com/questions/essay-questions-147-a-friend-of-yours-recently-lost-a-job-and-is-now-blaming-foreign-4439413.htm',
          'https://www.transtutors.com/questions/71-if-the-fed-sells-more-bonds-to-the-public-then-the-money-supply-will-a-decrease-a-4439412.htm',
          'https://www.transtutors.com/questions/11-which-of-the-following-statements-is-correct-a-export-sales-are-not-important-to--4439411.htm',
          'https://www.transtutors.com/questions/51-using-the-quot-rule-of-72-quot-approximately-how-long-will-it-take-for-productivi-4439410.htm',
          'https://www.transtutors.com/questions/11-long-run-economic-growth-policies-focus-on-a-shifting-the-aggregate-demand-curve--4439409.htm',
          'https://www.transtutors.com/questions/81-which-of-the-following-is-true-about-the-u-s-economy-during-the-1990s-a-it-outper-4439408.htm',
          'https://www.transtutors.com/questions/63-what-is-meant-by-the-term-quot-incentives-quot-and-why-are-they-important-64-duri-4439407.htm',
          'https://www.transtutors.com/questions/71-which-of-the-following-is-credited-with-making-the-greatest-contribution-to-econo-4439406.htm',
          'https://www.transtutors.com/questions/multiple-choice-questions-1-in-order-to-measure-what-a-country-produces-we-a-summari-4439405.htm'],
 'project': ['trans'],
 'referring_link': ['https://www.transtutors.com/questions/economics/286/'],
 'spider': ['trans_links']}
2020-02-05 23:30:38 [scrapy.core.engine] DEBUG: Crawled (200) <GET https://www.transtutors.com/questions/economics/288/> (referer: https://www.google.com/) ['cached']
2020-02-05 23:30:38 [scrapy.core.scraper] DEBUG: Scraped from <200 https://www.transtutors.com/questions/economics/287/>
{'category': ['economy'],
 'date': [datetime.datetime(2020, 2, 5, 23, 30, 38, 75071)],
 'link': ['https://www.transtutors.com/questions/71-if-supply-is-unchanged-a-decrease-in-the-demand-for-soft-drinks-will-cause-equili-4439404.htm',
          'https://www.transtutors.com/questions/21-per-capita-gdp-will-always-rise-when-a-the-population-rises-b-the-rate-of-economi-4439403.htm',
          'https://www.transtutors.com/questions/61-suppose-suzuki-increases-the-price-of-a-particular-motorcycle-model-by-12-percent-4439402.htm',
          'https://www.transtutors.com/questions/11-changes-in-real-gdp-serve-as-a-better-measure-of-the-health-of-the-economy-than-c-4439401.htm',
          'https://www.transtutors.com/questions/81-when-world-war-ii-ended-some-resources-moved-easily-from-the-production-of-milita-4439400.htm',
          'https://www.transtutors.com/questions/true-false-questions-109-gdp-is-a-measure-of-the-market-value-of-final-goods-and-ser-4439399.htm',
          'https://www.transtutors.com/questions/81-ceteris-paribus-total-revenue-definitely-declines-when-price-a-falls-and-demand-h-4439398.htm',
          'https://www.transtutors.com/questions/77-what-would-lead-an-economist-to-conclude-that-theory-a-is-superior-to-theory-b-a--4439397.htm',
          'https://www.transtutors.com/questions/essay-questions-146-discuss-the-differences-between-the-factor-market-and-the-produc-4439396.htm',
          'https://www.transtutors.com/questions/130-a-decrease-in-price-leads-to-a-decrease-in-quantity-demanded-131-the-demand-sche-4439395.htm',
          'https://www.transtutors.com/questions/multiple-choice-questions-1-the-factors-of-production-include-a-money-b-profit-c-lan-4439394.htm',
          'https://www.transtutors.com/questions/essay-questions-135-what-effect-will-each-of-the-following-have-on-the-demand-for-hy-4439393.htm',
          'https://www.transtutors.com/questions/119-in-the-united-states-net-exports-account-for-two-thirds-of-gdp-120-if-the-united-4439392.htm',
          'https://www.transtutors.com/questions/71-the-demand-for-is-relatively-inelastic-a-new-cars-b-tvs-c-gasoline-in-the-short-r-4439391.htm',
          'https://www.transtutors.com/questions/91-a-monopoly-is-a-a-firm-that-produces-the-entire-market-supply-of-a-particular-goo-4439390.htm',
          'https://www.transtutors.com/questions/11-which-of-the-following-is-not-a-factor-of-production-a-land-b-wages-c-labor-d-cap-4439389.htm',
          'https://www.transtutors.com/questions/71-which-of-the-following-is-not-a-reason-why-the-united-states-is-able-to-produce-s-4439388.htm',
          'https://www.transtutors.com/questions/multiple-choice-questions-1-the-largest-portion-of-the-average-u-s-consumer-39-s-dol-4439387.htm',
          'https://www.transtutors.com/questions/71-which-of-the-following-groups-does-not-have-an-interest-in-restricting-free-trade-4439386.htm',
          'https://www.transtutors.com/questions/true-false-questions-112-on-average-consumers-spend-the-largest-portion-of-their-inc-4439385.htm',
          'https://www.transtutors.com/questions/61-over-the-last-century-in-the-united-states-there-has-been-an-increase-in-as-a-per-4439384.htm',
          'https://www.transtutors.com/questions/81-shortages-are-the-same-thing-as-excess-a-supply-caused-by-price-floors-b-supply-c-4439383.htm',
          'https://www.transtutors.com/questions/61-when-there-is-a-shortage-in-a-market-prices-are-likely-to-a-fall-because-buyers-d-4439382.htm',
          'https://www.transtutors.com/questions/17-economists-assume-people-are-motivated-by-a-unlimited-resources-b-pride-c-self-in-4439381.htm',
          'https://www.transtutors.com/questions/41-the-market-demand-for-a-particular-good-indicates-a-that-consumers-will-purchase--4439380.htm',
          'https://www.transtutors.com/questions/41-investment-includes-all-of-the-following-except-a-the-production-of-new-factories-4439379.htm',
          'https://www.transtutors.com/questions/31-which-of-the-following-statements-is-true-a-nominal-gdp-is-a-good-measure-of-soci-4439378.htm',
          'https://www.transtutors.com/questions/51-price-elasticity-of-demand-indicates-the-consumer-39-s-response-to-changes-in-a-q-4439377.htm',
          'https://www.transtutors.com/questions/122-according-to-the-law-of-diminishing-marginal-utility-with-the-consumption-of-eac-4439376.htm',
          'https://www.transtutors.com/questions/true-false-questions-120-a-market-exists-any-place-where-goods-are-bought-and-sold-1-4439375.htm',
          'https://www.transtutors.com/questions/61-the-terms-of-trade-between-two-countries-should-always-a-be-set-to-favor-the-coun-4439374.htm',
          'https://www.transtutors.com/questions/51-an-increase-in-the-supply-of-frozen-yogurt-will-take-place-when-a-the-price-of-fr-4439373.htm',
          'https://www.transtutors.com/questions/21-in-economic-theory-total-utility-refers-to-a-the-additional-utility-from-consumin-4439372.htm',
          'https://www.transtutors.com/questions/multiple-choice-questions-1-the-goals-of-the-principal-participants-in-the-economy-a-4439371.htm',
          'https://www.transtutors.com/questions/101-which-question-does-the-quot-distribution-of-income-quot-relate-to-most-directly-4439370.htm',
          'https://www.transtutors.com/questions/essay-questions-131-why-is-using-real-gdp-a-better-measurement-of-gdp-than-using-nom-4439369.htm',
          'https://www.transtutors.com/questions/51-government-income-transfers-are-not-included-in-the-calculation-of-gdp-because-a--4439368.htm',
          'https://www.transtutors.com/questions/41-ceteris-paribus-means-a-nothing-is-allowed-to-change-b-the-determinants-of-demand-4439367.htm',
          'https://www.transtutors.com/questions/51-suppose-brazil-has-a-comparative-advantage-in-coffee-production-and-mexico-has-a--4439366.htm',
          'https://www.transtutors.com/questions/31-which-of-the-following-will-not-cause-a-shift-in-the-demand-curve-for-a-good-a-in-4439365.htm',
          'https://www.transtutors.com/questions/21-in-order-to-demand-a-good-the-buyer-must-a-want-the-good-very-much-b-be-both-will-4439364.htm',
          'https://www.transtutors.com/questions/31-the-law-of-diminishing-marginal-utility-helps-to-explain-the-a-upward-sloping-sup-4439363.htm',
          'https://www.transtutors.com/questions/11-which-of-the-following-is-true-about-demand-a-demand-reflects-the-desire-for-a-go-4439362.htm',
          'https://www.transtutors.com/questions/61-ceteris-paribus-if-the-cost-of-paper-increases-for-book-publishers-in-order-to-ma-4439361.htm',
          'https://www.transtutors.com/questions/true-false-questions-122-the-production-function-indicates-how-much-output-producers-4439360.htm',
          'https://www.transtutors.com/questions/21-which-of-the-following-is-characteristic-of-perfectly-competitive-markets-a-diffe-4439359.htm',
          'https://www.transtutors.com/questions/132-fixed-costs-are-the-same-as-total-costs-at-a-production-rate-of-zero-units-in-th-4439358.htm',
          'https://www.transtutors.com/questions/61-the-planning-period-over-which-at-least-one-resource-input-is-fixed-in-quantity-i-4439357.htm',
          'https://www.transtutors.com/questions/11-if-a-firm-can-change-market-prices-by-altering-its-output-then-it-a-has-market-po-4439356.htm',
          'https://www.transtutors.com/questions/71-in-a-perfectly-competitive-industry-firms-are-likely-to-a-exit-when-there-are-eco-4439355.htm'],
 'project': ['trans'],
 'referring_link': ['https://www.transtutors.com/questions/economics/287/'],
 'spider': ['trans_links']}
2020-02-05 23:30:38 [scrapy.core.engine] DEBUG: Crawled (200) <GET https://www.transtutors.com/questions/economics/289/> (referer: https://www.google.com/) ['cached']
2020-02-05 23:30:38 [scrapy.core.scraper] DEBUG: Scraped from <200 https://www.transtutors.com/questions/economics/288/>
{'category': ['economy'],
 'date': [datetime.datetime(2020, 2, 5, 23, 30, 38, 242065)],
 'link': ['https://www.transtutors.com/questions/111-in-figure-7-3-profit-per-unit-for-a-profit-maximizing-monopolist-is-a-3-b-6-c-7--4439354.htm',
          'https://www.transtutors.com/questions/essay-questions-142-suppose-that-consumers-learn-that-eating-apples-can-significantl-4439353.htm',
          'https://www.transtutors.com/questions/select-a-country-and-provide-a-brief-overview-of-its-recent-international-trade-with-4439352.htm',
          'https://www.transtutors.com/questions/21-in-order-to-sell-one-additional-unit-of-output-a-profit-maximizing-monopolist-mus-4439351.htm',
          'https://www.transtutors.com/questions/71-the-best-measure-of-the-economic-cost-of-doing-your-homework-is-a-the-tuition-you-4439350.htm',
          'https://www.transtutors.com/questions/11-the-law-of-diminishing-returns-means-that-a-the-total-product-production-function-4439349.htm',
          'https://www.transtutors.com/questions/61-the-market-structure-of-the-u-s-soft-drink-industry-is-most-likely-a-perfectly-co-4439348.htm',
          'https://www.transtutors.com/questions/41-the-reason-the-average-total-cost-curve-declines-initially-is-because-of-a-fallin-4439347.htm',
          'https://www.transtutors.com/questions/multiple-choice-questions-1-ceteris-paribus-the-willingness-and-ability-to-work-spec-4439346.htm',
          'https://www.transtutors.com/questions/31-which-of-the-following-is-most-likely-a-fixed-cost-a-raw-materials-b-labor-cost-c-4439345.htm',
          'https://www.transtutors.com/questions/27-a-good-economic-model-a-utilizes-only-the-two-most-important-factors-to-analyze-t-4439344.htm',
          'https://www.transtutors.com/questions/31-a-flat-or-horizontal-demand-curve-for-a-firm-indicates-that-a-the-firm-has-no-mar-4439343.htm',
          'https://www.transtutors.com/questions/21-which-of-the-following-is-the-best-explanation-of-why-the-law-of-diminishing-retu-4439342.htm',
          'https://www.transtutors.com/questions/essay-questions-147-why-in-the-short-run-does-marginal-physical-product-increase-but-4439341.htm',
          'https://www.transtutors.com/questions/multiple-choice-questions-1-the-number-and-relative-size-of-firms-in-an-industry-is--4439340.htm',
          'https://www.transtutors.com/questions/true-false-questions-117-a-monopolist-has-market-power-because-it-faces-a-downward-s-4439339.htm',
          'https://www.transtutors.com/questions/51-as-noted-in-the-text-which-of-the-following-protects-the-u-s-postal-service-as-th-4439338.htm',
          'https://www.transtutors.com/questions/127-a-monopolist-produces-more-output-at-a-lower-price-than-a-competitive-market-wou-4439337.htm',
          'https://www.transtutors.com/questions/true-false-questions-110-market-structure-is-determined-by-the-number-and-relative-s-4439336.htm',
          'https://www.transtutors.com/questions/11-which-of-the-following-is-likely-to-be-a-monopolist-a-a-small-firm-with-a-patent--4439335.htm',
          'https://www.transtutors.com/questions/137-in-monopolistic-competition-there-is-more-price-setting-power-than-in-perfect-co-4439334.htm',
          'https://www.transtutors.com/questions/130-the-marginal-cost-curve-is-the-short-run-supply-curve-for-a-competitive-firm-131-4439333.htm',
          'https://www.transtutors.com/questions/81-in-the-long-run-a-perfectly-competitive-market-with-economic-losses-will-experien-4439332.htm',
          'https://www.transtutors.com/questions/true-false-questions-122-at-higher-wage-rates-less-labor-is-supplied-123-the-labor-s-4439331.htm',
          'https://www.transtutors.com/questions/132-the-law-of-diminishing-returns-indicates-that-the-marginal-physical-product-tend-4439330.htm',
          'https://www.transtutors.com/questions/41-total-profit-is-equal-to-a-the-difference-between-total-revenue-and-total-cost-b--4439329.htm',
          'https://www.transtutors.com/questions/41-obstacles-that-make-it-difficult-or-impossible-for-would-be-producers-to-enter-a--4439328.htm',
          'https://www.transtutors.com/questions/51-if-marginal-cost-equals-price-then-is-at-a-maximum-a-total-cost-b-profit-c-total--4439327.htm',
          'https://www.transtutors.com/questions/120-in-perfect-competition-the-market-demand-curve-for-a-product-is-flat-or-horizont-4439326.htm',
          'https://www.transtutors.com/questions/multiple-choice-questions-1-market-power-exists-if-a-firm-can-alter-a-its-costs-of-p-4439325.htm',
          'https://www.transtutors.com/questions/71-which-of-the-following-is-an-argument-in-support-of-monopolies-a-they-increase-ou-4439324.htm',
          'https://www.transtutors.com/questions/31-a-monopolist-sets-price-at-a-point-on-the-curve-corresponding-to-the-rate-of-outp-4439323.htm',
          'https://www.transtutors.com/questions/51-the-short-run-supply-decision-focuses-on-a-marginal-output-versus-price-b-margina-4439322.htm',
          'https://www.transtutors.com/questions/111-in-figure-9-3-if-the-firm-chooses-a-production-method-that-results-in-zero-exter-4439321.htm',
          'https://www.transtutors.com/questions/essay-questions-147-suppose-a-coal-burning-plant-is-emitting-excessive-pollution-int-4439320.htm',
          'https://www.transtutors.com/questions/71-the-use-of-emission-charges-to-control-pollution-can-impact-all-of-the-following--4439319.htm',
          'https://www.transtutors.com/questions/41-in-order-to-calculate-marginal-revenue-product-it-is-necessary-to-know-the-a-pric-4439318.htm',
          'https://www.transtutors.com/questions/11-which-of-the-following-is-not-an-example-of-market-failure-a-public-goods-b-gover-4439317.htm',
          'https://www.transtutors.com/questions/138-patents-and-copyrights-contribute-to-market-power-for-a-firm-139-ceteris-paribus-4439316.htm',
          'https://www.transtutors.com/questions/41-noise-generated-by-an-airport-best-illustrates-a-an-inequity-b-an-externality-c-m-4439315.htm',
          'https://www.transtutors.com/questions/61-the-market-equilibrium-wage-occurs-where-a-demand-intersects-the-marginal-cost-cu-4439314.htm',
          'https://www.transtutors.com/questions/31-if-consumers-want-to-increase-the-wages-and-the-number-of-jobs-for-strawberry-pic-4439313.htm',
          'https://www.transtutors.com/questions/71-an-increase-in-the-equilibrium-price-in-the-product-market-results-in-a-a-decreas-4439312.htm',
          'https://www.transtutors.com/questions/128-externalities-are-always-harmful-to-third-parties-129-the-market-will-under-prod-4439311.htm',
          'https://www.transtutors.com/questions/61-whenever-there-is-a-divergence-between-social-costs-and-market-costs-the-result-i-4439310.htm',
          'https://www.transtutors.com/questions/31-if-the-economy-relies-entirely-on-markets-to-answer-the-what-question-it-tends-to-4439309.htm',
          'https://www.transtutors.com/questions/11-the-opportunity-cost-of-working-is-the-a-wage-rate-plus-the-value-of-fringe-benef-4439308.htm',
          'https://www.transtutors.com/questions/81-the-federal-government-39-s-role-in-antitrust-enforcement-is-justified-by-conside-4439307.htm',
          'https://www.transtutors.com/questions/21-a-public-good-is-a-any-good-produced-by-a-unit-of-government-b-priced-in-the-mark-4439306.htm',
          'https://www.transtutors.com/questions/51-a-firm-should-continue-to-hire-workers-until-the-a-mrp-is-equal-to-demand-b-mpp-i-4439305.htm'],
 'project': ['trans'],
 'referring_link': ['https://www.transtutors.com/questions/economics/288/'],
 'spider': ['trans_links']}
2020-02-05 23:30:38 [scrapy.core.engine] DEBUG: Crawled (200) <GET https://www.transtutors.com/questions/economics/290/> (referer: https://www.google.com/) ['cached']
2020-02-05 23:30:38 [scrapy.core.scraper] DEBUG: Scraped from <200 https://www.transtutors.com/questions/economics/289/>
{'category': ['economy'],
 'date': [datetime.datetime(2020, 2, 5, 23, 30, 38, 400993)],
 'link': ['https://www.transtutors.com/questions/true-false-questions-118-the-market-mechanism-always-leads-the-economy-to-the-optima-4439304.htm',
          'https://www.transtutors.com/questions/multiple-choice-questions-1-the-most-desirable-combination-of-output-attainable-with-4439303.htm',
          'https://www.transtutors.com/questions/21-the-market-supply-of-labor-depends-on-the-a-number-of-employers-b-marginal-revenu-4439302.htm',
          'https://www.transtutors.com/questions/51-which-of-the-following-is-most-likely-to-have-social-demand-greater-than-market-d-4439301.htm',
          'https://www.transtutors.com/questions/7-why-is-the-benefit-of-something-measured-by-what-you-are-willing-to-give-up-8-defi-4439300.htm',
          'https://www.transtutors.com/questions/91-the-figure-above-shows-the-loanable-funds-market-at-an-interest-rate-of-a-4-perce-4439299.htm',
          'https://www.transtutors.com/questions/6-explain-how-each-of-the-following-events-would-affect-the-supply-of-loanable-funds-4439298.htm',
          'https://www.transtutors.com/questions/11-does-a-stock-certificate-or-a-bond-represent-ownership-of-a-company-and-a-claim-o-4439297.htm',
          'https://www.transtutors.com/questions/17-the-term-ceteris-paribus-means-a-the-greatest-good-for-all-b-the-study-of-scarcit-4439296.htm',
          'https://www.transtutors.com/questions/2-explain-the-relationship-between-the-real-interest-rate-and-investment-demand-comp-4439295.htm',
          'https://www.transtutors.com/questions/51-with-no-ricardo-barro-effect-a-government-budget-surplus-a-increases-the-supply-o-4439294.htm',
          'https://www.transtutors.com/questions/47-a-characteristic-of-a-good-model-is-that-a-its-predictions-can-be-tested-using-re-4439293.htm',
          'https://www.transtutors.com/questions/31-the-crowding-out-effect-implies-that-a-government-budget-deficit-the-demand-for--4439292.htm',
          'https://www.transtutors.com/questions/87-which-of-the-following-is-a-behavioral-implication-of-bounded-rationality-a-unbou-4439291.htm',
          'https://www.transtutors.com/questions/6-quot-even-though-we-can-convert-them-into-money-deposits-at-banks-are-not-money-qu-4439290.htm',
          'https://www.transtutors.com/questions/2-quot-a-bank-can-only-use-its-excess-reserves-to-make-loans-while-required-reserves-4439289.htm',
          'https://www.transtutors.com/questions/6-explain-the-process-by-which-the-banking-system-creates-money-7-does-an-open-marke-4439288.htm',
          'https://www.transtutors.com/questions/21-if-the-currency-drain-ratio-is-40-percent-and-the-desired-reserve-ratio-is-15-per-4439287.htm',
          'https://www.transtutors.com/questions/18-explain-how-the-currency-drain-ratio-affects-the-size-of-the-money-multiplier-in--4439286.htm',
          'https://www.transtutors.com/questions/10-list-the-fed-39-s-main-policy-tools-and-briefly-explain-each-one-11-what-is-the-d-4439285.htm',
          'https://www.transtutors.com/questions/6-quot-to-count-as-required-reserves-the-reserves-must-be-on-deposit-at-the-bank-39--4439284.htm',
          'https://www.transtutors.com/questions/11-what-assets-are-included-in-m1-in-m2-is-all-of-m1-and-m2-money-if-some-assets-of--4439283.htm',
          'https://www.transtutors.com/questions/11-7-essay-the-banking-system-1-what-are-the-institutions-that-make-up-the-nation-39-4439282.htm',
          'https://www.transtutors.com/questions/6-quot-because-monetary-policy-must-be-approved-by-the-president-of-the-united-state-4439281.htm',
          'https://www.transtutors.com/questions/11-if-the-growth-rate-of-the-quantity-of-money-is-4-percent-per-year-potential-gdp-a-4439280.htm',
          'https://www.transtutors.com/questions/27-jose-is-rational-if-he-a-does-not-intentionally-make-decisions-that-would-leave-h-4439279.htm',
          'https://www.transtutors.com/questions/11-quot-because-the-nominal-interest-rate-is-the-opportunity-cost-of-holding-money-t-4439278.htm',
          'https://www.transtutors.com/questions/51-suppose-the-exchange-rate-in-the-year-2010-was-4-yuan-per-dollar-and-in-2011-the--4439277.htm',
          'https://www.transtutors.com/questions/11-which-of-the-following-is-an-example-of-an-inverse-relationship-a-hours-of-study--4439276.htm',
          'https://www.transtutors.com/questions/37-when-the-economy-moves-from-point-d-to-e-in-the-above-table-the-opportunity-cost--4439275.htm',
          'https://www.transtutors.com/questions/71-in-the-above-figure-a-movement-from-point-a-to-point-b-represents-a-an-increase-i-4439274.htm',
          'https://www.transtutors.com/questions/57-economic-models-relate-to-a-people-39-s-choices-b-how-people-think-about-somethin-4439273.htm',
          'https://www.transtutors.com/questions/6-quot-if-the-inflation-rate-is-positive-then-the-real-interest-rate-is-greater-than-4439272.htm',
          'https://www.transtutors.com/questions/111-the-above-table-has-the-demand-and-supply-schedules-for-money-real-gdp-increases-4439271.htm',
          'https://www.transtutors.com/questions/11-in-the-long-run-when-the-fed-increases-the-quantity-of-money-the-a-price-level-ri-4439270.htm',
          'https://www.transtutors.com/questions/61-mirab-stands-for-migration-remittances-aid-and-bureaucracy-62-most-of-nauru-is-co-4439269.htm',
          'https://www.transtutors.com/questions/51-when-a-drug-ceases-to-require-a-prescription-it-is-said-to-have-gone-a-off-the-ra-4439268.htm',
          'https://www.transtutors.com/questions/13-suppose-the-economy-has-no-income-taxes-or-imports-the-mpc-equals-0-8-what-does-t-4439267.htm',
          'https://www.transtutors.com/questions/11-at-10-000-of-disposable-income-audrey-39-s-consumption-expenditure-was-11-000-at--4439266.htm',
          'https://www.transtutors.com/questions/14-7-essay-expenditure-plans-and-real-gdp-1-define-autonomous-consumption-and-explai-4439265.htm',
          'https://www.transtutors.com/questions/5-quot-aggregate-planned-expenditure-is-the-sum-of-planned-consumption-expenditure-i-4439264.htm',
          'https://www.transtutors.com/questions/81-in-the-above-figure-equilibrium-expenditure-is-equal-to-a-5-trillion-b-10-trillio-4439262.htm',
          'https://www.transtutors.com/questions/31-the-above-table-contains-information-about-the-nation-of-syldavia-there-are-no-in-4439261.htm',
          'https://www.transtutors.com/questions/14-6-integrative-questions-1-the-aggregate-expenditure-model-predicts-a-business-cyc-4439260.htm',
          'https://www.transtutors.com/questions/9-list-and-explain-factors-that-determine-the-size-of-the-expenditure-multiplier-in--4439259.htm',
          'https://www.transtutors.com/questions/5-quot-if-the-marginal-tax-rate-is-high-enough-the-expenditure-multiplier-can-be-neg-4439258.htm',
          'https://www.transtutors.com/questions/14-to-eliminate-a-recessionary-gap-what-fiscal-policy-should-the-government-pursue-1-4439257.htm',
          'https://www.transtutors.com/questions/51-the-short-run-phillips-curve-shifts-when-a-the-actual-unemployment-rate-changes-a-4439256.htm',
          'https://www.transtutors.com/questions/15-6-essay-the-short-run-phillips-curve-1-define-the-short-run-phillips-curve-2-quot-4439255.htm',
          'https://www.transtutors.com/questions/4-what-are-automatic-stabilizers-how-do-they-affect-the-budget-deficit-and-or-budget-4439254.htm'],
 'project': ['trans'],
 'referring_link': ['https://www.transtutors.com/questions/economics/289/'],
 'spider': ['trans_links']}
2020-02-05 23:30:38 [scrapy.core.engine] DEBUG: Crawled (200) <GET https://www.transtutors.com/questions/economics/291/> (referer: https://www.google.com/) ['cached']
2020-02-05 23:30:38 [scrapy.core.scraper] DEBUG: Scraped from <200 https://www.transtutors.com/questions/economics/290/>
{'category': ['economy'],
 'date': [datetime.datetime(2020, 2, 5, 23, 30, 38, 572520)],
 'link': ['https://www.transtutors.com/questions/16-6-essay-the-federal-budget-1-quot-the-federal-budget-is-required-by-law-to-balanc-4439253.htm',
          'https://www.transtutors.com/questions/21-according-to-the-as-ad-model-when-real-gdp-exceeds-potential-gdp-the-unemployment-4439252.htm',
          'https://www.transtutors.com/questions/6-if-the-short-run-phillips-curve-shifts-rightward-what-happens-to-the-tradeoff-betw-4439251.htm',
          'https://www.transtutors.com/questions/2-when-the-fed-lowers-the-federal-funds-rate-and-the-real-interest-rate-falls-what-h-4439250.htm',
          'https://www.transtutors.com/questions/5-what-is-the-main-difference-between-an-instrument-rule-and-a-targeting-rule-be-sur-4439249.htm',
          'https://www.transtutors.com/questions/60-the-above-figure-shows-the-u-s-market-for-1-carat-diamonds-with-free-trade-u-s-pr-4439248.htm',
          'https://www.transtutors.com/questions/31-the-argument-that-it-is-necessary-to-protect-a-new-industry-to-enable-it-to-grow--4439247.htm',
          'https://www.transtutors.com/questions/5-in-the-foreign-exchange-market-how-does-a-fall-in-the-u-s-interest-rate-affect-the-4439246.htm',
          'https://www.transtutors.com/questions/9-quot-in-the-foreign-exchange-market-if-the-demand-for-the-u-s-dollar-increases-the-4439245.htm',
          'https://www.transtutors.com/questions/97-an-outward-bowed-production-possibilities-curve-illustrates-a-inefficient-product-4439244.htm',
          'https://www.transtutors.com/questions/19-5-essay-financing-international-trade-1-explain-the-three-components-of-the-balan-4439243.htm',
          'https://www.transtutors.com/questions/6-if-u-s-official-reserves-increase-is-the-official-settlements-account-balance-posi-4439242.htm',
          'https://www.transtutors.com/questions/7-are-all-points-inside-the-production-possibilities-frontier-unattainable-8-in-the--4439241.htm',
          'https://www.transtutors.com/questions/41-the-above-figure-shows-the-production-possibility-frontier-for-an-economy-the-poi-4439240.htm',
          'https://www.transtutors.com/questions/3-7-essay-production-possibilities-1-what-does-the-vertical-intercept-of-a-productio-4439239.htm',
          'https://www.transtutors.com/questions/11-the-table-above-gives-four-production-possibilities-for-airplanes-and-cruise-ship-4439238.htm',
          'https://www.transtutors.com/questions/81-suppose-that-the-demand-curve-for-desktop-computers-shifts-rightward-and-at-the-s-4439237.htm',
          'https://www.transtutors.com/questions/4-5-essay-demand-1-what-is-the-law-of-demand-2-what-leads-to-a-decrease-in-the-quant-4439236.htm',
          'https://www.transtutors.com/questions/31-refer-to-the-above-table-what-is-the-market-quantity-demanded-of-dvds-at-a-price--4439235.htm',
          'https://www.transtutors.com/questions/15-is-it-possible-for-nominal-gdp-to-increase-while-real-gdp-does-not-change-16-can--4439234.htm',
          'https://www.transtutors.com/questions/81-which-of-the-following-would-be-considered-a-marginally-attached-worker-i-lou-who-4439233.htm',
          'https://www.transtutors.com/questions/2-quot-if-country-a-has-a-higher-level-of-real-gdp-per-person-than-country-b-then-pe-4439232.htm',
          'https://www.transtutors.com/questions/5-investment-as-included-in-gdp-consists-of-what-6-quot-the-amount-of-new-stocks-and-4439231.htm',
          'https://www.transtutors.com/questions/91-harry-works-at-the-video-rental-store-for-20-hours-per-week-he-39-s-asked-his-bos-4439230.htm',
          'https://www.transtutors.com/questions/3-the-purchase-and-sale-of-three-types-of-legal-items-are-not-included-in-this-year--4439229.htm',
          'https://www.transtutors.com/questions/9-suppose-the-population-is-220-million-people-the-labor-force-is-150-million-people-4439228.htm',
          'https://www.transtutors.com/questions/5-what-are-the-reasons-some-people-choose-to-be-part-time-workers-6-the-unemployment-4439227.htm',
          'https://www.transtutors.com/questions/7-explain-why-the-purchase-and-sale-of-used-goods-and-of-financial-assets-are-not-in-4439226.htm',
          'https://www.transtutors.com/questions/9-use-the-idea-of-the-circular-flow-diagram-to-explain-why-the-value-of-production-e-4439225.htm',
          'https://www.transtutors.com/questions/7-8-essay-nominal-and-real-values-1-explain-the-difference-between-a-nominal-value-a-4439224.htm',
          'https://www.transtutors.com/questions/31-assume-the-u-s-population-is-300-million-if-200-million-people-are-of-working-age-4439223.htm',
          'https://www.transtutors.com/questions/71-in-august-of-2013-the-number-of-employed-persons-in-the-united-states-was-144-2-m-4439222.htm',
          'https://www.transtutors.com/questions/61-from-the-table-above-which-gives-data-about-the-u-s-labor-market-in-1933-the-labo-4439221.htm',
          'https://www.transtutors.com/questions/51-the-fair-labor-standards-act-originally-set-the-minimum-wage-at-a-1-25-in-1983-b--4439220.htm',
          'https://www.transtutors.com/questions/6-if-a-nation-39-s-population-grows-at-2-percent-and-its-real-gdp-grows-at-4-percent-4439219.htm',
          'https://www.transtutors.com/questions/2-of-the-two-economic-growth-theories-which-is-the-most-optimistic-about-the-chances-4439218.htm',
          'https://www.transtutors.com/questions/9-4-achieving-faster-growth-1-at-its-most-basic-level-economic-growth-depends-on-a-c-4439217.htm',
          'https://www.transtutors.com/questions/10-over-the-last-decade-a-country-experiences-a-significant-increase-in-labor-produc-4439216.htm',
          'https://www.transtutors.com/questions/3-for-most-years-since-1980-the-natural-unemployment-rate-was-higher-in-canada-than--4439215.htm',
          'https://www.transtutors.com/questions/61-based-on-the-production-function-in-the-above-figure-which-of-the-following-is-an-4439214.htm',
          'https://www.transtutors.com/questions/9-9-essay-achieving-faster-growth-1-what-is-economic-freedom-and-why-is-it-important-4439213.htm',
          'https://www.transtutors.com/questions/9-explain-the-productivity-curve-and-how-the-components-interact-10-what-does-a-prod-4439212.htm',
          'https://www.transtutors.com/questions/4-define-the-production-function-discuss-why-the-production-function-exhibits-dimini-4439211.htm',
          'https://www.transtutors.com/questions/1-6-essay-definition-and-questions-1-what-is-the-relationship-between-wants-resource-4439210.htm',
          'https://www.transtutors.com/questions/111-cap-and-trade-refers-to-a-capping-emissions-and-issuing-tradeable-emissions-perm-4439209.htm',
          'https://www.transtutors.com/questions/10-must-a-rational-choice-always-work-out-well-in-other-words-is-it-possible-for-som-4439208.htm',
          'https://www.transtutors.com/questions/5-shaniq-can-spend-the-next-hour-studying-for-a-finance-test-hiking-along-the-oregon-4439207.htm',
          'https://www.transtutors.com/questions/5-what-are-the-differences-between-public-goods-and-private-goods-6-you-are-studying-4439206.htm',
          'https://www.transtutors.com/questions/6-how-does-the-principle-of-minimum-differentiation-relate-to-the-free-rider-problem-4439205.htm',
          'https://www.transtutors.com/questions/14-burning-coal-to-generate-electricity-can-create-pollution-if-the-market-for-gener-4439204.htm'],
 'project': ['trans'],
 'referring_link': ['https://www.transtutors.com/questions/economics/290/'],
 'spider': ['trans_links']}
2020-02-05 23:30:38 [scrapy.core.engine] DEBUG: Crawled (200) <GET https://www.transtutors.com/questions/economics/292/> (referer: https://www.google.com/) ['cached']
2020-02-05 23:30:38 [scrapy.core.scraper] DEBUG: Scraped from <200 https://www.transtutors.com/questions/economics/291/>
{'category': ['economy'],
 'date': [datetime.datetime(2020, 2, 5, 23, 30, 38, 730497)],
 'link': ['https://www.transtutors.com/questions/10-what-is-the-coase-theorem-what-conditions-need-to-be-present-for-this-theorem-to--4439203.htm',
          'https://www.transtutors.com/questions/9-why-does-government-provide-educational-opportunities-in-the-form-of-vouchers-priv-4439202.htm',
          'https://www.transtutors.com/questions/7-does-the-fact-that-diamonds-are-so-expensive-imply-that-the-demand-curve-for-diamo-4439200.htm',
          'https://www.transtutors.com/questions/3-does-the-fact-that-diamonds-which-we-do-not-need-to-survive-are-more-expensive-tha-4439199.htm',
          'https://www.transtutors.com/questions/4-are-the-short-run-average-total-cost-curve-and-the-long-run-average-cost-both-u-sh-4439198.htm',
          'https://www.transtutors.com/questions/5-how-do-we-calculate-average-fixed-cost-and-why-does-average-fixed-cost-fall-as-out-4439197.htm',
          'https://www.transtutors.com/questions/61-the-vertical-distance-between-the-total-cost-curve-and-the-total-variable-cost-cu-4439196.htm',
          'https://www.transtutors.com/questions/51-the-above-table-gives-some-production-and-cost-information-for-flaming-fernando-3-4439195.htm',
          'https://www.transtutors.com/questions/71-total-fixed-cost-is-the-cost-of-a-labor-b-production-c-a-firm-39-s-fixed-factors--4439194.htm',
          'https://www.transtutors.com/questions/5-a-monopoly-can-set-any-price-it-wants-so-why-does-it-still-produce-at-a-point-wher-4439193.htm',
          'https://www.transtutors.com/questions/5-why-are-water-companies-considered-a-natural-monopoly-6-quot-if-a-natural-monopoly-4439192.htm',
          'https://www.transtutors.com/questions/61-a-single-price-monopoly-has-marginal-cost-of-23-and-marginal-revenue-of-28-which--4439191.htm',
          'https://www.transtutors.com/questions/41-when-a-rent-seeking-equilibrium-is-reached-the-a-economic-profit-is-maximized-b-e-4439190.htm',
          'https://www.transtutors.com/questions/3-the-u-pick-berry-market-is-perfectly-competitive-suppose-that-all-u-pick-blueberry-4439189.htm',
          'https://www.transtutors.com/questions/51-in-the-long-run-firms-in-monopolistic-competition-produce-at-a-level-that-is-the--4439188.htm',
          'https://www.transtutors.com/questions/21-the-figure-above-shows-firm-x-the-firm-is-a-monopolistically-competitive-market-t-4439187.htm',
          'https://www.transtutors.com/questions/9-if-a-natural-monopoly-is-regulated-using-the-marginal-cost-pricing-rule-how-will-t-4439186.htm',
          'https://www.transtutors.com/questions/31-the-shiny-watch-company-a-manufacturer-of-expensive-watches-requires-all-of-its-r-4439185.htm',
          'https://www.transtutors.com/questions/4-opec-the-organization-of-petroleum-exporting-countries-was-formed-in-baghdad-in-19-4439184.htm',
          'https://www.transtutors.com/questions/61-in-monopolistic-competition-there-is-inefficiency-because-price-is-greater-than-m-4439183.htm',
          'https://www.transtutors.com/questions/31-a-firm-in-monopolistic-competition-is-similar-to-a-firm-in-perfect-competition-be-4439182.htm',
          'https://www.transtutors.com/questions/31-using-the-above-table-if-the-wage-rate-for-a-worker-in-a-baseball-bat-manufacturi-4439181.htm',
          'https://www.transtutors.com/questions/71-the-wage-paid-to-labor-is-a-a-factor-output-b-a-factor-price-c-a-factor-input-d-a-4439180.htm',
          'https://www.transtutors.com/questions/5-what-is-meant-by-the-term-quot-exclusive-dealing-quot-give-an-example-of-an-exclus-4439179.htm',
          'https://www.transtutors.com/questions/41-suppose-mongo-runs-a-glue-factory-in-knuckle-north-dakota-mongo-wants-to-fire-his-4439178.htm',
          'https://www.transtutors.com/questions/8-quot-in-order-for-charlie-trotter-39-s-an-upscale-restaurant-in-chicago-to-maximiz-4439177.htm',
          'https://www.transtutors.com/questions/9-describe-the-department-of-justice-39-s-claims-against-microsoft-10-what-are-the-m-4439176.htm',
          'https://www.transtutors.com/questions/21-for-a-duopoly-the-highest-price-is-charged-when-the-duopoly-achieves-a-the-compet-4439175.htm',
          'https://www.transtutors.com/questions/51-if-we-compare-the-value-of-marginal-product-of-labor-curve-and-the-demand-for-lab-4439174.htm',
          'https://www.transtutors.com/questions/6-what-factors-other-than-the-wage-rate-influence-the-demand-for-labor-how-is-demand-4439173.htm',
          'https://www.transtutors.com/questions/2-how-many-and-what-fraction-of-the-world-39-s-people-live-in-advanced-economies-in--4439172.htm',
          'https://www.transtutors.com/questions/6-at-any-wage-rate-the-quantity-of-welders-willing-to-work-is-less-than-the-quantity-4439171.htm',
          'https://www.transtutors.com/questions/5-what-is-meant-by-the-term-quot-human-capital-quot-6-what-effect-if-any-will-a-good-4439170.htm',
          'https://www.transtutors.com/questions/51-to-achieve-gains-from-trade-a-country-a-needs-to-have-an-absolute-advantage-in-th-4439169.htm',
          'https://www.transtutors.com/questions/2-what-are-three-programs-that-redistribute-income-in-the-united-states-by-making-di-4439168.htm',
          'https://www.transtutors.com/questions/61-quot-comparative-advantage-quot-is-defined-as-a-situation-in-which-one-person-can-4439167.htm',
          'https://www.transtutors.com/questions/9-what-is-the-difference-between-the-functional-and-the-personal-distribution-of-inc-4439166.htm',
          'https://www.transtutors.com/questions/81-both-the-demand-for-and-supply-of-cars-changes-in-france-you-observe-that-the-qua-4439165.htm',
          'https://www.transtutors.com/questions/71-the-above-figure-shows-the-market-for-pizza-the-market-is-in-equilibrium-when-new-4439164.htm',
          'https://www.transtutors.com/questions/11-the-above-figures-show-the-market-for-hd-televisions-if-research-is-published-sho-4439163.htm',
          'https://www.transtutors.com/questions/51-the-above-figure-illustrates-the-market-for-corn-if-point-quot-a-quot-represents--4439162.htm',
          'https://www.transtutors.com/questions/31-when-the-demand-curve-shifts-rightward-and-the-market-moves-to-a-new-equilibrium--4439161.htm',
          'https://www.transtutors.com/questions/5-how-are-the-cross-elasticity-of-demand-and-income-elasticity-of-demand-similar-and-4439160.htm',
          'https://www.transtutors.com/questions/91-along-a-linear-straight-line-downward-sloping-demand-curve-demand-is-unit-elastic-4439159.htm',
          'https://www.transtutors.com/questions/121-if-when-the-price-falls-total-revenue-increases-demand-is-a-elastic-b-inelastic--4439158.htm',
          'https://www.transtutors.com/questions/10-explain-why-the-number-of-substitutes-influences-the-price-elasticity-of-demand-1-4439157.htm',
          'https://www.transtutors.com/questions/81-in-the-figure-above-using-the-midpoint-method-the-price-elasticity-of-demand-when-4439156.htm',
          'https://www.transtutors.com/questions/101-if-a-2-percent-rise-in-price-leads-to-a-4-percent-decrease-in-quantity-demanded--4439155.htm',
          'https://www.transtutors.com/questions/31-the-quot-invisible-hand-quot-refers-to-the-notion-that-a-competitive-markets-send-4439154.htm',
          'https://www.transtutors.com/questions/6-12-essay-are-markets-fair-1-what-are-the-two-views-of-fairness-how-does-each-view--4439153.htm'],
 'project': ['trans'],
 'referring_link': ['https://www.transtutors.com/questions/economics/291/'],
 'spider': ['trans_links']}
2020-02-05 23:30:38 [scrapy.core.engine] DEBUG: Crawled (404) <GET https://www.transtutors.com/questions/economics/293/> (referer: https://www.google.com/) ['cached']
2020-02-05 23:30:38 [scrapy.core.scraper] DEBUG: Scraped from <200 https://www.transtutors.com/questions/economics/292/>
{'category': ['economy'],
 'date': [datetime.datetime(2020, 2, 5, 23, 30, 38, 894621)],
 'link': ['https://www.transtutors.com/questions/71-the-figure-above-shows-the-market-for-pants-if-the-government-subsidizes-the-prod-4439152.htm',
          'https://www.transtutors.com/questions/51-which-of-the-following-government-policies-ensures-market-efficiency-a-subsidy-b--4439151.htm',
          'https://www.transtutors.com/questions/3-what-is-producer-surplus-4-what-must-be-true-for-a-producer-to-obtain-a-producer-s-4439150.htm',
          'https://www.transtutors.com/questions/multiple-choice-1-in-2012-more-than-was-spent-to-educate-college-students--4439149.htm',
          'https://www.transtutors.com/questions/6-suppose-the-government-decides-to-tax-salt-the-demand-for-salt-is-inelastic-and-th-4439148.htm',
          'https://www.transtutors.com/questions/8-7-essay-income-tax-and-social-security-tax-1-quot-in-the-united-states-more-tax-re-4439147.htm',
          'https://www.transtutors.com/questions/21-if-a-rent-ceiling-is-set-the-equilibrium-price-the-effect-can-result-in-a-housing-4439146.htm',
          'https://www.transtutors.com/questions/41-suppose-the-elasticity-of-demand-for-a-product-is-0-and-elasticity-of-supply-is-1-4439145.htm',
          'https://www.transtutors.com/questions/5-why-are-sales-taxes-which-require-that-everyone-pay-the-same-percentage-tax-consid-4439144.htm',
          'https://www.transtutors.com/questions/8-8-essay-fairness-and-the-big-tradeoff-1-what-are-the-two-conflicting-principles-of-4439143.htm',
          'https://www.transtutors.com/questions/51-the-above-figure-shows-the-market-for-capital-with-the-tax-on-capital-income-the--4439142.htm',
          'https://www.transtutors.com/questions/31-the-figure-above-shows-the-market-for-tires-according-to-the-figure-the-governmen-4439141.htm',
          'https://www.transtutors.com/questions/120-what-is-an-effluent-fee-graphically-show-how-an-effluent-fee-can-correct-an-exte-4439140.htm',
          'https://www.transtutors.com/questions/9-8-essay-winners-losers-and-net-gains-from-trade-1-who-gains-from-imports-how-do-th-4439139.htm',
          'https://www.transtutors.com/questions/5-how-do-exports-affect-buyers-39-consumer-surplus-6-how-do-exports-affect-sellers-3-4439138.htm',
          'https://www.transtutors.com/questions/3-how-does-a-tariff-affect-the-domestic-price-of-the-import-the-domestic-consumption-4439137.htm',
          'https://www.transtutors.com/questions/51-the-supply-of-sand-is-perfectly-inelastic-and-the-demand-curve-for-sand-is-downwa-4439136.htm',
          'https://www.transtutors.com/questions/95-suppose-a-valley-periodically-floods-a-dam-can-be-built-in-the-river-that-would-p-4439135.htm',
          'https://www.transtutors.com/questions/5-explain-how-governments-restrict-international-trade-and-who-benefits-as-well-as-w-4439134.htm',
          'https://www.transtutors.com/questions/9-10-essay-the-case-against-protection-1-three-arguments-used-to-promote-trade-barri-4439133.htm',
          'https://www.transtutors.com/questions/61-a-fall-in-the-real-interest-rate-brings-a-a-movement-up-along-the-supply-of-loana-4439132.htm',
          'https://www.transtutors.com/questions/28-if-there-is-no-ricardo-barro-effect-a-government-budget-deficit-increases-a-priva-4439131.htm',
          'https://www.transtutors.com/questions/51-a-decrease-in-people-39-s-disposable-income-a-increases-saving-b-increases-consum-4439130.htm',
          'https://www.transtutors.com/questions/49-during-financial-crisis-of-2008-09-the-government-rescued-financial-firms-and-the-4439129.htm',
          'https://www.transtutors.com/questions/92-suppose-that-there-is-an-increase-in-disposable-income-and-simultaneously-an-incr-4439128.htm',
          'https://www.transtutors.com/questions/5-is-wealth-the-same-thing-as-income-6-define-wealth-what-is-the-relationship-betwee-4439127.htm',
          'https://www.transtutors.com/questions/111-during-the-2008-financial-crisis-banks-restricted-and-the-m2-money-multiplier--4439126.htm',
          'https://www.transtutors.com/questions/31-during-2013-a-country-39-s-total-purchases-of-newly-produced-capital-goods-are-1--4439125.htm',
          'https://www.transtutors.com/questions/11-who-regulates-the-quantity-of-money-circulating-in-the-economy-a-the-federal-rese-4439124.htm',
          'https://www.transtutors.com/questions/61-intel-39-s-capital-at-the-end-of-the-year-equals-intel-39-s-capital-at-the-beginn-4439123.htm',
          'https://www.transtutors.com/questions/5-what-is-the-fomc-who-are-the-members-of-the-fomc-what-policy-does-the-fomc-decide--4439122.htm',
          'https://www.transtutors.com/questions/5-according-to-the-crowding-out-effect-if-the-government-runs-a-budget-deficit-of-10-4439121.htm',
          'https://www.transtutors.com/questions/5-what-are-the-factors-that-change-saving-and-shift-the-supply-of-loanable-funds-cur-4439120.htm',
          'https://www.transtutors.com/questions/81-physical-currency-is-popular-than-e-cash-a-less-and-both-are-portable-and--4439119.htm',
          'https://www.transtutors.com/questions/51-a-certificate-of-ownership-and-claim-to-part-of-a-firm-39-s-profits-is-called-a-a-4439118.htm',
          'https://www.transtutors.com/questions/8-what-is-the-structure-of-the-federal-reserve-bank-system-9-briefly-describe-the-fe-4439117.htm',
          'https://www.transtutors.com/questions/41-open-market-operations-are-the-a-purchase-or-sale-of-government-securities-by-the-4439116.htm',
          'https://www.transtutors.com/questions/21-cisco-is-considering-opening-a-financial-institution-that-accepts-savings-deposit-4439115.htm',
          'https://www.transtutors.com/questions/51-suppose-the-fed-buys-1-million-of-government-securities-from-bank-one-a-large-com-4439114.htm',
          'https://www.transtutors.com/questions/101-an-increase-in-the-currency-drain-ratio-a-decreases-the-quantity-of-money-b-decr-4439113.htm',
          'https://www.transtutors.com/questions/5-what-is-fiat-money-6-quot-even-though-we-can-convert-them-into-money-deposits-at-b-4439112.htm',
          'https://www.transtutors.com/questions/91-suppose-the-fed-sells-100-of-government-securities-if-the-desired-reserve-ratio-i-4439111.htm',
          'https://www.transtutors.com/questions/8-quot-in-the-loanable-funds-market-when-there-is-a-shortage-of-funds-the-real-inter-4439110.htm',
          'https://www.transtutors.com/questions/61-the-minimum-percent-of-deposits-that-banks-must-hold-and-cannot-loan-is-determine-4439109.htm',
          'https://www.transtutors.com/questions/4-quot-banks-make-a-profit-by-paying-depositors-a-high-rate-to-attract-funds-and-mak-4439108.htm',
          'https://www.transtutors.com/questions/81-if-the-currency-drain-ratio-is-30-percent-and-the-desired-reserve-ratio-is-10-per-4439107.htm',
          'https://www.transtutors.com/questions/10-8-essay-government-in-loanable-funds-market-1-ignoring-the-ricardo-barro-effect-w-4439106.htm',
          'https://www.transtutors.com/questions/51-the-monetary-base-is-the-sum-of-a-federal-reserve-notes-and-banks-39-reserves-at--4439105.htm',
          'https://www.transtutors.com/questions/9-are-credit-cards-or-debit-cards-money-explain-your-answer-10-what-makes-up-m1-is-m-4439104.htm',
          'https://www.transtutors.com/questions/41-during-this-year-barbara-earned-60-000-as-a-financial-analyst-paid-taxes-of-5-000-4439103.htm'],
 'project': ['trans'],
 'referring_link': ['https://www.transtutors.com/questions/economics/292/'],
 'spider': ['trans_links']}
2020-02-05 23:30:39 [scrapy.spidermiddlewares.httperror] INFO: Ignoring response <404 https://www.transtutors.com/questions/economics/293/>: HTTP status code is not handled or not allowed
2020-02-05 23:30:39 [scrapy.core.engine] INFO: Closing spider (finished)
2020-02-05 23:30:39 [scrapy.statscollectors] INFO: Dumping Scrapy stats:
{'downloader/request_bytes': 105106,
 'downloader/request_count': 294,
 'downloader/request_method_count/GET': 294,
 'downloader/response_bytes': 6674411,
 'downloader/response_count': 294,
 'downloader/response_status_count/200': 293,
 'downloader/response_status_count/404': 1,
 'elapsed_time_seconds': 48.682667,
 'finish_reason': 'finished',
 'finish_time': datetime.datetime(2020, 2, 5, 20, 30, 39, 58889),
 'httpcache/hit': 294,
 'httperror/response_ignored_count': 1,
 'httperror/response_ignored_status_count/404': 1,
 'item_scraped_count': 293,
 'log_count/DEBUG': 588,
 'log_count/INFO': 11,
 'request_depth_max': 293,
 'response_received_count': 294,
 'scheduler/dequeued': 294,
 'scheduler/dequeued/memory': 294,
 'scheduler/enqueued': 294,
 'scheduler/enqueued/memory': 294,
 'start_time': datetime.datetime(2020, 2, 5, 20, 29, 50, 376222)}
2020-02-05 23:30:39 [scrapy.core.engine] INFO: Spider closed (finished)
